  Determining projects to restore...
C:\Program Files\dotnet\sdk\9.0.306\Sdks\Microsoft.NET.Sdk\targets\Microsoft.NET.EolTargetFrameworks.targets(32,5): warning NETSDK1138: The target framework 'net7.0' is out of support and will not receive security updates in the future. Please refer to https://aka.ms/dotnet-core-support for more information about the support policy. [C:\Users\cheat\source\repos\AiDotNet\.worktrees\fix-us-bf-032-expressiontree\testconsole\AiDotNetTestConsole.csproj::TargetFramework=net7.0]
C:\Program Files\dotnet\sdk\9.0.306\Sdks\Microsoft.NET.Sdk\targets\Microsoft.NET.EolTargetFrameworks.targets(32,5): warning NETSDK1138: The target framework 'net7.0' is out of support and will not receive security updates in the future. Please refer to https://aka.ms/dotnet-core-support for more information about the support policy. [C:\Users\cheat\source\repos\AiDotNet\.worktrees\fix-us-bf-032-expressiontree\AiDotNetBenchmarkTests\AiDotNetBenchmarkTests.csproj::TargetFramework=net7.0]
C:\Program Files\dotnet\sdk\9.0.306\Sdks\Microsoft.NET.Sdk\targets\Microsoft.NET.EolTargetFrameworks.targets(32,5): warning NETSDK1138: The target framework 'net6.0' is out of support and will not receive security updates in the future. Please refer to https://aka.ms/dotnet-core-support for more information about the support policy. [C:\Users\cheat\source\repos\AiDotNet\.worktrees\fix-us-bf-032-expressiontree\AiDotNetBenchmarkTests\AiDotNetBenchmarkTests.csproj::TargetFramework=net6.0]
C:\Program Files\dotnet\sdk\9.0.306\Sdks\Microsoft.NET.Sdk\targets\Microsoft.NET.EolTargetFrameworks.targets(32,5): warning NETSDK1138: The target framework 'net6.0' is out of support and will not receive security updates in the future. Please refer to https://aka.ms/dotnet-core-support for more information about the support policy. [C:\Users\cheat\source\repos\AiDotNet\.worktrees\fix-us-bf-032-expressiontree\testconsole\AiDotNetTestConsole.csproj::TargetFramework=net6.0]
  Restored C:\Users\cheat\source\repos\AiDotNet\.worktrees\fix-us-bf-032-expressiontree\testconsole\AiDotNetTestConsole.csproj (in 326 ms).
  Restored C:\Users\cheat\source\repos\AiDotNet\.worktrees\fix-us-bf-032-expressiontree\src\AiDotNet.csproj (in 326 ms).
  Restored C:\Users\cheat\source\repos\AiDotNet\.worktrees\fix-us-bf-032-expressiontree\AiDotNetBenchmarkTests\AiDotNetBenchmarkTests.csproj (in 461 ms).
  Restored C:\Users\cheat\source\repos\AiDotNet\.worktrees\fix-us-bf-032-expressiontree\tests\AiDotNetTests.csproj (in 520 ms).
  1 of 5 projects are up-to-date for restore.
C:\Program Files\dotnet\sdk\9.0.306\Sdks\Microsoft.NET.Sdk\targets\Microsoft.NET.EolTargetFrameworks.targets(32,5): warning NETSDK1138: The target framework 'net7.0' is out of support and will not receive security updates in the future. Please refer to https://aka.ms/dotnet-core-support for more information about the support policy. [C:\Users\cheat\source\repos\AiDotNet\.worktrees\fix-us-bf-032-expressiontree\testconsole\AiDotNetTestConsole.csproj::TargetFramework=net7.0]
C:\Program Files\dotnet\sdk\9.0.306\Sdks\Microsoft.NET.Sdk\targets\Microsoft.NET.EolTargetFrameworks.targets(32,5): warning NETSDK1138: The target framework 'net6.0' is out of support and will not receive security updates in the future. Please refer to https://aka.ms/dotnet-core-support for more information about the support policy. [C:\Users\cheat\source\repos\AiDotNet\.worktrees\fix-us-bf-032-expressiontree\testconsole\AiDotNetTestConsole.csproj::TargetFramework=net6.0]
C:\Users\cheat\.nuget\packages\system.collections.immutable\9.0.0\buildTransitive\netcoreapp2.0\System.Collections.Immutable.targets(4,5): warning : System.Collections.Immutable 9.0.0 doesn't support net7.0 and has not been tested with it. Consider upgrading your TargetFramework to net8.0 or later. You may also set <SuppressTfmSupportBuildWarnings>true</SuppressTfmSupportBuildWarnings> in the project file to ignore this warning and attempt to run in this unsupported configuration at your own risk. [C:\Users\cheat\source\repos\AiDotNet\.worktrees\fix-us-bf-032-expressiontree\AiDotNetBenchmarkTests\AiDotNetBenchmarkTests.csproj::TargetFramework=net7.0]
C:\Users\cheat\.nuget\packages\system.collections.immutable\9.0.0\buildTransitive\netcoreapp2.0\System.Collections.Immutable.targets(4,5): warning : System.Collections.Immutable 9.0.0 doesn't support net6.0 and has not been tested with it. Consider upgrading your TargetFramework to net8.0 or later. You may also set <SuppressTfmSupportBuildWarnings>true</SuppressTfmSupportBuildWarnings> in the project file to ignore this warning and attempt to run in this unsupported configuration at your own risk. [C:\Users\cheat\source\repos\AiDotNet\.worktrees\fix-us-bf-032-expressiontree\AiDotNetBenchmarkTests\AiDotNetBenchmarkTests.csproj::TargetFramework=net6.0]
C:\Users\cheat\.nuget\packages\system.reflection.metadata\9.0.0\buildTransitive\netcoreapp2.0\System.Reflection.Metadata.targets(4,5): warning : System.Reflection.Metadata 9.0.0 doesn't support net7.0 and has not been tested with it. Consider upgrading your TargetFramework to net8.0 or later. You may also set <SuppressTfmSupportBuildWarnings>true</SuppressTfmSupportBuildWarnings> in the project file to ignore this warning and attempt to run in this unsupported configuration at your own risk. [C:\Users\cheat\source\repos\AiDotNet\.worktrees\fix-us-bf-032-expressiontree\AiDotNetBenchmarkTests\AiDotNetBenchmarkTests.csproj::TargetFramework=net7.0]
C:\Users\cheat\.nuget\packages\system.codedom\9.0.5\buildTransitive\netcoreapp2.0\System.CodeDom.targets(4,5): warning : System.CodeDom 9.0.5 doesn't support net7.0 and has not been tested with it. Consider upgrading your TargetFramework to net8.0 or later. You may also set <SuppressTfmSupportBuildWarnings>true</SuppressTfmSupportBuildWarnings> in the project file to ignore this warning and attempt to run in this unsupported configuration at your own risk. [C:\Users\cheat\source\repos\AiDotNet\.worktrees\fix-us-bf-032-expressiontree\AiDotNetBenchmarkTests\AiDotNetBenchmarkTests.csproj::TargetFramework=net7.0]
C:\Users\cheat\.nuget\packages\system.reflection.metadata\9.0.0\buildTransitive\netcoreapp2.0\System.Reflection.Metadata.targets(4,5): warning : System.Reflection.Metadata 9.0.0 doesn't support net6.0 and has not been tested with it. Consider upgrading your TargetFramework to net8.0 or later. You may also set <SuppressTfmSupportBuildWarnings>true</SuppressTfmSupportBuildWarnings> in the project file to ignore this warning and attempt to run in this unsupported configuration at your own risk. [C:\Users\cheat\source\repos\AiDotNet\.worktrees\fix-us-bf-032-expressiontree\AiDotNetBenchmarkTests\AiDotNetBenchmarkTests.csproj::TargetFramework=net6.0]
C:\Users\cheat\.nuget\packages\system.management\9.0.5\buildTransitive\netcoreapp2.0\System.Management.targets(4,5): warning : System.Management 9.0.5 doesn't support net7.0 and has not been tested with it. Consider upgrading your TargetFramework to net8.0 or later. You may also set <SuppressTfmSupportBuildWarnings>true</SuppressTfmSupportBuildWarnings> in the project file to ignore this warning and attempt to run in this unsupported configuration at your own risk. [C:\Users\cheat\source\repos\AiDotNet\.worktrees\fix-us-bf-032-expressiontree\AiDotNetBenchmarkTests\AiDotNetBenchmarkTests.csproj::TargetFramework=net7.0]
C:\Users\cheat\.nuget\packages\system.codedom\9.0.5\buildTransitive\netcoreapp2.0\System.CodeDom.targets(4,5): warning : System.CodeDom 9.0.5 doesn't support net6.0 and has not been tested with it. Consider upgrading your TargetFramework to net8.0 or later. You may also set <SuppressTfmSupportBuildWarnings>true</SuppressTfmSupportBuildWarnings> in the project file to ignore this warning and attempt to run in this unsupported configuration at your own risk. [C:\Users\cheat\source\repos\AiDotNet\.worktrees\fix-us-bf-032-expressiontree\AiDotNetBenchmarkTests\AiDotNetBenchmarkTests.csproj::TargetFramework=net6.0]
C:\Users\cheat\.nuget\packages\system.management\9.0.5\buildTransitive\netcoreapp2.0\System.Management.targets(4,5): warning : System.Management 9.0.5 doesn't support net6.0 and has not been tested with it. Consider upgrading your TargetFramework to net8.0 or later. You may also set <SuppressTfmSupportBuildWarnings>true</SuppressTfmSupportBuildWarnings> in the project file to ignore this warning and attempt to run in this unsupported configuration at your own risk. [C:\Users\cheat\source\repos\AiDotNet\.worktrees\fix-us-bf-032-expressiontree\AiDotNetBenchmarkTests\AiDotNetBenchmarkTests.csproj::TargetFramework=net6.0]
C:\Program Files\dotnet\sdk\9.0.306\Sdks\Microsoft.NET.Sdk\targets\Microsoft.NET.EolTargetFrameworks.targets(32,5): warning NETSDK1138: The target framework 'net7.0' is out of support and will not receive security updates in the future. Please refer to https://aka.ms/dotnet-core-support for more information about the support policy. [C:\Users\cheat\source\repos\AiDotNet\.worktrees\fix-us-bf-032-expressiontree\AiDotNetBenchmarkTests\AiDotNetBenchmarkTests.csproj::TargetFramework=net7.0]
C:\Program Files\dotnet\sdk\9.0.306\Sdks\Microsoft.NET.Sdk\targets\Microsoft.NET.EolTargetFrameworks.targets(32,5): warning NETSDK1138: The target framework 'net6.0' is out of support and will not receive security updates in the future. Please refer to https://aka.ms/dotnet-core-support for more information about the support policy. [C:\Users\cheat\source\repos\AiDotNet\.worktrees\fix-us-bf-032-expressiontree\AiDotNetBenchmarkTests\AiDotNetBenchmarkTests.csproj::TargetFramework=net6.0]
C:\Users\cheat\source\repos\AiDotNet\.worktrees\fix-us-bf-032-expressiontree\AiDotNetBenchmarkTests\BenchmarkTests\ParallelLoopTests.cs(16,22): warning CS8618: Non-nullable property 'Array' must contain a non-null value when exiting constructor. Consider adding the 'required' modifier or declaring the property as nullable. [C:\Users\cheat\source\repos\AiDotNet\.worktrees\fix-us-bf-032-expressiontree\AiDotNetBenchmarkTests\AiDotNetBenchmarkTests.csproj::TargetFramework=net6.0]
C:\Users\cheat\source\repos\AiDotNet\.worktrees\fix-us-bf-032-expressiontree\AiDotNetBenchmarkTests\BenchmarkTests\ParallelLoopTests.cs(16,22): warning CS8618: Non-nullable property 'Array' must contain a non-null value when exiting constructor. Consider adding the 'required' modifier or declaring the property as nullable. [C:\Users\cheat\source\repos\AiDotNet\.worktrees\fix-us-bf-032-expressiontree\AiDotNetBenchmarkTests\AiDotNetBenchmarkTests.csproj::TargetFramework=net8.0]
C:\Users\cheat\source\repos\AiDotNet\.worktrees\fix-us-bf-032-expressiontree\AiDotNetBenchmarkTests\BenchmarkTests\ParallelLoopTests.cs(16,22): warning CS8618: Non-nullable property 'Array' must contain a non-null value when exiting constructor. Consider adding the 'required' modifier or declaring the property as nullable. [C:\Users\cheat\source\repos\AiDotNet\.worktrees\fix-us-bf-032-expressiontree\AiDotNetBenchmarkTests\AiDotNetBenchmarkTests.csproj::TargetFramework=net7.0]
  AiDotNetBenchmarkTests -> C:\Users\cheat\source\repos\AiDotNet\.worktrees\fix-us-bf-032-expressiontree\AiDotNetBenchmarkTests\bin\Debug\net8.0\AiDotNetBenchmarkTests.dll
  AiDotNetBenchmarkTests -> C:\Users\cheat\source\repos\AiDotNet\.worktrees\fix-us-bf-032-expressiontree\AiDotNetBenchmarkTests\bin\Debug\net6.0\AiDotNetBenchmarkTests.dll
  AiDotNetBenchmarkTests -> C:\Users\cheat\source\repos\AiDotNet\.worktrees\fix-us-bf-032-expressiontree\AiDotNetBenchmarkTests\bin\Debug\net7.0\AiDotNetBenchmarkTests.dll
C:\Users\cheat\source\repos\AiDotNet\.worktrees\fix-us-bf-032-expressiontree\AiDotNetBenchmarkTests\BenchmarkTests\ParallelLoopTests.cs(16,22): warning CS8618: Non-nullable property 'Array' must contain a non-null value when exiting constructor. Consider adding the 'required' modifier or declaring the property as nullable. [C:\Users\cheat\source\repos\AiDotNet\.worktrees\fix-us-bf-032-expressiontree\AiDotNetBenchmarkTests\AiDotNetBenchmarkTests.csproj::TargetFramework=net462]
  AiDotNetBenchmarkTests -> C:\Users\cheat\source\repos\AiDotNet\.worktrees\fix-us-bf-032-expressiontree\AiDotNetBenchmarkTests\bin\Debug\net462\AiDotNetBenchmarkTests.exe
C:\Users\cheat\source\repos\AiDotNet\.worktrees\fix-us-bf-032-expressiontree\src\Evaluation\DefaultModelEvaluator.cs(194,41): error CS1729: 'PredictionModelResult<T, TInput, TOutput>' does not contain a constructor that takes 3 arguments [C:\Users\cheat\source\repos\AiDotNet\.worktrees\fix-us-bf-032-expressiontree\src\AiDotNet.csproj::TargetFramework=net8.0]
C:\Users\cheat\source\repos\AiDotNet\.worktrees\fix-us-bf-032-expressiontree\src\AutoML\AutoMLModelBase.cs(371,23): error CS1061: 'IFullModel<T, TInput, TOutput>' does not contain a definition for 'LoadFromFile' and no accessible extension method 'LoadFromFile' accepting a first argument of type 'IFullModel<T, TInput, TOutput>' could be found (are you missing a using directive or an assembly reference?) [C:\Users\cheat\source\repos\AiDotNet\.worktrees\fix-us-bf-032-expressiontree\src\AiDotNet.csproj::TargetFramework=net8.0]
C:\Users\cheat\source\repos\AiDotNet\.worktrees\fix-us-bf-032-expressiontree\src\NeuralNetworks\VariationalAutoencoder.cs(144,39): error CS7036: There is no argument given that corresponds to the required parameter 'model' of 'AdamOptimizer<T, Tensor<T>, Tensor<T>>.AdamOptimizer(IFullModel<T, Tensor<T>, Tensor<T>>, AdamOptimizerOptions<T, Tensor<T>, Tensor<T>>?)' [C:\Users\cheat\source\repos\AiDotNet\.worktrees\fix-us-bf-032-expressiontree\src\AiDotNet.csproj::TargetFramework=net8.0]
C:\Users\cheat\source\repos\AiDotNet\.worktrees\fix-us-bf-032-expressiontree\src\Models\VectorModel.cs(119,12): error CS8618: Non-nullable field '_sensitiveFeatures' must contain a non-null value when exiting constructor. Consider adding the 'required' modifier or declaring the field as nullable. [C:\Users\cheat\source\repos\AiDotNet\.worktrees\fix-us-bf-032-expressiontree\src\AiDotNet.csproj::TargetFramework=net8.0]
C:\Users\cheat\source\repos\AiDotNet\.worktrees\fix-us-bf-032-expressiontree\src\PredictionModelBuilder.cs(237,20): error CS1729: 'PredictionModelResult<T, TInput, TOutput>' does not contain a constructor that takes 3 arguments [C:\Users\cheat\source\repos\AiDotNet\.worktrees\fix-us-bf-032-expressiontree\src\AiDotNet.csproj::TargetFramework=net8.0]
C:\Users\cheat\source\repos\AiDotNet\.worktrees\fix-us-bf-032-expressiontree\src\NeuralNetworks\VariationalAutoencoder.cs(772,130): error CS7036: There is no argument given that corresponds to the required parameter 'model' of 'AdamOptimizer<T, Tensor<T>, Tensor<T>>.AdamOptimizer(IFullModel<T, Tensor<T>, Tensor<T>>, AdamOptimizerOptions<T, Tensor<T>, Tensor<T>>?)' [C:\Users\cheat\source\repos\AiDotNet\.worktrees\fix-us-bf-032-expressiontree\src\AiDotNet.csproj::TargetFramework=net8.0]
C:\Users\cheat\source\repos\AiDotNet\.worktrees\fix-us-bf-032-expressiontree\src\NeuralNetworks\Transformer.cs(117,39): error CS7036: There is no argument given that corresponds to the required parameter 'model' of 'GradientDescentOptimizer<T, Tensor<T>, Tensor<T>>.GradientDescentOptimizer(IFullModel<T, Tensor<T>, Tensor<T>>, GradientDescentOptimizerOptions<T, Tensor<T>, Tensor<T>>?)' [C:\Users\cheat\source\repos\AiDotNet\.worktrees\fix-us-bf-032-expressiontree\src\AiDotNet.csproj::TargetFramework=net8.0]
C:\Users\cheat\source\repos\AiDotNet\.worktrees\fix-us-bf-032-expressiontree\src\Regression\SymbolicRegression.cs(326,77): error CS1503: Argument 1: cannot convert from 'AiDotNet.Models.Options.GeneticAlgorithmOptimizerOptions<T, AiDotNet.LinearAlgebra.Matrix<T>, AiDotNet.LinearAlgebra.Vector<T>>' to 'AiDotNet.Interfaces.IFullModel<T, AiDotNet.LinearAlgebra.Matrix<T>, AiDotNet.LinearAlgebra.Vector<T>>' [C:\Users\cheat\source\repos\AiDotNet\.worktrees\fix-us-bf-032-expressiontree\src\AiDotNet.csproj::TargetFramework=net8.0]
C:\Users\cheat\source\repos\AiDotNet\.worktrees\fix-us-bf-032-expressiontree\src\Models\VectorModel.cs(1085,47): error CS0411: The type arguments for method 'InterpretableModelHelper.GetGlobalFeatureImportanceAsync<T>(IInterpretableModel<T>, HashSet<InterpretationMethod>)' cannot be inferred from the usage. Try specifying the type arguments explicitly. [C:\Users\cheat\source\repos\AiDotNet\.worktrees\fix-us-bf-032-expressiontree\src\AiDotNet.csproj::TargetFramework=net8.0]
C:\Users\cheat\source\repos\AiDotNet\.worktrees\fix-us-bf-032-expressiontree\src\Models\VectorModel.cs(1093,47): error CS0411: The type arguments for method 'InterpretableModelHelper.GetLocalFeatureImportanceAsync<T>(IInterpretableModel<T>, HashSet<InterpretationMethod>, Tensor<T>)' cannot be inferred from the usage. Try specifying the type arguments explicitly. [C:\Users\cheat\source\repos\AiDotNet\.worktrees\fix-us-bf-032-expressiontree\src\AiDotNet.csproj::TargetFramework=net8.0]
C:\Users\cheat\source\repos\AiDotNet\.worktrees\fix-us-bf-032-expressiontree\src\Models\VectorModel.cs(1101,47): error CS7036: There is no argument given that corresponds to the required parameter 'inputs' of 'InterpretableModelHelper.GetShapValuesAsync<T>(IInterpretableModel<T>, HashSet<InterpretationMethod>, Tensor<T>)' [C:\Users\cheat\source\repos\AiDotNet\.worktrees\fix-us-bf-032-expressiontree\src\AiDotNet.csproj::TargetFramework=net8.0]
C:\Users\cheat\source\repos\AiDotNet\.worktrees\fix-us-bf-032-expressiontree\src\Models\VectorModel.cs(1109,47): error CS7036: There is no argument given that corresponds to the required parameter 'input' of 'InterpretableModelHelper.GetLimeExplanationAsync<T>(IInterpretableModel<T>, HashSet<InterpretationMethod>, Tensor<T>, int)' [C:\Users\cheat\source\repos\AiDotNet\.worktrees\fix-us-bf-032-expressiontree\src\AiDotNet.csproj::TargetFramework=net8.0]
C:\Users\cheat\source\repos\AiDotNet\.worktrees\fix-us-bf-032-expressiontree\src\Models\VectorModel.cs(1117,76): error CS1503: Argument 1: cannot convert from 'System.Collections.Generic.HashSet<AiDotNet.Interpretability.InterpretationMethod>' to 'AiDotNet.Interfaces.IInterpretableModel<T>' [C:\Users\cheat\source\repos\AiDotNet\.worktrees\fix-us-bf-032-expressiontree\src\AiDotNet.csproj::TargetFramework=net8.0]
C:\Users\cheat\source\repos\AiDotNet\.worktrees\fix-us-bf-032-expressiontree\src\Models\VectorModel.cs(1117,93): error CS1503: Argument 2: cannot convert from 'AiDotNet.LinearAlgebra.Vector<int>' to 'System.Collections.Generic.HashSet<AiDotNet.Interpretability.InterpretationMethod>' [C:\Users\cheat\source\repos\AiDotNet\.worktrees\fix-us-bf-032-expressiontree\src\AiDotNet.csproj::TargetFramework=net8.0]
C:\Users\cheat\source\repos\AiDotNet\.worktrees\fix-us-bf-032-expressiontree\src\Models\VectorModel.cs(1117,109): error CS1503: Argument 3: cannot convert from 'int' to 'AiDotNet.LinearAlgebra.Vector<int>' [C:\Users\cheat\source\repos\AiDotNet\.worktrees\fix-us-bf-032-expressiontree\src\AiDotNet.csproj::TargetFramework=net8.0]
C:\Users\cheat\source\repos\AiDotNet\.worktrees\fix-us-bf-032-expressiontree\src\Models\VectorModel.cs(1125,47): error CS7036: There is no argument given that corresponds to the required parameter 'input' of 'InterpretableModelHelper.GetCounterfactualAsync<T>(IInterpretableModel<T>, HashSet<InterpretationMethod>, Tensor<T>, Tensor<T>, int)' [C:\Users\cheat\source\repos\AiDotNet\.worktrees\fix-us-bf-032-expressiontree\src\AiDotNet.csproj::TargetFramework=net8.0]
C:\Users\cheat\source\repos\AiDotNet\.worktrees\fix-us-bf-032-expressiontree\src\Models\VectorModel.cs(1133,47): error CS0411: The type arguments for method 'InterpretableModelHelper.GetModelSpecificInterpretabilityAsync<T>(IInterpretableModel<T>)' cannot be inferred from the usage. Try specifying the type arguments explicitly. [C:\Users\cheat\source\repos\AiDotNet\.worktrees\fix-us-bf-032-expressiontree\src\AiDotNet.csproj::TargetFramework=net8.0]
C:\Users\cheat\source\repos\AiDotNet\.worktrees\fix-us-bf-032-expressiontree\src\NeuralNetworks\Transformer.cs(475,130): error CS7036: There is no argument given that corresponds to the required parameter 'model' of 'GradientDescentOptimizer<T, Tensor<T>, Tensor<T>>.GradientDescentOptimizer(IFullModel<T, Tensor<T>, Tensor<T>>, GradientDescentOptimizerOptions<T, Tensor<T>, Tensor<T>>?)' [C:\Users\cheat\source\repos\AiDotNet\.worktrees\fix-us-bf-032-expressiontree\src\AiDotNet.csproj::TargetFramework=net8.0]
C:\Users\cheat\source\repos\AiDotNet\.worktrees\fix-us-bf-032-expressiontree\src\Models\VectorModel.cs(1141,47): error CS0411: The type arguments for method 'InterpretableModelHelper.GenerateTextExplanationAsync<T>(IInterpretableModel<T>, Tensor<T>, Tensor<T>)' cannot be inferred from the usage. Try specifying the type arguments explicitly. [C:\Users\cheat\source\repos\AiDotNet\.worktrees\fix-us-bf-032-expressiontree\src\AiDotNet.csproj::TargetFramework=net8.0]
C:\Users\cheat\source\repos\AiDotNet\.worktrees\fix-us-bf-032-expressiontree\src\Models\VectorModel.cs(1165,47): error CS7036: There is no argument given that corresponds to the required parameter 'input' of 'InterpretableModelHelper.GetAnchorExplanationAsync<T>(IInterpretableModel<T>, HashSet<InterpretationMethod>, Tensor<T>, T)' [C:\Users\cheat\source\repos\AiDotNet\.worktrees\fix-us-bf-032-expressiontree\src\AiDotNet.csproj::TargetFramework=net8.0]
C:\Users\cheat\source\repos\AiDotNet\.worktrees\fix-us-bf-032-expressiontree\src\Models\Results\PredictionModelResult.cs(199,31): error CS1061: 'IFullModel<T, TInput, TOutput>' does not contain a definition for 'GetModelMetadata' and no accessible extension method 'GetModelMetadata' accepting a first argument of type 'IFullModel<T, TInput, TOutput>' could be found (are you missing a using directive or an assembly reference?) [C:\Users\cheat\source\repos\AiDotNet\.worktrees\fix-us-bf-032-expressiontree\src\AiDotNet.csproj::TargetFramework=net8.0]
C:\Users\cheat\source\repos\AiDotNet\.worktrees\fix-us-bf-032-expressiontree\src\Models\Results\PredictionModelResult.cs(342,13): error CS0103: The name 'JsonConverterRegistry' does not exist in the current context [C:\Users\cheat\source\repos\AiDotNet\.worktrees\fix-us-bf-032-expressiontree\src\AiDotNet.csproj::TargetFramework=net8.0]
C:\Users\cheat\source\repos\AiDotNet\.worktrees\fix-us-bf-032-expressiontree\src\Models\Results\PredictionModelResult.cs(352,33): error CS0103: The name 'JsonConverterRegistry' does not exist in the current context [C:\Users\cheat\source\repos\AiDotNet\.worktrees\fix-us-bf-032-expressiontree\src\AiDotNet.csproj::TargetFramework=net8.0]
C:\Users\cheat\source\repos\AiDotNet\.worktrees\fix-us-bf-032-expressiontree\src\Models\Results\PredictionModelResult.cs(355,42): error CS0103: The name 'JsonConverterRegistry' does not exist in the current context [C:\Users\cheat\source\repos\AiDotNet\.worktrees\fix-us-bf-032-expressiontree\src\AiDotNet.csproj::TargetFramework=net8.0]
C:\Users\cheat\source\repos\AiDotNet\.worktrees\fix-us-bf-032-expressiontree\src\Models\Results\PredictionModelResult.cs(409,13): error CS0103: The name 'JsonConverterRegistry' does not exist in the current context [C:\Users\cheat\source\repos\AiDotNet\.worktrees\fix-us-bf-032-expressiontree\src\AiDotNet.csproj::TargetFramework=net8.0]
C:\Users\cheat\source\repos\AiDotNet\.worktrees\fix-us-bf-032-expressiontree\src\Models\Results\PredictionModelResult.cs(420,33): error CS0103: The name 'JsonConverterRegistry' does not exist in the current context [C:\Users\cheat\source\repos\AiDotNet\.worktrees\fix-us-bf-032-expressiontree\src\AiDotNet.csproj::TargetFramework=net8.0]
C:\Users\cheat\source\repos\AiDotNet\.worktrees\fix-us-bf-032-expressiontree\src\Models\Results\PredictionModelResult.cs(423,42): error CS0103: The name 'JsonConverterRegistry' does not exist in the current context [C:\Users\cheat\source\repos\AiDotNet\.worktrees\fix-us-bf-032-expressiontree\src\AiDotNet.csproj::TargetFramework=net8.0]
C:\Users\cheat\source\repos\AiDotNet\.worktrees\fix-us-bf-032-expressiontree\src\LinearAlgebra\ExpressionTree.cs(332,13): error CS8602: Dereference of a possibly null reference. [C:\Users\cheat\source\repos\AiDotNet\.worktrees\fix-us-bf-032-expressiontree\src\AiDotNet.csproj::TargetFramework=net8.0]
C:\Users\cheat\source\repos\AiDotNet\.worktrees\fix-us-bf-032-expressiontree\src\LinearAlgebra\ExpressionTree.cs(390,13): error CS8602: Dereference of a possibly null reference. [C:\Users\cheat\source\repos\AiDotNet\.worktrees\fix-us-bf-032-expressiontree\src\AiDotNet.csproj::TargetFramework=net8.0]
C:\Users\cheat\source\repos\AiDotNet\.worktrees\fix-us-bf-032-expressiontree\src\LinearAlgebra\ExpressionTree.cs(431,30): error CS8602: Dereference of a possibly null reference. [C:\Users\cheat\source\repos\AiDotNet\.worktrees\fix-us-bf-032-expressiontree\src\AiDotNet.csproj::TargetFramework=net8.0]
C:\Users\cheat\source\repos\AiDotNet\.worktrees\fix-us-bf-032-expressiontree\src\LinearAlgebra\ExpressionTree.cs(433,17): error CS8602: Dereference of a possibly null reference. [C:\Users\cheat\source\repos\AiDotNet\.worktrees\fix-us-bf-032-expressiontree\src\AiDotNet.csproj::TargetFramework=net8.0]
C:\Users\cheat\source\repos\AiDotNet\.worktrees\fix-us-bf-032-expressiontree\src\LinearAlgebra\ExpressionTree.cs(469,18): error CS8602: Dereference of a possibly null reference. [C:\Users\cheat\source\repos\AiDotNet\.worktrees\fix-us-bf-032-expressiontree\src\AiDotNet.csproj::TargetFramework=net8.0]
C:\Users\cheat\source\repos\AiDotNet\.worktrees\fix-us-bf-032-expressiontree\src\LinearAlgebra\ExpressionTree.cs(497,13): error CS8602: Dereference of a possibly null reference. [C:\Users\cheat\source\repos\AiDotNet\.worktrees\fix-us-bf-032-expressiontree\src\AiDotNet.csproj::TargetFramework=net8.0]
C:\Users\cheat\source\repos\AiDotNet\.worktrees\fix-us-bf-032-expressiontree\src\Optimizers\ParticleSwarmOptimizer.cs(162,21): error CS0103: The name '_fitnessCalculator' does not exist in the current context [C:\Users\cheat\source\repos\AiDotNet\.worktrees\fix-us-bf-032-expressiontree\src\AiDotNet.csproj::TargetFramework=net8.0]
C:\Users\cheat\source\repos\AiDotNet\.worktrees\fix-us-bf-032-expressiontree\src\Optimizers\ParticleSwarmOptimizer.cs(175,21): error CS0103: The name '_fitnessCalculator' does not exist in the current context [C:\Users\cheat\source\repos\AiDotNet\.worktrees\fix-us-bf-032-expressiontree\src\AiDotNet.csproj::TargetFramework=net8.0]
C:\Users\cheat\source\repos\AiDotNet\.worktrees\fix-us-bf-032-expressiontree\src\Optimizers\OptimizerBase.cs(319,38): error CS1061: 'IModelCache<T, TInput, TOutput>' does not contain a definition for 'GenerateCacheKey' and no accessible extension method 'GenerateCacheKey' accepting a first argument of type 'IModelCache<T, TInput, TOutput>' could be found (are you missing a using directive or an assembly reference?) [C:\Users\cheat\source\repos\AiDotNet\.worktrees\fix-us-bf-032-expressiontree\src\AiDotNet.csproj::TargetFramework=net8.0]
C:\Users\cheat\source\repos\AiDotNet\.worktrees\fix-us-bf-032-expressiontree\src\Optimizers\OptimizerBase.cs(358,38): error CS1061: 'IModelCache<T, TInput, TOutput>' does not contain a definition for 'GenerateCacheKey' and no accessible extension method 'GenerateCacheKey' accepting a first argument of type 'IModelCache<T, TInput, TOutput>' could be found (are you missing a using directive or an assembly reference?) [C:\Users\cheat\source\repos\AiDotNet\.worktrees\fix-us-bf-032-expressiontree\src\AiDotNet.csproj::TargetFramework=net8.0]
C:\Users\cheat\source\repos\AiDotNet\.worktrees\fix-us-bf-032-expressiontree\src\Optimizers\OptimizerBase.cs(478,47): error CS1061: 'IFullModel<T, TInput, TOutput>' does not contain a definition for 'GetModelMetadata' and no accessible extension method 'GetModelMetadata' accepting a first argument of type 'IFullModel<T, TInput, TOutput>' could be found (are you missing a using directive or an assembly reference?) [C:\Users\cheat\source\repos\AiDotNet\.worktrees\fix-us-bf-032-expressiontree\src\AiDotNet.csproj::TargetFramework=net8.0]
C:\Users\cheat\source\repos\AiDotNet\.worktrees\fix-us-bf-032-expressiontree\src\Optimizers\OptimizerBase.cs(484,17): error CS1729: 'OptimizationResult<T, TInput, TOutput>.DatasetResult' does not contain a constructor that takes 1 arguments [C:\Users\cheat\source\repos\AiDotNet\.worktrees\fix-us-bf-032-expressiontree\src\AiDotNet.csproj::TargetFramework=net8.0]
C:\Users\cheat\source\repos\AiDotNet\.worktrees\fix-us-bf-032-expressiontree\src\Optimizers\OptimizerBase.cs(494,17): error CS1729: 'OptimizationResult<T, TInput, TOutput>.DatasetResult' does not contain a constructor that takes 1 arguments [C:\Users\cheat\source\repos\AiDotNet\.worktrees\fix-us-bf-032-expressiontree\src\AiDotNet.csproj::TargetFramework=net8.0]
C:\Users\cheat\source\repos\AiDotNet\.worktrees\fix-us-bf-032-expressiontree\src\Optimizers\OptimizerBase.cs(504,17): error CS1729: 'OptimizationResult<T, TInput, TOutput>.DatasetResult' does not contain a constructor that takes 1 arguments [C:\Users\cheat\source\repos\AiDotNet\.worktrees\fix-us-bf-032-expressiontree\src\AiDotNet.csproj::TargetFramework=net8.0]
C:\Users\cheat\source\repos\AiDotNet\.worktrees\fix-us-bf-032-expressiontree\src\Optimizers\OptimizerBase.cs(569,25): error CS1061: 'OptimizationAlgorithmOptions<T, TInput, TOutput>' does not contain a definition for 'OptimizationMode' and no accessible extension method 'OptimizationMode' accepting a first argument of type 'OptimizationAlgorithmOptions<T, TInput, TOutput>' could be found (are you missing a using directive or an assembly reference?) [C:\Users\cheat\source\repos\AiDotNet\.worktrees\fix-us-bf-032-expressiontree\src\AiDotNet.csproj::TargetFramework=net8.0]
C:\Users\cheat\source\repos\AiDotNet\.worktrees\fix-us-bf-032-expressiontree\src\Optimizers\OptimizerBase.cs(571,18): error CS0103: The name 'OptimizationMode' does not exist in the current context [C:\Users\cheat\source\repos\AiDotNet\.worktrees\fix-us-bf-032-expressiontree\src\AiDotNet.csproj::TargetFramework=net8.0]
C:\Users\cheat\source\repos\AiDotNet\.worktrees\fix-us-bf-032-expressiontree\src\Optimizers\OptimizerBase.cs(575,18): error CS0103: The name 'OptimizationMode' does not exist in the current context [C:\Users\cheat\source\repos\AiDotNet\.worktrees\fix-us-bf-032-expressiontree\src\AiDotNet.csproj::TargetFramework=net8.0]
C:\Users\cheat\source\repos\AiDotNet\.worktrees\fix-us-bf-032-expressiontree\src\Optimizers\OptimizerBase.cs(578,29): error CS1061: 'OptimizationAlgorithmOptions<T, TInput, TOutput>' does not contain a definition for 'ParameterAdjustmentScale' and no accessible extension method 'ParameterAdjustmentScale' accepting a first argument of type 'OptimizationAlgorithmOptions<T, TInput, TOutput>' could be found (are you missing a using directive or an assembly reference?) [C:\Users\cheat\source\repos\AiDotNet\.worktrees\fix-us-bf-032-expressiontree\src\AiDotNet.csproj::TargetFramework=net8.0]
C:\Users\cheat\source\repos\AiDotNet\.worktrees\fix-us-bf-032-expressiontree\src\Optimizers\OptimizerBase.cs(579,29): error CS1061: 'OptimizationAlgorithmOptions<T, TInput, TOutput>' does not contain a definition for 'SignFlipProbability' and no accessible extension method 'SignFlipProbability' accepting a first argument of type 'OptimizationAlgorithmOptions<T, TInput, TOutput>' could be found (are you missing a using directive or an assembly reference?) [C:\Users\cheat\source\repos\AiDotNet\.worktrees\fix-us-bf-032-expressiontree\src\AiDotNet.csproj::TargetFramework=net8.0]
C:\Users\cheat\source\repos\AiDotNet\.worktrees\fix-us-bf-032-expressiontree\src\Optimizers\OptimizerBase.cs(582,18): error CS0103: The name 'OptimizationMode' does not exist in the current context [C:\Users\cheat\source\repos\AiDotNet\.worktrees\fix-us-bf-032-expressiontree\src\AiDotNet.csproj::TargetFramework=net8.0]
C:\Users\cheat\source\repos\AiDotNet\.worktrees\fix-us-bf-032-expressiontree\src\Optimizers\OptimizerBase.cs(585,51): error CS1061: 'OptimizationAlgorithmOptions<T, TInput, TOutput>' does not contain a definition for 'FeatureSelectionProbability' and no accessible extension method 'FeatureSelectionProbability' accepting a first argument of type 'OptimizationAlgorithmOptions<T, TInput, TOutput>' could be found (are you missing a using directive or an assembly reference?) [C:\Users\cheat\source\repos\AiDotNet\.worktrees\fix-us-bf-032-expressiontree\src\AiDotNet.csproj::TargetFramework=net8.0]
C:\Users\cheat\source\repos\AiDotNet\.worktrees\fix-us-bf-032-expressiontree\src\Optimizers\OptimizerBase.cs(590,51): error CS1061: 'OptimizationAlgorithmOptions<T, TInput, TOutput>' does not contain a definition for 'ParameterAdjustmentProbability' and no accessible extension method 'ParameterAdjustmentProbability' accepting a first argument of type 'OptimizationAlgorithmOptions<T, TInput, TOutput>' could be found (are you missing a using directive or an assembly reference?) [C:\Users\cheat\source\repos\AiDotNet\.worktrees\fix-us-bf-032-expressiontree\src\AiDotNet.csproj::TargetFramework=net8.0]
C:\Users\cheat\source\repos\AiDotNet\.worktrees\fix-us-bf-032-expressiontree\src\Optimizers\OptimizerBase.cs(594,33): error CS1061: 'OptimizationAlgorithmOptions<T, TInput, TOutput>' does not contain a definition for 'ParameterAdjustmentScale' and no accessible extension method 'ParameterAdjustmentScale' accepting a first argument of type 'OptimizationAlgorithmOptions<T, TInput, TOutput>' could be found (are you missing a using directive or an assembly reference?) [C:\Users\cheat\source\repos\AiDotNet\.worktrees\fix-us-bf-032-expressiontree\src\AiDotNet.csproj::TargetFramework=net8.0]
C:\Users\cheat\source\repos\AiDotNet\.worktrees\fix-us-bf-032-expressiontree\src\Optimizers\OptimizerBase.cs(595,33): error CS1061: 'OptimizationAlgorithmOptions<T, TInput, TOutput>' does not contain a definition for 'SignFlipProbability' and no accessible extension method 'SignFlipProbability' accepting a first argument of type 'OptimizationAlgorithmOptions<T, TInput, TOutput>' could be found (are you missing a using directive or an assembly reference?) [C:\Users\cheat\source\repos\AiDotNet\.worktrees\fix-us-bf-032-expressiontree\src\AiDotNet.csproj::TargetFramework=net8.0]
C:\Users\cheat\source\repos\AiDotNet\.worktrees\fix-us-bf-032-expressiontree\src\Optimizers\BayesianOptimizer.cs(56,11): error CS7036: There is no argument given that corresponds to the required parameter 'options' of 'OptimizerBase<T, TInput, TOutput>.OptimizerBase(IFullModel<T, TInput, TOutput>, OptimizationAlgorithmOptions<T, TInput, TOutput>)' [C:\Users\cheat\source\repos\AiDotNet\.worktrees\fix-us-bf-032-expressiontree\src\AiDotNet.csproj::TargetFramework=net8.0]
C:\Users\cheat\source\repos\AiDotNet\.worktrees\fix-us-bf-032-expressiontree\src\Optimizers\BayesianOptimizer.cs(61,87): error CS1061: 'BayesianOptimizerOptions<T, TInput, TOutput>' does not contain a definition for 'KernelFunction' and no accessible extension method 'KernelFunction' accepting a first argument of type 'BayesianOptimizerOptions<T, TInput, TOutput>' could be found (are you missing a using directive or an assembly reference?) [C:\Users\cheat\source\repos\AiDotNet\.worktrees\fix-us-bf-032-expressiontree\src\AiDotNet.csproj::TargetFramework=net8.0]
C:\Users\cheat\source\repos\AiDotNet\.worktrees\fix-us-bf-032-expressiontree\src\Optimizers\BFGSOptimizer.cs(64,11): error CS7036: There is no argument given that corresponds to the required parameter 'options' of 'GradientBasedOptimizerBase<T, TInput, TOutput>.GradientBasedOptimizerBase(IFullModel<T, TInput, TOutput>, GradientBasedOptimizerOptions<T, TInput, TOutput>)' [C:\Users\cheat\source\repos\AiDotNet\.worktrees\fix-us-bf-032-expressiontree\src\AiDotNet.csproj::TargetFramework=net8.0]
C:\Users\cheat\source\repos\AiDotNet\.worktrees\fix-us-bf-032-expressiontree\src\Optimizers\BayesianOptimizer.cs(272,52): error CS1061: 'BayesianOptimizerOptions<T, TInput, TOutput>' does not contain a definition for 'KernelFunction' and no accessible extension method 'KernelFunction' accepting a first argument of type 'BayesianOptimizerOptions<T, TInput, TOutput>' could be found (are you missing a using directive or an assembly reference?) [C:\Users\cheat\source\repos\AiDotNet\.worktrees\fix-us-bf-032-expressiontree\src\AiDotNet.csproj::TargetFramework=net8.0]
C:\Users\cheat\source\repos\AiDotNet\.worktrees\fix-us-bf-032-expressiontree\src\Optimizers\NormalOptimizer.cs(42,5): error CS7036: There is no argument given that corresponds to the required parameter 'options' of 'OptimizerBase<T, TInput, TOutput>.OptimizerBase(IFullModel<T, TInput, TOutput>, OptimizationAlgorithmOptions<T, TInput, TOutput>)' [C:\Users\cheat\source\repos\AiDotNet\.worktrees\fix-us-bf-032-expressiontree\src\AiDotNet.csproj::TargetFramework=net8.0]
C:\Users\cheat\source\repos\AiDotNet\.worktrees\fix-us-bf-032-expressiontree\src\Optimizers\BayesianOptimizer.cs(378,72): error CS1061: 'BayesianOptimizerOptions<T, TInput, TOutput>' does not contain a definition for 'KernelFunction' and no accessible extension method 'KernelFunction' accepting a first argument of type 'BayesianOptimizerOptions<T, TInput, TOutput>' could be found (are you missing a using directive or an assembly reference?) [C:\Users\cheat\source\repos\AiDotNet\.worktrees\fix-us-bf-032-expressiontree\src\AiDotNet.csproj::TargetFramework=net8.0]
C:\Users\cheat\source\repos\AiDotNet\.worktrees\fix-us-bf-032-expressiontree\src\Models\Options\MultilayerPerceptronRegressionOptions.cs(433,107): error CS1503: Argument 1: cannot convert from 'AiDotNet.Models.Options.AdamOptimizerOptions<T, TInput, TOutput>' to 'AiDotNet.Interfaces.IFullModel<T, TInput, TOutput>' [C:\Users\cheat\source\repos\AiDotNet\.worktrees\fix-us-bf-032-expressiontree\src\AiDotNet.csproj::TargetFramework=net8.0]
C:\Users\cheat\source\repos\AiDotNet\.worktrees\fix-us-bf-032-expressiontree\src\Optimizers\NewtonMethodOptimizer.cs(48,11): error CS7036: There is no argument given that corresponds to the required parameter 'options' of 'GradientBasedOptimizerBase<T, TInput, TOutput>.GradientBasedOptimizerBase(IFullModel<T, TInput, TOutput>, GradientBasedOptimizerOptions<T, TInput, TOutput>)' [C:\Users\cheat\source\repos\AiDotNet\.worktrees\fix-us-bf-032-expressiontree\src\AiDotNet.csproj::TargetFramework=net8.0]
C:\Users\cheat\source\repos\AiDotNet\.worktrees\fix-us-bf-032-expressiontree\src\Optimizers\NelderMeadOptimizer.cs(75,11): error CS7036: There is no argument given that corresponds to the required parameter 'options' of 'OptimizerBase<T, TInput, TOutput>.OptimizerBase(IFullModel<T, TInput, TOutput>, OptimizationAlgorithmOptions<T, TInput, TOutput>)' [C:\Users\cheat\source\repos\AiDotNet\.worktrees\fix-us-bf-032-expressiontree\src\AiDotNet.csproj::TargetFramework=net8.0]
C:\Users\cheat\source\repos\AiDotNet\.worktrees\fix-us-bf-032-expressiontree\src\Optimizers\CMAESOptimizer.cs(74,11): error CS7036: There is no argument given that corresponds to the required parameter 'options' of 'OptimizerBase<T, TInput, TOutput>.OptimizerBase(IFullModel<T, TInput, TOutput>, OptimizationAlgorithmOptions<T, TInput, TOutput>)' [C:\Users\cheat\source\repos\AiDotNet\.worktrees\fix-us-bf-032-expressiontree\src\AiDotNet.csproj::TargetFramework=net8.0]
C:\Users\cheat\source\repos\AiDotNet\.worktrees\fix-us-bf-032-expressiontree\src\NeuralNetworks\FeedForwardNeuralNetwork.cs(76,39): error CS7036: There is no argument given that corresponds to the required parameter 'model' of 'AdamOptimizer<T, Tensor<T>, Tensor<T>>.AdamOptimizer(IFullModel<T, Tensor<T>, Tensor<T>>, AdamOptimizerOptions<T, Tensor<T>, Tensor<T>>?)' [C:\Users\cheat\source\repos\AiDotNet\.worktrees\fix-us-bf-032-expressiontree\src\AiDotNet.csproj::TargetFramework=net8.0]
C:\Users\cheat\source\repos\AiDotNet\.worktrees\fix-us-bf-032-expressiontree\src\NeuralNetworks\LiquidStateMachine.cs(449,29): error CS7036: There is no argument given that corresponds to the required parameter 'model' of 'GradientDescentOptimizer<T, Tensor<T>, Tensor<T>>.GradientDescentOptimizer(IFullModel<T, Tensor<T>, Tensor<T>>, GradientDescentOptimizerOptions<T, Tensor<T>, Tensor<T>>?)' [C:\Users\cheat\source\repos\AiDotNet\.worktrees\fix-us-bf-032-expressiontree\src\AiDotNet.csproj::TargetFramework=net8.0]
C:\Users\cheat\source\repos\AiDotNet\.worktrees\fix-us-bf-032-expressiontree\src\Optimizers\MiniBatchGradientDescentOptimizer.cs(49,11): error CS7036: There is no argument given that corresponds to the required parameter 'options' of 'GradientBasedOptimizerBase<T, TInput, TOutput>.GradientBasedOptimizerBase(IFullModel<T, TInput, TOutput>, GradientBasedOptimizerOptions<T, TInput, TOutput>)' [C:\Users\cheat\source\repos\AiDotNet\.worktrees\fix-us-bf-032-expressiontree\src\AiDotNet.csproj::TargetFramework=net8.0]
C:\Users\cheat\source\repos\AiDotNet\.worktrees\fix-us-bf-032-expressiontree\src\NeuralNetworks\GraphNeuralNetwork.cs(547,29): error CS7036: There is no argument given that corresponds to the required parameter 'model' of 'AdamOptimizer<T, Tensor<T>, Tensor<T>>.AdamOptimizer(IFullModel<T, Tensor<T>, Tensor<T>>, AdamOptimizerOptions<T, Tensor<T>, Tensor<T>>?)' [C:\Users\cheat\source\repos\AiDotNet\.worktrees\fix-us-bf-032-expressiontree\src\AiDotNet.csproj::TargetFramework=net8.0]
C:\Users\cheat\source\repos\AiDotNet\.worktrees\fix-us-bf-032-expressiontree\src\Optimizers\LevenbergMarquardtOptimizer.cs(55,11): error CS7036: There is no argument given that corresponds to the required parameter 'options' of 'GradientBasedOptimizerBase<T, TInput, TOutput>.GradientBasedOptimizerBase(IFullModel<T, TInput, TOutput>, GradientBasedOptimizerOptions<T, TInput, TOutput>)' [C:\Users\cheat\source\repos\AiDotNet\.worktrees\fix-us-bf-032-expressiontree\src\AiDotNet.csproj::TargetFramework=net8.0]
C:\Users\cheat\source\repos\AiDotNet\.worktrees\fix-us-bf-032-expressiontree\src\Optimizers\LBFGSOptimizer.cs(66,11): error CS7036: There is no argument given that corresponds to the required parameter 'options' of 'GradientBasedOptimizerBase<T, TInput, TOutput>.GradientBasedOptimizerBase(IFullModel<T, TInput, TOutput>, GradientBasedOptimizerOptions<T, TInput, TOutput>)' [C:\Users\cheat\source\repos\AiDotNet\.worktrees\fix-us-bf-032-expressiontree\src\AiDotNet.csproj::TargetFramework=net8.0]
C:\Users\cheat\source\repos\AiDotNet\.worktrees\fix-us-bf-032-expressiontree\src\NeuralNetworks\GraphNeuralNetwork.cs(611,29): error CS7036: There is no argument given that corresponds to the required parameter 'model' of 'AdamOptimizer<T, Tensor<T>, Tensor<T>>.AdamOptimizer(IFullModel<T, Tensor<T>, Tensor<T>>, AdamOptimizerOptions<T, Tensor<T>, Tensor<T>>?)' [C:\Users\cheat\source\repos\AiDotNet\.worktrees\fix-us-bf-032-expressiontree\src\AiDotNet.csproj::TargetFramework=net8.0]
C:\Users\cheat\source\repos\AiDotNet\.worktrees\fix-us-bf-032-expressiontree\src\NeuralNetworks\DifferentiableNeuralComputer.cs(677,29): error CS7036: There is no argument given that corresponds to the required parameter 'model' of 'GradientDescentOptimizer<T, Tensor<T>, Tensor<T>>.GradientDescentOptimizer(IFullModel<T, Tensor<T>, Tensor<T>>, GradientDescentOptimizerOptions<T, Tensor<T>, Tensor<T>>?)' [C:\Users\cheat\source\repos\AiDotNet\.worktrees\fix-us-bf-032-expressiontree\src\AiDotNet.csproj::TargetFramework=net8.0]
C:\Users\cheat\source\repos\AiDotNet\.worktrees\fix-us-bf-032-expressiontree\src\NeuralNetworks\ConvolutionalNeuralNetwork.cs(78,39): error CS7036: There is no argument given that corresponds to the required parameter 'model' of 'AdamOptimizer<T, Tensor<T>, Tensor<T>>.AdamOptimizer(IFullModel<T, Tensor<T>, Tensor<T>>, AdamOptimizerOptions<T, Tensor<T>, Tensor<T>>?)' [C:\Users\cheat\source\repos\AiDotNet\.worktrees\fix-us-bf-032-expressiontree\src\AiDotNet.csproj::TargetFramework=net8.0]
C:\Users\cheat\source\repos\AiDotNet\.worktrees\fix-us-bf-032-expressiontree\src\Optimizers\FTRLOptimizer.cs(64,11): error CS7036: There is no argument given that corresponds to the required parameter 'options' of 'GradientBasedOptimizerBase<T, TInput, TOutput>.GradientBasedOptimizerBase(IFullModel<T, TInput, TOutput>, GradientBasedOptimizerOptions<T, TInput, TOutput>)' [C:\Users\cheat\source\repos\AiDotNet\.worktrees\fix-us-bf-032-expressiontree\src\AiDotNet.csproj::TargetFramework=net8.0]
C:\Users\cheat\source\repos\AiDotNet\.worktrees\fix-us-bf-032-expressiontree\src\Optimizers\ConjugateGradientOptimizer.cs(60,11): error CS7036: There is no argument given that corresponds to the required parameter 'options' of 'GradientBasedOptimizerBase<T, TInput, TOutput>.GradientBasedOptimizerBase(IFullModel<T, TInput, TOutput>, GradientBasedOptimizerOptions<T, TInput, TOutput>)' [C:\Users\cheat\source\repos\AiDotNet\.worktrees\fix-us-bf-032-expressiontree\src\AiDotNet.csproj::TargetFramework=net8.0]
C:\Users\cheat\source\repos\AiDotNet\.worktrees\fix-us-bf-032-expressiontree\src\Optimizers\CoordinateDescentOptimizer.cs(60,11): error CS7036: There is no argument given that corresponds to the required parameter 'options' of 'GradientBasedOptimizerBase<T, TInput, TOutput>.GradientBasedOptimizerBase(IFullModel<T, TInput, TOutput>, GradientBasedOptimizerOptions<T, TInput, TOutput>)' [C:\Users\cheat\source\repos\AiDotNet\.worktrees\fix-us-bf-032-expressiontree\src\AiDotNet.csproj::TargetFramework=net8.0]
C:\Users\cheat\source\repos\AiDotNet\.worktrees\fix-us-bf-032-expressiontree\src\Optimizers\DFPOptimizer.cs(60,11): error CS7036: There is no argument given that corresponds to the required parameter 'options' of 'GradientBasedOptimizerBase<T, TInput, TOutput>.GradientBasedOptimizerBase(IFullModel<T, TInput, TOutput>, GradientBasedOptimizerOptions<T, TInput, TOutput>)' [C:\Users\cheat\source\repos\AiDotNet\.worktrees\fix-us-bf-032-expressiontree\src\AiDotNet.csproj::TargetFramework=net8.0]
C:\Users\cheat\source\repos\AiDotNet\.worktrees\fix-us-bf-032-expressiontree\src\Regression\GeneticAlgorithmRegression.cs(119,77): error CS1503: Argument 1: cannot convert from 'AiDotNet.Models.Options.GeneticAlgorithmOptimizerOptions<T, AiDotNet.LinearAlgebra.Matrix<T>, AiDotNet.LinearAlgebra.Vector<T>>' to 'AiDotNet.Interfaces.IFullModel<T, AiDotNet.LinearAlgebra.Matrix<T>, AiDotNet.LinearAlgebra.Vector<T>>' [C:\Users\cheat\source\repos\AiDotNet\.worktrees\fix-us-bf-032-expressiontree\src\AiDotNet.csproj::TargetFramework=net8.0]
C:\Users\cheat\source\repos\AiDotNet\.worktrees\fix-us-bf-032-expressiontree\src\Regression\GeneticAlgorithmRegression.cs(354,77): error CS1503: Argument 1: cannot convert from 'AiDotNet.Models.Options.GeneticAlgorithmOptimizerOptions<T, AiDotNet.LinearAlgebra.Matrix<T>, AiDotNet.LinearAlgebra.Vector<T>>' to 'AiDotNet.Interfaces.IFullModel<T, AiDotNet.LinearAlgebra.Matrix<T>, AiDotNet.LinearAlgebra.Vector<T>>' [C:\Users\cheat\source\repos\AiDotNet\.worktrees\fix-us-bf-032-expressiontree\src\AiDotNet.csproj::TargetFramework=net8.0]
C:\Users\cheat\source\repos\AiDotNet\.worktrees\fix-us-bf-032-expressiontree\src\Regression\MultilayerPerceptronRegression.cs(147,48): error CS7036: There is no argument given that corresponds to the required parameter 'model' of 'AdamOptimizer<T, Matrix<T>, Vector<T>>.AdamOptimizer(IFullModel<T, Matrix<T>, Vector<T>>, AdamOptimizerOptions<T, Matrix<T>, Vector<T>>?)' [C:\Users\cheat\source\repos\AiDotNet\.worktrees\fix-us-bf-032-expressiontree\src\AiDotNet.csproj::TargetFramework=net8.0]
C:\Users\cheat\source\repos\AiDotNet\.worktrees\fix-us-bf-032-expressiontree\src\Regression\NeuralNetworkRegression.cs(84,48): error CS7036: There is no argument given that corresponds to the required parameter 'model' of 'AdamOptimizer<T, Matrix<T>, Vector<T>>.AdamOptimizer(IFullModel<T, Matrix<T>, Vector<T>>, AdamOptimizerOptions<T, Matrix<T>, Vector<T>>?)' [C:\Users\cheat\source\repos\AiDotNet\.worktrees\fix-us-bf-032-expressiontree\src\AiDotNet.csproj::TargetFramework=net8.0]
C:\Users\cheat\source\repos\AiDotNet\.worktrees\fix-us-bf-032-expressiontree\src\Evaluation\DefaultModelEvaluator.cs(194,41): error CS1729: 'PredictionModelResult<T, TInput, TOutput>' does not contain a constructor that takes 3 arguments [C:\Users\cheat\source\repos\AiDotNet\.worktrees\fix-us-bf-032-expressiontree\src\AiDotNet.csproj::TargetFramework=net462]
C:\Users\cheat\source\repos\AiDotNet\.worktrees\fix-us-bf-032-expressiontree\src\AutoML\AutoMLModelBase.cs(371,23): error CS1061: 'IFullModel<T, TInput, TOutput>' does not contain a definition for 'LoadFromFile' and no accessible extension method 'LoadFromFile' accepting a first argument of type 'IFullModel<T, TInput, TOutput>' could be found (are you missing a using directive or an assembly reference?) [C:\Users\cheat\source\repos\AiDotNet\.worktrees\fix-us-bf-032-expressiontree\src\AiDotNet.csproj::TargetFramework=net462]
C:\Users\cheat\source\repos\AiDotNet\.worktrees\fix-us-bf-032-expressiontree\src\Models\VectorModel.cs(119,12): error CS8618: Non-nullable field '_sensitiveFeatures' must contain a non-null value when exiting constructor. Consider adding the 'required' modifier or declaring the field as nullable. [C:\Users\cheat\source\repos\AiDotNet\.worktrees\fix-us-bf-032-expressiontree\src\AiDotNet.csproj::TargetFramework=net462]
C:\Users\cheat\source\repos\AiDotNet\.worktrees\fix-us-bf-032-expressiontree\src\NeuralNetworks\VariationalAutoencoder.cs(144,39): error CS7036: There is no argument given that corresponds to the required parameter 'model' of 'AdamOptimizer<T, Tensor<T>, Tensor<T>>.AdamOptimizer(IFullModel<T, Tensor<T>, Tensor<T>>, AdamOptimizerOptions<T, Tensor<T>, Tensor<T>>?)' [C:\Users\cheat\source\repos\AiDotNet\.worktrees\fix-us-bf-032-expressiontree\src\AiDotNet.csproj::TargetFramework=net462]
C:\Users\cheat\source\repos\AiDotNet\.worktrees\fix-us-bf-032-expressiontree\src\Models\VectorModel.cs(1085,47): error CS0411: The type arguments for method 'InterpretableModelHelper.GetGlobalFeatureImportanceAsync<T>(IInterpretableModel<T>, HashSet<InterpretationMethod>)' cannot be inferred from the usage. Try specifying the type arguments explicitly. [C:\Users\cheat\source\repos\AiDotNet\.worktrees\fix-us-bf-032-expressiontree\src\AiDotNet.csproj::TargetFramework=net462]
C:\Users\cheat\source\repos\AiDotNet\.worktrees\fix-us-bf-032-expressiontree\src\Models\VectorModel.cs(1093,47): error CS0411: The type arguments for method 'InterpretableModelHelper.GetLocalFeatureImportanceAsync<T>(IInterpretableModel<T>, HashSet<InterpretationMethod>, Tensor<T>)' cannot be inferred from the usage. Try specifying the type arguments explicitly. [C:\Users\cheat\source\repos\AiDotNet\.worktrees\fix-us-bf-032-expressiontree\src\AiDotNet.csproj::TargetFramework=net462]
C:\Users\cheat\source\repos\AiDotNet\.worktrees\fix-us-bf-032-expressiontree\src\Models\VectorModel.cs(1101,47): error CS7036: There is no argument given that corresponds to the required parameter 'inputs' of 'InterpretableModelHelper.GetShapValuesAsync<T>(IInterpretableModel<T>, HashSet<InterpretationMethod>, Tensor<T>)' [C:\Users\cheat\source\repos\AiDotNet\.worktrees\fix-us-bf-032-expressiontree\src\AiDotNet.csproj::TargetFramework=net462]
C:\Users\cheat\source\repos\AiDotNet\.worktrees\fix-us-bf-032-expressiontree\src\Models\VectorModel.cs(1109,47): error CS7036: There is no argument given that corresponds to the required parameter 'input' of 'InterpretableModelHelper.GetLimeExplanationAsync<T>(IInterpretableModel<T>, HashSet<InterpretationMethod>, Tensor<T>, int)' [C:\Users\cheat\source\repos\AiDotNet\.worktrees\fix-us-bf-032-expressiontree\src\AiDotNet.csproj::TargetFramework=net462]
C:\Users\cheat\source\repos\AiDotNet\.worktrees\fix-us-bf-032-expressiontree\src\Models\VectorModel.cs(1117,76): error CS1503: Argument 1: cannot convert from 'System.Collections.Generic.HashSet<AiDotNet.Interpretability.InterpretationMethod>' to 'AiDotNet.Interfaces.IInterpretableModel<T>' [C:\Users\cheat\source\repos\AiDotNet\.worktrees\fix-us-bf-032-expressiontree\src\AiDotNet.csproj::TargetFramework=net462]
C:\Users\cheat\source\repos\AiDotNet\.worktrees\fix-us-bf-032-expressiontree\src\Models\VectorModel.cs(1117,93): error CS1503: Argument 2: cannot convert from 'AiDotNet.LinearAlgebra.Vector<int>' to 'System.Collections.Generic.HashSet<AiDotNet.Interpretability.InterpretationMethod>' [C:\Users\cheat\source\repos\AiDotNet\.worktrees\fix-us-bf-032-expressiontree\src\AiDotNet.csproj::TargetFramework=net462]
C:\Users\cheat\source\repos\AiDotNet\.worktrees\fix-us-bf-032-expressiontree\src\Models\VectorModel.cs(1117,109): error CS1503: Argument 3: cannot convert from 'int' to 'AiDotNet.LinearAlgebra.Vector<int>' [C:\Users\cheat\source\repos\AiDotNet\.worktrees\fix-us-bf-032-expressiontree\src\AiDotNet.csproj::TargetFramework=net462]
C:\Users\cheat\source\repos\AiDotNet\.worktrees\fix-us-bf-032-expressiontree\src\Models\VectorModel.cs(1125,47): error CS7036: There is no argument given that corresponds to the required parameter 'input' of 'InterpretableModelHelper.GetCounterfactualAsync<T>(IInterpretableModel<T>, HashSet<InterpretationMethod>, Tensor<T>, Tensor<T>, int)' [C:\Users\cheat\source\repos\AiDotNet\.worktrees\fix-us-bf-032-expressiontree\src\AiDotNet.csproj::TargetFramework=net462]
C:\Users\cheat\source\repos\AiDotNet\.worktrees\fix-us-bf-032-expressiontree\src\Models\VectorModel.cs(1133,47): error CS0411: The type arguments for method 'InterpretableModelHelper.GetModelSpecificInterpretabilityAsync<T>(IInterpretableModel<T>)' cannot be inferred from the usage. Try specifying the type arguments explicitly. [C:\Users\cheat\source\repos\AiDotNet\.worktrees\fix-us-bf-032-expressiontree\src\AiDotNet.csproj::TargetFramework=net462]
C:\Users\cheat\source\repos\AiDotNet\.worktrees\fix-us-bf-032-expressiontree\src\Models\VectorModel.cs(1141,47): error CS0411: The type arguments for method 'InterpretableModelHelper.GenerateTextExplanationAsync<T>(IInterpretableModel<T>, Tensor<T>, Tensor<T>)' cannot be inferred from the usage. Try specifying the type arguments explicitly. [C:\Users\cheat\source\repos\AiDotNet\.worktrees\fix-us-bf-032-expressiontree\src\AiDotNet.csproj::TargetFramework=net462]
C:\Users\cheat\source\repos\AiDotNet\.worktrees\fix-us-bf-032-expressiontree\src\Models\VectorModel.cs(1165,47): error CS7036: There is no argument given that corresponds to the required parameter 'input' of 'InterpretableModelHelper.GetAnchorExplanationAsync<T>(IInterpretableModel<T>, HashSet<InterpretationMethod>, Tensor<T>, T)' [C:\Users\cheat\source\repos\AiDotNet\.worktrees\fix-us-bf-032-expressiontree\src\AiDotNet.csproj::TargetFramework=net462]
C:\Users\cheat\source\repos\AiDotNet\.worktrees\fix-us-bf-032-expressiontree\src\NeuralNetworks\VariationalAutoencoder.cs(772,130): error CS7036: There is no argument given that corresponds to the required parameter 'model' of 'AdamOptimizer<T, Tensor<T>, Tensor<T>>.AdamOptimizer(IFullModel<T, Tensor<T>, Tensor<T>>, AdamOptimizerOptions<T, Tensor<T>, Tensor<T>>?)' [C:\Users\cheat\source\repos\AiDotNet\.worktrees\fix-us-bf-032-expressiontree\src\AiDotNet.csproj::TargetFramework=net462]
C:\Users\cheat\source\repos\AiDotNet\.worktrees\fix-us-bf-032-expressiontree\src\NeuralNetworks\Transformer.cs(117,39): error CS7036: There is no argument given that corresponds to the required parameter 'model' of 'GradientDescentOptimizer<T, Tensor<T>, Tensor<T>>.GradientDescentOptimizer(IFullModel<T, Tensor<T>, Tensor<T>>, GradientDescentOptimizerOptions<T, Tensor<T>, Tensor<T>>?)' [C:\Users\cheat\source\repos\AiDotNet\.worktrees\fix-us-bf-032-expressiontree\src\AiDotNet.csproj::TargetFramework=net462]
C:\Users\cheat\source\repos\AiDotNet\.worktrees\fix-us-bf-032-expressiontree\src\Models\Results\PredictionModelResult.cs(199,31): error CS1061: 'IFullModel<T, TInput, TOutput>' does not contain a definition for 'GetModelMetadata' and no accessible extension method 'GetModelMetadata' accepting a first argument of type 'IFullModel<T, TInput, TOutput>' could be found (are you missing a using directive or an assembly reference?) [C:\Users\cheat\source\repos\AiDotNet\.worktrees\fix-us-bf-032-expressiontree\src\AiDotNet.csproj::TargetFramework=net462]
C:\Users\cheat\source\repos\AiDotNet\.worktrees\fix-us-bf-032-expressiontree\src\Models\Results\PredictionModelResult.cs(342,13): error CS0103: The name 'JsonConverterRegistry' does not exist in the current context [C:\Users\cheat\source\repos\AiDotNet\.worktrees\fix-us-bf-032-expressiontree\src\AiDotNet.csproj::TargetFramework=net462]
C:\Users\cheat\source\repos\AiDotNet\.worktrees\fix-us-bf-032-expressiontree\src\Models\Results\PredictionModelResult.cs(352,33): error CS0103: The name 'JsonConverterRegistry' does not exist in the current context [C:\Users\cheat\source\repos\AiDotNet\.worktrees\fix-us-bf-032-expressiontree\src\AiDotNet.csproj::TargetFramework=net462]
C:\Users\cheat\source\repos\AiDotNet\.worktrees\fix-us-bf-032-expressiontree\src\Models\Results\PredictionModelResult.cs(355,42): error CS0103: The name 'JsonConverterRegistry' does not exist in the current context [C:\Users\cheat\source\repos\AiDotNet\.worktrees\fix-us-bf-032-expressiontree\src\AiDotNet.csproj::TargetFramework=net462]
C:\Users\cheat\source\repos\AiDotNet\.worktrees\fix-us-bf-032-expressiontree\src\Models\Results\PredictionModelResult.cs(409,13): error CS0103: The name 'JsonConverterRegistry' does not exist in the current context [C:\Users\cheat\source\repos\AiDotNet\.worktrees\fix-us-bf-032-expressiontree\src\AiDotNet.csproj::TargetFramework=net462]
C:\Users\cheat\source\repos\AiDotNet\.worktrees\fix-us-bf-032-expressiontree\src\Models\Results\PredictionModelResult.cs(420,33): error CS0103: The name 'JsonConverterRegistry' does not exist in the current context [C:\Users\cheat\source\repos\AiDotNet\.worktrees\fix-us-bf-032-expressiontree\src\AiDotNet.csproj::TargetFramework=net462]
C:\Users\cheat\source\repos\AiDotNet\.worktrees\fix-us-bf-032-expressiontree\src\Models\Results\PredictionModelResult.cs(423,42): error CS0103: The name 'JsonConverterRegistry' does not exist in the current context [C:\Users\cheat\source\repos\AiDotNet\.worktrees\fix-us-bf-032-expressiontree\src\AiDotNet.csproj::TargetFramework=net462]
C:\Users\cheat\source\repos\AiDotNet\.worktrees\fix-us-bf-032-expressiontree\src\NeuralNetworks\Transformer.cs(475,130): error CS7036: There is no argument given that corresponds to the required parameter 'model' of 'GradientDescentOptimizer<T, Tensor<T>, Tensor<T>>.GradientDescentOptimizer(IFullModel<T, Tensor<T>, Tensor<T>>, GradientDescentOptimizerOptions<T, Tensor<T>, Tensor<T>>?)' [C:\Users\cheat\source\repos\AiDotNet\.worktrees\fix-us-bf-032-expressiontree\src\AiDotNet.csproj::TargetFramework=net462]
C:\Users\cheat\source\repos\AiDotNet\.worktrees\fix-us-bf-032-expressiontree\src\PredictionModelBuilder.cs(237,20): error CS1729: 'PredictionModelResult<T, TInput, TOutput>' does not contain a constructor that takes 3 arguments [C:\Users\cheat\source\repos\AiDotNet\.worktrees\fix-us-bf-032-expressiontree\src\AiDotNet.csproj::TargetFramework=net462]
C:\Users\cheat\source\repos\AiDotNet\.worktrees\fix-us-bf-032-expressiontree\src\Optimizers\BayesianOptimizer.cs(56,11): error CS7036: There is no argument given that corresponds to the required parameter 'options' of 'OptimizerBase<T, TInput, TOutput>.OptimizerBase(IFullModel<T, TInput, TOutput>, OptimizationAlgorithmOptions<T, TInput, TOutput>)' [C:\Users\cheat\source\repos\AiDotNet\.worktrees\fix-us-bf-032-expressiontree\src\AiDotNet.csproj::TargetFramework=net462]
C:\Users\cheat\source\repos\AiDotNet\.worktrees\fix-us-bf-032-expressiontree\src\Optimizers\BayesianOptimizer.cs(61,87): error CS1061: 'BayesianOptimizerOptions<T, TInput, TOutput>' does not contain a definition for 'KernelFunction' and no accessible extension method 'KernelFunction' accepting a first argument of type 'BayesianOptimizerOptions<T, TInput, TOutput>' could be found (are you missing a using directive or an assembly reference?) [C:\Users\cheat\source\repos\AiDotNet\.worktrees\fix-us-bf-032-expressiontree\src\AiDotNet.csproj::TargetFramework=net462]
C:\Users\cheat\source\repos\AiDotNet\.worktrees\fix-us-bf-032-expressiontree\src\Optimizers\BFGSOptimizer.cs(64,11): error CS7036: There is no argument given that corresponds to the required parameter 'options' of 'GradientBasedOptimizerBase<T, TInput, TOutput>.GradientBasedOptimizerBase(IFullModel<T, TInput, TOutput>, GradientBasedOptimizerOptions<T, TInput, TOutput>)' [C:\Users\cheat\source\repos\AiDotNet\.worktrees\fix-us-bf-032-expressiontree\src\AiDotNet.csproj::TargetFramework=net462]
C:\Users\cheat\source\repos\AiDotNet\.worktrees\fix-us-bf-032-expressiontree\src\Optimizers\CMAESOptimizer.cs(74,11): error CS7036: There is no argument given that corresponds to the required parameter 'options' of 'OptimizerBase<T, TInput, TOutput>.OptimizerBase(IFullModel<T, TInput, TOutput>, OptimizationAlgorithmOptions<T, TInput, TOutput>)' [C:\Users\cheat\source\repos\AiDotNet\.worktrees\fix-us-bf-032-expressiontree\src\AiDotNet.csproj::TargetFramework=net462]
C:\Users\cheat\source\repos\AiDotNet\.worktrees\fix-us-bf-032-expressiontree\src\Optimizers\ConjugateGradientOptimizer.cs(60,11): error CS7036: There is no argument given that corresponds to the required parameter 'options' of 'GradientBasedOptimizerBase<T, TInput, TOutput>.GradientBasedOptimizerBase(IFullModel<T, TInput, TOutput>, GradientBasedOptimizerOptions<T, TInput, TOutput>)' [C:\Users\cheat\source\repos\AiDotNet\.worktrees\fix-us-bf-032-expressiontree\src\AiDotNet.csproj::TargetFramework=net462]
C:\Users\cheat\source\repos\AiDotNet\.worktrees\fix-us-bf-032-expressiontree\src\Optimizers\CoordinateDescentOptimizer.cs(60,11): error CS7036: There is no argument given that corresponds to the required parameter 'options' of 'GradientBasedOptimizerBase<T, TInput, TOutput>.GradientBasedOptimizerBase(IFullModel<T, TInput, TOutput>, GradientBasedOptimizerOptions<T, TInput, TOutput>)' [C:\Users\cheat\source\repos\AiDotNet\.worktrees\fix-us-bf-032-expressiontree\src\AiDotNet.csproj::TargetFramework=net462]
C:\Users\cheat\source\repos\AiDotNet\.worktrees\fix-us-bf-032-expressiontree\src\Optimizers\DFPOptimizer.cs(60,11): error CS7036: There is no argument given that corresponds to the required parameter 'options' of 'GradientBasedOptimizerBase<T, TInput, TOutput>.GradientBasedOptimizerBase(IFullModel<T, TInput, TOutput>, GradientBasedOptimizerOptions<T, TInput, TOutput>)' [C:\Users\cheat\source\repos\AiDotNet\.worktrees\fix-us-bf-032-expressiontree\src\AiDotNet.csproj::TargetFramework=net462]
C:\Users\cheat\source\repos\AiDotNet\.worktrees\fix-us-bf-032-expressiontree\src\Optimizers\FTRLOptimizer.cs(64,11): error CS7036: There is no argument given that corresponds to the required parameter 'options' of 'GradientBasedOptimizerBase<T, TInput, TOutput>.GradientBasedOptimizerBase(IFullModel<T, TInput, TOutput>, GradientBasedOptimizerOptions<T, TInput, TOutput>)' [C:\Users\cheat\source\repos\AiDotNet\.worktrees\fix-us-bf-032-expressiontree\src\AiDotNet.csproj::TargetFramework=net462]
C:\Users\cheat\source\repos\AiDotNet\.worktrees\fix-us-bf-032-expressiontree\src\Optimizers\BayesianOptimizer.cs(272,52): error CS1061: 'BayesianOptimizerOptions<T, TInput, TOutput>' does not contain a definition for 'KernelFunction' and no accessible extension method 'KernelFunction' accepting a first argument of type 'BayesianOptimizerOptions<T, TInput, TOutput>' could be found (are you missing a using directive or an assembly reference?) [C:\Users\cheat\source\repos\AiDotNet\.worktrees\fix-us-bf-032-expressiontree\src\AiDotNet.csproj::TargetFramework=net462]
C:\Users\cheat\source\repos\AiDotNet\.worktrees\fix-us-bf-032-expressiontree\src\NeuralNetworks\ConvolutionalNeuralNetwork.cs(78,39): error CS7036: There is no argument given that corresponds to the required parameter 'model' of 'AdamOptimizer<T, Tensor<T>, Tensor<T>>.AdamOptimizer(IFullModel<T, Tensor<T>, Tensor<T>>, AdamOptimizerOptions<T, Tensor<T>, Tensor<T>>?)' [C:\Users\cheat\source\repos\AiDotNet\.worktrees\fix-us-bf-032-expressiontree\src\AiDotNet.csproj::TargetFramework=net462]
C:\Users\cheat\source\repos\AiDotNet\.worktrees\fix-us-bf-032-expressiontree\src\Regression\SymbolicRegression.cs(326,77): error CS1503: Argument 1: cannot convert from 'AiDotNet.Models.Options.GeneticAlgorithmOptimizerOptions<T, AiDotNet.LinearAlgebra.Matrix<T>, AiDotNet.LinearAlgebra.Vector<T>>' to 'AiDotNet.Interfaces.IFullModel<T, AiDotNet.LinearAlgebra.Matrix<T>, AiDotNet.LinearAlgebra.Vector<T>>' [C:\Users\cheat\source\repos\AiDotNet\.worktrees\fix-us-bf-032-expressiontree\src\AiDotNet.csproj::TargetFramework=net462]
C:\Users\cheat\source\repos\AiDotNet\.worktrees\fix-us-bf-032-expressiontree\src\Optimizers\BayesianOptimizer.cs(378,72): error CS1061: 'BayesianOptimizerOptions<T, TInput, TOutput>' does not contain a definition for 'KernelFunction' and no accessible extension method 'KernelFunction' accepting a first argument of type 'BayesianOptimizerOptions<T, TInput, TOutput>' could be found (are you missing a using directive or an assembly reference?) [C:\Users\cheat\source\repos\AiDotNet\.worktrees\fix-us-bf-032-expressiontree\src\AiDotNet.csproj::TargetFramework=net462]
C:\Users\cheat\source\repos\AiDotNet\.worktrees\fix-us-bf-032-expressiontree\src\Optimizers\LBFGSOptimizer.cs(66,11): error CS7036: There is no argument given that corresponds to the required parameter 'options' of 'GradientBasedOptimizerBase<T, TInput, TOutput>.GradientBasedOptimizerBase(IFullModel<T, TInput, TOutput>, GradientBasedOptimizerOptions<T, TInput, TOutput>)' [C:\Users\cheat\source\repos\AiDotNet\.worktrees\fix-us-bf-032-expressiontree\src\AiDotNet.csproj::TargetFramework=net462]
C:\Users\cheat\source\repos\AiDotNet\.worktrees\fix-us-bf-032-expressiontree\src\Optimizers\LevenbergMarquardtOptimizer.cs(55,11): error CS7036: There is no argument given that corresponds to the required parameter 'options' of 'GradientBasedOptimizerBase<T, TInput, TOutput>.GradientBasedOptimizerBase(IFullModel<T, TInput, TOutput>, GradientBasedOptimizerOptions<T, TInput, TOutput>)' [C:\Users\cheat\source\repos\AiDotNet\.worktrees\fix-us-bf-032-expressiontree\src\AiDotNet.csproj::TargetFramework=net462]
C:\Users\cheat\source\repos\AiDotNet\.worktrees\fix-us-bf-032-expressiontree\src\Optimizers\MiniBatchGradientDescentOptimizer.cs(49,11): error CS7036: There is no argument given that corresponds to the required parameter 'options' of 'GradientBasedOptimizerBase<T, TInput, TOutput>.GradientBasedOptimizerBase(IFullModel<T, TInput, TOutput>, GradientBasedOptimizerOptions<T, TInput, TOutput>)' [C:\Users\cheat\source\repos\AiDotNet\.worktrees\fix-us-bf-032-expressiontree\src\AiDotNet.csproj::TargetFramework=net462]
C:\Users\cheat\source\repos\AiDotNet\.worktrees\fix-us-bf-032-expressiontree\src\Regression\GeneticAlgorithmRegression.cs(119,77): error CS1503: Argument 1: cannot convert from 'AiDotNet.Models.Options.GeneticAlgorithmOptimizerOptions<T, AiDotNet.LinearAlgebra.Matrix<T>, AiDotNet.LinearAlgebra.Vector<T>>' to 'AiDotNet.Interfaces.IFullModel<T, AiDotNet.LinearAlgebra.Matrix<T>, AiDotNet.LinearAlgebra.Vector<T>>' [C:\Users\cheat\source\repos\AiDotNet\.worktrees\fix-us-bf-032-expressiontree\src\AiDotNet.csproj::TargetFramework=net462]
C:\Users\cheat\source\repos\AiDotNet\.worktrees\fix-us-bf-032-expressiontree\src\Optimizers\NelderMeadOptimizer.cs(75,11): error CS7036: There is no argument given that corresponds to the required parameter 'options' of 'OptimizerBase<T, TInput, TOutput>.OptimizerBase(IFullModel<T, TInput, TOutput>, OptimizationAlgorithmOptions<T, TInput, TOutput>)' [C:\Users\cheat\source\repos\AiDotNet\.worktrees\fix-us-bf-032-expressiontree\src\AiDotNet.csproj::TargetFramework=net462]
C:\Users\cheat\source\repos\AiDotNet\.worktrees\fix-us-bf-032-expressiontree\src\Optimizers\NewtonMethodOptimizer.cs(48,11): error CS7036: There is no argument given that corresponds to the required parameter 'options' of 'GradientBasedOptimizerBase<T, TInput, TOutput>.GradientBasedOptimizerBase(IFullModel<T, TInput, TOutput>, GradientBasedOptimizerOptions<T, TInput, TOutput>)' [C:\Users\cheat\source\repos\AiDotNet\.worktrees\fix-us-bf-032-expressiontree\src\AiDotNet.csproj::TargetFramework=net462]
C:\Users\cheat\source\repos\AiDotNet\.worktrees\fix-us-bf-032-expressiontree\src\Models\Options\MultilayerPerceptronRegressionOptions.cs(433,107): error CS1503: Argument 1: cannot convert from 'AiDotNet.Models.Options.AdamOptimizerOptions<T, TInput, TOutput>' to 'AiDotNet.Interfaces.IFullModel<T, TInput, TOutput>' [C:\Users\cheat\source\repos\AiDotNet\.worktrees\fix-us-bf-032-expressiontree\src\AiDotNet.csproj::TargetFramework=net462]
C:\Users\cheat\source\repos\AiDotNet\.worktrees\fix-us-bf-032-expressiontree\src\Regression\GeneticAlgorithmRegression.cs(354,77): error CS1503: Argument 1: cannot convert from 'AiDotNet.Models.Options.GeneticAlgorithmOptimizerOptions<T, AiDotNet.LinearAlgebra.Matrix<T>, AiDotNet.LinearAlgebra.Vector<T>>' to 'AiDotNet.Interfaces.IFullModel<T, AiDotNet.LinearAlgebra.Matrix<T>, AiDotNet.LinearAlgebra.Vector<T>>' [C:\Users\cheat\source\repos\AiDotNet\.worktrees\fix-us-bf-032-expressiontree\src\AiDotNet.csproj::TargetFramework=net462]
C:\Users\cheat\source\repos\AiDotNet\.worktrees\fix-us-bf-032-expressiontree\src\Optimizers\NormalOptimizer.cs(42,5): error CS7036: There is no argument given that corresponds to the required parameter 'options' of 'OptimizerBase<T, TInput, TOutput>.OptimizerBase(IFullModel<T, TInput, TOutput>, OptimizationAlgorithmOptions<T, TInput, TOutput>)' [C:\Users\cheat\source\repos\AiDotNet\.worktrees\fix-us-bf-032-expressiontree\src\AiDotNet.csproj::TargetFramework=net462]
C:\Users\cheat\source\repos\AiDotNet\.worktrees\fix-us-bf-032-expressiontree\src\Optimizers\ParticleSwarmOptimizer.cs(162,21): error CS0103: The name '_fitnessCalculator' does not exist in the current context [C:\Users\cheat\source\repos\AiDotNet\.worktrees\fix-us-bf-032-expressiontree\src\AiDotNet.csproj::TargetFramework=net462]
C:\Users\cheat\source\repos\AiDotNet\.worktrees\fix-us-bf-032-expressiontree\src\Optimizers\ParticleSwarmOptimizer.cs(175,21): error CS0103: The name '_fitnessCalculator' does not exist in the current context [C:\Users\cheat\source\repos\AiDotNet\.worktrees\fix-us-bf-032-expressiontree\src\AiDotNet.csproj::TargetFramework=net462]
C:\Users\cheat\source\repos\AiDotNet\.worktrees\fix-us-bf-032-expressiontree\src\Optimizers\OptimizerBase.cs(319,38): error CS1061: 'IModelCache<T, TInput, TOutput>' does not contain a definition for 'GenerateCacheKey' and no accessible extension method 'GenerateCacheKey' accepting a first argument of type 'IModelCache<T, TInput, TOutput>' could be found (are you missing a using directive or an assembly reference?) [C:\Users\cheat\source\repos\AiDotNet\.worktrees\fix-us-bf-032-expressiontree\src\AiDotNet.csproj::TargetFramework=net462]
C:\Users\cheat\source\repos\AiDotNet\.worktrees\fix-us-bf-032-expressiontree\src\Regression\MultilayerPerceptronRegression.cs(147,48): error CS7036: There is no argument given that corresponds to the required parameter 'model' of 'AdamOptimizer<T, Matrix<T>, Vector<T>>.AdamOptimizer(IFullModel<T, Matrix<T>, Vector<T>>, AdamOptimizerOptions<T, Matrix<T>, Vector<T>>?)' [C:\Users\cheat\source\repos\AiDotNet\.worktrees\fix-us-bf-032-expressiontree\src\AiDotNet.csproj::TargetFramework=net462]
C:\Users\cheat\source\repos\AiDotNet\.worktrees\fix-us-bf-032-expressiontree\src\Optimizers\OptimizerBase.cs(358,38): error CS1061: 'IModelCache<T, TInput, TOutput>' does not contain a definition for 'GenerateCacheKey' and no accessible extension method 'GenerateCacheKey' accepting a first argument of type 'IModelCache<T, TInput, TOutput>' could be found (are you missing a using directive or an assembly reference?) [C:\Users\cheat\source\repos\AiDotNet\.worktrees\fix-us-bf-032-expressiontree\src\AiDotNet.csproj::TargetFramework=net462]
C:\Users\cheat\source\repos\AiDotNet\.worktrees\fix-us-bf-032-expressiontree\src\Optimizers\OptimizerBase.cs(478,47): error CS1061: 'IFullModel<T, TInput, TOutput>' does not contain a definition for 'GetModelMetadata' and no accessible extension method 'GetModelMetadata' accepting a first argument of type 'IFullModel<T, TInput, TOutput>' could be found (are you missing a using directive or an assembly reference?) [C:\Users\cheat\source\repos\AiDotNet\.worktrees\fix-us-bf-032-expressiontree\src\AiDotNet.csproj::TargetFramework=net462]
C:\Users\cheat\source\repos\AiDotNet\.worktrees\fix-us-bf-032-expressiontree\src\Optimizers\OptimizerBase.cs(484,17): error CS1729: 'OptimizationResult<T, TInput, TOutput>.DatasetResult' does not contain a constructor that takes 1 arguments [C:\Users\cheat\source\repos\AiDotNet\.worktrees\fix-us-bf-032-expressiontree\src\AiDotNet.csproj::TargetFramework=net462]
C:\Users\cheat\source\repos\AiDotNet\.worktrees\fix-us-bf-032-expressiontree\src\Optimizers\OptimizerBase.cs(494,17): error CS1729: 'OptimizationResult<T, TInput, TOutput>.DatasetResult' does not contain a constructor that takes 1 arguments [C:\Users\cheat\source\repos\AiDotNet\.worktrees\fix-us-bf-032-expressiontree\src\AiDotNet.csproj::TargetFramework=net462]
C:\Users\cheat\source\repos\AiDotNet\.worktrees\fix-us-bf-032-expressiontree\src\Optimizers\OptimizerBase.cs(504,17): error CS1729: 'OptimizationResult<T, TInput, TOutput>.DatasetResult' does not contain a constructor that takes 1 arguments [C:\Users\cheat\source\repos\AiDotNet\.worktrees\fix-us-bf-032-expressiontree\src\AiDotNet.csproj::TargetFramework=net462]
C:\Users\cheat\source\repos\AiDotNet\.worktrees\fix-us-bf-032-expressiontree\src\Optimizers\OptimizerBase.cs(569,25): error CS1061: 'OptimizationAlgorithmOptions<T, TInput, TOutput>' does not contain a definition for 'OptimizationMode' and no accessible extension method 'OptimizationMode' accepting a first argument of type 'OptimizationAlgorithmOptions<T, TInput, TOutput>' could be found (are you missing a using directive or an assembly reference?) [C:\Users\cheat\source\repos\AiDotNet\.worktrees\fix-us-bf-032-expressiontree\src\AiDotNet.csproj::TargetFramework=net462]
C:\Users\cheat\source\repos\AiDotNet\.worktrees\fix-us-bf-032-expressiontree\src\Optimizers\OptimizerBase.cs(571,18): error CS0103: The name 'OptimizationMode' does not exist in the current context [C:\Users\cheat\source\repos\AiDotNet\.worktrees\fix-us-bf-032-expressiontree\src\AiDotNet.csproj::TargetFramework=net462]
C:\Users\cheat\source\repos\AiDotNet\.worktrees\fix-us-bf-032-expressiontree\src\Optimizers\OptimizerBase.cs(575,18): error CS0103: The name 'OptimizationMode' does not exist in the current context [C:\Users\cheat\source\repos\AiDotNet\.worktrees\fix-us-bf-032-expressiontree\src\AiDotNet.csproj::TargetFramework=net462]
C:\Users\cheat\source\repos\AiDotNet\.worktrees\fix-us-bf-032-expressiontree\src\Optimizers\OptimizerBase.cs(578,29): error CS1061: 'OptimizationAlgorithmOptions<T, TInput, TOutput>' does not contain a definition for 'ParameterAdjustmentScale' and no accessible extension method 'ParameterAdjustmentScale' accepting a first argument of type 'OptimizationAlgorithmOptions<T, TInput, TOutput>' could be found (are you missing a using directive or an assembly reference?) [C:\Users\cheat\source\repos\AiDotNet\.worktrees\fix-us-bf-032-expressiontree\src\AiDotNet.csproj::TargetFramework=net462]
C:\Users\cheat\source\repos\AiDotNet\.worktrees\fix-us-bf-032-expressiontree\src\Optimizers\OptimizerBase.cs(579,29): error CS1061: 'OptimizationAlgorithmOptions<T, TInput, TOutput>' does not contain a definition for 'SignFlipProbability' and no accessible extension method 'SignFlipProbability' accepting a first argument of type 'OptimizationAlgorithmOptions<T, TInput, TOutput>' could be found (are you missing a using directive or an assembly reference?) [C:\Users\cheat\source\repos\AiDotNet\.worktrees\fix-us-bf-032-expressiontree\src\AiDotNet.csproj::TargetFramework=net462]
C:\Users\cheat\source\repos\AiDotNet\.worktrees\fix-us-bf-032-expressiontree\src\Optimizers\OptimizerBase.cs(582,18): error CS0103: The name 'OptimizationMode' does not exist in the current context [C:\Users\cheat\source\repos\AiDotNet\.worktrees\fix-us-bf-032-expressiontree\src\AiDotNet.csproj::TargetFramework=net462]
C:\Users\cheat\source\repos\AiDotNet\.worktrees\fix-us-bf-032-expressiontree\src\Optimizers\OptimizerBase.cs(585,51): error CS1061: 'OptimizationAlgorithmOptions<T, TInput, TOutput>' does not contain a definition for 'FeatureSelectionProbability' and no accessible extension method 'FeatureSelectionProbability' accepting a first argument of type 'OptimizationAlgorithmOptions<T, TInput, TOutput>' could be found (are you missing a using directive or an assembly reference?) [C:\Users\cheat\source\repos\AiDotNet\.worktrees\fix-us-bf-032-expressiontree\src\AiDotNet.csproj::TargetFramework=net462]
C:\Users\cheat\source\repos\AiDotNet\.worktrees\fix-us-bf-032-expressiontree\src\Optimizers\OptimizerBase.cs(590,51): error CS1061: 'OptimizationAlgorithmOptions<T, TInput, TOutput>' does not contain a definition for 'ParameterAdjustmentProbability' and no accessible extension method 'ParameterAdjustmentProbability' accepting a first argument of type 'OptimizationAlgorithmOptions<T, TInput, TOutput>' could be found (are you missing a using directive or an assembly reference?) [C:\Users\cheat\source\repos\AiDotNet\.worktrees\fix-us-bf-032-expressiontree\src\AiDotNet.csproj::TargetFramework=net462]
C:\Users\cheat\source\repos\AiDotNet\.worktrees\fix-us-bf-032-expressiontree\src\Optimizers\OptimizerBase.cs(594,33): error CS1061: 'OptimizationAlgorithmOptions<T, TInput, TOutput>' does not contain a definition for 'ParameterAdjustmentScale' and no accessible extension method 'ParameterAdjustmentScale' accepting a first argument of type 'OptimizationAlgorithmOptions<T, TInput, TOutput>' could be found (are you missing a using directive or an assembly reference?) [C:\Users\cheat\source\repos\AiDotNet\.worktrees\fix-us-bf-032-expressiontree\src\AiDotNet.csproj::TargetFramework=net462]
C:\Users\cheat\source\repos\AiDotNet\.worktrees\fix-us-bf-032-expressiontree\src\Optimizers\OptimizerBase.cs(595,33): error CS1061: 'OptimizationAlgorithmOptions<T, TInput, TOutput>' does not contain a definition for 'SignFlipProbability' and no accessible extension method 'SignFlipProbability' accepting a first argument of type 'OptimizationAlgorithmOptions<T, TInput, TOutput>' could be found (are you missing a using directive or an assembly reference?) [C:\Users\cheat\source\repos\AiDotNet\.worktrees\fix-us-bf-032-expressiontree\src\AiDotNet.csproj::TargetFramework=net462]
C:\Users\cheat\source\repos\AiDotNet\.worktrees\fix-us-bf-032-expressiontree\src\Regression\NeuralNetworkRegression.cs(84,48): error CS7036: There is no argument given that corresponds to the required parameter 'model' of 'AdamOptimizer<T, Matrix<T>, Vector<T>>.AdamOptimizer(IFullModel<T, Matrix<T>, Vector<T>>, AdamOptimizerOptions<T, Matrix<T>, Vector<T>>?)' [C:\Users\cheat\source\repos\AiDotNet\.worktrees\fix-us-bf-032-expressiontree\src\AiDotNet.csproj::TargetFramework=net462]
C:\Users\cheat\source\repos\AiDotNet\.worktrees\fix-us-bf-032-expressiontree\src\NeuralNetworks\FeedForwardNeuralNetwork.cs(76,39): error CS7036: There is no argument given that corresponds to the required parameter 'model' of 'AdamOptimizer<T, Tensor<T>, Tensor<T>>.AdamOptimizer(IFullModel<T, Tensor<T>, Tensor<T>>, AdamOptimizerOptions<T, Tensor<T>, Tensor<T>>?)' [C:\Users\cheat\source\repos\AiDotNet\.worktrees\fix-us-bf-032-expressiontree\src\AiDotNet.csproj::TargetFramework=net462]
C:\Users\cheat\source\repos\AiDotNet\.worktrees\fix-us-bf-032-expressiontree\src\NeuralNetworks\DifferentiableNeuralComputer.cs(677,29): error CS7036: There is no argument given that corresponds to the required parameter 'model' of 'GradientDescentOptimizer<T, Tensor<T>, Tensor<T>>.GradientDescentOptimizer(IFullModel<T, Tensor<T>, Tensor<T>>, GradientDescentOptimizerOptions<T, Tensor<T>, Tensor<T>>?)' [C:\Users\cheat\source\repos\AiDotNet\.worktrees\fix-us-bf-032-expressiontree\src\AiDotNet.csproj::TargetFramework=net462]
C:\Users\cheat\source\repos\AiDotNet\.worktrees\fix-us-bf-032-expressiontree\src\NeuralNetworks\GraphNeuralNetwork.cs(547,29): error CS7036: There is no argument given that corresponds to the required parameter 'model' of 'AdamOptimizer<T, Tensor<T>, Tensor<T>>.AdamOptimizer(IFullModel<T, Tensor<T>, Tensor<T>>, AdamOptimizerOptions<T, Tensor<T>, Tensor<T>>?)' [C:\Users\cheat\source\repos\AiDotNet\.worktrees\fix-us-bf-032-expressiontree\src\AiDotNet.csproj::TargetFramework=net462]
C:\Users\cheat\source\repos\AiDotNet\.worktrees\fix-us-bf-032-expressiontree\src\NeuralNetworks\GraphNeuralNetwork.cs(611,29): error CS7036: There is no argument given that corresponds to the required parameter 'model' of 'AdamOptimizer<T, Tensor<T>, Tensor<T>>.AdamOptimizer(IFullModel<T, Tensor<T>, Tensor<T>>, AdamOptimizerOptions<T, Tensor<T>, Tensor<T>>?)' [C:\Users\cheat\source\repos\AiDotNet\.worktrees\fix-us-bf-032-expressiontree\src\AiDotNet.csproj::TargetFramework=net462]
C:\Users\cheat\source\repos\AiDotNet\.worktrees\fix-us-bf-032-expressiontree\src\NeuralNetworks\LiquidStateMachine.cs(449,29): error CS7036: There is no argument given that corresponds to the required parameter 'model' of 'GradientDescentOptimizer<T, Tensor<T>, Tensor<T>>.GradientDescentOptimizer(IFullModel<T, Tensor<T>, Tensor<T>>, GradientDescentOptimizerOptions<T, Tensor<T>, Tensor<T>>?)' [C:\Users\cheat\source\repos\AiDotNet\.worktrees\fix-us-bf-032-expressiontree\src\AiDotNet.csproj::TargetFramework=net462]
C:\Users\cheat\source\repos\AiDotNet\.worktrees\fix-us-bf-032-expressiontree\src\Evaluation\DefaultModelEvaluator.cs(194,41): error CS1729: 'PredictionModelResult<T, TInput, TOutput>' does not contain a constructor that takes 3 arguments [C:\Users\cheat\source\repos\AiDotNet\.worktrees\fix-us-bf-032-expressiontree\src\AiDotNet.csproj::TargetFramework=net7.0]
C:\Users\cheat\source\repos\AiDotNet\.worktrees\fix-us-bf-032-expressiontree\src\AutoML\AutoMLModelBase.cs(371,23): error CS1061: 'IFullModel<T, TInput, TOutput>' does not contain a definition for 'LoadFromFile' and no accessible extension method 'LoadFromFile' accepting a first argument of type 'IFullModel<T, TInput, TOutput>' could be found (are you missing a using directive or an assembly reference?) [C:\Users\cheat\source\repos\AiDotNet\.worktrees\fix-us-bf-032-expressiontree\src\AiDotNet.csproj::TargetFramework=net7.0]
C:\Users\cheat\source\repos\AiDotNet\.worktrees\fix-us-bf-032-expressiontree\src\Models\VectorModel.cs(119,12): error CS8618: Non-nullable field '_sensitiveFeatures' must contain a non-null value when exiting constructor. Consider adding the 'required' modifier or declaring the field as nullable. [C:\Users\cheat\source\repos\AiDotNet\.worktrees\fix-us-bf-032-expressiontree\src\AiDotNet.csproj::TargetFramework=net7.0]
C:\Users\cheat\source\repos\AiDotNet\.worktrees\fix-us-bf-032-expressiontree\src\LinearAlgebra\ExpressionTree.cs(332,13): error CS8602: Dereference of a possibly null reference. [C:\Users\cheat\source\repos\AiDotNet\.worktrees\fix-us-bf-032-expressiontree\src\AiDotNet.csproj::TargetFramework=net7.0]
C:\Users\cheat\source\repos\AiDotNet\.worktrees\fix-us-bf-032-expressiontree\src\LinearAlgebra\ExpressionTree.cs(390,13): error CS8602: Dereference of a possibly null reference. [C:\Users\cheat\source\repos\AiDotNet\.worktrees\fix-us-bf-032-expressiontree\src\AiDotNet.csproj::TargetFramework=net7.0]
C:\Users\cheat\source\repos\AiDotNet\.worktrees\fix-us-bf-032-expressiontree\src\LinearAlgebra\ExpressionTree.cs(431,30): error CS8602: Dereference of a possibly null reference. [C:\Users\cheat\source\repos\AiDotNet\.worktrees\fix-us-bf-032-expressiontree\src\AiDotNet.csproj::TargetFramework=net7.0]
C:\Users\cheat\source\repos\AiDotNet\.worktrees\fix-us-bf-032-expressiontree\src\LinearAlgebra\ExpressionTree.cs(433,17): error CS8602: Dereference of a possibly null reference. [C:\Users\cheat\source\repos\AiDotNet\.worktrees\fix-us-bf-032-expressiontree\src\AiDotNet.csproj::TargetFramework=net7.0]
C:\Users\cheat\source\repos\AiDotNet\.worktrees\fix-us-bf-032-expressiontree\src\LinearAlgebra\ExpressionTree.cs(469,18): error CS8602: Dereference of a possibly null reference. [C:\Users\cheat\source\repos\AiDotNet\.worktrees\fix-us-bf-032-expressiontree\src\AiDotNet.csproj::TargetFramework=net7.0]
C:\Users\cheat\source\repos\AiDotNet\.worktrees\fix-us-bf-032-expressiontree\src\LinearAlgebra\ExpressionTree.cs(497,13): error CS8602: Dereference of a possibly null reference. [C:\Users\cheat\source\repos\AiDotNet\.worktrees\fix-us-bf-032-expressiontree\src\AiDotNet.csproj::TargetFramework=net7.0]
C:\Users\cheat\source\repos\AiDotNet\.worktrees\fix-us-bf-032-expressiontree\src\NeuralNetworks\VariationalAutoencoder.cs(144,39): error CS7036: There is no argument given that corresponds to the required parameter 'model' of 'AdamOptimizer<T, Tensor<T>, Tensor<T>>.AdamOptimizer(IFullModel<T, Tensor<T>, Tensor<T>>, AdamOptimizerOptions<T, Tensor<T>, Tensor<T>>?)' [C:\Users\cheat\source\repos\AiDotNet\.worktrees\fix-us-bf-032-expressiontree\src\AiDotNet.csproj::TargetFramework=net7.0]
C:\Users\cheat\source\repos\AiDotNet\.worktrees\fix-us-bf-032-expressiontree\src\PredictionModelBuilder.cs(237,20): error CS1729: 'PredictionModelResult<T, TInput, TOutput>' does not contain a constructor that takes 3 arguments [C:\Users\cheat\source\repos\AiDotNet\.worktrees\fix-us-bf-032-expressiontree\src\AiDotNet.csproj::TargetFramework=net7.0]
C:\Users\cheat\source\repos\AiDotNet\.worktrees\fix-us-bf-032-expressiontree\src\NeuralNetworks\VariationalAutoencoder.cs(772,130): error CS7036: There is no argument given that corresponds to the required parameter 'model' of 'AdamOptimizer<T, Tensor<T>, Tensor<T>>.AdamOptimizer(IFullModel<T, Tensor<T>, Tensor<T>>, AdamOptimizerOptions<T, Tensor<T>, Tensor<T>>?)' [C:\Users\cheat\source\repos\AiDotNet\.worktrees\fix-us-bf-032-expressiontree\src\AiDotNet.csproj::TargetFramework=net7.0]
C:\Users\cheat\source\repos\AiDotNet\.worktrees\fix-us-bf-032-expressiontree\src\NeuralNetworks\Transformer.cs(117,39): error CS7036: There is no argument given that corresponds to the required parameter 'model' of 'GradientDescentOptimizer<T, Tensor<T>, Tensor<T>>.GradientDescentOptimizer(IFullModel<T, Tensor<T>, Tensor<T>>, GradientDescentOptimizerOptions<T, Tensor<T>, Tensor<T>>?)' [C:\Users\cheat\source\repos\AiDotNet\.worktrees\fix-us-bf-032-expressiontree\src\AiDotNet.csproj::TargetFramework=net7.0]
C:\Users\cheat\source\repos\AiDotNet\.worktrees\fix-us-bf-032-expressiontree\src\NeuralNetworks\Transformer.cs(475,130): error CS7036: There is no argument given that corresponds to the required parameter 'model' of 'GradientDescentOptimizer<T, Tensor<T>, Tensor<T>>.GradientDescentOptimizer(IFullModel<T, Tensor<T>, Tensor<T>>, GradientDescentOptimizerOptions<T, Tensor<T>, Tensor<T>>?)' [C:\Users\cheat\source\repos\AiDotNet\.worktrees\fix-us-bf-032-expressiontree\src\AiDotNet.csproj::TargetFramework=net7.0]
C:\Users\cheat\source\repos\AiDotNet\.worktrees\fix-us-bf-032-expressiontree\src\Optimizers\BayesianOptimizer.cs(56,11): error CS7036: There is no argument given that corresponds to the required parameter 'options' of 'OptimizerBase<T, TInput, TOutput>.OptimizerBase(IFullModel<T, TInput, TOutput>, OptimizationAlgorithmOptions<T, TInput, TOutput>)' [C:\Users\cheat\source\repos\AiDotNet\.worktrees\fix-us-bf-032-expressiontree\src\AiDotNet.csproj::TargetFramework=net7.0]
C:\Users\cheat\source\repos\AiDotNet\.worktrees\fix-us-bf-032-expressiontree\src\Optimizers\BayesianOptimizer.cs(61,87): error CS1061: 'BayesianOptimizerOptions<T, TInput, TOutput>' does not contain a definition for 'KernelFunction' and no accessible extension method 'KernelFunction' accepting a first argument of type 'BayesianOptimizerOptions<T, TInput, TOutput>' could be found (are you missing a using directive or an assembly reference?) [C:\Users\cheat\source\repos\AiDotNet\.worktrees\fix-us-bf-032-expressiontree\src\AiDotNet.csproj::TargetFramework=net7.0]
C:\Users\cheat\source\repos\AiDotNet\.worktrees\fix-us-bf-032-expressiontree\src\Models\Results\PredictionModelResult.cs(199,31): error CS1061: 'IFullModel<T, TInput, TOutput>' does not contain a definition for 'GetModelMetadata' and no accessible extension method 'GetModelMetadata' accepting a first argument of type 'IFullModel<T, TInput, TOutput>' could be found (are you missing a using directive or an assembly reference?) [C:\Users\cheat\source\repos\AiDotNet\.worktrees\fix-us-bf-032-expressiontree\src\AiDotNet.csproj::TargetFramework=net7.0]
C:\Users\cheat\source\repos\AiDotNet\.worktrees\fix-us-bf-032-expressiontree\src\Optimizers\BFGSOptimizer.cs(64,11): error CS7036: There is no argument given that corresponds to the required parameter 'options' of 'GradientBasedOptimizerBase<T, TInput, TOutput>.GradientBasedOptimizerBase(IFullModel<T, TInput, TOutput>, GradientBasedOptimizerOptions<T, TInput, TOutput>)' [C:\Users\cheat\source\repos\AiDotNet\.worktrees\fix-us-bf-032-expressiontree\src\AiDotNet.csproj::TargetFramework=net7.0]
C:\Users\cheat\source\repos\AiDotNet\.worktrees\fix-us-bf-032-expressiontree\src\Models\Results\PredictionModelResult.cs(342,13): error CS0103: The name 'JsonConverterRegistry' does not exist in the current context [C:\Users\cheat\source\repos\AiDotNet\.worktrees\fix-us-bf-032-expressiontree\src\AiDotNet.csproj::TargetFramework=net7.0]
C:\Users\cheat\source\repos\AiDotNet\.worktrees\fix-us-bf-032-expressiontree\src\Models\Results\PredictionModelResult.cs(352,33): error CS0103: The name 'JsonConverterRegistry' does not exist in the current context [C:\Users\cheat\source\repos\AiDotNet\.worktrees\fix-us-bf-032-expressiontree\src\AiDotNet.csproj::TargetFramework=net7.0]
C:\Users\cheat\source\repos\AiDotNet\.worktrees\fix-us-bf-032-expressiontree\src\Models\Results\PredictionModelResult.cs(355,42): error CS0103: The name 'JsonConverterRegistry' does not exist in the current context [C:\Users\cheat\source\repos\AiDotNet\.worktrees\fix-us-bf-032-expressiontree\src\AiDotNet.csproj::TargetFramework=net7.0]
C:\Users\cheat\source\repos\AiDotNet\.worktrees\fix-us-bf-032-expressiontree\src\Models\Results\PredictionModelResult.cs(409,13): error CS0103: The name 'JsonConverterRegistry' does not exist in the current context [C:\Users\cheat\source\repos\AiDotNet\.worktrees\fix-us-bf-032-expressiontree\src\AiDotNet.csproj::TargetFramework=net7.0]
C:\Users\cheat\source\repos\AiDotNet\.worktrees\fix-us-bf-032-expressiontree\src\Models\Results\PredictionModelResult.cs(420,33): error CS0103: The name 'JsonConverterRegistry' does not exist in the current context [C:\Users\cheat\source\repos\AiDotNet\.worktrees\fix-us-bf-032-expressiontree\src\AiDotNet.csproj::TargetFramework=net7.0]
C:\Users\cheat\source\repos\AiDotNet\.worktrees\fix-us-bf-032-expressiontree\src\Models\Results\PredictionModelResult.cs(423,42): error CS0103: The name 'JsonConverterRegistry' does not exist in the current context [C:\Users\cheat\source\repos\AiDotNet\.worktrees\fix-us-bf-032-expressiontree\src\AiDotNet.csproj::TargetFramework=net7.0]
C:\Users\cheat\source\repos\AiDotNet\.worktrees\fix-us-bf-032-expressiontree\src\Models\VectorModel.cs(1085,47): error CS0411: The type arguments for method 'InterpretableModelHelper.GetGlobalFeatureImportanceAsync<T>(IInterpretableModel<T>, HashSet<InterpretationMethod>)' cannot be inferred from the usage. Try specifying the type arguments explicitly. [C:\Users\cheat\source\repos\AiDotNet\.worktrees\fix-us-bf-032-expressiontree\src\AiDotNet.csproj::TargetFramework=net7.0]
C:\Users\cheat\source\repos\AiDotNet\.worktrees\fix-us-bf-032-expressiontree\src\Models\VectorModel.cs(1093,47): error CS0411: The type arguments for method 'InterpretableModelHelper.GetLocalFeatureImportanceAsync<T>(IInterpretableModel<T>, HashSet<InterpretationMethod>, Tensor<T>)' cannot be inferred from the usage. Try specifying the type arguments explicitly. [C:\Users\cheat\source\repos\AiDotNet\.worktrees\fix-us-bf-032-expressiontree\src\AiDotNet.csproj::TargetFramework=net7.0]
C:\Users\cheat\source\repos\AiDotNet\.worktrees\fix-us-bf-032-expressiontree\src\Models\Options\MultilayerPerceptronRegressionOptions.cs(433,107): error CS1503: Argument 1: cannot convert from 'AiDotNet.Models.Options.AdamOptimizerOptions<T, TInput, TOutput>' to 'AiDotNet.Interfaces.IFullModel<T, TInput, TOutput>' [C:\Users\cheat\source\repos\AiDotNet\.worktrees\fix-us-bf-032-expressiontree\src\AiDotNet.csproj::TargetFramework=net7.0]
C:\Users\cheat\source\repos\AiDotNet\.worktrees\fix-us-bf-032-expressiontree\src\Models\VectorModel.cs(1101,47): error CS7036: There is no argument given that corresponds to the required parameter 'inputs' of 'InterpretableModelHelper.GetShapValuesAsync<T>(IInterpretableModel<T>, HashSet<InterpretationMethod>, Tensor<T>)' [C:\Users\cheat\source\repos\AiDotNet\.worktrees\fix-us-bf-032-expressiontree\src\AiDotNet.csproj::TargetFramework=net7.0]
C:\Users\cheat\source\repos\AiDotNet\.worktrees\fix-us-bf-032-expressiontree\src\Models\VectorModel.cs(1109,47): error CS7036: There is no argument given that corresponds to the required parameter 'input' of 'InterpretableModelHelper.GetLimeExplanationAsync<T>(IInterpretableModel<T>, HashSet<InterpretationMethod>, Tensor<T>, int)' [C:\Users\cheat\source\repos\AiDotNet\.worktrees\fix-us-bf-032-expressiontree\src\AiDotNet.csproj::TargetFramework=net7.0]
C:\Users\cheat\source\repos\AiDotNet\.worktrees\fix-us-bf-032-expressiontree\src\Models\VectorModel.cs(1117,76): error CS1503: Argument 1: cannot convert from 'System.Collections.Generic.HashSet<AiDotNet.Interpretability.InterpretationMethod>' to 'AiDotNet.Interfaces.IInterpretableModel<T>' [C:\Users\cheat\source\repos\AiDotNet\.worktrees\fix-us-bf-032-expressiontree\src\AiDotNet.csproj::TargetFramework=net7.0]
C:\Users\cheat\source\repos\AiDotNet\.worktrees\fix-us-bf-032-expressiontree\src\Models\VectorModel.cs(1117,93): error CS1503: Argument 2: cannot convert from 'AiDotNet.LinearAlgebra.Vector<int>' to 'System.Collections.Generic.HashSet<AiDotNet.Interpretability.InterpretationMethod>' [C:\Users\cheat\source\repos\AiDotNet\.worktrees\fix-us-bf-032-expressiontree\src\AiDotNet.csproj::TargetFramework=net7.0]
C:\Users\cheat\source\repos\AiDotNet\.worktrees\fix-us-bf-032-expressiontree\src\Models\VectorModel.cs(1117,109): error CS1503: Argument 3: cannot convert from 'int' to 'AiDotNet.LinearAlgebra.Vector<int>' [C:\Users\cheat\source\repos\AiDotNet\.worktrees\fix-us-bf-032-expressiontree\src\AiDotNet.csproj::TargetFramework=net7.0]
C:\Users\cheat\source\repos\AiDotNet\.worktrees\fix-us-bf-032-expressiontree\src\Models\VectorModel.cs(1125,47): error CS7036: There is no argument given that corresponds to the required parameter 'input' of 'InterpretableModelHelper.GetCounterfactualAsync<T>(IInterpretableModel<T>, HashSet<InterpretationMethod>, Tensor<T>, Tensor<T>, int)' [C:\Users\cheat\source\repos\AiDotNet\.worktrees\fix-us-bf-032-expressiontree\src\AiDotNet.csproj::TargetFramework=net7.0]
C:\Users\cheat\source\repos\AiDotNet\.worktrees\fix-us-bf-032-expressiontree\src\Models\VectorModel.cs(1133,47): error CS0411: The type arguments for method 'InterpretableModelHelper.GetModelSpecificInterpretabilityAsync<T>(IInterpretableModel<T>)' cannot be inferred from the usage. Try specifying the type arguments explicitly. [C:\Users\cheat\source\repos\AiDotNet\.worktrees\fix-us-bf-032-expressiontree\src\AiDotNet.csproj::TargetFramework=net7.0]
C:\Users\cheat\source\repos\AiDotNet\.worktrees\fix-us-bf-032-expressiontree\src\Models\VectorModel.cs(1141,47): error CS0411: The type arguments for method 'InterpretableModelHelper.GenerateTextExplanationAsync<T>(IInterpretableModel<T>, Tensor<T>, Tensor<T>)' cannot be inferred from the usage. Try specifying the type arguments explicitly. [C:\Users\cheat\source\repos\AiDotNet\.worktrees\fix-us-bf-032-expressiontree\src\AiDotNet.csproj::TargetFramework=net7.0]
C:\Users\cheat\source\repos\AiDotNet\.worktrees\fix-us-bf-032-expressiontree\src\Models\VectorModel.cs(1165,47): error CS7036: There is no argument given that corresponds to the required parameter 'input' of 'InterpretableModelHelper.GetAnchorExplanationAsync<T>(IInterpretableModel<T>, HashSet<InterpretationMethod>, Tensor<T>, T)' [C:\Users\cheat\source\repos\AiDotNet\.worktrees\fix-us-bf-032-expressiontree\src\AiDotNet.csproj::TargetFramework=net7.0]
C:\Users\cheat\source\repos\AiDotNet\.worktrees\fix-us-bf-032-expressiontree\src\Optimizers\BayesianOptimizer.cs(272,52): error CS1061: 'BayesianOptimizerOptions<T, TInput, TOutput>' does not contain a definition for 'KernelFunction' and no accessible extension method 'KernelFunction' accepting a first argument of type 'BayesianOptimizerOptions<T, TInput, TOutput>' could be found (are you missing a using directive or an assembly reference?) [C:\Users\cheat\source\repos\AiDotNet\.worktrees\fix-us-bf-032-expressiontree\src\AiDotNet.csproj::TargetFramework=net7.0]
C:\Users\cheat\source\repos\AiDotNet\.worktrees\fix-us-bf-032-expressiontree\src\Optimizers\BayesianOptimizer.cs(378,72): error CS1061: 'BayesianOptimizerOptions<T, TInput, TOutput>' does not contain a definition for 'KernelFunction' and no accessible extension method 'KernelFunction' accepting a first argument of type 'BayesianOptimizerOptions<T, TInput, TOutput>' could be found (are you missing a using directive or an assembly reference?) [C:\Users\cheat\source\repos\AiDotNet\.worktrees\fix-us-bf-032-expressiontree\src\AiDotNet.csproj::TargetFramework=net7.0]
C:\Users\cheat\source\repos\AiDotNet\.worktrees\fix-us-bf-032-expressiontree\src\Optimizers\CMAESOptimizer.cs(74,11): error CS7036: There is no argument given that corresponds to the required parameter 'options' of 'OptimizerBase<T, TInput, TOutput>.OptimizerBase(IFullModel<T, TInput, TOutput>, OptimizationAlgorithmOptions<T, TInput, TOutput>)' [C:\Users\cheat\source\repos\AiDotNet\.worktrees\fix-us-bf-032-expressiontree\src\AiDotNet.csproj::TargetFramework=net7.0]
C:\Users\cheat\source\repos\AiDotNet\.worktrees\fix-us-bf-032-expressiontree\src\Optimizers\ConjugateGradientOptimizer.cs(60,11): error CS7036: There is no argument given that corresponds to the required parameter 'options' of 'GradientBasedOptimizerBase<T, TInput, TOutput>.GradientBasedOptimizerBase(IFullModel<T, TInput, TOutput>, GradientBasedOptimizerOptions<T, TInput, TOutput>)' [C:\Users\cheat\source\repos\AiDotNet\.worktrees\fix-us-bf-032-expressiontree\src\AiDotNet.csproj::TargetFramework=net7.0]
C:\Users\cheat\source\repos\AiDotNet\.worktrees\fix-us-bf-032-expressiontree\src\Regression\SymbolicRegression.cs(326,77): error CS1503: Argument 1: cannot convert from 'AiDotNet.Models.Options.GeneticAlgorithmOptimizerOptions<T, AiDotNet.LinearAlgebra.Matrix<T>, AiDotNet.LinearAlgebra.Vector<T>>' to 'AiDotNet.Interfaces.IFullModel<T, AiDotNet.LinearAlgebra.Matrix<T>, AiDotNet.LinearAlgebra.Vector<T>>' [C:\Users\cheat\source\repos\AiDotNet\.worktrees\fix-us-bf-032-expressiontree\src\AiDotNet.csproj::TargetFramework=net7.0]
C:\Users\cheat\source\repos\AiDotNet\.worktrees\fix-us-bf-032-expressiontree\src\Optimizers\CoordinateDescentOptimizer.cs(60,11): error CS7036: There is no argument given that corresponds to the required parameter 'options' of 'GradientBasedOptimizerBase<T, TInput, TOutput>.GradientBasedOptimizerBase(IFullModel<T, TInput, TOutput>, GradientBasedOptimizerOptions<T, TInput, TOutput>)' [C:\Users\cheat\source\repos\AiDotNet\.worktrees\fix-us-bf-032-expressiontree\src\AiDotNet.csproj::TargetFramework=net7.0]
C:\Users\cheat\source\repos\AiDotNet\.worktrees\fix-us-bf-032-expressiontree\src\Optimizers\ParticleSwarmOptimizer.cs(162,21): error CS0103: The name '_fitnessCalculator' does not exist in the current context [C:\Users\cheat\source\repos\AiDotNet\.worktrees\fix-us-bf-032-expressiontree\src\AiDotNet.csproj::TargetFramework=net7.0]
C:\Users\cheat\source\repos\AiDotNet\.worktrees\fix-us-bf-032-expressiontree\src\Optimizers\ParticleSwarmOptimizer.cs(175,21): error CS0103: The name '_fitnessCalculator' does not exist in the current context [C:\Users\cheat\source\repos\AiDotNet\.worktrees\fix-us-bf-032-expressiontree\src\AiDotNet.csproj::TargetFramework=net7.0]
C:\Users\cheat\source\repos\AiDotNet\.worktrees\fix-us-bf-032-expressiontree\src\Optimizers\DFPOptimizer.cs(60,11): error CS7036: There is no argument given that corresponds to the required parameter 'options' of 'GradientBasedOptimizerBase<T, TInput, TOutput>.GradientBasedOptimizerBase(IFullModel<T, TInput, TOutput>, GradientBasedOptimizerOptions<T, TInput, TOutput>)' [C:\Users\cheat\source\repos\AiDotNet\.worktrees\fix-us-bf-032-expressiontree\src\AiDotNet.csproj::TargetFramework=net7.0]
C:\Users\cheat\source\repos\AiDotNet\.worktrees\fix-us-bf-032-expressiontree\src\Optimizers\FTRLOptimizer.cs(64,11): error CS7036: There is no argument given that corresponds to the required parameter 'options' of 'GradientBasedOptimizerBase<T, TInput, TOutput>.GradientBasedOptimizerBase(IFullModel<T, TInput, TOutput>, GradientBasedOptimizerOptions<T, TInput, TOutput>)' [C:\Users\cheat\source\repos\AiDotNet\.worktrees\fix-us-bf-032-expressiontree\src\AiDotNet.csproj::TargetFramework=net7.0]
C:\Users\cheat\source\repos\AiDotNet\.worktrees\fix-us-bf-032-expressiontree\src\Optimizers\OptimizerBase.cs(319,38): error CS1061: 'IModelCache<T, TInput, TOutput>' does not contain a definition for 'GenerateCacheKey' and no accessible extension method 'GenerateCacheKey' accepting a first argument of type 'IModelCache<T, TInput, TOutput>' could be found (are you missing a using directive or an assembly reference?) [C:\Users\cheat\source\repos\AiDotNet\.worktrees\fix-us-bf-032-expressiontree\src\AiDotNet.csproj::TargetFramework=net7.0]
C:\Users\cheat\source\repos\AiDotNet\.worktrees\fix-us-bf-032-expressiontree\src\Optimizers\OptimizerBase.cs(358,38): error CS1061: 'IModelCache<T, TInput, TOutput>' does not contain a definition for 'GenerateCacheKey' and no accessible extension method 'GenerateCacheKey' accepting a first argument of type 'IModelCache<T, TInput, TOutput>' could be found (are you missing a using directive or an assembly reference?) [C:\Users\cheat\source\repos\AiDotNet\.worktrees\fix-us-bf-032-expressiontree\src\AiDotNet.csproj::TargetFramework=net7.0]
C:\Users\cheat\source\repos\AiDotNet\.worktrees\fix-us-bf-032-expressiontree\src\Optimizers\OptimizerBase.cs(478,47): error CS1061: 'IFullModel<T, TInput, TOutput>' does not contain a definition for 'GetModelMetadata' and no accessible extension method 'GetModelMetadata' accepting a first argument of type 'IFullModel<T, TInput, TOutput>' could be found (are you missing a using directive or an assembly reference?) [C:\Users\cheat\source\repos\AiDotNet\.worktrees\fix-us-bf-032-expressiontree\src\AiDotNet.csproj::TargetFramework=net7.0]
C:\Users\cheat\source\repos\AiDotNet\.worktrees\fix-us-bf-032-expressiontree\src\Optimizers\OptimizerBase.cs(484,17): error CS1729: 'OptimizationResult<T, TInput, TOutput>.DatasetResult' does not contain a constructor that takes 1 arguments [C:\Users\cheat\source\repos\AiDotNet\.worktrees\fix-us-bf-032-expressiontree\src\AiDotNet.csproj::TargetFramework=net7.0]
C:\Users\cheat\source\repos\AiDotNet\.worktrees\fix-us-bf-032-expressiontree\src\Optimizers\OptimizerBase.cs(494,17): error CS1729: 'OptimizationResult<T, TInput, TOutput>.DatasetResult' does not contain a constructor that takes 1 arguments [C:\Users\cheat\source\repos\AiDotNet\.worktrees\fix-us-bf-032-expressiontree\src\AiDotNet.csproj::TargetFramework=net7.0]
C:\Users\cheat\source\repos\AiDotNet\.worktrees\fix-us-bf-032-expressiontree\src\Optimizers\OptimizerBase.cs(504,17): error CS1729: 'OptimizationResult<T, TInput, TOutput>.DatasetResult' does not contain a constructor that takes 1 arguments [C:\Users\cheat\source\repos\AiDotNet\.worktrees\fix-us-bf-032-expressiontree\src\AiDotNet.csproj::TargetFramework=net7.0]
C:\Users\cheat\source\repos\AiDotNet\.worktrees\fix-us-bf-032-expressiontree\src\NeuralNetworks\ConvolutionalNeuralNetwork.cs(78,39): error CS7036: There is no argument given that corresponds to the required parameter 'model' of 'AdamOptimizer<T, Tensor<T>, Tensor<T>>.AdamOptimizer(IFullModel<T, Tensor<T>, Tensor<T>>, AdamOptimizerOptions<T, Tensor<T>, Tensor<T>>?)' [C:\Users\cheat\source\repos\AiDotNet\.worktrees\fix-us-bf-032-expressiontree\src\AiDotNet.csproj::TargetFramework=net7.0]
C:\Users\cheat\source\repos\AiDotNet\.worktrees\fix-us-bf-032-expressiontree\src\Optimizers\OptimizerBase.cs(569,25): error CS1061: 'OptimizationAlgorithmOptions<T, TInput, TOutput>' does not contain a definition for 'OptimizationMode' and no accessible extension method 'OptimizationMode' accepting a first argument of type 'OptimizationAlgorithmOptions<T, TInput, TOutput>' could be found (are you missing a using directive or an assembly reference?) [C:\Users\cheat\source\repos\AiDotNet\.worktrees\fix-us-bf-032-expressiontree\src\AiDotNet.csproj::TargetFramework=net7.0]
C:\Users\cheat\source\repos\AiDotNet\.worktrees\fix-us-bf-032-expressiontree\src\Optimizers\OptimizerBase.cs(571,18): error CS0103: The name 'OptimizationMode' does not exist in the current context [C:\Users\cheat\source\repos\AiDotNet\.worktrees\fix-us-bf-032-expressiontree\src\AiDotNet.csproj::TargetFramework=net7.0]
C:\Users\cheat\source\repos\AiDotNet\.worktrees\fix-us-bf-032-expressiontree\src\Optimizers\OptimizerBase.cs(575,18): error CS0103: The name 'OptimizationMode' does not exist in the current context [C:\Users\cheat\source\repos\AiDotNet\.worktrees\fix-us-bf-032-expressiontree\src\AiDotNet.csproj::TargetFramework=net7.0]
C:\Users\cheat\source\repos\AiDotNet\.worktrees\fix-us-bf-032-expressiontree\src\Optimizers\OptimizerBase.cs(578,29): error CS1061: 'OptimizationAlgorithmOptions<T, TInput, TOutput>' does not contain a definition for 'ParameterAdjustmentScale' and no accessible extension method 'ParameterAdjustmentScale' accepting a first argument of type 'OptimizationAlgorithmOptions<T, TInput, TOutput>' could be found (are you missing a using directive or an assembly reference?) [C:\Users\cheat\source\repos\AiDotNet\.worktrees\fix-us-bf-032-expressiontree\src\AiDotNet.csproj::TargetFramework=net7.0]
C:\Users\cheat\source\repos\AiDotNet\.worktrees\fix-us-bf-032-expressiontree\src\Optimizers\OptimizerBase.cs(579,29): error CS1061: 'OptimizationAlgorithmOptions<T, TInput, TOutput>' does not contain a definition for 'SignFlipProbability' and no accessible extension method 'SignFlipProbability' accepting a first argument of type 'OptimizationAlgorithmOptions<T, TInput, TOutput>' could be found (are you missing a using directive or an assembly reference?) [C:\Users\cheat\source\repos\AiDotNet\.worktrees\fix-us-bf-032-expressiontree\src\AiDotNet.csproj::TargetFramework=net7.0]
C:\Users\cheat\source\repos\AiDotNet\.worktrees\fix-us-bf-032-expressiontree\src\Optimizers\OptimizerBase.cs(582,18): error CS0103: The name 'OptimizationMode' does not exist in the current context [C:\Users\cheat\source\repos\AiDotNet\.worktrees\fix-us-bf-032-expressiontree\src\AiDotNet.csproj::TargetFramework=net7.0]
C:\Users\cheat\source\repos\AiDotNet\.worktrees\fix-us-bf-032-expressiontree\src\Optimizers\OptimizerBase.cs(585,51): error CS1061: 'OptimizationAlgorithmOptions<T, TInput, TOutput>' does not contain a definition for 'FeatureSelectionProbability' and no accessible extension method 'FeatureSelectionProbability' accepting a first argument of type 'OptimizationAlgorithmOptions<T, TInput, TOutput>' could be found (are you missing a using directive or an assembly reference?) [C:\Users\cheat\source\repos\AiDotNet\.worktrees\fix-us-bf-032-expressiontree\src\AiDotNet.csproj::TargetFramework=net7.0]
C:\Users\cheat\source\repos\AiDotNet\.worktrees\fix-us-bf-032-expressiontree\src\Optimizers\OptimizerBase.cs(590,51): error CS1061: 'OptimizationAlgorithmOptions<T, TInput, TOutput>' does not contain a definition for 'ParameterAdjustmentProbability' and no accessible extension method 'ParameterAdjustmentProbability' accepting a first argument of type 'OptimizationAlgorithmOptions<T, TInput, TOutput>' could be found (are you missing a using directive or an assembly reference?) [C:\Users\cheat\source\repos\AiDotNet\.worktrees\fix-us-bf-032-expressiontree\src\AiDotNet.csproj::TargetFramework=net7.0]
C:\Users\cheat\source\repos\AiDotNet\.worktrees\fix-us-bf-032-expressiontree\src\Optimizers\OptimizerBase.cs(594,33): error CS1061: 'OptimizationAlgorithmOptions<T, TInput, TOutput>' does not contain a definition for 'ParameterAdjustmentScale' and no accessible extension method 'ParameterAdjustmentScale' accepting a first argument of type 'OptimizationAlgorithmOptions<T, TInput, TOutput>' could be found (are you missing a using directive or an assembly reference?) [C:\Users\cheat\source\repos\AiDotNet\.worktrees\fix-us-bf-032-expressiontree\src\AiDotNet.csproj::TargetFramework=net7.0]
C:\Users\cheat\source\repos\AiDotNet\.worktrees\fix-us-bf-032-expressiontree\src\Optimizers\OptimizerBase.cs(595,33): error CS1061: 'OptimizationAlgorithmOptions<T, TInput, TOutput>' does not contain a definition for 'SignFlipProbability' and no accessible extension method 'SignFlipProbability' accepting a first argument of type 'OptimizationAlgorithmOptions<T, TInput, TOutput>' could be found (are you missing a using directive or an assembly reference?) [C:\Users\cheat\source\repos\AiDotNet\.worktrees\fix-us-bf-032-expressiontree\src\AiDotNet.csproj::TargetFramework=net7.0]
C:\Users\cheat\source\repos\AiDotNet\.worktrees\fix-us-bf-032-expressiontree\src\Optimizers\NormalOptimizer.cs(42,5): error CS7036: There is no argument given that corresponds to the required parameter 'options' of 'OptimizerBase<T, TInput, TOutput>.OptimizerBase(IFullModel<T, TInput, TOutput>, OptimizationAlgorithmOptions<T, TInput, TOutput>)' [C:\Users\cheat\source\repos\AiDotNet\.worktrees\fix-us-bf-032-expressiontree\src\AiDotNet.csproj::TargetFramework=net7.0]
C:\Users\cheat\source\repos\AiDotNet\.worktrees\fix-us-bf-032-expressiontree\src\Optimizers\NewtonMethodOptimizer.cs(48,11): error CS7036: There is no argument given that corresponds to the required parameter 'options' of 'GradientBasedOptimizerBase<T, TInput, TOutput>.GradientBasedOptimizerBase(IFullModel<T, TInput, TOutput>, GradientBasedOptimizerOptions<T, TInput, TOutput>)' [C:\Users\cheat\source\repos\AiDotNet\.worktrees\fix-us-bf-032-expressiontree\src\AiDotNet.csproj::TargetFramework=net7.0]
C:\Users\cheat\source\repos\AiDotNet\.worktrees\fix-us-bf-032-expressiontree\src\Optimizers\NelderMeadOptimizer.cs(75,11): error CS7036: There is no argument given that corresponds to the required parameter 'options' of 'OptimizerBase<T, TInput, TOutput>.OptimizerBase(IFullModel<T, TInput, TOutput>, OptimizationAlgorithmOptions<T, TInput, TOutput>)' [C:\Users\cheat\source\repos\AiDotNet\.worktrees\fix-us-bf-032-expressiontree\src\AiDotNet.csproj::TargetFramework=net7.0]
C:\Users\cheat\source\repos\AiDotNet\.worktrees\fix-us-bf-032-expressiontree\src\Optimizers\LBFGSOptimizer.cs(66,11): error CS7036: There is no argument given that corresponds to the required parameter 'options' of 'GradientBasedOptimizerBase<T, TInput, TOutput>.GradientBasedOptimizerBase(IFullModel<T, TInput, TOutput>, GradientBasedOptimizerOptions<T, TInput, TOutput>)' [C:\Users\cheat\source\repos\AiDotNet\.worktrees\fix-us-bf-032-expressiontree\src\AiDotNet.csproj::TargetFramework=net7.0]
C:\Users\cheat\source\repos\AiDotNet\.worktrees\fix-us-bf-032-expressiontree\src\Optimizers\LevenbergMarquardtOptimizer.cs(55,11): error CS7036: There is no argument given that corresponds to the required parameter 'options' of 'GradientBasedOptimizerBase<T, TInput, TOutput>.GradientBasedOptimizerBase(IFullModel<T, TInput, TOutput>, GradientBasedOptimizerOptions<T, TInput, TOutput>)' [C:\Users\cheat\source\repos\AiDotNet\.worktrees\fix-us-bf-032-expressiontree\src\AiDotNet.csproj::TargetFramework=net7.0]
C:\Users\cheat\source\repos\AiDotNet\.worktrees\fix-us-bf-032-expressiontree\src\NeuralNetworks\DifferentiableNeuralComputer.cs(677,29): error CS7036: There is no argument given that corresponds to the required parameter 'model' of 'GradientDescentOptimizer<T, Tensor<T>, Tensor<T>>.GradientDescentOptimizer(IFullModel<T, Tensor<T>, Tensor<T>>, GradientDescentOptimizerOptions<T, Tensor<T>, Tensor<T>>?)' [C:\Users\cheat\source\repos\AiDotNet\.worktrees\fix-us-bf-032-expressiontree\src\AiDotNet.csproj::TargetFramework=net7.0]
C:\Users\cheat\source\repos\AiDotNet\.worktrees\fix-us-bf-032-expressiontree\src\Optimizers\MiniBatchGradientDescentOptimizer.cs(49,11): error CS7036: There is no argument given that corresponds to the required parameter 'options' of 'GradientBasedOptimizerBase<T, TInput, TOutput>.GradientBasedOptimizerBase(IFullModel<T, TInput, TOutput>, GradientBasedOptimizerOptions<T, TInput, TOutput>)' [C:\Users\cheat\source\repos\AiDotNet\.worktrees\fix-us-bf-032-expressiontree\src\AiDotNet.csproj::TargetFramework=net7.0]
C:\Users\cheat\source\repos\AiDotNet\.worktrees\fix-us-bf-032-expressiontree\src\Regression\GeneticAlgorithmRegression.cs(119,77): error CS1503: Argument 1: cannot convert from 'AiDotNet.Models.Options.GeneticAlgorithmOptimizerOptions<T, AiDotNet.LinearAlgebra.Matrix<T>, AiDotNet.LinearAlgebra.Vector<T>>' to 'AiDotNet.Interfaces.IFullModel<T, AiDotNet.LinearAlgebra.Matrix<T>, AiDotNet.LinearAlgebra.Vector<T>>' [C:\Users\cheat\source\repos\AiDotNet\.worktrees\fix-us-bf-032-expressiontree\src\AiDotNet.csproj::TargetFramework=net7.0]
C:\Users\cheat\source\repos\AiDotNet\.worktrees\fix-us-bf-032-expressiontree\src\NeuralNetworks\FeedForwardNeuralNetwork.cs(76,39): error CS7036: There is no argument given that corresponds to the required parameter 'model' of 'AdamOptimizer<T, Tensor<T>, Tensor<T>>.AdamOptimizer(IFullModel<T, Tensor<T>, Tensor<T>>, AdamOptimizerOptions<T, Tensor<T>, Tensor<T>>?)' [C:\Users\cheat\source\repos\AiDotNet\.worktrees\fix-us-bf-032-expressiontree\src\AiDotNet.csproj::TargetFramework=net7.0]
C:\Users\cheat\source\repos\AiDotNet\.worktrees\fix-us-bf-032-expressiontree\src\Regression\GeneticAlgorithmRegression.cs(354,77): error CS1503: Argument 1: cannot convert from 'AiDotNet.Models.Options.GeneticAlgorithmOptimizerOptions<T, AiDotNet.LinearAlgebra.Matrix<T>, AiDotNet.LinearAlgebra.Vector<T>>' to 'AiDotNet.Interfaces.IFullModel<T, AiDotNet.LinearAlgebra.Matrix<T>, AiDotNet.LinearAlgebra.Vector<T>>' [C:\Users\cheat\source\repos\AiDotNet\.worktrees\fix-us-bf-032-expressiontree\src\AiDotNet.csproj::TargetFramework=net7.0]
C:\Users\cheat\source\repos\AiDotNet\.worktrees\fix-us-bf-032-expressiontree\src\Regression\MultilayerPerceptronRegression.cs(147,48): error CS7036: There is no argument given that corresponds to the required parameter 'model' of 'AdamOptimizer<T, Matrix<T>, Vector<T>>.AdamOptimizer(IFullModel<T, Matrix<T>, Vector<T>>, AdamOptimizerOptions<T, Matrix<T>, Vector<T>>?)' [C:\Users\cheat\source\repos\AiDotNet\.worktrees\fix-us-bf-032-expressiontree\src\AiDotNet.csproj::TargetFramework=net7.0]
C:\Users\cheat\source\repos\AiDotNet\.worktrees\fix-us-bf-032-expressiontree\src\NeuralNetworks\GraphNeuralNetwork.cs(547,29): error CS7036: There is no argument given that corresponds to the required parameter 'model' of 'AdamOptimizer<T, Tensor<T>, Tensor<T>>.AdamOptimizer(IFullModel<T, Tensor<T>, Tensor<T>>, AdamOptimizerOptions<T, Tensor<T>, Tensor<T>>?)' [C:\Users\cheat\source\repos\AiDotNet\.worktrees\fix-us-bf-032-expressiontree\src\AiDotNet.csproj::TargetFramework=net7.0]
C:\Users\cheat\source\repos\AiDotNet\.worktrees\fix-us-bf-032-expressiontree\src\NeuralNetworks\GraphNeuralNetwork.cs(611,29): error CS7036: There is no argument given that corresponds to the required parameter 'model' of 'AdamOptimizer<T, Tensor<T>, Tensor<T>>.AdamOptimizer(IFullModel<T, Tensor<T>, Tensor<T>>, AdamOptimizerOptions<T, Tensor<T>, Tensor<T>>?)' [C:\Users\cheat\source\repos\AiDotNet\.worktrees\fix-us-bf-032-expressiontree\src\AiDotNet.csproj::TargetFramework=net7.0]
C:\Users\cheat\source\repos\AiDotNet\.worktrees\fix-us-bf-032-expressiontree\src\NeuralNetworks\LiquidStateMachine.cs(449,29): error CS7036: There is no argument given that corresponds to the required parameter 'model' of 'GradientDescentOptimizer<T, Tensor<T>, Tensor<T>>.GradientDescentOptimizer(IFullModel<T, Tensor<T>, Tensor<T>>, GradientDescentOptimizerOptions<T, Tensor<T>, Tensor<T>>?)' [C:\Users\cheat\source\repos\AiDotNet\.worktrees\fix-us-bf-032-expressiontree\src\AiDotNet.csproj::TargetFramework=net7.0]
C:\Users\cheat\source\repos\AiDotNet\.worktrees\fix-us-bf-032-expressiontree\src\Regression\NeuralNetworkRegression.cs(84,48): error CS7036: There is no argument given that corresponds to the required parameter 'model' of 'AdamOptimizer<T, Matrix<T>, Vector<T>>.AdamOptimizer(IFullModel<T, Matrix<T>, Vector<T>>, AdamOptimizerOptions<T, Matrix<T>, Vector<T>>?)' [C:\Users\cheat\source\repos\AiDotNet\.worktrees\fix-us-bf-032-expressiontree\src\AiDotNet.csproj::TargetFramework=net7.0]
C:\Users\cheat\source\repos\AiDotNet\.worktrees\fix-us-bf-032-expressiontree\src\AutoML\AutoMLModelBase.cs(371,23): error CS1061: 'IFullModel<T, TInput, TOutput>' does not contain a definition for 'LoadFromFile' and no accessible extension method 'LoadFromFile' accepting a first argument of type 'IFullModel<T, TInput, TOutput>' could be found (are you missing a using directive or an assembly reference?) [C:\Users\cheat\source\repos\AiDotNet\.worktrees\fix-us-bf-032-expressiontree\src\AiDotNet.csproj::TargetFramework=net6.0]
C:\Users\cheat\source\repos\AiDotNet\.worktrees\fix-us-bf-032-expressiontree\src\Evaluation\DefaultModelEvaluator.cs(194,41): error CS1729: 'PredictionModelResult<T, TInput, TOutput>' does not contain a constructor that takes 3 arguments [C:\Users\cheat\source\repos\AiDotNet\.worktrees\fix-us-bf-032-expressiontree\src\AiDotNet.csproj::TargetFramework=net6.0]
C:\Users\cheat\source\repos\AiDotNet\.worktrees\fix-us-bf-032-expressiontree\src\Models\VectorModel.cs(119,12): error CS8618: Non-nullable field '_sensitiveFeatures' must contain a non-null value when exiting constructor. Consider adding the 'required' modifier or declaring the field as nullable. [C:\Users\cheat\source\repos\AiDotNet\.worktrees\fix-us-bf-032-expressiontree\src\AiDotNet.csproj::TargetFramework=net6.0]
C:\Users\cheat\source\repos\AiDotNet\.worktrees\fix-us-bf-032-expressiontree\src\NeuralNetworks\VariationalAutoencoder.cs(144,39): error CS7036: There is no argument given that corresponds to the required parameter 'model' of 'AdamOptimizer<T, Tensor<T>, Tensor<T>>.AdamOptimizer(IFullModel<T, Tensor<T>, Tensor<T>>, AdamOptimizerOptions<T, Tensor<T>, Tensor<T>>?)' [C:\Users\cheat\source\repos\AiDotNet\.worktrees\fix-us-bf-032-expressiontree\src\AiDotNet.csproj::TargetFramework=net6.0]
C:\Users\cheat\source\repos\AiDotNet\.worktrees\fix-us-bf-032-expressiontree\src\Models\VectorModel.cs(1085,47): error CS0411: The type arguments for method 'InterpretableModelHelper.GetGlobalFeatureImportanceAsync<T>(IInterpretableModel<T>, HashSet<InterpretationMethod>)' cannot be inferred from the usage. Try specifying the type arguments explicitly. [C:\Users\cheat\source\repos\AiDotNet\.worktrees\fix-us-bf-032-expressiontree\src\AiDotNet.csproj::TargetFramework=net6.0]
C:\Users\cheat\source\repos\AiDotNet\.worktrees\fix-us-bf-032-expressiontree\src\Models\VectorModel.cs(1093,47): error CS0411: The type arguments for method 'InterpretableModelHelper.GetLocalFeatureImportanceAsync<T>(IInterpretableModel<T>, HashSet<InterpretationMethod>, Tensor<T>)' cannot be inferred from the usage. Try specifying the type arguments explicitly. [C:\Users\cheat\source\repos\AiDotNet\.worktrees\fix-us-bf-032-expressiontree\src\AiDotNet.csproj::TargetFramework=net6.0]
C:\Users\cheat\source\repos\AiDotNet\.worktrees\fix-us-bf-032-expressiontree\src\Models\VectorModel.cs(1101,47): error CS7036: There is no argument given that corresponds to the required parameter 'inputs' of 'InterpretableModelHelper.GetShapValuesAsync<T>(IInterpretableModel<T>, HashSet<InterpretationMethod>, Tensor<T>)' [C:\Users\cheat\source\repos\AiDotNet\.worktrees\fix-us-bf-032-expressiontree\src\AiDotNet.csproj::TargetFramework=net6.0]
C:\Users\cheat\source\repos\AiDotNet\.worktrees\fix-us-bf-032-expressiontree\src\Models\VectorModel.cs(1109,47): error CS7036: There is no argument given that corresponds to the required parameter 'input' of 'InterpretableModelHelper.GetLimeExplanationAsync<T>(IInterpretableModel<T>, HashSet<InterpretationMethod>, Tensor<T>, int)' [C:\Users\cheat\source\repos\AiDotNet\.worktrees\fix-us-bf-032-expressiontree\src\AiDotNet.csproj::TargetFramework=net6.0]
C:\Users\cheat\source\repos\AiDotNet\.worktrees\fix-us-bf-032-expressiontree\src\Models\VectorModel.cs(1117,76): error CS1503: Argument 1: cannot convert from 'System.Collections.Generic.HashSet<AiDotNet.Interpretability.InterpretationMethod>' to 'AiDotNet.Interfaces.IInterpretableModel<T>' [C:\Users\cheat\source\repos\AiDotNet\.worktrees\fix-us-bf-032-expressiontree\src\AiDotNet.csproj::TargetFramework=net6.0]
C:\Users\cheat\source\repos\AiDotNet\.worktrees\fix-us-bf-032-expressiontree\src\Models\VectorModel.cs(1117,93): error CS1503: Argument 2: cannot convert from 'AiDotNet.LinearAlgebra.Vector<int>' to 'System.Collections.Generic.HashSet<AiDotNet.Interpretability.InterpretationMethod>' [C:\Users\cheat\source\repos\AiDotNet\.worktrees\fix-us-bf-032-expressiontree\src\AiDotNet.csproj::TargetFramework=net6.0]
C:\Users\cheat\source\repos\AiDotNet\.worktrees\fix-us-bf-032-expressiontree\src\Models\VectorModel.cs(1117,109): error CS1503: Argument 3: cannot convert from 'int' to 'AiDotNet.LinearAlgebra.Vector<int>' [C:\Users\cheat\source\repos\AiDotNet\.worktrees\fix-us-bf-032-expressiontree\src\AiDotNet.csproj::TargetFramework=net6.0]
C:\Users\cheat\source\repos\AiDotNet\.worktrees\fix-us-bf-032-expressiontree\src\Models\VectorModel.cs(1125,47): error CS7036: There is no argument given that corresponds to the required parameter 'input' of 'InterpretableModelHelper.GetCounterfactualAsync<T>(IInterpretableModel<T>, HashSet<InterpretationMethod>, Tensor<T>, Tensor<T>, int)' [C:\Users\cheat\source\repos\AiDotNet\.worktrees\fix-us-bf-032-expressiontree\src\AiDotNet.csproj::TargetFramework=net6.0]
C:\Users\cheat\source\repos\AiDotNet\.worktrees\fix-us-bf-032-expressiontree\src\Models\VectorModel.cs(1133,47): error CS0411: The type arguments for method 'InterpretableModelHelper.GetModelSpecificInterpretabilityAsync<T>(IInterpretableModel<T>)' cannot be inferred from the usage. Try specifying the type arguments explicitly. [C:\Users\cheat\source\repos\AiDotNet\.worktrees\fix-us-bf-032-expressiontree\src\AiDotNet.csproj::TargetFramework=net6.0]
C:\Users\cheat\source\repos\AiDotNet\.worktrees\fix-us-bf-032-expressiontree\src\Models\VectorModel.cs(1141,47): error CS0411: The type arguments for method 'InterpretableModelHelper.GenerateTextExplanationAsync<T>(IInterpretableModel<T>, Tensor<T>, Tensor<T>)' cannot be inferred from the usage. Try specifying the type arguments explicitly. [C:\Users\cheat\source\repos\AiDotNet\.worktrees\fix-us-bf-032-expressiontree\src\AiDotNet.csproj::TargetFramework=net6.0]
C:\Users\cheat\source\repos\AiDotNet\.worktrees\fix-us-bf-032-expressiontree\src\Models\VectorModel.cs(1165,47): error CS7036: There is no argument given that corresponds to the required parameter 'input' of 'InterpretableModelHelper.GetAnchorExplanationAsync<T>(IInterpretableModel<T>, HashSet<InterpretationMethod>, Tensor<T>, T)' [C:\Users\cheat\source\repos\AiDotNet\.worktrees\fix-us-bf-032-expressiontree\src\AiDotNet.csproj::TargetFramework=net6.0]
C:\Users\cheat\source\repos\AiDotNet\.worktrees\fix-us-bf-032-expressiontree\src\Models\Results\PredictionModelResult.cs(199,31): error CS1061: 'IFullModel<T, TInput, TOutput>' does not contain a definition for 'GetModelMetadata' and no accessible extension method 'GetModelMetadata' accepting a first argument of type 'IFullModel<T, TInput, TOutput>' could be found (are you missing a using directive or an assembly reference?) [C:\Users\cheat\source\repos\AiDotNet\.worktrees\fix-us-bf-032-expressiontree\src\AiDotNet.csproj::TargetFramework=net6.0]
C:\Users\cheat\source\repos\AiDotNet\.worktrees\fix-us-bf-032-expressiontree\src\PredictionModelBuilder.cs(237,20): error CS1729: 'PredictionModelResult<T, TInput, TOutput>' does not contain a constructor that takes 3 arguments [C:\Users\cheat\source\repos\AiDotNet\.worktrees\fix-us-bf-032-expressiontree\src\AiDotNet.csproj::TargetFramework=net6.0]
C:\Users\cheat\source\repos\AiDotNet\.worktrees\fix-us-bf-032-expressiontree\src\Models\Results\PredictionModelResult.cs(342,13): error CS0103: The name 'JsonConverterRegistry' does not exist in the current context [C:\Users\cheat\source\repos\AiDotNet\.worktrees\fix-us-bf-032-expressiontree\src\AiDotNet.csproj::TargetFramework=net6.0]
C:\Users\cheat\source\repos\AiDotNet\.worktrees\fix-us-bf-032-expressiontree\src\Models\Results\PredictionModelResult.cs(352,33): error CS0103: The name 'JsonConverterRegistry' does not exist in the current context [C:\Users\cheat\source\repos\AiDotNet\.worktrees\fix-us-bf-032-expressiontree\src\AiDotNet.csproj::TargetFramework=net6.0]
C:\Users\cheat\source\repos\AiDotNet\.worktrees\fix-us-bf-032-expressiontree\src\Models\Results\PredictionModelResult.cs(355,42): error CS0103: The name 'JsonConverterRegistry' does not exist in the current context [C:\Users\cheat\source\repos\AiDotNet\.worktrees\fix-us-bf-032-expressiontree\src\AiDotNet.csproj::TargetFramework=net6.0]
C:\Users\cheat\source\repos\AiDotNet\.worktrees\fix-us-bf-032-expressiontree\src\Models\Results\PredictionModelResult.cs(409,13): error CS0103: The name 'JsonConverterRegistry' does not exist in the current context [C:\Users\cheat\source\repos\AiDotNet\.worktrees\fix-us-bf-032-expressiontree\src\AiDotNet.csproj::TargetFramework=net6.0]
C:\Users\cheat\source\repos\AiDotNet\.worktrees\fix-us-bf-032-expressiontree\src\Models\Results\PredictionModelResult.cs(420,33): error CS0103: The name 'JsonConverterRegistry' does not exist in the current context [C:\Users\cheat\source\repos\AiDotNet\.worktrees\fix-us-bf-032-expressiontree\src\AiDotNet.csproj::TargetFramework=net6.0]
C:\Users\cheat\source\repos\AiDotNet\.worktrees\fix-us-bf-032-expressiontree\src\Models\Results\PredictionModelResult.cs(423,42): error CS0103: The name 'JsonConverterRegistry' does not exist in the current context [C:\Users\cheat\source\repos\AiDotNet\.worktrees\fix-us-bf-032-expressiontree\src\AiDotNet.csproj::TargetFramework=net6.0]
C:\Users\cheat\source\repos\AiDotNet\.worktrees\fix-us-bf-032-expressiontree\src\NeuralNetworks\VariationalAutoencoder.cs(772,130): error CS7036: There is no argument given that corresponds to the required parameter 'model' of 'AdamOptimizer<T, Tensor<T>, Tensor<T>>.AdamOptimizer(IFullModel<T, Tensor<T>, Tensor<T>>, AdamOptimizerOptions<T, Tensor<T>, Tensor<T>>?)' [C:\Users\cheat\source\repos\AiDotNet\.worktrees\fix-us-bf-032-expressiontree\src\AiDotNet.csproj::TargetFramework=net6.0]
C:\Users\cheat\source\repos\AiDotNet\.worktrees\fix-us-bf-032-expressiontree\src\NeuralNetworks\Transformer.cs(117,39): error CS7036: There is no argument given that corresponds to the required parameter 'model' of 'GradientDescentOptimizer<T, Tensor<T>, Tensor<T>>.GradientDescentOptimizer(IFullModel<T, Tensor<T>, Tensor<T>>, GradientDescentOptimizerOptions<T, Tensor<T>, Tensor<T>>?)' [C:\Users\cheat\source\repos\AiDotNet\.worktrees\fix-us-bf-032-expressiontree\src\AiDotNet.csproj::TargetFramework=net6.0]
C:\Users\cheat\source\repos\AiDotNet\.worktrees\fix-us-bf-032-expressiontree\src\Regression\SymbolicRegression.cs(326,77): error CS1503: Argument 1: cannot convert from 'AiDotNet.Models.Options.GeneticAlgorithmOptimizerOptions<T, AiDotNet.LinearAlgebra.Matrix<T>, AiDotNet.LinearAlgebra.Vector<T>>' to 'AiDotNet.Interfaces.IFullModel<T, AiDotNet.LinearAlgebra.Matrix<T>, AiDotNet.LinearAlgebra.Vector<T>>' [C:\Users\cheat\source\repos\AiDotNet\.worktrees\fix-us-bf-032-expressiontree\src\AiDotNet.csproj::TargetFramework=net6.0]
C:\Users\cheat\source\repos\AiDotNet\.worktrees\fix-us-bf-032-expressiontree\src\NeuralNetworks\Transformer.cs(475,130): error CS7036: There is no argument given that corresponds to the required parameter 'model' of 'GradientDescentOptimizer<T, Tensor<T>, Tensor<T>>.GradientDescentOptimizer(IFullModel<T, Tensor<T>, Tensor<T>>, GradientDescentOptimizerOptions<T, Tensor<T>, Tensor<T>>?)' [C:\Users\cheat\source\repos\AiDotNet\.worktrees\fix-us-bf-032-expressiontree\src\AiDotNet.csproj::TargetFramework=net6.0]
C:\Users\cheat\source\repos\AiDotNet\.worktrees\fix-us-bf-032-expressiontree\src\Optimizers\ParticleSwarmOptimizer.cs(162,21): error CS0103: The name '_fitnessCalculator' does not exist in the current context [C:\Users\cheat\source\repos\AiDotNet\.worktrees\fix-us-bf-032-expressiontree\src\AiDotNet.csproj::TargetFramework=net6.0]
C:\Users\cheat\source\repos\AiDotNet\.worktrees\fix-us-bf-032-expressiontree\src\Optimizers\ParticleSwarmOptimizer.cs(175,21): error CS0103: The name '_fitnessCalculator' does not exist in the current context [C:\Users\cheat\source\repos\AiDotNet\.worktrees\fix-us-bf-032-expressiontree\src\AiDotNet.csproj::TargetFramework=net6.0]
C:\Users\cheat\source\repos\AiDotNet\.worktrees\fix-us-bf-032-expressiontree\src\Optimizers\OptimizerBase.cs(319,38): error CS1061: 'IModelCache<T, TInput, TOutput>' does not contain a definition for 'GenerateCacheKey' and no accessible extension method 'GenerateCacheKey' accepting a first argument of type 'IModelCache<T, TInput, TOutput>' could be found (are you missing a using directive or an assembly reference?) [C:\Users\cheat\source\repos\AiDotNet\.worktrees\fix-us-bf-032-expressiontree\src\AiDotNet.csproj::TargetFramework=net6.0]
C:\Users\cheat\source\repos\AiDotNet\.worktrees\fix-us-bf-032-expressiontree\src\Optimizers\OptimizerBase.cs(358,38): error CS1061: 'IModelCache<T, TInput, TOutput>' does not contain a definition for 'GenerateCacheKey' and no accessible extension method 'GenerateCacheKey' accepting a first argument of type 'IModelCache<T, TInput, TOutput>' could be found (are you missing a using directive or an assembly reference?) [C:\Users\cheat\source\repos\AiDotNet\.worktrees\fix-us-bf-032-expressiontree\src\AiDotNet.csproj::TargetFramework=net6.0]
C:\Users\cheat\source\repos\AiDotNet\.worktrees\fix-us-bf-032-expressiontree\src\Optimizers\OptimizerBase.cs(478,47): error CS1061: 'IFullModel<T, TInput, TOutput>' does not contain a definition for 'GetModelMetadata' and no accessible extension method 'GetModelMetadata' accepting a first argument of type 'IFullModel<T, TInput, TOutput>' could be found (are you missing a using directive or an assembly reference?) [C:\Users\cheat\source\repos\AiDotNet\.worktrees\fix-us-bf-032-expressiontree\src\AiDotNet.csproj::TargetFramework=net6.0]
C:\Users\cheat\source\repos\AiDotNet\.worktrees\fix-us-bf-032-expressiontree\src\Optimizers\OptimizerBase.cs(484,17): error CS1729: 'OptimizationResult<T, TInput, TOutput>.DatasetResult' does not contain a constructor that takes 1 arguments [C:\Users\cheat\source\repos\AiDotNet\.worktrees\fix-us-bf-032-expressiontree\src\AiDotNet.csproj::TargetFramework=net6.0]
C:\Users\cheat\source\repos\AiDotNet\.worktrees\fix-us-bf-032-expressiontree\src\Optimizers\OptimizerBase.cs(494,17): error CS1729: 'OptimizationResult<T, TInput, TOutput>.DatasetResult' does not contain a constructor that takes 1 arguments [C:\Users\cheat\source\repos\AiDotNet\.worktrees\fix-us-bf-032-expressiontree\src\AiDotNet.csproj::TargetFramework=net6.0]
C:\Users\cheat\source\repos\AiDotNet\.worktrees\fix-us-bf-032-expressiontree\src\Optimizers\OptimizerBase.cs(504,17): error CS1729: 'OptimizationResult<T, TInput, TOutput>.DatasetResult' does not contain a constructor that takes 1 arguments [C:\Users\cheat\source\repos\AiDotNet\.worktrees\fix-us-bf-032-expressiontree\src\AiDotNet.csproj::TargetFramework=net6.0]
C:\Users\cheat\source\repos\AiDotNet\.worktrees\fix-us-bf-032-expressiontree\src\Optimizers\OptimizerBase.cs(569,25): error CS1061: 'OptimizationAlgorithmOptions<T, TInput, TOutput>' does not contain a definition for 'OptimizationMode' and no accessible extension method 'OptimizationMode' accepting a first argument of type 'OptimizationAlgorithmOptions<T, TInput, TOutput>' could be found (are you missing a using directive or an assembly reference?) [C:\Users\cheat\source\repos\AiDotNet\.worktrees\fix-us-bf-032-expressiontree\src\AiDotNet.csproj::TargetFramework=net6.0]
C:\Users\cheat\source\repos\AiDotNet\.worktrees\fix-us-bf-032-expressiontree\src\Optimizers\OptimizerBase.cs(571,18): error CS0103: The name 'OptimizationMode' does not exist in the current context [C:\Users\cheat\source\repos\AiDotNet\.worktrees\fix-us-bf-032-expressiontree\src\AiDotNet.csproj::TargetFramework=net6.0]
C:\Users\cheat\source\repos\AiDotNet\.worktrees\fix-us-bf-032-expressiontree\src\Optimizers\OptimizerBase.cs(575,18): error CS0103: The name 'OptimizationMode' does not exist in the current context [C:\Users\cheat\source\repos\AiDotNet\.worktrees\fix-us-bf-032-expressiontree\src\AiDotNet.csproj::TargetFramework=net6.0]
C:\Users\cheat\source\repos\AiDotNet\.worktrees\fix-us-bf-032-expressiontree\src\Optimizers\OptimizerBase.cs(578,29): error CS1061: 'OptimizationAlgorithmOptions<T, TInput, TOutput>' does not contain a definition for 'ParameterAdjustmentScale' and no accessible extension method 'ParameterAdjustmentScale' accepting a first argument of type 'OptimizationAlgorithmOptions<T, TInput, TOutput>' could be found (are you missing a using directive or an assembly reference?) [C:\Users\cheat\source\repos\AiDotNet\.worktrees\fix-us-bf-032-expressiontree\src\AiDotNet.csproj::TargetFramework=net6.0]
C:\Users\cheat\source\repos\AiDotNet\.worktrees\fix-us-bf-032-expressiontree\src\Optimizers\OptimizerBase.cs(579,29): error CS1061: 'OptimizationAlgorithmOptions<T, TInput, TOutput>' does not contain a definition for 'SignFlipProbability' and no accessible extension method 'SignFlipProbability' accepting a first argument of type 'OptimizationAlgorithmOptions<T, TInput, TOutput>' could be found (are you missing a using directive or an assembly reference?) [C:\Users\cheat\source\repos\AiDotNet\.worktrees\fix-us-bf-032-expressiontree\src\AiDotNet.csproj::TargetFramework=net6.0]
C:\Users\cheat\source\repos\AiDotNet\.worktrees\fix-us-bf-032-expressiontree\src\Optimizers\OptimizerBase.cs(582,18): error CS0103: The name 'OptimizationMode' does not exist in the current context [C:\Users\cheat\source\repos\AiDotNet\.worktrees\fix-us-bf-032-expressiontree\src\AiDotNet.csproj::TargetFramework=net6.0]
C:\Users\cheat\source\repos\AiDotNet\.worktrees\fix-us-bf-032-expressiontree\src\Optimizers\OptimizerBase.cs(585,51): error CS1061: 'OptimizationAlgorithmOptions<T, TInput, TOutput>' does not contain a definition for 'FeatureSelectionProbability' and no accessible extension method 'FeatureSelectionProbability' accepting a first argument of type 'OptimizationAlgorithmOptions<T, TInput, TOutput>' could be found (are you missing a using directive or an assembly reference?) [C:\Users\cheat\source\repos\AiDotNet\.worktrees\fix-us-bf-032-expressiontree\src\AiDotNet.csproj::TargetFramework=net6.0]
C:\Users\cheat\source\repos\AiDotNet\.worktrees\fix-us-bf-032-expressiontree\src\Optimizers\OptimizerBase.cs(590,51): error CS1061: 'OptimizationAlgorithmOptions<T, TInput, TOutput>' does not contain a definition for 'ParameterAdjustmentProbability' and no accessible extension method 'ParameterAdjustmentProbability' accepting a first argument of type 'OptimizationAlgorithmOptions<T, TInput, TOutput>' could be found (are you missing a using directive or an assembly reference?) [C:\Users\cheat\source\repos\AiDotNet\.worktrees\fix-us-bf-032-expressiontree\src\AiDotNet.csproj::TargetFramework=net6.0]
C:\Users\cheat\source\repos\AiDotNet\.worktrees\fix-us-bf-032-expressiontree\src\Optimizers\OptimizerBase.cs(594,33): error CS1061: 'OptimizationAlgorithmOptions<T, TInput, TOutput>' does not contain a definition for 'ParameterAdjustmentScale' and no accessible extension method 'ParameterAdjustmentScale' accepting a first argument of type 'OptimizationAlgorithmOptions<T, TInput, TOutput>' could be found (are you missing a using directive or an assembly reference?) [C:\Users\cheat\source\repos\AiDotNet\.worktrees\fix-us-bf-032-expressiontree\src\AiDotNet.csproj::TargetFramework=net6.0]
C:\Users\cheat\source\repos\AiDotNet\.worktrees\fix-us-bf-032-expressiontree\src\Optimizers\OptimizerBase.cs(595,33): error CS1061: 'OptimizationAlgorithmOptions<T, TInput, TOutput>' does not contain a definition for 'SignFlipProbability' and no accessible extension method 'SignFlipProbability' accepting a first argument of type 'OptimizationAlgorithmOptions<T, TInput, TOutput>' could be found (are you missing a using directive or an assembly reference?) [C:\Users\cheat\source\repos\AiDotNet\.worktrees\fix-us-bf-032-expressiontree\src\AiDotNet.csproj::TargetFramework=net6.0]
C:\Users\cheat\source\repos\AiDotNet\.worktrees\fix-us-bf-032-expressiontree\src\Optimizers\NormalOptimizer.cs(42,5): error CS7036: There is no argument given that corresponds to the required parameter 'options' of 'OptimizerBase<T, TInput, TOutput>.OptimizerBase(IFullModel<T, TInput, TOutput>, OptimizationAlgorithmOptions<T, TInput, TOutput>)' [C:\Users\cheat\source\repos\AiDotNet\.worktrees\fix-us-bf-032-expressiontree\src\AiDotNet.csproj::TargetFramework=net6.0]
C:\Users\cheat\source\repos\AiDotNet\.worktrees\fix-us-bf-032-expressiontree\src\Optimizers\NewtonMethodOptimizer.cs(48,11): error CS7036: There is no argument given that corresponds to the required parameter 'options' of 'GradientBasedOptimizerBase<T, TInput, TOutput>.GradientBasedOptimizerBase(IFullModel<T, TInput, TOutput>, GradientBasedOptimizerOptions<T, TInput, TOutput>)' [C:\Users\cheat\source\repos\AiDotNet\.worktrees\fix-us-bf-032-expressiontree\src\AiDotNet.csproj::TargetFramework=net6.0]
C:\Users\cheat\source\repos\AiDotNet\.worktrees\fix-us-bf-032-expressiontree\src\NeuralNetworks\ConvolutionalNeuralNetwork.cs(78,39): error CS7036: There is no argument given that corresponds to the required parameter 'model' of 'AdamOptimizer<T, Tensor<T>, Tensor<T>>.AdamOptimizer(IFullModel<T, Tensor<T>, Tensor<T>>, AdamOptimizerOptions<T, Tensor<T>, Tensor<T>>?)' [C:\Users\cheat\source\repos\AiDotNet\.worktrees\fix-us-bf-032-expressiontree\src\AiDotNet.csproj::TargetFramework=net6.0]
C:\Users\cheat\source\repos\AiDotNet\.worktrees\fix-us-bf-032-expressiontree\src\Optimizers\BFGSOptimizer.cs(64,11): error CS7036: There is no argument given that corresponds to the required parameter 'options' of 'GradientBasedOptimizerBase<T, TInput, TOutput>.GradientBasedOptimizerBase(IFullModel<T, TInput, TOutput>, GradientBasedOptimizerOptions<T, TInput, TOutput>)' [C:\Users\cheat\source\repos\AiDotNet\.worktrees\fix-us-bf-032-expressiontree\src\AiDotNet.csproj::TargetFramework=net6.0]
C:\Users\cheat\source\repos\AiDotNet\.worktrees\fix-us-bf-032-expressiontree\src\Optimizers\BayesianOptimizer.cs(56,11): error CS7036: There is no argument given that corresponds to the required parameter 'options' of 'OptimizerBase<T, TInput, TOutput>.OptimizerBase(IFullModel<T, TInput, TOutput>, OptimizationAlgorithmOptions<T, TInput, TOutput>)' [C:\Users\cheat\source\repos\AiDotNet\.worktrees\fix-us-bf-032-expressiontree\src\AiDotNet.csproj::TargetFramework=net6.0]
C:\Users\cheat\source\repos\AiDotNet\.worktrees\fix-us-bf-032-expressiontree\src\Optimizers\BayesianOptimizer.cs(61,87): error CS1061: 'BayesianOptimizerOptions<T, TInput, TOutput>' does not contain a definition for 'KernelFunction' and no accessible extension method 'KernelFunction' accepting a first argument of type 'BayesianOptimizerOptions<T, TInput, TOutput>' could be found (are you missing a using directive or an assembly reference?) [C:\Users\cheat\source\repos\AiDotNet\.worktrees\fix-us-bf-032-expressiontree\src\AiDotNet.csproj::TargetFramework=net6.0]
C:\Users\cheat\source\repos\AiDotNet\.worktrees\fix-us-bf-032-expressiontree\src\Optimizers\CMAESOptimizer.cs(74,11): error CS7036: There is no argument given that corresponds to the required parameter 'options' of 'OptimizerBase<T, TInput, TOutput>.OptimizerBase(IFullModel<T, TInput, TOutput>, OptimizationAlgorithmOptions<T, TInput, TOutput>)' [C:\Users\cheat\source\repos\AiDotNet\.worktrees\fix-us-bf-032-expressiontree\src\AiDotNet.csproj::TargetFramework=net6.0]
C:\Users\cheat\source\repos\AiDotNet\.worktrees\fix-us-bf-032-expressiontree\src\Optimizers\ConjugateGradientOptimizer.cs(60,11): error CS7036: There is no argument given that corresponds to the required parameter 'options' of 'GradientBasedOptimizerBase<T, TInput, TOutput>.GradientBasedOptimizerBase(IFullModel<T, TInput, TOutput>, GradientBasedOptimizerOptions<T, TInput, TOutput>)' [C:\Users\cheat\source\repos\AiDotNet\.worktrees\fix-us-bf-032-expressiontree\src\AiDotNet.csproj::TargetFramework=net6.0]
C:\Users\cheat\source\repos\AiDotNet\.worktrees\fix-us-bf-032-expressiontree\src\Optimizers\CoordinateDescentOptimizer.cs(60,11): error CS7036: There is no argument given that corresponds to the required parameter 'options' of 'GradientBasedOptimizerBase<T, TInput, TOutput>.GradientBasedOptimizerBase(IFullModel<T, TInput, TOutput>, GradientBasedOptimizerOptions<T, TInput, TOutput>)' [C:\Users\cheat\source\repos\AiDotNet\.worktrees\fix-us-bf-032-expressiontree\src\AiDotNet.csproj::TargetFramework=net6.0]
C:\Users\cheat\source\repos\AiDotNet\.worktrees\fix-us-bf-032-expressiontree\src\Optimizers\DFPOptimizer.cs(60,11): error CS7036: There is no argument given that corresponds to the required parameter 'options' of 'GradientBasedOptimizerBase<T, TInput, TOutput>.GradientBasedOptimizerBase(IFullModel<T, TInput, TOutput>, GradientBasedOptimizerOptions<T, TInput, TOutput>)' [C:\Users\cheat\source\repos\AiDotNet\.worktrees\fix-us-bf-032-expressiontree\src\AiDotNet.csproj::TargetFramework=net6.0]
C:\Users\cheat\source\repos\AiDotNet\.worktrees\fix-us-bf-032-expressiontree\src\Optimizers\FTRLOptimizer.cs(64,11): error CS7036: There is no argument given that corresponds to the required parameter 'options' of 'GradientBasedOptimizerBase<T, TInput, TOutput>.GradientBasedOptimizerBase(IFullModel<T, TInput, TOutput>, GradientBasedOptimizerOptions<T, TInput, TOutput>)' [C:\Users\cheat\source\repos\AiDotNet\.worktrees\fix-us-bf-032-expressiontree\src\AiDotNet.csproj::TargetFramework=net6.0]
C:\Users\cheat\source\repos\AiDotNet\.worktrees\fix-us-bf-032-expressiontree\src\Optimizers\BayesianOptimizer.cs(272,52): error CS1061: 'BayesianOptimizerOptions<T, TInput, TOutput>' does not contain a definition for 'KernelFunction' and no accessible extension method 'KernelFunction' accepting a first argument of type 'BayesianOptimizerOptions<T, TInput, TOutput>' could be found (are you missing a using directive or an assembly reference?) [C:\Users\cheat\source\repos\AiDotNet\.worktrees\fix-us-bf-032-expressiontree\src\AiDotNet.csproj::TargetFramework=net6.0]
C:\Users\cheat\source\repos\AiDotNet\.worktrees\fix-us-bf-032-expressiontree\src\Optimizers\BayesianOptimizer.cs(378,72): error CS1061: 'BayesianOptimizerOptions<T, TInput, TOutput>' does not contain a definition for 'KernelFunction' and no accessible extension method 'KernelFunction' accepting a first argument of type 'BayesianOptimizerOptions<T, TInput, TOutput>' could be found (are you missing a using directive or an assembly reference?) [C:\Users\cheat\source\repos\AiDotNet\.worktrees\fix-us-bf-032-expressiontree\src\AiDotNet.csproj::TargetFramework=net6.0]
C:\Users\cheat\source\repos\AiDotNet\.worktrees\fix-us-bf-032-expressiontree\src\Optimizers\NelderMeadOptimizer.cs(75,11): error CS7036: There is no argument given that corresponds to the required parameter 'options' of 'OptimizerBase<T, TInput, TOutput>.OptimizerBase(IFullModel<T, TInput, TOutput>, OptimizationAlgorithmOptions<T, TInput, TOutput>)' [C:\Users\cheat\source\repos\AiDotNet\.worktrees\fix-us-bf-032-expressiontree\src\AiDotNet.csproj::TargetFramework=net6.0]
C:\Users\cheat\source\repos\AiDotNet\.worktrees\fix-us-bf-032-expressiontree\src\Optimizers\LevenbergMarquardtOptimizer.cs(55,11): error CS7036: There is no argument given that corresponds to the required parameter 'options' of 'GradientBasedOptimizerBase<T, TInput, TOutput>.GradientBasedOptimizerBase(IFullModel<T, TInput, TOutput>, GradientBasedOptimizerOptions<T, TInput, TOutput>)' [C:\Users\cheat\source\repos\AiDotNet\.worktrees\fix-us-bf-032-expressiontree\src\AiDotNet.csproj::TargetFramework=net6.0]
C:\Users\cheat\source\repos\AiDotNet\.worktrees\fix-us-bf-032-expressiontree\src\Optimizers\LBFGSOptimizer.cs(66,11): error CS7036: There is no argument given that corresponds to the required parameter 'options' of 'GradientBasedOptimizerBase<T, TInput, TOutput>.GradientBasedOptimizerBase(IFullModel<T, TInput, TOutput>, GradientBasedOptimizerOptions<T, TInput, TOutput>)' [C:\Users\cheat\source\repos\AiDotNet\.worktrees\fix-us-bf-032-expressiontree\src\AiDotNet.csproj::TargetFramework=net6.0]
C:\Users\cheat\source\repos\AiDotNet\.worktrees\fix-us-bf-032-expressiontree\src\Optimizers\MiniBatchGradientDescentOptimizer.cs(49,11): error CS7036: There is no argument given that corresponds to the required parameter 'options' of 'GradientBasedOptimizerBase<T, TInput, TOutput>.GradientBasedOptimizerBase(IFullModel<T, TInput, TOutput>, GradientBasedOptimizerOptions<T, TInput, TOutput>)' [C:\Users\cheat\source\repos\AiDotNet\.worktrees\fix-us-bf-032-expressiontree\src\AiDotNet.csproj::TargetFramework=net6.0]
C:\Users\cheat\source\repos\AiDotNet\.worktrees\fix-us-bf-032-expressiontree\src\Regression\GeneticAlgorithmRegression.cs(119,77): error CS1503: Argument 1: cannot convert from 'AiDotNet.Models.Options.GeneticAlgorithmOptimizerOptions<T, AiDotNet.LinearAlgebra.Matrix<T>, AiDotNet.LinearAlgebra.Vector<T>>' to 'AiDotNet.Interfaces.IFullModel<T, AiDotNet.LinearAlgebra.Matrix<T>, AiDotNet.LinearAlgebra.Vector<T>>' [C:\Users\cheat\source\repos\AiDotNet\.worktrees\fix-us-bf-032-expressiontree\src\AiDotNet.csproj::TargetFramework=net6.0]
C:\Users\cheat\source\repos\AiDotNet\.worktrees\fix-us-bf-032-expressiontree\src\LinearAlgebra\ExpressionTree.cs(332,13): error CS8602: Dereference of a possibly null reference. [C:\Users\cheat\source\repos\AiDotNet\.worktrees\fix-us-bf-032-expressiontree\src\AiDotNet.csproj::TargetFramework=net6.0]
C:\Users\cheat\source\repos\AiDotNet\.worktrees\fix-us-bf-032-expressiontree\src\LinearAlgebra\ExpressionTree.cs(390,13): error CS8602: Dereference of a possibly null reference. [C:\Users\cheat\source\repos\AiDotNet\.worktrees\fix-us-bf-032-expressiontree\src\AiDotNet.csproj::TargetFramework=net6.0]
C:\Users\cheat\source\repos\AiDotNet\.worktrees\fix-us-bf-032-expressiontree\src\LinearAlgebra\ExpressionTree.cs(431,30): error CS8602: Dereference of a possibly null reference. [C:\Users\cheat\source\repos\AiDotNet\.worktrees\fix-us-bf-032-expressiontree\src\AiDotNet.csproj::TargetFramework=net6.0]
C:\Users\cheat\source\repos\AiDotNet\.worktrees\fix-us-bf-032-expressiontree\src\LinearAlgebra\ExpressionTree.cs(433,17): error CS8602: Dereference of a possibly null reference. [C:\Users\cheat\source\repos\AiDotNet\.worktrees\fix-us-bf-032-expressiontree\src\AiDotNet.csproj::TargetFramework=net6.0]
C:\Users\cheat\source\repos\AiDotNet\.worktrees\fix-us-bf-032-expressiontree\src\LinearAlgebra\ExpressionTree.cs(469,18): error CS8602: Dereference of a possibly null reference. [C:\Users\cheat\source\repos\AiDotNet\.worktrees\fix-us-bf-032-expressiontree\src\AiDotNet.csproj::TargetFramework=net6.0]
C:\Users\cheat\source\repos\AiDotNet\.worktrees\fix-us-bf-032-expressiontree\src\LinearAlgebra\ExpressionTree.cs(497,13): error CS8602: Dereference of a possibly null reference. [C:\Users\cheat\source\repos\AiDotNet\.worktrees\fix-us-bf-032-expressiontree\src\AiDotNet.csproj::TargetFramework=net6.0]
C:\Users\cheat\source\repos\AiDotNet\.worktrees\fix-us-bf-032-expressiontree\src\Regression\MultilayerPerceptronRegression.cs(147,48): error CS7036: There is no argument given that corresponds to the required parameter 'model' of 'AdamOptimizer<T, Matrix<T>, Vector<T>>.AdamOptimizer(IFullModel<T, Matrix<T>, Vector<T>>, AdamOptimizerOptions<T, Matrix<T>, Vector<T>>?)' [C:\Users\cheat\source\repos\AiDotNet\.worktrees\fix-us-bf-032-expressiontree\src\AiDotNet.csproj::TargetFramework=net6.0]
C:\Users\cheat\source\repos\AiDotNet\.worktrees\fix-us-bf-032-expressiontree\src\NeuralNetworks\DifferentiableNeuralComputer.cs(677,29): error CS7036: There is no argument given that corresponds to the required parameter 'model' of 'GradientDescentOptimizer<T, Tensor<T>, Tensor<T>>.GradientDescentOptimizer(IFullModel<T, Tensor<T>, Tensor<T>>, GradientDescentOptimizerOptions<T, Tensor<T>, Tensor<T>>?)' [C:\Users\cheat\source\repos\AiDotNet\.worktrees\fix-us-bf-032-expressiontree\src\AiDotNet.csproj::TargetFramework=net6.0]
C:\Users\cheat\source\repos\AiDotNet\.worktrees\fix-us-bf-032-expressiontree\src\Regression\GeneticAlgorithmRegression.cs(354,77): error CS1503: Argument 1: cannot convert from 'AiDotNet.Models.Options.GeneticAlgorithmOptimizerOptions<T, AiDotNet.LinearAlgebra.Matrix<T>, AiDotNet.LinearAlgebra.Vector<T>>' to 'AiDotNet.Interfaces.IFullModel<T, AiDotNet.LinearAlgebra.Matrix<T>, AiDotNet.LinearAlgebra.Vector<T>>' [C:\Users\cheat\source\repos\AiDotNet\.worktrees\fix-us-bf-032-expressiontree\src\AiDotNet.csproj::TargetFramework=net6.0]
C:\Users\cheat\source\repos\AiDotNet\.worktrees\fix-us-bf-032-expressiontree\src\Regression\NeuralNetworkRegression.cs(84,48): error CS7036: There is no argument given that corresponds to the required parameter 'model' of 'AdamOptimizer<T, Matrix<T>, Vector<T>>.AdamOptimizer(IFullModel<T, Matrix<T>, Vector<T>>, AdamOptimizerOptions<T, Matrix<T>, Vector<T>>?)' [C:\Users\cheat\source\repos\AiDotNet\.worktrees\fix-us-bf-032-expressiontree\src\AiDotNet.csproj::TargetFramework=net6.0]
C:\Users\cheat\source\repos\AiDotNet\.worktrees\fix-us-bf-032-expressiontree\src\NeuralNetworks\FeedForwardNeuralNetwork.cs(76,39): error CS7036: There is no argument given that corresponds to the required parameter 'model' of 'AdamOptimizer<T, Tensor<T>, Tensor<T>>.AdamOptimizer(IFullModel<T, Tensor<T>, Tensor<T>>, AdamOptimizerOptions<T, Tensor<T>, Tensor<T>>?)' [C:\Users\cheat\source\repos\AiDotNet\.worktrees\fix-us-bf-032-expressiontree\src\AiDotNet.csproj::TargetFramework=net6.0]
C:\Users\cheat\source\repos\AiDotNet\.worktrees\fix-us-bf-032-expressiontree\src\NeuralNetworks\GraphNeuralNetwork.cs(547,29): error CS7036: There is no argument given that corresponds to the required parameter 'model' of 'AdamOptimizer<T, Tensor<T>, Tensor<T>>.AdamOptimizer(IFullModel<T, Tensor<T>, Tensor<T>>, AdamOptimizerOptions<T, Tensor<T>, Tensor<T>>?)' [C:\Users\cheat\source\repos\AiDotNet\.worktrees\fix-us-bf-032-expressiontree\src\AiDotNet.csproj::TargetFramework=net6.0]
C:\Users\cheat\source\repos\AiDotNet\.worktrees\fix-us-bf-032-expressiontree\src\NeuralNetworks\GraphNeuralNetwork.cs(611,29): error CS7036: There is no argument given that corresponds to the required parameter 'model' of 'AdamOptimizer<T, Tensor<T>, Tensor<T>>.AdamOptimizer(IFullModel<T, Tensor<T>, Tensor<T>>, AdamOptimizerOptions<T, Tensor<T>, Tensor<T>>?)' [C:\Users\cheat\source\repos\AiDotNet\.worktrees\fix-us-bf-032-expressiontree\src\AiDotNet.csproj::TargetFramework=net6.0]
C:\Users\cheat\source\repos\AiDotNet\.worktrees\fix-us-bf-032-expressiontree\src\NeuralNetworks\LiquidStateMachine.cs(449,29): error CS7036: There is no argument given that corresponds to the required parameter 'model' of 'GradientDescentOptimizer<T, Tensor<T>, Tensor<T>>.GradientDescentOptimizer(IFullModel<T, Tensor<T>, Tensor<T>>, GradientDescentOptimizerOptions<T, Tensor<T>, Tensor<T>>?)' [C:\Users\cheat\source\repos\AiDotNet\.worktrees\fix-us-bf-032-expressiontree\src\AiDotNet.csproj::TargetFramework=net6.0]
C:\Users\cheat\source\repos\AiDotNet\.worktrees\fix-us-bf-032-expressiontree\src\Models\Options\MultilayerPerceptronRegressionOptions.cs(433,107): error CS1503: Argument 1: cannot convert from 'AiDotNet.Models.Options.AdamOptimizerOptions<T, TInput, TOutput>' to 'AiDotNet.Interfaces.IFullModel<T, TInput, TOutput>' [C:\Users\cheat\source\repos\AiDotNet\.worktrees\fix-us-bf-032-expressiontree\src\AiDotNet.csproj::TargetFramework=net6.0]

Build FAILED.

C:\Program Files\dotnet\sdk\9.0.306\Sdks\Microsoft.NET.Sdk\targets\Microsoft.NET.EolTargetFrameworks.targets(32,5): warning NETSDK1138: The target framework 'net7.0' is out of support and will not receive security updates in the future. Please refer to https://aka.ms/dotnet-core-support for more information about the support policy. [C:\Users\cheat\source\repos\AiDotNet\.worktrees\fix-us-bf-032-expressiontree\testconsole\AiDotNetTestConsole.csproj::TargetFramework=net7.0]
C:\Program Files\dotnet\sdk\9.0.306\Sdks\Microsoft.NET.Sdk\targets\Microsoft.NET.EolTargetFrameworks.targets(32,5): warning NETSDK1138: The target framework 'net7.0' is out of support and will not receive security updates in the future. Please refer to https://aka.ms/dotnet-core-support for more information about the support policy. [C:\Users\cheat\source\repos\AiDotNet\.worktrees\fix-us-bf-032-expressiontree\AiDotNetBenchmarkTests\AiDotNetBenchmarkTests.csproj::TargetFramework=net7.0]
C:\Program Files\dotnet\sdk\9.0.306\Sdks\Microsoft.NET.Sdk\targets\Microsoft.NET.EolTargetFrameworks.targets(32,5): warning NETSDK1138: The target framework 'net6.0' is out of support and will not receive security updates in the future. Please refer to https://aka.ms/dotnet-core-support for more information about the support policy. [C:\Users\cheat\source\repos\AiDotNet\.worktrees\fix-us-bf-032-expressiontree\AiDotNetBenchmarkTests\AiDotNetBenchmarkTests.csproj::TargetFramework=net6.0]
C:\Program Files\dotnet\sdk\9.0.306\Sdks\Microsoft.NET.Sdk\targets\Microsoft.NET.EolTargetFrameworks.targets(32,5): warning NETSDK1138: The target framework 'net6.0' is out of support and will not receive security updates in the future. Please refer to https://aka.ms/dotnet-core-support for more information about the support policy. [C:\Users\cheat\source\repos\AiDotNet\.worktrees\fix-us-bf-032-expressiontree\testconsole\AiDotNetTestConsole.csproj::TargetFramework=net6.0]
C:\Program Files\dotnet\sdk\9.0.306\Sdks\Microsoft.NET.Sdk\targets\Microsoft.NET.EolTargetFrameworks.targets(32,5): warning NETSDK1138: The target framework 'net7.0' is out of support and will not receive security updates in the future. Please refer to https://aka.ms/dotnet-core-support for more information about the support policy. [C:\Users\cheat\source\repos\AiDotNet\.worktrees\fix-us-bf-032-expressiontree\testconsole\AiDotNetTestConsole.csproj::TargetFramework=net7.0]
C:\Program Files\dotnet\sdk\9.0.306\Sdks\Microsoft.NET.Sdk\targets\Microsoft.NET.EolTargetFrameworks.targets(32,5): warning NETSDK1138: The target framework 'net6.0' is out of support and will not receive security updates in the future. Please refer to https://aka.ms/dotnet-core-support for more information about the support policy. [C:\Users\cheat\source\repos\AiDotNet\.worktrees\fix-us-bf-032-expressiontree\testconsole\AiDotNetTestConsole.csproj::TargetFramework=net6.0]
C:\Users\cheat\.nuget\packages\system.collections.immutable\9.0.0\buildTransitive\netcoreapp2.0\System.Collections.Immutable.targets(4,5): warning : System.Collections.Immutable 9.0.0 doesn't support net7.0 and has not been tested with it. Consider upgrading your TargetFramework to net8.0 or later. You may also set <SuppressTfmSupportBuildWarnings>true</SuppressTfmSupportBuildWarnings> in the project file to ignore this warning and attempt to run in this unsupported configuration at your own risk. [C:\Users\cheat\source\repos\AiDotNet\.worktrees\fix-us-bf-032-expressiontree\AiDotNetBenchmarkTests\AiDotNetBenchmarkTests.csproj::TargetFramework=net7.0]
C:\Users\cheat\.nuget\packages\system.collections.immutable\9.0.0\buildTransitive\netcoreapp2.0\System.Collections.Immutable.targets(4,5): warning : System.Collections.Immutable 9.0.0 doesn't support net6.0 and has not been tested with it. Consider upgrading your TargetFramework to net8.0 or later. You may also set <SuppressTfmSupportBuildWarnings>true</SuppressTfmSupportBuildWarnings> in the project file to ignore this warning and attempt to run in this unsupported configuration at your own risk. [C:\Users\cheat\source\repos\AiDotNet\.worktrees\fix-us-bf-032-expressiontree\AiDotNetBenchmarkTests\AiDotNetBenchmarkTests.csproj::TargetFramework=net6.0]
C:\Users\cheat\.nuget\packages\system.reflection.metadata\9.0.0\buildTransitive\netcoreapp2.0\System.Reflection.Metadata.targets(4,5): warning : System.Reflection.Metadata 9.0.0 doesn't support net7.0 and has not been tested with it. Consider upgrading your TargetFramework to net8.0 or later. You may also set <SuppressTfmSupportBuildWarnings>true</SuppressTfmSupportBuildWarnings> in the project file to ignore this warning and attempt to run in this unsupported configuration at your own risk. [C:\Users\cheat\source\repos\AiDotNet\.worktrees\fix-us-bf-032-expressiontree\AiDotNetBenchmarkTests\AiDotNetBenchmarkTests.csproj::TargetFramework=net7.0]
C:\Users\cheat\.nuget\packages\system.codedom\9.0.5\buildTransitive\netcoreapp2.0\System.CodeDom.targets(4,5): warning : System.CodeDom 9.0.5 doesn't support net7.0 and has not been tested with it. Consider upgrading your TargetFramework to net8.0 or later. You may also set <SuppressTfmSupportBuildWarnings>true</SuppressTfmSupportBuildWarnings> in the project file to ignore this warning and attempt to run in this unsupported configuration at your own risk. [C:\Users\cheat\source\repos\AiDotNet\.worktrees\fix-us-bf-032-expressiontree\AiDotNetBenchmarkTests\AiDotNetBenchmarkTests.csproj::TargetFramework=net7.0]
C:\Users\cheat\.nuget\packages\system.reflection.metadata\9.0.0\buildTransitive\netcoreapp2.0\System.Reflection.Metadata.targets(4,5): warning : System.Reflection.Metadata 9.0.0 doesn't support net6.0 and has not been tested with it. Consider upgrading your TargetFramework to net8.0 or later. You may also set <SuppressTfmSupportBuildWarnings>true</SuppressTfmSupportBuildWarnings> in the project file to ignore this warning and attempt to run in this unsupported configuration at your own risk. [C:\Users\cheat\source\repos\AiDotNet\.worktrees\fix-us-bf-032-expressiontree\AiDotNetBenchmarkTests\AiDotNetBenchmarkTests.csproj::TargetFramework=net6.0]
C:\Users\cheat\.nuget\packages\system.management\9.0.5\buildTransitive\netcoreapp2.0\System.Management.targets(4,5): warning : System.Management 9.0.5 doesn't support net7.0 and has not been tested with it. Consider upgrading your TargetFramework to net8.0 or later. You may also set <SuppressTfmSupportBuildWarnings>true</SuppressTfmSupportBuildWarnings> in the project file to ignore this warning and attempt to run in this unsupported configuration at your own risk. [C:\Users\cheat\source\repos\AiDotNet\.worktrees\fix-us-bf-032-expressiontree\AiDotNetBenchmarkTests\AiDotNetBenchmarkTests.csproj::TargetFramework=net7.0]
C:\Users\cheat\.nuget\packages\system.codedom\9.0.5\buildTransitive\netcoreapp2.0\System.CodeDom.targets(4,5): warning : System.CodeDom 9.0.5 doesn't support net6.0 and has not been tested with it. Consider upgrading your TargetFramework to net8.0 or later. You may also set <SuppressTfmSupportBuildWarnings>true</SuppressTfmSupportBuildWarnings> in the project file to ignore this warning and attempt to run in this unsupported configuration at your own risk. [C:\Users\cheat\source\repos\AiDotNet\.worktrees\fix-us-bf-032-expressiontree\AiDotNetBenchmarkTests\AiDotNetBenchmarkTests.csproj::TargetFramework=net6.0]
C:\Users\cheat\.nuget\packages\system.management\9.0.5\buildTransitive\netcoreapp2.0\System.Management.targets(4,5): warning : System.Management 9.0.5 doesn't support net6.0 and has not been tested with it. Consider upgrading your TargetFramework to net8.0 or later. You may also set <SuppressTfmSupportBuildWarnings>true</SuppressTfmSupportBuildWarnings> in the project file to ignore this warning and attempt to run in this unsupported configuration at your own risk. [C:\Users\cheat\source\repos\AiDotNet\.worktrees\fix-us-bf-032-expressiontree\AiDotNetBenchmarkTests\AiDotNetBenchmarkTests.csproj::TargetFramework=net6.0]
C:\Program Files\dotnet\sdk\9.0.306\Sdks\Microsoft.NET.Sdk\targets\Microsoft.NET.EolTargetFrameworks.targets(32,5): warning NETSDK1138: The target framework 'net7.0' is out of support and will not receive security updates in the future. Please refer to https://aka.ms/dotnet-core-support for more information about the support policy. [C:\Users\cheat\source\repos\AiDotNet\.worktrees\fix-us-bf-032-expressiontree\AiDotNetBenchmarkTests\AiDotNetBenchmarkTests.csproj::TargetFramework=net7.0]
C:\Program Files\dotnet\sdk\9.0.306\Sdks\Microsoft.NET.Sdk\targets\Microsoft.NET.EolTargetFrameworks.targets(32,5): warning NETSDK1138: The target framework 'net6.0' is out of support and will not receive security updates in the future. Please refer to https://aka.ms/dotnet-core-support for more information about the support policy. [C:\Users\cheat\source\repos\AiDotNet\.worktrees\fix-us-bf-032-expressiontree\AiDotNetBenchmarkTests\AiDotNetBenchmarkTests.csproj::TargetFramework=net6.0]
C:\Users\cheat\source\repos\AiDotNet\.worktrees\fix-us-bf-032-expressiontree\AiDotNetBenchmarkTests\BenchmarkTests\ParallelLoopTests.cs(16,22): warning CS8618: Non-nullable property 'Array' must contain a non-null value when exiting constructor. Consider adding the 'required' modifier or declaring the property as nullable. [C:\Users\cheat\source\repos\AiDotNet\.worktrees\fix-us-bf-032-expressiontree\AiDotNetBenchmarkTests\AiDotNetBenchmarkTests.csproj::TargetFramework=net6.0]
C:\Users\cheat\source\repos\AiDotNet\.worktrees\fix-us-bf-032-expressiontree\AiDotNetBenchmarkTests\BenchmarkTests\ParallelLoopTests.cs(16,22): warning CS8618: Non-nullable property 'Array' must contain a non-null value when exiting constructor. Consider adding the 'required' modifier or declaring the property as nullable. [C:\Users\cheat\source\repos\AiDotNet\.worktrees\fix-us-bf-032-expressiontree\AiDotNetBenchmarkTests\AiDotNetBenchmarkTests.csproj::TargetFramework=net8.0]
C:\Users\cheat\source\repos\AiDotNet\.worktrees\fix-us-bf-032-expressiontree\AiDotNetBenchmarkTests\BenchmarkTests\ParallelLoopTests.cs(16,22): warning CS8618: Non-nullable property 'Array' must contain a non-null value when exiting constructor. Consider adding the 'required' modifier or declaring the property as nullable. [C:\Users\cheat\source\repos\AiDotNet\.worktrees\fix-us-bf-032-expressiontree\AiDotNetBenchmarkTests\AiDotNetBenchmarkTests.csproj::TargetFramework=net7.0]
C:\Users\cheat\source\repos\AiDotNet\.worktrees\fix-us-bf-032-expressiontree\AiDotNetBenchmarkTests\BenchmarkTests\ParallelLoopTests.cs(16,22): warning CS8618: Non-nullable property 'Array' must contain a non-null value when exiting constructor. Consider adding the 'required' modifier or declaring the property as nullable. [C:\Users\cheat\source\repos\AiDotNet\.worktrees\fix-us-bf-032-expressiontree\AiDotNetBenchmarkTests\AiDotNetBenchmarkTests.csproj::TargetFramework=net462]
C:\Users\cheat\source\repos\AiDotNet\.worktrees\fix-us-bf-032-expressiontree\src\Evaluation\DefaultModelEvaluator.cs(194,41): error CS1729: 'PredictionModelResult<T, TInput, TOutput>' does not contain a constructor that takes 3 arguments [C:\Users\cheat\source\repos\AiDotNet\.worktrees\fix-us-bf-032-expressiontree\src\AiDotNet.csproj::TargetFramework=net8.0]
C:\Users\cheat\source\repos\AiDotNet\.worktrees\fix-us-bf-032-expressiontree\src\AutoML\AutoMLModelBase.cs(371,23): error CS1061: 'IFullModel<T, TInput, TOutput>' does not contain a definition for 'LoadFromFile' and no accessible extension method 'LoadFromFile' accepting a first argument of type 'IFullModel<T, TInput, TOutput>' could be found (are you missing a using directive or an assembly reference?) [C:\Users\cheat\source\repos\AiDotNet\.worktrees\fix-us-bf-032-expressiontree\src\AiDotNet.csproj::TargetFramework=net8.0]
C:\Users\cheat\source\repos\AiDotNet\.worktrees\fix-us-bf-032-expressiontree\src\NeuralNetworks\VariationalAutoencoder.cs(144,39): error CS7036: There is no argument given that corresponds to the required parameter 'model' of 'AdamOptimizer<T, Tensor<T>, Tensor<T>>.AdamOptimizer(IFullModel<T, Tensor<T>, Tensor<T>>, AdamOptimizerOptions<T, Tensor<T>, Tensor<T>>?)' [C:\Users\cheat\source\repos\AiDotNet\.worktrees\fix-us-bf-032-expressiontree\src\AiDotNet.csproj::TargetFramework=net8.0]
C:\Users\cheat\source\repos\AiDotNet\.worktrees\fix-us-bf-032-expressiontree\src\Models\VectorModel.cs(119,12): error CS8618: Non-nullable field '_sensitiveFeatures' must contain a non-null value when exiting constructor. Consider adding the 'required' modifier or declaring the field as nullable. [C:\Users\cheat\source\repos\AiDotNet\.worktrees\fix-us-bf-032-expressiontree\src\AiDotNet.csproj::TargetFramework=net8.0]
C:\Users\cheat\source\repos\AiDotNet\.worktrees\fix-us-bf-032-expressiontree\src\PredictionModelBuilder.cs(237,20): error CS1729: 'PredictionModelResult<T, TInput, TOutput>' does not contain a constructor that takes 3 arguments [C:\Users\cheat\source\repos\AiDotNet\.worktrees\fix-us-bf-032-expressiontree\src\AiDotNet.csproj::TargetFramework=net8.0]
C:\Users\cheat\source\repos\AiDotNet\.worktrees\fix-us-bf-032-expressiontree\src\NeuralNetworks\VariationalAutoencoder.cs(772,130): error CS7036: There is no argument given that corresponds to the required parameter 'model' of 'AdamOptimizer<T, Tensor<T>, Tensor<T>>.AdamOptimizer(IFullModel<T, Tensor<T>, Tensor<T>>, AdamOptimizerOptions<T, Tensor<T>, Tensor<T>>?)' [C:\Users\cheat\source\repos\AiDotNet\.worktrees\fix-us-bf-032-expressiontree\src\AiDotNet.csproj::TargetFramework=net8.0]
C:\Users\cheat\source\repos\AiDotNet\.worktrees\fix-us-bf-032-expressiontree\src\NeuralNetworks\Transformer.cs(117,39): error CS7036: There is no argument given that corresponds to the required parameter 'model' of 'GradientDescentOptimizer<T, Tensor<T>, Tensor<T>>.GradientDescentOptimizer(IFullModel<T, Tensor<T>, Tensor<T>>, GradientDescentOptimizerOptions<T, Tensor<T>, Tensor<T>>?)' [C:\Users\cheat\source\repos\AiDotNet\.worktrees\fix-us-bf-032-expressiontree\src\AiDotNet.csproj::TargetFramework=net8.0]
C:\Users\cheat\source\repos\AiDotNet\.worktrees\fix-us-bf-032-expressiontree\src\Regression\SymbolicRegression.cs(326,77): error CS1503: Argument 1: cannot convert from 'AiDotNet.Models.Options.GeneticAlgorithmOptimizerOptions<T, AiDotNet.LinearAlgebra.Matrix<T>, AiDotNet.LinearAlgebra.Vector<T>>' to 'AiDotNet.Interfaces.IFullModel<T, AiDotNet.LinearAlgebra.Matrix<T>, AiDotNet.LinearAlgebra.Vector<T>>' [C:\Users\cheat\source\repos\AiDotNet\.worktrees\fix-us-bf-032-expressiontree\src\AiDotNet.csproj::TargetFramework=net8.0]
C:\Users\cheat\source\repos\AiDotNet\.worktrees\fix-us-bf-032-expressiontree\src\Models\VectorModel.cs(1085,47): error CS0411: The type arguments for method 'InterpretableModelHelper.GetGlobalFeatureImportanceAsync<T>(IInterpretableModel<T>, HashSet<InterpretationMethod>)' cannot be inferred from the usage. Try specifying the type arguments explicitly. [C:\Users\cheat\source\repos\AiDotNet\.worktrees\fix-us-bf-032-expressiontree\src\AiDotNet.csproj::TargetFramework=net8.0]
C:\Users\cheat\source\repos\AiDotNet\.worktrees\fix-us-bf-032-expressiontree\src\Models\VectorModel.cs(1093,47): error CS0411: The type arguments for method 'InterpretableModelHelper.GetLocalFeatureImportanceAsync<T>(IInterpretableModel<T>, HashSet<InterpretationMethod>, Tensor<T>)' cannot be inferred from the usage. Try specifying the type arguments explicitly. [C:\Users\cheat\source\repos\AiDotNet\.worktrees\fix-us-bf-032-expressiontree\src\AiDotNet.csproj::TargetFramework=net8.0]
C:\Users\cheat\source\repos\AiDotNet\.worktrees\fix-us-bf-032-expressiontree\src\Models\VectorModel.cs(1101,47): error CS7036: There is no argument given that corresponds to the required parameter 'inputs' of 'InterpretableModelHelper.GetShapValuesAsync<T>(IInterpretableModel<T>, HashSet<InterpretationMethod>, Tensor<T>)' [C:\Users\cheat\source\repos\AiDotNet\.worktrees\fix-us-bf-032-expressiontree\src\AiDotNet.csproj::TargetFramework=net8.0]
C:\Users\cheat\source\repos\AiDotNet\.worktrees\fix-us-bf-032-expressiontree\src\Models\VectorModel.cs(1109,47): error CS7036: There is no argument given that corresponds to the required parameter 'input' of 'InterpretableModelHelper.GetLimeExplanationAsync<T>(IInterpretableModel<T>, HashSet<InterpretationMethod>, Tensor<T>, int)' [C:\Users\cheat\source\repos\AiDotNet\.worktrees\fix-us-bf-032-expressiontree\src\AiDotNet.csproj::TargetFramework=net8.0]
C:\Users\cheat\source\repos\AiDotNet\.worktrees\fix-us-bf-032-expressiontree\src\Models\VectorModel.cs(1117,76): error CS1503: Argument 1: cannot convert from 'System.Collections.Generic.HashSet<AiDotNet.Interpretability.InterpretationMethod>' to 'AiDotNet.Interfaces.IInterpretableModel<T>' [C:\Users\cheat\source\repos\AiDotNet\.worktrees\fix-us-bf-032-expressiontree\src\AiDotNet.csproj::TargetFramework=net8.0]
C:\Users\cheat\source\repos\AiDotNet\.worktrees\fix-us-bf-032-expressiontree\src\Models\VectorModel.cs(1117,93): error CS1503: Argument 2: cannot convert from 'AiDotNet.LinearAlgebra.Vector<int>' to 'System.Collections.Generic.HashSet<AiDotNet.Interpretability.InterpretationMethod>' [C:\Users\cheat\source\repos\AiDotNet\.worktrees\fix-us-bf-032-expressiontree\src\AiDotNet.csproj::TargetFramework=net8.0]
C:\Users\cheat\source\repos\AiDotNet\.worktrees\fix-us-bf-032-expressiontree\src\Models\VectorModel.cs(1117,109): error CS1503: Argument 3: cannot convert from 'int' to 'AiDotNet.LinearAlgebra.Vector<int>' [C:\Users\cheat\source\repos\AiDotNet\.worktrees\fix-us-bf-032-expressiontree\src\AiDotNet.csproj::TargetFramework=net8.0]
C:\Users\cheat\source\repos\AiDotNet\.worktrees\fix-us-bf-032-expressiontree\src\Models\VectorModel.cs(1125,47): error CS7036: There is no argument given that corresponds to the required parameter 'input' of 'InterpretableModelHelper.GetCounterfactualAsync<T>(IInterpretableModel<T>, HashSet<InterpretationMethod>, Tensor<T>, Tensor<T>, int)' [C:\Users\cheat\source\repos\AiDotNet\.worktrees\fix-us-bf-032-expressiontree\src\AiDotNet.csproj::TargetFramework=net8.0]
C:\Users\cheat\source\repos\AiDotNet\.worktrees\fix-us-bf-032-expressiontree\src\Models\VectorModel.cs(1133,47): error CS0411: The type arguments for method 'InterpretableModelHelper.GetModelSpecificInterpretabilityAsync<T>(IInterpretableModel<T>)' cannot be inferred from the usage. Try specifying the type arguments explicitly. [C:\Users\cheat\source\repos\AiDotNet\.worktrees\fix-us-bf-032-expressiontree\src\AiDotNet.csproj::TargetFramework=net8.0]
C:\Users\cheat\source\repos\AiDotNet\.worktrees\fix-us-bf-032-expressiontree\src\NeuralNetworks\Transformer.cs(475,130): error CS7036: There is no argument given that corresponds to the required parameter 'model' of 'GradientDescentOptimizer<T, Tensor<T>, Tensor<T>>.GradientDescentOptimizer(IFullModel<T, Tensor<T>, Tensor<T>>, GradientDescentOptimizerOptions<T, Tensor<T>, Tensor<T>>?)' [C:\Users\cheat\source\repos\AiDotNet\.worktrees\fix-us-bf-032-expressiontree\src\AiDotNet.csproj::TargetFramework=net8.0]
C:\Users\cheat\source\repos\AiDotNet\.worktrees\fix-us-bf-032-expressiontree\src\Models\VectorModel.cs(1141,47): error CS0411: The type arguments for method 'InterpretableModelHelper.GenerateTextExplanationAsync<T>(IInterpretableModel<T>, Tensor<T>, Tensor<T>)' cannot be inferred from the usage. Try specifying the type arguments explicitly. [C:\Users\cheat\source\repos\AiDotNet\.worktrees\fix-us-bf-032-expressiontree\src\AiDotNet.csproj::TargetFramework=net8.0]
C:\Users\cheat\source\repos\AiDotNet\.worktrees\fix-us-bf-032-expressiontree\src\Models\VectorModel.cs(1165,47): error CS7036: There is no argument given that corresponds to the required parameter 'input' of 'InterpretableModelHelper.GetAnchorExplanationAsync<T>(IInterpretableModel<T>, HashSet<InterpretationMethod>, Tensor<T>, T)' [C:\Users\cheat\source\repos\AiDotNet\.worktrees\fix-us-bf-032-expressiontree\src\AiDotNet.csproj::TargetFramework=net8.0]
C:\Users\cheat\source\repos\AiDotNet\.worktrees\fix-us-bf-032-expressiontree\src\Models\Results\PredictionModelResult.cs(199,31): error CS1061: 'IFullModel<T, TInput, TOutput>' does not contain a definition for 'GetModelMetadata' and no accessible extension method 'GetModelMetadata' accepting a first argument of type 'IFullModel<T, TInput, TOutput>' could be found (are you missing a using directive or an assembly reference?) [C:\Users\cheat\source\repos\AiDotNet\.worktrees\fix-us-bf-032-expressiontree\src\AiDotNet.csproj::TargetFramework=net8.0]
C:\Users\cheat\source\repos\AiDotNet\.worktrees\fix-us-bf-032-expressiontree\src\Models\Results\PredictionModelResult.cs(342,13): error CS0103: The name 'JsonConverterRegistry' does not exist in the current context [C:\Users\cheat\source\repos\AiDotNet\.worktrees\fix-us-bf-032-expressiontree\src\AiDotNet.csproj::TargetFramework=net8.0]
C:\Users\cheat\source\repos\AiDotNet\.worktrees\fix-us-bf-032-expressiontree\src\Models\Results\PredictionModelResult.cs(352,33): error CS0103: The name 'JsonConverterRegistry' does not exist in the current context [C:\Users\cheat\source\repos\AiDotNet\.worktrees\fix-us-bf-032-expressiontree\src\AiDotNet.csproj::TargetFramework=net8.0]
C:\Users\cheat\source\repos\AiDotNet\.worktrees\fix-us-bf-032-expressiontree\src\Models\Results\PredictionModelResult.cs(355,42): error CS0103: The name 'JsonConverterRegistry' does not exist in the current context [C:\Users\cheat\source\repos\AiDotNet\.worktrees\fix-us-bf-032-expressiontree\src\AiDotNet.csproj::TargetFramework=net8.0]
C:\Users\cheat\source\repos\AiDotNet\.worktrees\fix-us-bf-032-expressiontree\src\Models\Results\PredictionModelResult.cs(409,13): error CS0103: The name 'JsonConverterRegistry' does not exist in the current context [C:\Users\cheat\source\repos\AiDotNet\.worktrees\fix-us-bf-032-expressiontree\src\AiDotNet.csproj::TargetFramework=net8.0]
C:\Users\cheat\source\repos\AiDotNet\.worktrees\fix-us-bf-032-expressiontree\src\Models\Results\PredictionModelResult.cs(420,33): error CS0103: The name 'JsonConverterRegistry' does not exist in the current context [C:\Users\cheat\source\repos\AiDotNet\.worktrees\fix-us-bf-032-expressiontree\src\AiDotNet.csproj::TargetFramework=net8.0]
C:\Users\cheat\source\repos\AiDotNet\.worktrees\fix-us-bf-032-expressiontree\src\Models\Results\PredictionModelResult.cs(423,42): error CS0103: The name 'JsonConverterRegistry' does not exist in the current context [C:\Users\cheat\source\repos\AiDotNet\.worktrees\fix-us-bf-032-expressiontree\src\AiDotNet.csproj::TargetFramework=net8.0]
C:\Users\cheat\source\repos\AiDotNet\.worktrees\fix-us-bf-032-expressiontree\src\LinearAlgebra\ExpressionTree.cs(332,13): error CS8602: Dereference of a possibly null reference. [C:\Users\cheat\source\repos\AiDotNet\.worktrees\fix-us-bf-032-expressiontree\src\AiDotNet.csproj::TargetFramework=net8.0]
C:\Users\cheat\source\repos\AiDotNet\.worktrees\fix-us-bf-032-expressiontree\src\LinearAlgebra\ExpressionTree.cs(390,13): error CS8602: Dereference of a possibly null reference. [C:\Users\cheat\source\repos\AiDotNet\.worktrees\fix-us-bf-032-expressiontree\src\AiDotNet.csproj::TargetFramework=net8.0]
C:\Users\cheat\source\repos\AiDotNet\.worktrees\fix-us-bf-032-expressiontree\src\LinearAlgebra\ExpressionTree.cs(431,30): error CS8602: Dereference of a possibly null reference. [C:\Users\cheat\source\repos\AiDotNet\.worktrees\fix-us-bf-032-expressiontree\src\AiDotNet.csproj::TargetFramework=net8.0]
C:\Users\cheat\source\repos\AiDotNet\.worktrees\fix-us-bf-032-expressiontree\src\LinearAlgebra\ExpressionTree.cs(433,17): error CS8602: Dereference of a possibly null reference. [C:\Users\cheat\source\repos\AiDotNet\.worktrees\fix-us-bf-032-expressiontree\src\AiDotNet.csproj::TargetFramework=net8.0]
C:\Users\cheat\source\repos\AiDotNet\.worktrees\fix-us-bf-032-expressiontree\src\LinearAlgebra\ExpressionTree.cs(469,18): error CS8602: Dereference of a possibly null reference. [C:\Users\cheat\source\repos\AiDotNet\.worktrees\fix-us-bf-032-expressiontree\src\AiDotNet.csproj::TargetFramework=net8.0]
C:\Users\cheat\source\repos\AiDotNet\.worktrees\fix-us-bf-032-expressiontree\src\LinearAlgebra\ExpressionTree.cs(497,13): error CS8602: Dereference of a possibly null reference. [C:\Users\cheat\source\repos\AiDotNet\.worktrees\fix-us-bf-032-expressiontree\src\AiDotNet.csproj::TargetFramework=net8.0]
C:\Users\cheat\source\repos\AiDotNet\.worktrees\fix-us-bf-032-expressiontree\src\Optimizers\ParticleSwarmOptimizer.cs(162,21): error CS0103: The name '_fitnessCalculator' does not exist in the current context [C:\Users\cheat\source\repos\AiDotNet\.worktrees\fix-us-bf-032-expressiontree\src\AiDotNet.csproj::TargetFramework=net8.0]
C:\Users\cheat\source\repos\AiDotNet\.worktrees\fix-us-bf-032-expressiontree\src\Optimizers\ParticleSwarmOptimizer.cs(175,21): error CS0103: The name '_fitnessCalculator' does not exist in the current context [C:\Users\cheat\source\repos\AiDotNet\.worktrees\fix-us-bf-032-expressiontree\src\AiDotNet.csproj::TargetFramework=net8.0]
C:\Users\cheat\source\repos\AiDotNet\.worktrees\fix-us-bf-032-expressiontree\src\Optimizers\OptimizerBase.cs(319,38): error CS1061: 'IModelCache<T, TInput, TOutput>' does not contain a definition for 'GenerateCacheKey' and no accessible extension method 'GenerateCacheKey' accepting a first argument of type 'IModelCache<T, TInput, TOutput>' could be found (are you missing a using directive or an assembly reference?) [C:\Users\cheat\source\repos\AiDotNet\.worktrees\fix-us-bf-032-expressiontree\src\AiDotNet.csproj::TargetFramework=net8.0]
C:\Users\cheat\source\repos\AiDotNet\.worktrees\fix-us-bf-032-expressiontree\src\Optimizers\OptimizerBase.cs(358,38): error CS1061: 'IModelCache<T, TInput, TOutput>' does not contain a definition for 'GenerateCacheKey' and no accessible extension method 'GenerateCacheKey' accepting a first argument of type 'IModelCache<T, TInput, TOutput>' could be found (are you missing a using directive or an assembly reference?) [C:\Users\cheat\source\repos\AiDotNet\.worktrees\fix-us-bf-032-expressiontree\src\AiDotNet.csproj::TargetFramework=net8.0]
C:\Users\cheat\source\repos\AiDotNet\.worktrees\fix-us-bf-032-expressiontree\src\Optimizers\OptimizerBase.cs(478,47): error CS1061: 'IFullModel<T, TInput, TOutput>' does not contain a definition for 'GetModelMetadata' and no accessible extension method 'GetModelMetadata' accepting a first argument of type 'IFullModel<T, TInput, TOutput>' could be found (are you missing a using directive or an assembly reference?) [C:\Users\cheat\source\repos\AiDotNet\.worktrees\fix-us-bf-032-expressiontree\src\AiDotNet.csproj::TargetFramework=net8.0]
C:\Users\cheat\source\repos\AiDotNet\.worktrees\fix-us-bf-032-expressiontree\src\Optimizers\OptimizerBase.cs(484,17): error CS1729: 'OptimizationResult<T, TInput, TOutput>.DatasetResult' does not contain a constructor that takes 1 arguments [C:\Users\cheat\source\repos\AiDotNet\.worktrees\fix-us-bf-032-expressiontree\src\AiDotNet.csproj::TargetFramework=net8.0]
C:\Users\cheat\source\repos\AiDotNet\.worktrees\fix-us-bf-032-expressiontree\src\Optimizers\OptimizerBase.cs(494,17): error CS1729: 'OptimizationResult<T, TInput, TOutput>.DatasetResult' does not contain a constructor that takes 1 arguments [C:\Users\cheat\source\repos\AiDotNet\.worktrees\fix-us-bf-032-expressiontree\src\AiDotNet.csproj::TargetFramework=net8.0]
C:\Users\cheat\source\repos\AiDotNet\.worktrees\fix-us-bf-032-expressiontree\src\Optimizers\OptimizerBase.cs(504,17): error CS1729: 'OptimizationResult<T, TInput, TOutput>.DatasetResult' does not contain a constructor that takes 1 arguments [C:\Users\cheat\source\repos\AiDotNet\.worktrees\fix-us-bf-032-expressiontree\src\AiDotNet.csproj::TargetFramework=net8.0]
C:\Users\cheat\source\repos\AiDotNet\.worktrees\fix-us-bf-032-expressiontree\src\Optimizers\OptimizerBase.cs(569,25): error CS1061: 'OptimizationAlgorithmOptions<T, TInput, TOutput>' does not contain a definition for 'OptimizationMode' and no accessible extension method 'OptimizationMode' accepting a first argument of type 'OptimizationAlgorithmOptions<T, TInput, TOutput>' could be found (are you missing a using directive or an assembly reference?) [C:\Users\cheat\source\repos\AiDotNet\.worktrees\fix-us-bf-032-expressiontree\src\AiDotNet.csproj::TargetFramework=net8.0]
C:\Users\cheat\source\repos\AiDotNet\.worktrees\fix-us-bf-032-expressiontree\src\Optimizers\OptimizerBase.cs(571,18): error CS0103: The name 'OptimizationMode' does not exist in the current context [C:\Users\cheat\source\repos\AiDotNet\.worktrees\fix-us-bf-032-expressiontree\src\AiDotNet.csproj::TargetFramework=net8.0]
C:\Users\cheat\source\repos\AiDotNet\.worktrees\fix-us-bf-032-expressiontree\src\Optimizers\OptimizerBase.cs(575,18): error CS0103: The name 'OptimizationMode' does not exist in the current context [C:\Users\cheat\source\repos\AiDotNet\.worktrees\fix-us-bf-032-expressiontree\src\AiDotNet.csproj::TargetFramework=net8.0]
C:\Users\cheat\source\repos\AiDotNet\.worktrees\fix-us-bf-032-expressiontree\src\Optimizers\OptimizerBase.cs(578,29): error CS1061: 'OptimizationAlgorithmOptions<T, TInput, TOutput>' does not contain a definition for 'ParameterAdjustmentScale' and no accessible extension method 'ParameterAdjustmentScale' accepting a first argument of type 'OptimizationAlgorithmOptions<T, TInput, TOutput>' could be found (are you missing a using directive or an assembly reference?) [C:\Users\cheat\source\repos\AiDotNet\.worktrees\fix-us-bf-032-expressiontree\src\AiDotNet.csproj::TargetFramework=net8.0]
C:\Users\cheat\source\repos\AiDotNet\.worktrees\fix-us-bf-032-expressiontree\src\Optimizers\OptimizerBase.cs(579,29): error CS1061: 'OptimizationAlgorithmOptions<T, TInput, TOutput>' does not contain a definition for 'SignFlipProbability' and no accessible extension method 'SignFlipProbability' accepting a first argument of type 'OptimizationAlgorithmOptions<T, TInput, TOutput>' could be found (are you missing a using directive or an assembly reference?) [C:\Users\cheat\source\repos\AiDotNet\.worktrees\fix-us-bf-032-expressiontree\src\AiDotNet.csproj::TargetFramework=net8.0]
C:\Users\cheat\source\repos\AiDotNet\.worktrees\fix-us-bf-032-expressiontree\src\Optimizers\OptimizerBase.cs(582,18): error CS0103: The name 'OptimizationMode' does not exist in the current context [C:\Users\cheat\source\repos\AiDotNet\.worktrees\fix-us-bf-032-expressiontree\src\AiDotNet.csproj::TargetFramework=net8.0]
C:\Users\cheat\source\repos\AiDotNet\.worktrees\fix-us-bf-032-expressiontree\src\Optimizers\OptimizerBase.cs(585,51): error CS1061: 'OptimizationAlgorithmOptions<T, TInput, TOutput>' does not contain a definition for 'FeatureSelectionProbability' and no accessible extension method 'FeatureSelectionProbability' accepting a first argument of type 'OptimizationAlgorithmOptions<T, TInput, TOutput>' could be found (are you missing a using directive or an assembly reference?) [C:\Users\cheat\source\repos\AiDotNet\.worktrees\fix-us-bf-032-expressiontree\src\AiDotNet.csproj::TargetFramework=net8.0]
C:\Users\cheat\source\repos\AiDotNet\.worktrees\fix-us-bf-032-expressiontree\src\Optimizers\OptimizerBase.cs(590,51): error CS1061: 'OptimizationAlgorithmOptions<T, TInput, TOutput>' does not contain a definition for 'ParameterAdjustmentProbability' and no accessible extension method 'ParameterAdjustmentProbability' accepting a first argument of type 'OptimizationAlgorithmOptions<T, TInput, TOutput>' could be found (are you missing a using directive or an assembly reference?) [C:\Users\cheat\source\repos\AiDotNet\.worktrees\fix-us-bf-032-expressiontree\src\AiDotNet.csproj::TargetFramework=net8.0]
C:\Users\cheat\source\repos\AiDotNet\.worktrees\fix-us-bf-032-expressiontree\src\Optimizers\OptimizerBase.cs(594,33): error CS1061: 'OptimizationAlgorithmOptions<T, TInput, TOutput>' does not contain a definition for 'ParameterAdjustmentScale' and no accessible extension method 'ParameterAdjustmentScale' accepting a first argument of type 'OptimizationAlgorithmOptions<T, TInput, TOutput>' could be found (are you missing a using directive or an assembly reference?) [C:\Users\cheat\source\repos\AiDotNet\.worktrees\fix-us-bf-032-expressiontree\src\AiDotNet.csproj::TargetFramework=net8.0]
C:\Users\cheat\source\repos\AiDotNet\.worktrees\fix-us-bf-032-expressiontree\src\Optimizers\OptimizerBase.cs(595,33): error CS1061: 'OptimizationAlgorithmOptions<T, TInput, TOutput>' does not contain a definition for 'SignFlipProbability' and no accessible extension method 'SignFlipProbability' accepting a first argument of type 'OptimizationAlgorithmOptions<T, TInput, TOutput>' could be found (are you missing a using directive or an assembly reference?) [C:\Users\cheat\source\repos\AiDotNet\.worktrees\fix-us-bf-032-expressiontree\src\AiDotNet.csproj::TargetFramework=net8.0]
C:\Users\cheat\source\repos\AiDotNet\.worktrees\fix-us-bf-032-expressiontree\src\Optimizers\BayesianOptimizer.cs(56,11): error CS7036: There is no argument given that corresponds to the required parameter 'options' of 'OptimizerBase<T, TInput, TOutput>.OptimizerBase(IFullModel<T, TInput, TOutput>, OptimizationAlgorithmOptions<T, TInput, TOutput>)' [C:\Users\cheat\source\repos\AiDotNet\.worktrees\fix-us-bf-032-expressiontree\src\AiDotNet.csproj::TargetFramework=net8.0]
C:\Users\cheat\source\repos\AiDotNet\.worktrees\fix-us-bf-032-expressiontree\src\Optimizers\BayesianOptimizer.cs(61,87): error CS1061: 'BayesianOptimizerOptions<T, TInput, TOutput>' does not contain a definition for 'KernelFunction' and no accessible extension method 'KernelFunction' accepting a first argument of type 'BayesianOptimizerOptions<T, TInput, TOutput>' could be found (are you missing a using directive or an assembly reference?) [C:\Users\cheat\source\repos\AiDotNet\.worktrees\fix-us-bf-032-expressiontree\src\AiDotNet.csproj::TargetFramework=net8.0]
C:\Users\cheat\source\repos\AiDotNet\.worktrees\fix-us-bf-032-expressiontree\src\Optimizers\BFGSOptimizer.cs(64,11): error CS7036: There is no argument given that corresponds to the required parameter 'options' of 'GradientBasedOptimizerBase<T, TInput, TOutput>.GradientBasedOptimizerBase(IFullModel<T, TInput, TOutput>, GradientBasedOptimizerOptions<T, TInput, TOutput>)' [C:\Users\cheat\source\repos\AiDotNet\.worktrees\fix-us-bf-032-expressiontree\src\AiDotNet.csproj::TargetFramework=net8.0]
C:\Users\cheat\source\repos\AiDotNet\.worktrees\fix-us-bf-032-expressiontree\src\Optimizers\BayesianOptimizer.cs(272,52): error CS1061: 'BayesianOptimizerOptions<T, TInput, TOutput>' does not contain a definition for 'KernelFunction' and no accessible extension method 'KernelFunction' accepting a first argument of type 'BayesianOptimizerOptions<T, TInput, TOutput>' could be found (are you missing a using directive or an assembly reference?) [C:\Users\cheat\source\repos\AiDotNet\.worktrees\fix-us-bf-032-expressiontree\src\AiDotNet.csproj::TargetFramework=net8.0]
C:\Users\cheat\source\repos\AiDotNet\.worktrees\fix-us-bf-032-expressiontree\src\Optimizers\NormalOptimizer.cs(42,5): error CS7036: There is no argument given that corresponds to the required parameter 'options' of 'OptimizerBase<T, TInput, TOutput>.OptimizerBase(IFullModel<T, TInput, TOutput>, OptimizationAlgorithmOptions<T, TInput, TOutput>)' [C:\Users\cheat\source\repos\AiDotNet\.worktrees\fix-us-bf-032-expressiontree\src\AiDotNet.csproj::TargetFramework=net8.0]
C:\Users\cheat\source\repos\AiDotNet\.worktrees\fix-us-bf-032-expressiontree\src\Optimizers\BayesianOptimizer.cs(378,72): error CS1061: 'BayesianOptimizerOptions<T, TInput, TOutput>' does not contain a definition for 'KernelFunction' and no accessible extension method 'KernelFunction' accepting a first argument of type 'BayesianOptimizerOptions<T, TInput, TOutput>' could be found (are you missing a using directive or an assembly reference?) [C:\Users\cheat\source\repos\AiDotNet\.worktrees\fix-us-bf-032-expressiontree\src\AiDotNet.csproj::TargetFramework=net8.0]
C:\Users\cheat\source\repos\AiDotNet\.worktrees\fix-us-bf-032-expressiontree\src\Models\Options\MultilayerPerceptronRegressionOptions.cs(433,107): error CS1503: Argument 1: cannot convert from 'AiDotNet.Models.Options.AdamOptimizerOptions<T, TInput, TOutput>' to 'AiDotNet.Interfaces.IFullModel<T, TInput, TOutput>' [C:\Users\cheat\source\repos\AiDotNet\.worktrees\fix-us-bf-032-expressiontree\src\AiDotNet.csproj::TargetFramework=net8.0]
C:\Users\cheat\source\repos\AiDotNet\.worktrees\fix-us-bf-032-expressiontree\src\Optimizers\NewtonMethodOptimizer.cs(48,11): error CS7036: There is no argument given that corresponds to the required parameter 'options' of 'GradientBasedOptimizerBase<T, TInput, TOutput>.GradientBasedOptimizerBase(IFullModel<T, TInput, TOutput>, GradientBasedOptimizerOptions<T, TInput, TOutput>)' [C:\Users\cheat\source\repos\AiDotNet\.worktrees\fix-us-bf-032-expressiontree\src\AiDotNet.csproj::TargetFramework=net8.0]
C:\Users\cheat\source\repos\AiDotNet\.worktrees\fix-us-bf-032-expressiontree\src\Optimizers\NelderMeadOptimizer.cs(75,11): error CS7036: There is no argument given that corresponds to the required parameter 'options' of 'OptimizerBase<T, TInput, TOutput>.OptimizerBase(IFullModel<T, TInput, TOutput>, OptimizationAlgorithmOptions<T, TInput, TOutput>)' [C:\Users\cheat\source\repos\AiDotNet\.worktrees\fix-us-bf-032-expressiontree\src\AiDotNet.csproj::TargetFramework=net8.0]
C:\Users\cheat\source\repos\AiDotNet\.worktrees\fix-us-bf-032-expressiontree\src\Optimizers\CMAESOptimizer.cs(74,11): error CS7036: There is no argument given that corresponds to the required parameter 'options' of 'OptimizerBase<T, TInput, TOutput>.OptimizerBase(IFullModel<T, TInput, TOutput>, OptimizationAlgorithmOptions<T, TInput, TOutput>)' [C:\Users\cheat\source\repos\AiDotNet\.worktrees\fix-us-bf-032-expressiontree\src\AiDotNet.csproj::TargetFramework=net8.0]
C:\Users\cheat\source\repos\AiDotNet\.worktrees\fix-us-bf-032-expressiontree\src\NeuralNetworks\FeedForwardNeuralNetwork.cs(76,39): error CS7036: There is no argument given that corresponds to the required parameter 'model' of 'AdamOptimizer<T, Tensor<T>, Tensor<T>>.AdamOptimizer(IFullModel<T, Tensor<T>, Tensor<T>>, AdamOptimizerOptions<T, Tensor<T>, Tensor<T>>?)' [C:\Users\cheat\source\repos\AiDotNet\.worktrees\fix-us-bf-032-expressiontree\src\AiDotNet.csproj::TargetFramework=net8.0]
C:\Users\cheat\source\repos\AiDotNet\.worktrees\fix-us-bf-032-expressiontree\src\NeuralNetworks\LiquidStateMachine.cs(449,29): error CS7036: There is no argument given that corresponds to the required parameter 'model' of 'GradientDescentOptimizer<T, Tensor<T>, Tensor<T>>.GradientDescentOptimizer(IFullModel<T, Tensor<T>, Tensor<T>>, GradientDescentOptimizerOptions<T, Tensor<T>, Tensor<T>>?)' [C:\Users\cheat\source\repos\AiDotNet\.worktrees\fix-us-bf-032-expressiontree\src\AiDotNet.csproj::TargetFramework=net8.0]
C:\Users\cheat\source\repos\AiDotNet\.worktrees\fix-us-bf-032-expressiontree\src\Optimizers\MiniBatchGradientDescentOptimizer.cs(49,11): error CS7036: There is no argument given that corresponds to the required parameter 'options' of 'GradientBasedOptimizerBase<T, TInput, TOutput>.GradientBasedOptimizerBase(IFullModel<T, TInput, TOutput>, GradientBasedOptimizerOptions<T, TInput, TOutput>)' [C:\Users\cheat\source\repos\AiDotNet\.worktrees\fix-us-bf-032-expressiontree\src\AiDotNet.csproj::TargetFramework=net8.0]
C:\Users\cheat\source\repos\AiDotNet\.worktrees\fix-us-bf-032-expressiontree\src\NeuralNetworks\GraphNeuralNetwork.cs(547,29): error CS7036: There is no argument given that corresponds to the required parameter 'model' of 'AdamOptimizer<T, Tensor<T>, Tensor<T>>.AdamOptimizer(IFullModel<T, Tensor<T>, Tensor<T>>, AdamOptimizerOptions<T, Tensor<T>, Tensor<T>>?)' [C:\Users\cheat\source\repos\AiDotNet\.worktrees\fix-us-bf-032-expressiontree\src\AiDotNet.csproj::TargetFramework=net8.0]
C:\Users\cheat\source\repos\AiDotNet\.worktrees\fix-us-bf-032-expressiontree\src\Optimizers\LevenbergMarquardtOptimizer.cs(55,11): error CS7036: There is no argument given that corresponds to the required parameter 'options' of 'GradientBasedOptimizerBase<T, TInput, TOutput>.GradientBasedOptimizerBase(IFullModel<T, TInput, TOutput>, GradientBasedOptimizerOptions<T, TInput, TOutput>)' [C:\Users\cheat\source\repos\AiDotNet\.worktrees\fix-us-bf-032-expressiontree\src\AiDotNet.csproj::TargetFramework=net8.0]
C:\Users\cheat\source\repos\AiDotNet\.worktrees\fix-us-bf-032-expressiontree\src\Optimizers\LBFGSOptimizer.cs(66,11): error CS7036: There is no argument given that corresponds to the required parameter 'options' of 'GradientBasedOptimizerBase<T, TInput, TOutput>.GradientBasedOptimizerBase(IFullModel<T, TInput, TOutput>, GradientBasedOptimizerOptions<T, TInput, TOutput>)' [C:\Users\cheat\source\repos\AiDotNet\.worktrees\fix-us-bf-032-expressiontree\src\AiDotNet.csproj::TargetFramework=net8.0]
C:\Users\cheat\source\repos\AiDotNet\.worktrees\fix-us-bf-032-expressiontree\src\NeuralNetworks\GraphNeuralNetwork.cs(611,29): error CS7036: There is no argument given that corresponds to the required parameter 'model' of 'AdamOptimizer<T, Tensor<T>, Tensor<T>>.AdamOptimizer(IFullModel<T, Tensor<T>, Tensor<T>>, AdamOptimizerOptions<T, Tensor<T>, Tensor<T>>?)' [C:\Users\cheat\source\repos\AiDotNet\.worktrees\fix-us-bf-032-expressiontree\src\AiDotNet.csproj::TargetFramework=net8.0]
C:\Users\cheat\source\repos\AiDotNet\.worktrees\fix-us-bf-032-expressiontree\src\NeuralNetworks\DifferentiableNeuralComputer.cs(677,29): error CS7036: There is no argument given that corresponds to the required parameter 'model' of 'GradientDescentOptimizer<T, Tensor<T>, Tensor<T>>.GradientDescentOptimizer(IFullModel<T, Tensor<T>, Tensor<T>>, GradientDescentOptimizerOptions<T, Tensor<T>, Tensor<T>>?)' [C:\Users\cheat\source\repos\AiDotNet\.worktrees\fix-us-bf-032-expressiontree\src\AiDotNet.csproj::TargetFramework=net8.0]
C:\Users\cheat\source\repos\AiDotNet\.worktrees\fix-us-bf-032-expressiontree\src\NeuralNetworks\ConvolutionalNeuralNetwork.cs(78,39): error CS7036: There is no argument given that corresponds to the required parameter 'model' of 'AdamOptimizer<T, Tensor<T>, Tensor<T>>.AdamOptimizer(IFullModel<T, Tensor<T>, Tensor<T>>, AdamOptimizerOptions<T, Tensor<T>, Tensor<T>>?)' [C:\Users\cheat\source\repos\AiDotNet\.worktrees\fix-us-bf-032-expressiontree\src\AiDotNet.csproj::TargetFramework=net8.0]
C:\Users\cheat\source\repos\AiDotNet\.worktrees\fix-us-bf-032-expressiontree\src\Optimizers\FTRLOptimizer.cs(64,11): error CS7036: There is no argument given that corresponds to the required parameter 'options' of 'GradientBasedOptimizerBase<T, TInput, TOutput>.GradientBasedOptimizerBase(IFullModel<T, TInput, TOutput>, GradientBasedOptimizerOptions<T, TInput, TOutput>)' [C:\Users\cheat\source\repos\AiDotNet\.worktrees\fix-us-bf-032-expressiontree\src\AiDotNet.csproj::TargetFramework=net8.0]
C:\Users\cheat\source\repos\AiDotNet\.worktrees\fix-us-bf-032-expressiontree\src\Optimizers\ConjugateGradientOptimizer.cs(60,11): error CS7036: There is no argument given that corresponds to the required parameter 'options' of 'GradientBasedOptimizerBase<T, TInput, TOutput>.GradientBasedOptimizerBase(IFullModel<T, TInput, TOutput>, GradientBasedOptimizerOptions<T, TInput, TOutput>)' [C:\Users\cheat\source\repos\AiDotNet\.worktrees\fix-us-bf-032-expressiontree\src\AiDotNet.csproj::TargetFramework=net8.0]
C:\Users\cheat\source\repos\AiDotNet\.worktrees\fix-us-bf-032-expressiontree\src\Optimizers\CoordinateDescentOptimizer.cs(60,11): error CS7036: There is no argument given that corresponds to the required parameter 'options' of 'GradientBasedOptimizerBase<T, TInput, TOutput>.GradientBasedOptimizerBase(IFullModel<T, TInput, TOutput>, GradientBasedOptimizerOptions<T, TInput, TOutput>)' [C:\Users\cheat\source\repos\AiDotNet\.worktrees\fix-us-bf-032-expressiontree\src\AiDotNet.csproj::TargetFramework=net8.0]
C:\Users\cheat\source\repos\AiDotNet\.worktrees\fix-us-bf-032-expressiontree\src\Optimizers\DFPOptimizer.cs(60,11): error CS7036: There is no argument given that corresponds to the required parameter 'options' of 'GradientBasedOptimizerBase<T, TInput, TOutput>.GradientBasedOptimizerBase(IFullModel<T, TInput, TOutput>, GradientBasedOptimizerOptions<T, TInput, TOutput>)' [C:\Users\cheat\source\repos\AiDotNet\.worktrees\fix-us-bf-032-expressiontree\src\AiDotNet.csproj::TargetFramework=net8.0]
C:\Users\cheat\source\repos\AiDotNet\.worktrees\fix-us-bf-032-expressiontree\src\Regression\GeneticAlgorithmRegression.cs(119,77): error CS1503: Argument 1: cannot convert from 'AiDotNet.Models.Options.GeneticAlgorithmOptimizerOptions<T, AiDotNet.LinearAlgebra.Matrix<T>, AiDotNet.LinearAlgebra.Vector<T>>' to 'AiDotNet.Interfaces.IFullModel<T, AiDotNet.LinearAlgebra.Matrix<T>, AiDotNet.LinearAlgebra.Vector<T>>' [C:\Users\cheat\source\repos\AiDotNet\.worktrees\fix-us-bf-032-expressiontree\src\AiDotNet.csproj::TargetFramework=net8.0]
C:\Users\cheat\source\repos\AiDotNet\.worktrees\fix-us-bf-032-expressiontree\src\Regression\GeneticAlgorithmRegression.cs(354,77): error CS1503: Argument 1: cannot convert from 'AiDotNet.Models.Options.GeneticAlgorithmOptimizerOptions<T, AiDotNet.LinearAlgebra.Matrix<T>, AiDotNet.LinearAlgebra.Vector<T>>' to 'AiDotNet.Interfaces.IFullModel<T, AiDotNet.LinearAlgebra.Matrix<T>, AiDotNet.LinearAlgebra.Vector<T>>' [C:\Users\cheat\source\repos\AiDotNet\.worktrees\fix-us-bf-032-expressiontree\src\AiDotNet.csproj::TargetFramework=net8.0]
C:\Users\cheat\source\repos\AiDotNet\.worktrees\fix-us-bf-032-expressiontree\src\Regression\MultilayerPerceptronRegression.cs(147,48): error CS7036: There is no argument given that corresponds to the required parameter 'model' of 'AdamOptimizer<T, Matrix<T>, Vector<T>>.AdamOptimizer(IFullModel<T, Matrix<T>, Vector<T>>, AdamOptimizerOptions<T, Matrix<T>, Vector<T>>?)' [C:\Users\cheat\source\repos\AiDotNet\.worktrees\fix-us-bf-032-expressiontree\src\AiDotNet.csproj::TargetFramework=net8.0]
C:\Users\cheat\source\repos\AiDotNet\.worktrees\fix-us-bf-032-expressiontree\src\Regression\NeuralNetworkRegression.cs(84,48): error CS7036: There is no argument given that corresponds to the required parameter 'model' of 'AdamOptimizer<T, Matrix<T>, Vector<T>>.AdamOptimizer(IFullModel<T, Matrix<T>, Vector<T>>, AdamOptimizerOptions<T, Matrix<T>, Vector<T>>?)' [C:\Users\cheat\source\repos\AiDotNet\.worktrees\fix-us-bf-032-expressiontree\src\AiDotNet.csproj::TargetFramework=net8.0]
C:\Users\cheat\source\repos\AiDotNet\.worktrees\fix-us-bf-032-expressiontree\src\Evaluation\DefaultModelEvaluator.cs(194,41): error CS1729: 'PredictionModelResult<T, TInput, TOutput>' does not contain a constructor that takes 3 arguments [C:\Users\cheat\source\repos\AiDotNet\.worktrees\fix-us-bf-032-expressiontree\src\AiDotNet.csproj::TargetFramework=net462]
C:\Users\cheat\source\repos\AiDotNet\.worktrees\fix-us-bf-032-expressiontree\src\AutoML\AutoMLModelBase.cs(371,23): error CS1061: 'IFullModel<T, TInput, TOutput>' does not contain a definition for 'LoadFromFile' and no accessible extension method 'LoadFromFile' accepting a first argument of type 'IFullModel<T, TInput, TOutput>' could be found (are you missing a using directive or an assembly reference?) [C:\Users\cheat\source\repos\AiDotNet\.worktrees\fix-us-bf-032-expressiontree\src\AiDotNet.csproj::TargetFramework=net462]
C:\Users\cheat\source\repos\AiDotNet\.worktrees\fix-us-bf-032-expressiontree\src\Models\VectorModel.cs(119,12): error CS8618: Non-nullable field '_sensitiveFeatures' must contain a non-null value when exiting constructor. Consider adding the 'required' modifier or declaring the field as nullable. [C:\Users\cheat\source\repos\AiDotNet\.worktrees\fix-us-bf-032-expressiontree\src\AiDotNet.csproj::TargetFramework=net462]
C:\Users\cheat\source\repos\AiDotNet\.worktrees\fix-us-bf-032-expressiontree\src\NeuralNetworks\VariationalAutoencoder.cs(144,39): error CS7036: There is no argument given that corresponds to the required parameter 'model' of 'AdamOptimizer<T, Tensor<T>, Tensor<T>>.AdamOptimizer(IFullModel<T, Tensor<T>, Tensor<T>>, AdamOptimizerOptions<T, Tensor<T>, Tensor<T>>?)' [C:\Users\cheat\source\repos\AiDotNet\.worktrees\fix-us-bf-032-expressiontree\src\AiDotNet.csproj::TargetFramework=net462]
C:\Users\cheat\source\repos\AiDotNet\.worktrees\fix-us-bf-032-expressiontree\src\Models\VectorModel.cs(1085,47): error CS0411: The type arguments for method 'InterpretableModelHelper.GetGlobalFeatureImportanceAsync<T>(IInterpretableModel<T>, HashSet<InterpretationMethod>)' cannot be inferred from the usage. Try specifying the type arguments explicitly. [C:\Users\cheat\source\repos\AiDotNet\.worktrees\fix-us-bf-032-expressiontree\src\AiDotNet.csproj::TargetFramework=net462]
C:\Users\cheat\source\repos\AiDotNet\.worktrees\fix-us-bf-032-expressiontree\src\Models\VectorModel.cs(1093,47): error CS0411: The type arguments for method 'InterpretableModelHelper.GetLocalFeatureImportanceAsync<T>(IInterpretableModel<T>, HashSet<InterpretationMethod>, Tensor<T>)' cannot be inferred from the usage. Try specifying the type arguments explicitly. [C:\Users\cheat\source\repos\AiDotNet\.worktrees\fix-us-bf-032-expressiontree\src\AiDotNet.csproj::TargetFramework=net462]
C:\Users\cheat\source\repos\AiDotNet\.worktrees\fix-us-bf-032-expressiontree\src\Models\VectorModel.cs(1101,47): error CS7036: There is no argument given that corresponds to the required parameter 'inputs' of 'InterpretableModelHelper.GetShapValuesAsync<T>(IInterpretableModel<T>, HashSet<InterpretationMethod>, Tensor<T>)' [C:\Users\cheat\source\repos\AiDotNet\.worktrees\fix-us-bf-032-expressiontree\src\AiDotNet.csproj::TargetFramework=net462]
C:\Users\cheat\source\repos\AiDotNet\.worktrees\fix-us-bf-032-expressiontree\src\Models\VectorModel.cs(1109,47): error CS7036: There is no argument given that corresponds to the required parameter 'input' of 'InterpretableModelHelper.GetLimeExplanationAsync<T>(IInterpretableModel<T>, HashSet<InterpretationMethod>, Tensor<T>, int)' [C:\Users\cheat\source\repos\AiDotNet\.worktrees\fix-us-bf-032-expressiontree\src\AiDotNet.csproj::TargetFramework=net462]
C:\Users\cheat\source\repos\AiDotNet\.worktrees\fix-us-bf-032-expressiontree\src\Models\VectorModel.cs(1117,76): error CS1503: Argument 1: cannot convert from 'System.Collections.Generic.HashSet<AiDotNet.Interpretability.InterpretationMethod>' to 'AiDotNet.Interfaces.IInterpretableModel<T>' [C:\Users\cheat\source\repos\AiDotNet\.worktrees\fix-us-bf-032-expressiontree\src\AiDotNet.csproj::TargetFramework=net462]
C:\Users\cheat\source\repos\AiDotNet\.worktrees\fix-us-bf-032-expressiontree\src\Models\VectorModel.cs(1117,93): error CS1503: Argument 2: cannot convert from 'AiDotNet.LinearAlgebra.Vector<int>' to 'System.Collections.Generic.HashSet<AiDotNet.Interpretability.InterpretationMethod>' [C:\Users\cheat\source\repos\AiDotNet\.worktrees\fix-us-bf-032-expressiontree\src\AiDotNet.csproj::TargetFramework=net462]
C:\Users\cheat\source\repos\AiDotNet\.worktrees\fix-us-bf-032-expressiontree\src\Models\VectorModel.cs(1117,109): error CS1503: Argument 3: cannot convert from 'int' to 'AiDotNet.LinearAlgebra.Vector<int>' [C:\Users\cheat\source\repos\AiDotNet\.worktrees\fix-us-bf-032-expressiontree\src\AiDotNet.csproj::TargetFramework=net462]
C:\Users\cheat\source\repos\AiDotNet\.worktrees\fix-us-bf-032-expressiontree\src\Models\VectorModel.cs(1125,47): error CS7036: There is no argument given that corresponds to the required parameter 'input' of 'InterpretableModelHelper.GetCounterfactualAsync<T>(IInterpretableModel<T>, HashSet<InterpretationMethod>, Tensor<T>, Tensor<T>, int)' [C:\Users\cheat\source\repos\AiDotNet\.worktrees\fix-us-bf-032-expressiontree\src\AiDotNet.csproj::TargetFramework=net462]
C:\Users\cheat\source\repos\AiDotNet\.worktrees\fix-us-bf-032-expressiontree\src\Models\VectorModel.cs(1133,47): error CS0411: The type arguments for method 'InterpretableModelHelper.GetModelSpecificInterpretabilityAsync<T>(IInterpretableModel<T>)' cannot be inferred from the usage. Try specifying the type arguments explicitly. [C:\Users\cheat\source\repos\AiDotNet\.worktrees\fix-us-bf-032-expressiontree\src\AiDotNet.csproj::TargetFramework=net462]
C:\Users\cheat\source\repos\AiDotNet\.worktrees\fix-us-bf-032-expressiontree\src\Models\VectorModel.cs(1141,47): error CS0411: The type arguments for method 'InterpretableModelHelper.GenerateTextExplanationAsync<T>(IInterpretableModel<T>, Tensor<T>, Tensor<T>)' cannot be inferred from the usage. Try specifying the type arguments explicitly. [C:\Users\cheat\source\repos\AiDotNet\.worktrees\fix-us-bf-032-expressiontree\src\AiDotNet.csproj::TargetFramework=net462]
C:\Users\cheat\source\repos\AiDotNet\.worktrees\fix-us-bf-032-expressiontree\src\Models\VectorModel.cs(1165,47): error CS7036: There is no argument given that corresponds to the required parameter 'input' of 'InterpretableModelHelper.GetAnchorExplanationAsync<T>(IInterpretableModel<T>, HashSet<InterpretationMethod>, Tensor<T>, T)' [C:\Users\cheat\source\repos\AiDotNet\.worktrees\fix-us-bf-032-expressiontree\src\AiDotNet.csproj::TargetFramework=net462]
C:\Users\cheat\source\repos\AiDotNet\.worktrees\fix-us-bf-032-expressiontree\src\NeuralNetworks\VariationalAutoencoder.cs(772,130): error CS7036: There is no argument given that corresponds to the required parameter 'model' of 'AdamOptimizer<T, Tensor<T>, Tensor<T>>.AdamOptimizer(IFullModel<T, Tensor<T>, Tensor<T>>, AdamOptimizerOptions<T, Tensor<T>, Tensor<T>>?)' [C:\Users\cheat\source\repos\AiDotNet\.worktrees\fix-us-bf-032-expressiontree\src\AiDotNet.csproj::TargetFramework=net462]
C:\Users\cheat\source\repos\AiDotNet\.worktrees\fix-us-bf-032-expressiontree\src\NeuralNetworks\Transformer.cs(117,39): error CS7036: There is no argument given that corresponds to the required parameter 'model' of 'GradientDescentOptimizer<T, Tensor<T>, Tensor<T>>.GradientDescentOptimizer(IFullModel<T, Tensor<T>, Tensor<T>>, GradientDescentOptimizerOptions<T, Tensor<T>, Tensor<T>>?)' [C:\Users\cheat\source\repos\AiDotNet\.worktrees\fix-us-bf-032-expressiontree\src\AiDotNet.csproj::TargetFramework=net462]
C:\Users\cheat\source\repos\AiDotNet\.worktrees\fix-us-bf-032-expressiontree\src\Models\Results\PredictionModelResult.cs(199,31): error CS1061: 'IFullModel<T, TInput, TOutput>' does not contain a definition for 'GetModelMetadata' and no accessible extension method 'GetModelMetadata' accepting a first argument of type 'IFullModel<T, TInput, TOutput>' could be found (are you missing a using directive or an assembly reference?) [C:\Users\cheat\source\repos\AiDotNet\.worktrees\fix-us-bf-032-expressiontree\src\AiDotNet.csproj::TargetFramework=net462]
C:\Users\cheat\source\repos\AiDotNet\.worktrees\fix-us-bf-032-expressiontree\src\Models\Results\PredictionModelResult.cs(342,13): error CS0103: The name 'JsonConverterRegistry' does not exist in the current context [C:\Users\cheat\source\repos\AiDotNet\.worktrees\fix-us-bf-032-expressiontree\src\AiDotNet.csproj::TargetFramework=net462]
C:\Users\cheat\source\repos\AiDotNet\.worktrees\fix-us-bf-032-expressiontree\src\Models\Results\PredictionModelResult.cs(352,33): error CS0103: The name 'JsonConverterRegistry' does not exist in the current context [C:\Users\cheat\source\repos\AiDotNet\.worktrees\fix-us-bf-032-expressiontree\src\AiDotNet.csproj::TargetFramework=net462]
C:\Users\cheat\source\repos\AiDotNet\.worktrees\fix-us-bf-032-expressiontree\src\Models\Results\PredictionModelResult.cs(355,42): error CS0103: The name 'JsonConverterRegistry' does not exist in the current context [C:\Users\cheat\source\repos\AiDotNet\.worktrees\fix-us-bf-032-expressiontree\src\AiDotNet.csproj::TargetFramework=net462]
C:\Users\cheat\source\repos\AiDotNet\.worktrees\fix-us-bf-032-expressiontree\src\Models\Results\PredictionModelResult.cs(409,13): error CS0103: The name 'JsonConverterRegistry' does not exist in the current context [C:\Users\cheat\source\repos\AiDotNet\.worktrees\fix-us-bf-032-expressiontree\src\AiDotNet.csproj::TargetFramework=net462]
C:\Users\cheat\source\repos\AiDotNet\.worktrees\fix-us-bf-032-expressiontree\src\Models\Results\PredictionModelResult.cs(420,33): error CS0103: The name 'JsonConverterRegistry' does not exist in the current context [C:\Users\cheat\source\repos\AiDotNet\.worktrees\fix-us-bf-032-expressiontree\src\AiDotNet.csproj::TargetFramework=net462]
C:\Users\cheat\source\repos\AiDotNet\.worktrees\fix-us-bf-032-expressiontree\src\Models\Results\PredictionModelResult.cs(423,42): error CS0103: The name 'JsonConverterRegistry' does not exist in the current context [C:\Users\cheat\source\repos\AiDotNet\.worktrees\fix-us-bf-032-expressiontree\src\AiDotNet.csproj::TargetFramework=net462]
C:\Users\cheat\source\repos\AiDotNet\.worktrees\fix-us-bf-032-expressiontree\src\NeuralNetworks\Transformer.cs(475,130): error CS7036: There is no argument given that corresponds to the required parameter 'model' of 'GradientDescentOptimizer<T, Tensor<T>, Tensor<T>>.GradientDescentOptimizer(IFullModel<T, Tensor<T>, Tensor<T>>, GradientDescentOptimizerOptions<T, Tensor<T>, Tensor<T>>?)' [C:\Users\cheat\source\repos\AiDotNet\.worktrees\fix-us-bf-032-expressiontree\src\AiDotNet.csproj::TargetFramework=net462]
C:\Users\cheat\source\repos\AiDotNet\.worktrees\fix-us-bf-032-expressiontree\src\PredictionModelBuilder.cs(237,20): error CS1729: 'PredictionModelResult<T, TInput, TOutput>' does not contain a constructor that takes 3 arguments [C:\Users\cheat\source\repos\AiDotNet\.worktrees\fix-us-bf-032-expressiontree\src\AiDotNet.csproj::TargetFramework=net462]
C:\Users\cheat\source\repos\AiDotNet\.worktrees\fix-us-bf-032-expressiontree\src\Optimizers\BayesianOptimizer.cs(56,11): error CS7036: There is no argument given that corresponds to the required parameter 'options' of 'OptimizerBase<T, TInput, TOutput>.OptimizerBase(IFullModel<T, TInput, TOutput>, OptimizationAlgorithmOptions<T, TInput, TOutput>)' [C:\Users\cheat\source\repos\AiDotNet\.worktrees\fix-us-bf-032-expressiontree\src\AiDotNet.csproj::TargetFramework=net462]
C:\Users\cheat\source\repos\AiDotNet\.worktrees\fix-us-bf-032-expressiontree\src\Optimizers\BayesianOptimizer.cs(61,87): error CS1061: 'BayesianOptimizerOptions<T, TInput, TOutput>' does not contain a definition for 'KernelFunction' and no accessible extension method 'KernelFunction' accepting a first argument of type 'BayesianOptimizerOptions<T, TInput, TOutput>' could be found (are you missing a using directive or an assembly reference?) [C:\Users\cheat\source\repos\AiDotNet\.worktrees\fix-us-bf-032-expressiontree\src\AiDotNet.csproj::TargetFramework=net462]
C:\Users\cheat\source\repos\AiDotNet\.worktrees\fix-us-bf-032-expressiontree\src\Optimizers\BFGSOptimizer.cs(64,11): error CS7036: There is no argument given that corresponds to the required parameter 'options' of 'GradientBasedOptimizerBase<T, TInput, TOutput>.GradientBasedOptimizerBase(IFullModel<T, TInput, TOutput>, GradientBasedOptimizerOptions<T, TInput, TOutput>)' [C:\Users\cheat\source\repos\AiDotNet\.worktrees\fix-us-bf-032-expressiontree\src\AiDotNet.csproj::TargetFramework=net462]
C:\Users\cheat\source\repos\AiDotNet\.worktrees\fix-us-bf-032-expressiontree\src\Optimizers\CMAESOptimizer.cs(74,11): error CS7036: There is no argument given that corresponds to the required parameter 'options' of 'OptimizerBase<T, TInput, TOutput>.OptimizerBase(IFullModel<T, TInput, TOutput>, OptimizationAlgorithmOptions<T, TInput, TOutput>)' [C:\Users\cheat\source\repos\AiDotNet\.worktrees\fix-us-bf-032-expressiontree\src\AiDotNet.csproj::TargetFramework=net462]
C:\Users\cheat\source\repos\AiDotNet\.worktrees\fix-us-bf-032-expressiontree\src\Optimizers\ConjugateGradientOptimizer.cs(60,11): error CS7036: There is no argument given that corresponds to the required parameter 'options' of 'GradientBasedOptimizerBase<T, TInput, TOutput>.GradientBasedOptimizerBase(IFullModel<T, TInput, TOutput>, GradientBasedOptimizerOptions<T, TInput, TOutput>)' [C:\Users\cheat\source\repos\AiDotNet\.worktrees\fix-us-bf-032-expressiontree\src\AiDotNet.csproj::TargetFramework=net462]
C:\Users\cheat\source\repos\AiDotNet\.worktrees\fix-us-bf-032-expressiontree\src\Optimizers\CoordinateDescentOptimizer.cs(60,11): error CS7036: There is no argument given that corresponds to the required parameter 'options' of 'GradientBasedOptimizerBase<T, TInput, TOutput>.GradientBasedOptimizerBase(IFullModel<T, TInput, TOutput>, GradientBasedOptimizerOptions<T, TInput, TOutput>)' [C:\Users\cheat\source\repos\AiDotNet\.worktrees\fix-us-bf-032-expressiontree\src\AiDotNet.csproj::TargetFramework=net462]
C:\Users\cheat\source\repos\AiDotNet\.worktrees\fix-us-bf-032-expressiontree\src\Optimizers\DFPOptimizer.cs(60,11): error CS7036: There is no argument given that corresponds to the required parameter 'options' of 'GradientBasedOptimizerBase<T, TInput, TOutput>.GradientBasedOptimizerBase(IFullModel<T, TInput, TOutput>, GradientBasedOptimizerOptions<T, TInput, TOutput>)' [C:\Users\cheat\source\repos\AiDotNet\.worktrees\fix-us-bf-032-expressiontree\src\AiDotNet.csproj::TargetFramework=net462]
C:\Users\cheat\source\repos\AiDotNet\.worktrees\fix-us-bf-032-expressiontree\src\Optimizers\FTRLOptimizer.cs(64,11): error CS7036: There is no argument given that corresponds to the required parameter 'options' of 'GradientBasedOptimizerBase<T, TInput, TOutput>.GradientBasedOptimizerBase(IFullModel<T, TInput, TOutput>, GradientBasedOptimizerOptions<T, TInput, TOutput>)' [C:\Users\cheat\source\repos\AiDotNet\.worktrees\fix-us-bf-032-expressiontree\src\AiDotNet.csproj::TargetFramework=net462]
C:\Users\cheat\source\repos\AiDotNet\.worktrees\fix-us-bf-032-expressiontree\src\Optimizers\BayesianOptimizer.cs(272,52): error CS1061: 'BayesianOptimizerOptions<T, TInput, TOutput>' does not contain a definition for 'KernelFunction' and no accessible extension method 'KernelFunction' accepting a first argument of type 'BayesianOptimizerOptions<T, TInput, TOutput>' could be found (are you missing a using directive or an assembly reference?) [C:\Users\cheat\source\repos\AiDotNet\.worktrees\fix-us-bf-032-expressiontree\src\AiDotNet.csproj::TargetFramework=net462]
C:\Users\cheat\source\repos\AiDotNet\.worktrees\fix-us-bf-032-expressiontree\src\NeuralNetworks\ConvolutionalNeuralNetwork.cs(78,39): error CS7036: There is no argument given that corresponds to the required parameter 'model' of 'AdamOptimizer<T, Tensor<T>, Tensor<T>>.AdamOptimizer(IFullModel<T, Tensor<T>, Tensor<T>>, AdamOptimizerOptions<T, Tensor<T>, Tensor<T>>?)' [C:\Users\cheat\source\repos\AiDotNet\.worktrees\fix-us-bf-032-expressiontree\src\AiDotNet.csproj::TargetFramework=net462]
C:\Users\cheat\source\repos\AiDotNet\.worktrees\fix-us-bf-032-expressiontree\src\Regression\SymbolicRegression.cs(326,77): error CS1503: Argument 1: cannot convert from 'AiDotNet.Models.Options.GeneticAlgorithmOptimizerOptions<T, AiDotNet.LinearAlgebra.Matrix<T>, AiDotNet.LinearAlgebra.Vector<T>>' to 'AiDotNet.Interfaces.IFullModel<T, AiDotNet.LinearAlgebra.Matrix<T>, AiDotNet.LinearAlgebra.Vector<T>>' [C:\Users\cheat\source\repos\AiDotNet\.worktrees\fix-us-bf-032-expressiontree\src\AiDotNet.csproj::TargetFramework=net462]
C:\Users\cheat\source\repos\AiDotNet\.worktrees\fix-us-bf-032-expressiontree\src\Optimizers\BayesianOptimizer.cs(378,72): error CS1061: 'BayesianOptimizerOptions<T, TInput, TOutput>' does not contain a definition for 'KernelFunction' and no accessible extension method 'KernelFunction' accepting a first argument of type 'BayesianOptimizerOptions<T, TInput, TOutput>' could be found (are you missing a using directive or an assembly reference?) [C:\Users\cheat\source\repos\AiDotNet\.worktrees\fix-us-bf-032-expressiontree\src\AiDotNet.csproj::TargetFramework=net462]
C:\Users\cheat\source\repos\AiDotNet\.worktrees\fix-us-bf-032-expressiontree\src\Optimizers\LBFGSOptimizer.cs(66,11): error CS7036: There is no argument given that corresponds to the required parameter 'options' of 'GradientBasedOptimizerBase<T, TInput, TOutput>.GradientBasedOptimizerBase(IFullModel<T, TInput, TOutput>, GradientBasedOptimizerOptions<T, TInput, TOutput>)' [C:\Users\cheat\source\repos\AiDotNet\.worktrees\fix-us-bf-032-expressiontree\src\AiDotNet.csproj::TargetFramework=net462]
C:\Users\cheat\source\repos\AiDotNet\.worktrees\fix-us-bf-032-expressiontree\src\Optimizers\LevenbergMarquardtOptimizer.cs(55,11): error CS7036: There is no argument given that corresponds to the required parameter 'options' of 'GradientBasedOptimizerBase<T, TInput, TOutput>.GradientBasedOptimizerBase(IFullModel<T, TInput, TOutput>, GradientBasedOptimizerOptions<T, TInput, TOutput>)' [C:\Users\cheat\source\repos\AiDotNet\.worktrees\fix-us-bf-032-expressiontree\src\AiDotNet.csproj::TargetFramework=net462]
C:\Users\cheat\source\repos\AiDotNet\.worktrees\fix-us-bf-032-expressiontree\src\Optimizers\MiniBatchGradientDescentOptimizer.cs(49,11): error CS7036: There is no argument given that corresponds to the required parameter 'options' of 'GradientBasedOptimizerBase<T, TInput, TOutput>.GradientBasedOptimizerBase(IFullModel<T, TInput, TOutput>, GradientBasedOptimizerOptions<T, TInput, TOutput>)' [C:\Users\cheat\source\repos\AiDotNet\.worktrees\fix-us-bf-032-expressiontree\src\AiDotNet.csproj::TargetFramework=net462]
C:\Users\cheat\source\repos\AiDotNet\.worktrees\fix-us-bf-032-expressiontree\src\Regression\GeneticAlgorithmRegression.cs(119,77): error CS1503: Argument 1: cannot convert from 'AiDotNet.Models.Options.GeneticAlgorithmOptimizerOptions<T, AiDotNet.LinearAlgebra.Matrix<T>, AiDotNet.LinearAlgebra.Vector<T>>' to 'AiDotNet.Interfaces.IFullModel<T, AiDotNet.LinearAlgebra.Matrix<T>, AiDotNet.LinearAlgebra.Vector<T>>' [C:\Users\cheat\source\repos\AiDotNet\.worktrees\fix-us-bf-032-expressiontree\src\AiDotNet.csproj::TargetFramework=net462]
C:\Users\cheat\source\repos\AiDotNet\.worktrees\fix-us-bf-032-expressiontree\src\Optimizers\NelderMeadOptimizer.cs(75,11): error CS7036: There is no argument given that corresponds to the required parameter 'options' of 'OptimizerBase<T, TInput, TOutput>.OptimizerBase(IFullModel<T, TInput, TOutput>, OptimizationAlgorithmOptions<T, TInput, TOutput>)' [C:\Users\cheat\source\repos\AiDotNet\.worktrees\fix-us-bf-032-expressiontree\src\AiDotNet.csproj::TargetFramework=net462]
C:\Users\cheat\source\repos\AiDotNet\.worktrees\fix-us-bf-032-expressiontree\src\Optimizers\NewtonMethodOptimizer.cs(48,11): error CS7036: There is no argument given that corresponds to the required parameter 'options' of 'GradientBasedOptimizerBase<T, TInput, TOutput>.GradientBasedOptimizerBase(IFullModel<T, TInput, TOutput>, GradientBasedOptimizerOptions<T, TInput, TOutput>)' [C:\Users\cheat\source\repos\AiDotNet\.worktrees\fix-us-bf-032-expressiontree\src\AiDotNet.csproj::TargetFramework=net462]
C:\Users\cheat\source\repos\AiDotNet\.worktrees\fix-us-bf-032-expressiontree\src\Models\Options\MultilayerPerceptronRegressionOptions.cs(433,107): error CS1503: Argument 1: cannot convert from 'AiDotNet.Models.Options.AdamOptimizerOptions<T, TInput, TOutput>' to 'AiDotNet.Interfaces.IFullModel<T, TInput, TOutput>' [C:\Users\cheat\source\repos\AiDotNet\.worktrees\fix-us-bf-032-expressiontree\src\AiDotNet.csproj::TargetFramework=net462]
C:\Users\cheat\source\repos\AiDotNet\.worktrees\fix-us-bf-032-expressiontree\src\Regression\GeneticAlgorithmRegression.cs(354,77): error CS1503: Argument 1: cannot convert from 'AiDotNet.Models.Options.GeneticAlgorithmOptimizerOptions<T, AiDotNet.LinearAlgebra.Matrix<T>, AiDotNet.LinearAlgebra.Vector<T>>' to 'AiDotNet.Interfaces.IFullModel<T, AiDotNet.LinearAlgebra.Matrix<T>, AiDotNet.LinearAlgebra.Vector<T>>' [C:\Users\cheat\source\repos\AiDotNet\.worktrees\fix-us-bf-032-expressiontree\src\AiDotNet.csproj::TargetFramework=net462]
C:\Users\cheat\source\repos\AiDotNet\.worktrees\fix-us-bf-032-expressiontree\src\Optimizers\NormalOptimizer.cs(42,5): error CS7036: There is no argument given that corresponds to the required parameter 'options' of 'OptimizerBase<T, TInput, TOutput>.OptimizerBase(IFullModel<T, TInput, TOutput>, OptimizationAlgorithmOptions<T, TInput, TOutput>)' [C:\Users\cheat\source\repos\AiDotNet\.worktrees\fix-us-bf-032-expressiontree\src\AiDotNet.csproj::TargetFramework=net462]
C:\Users\cheat\source\repos\AiDotNet\.worktrees\fix-us-bf-032-expressiontree\src\Optimizers\ParticleSwarmOptimizer.cs(162,21): error CS0103: The name '_fitnessCalculator' does not exist in the current context [C:\Users\cheat\source\repos\AiDotNet\.worktrees\fix-us-bf-032-expressiontree\src\AiDotNet.csproj::TargetFramework=net462]
C:\Users\cheat\source\repos\AiDotNet\.worktrees\fix-us-bf-032-expressiontree\src\Optimizers\ParticleSwarmOptimizer.cs(175,21): error CS0103: The name '_fitnessCalculator' does not exist in the current context [C:\Users\cheat\source\repos\AiDotNet\.worktrees\fix-us-bf-032-expressiontree\src\AiDotNet.csproj::TargetFramework=net462]
C:\Users\cheat\source\repos\AiDotNet\.worktrees\fix-us-bf-032-expressiontree\src\Optimizers\OptimizerBase.cs(319,38): error CS1061: 'IModelCache<T, TInput, TOutput>' does not contain a definition for 'GenerateCacheKey' and no accessible extension method 'GenerateCacheKey' accepting a first argument of type 'IModelCache<T, TInput, TOutput>' could be found (are you missing a using directive or an assembly reference?) [C:\Users\cheat\source\repos\AiDotNet\.worktrees\fix-us-bf-032-expressiontree\src\AiDotNet.csproj::TargetFramework=net462]
C:\Users\cheat\source\repos\AiDotNet\.worktrees\fix-us-bf-032-expressiontree\src\Regression\MultilayerPerceptronRegression.cs(147,48): error CS7036: There is no argument given that corresponds to the required parameter 'model' of 'AdamOptimizer<T, Matrix<T>, Vector<T>>.AdamOptimizer(IFullModel<T, Matrix<T>, Vector<T>>, AdamOptimizerOptions<T, Matrix<T>, Vector<T>>?)' [C:\Users\cheat\source\repos\AiDotNet\.worktrees\fix-us-bf-032-expressiontree\src\AiDotNet.csproj::TargetFramework=net462]
C:\Users\cheat\source\repos\AiDotNet\.worktrees\fix-us-bf-032-expressiontree\src\Optimizers\OptimizerBase.cs(358,38): error CS1061: 'IModelCache<T, TInput, TOutput>' does not contain a definition for 'GenerateCacheKey' and no accessible extension method 'GenerateCacheKey' accepting a first argument of type 'IModelCache<T, TInput, TOutput>' could be found (are you missing a using directive or an assembly reference?) [C:\Users\cheat\source\repos\AiDotNet\.worktrees\fix-us-bf-032-expressiontree\src\AiDotNet.csproj::TargetFramework=net462]
C:\Users\cheat\source\repos\AiDotNet\.worktrees\fix-us-bf-032-expressiontree\src\Optimizers\OptimizerBase.cs(478,47): error CS1061: 'IFullModel<T, TInput, TOutput>' does not contain a definition for 'GetModelMetadata' and no accessible extension method 'GetModelMetadata' accepting a first argument of type 'IFullModel<T, TInput, TOutput>' could be found (are you missing a using directive or an assembly reference?) [C:\Users\cheat\source\repos\AiDotNet\.worktrees\fix-us-bf-032-expressiontree\src\AiDotNet.csproj::TargetFramework=net462]
C:\Users\cheat\source\repos\AiDotNet\.worktrees\fix-us-bf-032-expressiontree\src\Optimizers\OptimizerBase.cs(484,17): error CS1729: 'OptimizationResult<T, TInput, TOutput>.DatasetResult' does not contain a constructor that takes 1 arguments [C:\Users\cheat\source\repos\AiDotNet\.worktrees\fix-us-bf-032-expressiontree\src\AiDotNet.csproj::TargetFramework=net462]
C:\Users\cheat\source\repos\AiDotNet\.worktrees\fix-us-bf-032-expressiontree\src\Optimizers\OptimizerBase.cs(494,17): error CS1729: 'OptimizationResult<T, TInput, TOutput>.DatasetResult' does not contain a constructor that takes 1 arguments [C:\Users\cheat\source\repos\AiDotNet\.worktrees\fix-us-bf-032-expressiontree\src\AiDotNet.csproj::TargetFramework=net462]
C:\Users\cheat\source\repos\AiDotNet\.worktrees\fix-us-bf-032-expressiontree\src\Optimizers\OptimizerBase.cs(504,17): error CS1729: 'OptimizationResult<T, TInput, TOutput>.DatasetResult' does not contain a constructor that takes 1 arguments [C:\Users\cheat\source\repos\AiDotNet\.worktrees\fix-us-bf-032-expressiontree\src\AiDotNet.csproj::TargetFramework=net462]
C:\Users\cheat\source\repos\AiDotNet\.worktrees\fix-us-bf-032-expressiontree\src\Optimizers\OptimizerBase.cs(569,25): error CS1061: 'OptimizationAlgorithmOptions<T, TInput, TOutput>' does not contain a definition for 'OptimizationMode' and no accessible extension method 'OptimizationMode' accepting a first argument of type 'OptimizationAlgorithmOptions<T, TInput, TOutput>' could be found (are you missing a using directive or an assembly reference?) [C:\Users\cheat\source\repos\AiDotNet\.worktrees\fix-us-bf-032-expressiontree\src\AiDotNet.csproj::TargetFramework=net462]
C:\Users\cheat\source\repos\AiDotNet\.worktrees\fix-us-bf-032-expressiontree\src\Optimizers\OptimizerBase.cs(571,18): error CS0103: The name 'OptimizationMode' does not exist in the current context [C:\Users\cheat\source\repos\AiDotNet\.worktrees\fix-us-bf-032-expressiontree\src\AiDotNet.csproj::TargetFramework=net462]
C:\Users\cheat\source\repos\AiDotNet\.worktrees\fix-us-bf-032-expressiontree\src\Optimizers\OptimizerBase.cs(575,18): error CS0103: The name 'OptimizationMode' does not exist in the current context [C:\Users\cheat\source\repos\AiDotNet\.worktrees\fix-us-bf-032-expressiontree\src\AiDotNet.csproj::TargetFramework=net462]
C:\Users\cheat\source\repos\AiDotNet\.worktrees\fix-us-bf-032-expressiontree\src\Optimizers\OptimizerBase.cs(578,29): error CS1061: 'OptimizationAlgorithmOptions<T, TInput, TOutput>' does not contain a definition for 'ParameterAdjustmentScale' and no accessible extension method 'ParameterAdjustmentScale' accepting a first argument of type 'OptimizationAlgorithmOptions<T, TInput, TOutput>' could be found (are you missing a using directive or an assembly reference?) [C:\Users\cheat\source\repos\AiDotNet\.worktrees\fix-us-bf-032-expressiontree\src\AiDotNet.csproj::TargetFramework=net462]
C:\Users\cheat\source\repos\AiDotNet\.worktrees\fix-us-bf-032-expressiontree\src\Optimizers\OptimizerBase.cs(579,29): error CS1061: 'OptimizationAlgorithmOptions<T, TInput, TOutput>' does not contain a definition for 'SignFlipProbability' and no accessible extension method 'SignFlipProbability' accepting a first argument of type 'OptimizationAlgorithmOptions<T, TInput, TOutput>' could be found (are you missing a using directive or an assembly reference?) [C:\Users\cheat\source\repos\AiDotNet\.worktrees\fix-us-bf-032-expressiontree\src\AiDotNet.csproj::TargetFramework=net462]
C:\Users\cheat\source\repos\AiDotNet\.worktrees\fix-us-bf-032-expressiontree\src\Optimizers\OptimizerBase.cs(582,18): error CS0103: The name 'OptimizationMode' does not exist in the current context [C:\Users\cheat\source\repos\AiDotNet\.worktrees\fix-us-bf-032-expressiontree\src\AiDotNet.csproj::TargetFramework=net462]
C:\Users\cheat\source\repos\AiDotNet\.worktrees\fix-us-bf-032-expressiontree\src\Optimizers\OptimizerBase.cs(585,51): error CS1061: 'OptimizationAlgorithmOptions<T, TInput, TOutput>' does not contain a definition for 'FeatureSelectionProbability' and no accessible extension method 'FeatureSelectionProbability' accepting a first argument of type 'OptimizationAlgorithmOptions<T, TInput, TOutput>' could be found (are you missing a using directive or an assembly reference?) [C:\Users\cheat\source\repos\AiDotNet\.worktrees\fix-us-bf-032-expressiontree\src\AiDotNet.csproj::TargetFramework=net462]
C:\Users\cheat\source\repos\AiDotNet\.worktrees\fix-us-bf-032-expressiontree\src\Optimizers\OptimizerBase.cs(590,51): error CS1061: 'OptimizationAlgorithmOptions<T, TInput, TOutput>' does not contain a definition for 'ParameterAdjustmentProbability' and no accessible extension method 'ParameterAdjustmentProbability' accepting a first argument of type 'OptimizationAlgorithmOptions<T, TInput, TOutput>' could be found (are you missing a using directive or an assembly reference?) [C:\Users\cheat\source\repos\AiDotNet\.worktrees\fix-us-bf-032-expressiontree\src\AiDotNet.csproj::TargetFramework=net462]
C:\Users\cheat\source\repos\AiDotNet\.worktrees\fix-us-bf-032-expressiontree\src\Optimizers\OptimizerBase.cs(594,33): error CS1061: 'OptimizationAlgorithmOptions<T, TInput, TOutput>' does not contain a definition for 'ParameterAdjustmentScale' and no accessible extension method 'ParameterAdjustmentScale' accepting a first argument of type 'OptimizationAlgorithmOptions<T, TInput, TOutput>' could be found (are you missing a using directive or an assembly reference?) [C:\Users\cheat\source\repos\AiDotNet\.worktrees\fix-us-bf-032-expressiontree\src\AiDotNet.csproj::TargetFramework=net462]
C:\Users\cheat\source\repos\AiDotNet\.worktrees\fix-us-bf-032-expressiontree\src\Optimizers\OptimizerBase.cs(595,33): error CS1061: 'OptimizationAlgorithmOptions<T, TInput, TOutput>' does not contain a definition for 'SignFlipProbability' and no accessible extension method 'SignFlipProbability' accepting a first argument of type 'OptimizationAlgorithmOptions<T, TInput, TOutput>' could be found (are you missing a using directive or an assembly reference?) [C:\Users\cheat\source\repos\AiDotNet\.worktrees\fix-us-bf-032-expressiontree\src\AiDotNet.csproj::TargetFramework=net462]
C:\Users\cheat\source\repos\AiDotNet\.worktrees\fix-us-bf-032-expressiontree\src\Regression\NeuralNetworkRegression.cs(84,48): error CS7036: There is no argument given that corresponds to the required parameter 'model' of 'AdamOptimizer<T, Matrix<T>, Vector<T>>.AdamOptimizer(IFullModel<T, Matrix<T>, Vector<T>>, AdamOptimizerOptions<T, Matrix<T>, Vector<T>>?)' [C:\Users\cheat\source\repos\AiDotNet\.worktrees\fix-us-bf-032-expressiontree\src\AiDotNet.csproj::TargetFramework=net462]
C:\Users\cheat\source\repos\AiDotNet\.worktrees\fix-us-bf-032-expressiontree\src\NeuralNetworks\FeedForwardNeuralNetwork.cs(76,39): error CS7036: There is no argument given that corresponds to the required parameter 'model' of 'AdamOptimizer<T, Tensor<T>, Tensor<T>>.AdamOptimizer(IFullModel<T, Tensor<T>, Tensor<T>>, AdamOptimizerOptions<T, Tensor<T>, Tensor<T>>?)' [C:\Users\cheat\source\repos\AiDotNet\.worktrees\fix-us-bf-032-expressiontree\src\AiDotNet.csproj::TargetFramework=net462]
C:\Users\cheat\source\repos\AiDotNet\.worktrees\fix-us-bf-032-expressiontree\src\NeuralNetworks\DifferentiableNeuralComputer.cs(677,29): error CS7036: There is no argument given that corresponds to the required parameter 'model' of 'GradientDescentOptimizer<T, Tensor<T>, Tensor<T>>.GradientDescentOptimizer(IFullModel<T, Tensor<T>, Tensor<T>>, GradientDescentOptimizerOptions<T, Tensor<T>, Tensor<T>>?)' [C:\Users\cheat\source\repos\AiDotNet\.worktrees\fix-us-bf-032-expressiontree\src\AiDotNet.csproj::TargetFramework=net462]
C:\Users\cheat\source\repos\AiDotNet\.worktrees\fix-us-bf-032-expressiontree\src\NeuralNetworks\GraphNeuralNetwork.cs(547,29): error CS7036: There is no argument given that corresponds to the required parameter 'model' of 'AdamOptimizer<T, Tensor<T>, Tensor<T>>.AdamOptimizer(IFullModel<T, Tensor<T>, Tensor<T>>, AdamOptimizerOptions<T, Tensor<T>, Tensor<T>>?)' [C:\Users\cheat\source\repos\AiDotNet\.worktrees\fix-us-bf-032-expressiontree\src\AiDotNet.csproj::TargetFramework=net462]
C:\Users\cheat\source\repos\AiDotNet\.worktrees\fix-us-bf-032-expressiontree\src\NeuralNetworks\GraphNeuralNetwork.cs(611,29): error CS7036: There is no argument given that corresponds to the required parameter 'model' of 'AdamOptimizer<T, Tensor<T>, Tensor<T>>.AdamOptimizer(IFullModel<T, Tensor<T>, Tensor<T>>, AdamOptimizerOptions<T, Tensor<T>, Tensor<T>>?)' [C:\Users\cheat\source\repos\AiDotNet\.worktrees\fix-us-bf-032-expressiontree\src\AiDotNet.csproj::TargetFramework=net462]
C:\Users\cheat\source\repos\AiDotNet\.worktrees\fix-us-bf-032-expressiontree\src\NeuralNetworks\LiquidStateMachine.cs(449,29): error CS7036: There is no argument given that corresponds to the required parameter 'model' of 'GradientDescentOptimizer<T, Tensor<T>, Tensor<T>>.GradientDescentOptimizer(IFullModel<T, Tensor<T>, Tensor<T>>, GradientDescentOptimizerOptions<T, Tensor<T>, Tensor<T>>?)' [C:\Users\cheat\source\repos\AiDotNet\.worktrees\fix-us-bf-032-expressiontree\src\AiDotNet.csproj::TargetFramework=net462]
C:\Users\cheat\source\repos\AiDotNet\.worktrees\fix-us-bf-032-expressiontree\src\Evaluation\DefaultModelEvaluator.cs(194,41): error CS1729: 'PredictionModelResult<T, TInput, TOutput>' does not contain a constructor that takes 3 arguments [C:\Users\cheat\source\repos\AiDotNet\.worktrees\fix-us-bf-032-expressiontree\src\AiDotNet.csproj::TargetFramework=net7.0]
C:\Users\cheat\source\repos\AiDotNet\.worktrees\fix-us-bf-032-expressiontree\src\AutoML\AutoMLModelBase.cs(371,23): error CS1061: 'IFullModel<T, TInput, TOutput>' does not contain a definition for 'LoadFromFile' and no accessible extension method 'LoadFromFile' accepting a first argument of type 'IFullModel<T, TInput, TOutput>' could be found (are you missing a using directive or an assembly reference?) [C:\Users\cheat\source\repos\AiDotNet\.worktrees\fix-us-bf-032-expressiontree\src\AiDotNet.csproj::TargetFramework=net7.0]
C:\Users\cheat\source\repos\AiDotNet\.worktrees\fix-us-bf-032-expressiontree\src\Models\VectorModel.cs(119,12): error CS8618: Non-nullable field '_sensitiveFeatures' must contain a non-null value when exiting constructor. Consider adding the 'required' modifier or declaring the field as nullable. [C:\Users\cheat\source\repos\AiDotNet\.worktrees\fix-us-bf-032-expressiontree\src\AiDotNet.csproj::TargetFramework=net7.0]
C:\Users\cheat\source\repos\AiDotNet\.worktrees\fix-us-bf-032-expressiontree\src\LinearAlgebra\ExpressionTree.cs(332,13): error CS8602: Dereference of a possibly null reference. [C:\Users\cheat\source\repos\AiDotNet\.worktrees\fix-us-bf-032-expressiontree\src\AiDotNet.csproj::TargetFramework=net7.0]
C:\Users\cheat\source\repos\AiDotNet\.worktrees\fix-us-bf-032-expressiontree\src\LinearAlgebra\ExpressionTree.cs(390,13): error CS8602: Dereference of a possibly null reference. [C:\Users\cheat\source\repos\AiDotNet\.worktrees\fix-us-bf-032-expressiontree\src\AiDotNet.csproj::TargetFramework=net7.0]
C:\Users\cheat\source\repos\AiDotNet\.worktrees\fix-us-bf-032-expressiontree\src\LinearAlgebra\ExpressionTree.cs(431,30): error CS8602: Dereference of a possibly null reference. [C:\Users\cheat\source\repos\AiDotNet\.worktrees\fix-us-bf-032-expressiontree\src\AiDotNet.csproj::TargetFramework=net7.0]
C:\Users\cheat\source\repos\AiDotNet\.worktrees\fix-us-bf-032-expressiontree\src\LinearAlgebra\ExpressionTree.cs(433,17): error CS8602: Dereference of a possibly null reference. [C:\Users\cheat\source\repos\AiDotNet\.worktrees\fix-us-bf-032-expressiontree\src\AiDotNet.csproj::TargetFramework=net7.0]
C:\Users\cheat\source\repos\AiDotNet\.worktrees\fix-us-bf-032-expressiontree\src\LinearAlgebra\ExpressionTree.cs(469,18): error CS8602: Dereference of a possibly null reference. [C:\Users\cheat\source\repos\AiDotNet\.worktrees\fix-us-bf-032-expressiontree\src\AiDotNet.csproj::TargetFramework=net7.0]
C:\Users\cheat\source\repos\AiDotNet\.worktrees\fix-us-bf-032-expressiontree\src\LinearAlgebra\ExpressionTree.cs(497,13): error CS8602: Dereference of a possibly null reference. [C:\Users\cheat\source\repos\AiDotNet\.worktrees\fix-us-bf-032-expressiontree\src\AiDotNet.csproj::TargetFramework=net7.0]
C:\Users\cheat\source\repos\AiDotNet\.worktrees\fix-us-bf-032-expressiontree\src\NeuralNetworks\VariationalAutoencoder.cs(144,39): error CS7036: There is no argument given that corresponds to the required parameter 'model' of 'AdamOptimizer<T, Tensor<T>, Tensor<T>>.AdamOptimizer(IFullModel<T, Tensor<T>, Tensor<T>>, AdamOptimizerOptions<T, Tensor<T>, Tensor<T>>?)' [C:\Users\cheat\source\repos\AiDotNet\.worktrees\fix-us-bf-032-expressiontree\src\AiDotNet.csproj::TargetFramework=net7.0]
C:\Users\cheat\source\repos\AiDotNet\.worktrees\fix-us-bf-032-expressiontree\src\PredictionModelBuilder.cs(237,20): error CS1729: 'PredictionModelResult<T, TInput, TOutput>' does not contain a constructor that takes 3 arguments [C:\Users\cheat\source\repos\AiDotNet\.worktrees\fix-us-bf-032-expressiontree\src\AiDotNet.csproj::TargetFramework=net7.0]
C:\Users\cheat\source\repos\AiDotNet\.worktrees\fix-us-bf-032-expressiontree\src\NeuralNetworks\VariationalAutoencoder.cs(772,130): error CS7036: There is no argument given that corresponds to the required parameter 'model' of 'AdamOptimizer<T, Tensor<T>, Tensor<T>>.AdamOptimizer(IFullModel<T, Tensor<T>, Tensor<T>>, AdamOptimizerOptions<T, Tensor<T>, Tensor<T>>?)' [C:\Users\cheat\source\repos\AiDotNet\.worktrees\fix-us-bf-032-expressiontree\src\AiDotNet.csproj::TargetFramework=net7.0]
C:\Users\cheat\source\repos\AiDotNet\.worktrees\fix-us-bf-032-expressiontree\src\NeuralNetworks\Transformer.cs(117,39): error CS7036: There is no argument given that corresponds to the required parameter 'model' of 'GradientDescentOptimizer<T, Tensor<T>, Tensor<T>>.GradientDescentOptimizer(IFullModel<T, Tensor<T>, Tensor<T>>, GradientDescentOptimizerOptions<T, Tensor<T>, Tensor<T>>?)' [C:\Users\cheat\source\repos\AiDotNet\.worktrees\fix-us-bf-032-expressiontree\src\AiDotNet.csproj::TargetFramework=net7.0]
C:\Users\cheat\source\repos\AiDotNet\.worktrees\fix-us-bf-032-expressiontree\src\NeuralNetworks\Transformer.cs(475,130): error CS7036: There is no argument given that corresponds to the required parameter 'model' of 'GradientDescentOptimizer<T, Tensor<T>, Tensor<T>>.GradientDescentOptimizer(IFullModel<T, Tensor<T>, Tensor<T>>, GradientDescentOptimizerOptions<T, Tensor<T>, Tensor<T>>?)' [C:\Users\cheat\source\repos\AiDotNet\.worktrees\fix-us-bf-032-expressiontree\src\AiDotNet.csproj::TargetFramework=net7.0]
C:\Users\cheat\source\repos\AiDotNet\.worktrees\fix-us-bf-032-expressiontree\src\Optimizers\BayesianOptimizer.cs(56,11): error CS7036: There is no argument given that corresponds to the required parameter 'options' of 'OptimizerBase<T, TInput, TOutput>.OptimizerBase(IFullModel<T, TInput, TOutput>, OptimizationAlgorithmOptions<T, TInput, TOutput>)' [C:\Users\cheat\source\repos\AiDotNet\.worktrees\fix-us-bf-032-expressiontree\src\AiDotNet.csproj::TargetFramework=net7.0]
C:\Users\cheat\source\repos\AiDotNet\.worktrees\fix-us-bf-032-expressiontree\src\Optimizers\BayesianOptimizer.cs(61,87): error CS1061: 'BayesianOptimizerOptions<T, TInput, TOutput>' does not contain a definition for 'KernelFunction' and no accessible extension method 'KernelFunction' accepting a first argument of type 'BayesianOptimizerOptions<T, TInput, TOutput>' could be found (are you missing a using directive or an assembly reference?) [C:\Users\cheat\source\repos\AiDotNet\.worktrees\fix-us-bf-032-expressiontree\src\AiDotNet.csproj::TargetFramework=net7.0]
C:\Users\cheat\source\repos\AiDotNet\.worktrees\fix-us-bf-032-expressiontree\src\Models\Results\PredictionModelResult.cs(199,31): error CS1061: 'IFullModel<T, TInput, TOutput>' does not contain a definition for 'GetModelMetadata' and no accessible extension method 'GetModelMetadata' accepting a first argument of type 'IFullModel<T, TInput, TOutput>' could be found (are you missing a using directive or an assembly reference?) [C:\Users\cheat\source\repos\AiDotNet\.worktrees\fix-us-bf-032-expressiontree\src\AiDotNet.csproj::TargetFramework=net7.0]
C:\Users\cheat\source\repos\AiDotNet\.worktrees\fix-us-bf-032-expressiontree\src\Optimizers\BFGSOptimizer.cs(64,11): error CS7036: There is no argument given that corresponds to the required parameter 'options' of 'GradientBasedOptimizerBase<T, TInput, TOutput>.GradientBasedOptimizerBase(IFullModel<T, TInput, TOutput>, GradientBasedOptimizerOptions<T, TInput, TOutput>)' [C:\Users\cheat\source\repos\AiDotNet\.worktrees\fix-us-bf-032-expressiontree\src\AiDotNet.csproj::TargetFramework=net7.0]
C:\Users\cheat\source\repos\AiDotNet\.worktrees\fix-us-bf-032-expressiontree\src\Models\Results\PredictionModelResult.cs(342,13): error CS0103: The name 'JsonConverterRegistry' does not exist in the current context [C:\Users\cheat\source\repos\AiDotNet\.worktrees\fix-us-bf-032-expressiontree\src\AiDotNet.csproj::TargetFramework=net7.0]
C:\Users\cheat\source\repos\AiDotNet\.worktrees\fix-us-bf-032-expressiontree\src\Models\Results\PredictionModelResult.cs(352,33): error CS0103: The name 'JsonConverterRegistry' does not exist in the current context [C:\Users\cheat\source\repos\AiDotNet\.worktrees\fix-us-bf-032-expressiontree\src\AiDotNet.csproj::TargetFramework=net7.0]
C:\Users\cheat\source\repos\AiDotNet\.worktrees\fix-us-bf-032-expressiontree\src\Models\Results\PredictionModelResult.cs(355,42): error CS0103: The name 'JsonConverterRegistry' does not exist in the current context [C:\Users\cheat\source\repos\AiDotNet\.worktrees\fix-us-bf-032-expressiontree\src\AiDotNet.csproj::TargetFramework=net7.0]
C:\Users\cheat\source\repos\AiDotNet\.worktrees\fix-us-bf-032-expressiontree\src\Models\Results\PredictionModelResult.cs(409,13): error CS0103: The name 'JsonConverterRegistry' does not exist in the current context [C:\Users\cheat\source\repos\AiDotNet\.worktrees\fix-us-bf-032-expressiontree\src\AiDotNet.csproj::TargetFramework=net7.0]
C:\Users\cheat\source\repos\AiDotNet\.worktrees\fix-us-bf-032-expressiontree\src\Models\Results\PredictionModelResult.cs(420,33): error CS0103: The name 'JsonConverterRegistry' does not exist in the current context [C:\Users\cheat\source\repos\AiDotNet\.worktrees\fix-us-bf-032-expressiontree\src\AiDotNet.csproj::TargetFramework=net7.0]
C:\Users\cheat\source\repos\AiDotNet\.worktrees\fix-us-bf-032-expressiontree\src\Models\Results\PredictionModelResult.cs(423,42): error CS0103: The name 'JsonConverterRegistry' does not exist in the current context [C:\Users\cheat\source\repos\AiDotNet\.worktrees\fix-us-bf-032-expressiontree\src\AiDotNet.csproj::TargetFramework=net7.0]
C:\Users\cheat\source\repos\AiDotNet\.worktrees\fix-us-bf-032-expressiontree\src\Models\VectorModel.cs(1085,47): error CS0411: The type arguments for method 'InterpretableModelHelper.GetGlobalFeatureImportanceAsync<T>(IInterpretableModel<T>, HashSet<InterpretationMethod>)' cannot be inferred from the usage. Try specifying the type arguments explicitly. [C:\Users\cheat\source\repos\AiDotNet\.worktrees\fix-us-bf-032-expressiontree\src\AiDotNet.csproj::TargetFramework=net7.0]
C:\Users\cheat\source\repos\AiDotNet\.worktrees\fix-us-bf-032-expressiontree\src\Models\VectorModel.cs(1093,47): error CS0411: The type arguments for method 'InterpretableModelHelper.GetLocalFeatureImportanceAsync<T>(IInterpretableModel<T>, HashSet<InterpretationMethod>, Tensor<T>)' cannot be inferred from the usage. Try specifying the type arguments explicitly. [C:\Users\cheat\source\repos\AiDotNet\.worktrees\fix-us-bf-032-expressiontree\src\AiDotNet.csproj::TargetFramework=net7.0]
C:\Users\cheat\source\repos\AiDotNet\.worktrees\fix-us-bf-032-expressiontree\src\Models\Options\MultilayerPerceptronRegressionOptions.cs(433,107): error CS1503: Argument 1: cannot convert from 'AiDotNet.Models.Options.AdamOptimizerOptions<T, TInput, TOutput>' to 'AiDotNet.Interfaces.IFullModel<T, TInput, TOutput>' [C:\Users\cheat\source\repos\AiDotNet\.worktrees\fix-us-bf-032-expressiontree\src\AiDotNet.csproj::TargetFramework=net7.0]
C:\Users\cheat\source\repos\AiDotNet\.worktrees\fix-us-bf-032-expressiontree\src\Models\VectorModel.cs(1101,47): error CS7036: There is no argument given that corresponds to the required parameter 'inputs' of 'InterpretableModelHelper.GetShapValuesAsync<T>(IInterpretableModel<T>, HashSet<InterpretationMethod>, Tensor<T>)' [C:\Users\cheat\source\repos\AiDotNet\.worktrees\fix-us-bf-032-expressiontree\src\AiDotNet.csproj::TargetFramework=net7.0]
C:\Users\cheat\source\repos\AiDotNet\.worktrees\fix-us-bf-032-expressiontree\src\Models\VectorModel.cs(1109,47): error CS7036: There is no argument given that corresponds to the required parameter 'input' of 'InterpretableModelHelper.GetLimeExplanationAsync<T>(IInterpretableModel<T>, HashSet<InterpretationMethod>, Tensor<T>, int)' [C:\Users\cheat\source\repos\AiDotNet\.worktrees\fix-us-bf-032-expressiontree\src\AiDotNet.csproj::TargetFramework=net7.0]
C:\Users\cheat\source\repos\AiDotNet\.worktrees\fix-us-bf-032-expressiontree\src\Models\VectorModel.cs(1117,76): error CS1503: Argument 1: cannot convert from 'System.Collections.Generic.HashSet<AiDotNet.Interpretability.InterpretationMethod>' to 'AiDotNet.Interfaces.IInterpretableModel<T>' [C:\Users\cheat\source\repos\AiDotNet\.worktrees\fix-us-bf-032-expressiontree\src\AiDotNet.csproj::TargetFramework=net7.0]
C:\Users\cheat\source\repos\AiDotNet\.worktrees\fix-us-bf-032-expressiontree\src\Models\VectorModel.cs(1117,93): error CS1503: Argument 2: cannot convert from 'AiDotNet.LinearAlgebra.Vector<int>' to 'System.Collections.Generic.HashSet<AiDotNet.Interpretability.InterpretationMethod>' [C:\Users\cheat\source\repos\AiDotNet\.worktrees\fix-us-bf-032-expressiontree\src\AiDotNet.csproj::TargetFramework=net7.0]
C:\Users\cheat\source\repos\AiDotNet\.worktrees\fix-us-bf-032-expressiontree\src\Models\VectorModel.cs(1117,109): error CS1503: Argument 3: cannot convert from 'int' to 'AiDotNet.LinearAlgebra.Vector<int>' [C:\Users\cheat\source\repos\AiDotNet\.worktrees\fix-us-bf-032-expressiontree\src\AiDotNet.csproj::TargetFramework=net7.0]
C:\Users\cheat\source\repos\AiDotNet\.worktrees\fix-us-bf-032-expressiontree\src\Models\VectorModel.cs(1125,47): error CS7036: There is no argument given that corresponds to the required parameter 'input' of 'InterpretableModelHelper.GetCounterfactualAsync<T>(IInterpretableModel<T>, HashSet<InterpretationMethod>, Tensor<T>, Tensor<T>, int)' [C:\Users\cheat\source\repos\AiDotNet\.worktrees\fix-us-bf-032-expressiontree\src\AiDotNet.csproj::TargetFramework=net7.0]
C:\Users\cheat\source\repos\AiDotNet\.worktrees\fix-us-bf-032-expressiontree\src\Models\VectorModel.cs(1133,47): error CS0411: The type arguments for method 'InterpretableModelHelper.GetModelSpecificInterpretabilityAsync<T>(IInterpretableModel<T>)' cannot be inferred from the usage. Try specifying the type arguments explicitly. [C:\Users\cheat\source\repos\AiDotNet\.worktrees\fix-us-bf-032-expressiontree\src\AiDotNet.csproj::TargetFramework=net7.0]
C:\Users\cheat\source\repos\AiDotNet\.worktrees\fix-us-bf-032-expressiontree\src\Models\VectorModel.cs(1141,47): error CS0411: The type arguments for method 'InterpretableModelHelper.GenerateTextExplanationAsync<T>(IInterpretableModel<T>, Tensor<T>, Tensor<T>)' cannot be inferred from the usage. Try specifying the type arguments explicitly. [C:\Users\cheat\source\repos\AiDotNet\.worktrees\fix-us-bf-032-expressiontree\src\AiDotNet.csproj::TargetFramework=net7.0]
C:\Users\cheat\source\repos\AiDotNet\.worktrees\fix-us-bf-032-expressiontree\src\Models\VectorModel.cs(1165,47): error CS7036: There is no argument given that corresponds to the required parameter 'input' of 'InterpretableModelHelper.GetAnchorExplanationAsync<T>(IInterpretableModel<T>, HashSet<InterpretationMethod>, Tensor<T>, T)' [C:\Users\cheat\source\repos\AiDotNet\.worktrees\fix-us-bf-032-expressiontree\src\AiDotNet.csproj::TargetFramework=net7.0]
C:\Users\cheat\source\repos\AiDotNet\.worktrees\fix-us-bf-032-expressiontree\src\Optimizers\BayesianOptimizer.cs(272,52): error CS1061: 'BayesianOptimizerOptions<T, TInput, TOutput>' does not contain a definition for 'KernelFunction' and no accessible extension method 'KernelFunction' accepting a first argument of type 'BayesianOptimizerOptions<T, TInput, TOutput>' could be found (are you missing a using directive or an assembly reference?) [C:\Users\cheat\source\repos\AiDotNet\.worktrees\fix-us-bf-032-expressiontree\src\AiDotNet.csproj::TargetFramework=net7.0]
C:\Users\cheat\source\repos\AiDotNet\.worktrees\fix-us-bf-032-expressiontree\src\Optimizers\BayesianOptimizer.cs(378,72): error CS1061: 'BayesianOptimizerOptions<T, TInput, TOutput>' does not contain a definition for 'KernelFunction' and no accessible extension method 'KernelFunction' accepting a first argument of type 'BayesianOptimizerOptions<T, TInput, TOutput>' could be found (are you missing a using directive or an assembly reference?) [C:\Users\cheat\source\repos\AiDotNet\.worktrees\fix-us-bf-032-expressiontree\src\AiDotNet.csproj::TargetFramework=net7.0]
C:\Users\cheat\source\repos\AiDotNet\.worktrees\fix-us-bf-032-expressiontree\src\Optimizers\CMAESOptimizer.cs(74,11): error CS7036: There is no argument given that corresponds to the required parameter 'options' of 'OptimizerBase<T, TInput, TOutput>.OptimizerBase(IFullModel<T, TInput, TOutput>, OptimizationAlgorithmOptions<T, TInput, TOutput>)' [C:\Users\cheat\source\repos\AiDotNet\.worktrees\fix-us-bf-032-expressiontree\src\AiDotNet.csproj::TargetFramework=net7.0]
C:\Users\cheat\source\repos\AiDotNet\.worktrees\fix-us-bf-032-expressiontree\src\Optimizers\ConjugateGradientOptimizer.cs(60,11): error CS7036: There is no argument given that corresponds to the required parameter 'options' of 'GradientBasedOptimizerBase<T, TInput, TOutput>.GradientBasedOptimizerBase(IFullModel<T, TInput, TOutput>, GradientBasedOptimizerOptions<T, TInput, TOutput>)' [C:\Users\cheat\source\repos\AiDotNet\.worktrees\fix-us-bf-032-expressiontree\src\AiDotNet.csproj::TargetFramework=net7.0]
C:\Users\cheat\source\repos\AiDotNet\.worktrees\fix-us-bf-032-expressiontree\src\Regression\SymbolicRegression.cs(326,77): error CS1503: Argument 1: cannot convert from 'AiDotNet.Models.Options.GeneticAlgorithmOptimizerOptions<T, AiDotNet.LinearAlgebra.Matrix<T>, AiDotNet.LinearAlgebra.Vector<T>>' to 'AiDotNet.Interfaces.IFullModel<T, AiDotNet.LinearAlgebra.Matrix<T>, AiDotNet.LinearAlgebra.Vector<T>>' [C:\Users\cheat\source\repos\AiDotNet\.worktrees\fix-us-bf-032-expressiontree\src\AiDotNet.csproj::TargetFramework=net7.0]
C:\Users\cheat\source\repos\AiDotNet\.worktrees\fix-us-bf-032-expressiontree\src\Optimizers\CoordinateDescentOptimizer.cs(60,11): error CS7036: There is no argument given that corresponds to the required parameter 'options' of 'GradientBasedOptimizerBase<T, TInput, TOutput>.GradientBasedOptimizerBase(IFullModel<T, TInput, TOutput>, GradientBasedOptimizerOptions<T, TInput, TOutput>)' [C:\Users\cheat\source\repos\AiDotNet\.worktrees\fix-us-bf-032-expressiontree\src\AiDotNet.csproj::TargetFramework=net7.0]
C:\Users\cheat\source\repos\AiDotNet\.worktrees\fix-us-bf-032-expressiontree\src\Optimizers\ParticleSwarmOptimizer.cs(162,21): error CS0103: The name '_fitnessCalculator' does not exist in the current context [C:\Users\cheat\source\repos\AiDotNet\.worktrees\fix-us-bf-032-expressiontree\src\AiDotNet.csproj::TargetFramework=net7.0]
C:\Users\cheat\source\repos\AiDotNet\.worktrees\fix-us-bf-032-expressiontree\src\Optimizers\ParticleSwarmOptimizer.cs(175,21): error CS0103: The name '_fitnessCalculator' does not exist in the current context [C:\Users\cheat\source\repos\AiDotNet\.worktrees\fix-us-bf-032-expressiontree\src\AiDotNet.csproj::TargetFramework=net7.0]
C:\Users\cheat\source\repos\AiDotNet\.worktrees\fix-us-bf-032-expressiontree\src\Optimizers\DFPOptimizer.cs(60,11): error CS7036: There is no argument given that corresponds to the required parameter 'options' of 'GradientBasedOptimizerBase<T, TInput, TOutput>.GradientBasedOptimizerBase(IFullModel<T, TInput, TOutput>, GradientBasedOptimizerOptions<T, TInput, TOutput>)' [C:\Users\cheat\source\repos\AiDotNet\.worktrees\fix-us-bf-032-expressiontree\src\AiDotNet.csproj::TargetFramework=net7.0]
C:\Users\cheat\source\repos\AiDotNet\.worktrees\fix-us-bf-032-expressiontree\src\Optimizers\FTRLOptimizer.cs(64,11): error CS7036: There is no argument given that corresponds to the required parameter 'options' of 'GradientBasedOptimizerBase<T, TInput, TOutput>.GradientBasedOptimizerBase(IFullModel<T, TInput, TOutput>, GradientBasedOptimizerOptions<T, TInput, TOutput>)' [C:\Users\cheat\source\repos\AiDotNet\.worktrees\fix-us-bf-032-expressiontree\src\AiDotNet.csproj::TargetFramework=net7.0]
C:\Users\cheat\source\repos\AiDotNet\.worktrees\fix-us-bf-032-expressiontree\src\Optimizers\OptimizerBase.cs(319,38): error CS1061: 'IModelCache<T, TInput, TOutput>' does not contain a definition for 'GenerateCacheKey' and no accessible extension method 'GenerateCacheKey' accepting a first argument of type 'IModelCache<T, TInput, TOutput>' could be found (are you missing a using directive or an assembly reference?) [C:\Users\cheat\source\repos\AiDotNet\.worktrees\fix-us-bf-032-expressiontree\src\AiDotNet.csproj::TargetFramework=net7.0]
C:\Users\cheat\source\repos\AiDotNet\.worktrees\fix-us-bf-032-expressiontree\src\Optimizers\OptimizerBase.cs(358,38): error CS1061: 'IModelCache<T, TInput, TOutput>' does not contain a definition for 'GenerateCacheKey' and no accessible extension method 'GenerateCacheKey' accepting a first argument of type 'IModelCache<T, TInput, TOutput>' could be found (are you missing a using directive or an assembly reference?) [C:\Users\cheat\source\repos\AiDotNet\.worktrees\fix-us-bf-032-expressiontree\src\AiDotNet.csproj::TargetFramework=net7.0]
C:\Users\cheat\source\repos\AiDotNet\.worktrees\fix-us-bf-032-expressiontree\src\Optimizers\OptimizerBase.cs(478,47): error CS1061: 'IFullModel<T, TInput, TOutput>' does not contain a definition for 'GetModelMetadata' and no accessible extension method 'GetModelMetadata' accepting a first argument of type 'IFullModel<T, TInput, TOutput>' could be found (are you missing a using directive or an assembly reference?) [C:\Users\cheat\source\repos\AiDotNet\.worktrees\fix-us-bf-032-expressiontree\src\AiDotNet.csproj::TargetFramework=net7.0]
C:\Users\cheat\source\repos\AiDotNet\.worktrees\fix-us-bf-032-expressiontree\src\Optimizers\OptimizerBase.cs(484,17): error CS1729: 'OptimizationResult<T, TInput, TOutput>.DatasetResult' does not contain a constructor that takes 1 arguments [C:\Users\cheat\source\repos\AiDotNet\.worktrees\fix-us-bf-032-expressiontree\src\AiDotNet.csproj::TargetFramework=net7.0]
C:\Users\cheat\source\repos\AiDotNet\.worktrees\fix-us-bf-032-expressiontree\src\Optimizers\OptimizerBase.cs(494,17): error CS1729: 'OptimizationResult<T, TInput, TOutput>.DatasetResult' does not contain a constructor that takes 1 arguments [C:\Users\cheat\source\repos\AiDotNet\.worktrees\fix-us-bf-032-expressiontree\src\AiDotNet.csproj::TargetFramework=net7.0]
C:\Users\cheat\source\repos\AiDotNet\.worktrees\fix-us-bf-032-expressiontree\src\Optimizers\OptimizerBase.cs(504,17): error CS1729: 'OptimizationResult<T, TInput, TOutput>.DatasetResult' does not contain a constructor that takes 1 arguments [C:\Users\cheat\source\repos\AiDotNet\.worktrees\fix-us-bf-032-expressiontree\src\AiDotNet.csproj::TargetFramework=net7.0]
C:\Users\cheat\source\repos\AiDotNet\.worktrees\fix-us-bf-032-expressiontree\src\NeuralNetworks\ConvolutionalNeuralNetwork.cs(78,39): error CS7036: There is no argument given that corresponds to the required parameter 'model' of 'AdamOptimizer<T, Tensor<T>, Tensor<T>>.AdamOptimizer(IFullModel<T, Tensor<T>, Tensor<T>>, AdamOptimizerOptions<T, Tensor<T>, Tensor<T>>?)' [C:\Users\cheat\source\repos\AiDotNet\.worktrees\fix-us-bf-032-expressiontree\src\AiDotNet.csproj::TargetFramework=net7.0]
C:\Users\cheat\source\repos\AiDotNet\.worktrees\fix-us-bf-032-expressiontree\src\Optimizers\OptimizerBase.cs(569,25): error CS1061: 'OptimizationAlgorithmOptions<T, TInput, TOutput>' does not contain a definition for 'OptimizationMode' and no accessible extension method 'OptimizationMode' accepting a first argument of type 'OptimizationAlgorithmOptions<T, TInput, TOutput>' could be found (are you missing a using directive or an assembly reference?) [C:\Users\cheat\source\repos\AiDotNet\.worktrees\fix-us-bf-032-expressiontree\src\AiDotNet.csproj::TargetFramework=net7.0]
C:\Users\cheat\source\repos\AiDotNet\.worktrees\fix-us-bf-032-expressiontree\src\Optimizers\OptimizerBase.cs(571,18): error CS0103: The name 'OptimizationMode' does not exist in the current context [C:\Users\cheat\source\repos\AiDotNet\.worktrees\fix-us-bf-032-expressiontree\src\AiDotNet.csproj::TargetFramework=net7.0]
C:\Users\cheat\source\repos\AiDotNet\.worktrees\fix-us-bf-032-expressiontree\src\Optimizers\OptimizerBase.cs(575,18): error CS0103: The name 'OptimizationMode' does not exist in the current context [C:\Users\cheat\source\repos\AiDotNet\.worktrees\fix-us-bf-032-expressiontree\src\AiDotNet.csproj::TargetFramework=net7.0]
C:\Users\cheat\source\repos\AiDotNet\.worktrees\fix-us-bf-032-expressiontree\src\Optimizers\OptimizerBase.cs(578,29): error CS1061: 'OptimizationAlgorithmOptions<T, TInput, TOutput>' does not contain a definition for 'ParameterAdjustmentScale' and no accessible extension method 'ParameterAdjustmentScale' accepting a first argument of type 'OptimizationAlgorithmOptions<T, TInput, TOutput>' could be found (are you missing a using directive or an assembly reference?) [C:\Users\cheat\source\repos\AiDotNet\.worktrees\fix-us-bf-032-expressiontree\src\AiDotNet.csproj::TargetFramework=net7.0]
C:\Users\cheat\source\repos\AiDotNet\.worktrees\fix-us-bf-032-expressiontree\src\Optimizers\OptimizerBase.cs(579,29): error CS1061: 'OptimizationAlgorithmOptions<T, TInput, TOutput>' does not contain a definition for 'SignFlipProbability' and no accessible extension method 'SignFlipProbability' accepting a first argument of type 'OptimizationAlgorithmOptions<T, TInput, TOutput>' could be found (are you missing a using directive or an assembly reference?) [C:\Users\cheat\source\repos\AiDotNet\.worktrees\fix-us-bf-032-expressiontree\src\AiDotNet.csproj::TargetFramework=net7.0]
C:\Users\cheat\source\repos\AiDotNet\.worktrees\fix-us-bf-032-expressiontree\src\Optimizers\OptimizerBase.cs(582,18): error CS0103: The name 'OptimizationMode' does not exist in the current context [C:\Users\cheat\source\repos\AiDotNet\.worktrees\fix-us-bf-032-expressiontree\src\AiDotNet.csproj::TargetFramework=net7.0]
C:\Users\cheat\source\repos\AiDotNet\.worktrees\fix-us-bf-032-expressiontree\src\Optimizers\OptimizerBase.cs(585,51): error CS1061: 'OptimizationAlgorithmOptions<T, TInput, TOutput>' does not contain a definition for 'FeatureSelectionProbability' and no accessible extension method 'FeatureSelectionProbability' accepting a first argument of type 'OptimizationAlgorithmOptions<T, TInput, TOutput>' could be found (are you missing a using directive or an assembly reference?) [C:\Users\cheat\source\repos\AiDotNet\.worktrees\fix-us-bf-032-expressiontree\src\AiDotNet.csproj::TargetFramework=net7.0]
C:\Users\cheat\source\repos\AiDotNet\.worktrees\fix-us-bf-032-expressiontree\src\Optimizers\OptimizerBase.cs(590,51): error CS1061: 'OptimizationAlgorithmOptions<T, TInput, TOutput>' does not contain a definition for 'ParameterAdjustmentProbability' and no accessible extension method 'ParameterAdjustmentProbability' accepting a first argument of type 'OptimizationAlgorithmOptions<T, TInput, TOutput>' could be found (are you missing a using directive or an assembly reference?) [C:\Users\cheat\source\repos\AiDotNet\.worktrees\fix-us-bf-032-expressiontree\src\AiDotNet.csproj::TargetFramework=net7.0]
C:\Users\cheat\source\repos\AiDotNet\.worktrees\fix-us-bf-032-expressiontree\src\Optimizers\OptimizerBase.cs(594,33): error CS1061: 'OptimizationAlgorithmOptions<T, TInput, TOutput>' does not contain a definition for 'ParameterAdjustmentScale' and no accessible extension method 'ParameterAdjustmentScale' accepting a first argument of type 'OptimizationAlgorithmOptions<T, TInput, TOutput>' could be found (are you missing a using directive or an assembly reference?) [C:\Users\cheat\source\repos\AiDotNet\.worktrees\fix-us-bf-032-expressiontree\src\AiDotNet.csproj::TargetFramework=net7.0]
C:\Users\cheat\source\repos\AiDotNet\.worktrees\fix-us-bf-032-expressiontree\src\Optimizers\OptimizerBase.cs(595,33): error CS1061: 'OptimizationAlgorithmOptions<T, TInput, TOutput>' does not contain a definition for 'SignFlipProbability' and no accessible extension method 'SignFlipProbability' accepting a first argument of type 'OptimizationAlgorithmOptions<T, TInput, TOutput>' could be found (are you missing a using directive or an assembly reference?) [C:\Users\cheat\source\repos\AiDotNet\.worktrees\fix-us-bf-032-expressiontree\src\AiDotNet.csproj::TargetFramework=net7.0]
C:\Users\cheat\source\repos\AiDotNet\.worktrees\fix-us-bf-032-expressiontree\src\Optimizers\NormalOptimizer.cs(42,5): error CS7036: There is no argument given that corresponds to the required parameter 'options' of 'OptimizerBase<T, TInput, TOutput>.OptimizerBase(IFullModel<T, TInput, TOutput>, OptimizationAlgorithmOptions<T, TInput, TOutput>)' [C:\Users\cheat\source\repos\AiDotNet\.worktrees\fix-us-bf-032-expressiontree\src\AiDotNet.csproj::TargetFramework=net7.0]
C:\Users\cheat\source\repos\AiDotNet\.worktrees\fix-us-bf-032-expressiontree\src\Optimizers\NewtonMethodOptimizer.cs(48,11): error CS7036: There is no argument given that corresponds to the required parameter 'options' of 'GradientBasedOptimizerBase<T, TInput, TOutput>.GradientBasedOptimizerBase(IFullModel<T, TInput, TOutput>, GradientBasedOptimizerOptions<T, TInput, TOutput>)' [C:\Users\cheat\source\repos\AiDotNet\.worktrees\fix-us-bf-032-expressiontree\src\AiDotNet.csproj::TargetFramework=net7.0]
C:\Users\cheat\source\repos\AiDotNet\.worktrees\fix-us-bf-032-expressiontree\src\Optimizers\NelderMeadOptimizer.cs(75,11): error CS7036: There is no argument given that corresponds to the required parameter 'options' of 'OptimizerBase<T, TInput, TOutput>.OptimizerBase(IFullModel<T, TInput, TOutput>, OptimizationAlgorithmOptions<T, TInput, TOutput>)' [C:\Users\cheat\source\repos\AiDotNet\.worktrees\fix-us-bf-032-expressiontree\src\AiDotNet.csproj::TargetFramework=net7.0]
C:\Users\cheat\source\repos\AiDotNet\.worktrees\fix-us-bf-032-expressiontree\src\Optimizers\LBFGSOptimizer.cs(66,11): error CS7036: There is no argument given that corresponds to the required parameter 'options' of 'GradientBasedOptimizerBase<T, TInput, TOutput>.GradientBasedOptimizerBase(IFullModel<T, TInput, TOutput>, GradientBasedOptimizerOptions<T, TInput, TOutput>)' [C:\Users\cheat\source\repos\AiDotNet\.worktrees\fix-us-bf-032-expressiontree\src\AiDotNet.csproj::TargetFramework=net7.0]
C:\Users\cheat\source\repos\AiDotNet\.worktrees\fix-us-bf-032-expressiontree\src\Optimizers\LevenbergMarquardtOptimizer.cs(55,11): error CS7036: There is no argument given that corresponds to the required parameter 'options' of 'GradientBasedOptimizerBase<T, TInput, TOutput>.GradientBasedOptimizerBase(IFullModel<T, TInput, TOutput>, GradientBasedOptimizerOptions<T, TInput, TOutput>)' [C:\Users\cheat\source\repos\AiDotNet\.worktrees\fix-us-bf-032-expressiontree\src\AiDotNet.csproj::TargetFramework=net7.0]
C:\Users\cheat\source\repos\AiDotNet\.worktrees\fix-us-bf-032-expressiontree\src\NeuralNetworks\DifferentiableNeuralComputer.cs(677,29): error CS7036: There is no argument given that corresponds to the required parameter 'model' of 'GradientDescentOptimizer<T, Tensor<T>, Tensor<T>>.GradientDescentOptimizer(IFullModel<T, Tensor<T>, Tensor<T>>, GradientDescentOptimizerOptions<T, Tensor<T>, Tensor<T>>?)' [C:\Users\cheat\source\repos\AiDotNet\.worktrees\fix-us-bf-032-expressiontree\src\AiDotNet.csproj::TargetFramework=net7.0]
C:\Users\cheat\source\repos\AiDotNet\.worktrees\fix-us-bf-032-expressiontree\src\Optimizers\MiniBatchGradientDescentOptimizer.cs(49,11): error CS7036: There is no argument given that corresponds to the required parameter 'options' of 'GradientBasedOptimizerBase<T, TInput, TOutput>.GradientBasedOptimizerBase(IFullModel<T, TInput, TOutput>, GradientBasedOptimizerOptions<T, TInput, TOutput>)' [C:\Users\cheat\source\repos\AiDotNet\.worktrees\fix-us-bf-032-expressiontree\src\AiDotNet.csproj::TargetFramework=net7.0]
C:\Users\cheat\source\repos\AiDotNet\.worktrees\fix-us-bf-032-expressiontree\src\Regression\GeneticAlgorithmRegression.cs(119,77): error CS1503: Argument 1: cannot convert from 'AiDotNet.Models.Options.GeneticAlgorithmOptimizerOptions<T, AiDotNet.LinearAlgebra.Matrix<T>, AiDotNet.LinearAlgebra.Vector<T>>' to 'AiDotNet.Interfaces.IFullModel<T, AiDotNet.LinearAlgebra.Matrix<T>, AiDotNet.LinearAlgebra.Vector<T>>' [C:\Users\cheat\source\repos\AiDotNet\.worktrees\fix-us-bf-032-expressiontree\src\AiDotNet.csproj::TargetFramework=net7.0]
C:\Users\cheat\source\repos\AiDotNet\.worktrees\fix-us-bf-032-expressiontree\src\NeuralNetworks\FeedForwardNeuralNetwork.cs(76,39): error CS7036: There is no argument given that corresponds to the required parameter 'model' of 'AdamOptimizer<T, Tensor<T>, Tensor<T>>.AdamOptimizer(IFullModel<T, Tensor<T>, Tensor<T>>, AdamOptimizerOptions<T, Tensor<T>, Tensor<T>>?)' [C:\Users\cheat\source\repos\AiDotNet\.worktrees\fix-us-bf-032-expressiontree\src\AiDotNet.csproj::TargetFramework=net7.0]
C:\Users\cheat\source\repos\AiDotNet\.worktrees\fix-us-bf-032-expressiontree\src\Regression\GeneticAlgorithmRegression.cs(354,77): error CS1503: Argument 1: cannot convert from 'AiDotNet.Models.Options.GeneticAlgorithmOptimizerOptions<T, AiDotNet.LinearAlgebra.Matrix<T>, AiDotNet.LinearAlgebra.Vector<T>>' to 'AiDotNet.Interfaces.IFullModel<T, AiDotNet.LinearAlgebra.Matrix<T>, AiDotNet.LinearAlgebra.Vector<T>>' [C:\Users\cheat\source\repos\AiDotNet\.worktrees\fix-us-bf-032-expressiontree\src\AiDotNet.csproj::TargetFramework=net7.0]
C:\Users\cheat\source\repos\AiDotNet\.worktrees\fix-us-bf-032-expressiontree\src\Regression\MultilayerPerceptronRegression.cs(147,48): error CS7036: There is no argument given that corresponds to the required parameter 'model' of 'AdamOptimizer<T, Matrix<T>, Vector<T>>.AdamOptimizer(IFullModel<T, Matrix<T>, Vector<T>>, AdamOptimizerOptions<T, Matrix<T>, Vector<T>>?)' [C:\Users\cheat\source\repos\AiDotNet\.worktrees\fix-us-bf-032-expressiontree\src\AiDotNet.csproj::TargetFramework=net7.0]
C:\Users\cheat\source\repos\AiDotNet\.worktrees\fix-us-bf-032-expressiontree\src\NeuralNetworks\GraphNeuralNetwork.cs(547,29): error CS7036: There is no argument given that corresponds to the required parameter 'model' of 'AdamOptimizer<T, Tensor<T>, Tensor<T>>.AdamOptimizer(IFullModel<T, Tensor<T>, Tensor<T>>, AdamOptimizerOptions<T, Tensor<T>, Tensor<T>>?)' [C:\Users\cheat\source\repos\AiDotNet\.worktrees\fix-us-bf-032-expressiontree\src\AiDotNet.csproj::TargetFramework=net7.0]
C:\Users\cheat\source\repos\AiDotNet\.worktrees\fix-us-bf-032-expressiontree\src\NeuralNetworks\GraphNeuralNetwork.cs(611,29): error CS7036: There is no argument given that corresponds to the required parameter 'model' of 'AdamOptimizer<T, Tensor<T>, Tensor<T>>.AdamOptimizer(IFullModel<T, Tensor<T>, Tensor<T>>, AdamOptimizerOptions<T, Tensor<T>, Tensor<T>>?)' [C:\Users\cheat\source\repos\AiDotNet\.worktrees\fix-us-bf-032-expressiontree\src\AiDotNet.csproj::TargetFramework=net7.0]
C:\Users\cheat\source\repos\AiDotNet\.worktrees\fix-us-bf-032-expressiontree\src\NeuralNetworks\LiquidStateMachine.cs(449,29): error CS7036: There is no argument given that corresponds to the required parameter 'model' of 'GradientDescentOptimizer<T, Tensor<T>, Tensor<T>>.GradientDescentOptimizer(IFullModel<T, Tensor<T>, Tensor<T>>, GradientDescentOptimizerOptions<T, Tensor<T>, Tensor<T>>?)' [C:\Users\cheat\source\repos\AiDotNet\.worktrees\fix-us-bf-032-expressiontree\src\AiDotNet.csproj::TargetFramework=net7.0]
C:\Users\cheat\source\repos\AiDotNet\.worktrees\fix-us-bf-032-expressiontree\src\Regression\NeuralNetworkRegression.cs(84,48): error CS7036: There is no argument given that corresponds to the required parameter 'model' of 'AdamOptimizer<T, Matrix<T>, Vector<T>>.AdamOptimizer(IFullModel<T, Matrix<T>, Vector<T>>, AdamOptimizerOptions<T, Matrix<T>, Vector<T>>?)' [C:\Users\cheat\source\repos\AiDotNet\.worktrees\fix-us-bf-032-expressiontree\src\AiDotNet.csproj::TargetFramework=net7.0]
C:\Users\cheat\source\repos\AiDotNet\.worktrees\fix-us-bf-032-expressiontree\src\AutoML\AutoMLModelBase.cs(371,23): error CS1061: 'IFullModel<T, TInput, TOutput>' does not contain a definition for 'LoadFromFile' and no accessible extension method 'LoadFromFile' accepting a first argument of type 'IFullModel<T, TInput, TOutput>' could be found (are you missing a using directive or an assembly reference?) [C:\Users\cheat\source\repos\AiDotNet\.worktrees\fix-us-bf-032-expressiontree\src\AiDotNet.csproj::TargetFramework=net6.0]
C:\Users\cheat\source\repos\AiDotNet\.worktrees\fix-us-bf-032-expressiontree\src\Evaluation\DefaultModelEvaluator.cs(194,41): error CS1729: 'PredictionModelResult<T, TInput, TOutput>' does not contain a constructor that takes 3 arguments [C:\Users\cheat\source\repos\AiDotNet\.worktrees\fix-us-bf-032-expressiontree\src\AiDotNet.csproj::TargetFramework=net6.0]
C:\Users\cheat\source\repos\AiDotNet\.worktrees\fix-us-bf-032-expressiontree\src\Models\VectorModel.cs(119,12): error CS8618: Non-nullable field '_sensitiveFeatures' must contain a non-null value when exiting constructor. Consider adding the 'required' modifier or declaring the field as nullable. [C:\Users\cheat\source\repos\AiDotNet\.worktrees\fix-us-bf-032-expressiontree\src\AiDotNet.csproj::TargetFramework=net6.0]
C:\Users\cheat\source\repos\AiDotNet\.worktrees\fix-us-bf-032-expressiontree\src\NeuralNetworks\VariationalAutoencoder.cs(144,39): error CS7036: There is no argument given that corresponds to the required parameter 'model' of 'AdamOptimizer<T, Tensor<T>, Tensor<T>>.AdamOptimizer(IFullModel<T, Tensor<T>, Tensor<T>>, AdamOptimizerOptions<T, Tensor<T>, Tensor<T>>?)' [C:\Users\cheat\source\repos\AiDotNet\.worktrees\fix-us-bf-032-expressiontree\src\AiDotNet.csproj::TargetFramework=net6.0]
C:\Users\cheat\source\repos\AiDotNet\.worktrees\fix-us-bf-032-expressiontree\src\Models\VectorModel.cs(1085,47): error CS0411: The type arguments for method 'InterpretableModelHelper.GetGlobalFeatureImportanceAsync<T>(IInterpretableModel<T>, HashSet<InterpretationMethod>)' cannot be inferred from the usage. Try specifying the type arguments explicitly. [C:\Users\cheat\source\repos\AiDotNet\.worktrees\fix-us-bf-032-expressiontree\src\AiDotNet.csproj::TargetFramework=net6.0]
C:\Users\cheat\source\repos\AiDotNet\.worktrees\fix-us-bf-032-expressiontree\src\Models\VectorModel.cs(1093,47): error CS0411: The type arguments for method 'InterpretableModelHelper.GetLocalFeatureImportanceAsync<T>(IInterpretableModel<T>, HashSet<InterpretationMethod>, Tensor<T>)' cannot be inferred from the usage. Try specifying the type arguments explicitly. [C:\Users\cheat\source\repos\AiDotNet\.worktrees\fix-us-bf-032-expressiontree\src\AiDotNet.csproj::TargetFramework=net6.0]
C:\Users\cheat\source\repos\AiDotNet\.worktrees\fix-us-bf-032-expressiontree\src\Models\VectorModel.cs(1101,47): error CS7036: There is no argument given that corresponds to the required parameter 'inputs' of 'InterpretableModelHelper.GetShapValuesAsync<T>(IInterpretableModel<T>, HashSet<InterpretationMethod>, Tensor<T>)' [C:\Users\cheat\source\repos\AiDotNet\.worktrees\fix-us-bf-032-expressiontree\src\AiDotNet.csproj::TargetFramework=net6.0]
C:\Users\cheat\source\repos\AiDotNet\.worktrees\fix-us-bf-032-expressiontree\src\Models\VectorModel.cs(1109,47): error CS7036: There is no argument given that corresponds to the required parameter 'input' of 'InterpretableModelHelper.GetLimeExplanationAsync<T>(IInterpretableModel<T>, HashSet<InterpretationMethod>, Tensor<T>, int)' [C:\Users\cheat\source\repos\AiDotNet\.worktrees\fix-us-bf-032-expressiontree\src\AiDotNet.csproj::TargetFramework=net6.0]
C:\Users\cheat\source\repos\AiDotNet\.worktrees\fix-us-bf-032-expressiontree\src\Models\VectorModel.cs(1117,76): error CS1503: Argument 1: cannot convert from 'System.Collections.Generic.HashSet<AiDotNet.Interpretability.InterpretationMethod>' to 'AiDotNet.Interfaces.IInterpretableModel<T>' [C:\Users\cheat\source\repos\AiDotNet\.worktrees\fix-us-bf-032-expressiontree\src\AiDotNet.csproj::TargetFramework=net6.0]
C:\Users\cheat\source\repos\AiDotNet\.worktrees\fix-us-bf-032-expressiontree\src\Models\VectorModel.cs(1117,93): error CS1503: Argument 2: cannot convert from 'AiDotNet.LinearAlgebra.Vector<int>' to 'System.Collections.Generic.HashSet<AiDotNet.Interpretability.InterpretationMethod>' [C:\Users\cheat\source\repos\AiDotNet\.worktrees\fix-us-bf-032-expressiontree\src\AiDotNet.csproj::TargetFramework=net6.0]
C:\Users\cheat\source\repos\AiDotNet\.worktrees\fix-us-bf-032-expressiontree\src\Models\VectorModel.cs(1117,109): error CS1503: Argument 3: cannot convert from 'int' to 'AiDotNet.LinearAlgebra.Vector<int>' [C:\Users\cheat\source\repos\AiDotNet\.worktrees\fix-us-bf-032-expressiontree\src\AiDotNet.csproj::TargetFramework=net6.0]
C:\Users\cheat\source\repos\AiDotNet\.worktrees\fix-us-bf-032-expressiontree\src\Models\VectorModel.cs(1125,47): error CS7036: There is no argument given that corresponds to the required parameter 'input' of 'InterpretableModelHelper.GetCounterfactualAsync<T>(IInterpretableModel<T>, HashSet<InterpretationMethod>, Tensor<T>, Tensor<T>, int)' [C:\Users\cheat\source\repos\AiDotNet\.worktrees\fix-us-bf-032-expressiontree\src\AiDotNet.csproj::TargetFramework=net6.0]
C:\Users\cheat\source\repos\AiDotNet\.worktrees\fix-us-bf-032-expressiontree\src\Models\VectorModel.cs(1133,47): error CS0411: The type arguments for method 'InterpretableModelHelper.GetModelSpecificInterpretabilityAsync<T>(IInterpretableModel<T>)' cannot be inferred from the usage. Try specifying the type arguments explicitly. [C:\Users\cheat\source\repos\AiDotNet\.worktrees\fix-us-bf-032-expressiontree\src\AiDotNet.csproj::TargetFramework=net6.0]
C:\Users\cheat\source\repos\AiDotNet\.worktrees\fix-us-bf-032-expressiontree\src\Models\VectorModel.cs(1141,47): error CS0411: The type arguments for method 'InterpretableModelHelper.GenerateTextExplanationAsync<T>(IInterpretableModel<T>, Tensor<T>, Tensor<T>)' cannot be inferred from the usage. Try specifying the type arguments explicitly. [C:\Users\cheat\source\repos\AiDotNet\.worktrees\fix-us-bf-032-expressiontree\src\AiDotNet.csproj::TargetFramework=net6.0]
C:\Users\cheat\source\repos\AiDotNet\.worktrees\fix-us-bf-032-expressiontree\src\Models\VectorModel.cs(1165,47): error CS7036: There is no argument given that corresponds to the required parameter 'input' of 'InterpretableModelHelper.GetAnchorExplanationAsync<T>(IInterpretableModel<T>, HashSet<InterpretationMethod>, Tensor<T>, T)' [C:\Users\cheat\source\repos\AiDotNet\.worktrees\fix-us-bf-032-expressiontree\src\AiDotNet.csproj::TargetFramework=net6.0]
C:\Users\cheat\source\repos\AiDotNet\.worktrees\fix-us-bf-032-expressiontree\src\Models\Results\PredictionModelResult.cs(199,31): error CS1061: 'IFullModel<T, TInput, TOutput>' does not contain a definition for 'GetModelMetadata' and no accessible extension method 'GetModelMetadata' accepting a first argument of type 'IFullModel<T, TInput, TOutput>' could be found (are you missing a using directive or an assembly reference?) [C:\Users\cheat\source\repos\AiDotNet\.worktrees\fix-us-bf-032-expressiontree\src\AiDotNet.csproj::TargetFramework=net6.0]
C:\Users\cheat\source\repos\AiDotNet\.worktrees\fix-us-bf-032-expressiontree\src\PredictionModelBuilder.cs(237,20): error CS1729: 'PredictionModelResult<T, TInput, TOutput>' does not contain a constructor that takes 3 arguments [C:\Users\cheat\source\repos\AiDotNet\.worktrees\fix-us-bf-032-expressiontree\src\AiDotNet.csproj::TargetFramework=net6.0]
C:\Users\cheat\source\repos\AiDotNet\.worktrees\fix-us-bf-032-expressiontree\src\Models\Results\PredictionModelResult.cs(342,13): error CS0103: The name 'JsonConverterRegistry' does not exist in the current context [C:\Users\cheat\source\repos\AiDotNet\.worktrees\fix-us-bf-032-expressiontree\src\AiDotNet.csproj::TargetFramework=net6.0]
C:\Users\cheat\source\repos\AiDotNet\.worktrees\fix-us-bf-032-expressiontree\src\Models\Results\PredictionModelResult.cs(352,33): error CS0103: The name 'JsonConverterRegistry' does not exist in the current context [C:\Users\cheat\source\repos\AiDotNet\.worktrees\fix-us-bf-032-expressiontree\src\AiDotNet.csproj::TargetFramework=net6.0]
C:\Users\cheat\source\repos\AiDotNet\.worktrees\fix-us-bf-032-expressiontree\src\Models\Results\PredictionModelResult.cs(355,42): error CS0103: The name 'JsonConverterRegistry' does not exist in the current context [C:\Users\cheat\source\repos\AiDotNet\.worktrees\fix-us-bf-032-expressiontree\src\AiDotNet.csproj::TargetFramework=net6.0]
C:\Users\cheat\source\repos\AiDotNet\.worktrees\fix-us-bf-032-expressiontree\src\Models\Results\PredictionModelResult.cs(409,13): error CS0103: The name 'JsonConverterRegistry' does not exist in the current context [C:\Users\cheat\source\repos\AiDotNet\.worktrees\fix-us-bf-032-expressiontree\src\AiDotNet.csproj::TargetFramework=net6.0]
C:\Users\cheat\source\repos\AiDotNet\.worktrees\fix-us-bf-032-expressiontree\src\Models\Results\PredictionModelResult.cs(420,33): error CS0103: The name 'JsonConverterRegistry' does not exist in the current context [C:\Users\cheat\source\repos\AiDotNet\.worktrees\fix-us-bf-032-expressiontree\src\AiDotNet.csproj::TargetFramework=net6.0]
C:\Users\cheat\source\repos\AiDotNet\.worktrees\fix-us-bf-032-expressiontree\src\Models\Results\PredictionModelResult.cs(423,42): error CS0103: The name 'JsonConverterRegistry' does not exist in the current context [C:\Users\cheat\source\repos\AiDotNet\.worktrees\fix-us-bf-032-expressiontree\src\AiDotNet.csproj::TargetFramework=net6.0]
C:\Users\cheat\source\repos\AiDotNet\.worktrees\fix-us-bf-032-expressiontree\src\NeuralNetworks\VariationalAutoencoder.cs(772,130): error CS7036: There is no argument given that corresponds to the required parameter 'model' of 'AdamOptimizer<T, Tensor<T>, Tensor<T>>.AdamOptimizer(IFullModel<T, Tensor<T>, Tensor<T>>, AdamOptimizerOptions<T, Tensor<T>, Tensor<T>>?)' [C:\Users\cheat\source\repos\AiDotNet\.worktrees\fix-us-bf-032-expressiontree\src\AiDotNet.csproj::TargetFramework=net6.0]
C:\Users\cheat\source\repos\AiDotNet\.worktrees\fix-us-bf-032-expressiontree\src\NeuralNetworks\Transformer.cs(117,39): error CS7036: There is no argument given that corresponds to the required parameter 'model' of 'GradientDescentOptimizer<T, Tensor<T>, Tensor<T>>.GradientDescentOptimizer(IFullModel<T, Tensor<T>, Tensor<T>>, GradientDescentOptimizerOptions<T, Tensor<T>, Tensor<T>>?)' [C:\Users\cheat\source\repos\AiDotNet\.worktrees\fix-us-bf-032-expressiontree\src\AiDotNet.csproj::TargetFramework=net6.0]
C:\Users\cheat\source\repos\AiDotNet\.worktrees\fix-us-bf-032-expressiontree\src\Regression\SymbolicRegression.cs(326,77): error CS1503: Argument 1: cannot convert from 'AiDotNet.Models.Options.GeneticAlgorithmOptimizerOptions<T, AiDotNet.LinearAlgebra.Matrix<T>, AiDotNet.LinearAlgebra.Vector<T>>' to 'AiDotNet.Interfaces.IFullModel<T, AiDotNet.LinearAlgebra.Matrix<T>, AiDotNet.LinearAlgebra.Vector<T>>' [C:\Users\cheat\source\repos\AiDotNet\.worktrees\fix-us-bf-032-expressiontree\src\AiDotNet.csproj::TargetFramework=net6.0]
C:\Users\cheat\source\repos\AiDotNet\.worktrees\fix-us-bf-032-expressiontree\src\NeuralNetworks\Transformer.cs(475,130): error CS7036: There is no argument given that corresponds to the required parameter 'model' of 'GradientDescentOptimizer<T, Tensor<T>, Tensor<T>>.GradientDescentOptimizer(IFullModel<T, Tensor<T>, Tensor<T>>, GradientDescentOptimizerOptions<T, Tensor<T>, Tensor<T>>?)' [C:\Users\cheat\source\repos\AiDotNet\.worktrees\fix-us-bf-032-expressiontree\src\AiDotNet.csproj::TargetFramework=net6.0]
C:\Users\cheat\source\repos\AiDotNet\.worktrees\fix-us-bf-032-expressiontree\src\Optimizers\ParticleSwarmOptimizer.cs(162,21): error CS0103: The name '_fitnessCalculator' does not exist in the current context [C:\Users\cheat\source\repos\AiDotNet\.worktrees\fix-us-bf-032-expressiontree\src\AiDotNet.csproj::TargetFramework=net6.0]
C:\Users\cheat\source\repos\AiDotNet\.worktrees\fix-us-bf-032-expressiontree\src\Optimizers\ParticleSwarmOptimizer.cs(175,21): error CS0103: The name '_fitnessCalculator' does not exist in the current context [C:\Users\cheat\source\repos\AiDotNet\.worktrees\fix-us-bf-032-expressiontree\src\AiDotNet.csproj::TargetFramework=net6.0]
C:\Users\cheat\source\repos\AiDotNet\.worktrees\fix-us-bf-032-expressiontree\src\Optimizers\OptimizerBase.cs(319,38): error CS1061: 'IModelCache<T, TInput, TOutput>' does not contain a definition for 'GenerateCacheKey' and no accessible extension method 'GenerateCacheKey' accepting a first argument of type 'IModelCache<T, TInput, TOutput>' could be found (are you missing a using directive or an assembly reference?) [C:\Users\cheat\source\repos\AiDotNet\.worktrees\fix-us-bf-032-expressiontree\src\AiDotNet.csproj::TargetFramework=net6.0]
C:\Users\cheat\source\repos\AiDotNet\.worktrees\fix-us-bf-032-expressiontree\src\Optimizers\OptimizerBase.cs(358,38): error CS1061: 'IModelCache<T, TInput, TOutput>' does not contain a definition for 'GenerateCacheKey' and no accessible extension method 'GenerateCacheKey' accepting a first argument of type 'IModelCache<T, TInput, TOutput>' could be found (are you missing a using directive or an assembly reference?) [C:\Users\cheat\source\repos\AiDotNet\.worktrees\fix-us-bf-032-expressiontree\src\AiDotNet.csproj::TargetFramework=net6.0]
C:\Users\cheat\source\repos\AiDotNet\.worktrees\fix-us-bf-032-expressiontree\src\Optimizers\OptimizerBase.cs(478,47): error CS1061: 'IFullModel<T, TInput, TOutput>' does not contain a definition for 'GetModelMetadata' and no accessible extension method 'GetModelMetadata' accepting a first argument of type 'IFullModel<T, TInput, TOutput>' could be found (are you missing a using directive or an assembly reference?) [C:\Users\cheat\source\repos\AiDotNet\.worktrees\fix-us-bf-032-expressiontree\src\AiDotNet.csproj::TargetFramework=net6.0]
C:\Users\cheat\source\repos\AiDotNet\.worktrees\fix-us-bf-032-expressiontree\src\Optimizers\OptimizerBase.cs(484,17): error CS1729: 'OptimizationResult<T, TInput, TOutput>.DatasetResult' does not contain a constructor that takes 1 arguments [C:\Users\cheat\source\repos\AiDotNet\.worktrees\fix-us-bf-032-expressiontree\src\AiDotNet.csproj::TargetFramework=net6.0]
C:\Users\cheat\source\repos\AiDotNet\.worktrees\fix-us-bf-032-expressiontree\src\Optimizers\OptimizerBase.cs(494,17): error CS1729: 'OptimizationResult<T, TInput, TOutput>.DatasetResult' does not contain a constructor that takes 1 arguments [C:\Users\cheat\source\repos\AiDotNet\.worktrees\fix-us-bf-032-expressiontree\src\AiDotNet.csproj::TargetFramework=net6.0]
C:\Users\cheat\source\repos\AiDotNet\.worktrees\fix-us-bf-032-expressiontree\src\Optimizers\OptimizerBase.cs(504,17): error CS1729: 'OptimizationResult<T, TInput, TOutput>.DatasetResult' does not contain a constructor that takes 1 arguments [C:\Users\cheat\source\repos\AiDotNet\.worktrees\fix-us-bf-032-expressiontree\src\AiDotNet.csproj::TargetFramework=net6.0]
C:\Users\cheat\source\repos\AiDotNet\.worktrees\fix-us-bf-032-expressiontree\src\Optimizers\OptimizerBase.cs(569,25): error CS1061: 'OptimizationAlgorithmOptions<T, TInput, TOutput>' does not contain a definition for 'OptimizationMode' and no accessible extension method 'OptimizationMode' accepting a first argument of type 'OptimizationAlgorithmOptions<T, TInput, TOutput>' could be found (are you missing a using directive or an assembly reference?) [C:\Users\cheat\source\repos\AiDotNet\.worktrees\fix-us-bf-032-expressiontree\src\AiDotNet.csproj::TargetFramework=net6.0]
C:\Users\cheat\source\repos\AiDotNet\.worktrees\fix-us-bf-032-expressiontree\src\Optimizers\OptimizerBase.cs(571,18): error CS0103: The name 'OptimizationMode' does not exist in the current context [C:\Users\cheat\source\repos\AiDotNet\.worktrees\fix-us-bf-032-expressiontree\src\AiDotNet.csproj::TargetFramework=net6.0]
C:\Users\cheat\source\repos\AiDotNet\.worktrees\fix-us-bf-032-expressiontree\src\Optimizers\OptimizerBase.cs(575,18): error CS0103: The name 'OptimizationMode' does not exist in the current context [C:\Users\cheat\source\repos\AiDotNet\.worktrees\fix-us-bf-032-expressiontree\src\AiDotNet.csproj::TargetFramework=net6.0]
C:\Users\cheat\source\repos\AiDotNet\.worktrees\fix-us-bf-032-expressiontree\src\Optimizers\OptimizerBase.cs(578,29): error CS1061: 'OptimizationAlgorithmOptions<T, TInput, TOutput>' does not contain a definition for 'ParameterAdjustmentScale' and no accessible extension method 'ParameterAdjustmentScale' accepting a first argument of type 'OptimizationAlgorithmOptions<T, TInput, TOutput>' could be found (are you missing a using directive or an assembly reference?) [C:\Users\cheat\source\repos\AiDotNet\.worktrees\fix-us-bf-032-expressiontree\src\AiDotNet.csproj::TargetFramework=net6.0]
C:\Users\cheat\source\repos\AiDotNet\.worktrees\fix-us-bf-032-expressiontree\src\Optimizers\OptimizerBase.cs(579,29): error CS1061: 'OptimizationAlgorithmOptions<T, TInput, TOutput>' does not contain a definition for 'SignFlipProbability' and no accessible extension method 'SignFlipProbability' accepting a first argument of type 'OptimizationAlgorithmOptions<T, TInput, TOutput>' could be found (are you missing a using directive or an assembly reference?) [C:\Users\cheat\source\repos\AiDotNet\.worktrees\fix-us-bf-032-expressiontree\src\AiDotNet.csproj::TargetFramework=net6.0]
C:\Users\cheat\source\repos\AiDotNet\.worktrees\fix-us-bf-032-expressiontree\src\Optimizers\OptimizerBase.cs(582,18): error CS0103: The name 'OptimizationMode' does not exist in the current context [C:\Users\cheat\source\repos\AiDotNet\.worktrees\fix-us-bf-032-expressiontree\src\AiDotNet.csproj::TargetFramework=net6.0]
C:\Users\cheat\source\repos\AiDotNet\.worktrees\fix-us-bf-032-expressiontree\src\Optimizers\OptimizerBase.cs(585,51): error CS1061: 'OptimizationAlgorithmOptions<T, TInput, TOutput>' does not contain a definition for 'FeatureSelectionProbability' and no accessible extension method 'FeatureSelectionProbability' accepting a first argument of type 'OptimizationAlgorithmOptions<T, TInput, TOutput>' could be found (are you missing a using directive or an assembly reference?) [C:\Users\cheat\source\repos\AiDotNet\.worktrees\fix-us-bf-032-expressiontree\src\AiDotNet.csproj::TargetFramework=net6.0]
C:\Users\cheat\source\repos\AiDotNet\.worktrees\fix-us-bf-032-expressiontree\src\Optimizers\OptimizerBase.cs(590,51): error CS1061: 'OptimizationAlgorithmOptions<T, TInput, TOutput>' does not contain a definition for 'ParameterAdjustmentProbability' and no accessible extension method 'ParameterAdjustmentProbability' accepting a first argument of type 'OptimizationAlgorithmOptions<T, TInput, TOutput>' could be found (are you missing a using directive or an assembly reference?) [C:\Users\cheat\source\repos\AiDotNet\.worktrees\fix-us-bf-032-expressiontree\src\AiDotNet.csproj::TargetFramework=net6.0]
C:\Users\cheat\source\repos\AiDotNet\.worktrees\fix-us-bf-032-expressiontree\src\Optimizers\OptimizerBase.cs(594,33): error CS1061: 'OptimizationAlgorithmOptions<T, TInput, TOutput>' does not contain a definition for 'ParameterAdjustmentScale' and no accessible extension method 'ParameterAdjustmentScale' accepting a first argument of type 'OptimizationAlgorithmOptions<T, TInput, TOutput>' could be found (are you missing a using directive or an assembly reference?) [C:\Users\cheat\source\repos\AiDotNet\.worktrees\fix-us-bf-032-expressiontree\src\AiDotNet.csproj::TargetFramework=net6.0]
C:\Users\cheat\source\repos\AiDotNet\.worktrees\fix-us-bf-032-expressiontree\src\Optimizers\OptimizerBase.cs(595,33): error CS1061: 'OptimizationAlgorithmOptions<T, TInput, TOutput>' does not contain a definition for 'SignFlipProbability' and no accessible extension method 'SignFlipProbability' accepting a first argument of type 'OptimizationAlgorithmOptions<T, TInput, TOutput>' could be found (are you missing a using directive or an assembly reference?) [C:\Users\cheat\source\repos\AiDotNet\.worktrees\fix-us-bf-032-expressiontree\src\AiDotNet.csproj::TargetFramework=net6.0]
C:\Users\cheat\source\repos\AiDotNet\.worktrees\fix-us-bf-032-expressiontree\src\Optimizers\NormalOptimizer.cs(42,5): error CS7036: There is no argument given that corresponds to the required parameter 'options' of 'OptimizerBase<T, TInput, TOutput>.OptimizerBase(IFullModel<T, TInput, TOutput>, OptimizationAlgorithmOptions<T, TInput, TOutput>)' [C:\Users\cheat\source\repos\AiDotNet\.worktrees\fix-us-bf-032-expressiontree\src\AiDotNet.csproj::TargetFramework=net6.0]
C:\Users\cheat\source\repos\AiDotNet\.worktrees\fix-us-bf-032-expressiontree\src\Optimizers\NewtonMethodOptimizer.cs(48,11): error CS7036: There is no argument given that corresponds to the required parameter 'options' of 'GradientBasedOptimizerBase<T, TInput, TOutput>.GradientBasedOptimizerBase(IFullModel<T, TInput, TOutput>, GradientBasedOptimizerOptions<T, TInput, TOutput>)' [C:\Users\cheat\source\repos\AiDotNet\.worktrees\fix-us-bf-032-expressiontree\src\AiDotNet.csproj::TargetFramework=net6.0]
C:\Users\cheat\source\repos\AiDotNet\.worktrees\fix-us-bf-032-expressiontree\src\NeuralNetworks\ConvolutionalNeuralNetwork.cs(78,39): error CS7036: There is no argument given that corresponds to the required parameter 'model' of 'AdamOptimizer<T, Tensor<T>, Tensor<T>>.AdamOptimizer(IFullModel<T, Tensor<T>, Tensor<T>>, AdamOptimizerOptions<T, Tensor<T>, Tensor<T>>?)' [C:\Users\cheat\source\repos\AiDotNet\.worktrees\fix-us-bf-032-expressiontree\src\AiDotNet.csproj::TargetFramework=net6.0]
C:\Users\cheat\source\repos\AiDotNet\.worktrees\fix-us-bf-032-expressiontree\src\Optimizers\BFGSOptimizer.cs(64,11): error CS7036: There is no argument given that corresponds to the required parameter 'options' of 'GradientBasedOptimizerBase<T, TInput, TOutput>.GradientBasedOptimizerBase(IFullModel<T, TInput, TOutput>, GradientBasedOptimizerOptions<T, TInput, TOutput>)' [C:\Users\cheat\source\repos\AiDotNet\.worktrees\fix-us-bf-032-expressiontree\src\AiDotNet.csproj::TargetFramework=net6.0]
C:\Users\cheat\source\repos\AiDotNet\.worktrees\fix-us-bf-032-expressiontree\src\Optimizers\BayesianOptimizer.cs(56,11): error CS7036: There is no argument given that corresponds to the required parameter 'options' of 'OptimizerBase<T, TInput, TOutput>.OptimizerBase(IFullModel<T, TInput, TOutput>, OptimizationAlgorithmOptions<T, TInput, TOutput>)' [C:\Users\cheat\source\repos\AiDotNet\.worktrees\fix-us-bf-032-expressiontree\src\AiDotNet.csproj::TargetFramework=net6.0]
C:\Users\cheat\source\repos\AiDotNet\.worktrees\fix-us-bf-032-expressiontree\src\Optimizers\BayesianOptimizer.cs(61,87): error CS1061: 'BayesianOptimizerOptions<T, TInput, TOutput>' does not contain a definition for 'KernelFunction' and no accessible extension method 'KernelFunction' accepting a first argument of type 'BayesianOptimizerOptions<T, TInput, TOutput>' could be found (are you missing a using directive or an assembly reference?) [C:\Users\cheat\source\repos\AiDotNet\.worktrees\fix-us-bf-032-expressiontree\src\AiDotNet.csproj::TargetFramework=net6.0]
C:\Users\cheat\source\repos\AiDotNet\.worktrees\fix-us-bf-032-expressiontree\src\Optimizers\CMAESOptimizer.cs(74,11): error CS7036: There is no argument given that corresponds to the required parameter 'options' of 'OptimizerBase<T, TInput, TOutput>.OptimizerBase(IFullModel<T, TInput, TOutput>, OptimizationAlgorithmOptions<T, TInput, TOutput>)' [C:\Users\cheat\source\repos\AiDotNet\.worktrees\fix-us-bf-032-expressiontree\src\AiDotNet.csproj::TargetFramework=net6.0]
C:\Users\cheat\source\repos\AiDotNet\.worktrees\fix-us-bf-032-expressiontree\src\Optimizers\ConjugateGradientOptimizer.cs(60,11): error CS7036: There is no argument given that corresponds to the required parameter 'options' of 'GradientBasedOptimizerBase<T, TInput, TOutput>.GradientBasedOptimizerBase(IFullModel<T, TInput, TOutput>, GradientBasedOptimizerOptions<T, TInput, TOutput>)' [C:\Users\cheat\source\repos\AiDotNet\.worktrees\fix-us-bf-032-expressiontree\src\AiDotNet.csproj::TargetFramework=net6.0]
C:\Users\cheat\source\repos\AiDotNet\.worktrees\fix-us-bf-032-expressiontree\src\Optimizers\CoordinateDescentOptimizer.cs(60,11): error CS7036: There is no argument given that corresponds to the required parameter 'options' of 'GradientBasedOptimizerBase<T, TInput, TOutput>.GradientBasedOptimizerBase(IFullModel<T, TInput, TOutput>, GradientBasedOptimizerOptions<T, TInput, TOutput>)' [C:\Users\cheat\source\repos\AiDotNet\.worktrees\fix-us-bf-032-expressiontree\src\AiDotNet.csproj::TargetFramework=net6.0]
C:\Users\cheat\source\repos\AiDotNet\.worktrees\fix-us-bf-032-expressiontree\src\Optimizers\DFPOptimizer.cs(60,11): error CS7036: There is no argument given that corresponds to the required parameter 'options' of 'GradientBasedOptimizerBase<T, TInput, TOutput>.GradientBasedOptimizerBase(IFullModel<T, TInput, TOutput>, GradientBasedOptimizerOptions<T, TInput, TOutput>)' [C:\Users\cheat\source\repos\AiDotNet\.worktrees\fix-us-bf-032-expressiontree\src\AiDotNet.csproj::TargetFramework=net6.0]
C:\Users\cheat\source\repos\AiDotNet\.worktrees\fix-us-bf-032-expressiontree\src\Optimizers\FTRLOptimizer.cs(64,11): error CS7036: There is no argument given that corresponds to the required parameter 'options' of 'GradientBasedOptimizerBase<T, TInput, TOutput>.GradientBasedOptimizerBase(IFullModel<T, TInput, TOutput>, GradientBasedOptimizerOptions<T, TInput, TOutput>)' [C:\Users\cheat\source\repos\AiDotNet\.worktrees\fix-us-bf-032-expressiontree\src\AiDotNet.csproj::TargetFramework=net6.0]
C:\Users\cheat\source\repos\AiDotNet\.worktrees\fix-us-bf-032-expressiontree\src\Optimizers\BayesianOptimizer.cs(272,52): error CS1061: 'BayesianOptimizerOptions<T, TInput, TOutput>' does not contain a definition for 'KernelFunction' and no accessible extension method 'KernelFunction' accepting a first argument of type 'BayesianOptimizerOptions<T, TInput, TOutput>' could be found (are you missing a using directive or an assembly reference?) [C:\Users\cheat\source\repos\AiDotNet\.worktrees\fix-us-bf-032-expressiontree\src\AiDotNet.csproj::TargetFramework=net6.0]
C:\Users\cheat\source\repos\AiDotNet\.worktrees\fix-us-bf-032-expressiontree\src\Optimizers\BayesianOptimizer.cs(378,72): error CS1061: 'BayesianOptimizerOptions<T, TInput, TOutput>' does not contain a definition for 'KernelFunction' and no accessible extension method 'KernelFunction' accepting a first argument of type 'BayesianOptimizerOptions<T, TInput, TOutput>' could be found (are you missing a using directive or an assembly reference?) [C:\Users\cheat\source\repos\AiDotNet\.worktrees\fix-us-bf-032-expressiontree\src\AiDotNet.csproj::TargetFramework=net6.0]
C:\Users\cheat\source\repos\AiDotNet\.worktrees\fix-us-bf-032-expressiontree\src\Optimizers\NelderMeadOptimizer.cs(75,11): error CS7036: There is no argument given that corresponds to the required parameter 'options' of 'OptimizerBase<T, TInput, TOutput>.OptimizerBase(IFullModel<T, TInput, TOutput>, OptimizationAlgorithmOptions<T, TInput, TOutput>)' [C:\Users\cheat\source\repos\AiDotNet\.worktrees\fix-us-bf-032-expressiontree\src\AiDotNet.csproj::TargetFramework=net6.0]
C:\Users\cheat\source\repos\AiDotNet\.worktrees\fix-us-bf-032-expressiontree\src\Optimizers\LevenbergMarquardtOptimizer.cs(55,11): error CS7036: There is no argument given that corresponds to the required parameter 'options' of 'GradientBasedOptimizerBase<T, TInput, TOutput>.GradientBasedOptimizerBase(IFullModel<T, TInput, TOutput>, GradientBasedOptimizerOptions<T, TInput, TOutput>)' [C:\Users\cheat\source\repos\AiDotNet\.worktrees\fix-us-bf-032-expressiontree\src\AiDotNet.csproj::TargetFramework=net6.0]
C:\Users\cheat\source\repos\AiDotNet\.worktrees\fix-us-bf-032-expressiontree\src\Optimizers\LBFGSOptimizer.cs(66,11): error CS7036: There is no argument given that corresponds to the required parameter 'options' of 'GradientBasedOptimizerBase<T, TInput, TOutput>.GradientBasedOptimizerBase(IFullModel<T, TInput, TOutput>, GradientBasedOptimizerOptions<T, TInput, TOutput>)' [C:\Users\cheat\source\repos\AiDotNet\.worktrees\fix-us-bf-032-expressiontree\src\AiDotNet.csproj::TargetFramework=net6.0]
C:\Users\cheat\source\repos\AiDotNet\.worktrees\fix-us-bf-032-expressiontree\src\Optimizers\MiniBatchGradientDescentOptimizer.cs(49,11): error CS7036: There is no argument given that corresponds to the required parameter 'options' of 'GradientBasedOptimizerBase<T, TInput, TOutput>.GradientBasedOptimizerBase(IFullModel<T, TInput, TOutput>, GradientBasedOptimizerOptions<T, TInput, TOutput>)' [C:\Users\cheat\source\repos\AiDotNet\.worktrees\fix-us-bf-032-expressiontree\src\AiDotNet.csproj::TargetFramework=net6.0]
C:\Users\cheat\source\repos\AiDotNet\.worktrees\fix-us-bf-032-expressiontree\src\Regression\GeneticAlgorithmRegression.cs(119,77): error CS1503: Argument 1: cannot convert from 'AiDotNet.Models.Options.GeneticAlgorithmOptimizerOptions<T, AiDotNet.LinearAlgebra.Matrix<T>, AiDotNet.LinearAlgebra.Vector<T>>' to 'AiDotNet.Interfaces.IFullModel<T, AiDotNet.LinearAlgebra.Matrix<T>, AiDotNet.LinearAlgebra.Vector<T>>' [C:\Users\cheat\source\repos\AiDotNet\.worktrees\fix-us-bf-032-expressiontree\src\AiDotNet.csproj::TargetFramework=net6.0]
C:\Users\cheat\source\repos\AiDotNet\.worktrees\fix-us-bf-032-expressiontree\src\LinearAlgebra\ExpressionTree.cs(332,13): error CS8602: Dereference of a possibly null reference. [C:\Users\cheat\source\repos\AiDotNet\.worktrees\fix-us-bf-032-expressiontree\src\AiDotNet.csproj::TargetFramework=net6.0]
C:\Users\cheat\source\repos\AiDotNet\.worktrees\fix-us-bf-032-expressiontree\src\LinearAlgebra\ExpressionTree.cs(390,13): error CS8602: Dereference of a possibly null reference. [C:\Users\cheat\source\repos\AiDotNet\.worktrees\fix-us-bf-032-expressiontree\src\AiDotNet.csproj::TargetFramework=net6.0]
C:\Users\cheat\source\repos\AiDotNet\.worktrees\fix-us-bf-032-expressiontree\src\LinearAlgebra\ExpressionTree.cs(431,30): error CS8602: Dereference of a possibly null reference. [C:\Users\cheat\source\repos\AiDotNet\.worktrees\fix-us-bf-032-expressiontree\src\AiDotNet.csproj::TargetFramework=net6.0]
C:\Users\cheat\source\repos\AiDotNet\.worktrees\fix-us-bf-032-expressiontree\src\LinearAlgebra\ExpressionTree.cs(433,17): error CS8602: Dereference of a possibly null reference. [C:\Users\cheat\source\repos\AiDotNet\.worktrees\fix-us-bf-032-expressiontree\src\AiDotNet.csproj::TargetFramework=net6.0]
C:\Users\cheat\source\repos\AiDotNet\.worktrees\fix-us-bf-032-expressiontree\src\LinearAlgebra\ExpressionTree.cs(469,18): error CS8602: Dereference of a possibly null reference. [C:\Users\cheat\source\repos\AiDotNet\.worktrees\fix-us-bf-032-expressiontree\src\AiDotNet.csproj::TargetFramework=net6.0]
C:\Users\cheat\source\repos\AiDotNet\.worktrees\fix-us-bf-032-expressiontree\src\LinearAlgebra\ExpressionTree.cs(497,13): error CS8602: Dereference of a possibly null reference. [C:\Users\cheat\source\repos\AiDotNet\.worktrees\fix-us-bf-032-expressiontree\src\AiDotNet.csproj::TargetFramework=net6.0]
C:\Users\cheat\source\repos\AiDotNet\.worktrees\fix-us-bf-032-expressiontree\src\Regression\MultilayerPerceptronRegression.cs(147,48): error CS7036: There is no argument given that corresponds to the required parameter 'model' of 'AdamOptimizer<T, Matrix<T>, Vector<T>>.AdamOptimizer(IFullModel<T, Matrix<T>, Vector<T>>, AdamOptimizerOptions<T, Matrix<T>, Vector<T>>?)' [C:\Users\cheat\source\repos\AiDotNet\.worktrees\fix-us-bf-032-expressiontree\src\AiDotNet.csproj::TargetFramework=net6.0]
C:\Users\cheat\source\repos\AiDotNet\.worktrees\fix-us-bf-032-expressiontree\src\NeuralNetworks\DifferentiableNeuralComputer.cs(677,29): error CS7036: There is no argument given that corresponds to the required parameter 'model' of 'GradientDescentOptimizer<T, Tensor<T>, Tensor<T>>.GradientDescentOptimizer(IFullModel<T, Tensor<T>, Tensor<T>>, GradientDescentOptimizerOptions<T, Tensor<T>, Tensor<T>>?)' [C:\Users\cheat\source\repos\AiDotNet\.worktrees\fix-us-bf-032-expressiontree\src\AiDotNet.csproj::TargetFramework=net6.0]
C:\Users\cheat\source\repos\AiDotNet\.worktrees\fix-us-bf-032-expressiontree\src\Regression\GeneticAlgorithmRegression.cs(354,77): error CS1503: Argument 1: cannot convert from 'AiDotNet.Models.Options.GeneticAlgorithmOptimizerOptions<T, AiDotNet.LinearAlgebra.Matrix<T>, AiDotNet.LinearAlgebra.Vector<T>>' to 'AiDotNet.Interfaces.IFullModel<T, AiDotNet.LinearAlgebra.Matrix<T>, AiDotNet.LinearAlgebra.Vector<T>>' [C:\Users\cheat\source\repos\AiDotNet\.worktrees\fix-us-bf-032-expressiontree\src\AiDotNet.csproj::TargetFramework=net6.0]
C:\Users\cheat\source\repos\AiDotNet\.worktrees\fix-us-bf-032-expressiontree\src\Regression\NeuralNetworkRegression.cs(84,48): error CS7036: There is no argument given that corresponds to the required parameter 'model' of 'AdamOptimizer<T, Matrix<T>, Vector<T>>.AdamOptimizer(IFullModel<T, Matrix<T>, Vector<T>>, AdamOptimizerOptions<T, Matrix<T>, Vector<T>>?)' [C:\Users\cheat\source\repos\AiDotNet\.worktrees\fix-us-bf-032-expressiontree\src\AiDotNet.csproj::TargetFramework=net6.0]
C:\Users\cheat\source\repos\AiDotNet\.worktrees\fix-us-bf-032-expressiontree\src\NeuralNetworks\FeedForwardNeuralNetwork.cs(76,39): error CS7036: There is no argument given that corresponds to the required parameter 'model' of 'AdamOptimizer<T, Tensor<T>, Tensor<T>>.AdamOptimizer(IFullModel<T, Tensor<T>, Tensor<T>>, AdamOptimizerOptions<T, Tensor<T>, Tensor<T>>?)' [C:\Users\cheat\source\repos\AiDotNet\.worktrees\fix-us-bf-032-expressiontree\src\AiDotNet.csproj::TargetFramework=net6.0]
C:\Users\cheat\source\repos\AiDotNet\.worktrees\fix-us-bf-032-expressiontree\src\NeuralNetworks\GraphNeuralNetwork.cs(547,29): error CS7036: There is no argument given that corresponds to the required parameter 'model' of 'AdamOptimizer<T, Tensor<T>, Tensor<T>>.AdamOptimizer(IFullModel<T, Tensor<T>, Tensor<T>>, AdamOptimizerOptions<T, Tensor<T>, Tensor<T>>?)' [C:\Users\cheat\source\repos\AiDotNet\.worktrees\fix-us-bf-032-expressiontree\src\AiDotNet.csproj::TargetFramework=net6.0]
C:\Users\cheat\source\repos\AiDotNet\.worktrees\fix-us-bf-032-expressiontree\src\NeuralNetworks\GraphNeuralNetwork.cs(611,29): error CS7036: There is no argument given that corresponds to the required parameter 'model' of 'AdamOptimizer<T, Tensor<T>, Tensor<T>>.AdamOptimizer(IFullModel<T, Tensor<T>, Tensor<T>>, AdamOptimizerOptions<T, Tensor<T>, Tensor<T>>?)' [C:\Users\cheat\source\repos\AiDotNet\.worktrees\fix-us-bf-032-expressiontree\src\AiDotNet.csproj::TargetFramework=net6.0]
C:\Users\cheat\source\repos\AiDotNet\.worktrees\fix-us-bf-032-expressiontree\src\NeuralNetworks\LiquidStateMachine.cs(449,29): error CS7036: There is no argument given that corresponds to the required parameter 'model' of 'GradientDescentOptimizer<T, Tensor<T>, Tensor<T>>.GradientDescentOptimizer(IFullModel<T, Tensor<T>, Tensor<T>>, GradientDescentOptimizerOptions<T, Tensor<T>, Tensor<T>>?)' [C:\Users\cheat\source\repos\AiDotNet\.worktrees\fix-us-bf-032-expressiontree\src\AiDotNet.csproj::TargetFramework=net6.0]
C:\Users\cheat\source\repos\AiDotNet\.worktrees\fix-us-bf-032-expressiontree\src\Models\Options\MultilayerPerceptronRegressionOptions.cs(433,107): error CS1503: Argument 1: cannot convert from 'AiDotNet.Models.Options.AdamOptimizerOptions<T, TInput, TOutput>' to 'AiDotNet.Interfaces.IFullModel<T, TInput, TOutput>' [C:\Users\cheat\source\repos\AiDotNet\.worktrees\fix-us-bf-032-expressiontree\src\AiDotNet.csproj::TargetFramework=net6.0]
    20 Warning(s)
    306 Error(s)

Time Elapsed 00:00:07.71
