  Determining projects to restore...
C:\Program Files\dotnet\sdk\9.0.204\Sdks\Microsoft.NET.Sdk\targets\Microsoft.NET.EolTargetFrameworks.targets(32,5): warning NETSDK1138: The target framework 'net7.0' is out of support and will not receive security updates in the future. Please refer to https://aka.ms/dotnet-core-support for more information about the support policy. [C:\Users\yolan\source\repos\AiDotNet\AiDotNetBenchmarkTests\AiDotNetBenchmarkTests.csproj::TargetFramework=net7.0]
C:\Program Files\dotnet\sdk\9.0.204\Sdks\Microsoft.NET.Sdk\targets\Microsoft.NET.EolTargetFrameworks.targets(32,5): warning NETSDK1138: The target framework 'net7.0' is out of support and will not receive security updates in the future. Please refer to https://aka.ms/dotnet-core-support for more information about the support policy. [C:\Users\yolan\source\repos\AiDotNet\testconsole\AiDotNetTestConsole.csproj::TargetFramework=net7.0]
  All projects are up-to-date for restore.
C:\Program Files\dotnet\sdk\9.0.204\Sdks\Microsoft.NET.Sdk\targets\Microsoft.NET.EolTargetFrameworks.targets(32,5): warning NETSDK1138: The target framework 'net7.0' is out of support and will not receive security updates in the future. Please refer to https://aka.ms/dotnet-core-support for more information about the support policy. [C:\Users\yolan\source\repos\AiDotNet\AiDotNetBenchmarkTests\AiDotNetBenchmarkTests.csproj::TargetFramework=net7.0]
  AiDotNetBenchmarkTests -> C:\Users\yolan\source\repos\AiDotNet\AiDotNetBenchmarkTests\bin\Debug\net8.0\AiDotNetBenchmarkTests.dll
  AiDotNetBenchmarkTests -> C:\Users\yolan\source\repos\AiDotNet\AiDotNetBenchmarkTests\bin\Debug\net7.0\AiDotNetBenchmarkTests.dll
C:\Program Files\dotnet\sdk\9.0.204\Sdks\Microsoft.NET.Sdk\targets\Microsoft.NET.EolTargetFrameworks.targets(32,5): warning NETSDK1138: The target framework 'net7.0' is out of support and will not receive security updates in the future. Please refer to https://aka.ms/dotnet-core-support for more information about the support policy. [C:\Users\yolan\source\repos\AiDotNet\testconsole\AiDotNetTestConsole.csproj::TargetFramework=net7.0]
  AiDotNetBenchmarkTests -> C:\Users\yolan\source\repos\AiDotNet\AiDotNetBenchmarkTests\bin\Debug\net6.0\AiDotNetBenchmarkTests.dll
  AiDotNetBenchmarkTests -> C:\Users\yolan\source\repos\AiDotNet\AiDotNetBenchmarkTests\bin\Debug\net462\AiDotNetBenchmarkTests.exe
C:\Users\yolan\source\repos\AiDotNet\src\Deployment\CloudOptimizers\AzureOptimizer.cs(29,13): error CS0191: A readonly field cannot be assigned to (except in a constructor or init-only setter of the type in which the field is defined or a variable initializer) [C:\Users\yolan\source\repos\AiDotNet\src\AiDotNet.csproj::TargetFramework=net8.0]
C:\Users\yolan\source\repos\AiDotNet\src\Deployment\CloudOptimizers\AWSOptimizer.cs(29,13): error CS0191: A readonly field cannot be assigned to (except in a constructor or init-only setter of the type in which the field is defined or a variable initializer) [C:\Users\yolan\source\repos\AiDotNet\src\AiDotNet.csproj::TargetFramework=net8.0]
C:\Users\yolan\source\repos\AiDotNet\src\Deployment\Techniques\ModelQuantizer.cs(856,17): error CS8602: Dereference of a possibly null reference. [C:\Users\yolan\source\repos\AiDotNet\src\AiDotNet.csproj::TargetFramework=net8.0]
C:\Users\yolan\source\repos\AiDotNet\src\Examples\FederatedLearningExample.cs(360,40): error CS8603: Possible null reference return. [C:\Users\yolan\source\repos\AiDotNet\src\AiDotNet.csproj::TargetFramework=net8.0]
C:\Users\yolan\source\repos\AiDotNet\src\Examples\FederatedLearningExample.cs(365,24): error CS8603: Possible null reference return. [C:\Users\yolan\source\repos\AiDotNet\src\AiDotNet.csproj::TargetFramework=net8.0]
C:\Users\yolan\source\repos\AiDotNet\src\Examples\FederatedLearningExample.cs(368,22): error CS8600: Converting null literal or possible null value to non-nullable type. [C:\Users\yolan\source\repos\AiDotNet\src\AiDotNet.csproj::TargetFramework=net8.0]
C:\Users\yolan\source\repos\AiDotNet\src\Examples\FederatedLearningExample.cs(373,20): error CS8603: Possible null reference return. [C:\Users\yolan\source\repos\AiDotNet\src\AiDotNet.csproj::TargetFramework=net8.0]
C:\Users\yolan\source\repos\AiDotNet\src\Deployment\EdgeOptimizers\MobileOptimizer.cs(29,13): error CS0191: A readonly field cannot be assigned to (except in a constructor or init-only setter of the type in which the field is defined or a variable initializer) [C:\Users\yolan\source\repos\AiDotNet\src\AiDotNet.csproj::TargetFramework=net8.0]
C:\Users\yolan\source\repos\AiDotNet\src\Deployment\CloudOptimizers\GCPOptimizer.cs(29,13): error CS0191: A readonly field cannot be assigned to (except in a constructor or init-only setter of the type in which the field is defined or a variable initializer) [C:\Users\yolan\source\repos\AiDotNet\src\AiDotNet.csproj::TargetFramework=net8.0]
C:\Users\yolan\source\repos\AiDotNet\src\Deployment\Techniques\ModelQuantizer.cs(868,33): error CS8602: Dereference of a possibly null reference. [C:\Users\yolan\source\repos\AiDotNet\src\AiDotNet.csproj::TargetFramework=net8.0]
C:\Users\yolan\source\repos\AiDotNet\src\Deployment\Techniques\ModelQuantizer.cs(883,35): error CS8602: Dereference of a possibly null reference. [C:\Users\yolan\source\repos\AiDotNet\src\AiDotNet.csproj::TargetFramework=net8.0]
C:\Users\yolan\source\repos\AiDotNet\src\Deployment\Techniques\ModelQuantizer.cs(896,26): error CS8602: Dereference of a possibly null reference. [C:\Users\yolan\source\repos\AiDotNet\src\AiDotNet.csproj::TargetFramework=net8.0]
C:\Users\yolan\source\repos\AiDotNet\src\Deployment\Techniques\ModelQuantizer.cs(914,45): error CS1061: 'ILayer<double>' does not contain a definition for 'GetParameterCount' and no accessible extension method 'GetParameterCount' accepting a first argument of type 'ILayer<double>' could be found (are you missing a using directive or an assembly reference?) [C:\Users\yolan\source\repos\AiDotNet\src\AiDotNet.csproj::TargetFramework=net8.0]
C:\Users\yolan\source\repos\AiDotNet\src\Deployment\Techniques\ModelQuantizer.cs(912,35): error CS8602: Dereference of a possibly null reference. [C:\Users\yolan\source\repos\AiDotNet\src\AiDotNet.csproj::TargetFramework=net8.0]
C:\Users\yolan\source\repos\AiDotNet\src\Deployment\EdgeOptimizers\IoTOptimizer.cs(29,13): error CS0191: A readonly field cannot be assigned to (except in a constructor or init-only setter of the type in which the field is defined or a variable initializer) [C:\Users\yolan\source\repos\AiDotNet\src\AiDotNet.csproj::TargetFramework=net8.0]
C:\Users\yolan\source\repos\AiDotNet\src\Deployment\Techniques\ModelQuantizer.cs(968,36): error CS8602: Dereference of a possibly null reference. [C:\Users\yolan\source\repos\AiDotNet\src\AiDotNet.csproj::TargetFramework=net8.0]
C:\Users\yolan\source\repos\AiDotNet\src\Deployment\Techniques\ModelQuantizer.cs(977,26): error CS8602: Dereference of a possibly null reference. [C:\Users\yolan\source\repos\AiDotNet\src\AiDotNet.csproj::TargetFramework=net8.0]
C:\Users\yolan\source\repos\AiDotNet\src\Compression\Hardware\InferenceOptimizer.cs(87,51): error CS0117: 'Vector<double>' does not contain a definition for 'IsHardwareAccelerated' [C:\Users\yolan\source\repos\AiDotNet\src\AiDotNet.csproj::TargetFramework=net8.0]
C:\Users\yolan\source\repos\AiDotNet\src\Deployment\ModelOptimizer.cs(120,35): error CS8604: Possible null reference argument for parameter 'source' in 'int Enumerable.Sum<ILayer<double>>(IEnumerable<ILayer<double>> source, Func<ILayer<double>, int> selector)'. [C:\Users\yolan\source\repos\AiDotNet\src\AiDotNet.csproj::TargetFramework=net8.0]
C:\Users\yolan\source\repos\AiDotNet\src\Deployment\Techniques\ModelQuantizer.cs(989,33): error CS8602: Dereference of a possibly null reference. [C:\Users\yolan\source\repos\AiDotNet\src\AiDotNet.csproj::TargetFramework=net8.0]
C:\Users\yolan\source\repos\AiDotNet\src\Deployment\EdgeOptimizers\IoTOptimizer.cs(128,85): error CS8604: Possible null reference argument for parameter 'powerMode' in 'Task<IModel<TInput, TOutput, TMetadata>> IoTOptimizer<TInput, TOutput, TMetadata>.OptimizeForPowerConsumptionAsync(IModel<TInput, TOutput, TMetadata> model, string powerMode)'. [C:\Users\yolan\source\repos\AiDotNet\src\AiDotNet.csproj::TargetFramework=net8.0]
C:\Users\yolan\source\repos\AiDotNet\src\Deployment\ModelOptimizer.cs(137,29): error CS8604: Possible null reference argument for parameter 'source' in 'int Enumerable.Sum<ILayer<double>>(IEnumerable<ILayer<double>> source, Func<ILayer<double>, int> selector)'. [C:\Users\yolan\source\repos\AiDotNet\src\AiDotNet.csproj::TargetFramework=net8.0]
C:\Users\yolan\source\repos\AiDotNet\src\AutoML\GridSearchAutoML.cs(225,20): error CS0029: Cannot implicitly convert type 'void' to 'AiDotNet.Interfaces.IFullModel<T, TInput, TOutput>' [C:\Users\yolan\source\repos\AiDotNet\src\AiDotNet.csproj::TargetFramework=net8.0]
C:\Users\yolan\source\repos\AiDotNet\src\Compression\Hardware\InferenceOptimizer.cs(359,63): error CS0117: 'Vector<double>' does not contain a definition for 'IsHardwareAccelerated' [C:\Users\yolan\source\repos\AiDotNet\src\AiDotNet.csproj::TargetFramework=net8.0]
C:\Users\yolan\source\repos\AiDotNet\src\Deployment\EdgeOptimizers\MobileOptimizer.cs(199,42): error CS8601: Possible null reference assignment. [C:\Users\yolan\source\repos\AiDotNet\src\AiDotNet.csproj::TargetFramework=net8.0]
C:\Users\yolan\source\repos\AiDotNet\src\Deployment\EdgeOptimizers\MobileOptimizer.cs(230,61): error CS8604: Possible null reference argument for parameter 'platform' in 'string MobileOptimizer<TInput, TOutput, TMetadata>.GenerateIntegrationGuide(string platform)'. [C:\Users\yolan\source\repos\AiDotNet\src\AiDotNet.csproj::TargetFramework=net8.0]
C:\Users\yolan\source\repos\AiDotNet\src\DecompositionMethods\TimeSeriesDecomposition\HodrickPrescottDecomposition.cs(68,47): error CS0426: The type name 'Matrix<>' does not exist in the type 'HodrickPrescottAlgorithmType' [C:\Users\yolan\source\repos\AiDotNet\src\AiDotNet.csproj::TargetFramework=net8.0]
C:\Users\yolan\source\repos\AiDotNet\src\Deployment\Techniques\ModelQuantizer.cs(425,63): error CS1503: Argument 1: cannot convert from 'AiDotNet.Interfaces.ILayer<double>' to 'AiDotNet.Interfaces.ILayer' [C:\Users\yolan\source\repos\AiDotNet\src\AiDotNet.csproj::TargetFramework=net8.0]
C:\Users\yolan\source\repos\AiDotNet\src\Deployment\Techniques\ModelQuantizer.cs(430,45): error CS0121: The call is ambiguous between the following methods or properties: 'NeuralNetworkArchitecture<T>.NeuralNetworkArchitecture(NetworkComplexity, NeuralNetworkTaskType?, bool, List<ILayer<T>>?, bool, bool, string?)' and 'NeuralNetworkArchitecture<T>.NeuralNetworkArchitecture(NetworkComplexity)' [C:\Users\yolan\source\repos\AiDotNet\src\AiDotNet.csproj::TargetFramework=net8.0]
C:\Users\yolan\source\repos\AiDotNet\src\Deployment\Techniques\ModelQuantizer.cs(432,17): error CS0200: Property or indexer 'NeuralNetworkArchitecture<double>.Layers' cannot be assigned to -- it is read only [C:\Users\yolan\source\repos\AiDotNet\src\AiDotNet.csproj::TargetFramework=net8.0]
C:\Users\yolan\source\repos\AiDotNet\src\Deployment\Techniques\ModelQuantizer.cs(433,17): error CS0117: 'NeuralNetworkArchitecture<double>' does not contain a definition for 'LossFunction' [C:\Users\yolan\source\repos\AiDotNet\src\AiDotNet.csproj::TargetFramework=net8.0]
C:\Users\yolan\source\repos\AiDotNet\src\Deployment\Techniques\ModelQuantizer.cs(433,45): error CS1061: 'NeuralNetworkArchitecture<double>' does not contain a definition for 'LossFunction' and no accessible extension method 'LossFunction' accepting a first argument of type 'NeuralNetworkArchitecture<double>' could be found (are you missing a using directive or an assembly reference?) [C:\Users\yolan\source\repos\AiDotNet\src\AiDotNet.csproj::TargetFramework=net8.0]
C:\Users\yolan\source\repos\AiDotNet\src\Deployment\Techniques\ModelQuantizer.cs(434,17): error CS0117: 'NeuralNetworkArchitecture<double>' does not contain a definition for 'Optimizer' [C:\Users\yolan\source\repos\AiDotNet\src\AiDotNet.csproj::TargetFramework=net8.0]
C:\Users\yolan\source\repos\AiDotNet\src\Deployment\Techniques\ModelQuantizer.cs(434,42): error CS1061: 'NeuralNetworkArchitecture<double>' does not contain a definition for 'Optimizer' and no accessible extension method 'Optimizer' accepting a first argument of type 'NeuralNetworkArchitecture<double>' could be found (are you missing a using directive or an assembly reference?) [C:\Users\yolan\source\repos\AiDotNet\src\AiDotNet.csproj::TargetFramework=net8.0]
C:\Users\yolan\source\repos\AiDotNet\src\Deployment\Techniques\ModelQuantizer.cs(437,20): error CS0266: Cannot implicitly convert type 'AiDotNet.Interfaces.INeuralNetworkModel<double>' to 'AiDotNet.Interfaces.IFullModel<T, TInput, TOutput>'. An explicit conversion exists (are you missing a cast?) [C:\Users\yolan\source\repos\AiDotNet\src\AiDotNet.csproj::TargetFramework=net8.0]
C:\Users\yolan\source\repos\AiDotNet\src\Deployment\Techniques\ModelQuantizer.cs(423,35): error CS8602: Dereference of a possibly null reference. [C:\Users\yolan\source\repos\AiDotNet\src\AiDotNet.csproj::TargetFramework=net8.0]
C:\Users\yolan\source\repos\AiDotNet\src\Deployment\EdgeOptimizers\IoTOptimizer.cs(284,43): error CS8604: Possible null reference argument for parameter 'key' in 'IoTDeviceProfile Dictionary<string, IoTDeviceProfile>.this[string key]'. [C:\Users\yolan\source\repos\AiDotNet\src\AiDotNet.csproj::TargetFramework=net8.0]
C:\Users\yolan\source\repos\AiDotNet\src\AutoML\RandomSearchAutoML.cs(260,20): error CS0029: Cannot implicitly convert type 'void' to 'AiDotNet.Interfaces.IFullModel<T, TInput, TOutput>' [C:\Users\yolan\source\repos\AiDotNet\src\AiDotNet.csproj::TargetFramework=net8.0]
C:\Users\yolan\source\repos\AiDotNet\src\AutoML\NeuralArchitectureSearch.cs(319,84): error CS1739: The best overload for 'AdamOptimizer' does not have a parameter named 'learningRate' [C:\Users\yolan\source\repos\AiDotNet\src\AiDotNet.csproj::TargetFramework=net8.0]
C:\Users\yolan\source\repos\AiDotNet\src\AutoML\NeuralArchitectureSearch.cs(320,79): error CS1739: The best overload for 'AdamOptimizer' does not have a parameter named 'learningRate' [C:\Users\yolan\source\repos\AiDotNet\src\AiDotNet.csproj::TargetFramework=net8.0]
C:\Users\yolan\source\repos\AiDotNet\src\AutoML\NeuralArchitectureSearch.cs(327,39): error CS1501: No overload for method 'Step' takes 2 arguments [C:\Users\yolan\source\repos\AiDotNet\src\AiDotNet.csproj::TargetFramework=net8.0]
C:\Users\yolan\source\repos\AiDotNet\src\AutoML\NeuralArchitectureSearch.cs(332,34): error CS1501: No overload for method 'Step' takes 2 arguments [C:\Users\yolan\source\repos\AiDotNet\src\AiDotNet.csproj::TargetFramework=net8.0]
C:\Users\yolan\source\repos\AiDotNet\src\Deployment\CloudOptimizers\GCPOptimizer.cs(525,38): error CS0826: No best type found for implicitly-typed array [C:\Users\yolan\source\repos\AiDotNet\src\AiDotNet.csproj::TargetFramework=net8.0]
C:\Users\yolan\source\repos\AiDotNet\src\AutoML\NeuralArchitectureSearch.cs(380,31): error CS1061: 'BayesianOptimizationAutoML<T, Tensor<T>, Tensor<T>>' does not contain a definition for 'Search' and no accessible extension method 'Search' accepting a first argument of type 'BayesianOptimizationAutoML<T, Tensor<T>, Tensor<T>>' could be found (are you missing a using directive or an assembly reference?) [C:\Users\yolan\source\repos\AiDotNet\src\AiDotNet.csproj::TargetFramework=net8.0]
C:\Users\yolan\source\repos\AiDotNet\src\AutoML\NeuralArchitectureSearch.cs(383,45): error CS1061: 'BayesianOptimizationAutoML<T, Tensor<T>, Tensor<T>>' does not contain a definition for 'GetResults' and no accessible extension method 'GetResults' accepting a first argument of type 'BayesianOptimizationAutoML<T, Tensor<T>, Tensor<T>>' could be found (are you missing a using directive or an assembly reference?) [C:\Users\yolan\source\repos\AiDotNet\src\AiDotNet.csproj::TargetFramework=net8.0]
C:\Users\yolan\source\repos\AiDotNet\src\AutoML\NeuralArchitectureSearch.cs(403,76): error CS1739: The best overload for 'AdamOptimizer' does not have a parameter named 'learningRate' [C:\Users\yolan\source\repos\AiDotNet\src\AiDotNet.csproj::TargetFramework=net8.0]
C:\Users\yolan\source\repos\AiDotNet\src\AutoML\NeuralArchitectureSearch.cs(408,81): error CS1503: Argument 4: cannot convert from 'AiDotNet.Optimizers.AdamOptimizer<T, AiDotNet.LinearAlgebra.Tensor<T>, AiDotNet.LinearAlgebra.Tensor<T>>' to 'AiDotNet.Interfaces.IOptimizer<double, AiDotNet.LinearAlgebra.Tensor<double>, AiDotNet.LinearAlgebra.Tensor<double>>' [C:\Users\yolan\source\repos\AiDotNet\src\AiDotNet.csproj::TargetFramework=net8.0]
C:\Users\yolan\source\repos\AiDotNet\src\Deployment\Techniques\ModelQuantizer.cs(56,47): error CS8600: Converting null literal or possible null value to non-nullable type. [C:\Users\yolan\source\repos\AiDotNet\src\AiDotNet.csproj::TargetFramework=net8.0]
C:\Users\yolan\source\repos\AiDotNet\src\Deployment\Techniques\ModelQuantizer.cs(63,80): error CS8604: Possible null reference argument for parameter 'calibrationData' in 'Task<IFullModel<T, TInput, TOutput>> IQuantizationStrategy<T, TInput, TOutput>.QuantizeAsync(IFullModel<T, TInput, TOutput> model, QuantizationConfig config, CalibrationData calibrationData)'. [C:\Users\yolan\source\repos\AiDotNet\src\AiDotNet.csproj::TargetFramework=net8.0]
C:\Users\yolan\source\repos\AiDotNet\src\AutoML\NeuralArchitectureSearch.cs(439,31): error CS7036: There is no argument given that corresponds to the required parameter 'architecture' of 'NeuralNetwork<T>.NeuralNetwork(NeuralNetworkArchitecture<T>, ILossFunction<T>?)' [C:\Users\yolan\source\repos\AiDotNet\src\AiDotNet.csproj::TargetFramework=net8.0]
C:\Users\yolan\source\repos\AiDotNet\src\AutoML\NeuralArchitectureSearch.cs(466,20): error CS0266: Cannot implicitly convert type 'AiDotNet.NeuralNetworks.NeuralNetwork<T>' to 'AiDotNet.Interfaces.INeuralNetworkModel<double>'. An explicit conversion exists (are you missing a cast?) [C:\Users\yolan\source\repos\AiDotNet\src\AiDotNet.csproj::TargetFramework=net8.0]
C:\Users\yolan\source\repos\AiDotNet\src\Deployment\EdgeOptimizers\IoTOptimizer.cs(1125,39): error CS8625: Cannot convert null literal to non-nullable reference type. [C:\Users\yolan\source\repos\AiDotNet\src\AiDotNet.csproj::TargetFramework=net8.0]
C:\Users\yolan\source\repos\AiDotNet\src\AutoML\AutoMLModelBase.cs(511,67): error CS8978: 'T' cannot be made nullable. [C:\Users\yolan\source\repos\AiDotNet\src\AiDotNet.csproj::TargetFramework=net8.0]
C:\Users\yolan\source\repos\AiDotNet\src\AutoML\AutoMLModelBase.cs(512,75): error CS8978: 'T' cannot be made nullable. [C:\Users\yolan\source\repos\AiDotNet\src\AiDotNet.csproj::TargetFramework=net8.0]
C:\Users\yolan\source\repos\AiDotNet\src\AutoML\AutoMLModelBase.cs(513,79): error CS8978: 'T' cannot be made nullable. [C:\Users\yolan\source\repos\AiDotNet\src\AiDotNet.csproj::TargetFramework=net8.0]
C:\Users\yolan\source\repos\AiDotNet\src\AutoML\AutoMLModelBase.cs(514,76): error CS8978: 'T' cannot be made nullable. [C:\Users\yolan\source\repos\AiDotNet\src\AiDotNet.csproj::TargetFramework=net8.0]
C:\Users\yolan\source\repos\AiDotNet\src\AutoML\AutoMLModelBase.cs(515,72): error CS8978: 'T' cannot be made nullable. [C:\Users\yolan\source\repos\AiDotNet\src\AiDotNet.csproj::TargetFramework=net8.0]
C:\Users\yolan\source\repos\AiDotNet\src\AutoML\AutoMLModelBase.cs(516,66): error CS8978: 'T' cannot be made nullable. [C:\Users\yolan\source\repos\AiDotNet\src\AiDotNet.csproj::TargetFramework=net8.0]
C:\Users\yolan\source\repos\AiDotNet\src\AutoML\AutoMLModelBase.cs(517,68): error CS8978: 'T' cannot be made nullable. [C:\Users\yolan\source\repos\AiDotNet\src\AiDotNet.csproj::TargetFramework=net8.0]
C:\Users\yolan\source\repos\AiDotNet\src\AutoML\AutoMLModelBase.cs(518,65): error CS8978: 'T' cannot be made nullable. [C:\Users\yolan\source\repos\AiDotNet\src\AiDotNet.csproj::TargetFramework=net8.0]
C:\Users\yolan\source\repos\AiDotNet\src\AutoML\AutoMLModelBase.cs(519,62): error CS8978: 'T' cannot be made nullable. [C:\Users\yolan\source\repos\AiDotNet\src\AiDotNet.csproj::TargetFramework=net8.0]
C:\Users\yolan\source\repos\AiDotNet\src\Deployment\Techniques\ModelQuantizer.cs(125,73): error CS1503: Argument 1: cannot convert from 'AiDotNet.Interfaces.ILayer<double>' to 'AiDotNet.Interfaces.ILayer' [C:\Users\yolan\source\repos\AiDotNet\src\AiDotNet.csproj::TargetFramework=net8.0]
C:\Users\yolan\source\repos\AiDotNet\src\Deployment\Techniques\ModelQuantizer.cs(130,45): error CS0121: The call is ambiguous between the following methods or properties: 'NeuralNetworkArchitecture<T>.NeuralNetworkArchitecture(NetworkComplexity, NeuralNetworkTaskType?, bool, List<ILayer<T>>?, bool, bool, string?)' and 'NeuralNetworkArchitecture<T>.NeuralNetworkArchitecture(NetworkComplexity)' [C:\Users\yolan\source\repos\AiDotNet\src\AiDotNet.csproj::TargetFramework=net8.0]
C:\Users\yolan\source\repos\AiDotNet\src\Deployment\Techniques\ModelQuantizer.cs(132,17): error CS0200: Property or indexer 'NeuralNetworkArchitecture<double>.Layers' cannot be assigned to -- it is read only [C:\Users\yolan\source\repos\AiDotNet\src\AiDotNet.csproj::TargetFramework=net8.0]
C:\Users\yolan\source\repos\AiDotNet\src\Deployment\Techniques\ModelQuantizer.cs(133,17): error CS0117: 'NeuralNetworkArchitecture<double>' does not contain a definition for 'LossFunction' [C:\Users\yolan\source\repos\AiDotNet\src\AiDotNet.csproj::TargetFramework=net8.0]
C:\Users\yolan\source\repos\AiDotNet\src\Deployment\Techniques\ModelQuantizer.cs(133,45): error CS1061: 'NeuralNetworkArchitecture<double>' does not contain a definition for 'LossFunction' and no accessible extension method 'LossFunction' accepting a first argument of type 'NeuralNetworkArchitecture<double>' could be found (are you missing a using directive or an assembly reference?) [C:\Users\yolan\source\repos\AiDotNet\src\AiDotNet.csproj::TargetFramework=net8.0]
C:\Users\yolan\source\repos\AiDotNet\src\Deployment\Techniques\ModelQuantizer.cs(134,17): error CS0117: 'NeuralNetworkArchitecture<double>' does not contain a definition for 'Optimizer' [C:\Users\yolan\source\repos\AiDotNet\src\AiDotNet.csproj::TargetFramework=net8.0]
C:\Users\yolan\source\repos\AiDotNet\src\Deployment\Techniques\ModelQuantizer.cs(134,42): error CS1061: 'NeuralNetworkArchitecture<double>' does not contain a definition for 'Optimizer' and no accessible extension method 'Optimizer' accepting a first argument of type 'NeuralNetworkArchitecture<double>' could be found (are you missing a using directive or an assembly reference?) [C:\Users\yolan\source\repos\AiDotNet\src\AiDotNet.csproj::TargetFramework=net8.0]
C:\Users\yolan\source\repos\AiDotNet\src\Deployment\Techniques\ModelQuantizer.cs(138,20): error CS0308: The non-generic method 'ModelQuantizer<T, TInput, TOutput>.CreateQuantizedModel(IFullModel<T, TInput, TOutput>, NeuralNetworkArchitecture<double>)' cannot be used with type arguments [C:\Users\yolan\source\repos\AiDotNet\src\AiDotNet.csproj::TargetFramework=net8.0]
C:\Users\yolan\source\repos\AiDotNet\src\Deployment\Techniques\ModelQuantizer.cs(117,35): error CS8602: Dereference of a possibly null reference. [C:\Users\yolan\source\repos\AiDotNet\src\AiDotNet.csproj::TargetFramework=net8.0]
C:\Users\yolan\source\repos\AiDotNet\src\Deployment\EdgeOptimizers\IoTOptimizer.cs(1335,43): error CS8604: Possible null reference argument for parameter 'key' in 'IoTDeviceProfile Dictionary<string, IoTDeviceProfile>.this[string key]'. [C:\Users\yolan\source\repos\AiDotNet\src\AiDotNet.csproj::TargetFramework=net8.0]
C:\Users\yolan\source\repos\AiDotNet\src\Deployment\EdgeOptimizers\IoTOptimizer.cs(1359,43): error CS8604: Possible null reference argument for parameter 'key' in 'IoTDeviceProfile Dictionary<string, IoTDeviceProfile>.this[string key]'. [C:\Users\yolan\source\repos\AiDotNet\src\AiDotNet.csproj::TargetFramework=net8.0]
C:\Users\yolan\source\repos\AiDotNet\src\Deployment\Techniques\ModelQuantizer.cs(210,68): error CS1503: Argument 1: cannot convert from 'int' to 'string' [C:\Users\yolan\source\repos\AiDotNet\src\AiDotNet.csproj::TargetFramework=net8.0]
C:\Users\yolan\source\repos\AiDotNet\src\Deployment\Techniques\ModelQuantizer.cs(212,55): error CS1503: Argument 1: cannot convert from 'int' to 'string' [C:\Users\yolan\source\repos\AiDotNet\src\AiDotNet.csproj::TargetFramework=net8.0]
C:\Users\yolan\source\repos\AiDotNet\src\Deployment\Techniques\ModelQuantizer.cs(213,55): error CS1503: Argument 1: cannot convert from 'int' to 'string' [C:\Users\yolan\source\repos\AiDotNet\src\AiDotNet.csproj::TargetFramework=net8.0]
C:\Users\yolan\source\repos\AiDotNet\src\Deployment\Techniques\ModelQuantizer.cs(217,55): error CS1503: Argument 1: cannot convert from 'int' to 'string' [C:\Users\yolan\source\repos\AiDotNet\src\AiDotNet.csproj::TargetFramework=net8.0]
C:\Users\yolan\source\repos\AiDotNet\src\Deployment\Techniques\ModelQuantizer.cs(217,103): error CS1503: Argument 1: cannot convert from 'int' to 'string' [C:\Users\yolan\source\repos\AiDotNet\src\AiDotNet.csproj::TargetFramework=net8.0]
C:\Users\yolan\source\repos\AiDotNet\src\Deployment\Techniques\ModelQuantizer.cs(218,55): error CS1503: Argument 1: cannot convert from 'int' to 'string' [C:\Users\yolan\source\repos\AiDotNet\src\AiDotNet.csproj::TargetFramework=net8.0]
C:\Users\yolan\source\repos\AiDotNet\src\Deployment\Techniques\ModelQuantizer.cs(218,103): error CS1503: Argument 1: cannot convert from 'int' to 'string' [C:\Users\yolan\source\repos\AiDotNet\src\AiDotNet.csproj::TargetFramework=net8.0]
C:\Users\yolan\source\repos\AiDotNet\src\Deployment\Techniques\ModelQuantizer.cs(222,69): error CS1503: Argument 1: cannot convert from 'int' to 'string' [C:\Users\yolan\source\repos\AiDotNet\src\AiDotNet.csproj::TargetFramework=net8.0]
C:\Users\yolan\source\repos\AiDotNet\src\Deployment\Techniques\ModelQuantizer.cs(224,56): error CS1503: Argument 1: cannot convert from 'int' to 'string' [C:\Users\yolan\source\repos\AiDotNet\src\AiDotNet.csproj::TargetFramework=net8.0]
C:\Users\yolan\source\repos\AiDotNet\src\Deployment\Techniques\ModelQuantizer.cs(228,72): error CS1503: Argument 1: cannot convert from 'int' to 'string' [C:\Users\yolan\source\repos\AiDotNet\src\AiDotNet.csproj::TargetFramework=net8.0]
C:\Users\yolan\source\repos\AiDotNet\src\Statistics\ErrorStats.cs(851,36): error CS0121: The call is ambiguous between the following methods or properties: 'System.Linq.LinqExtensions.ToDictionary<TSource, TKey, TValue>(System.Collections.Generic.IEnumerable<TSource>, System.Func<TSource, TKey>, System.Func<TSource, TValue>)' and 'System.Linq.Enumerable.ToDictionary<TSource, TKey, TElement>(System.Collections.Generic.IEnumerable<TSource>, System.Func<TSource, TKey>, System.Func<TSource, TElement>)' [C:\Users\yolan\source\repos\AiDotNet\src\AiDotNet.csproj::TargetFramework=net8.0]
C:\Users\yolan\source\repos\AiDotNet\src\AutoML\NeuralArchitectureSearch.cs(645,20): error CS8603: Possible null reference return. [C:\Users\yolan\source\repos\AiDotNet\src\AiDotNet.csproj::TargetFramework=net8.0]
C:\Users\yolan\source\repos\AiDotNet\src\Deployment\Techniques\ModelQuantizer.cs(283,35): error CS8604: Possible null reference argument for parameter 'source' in 'int Enumerable.Sum<ILayer<double>>(IEnumerable<ILayer<double>> source, Func<ILayer<double>, int> selector)'. [C:\Users\yolan\source\repos\AiDotNet\src\AiDotNet.csproj::TargetFramework=net8.0]
C:\Users\yolan\source\repos\AiDotNet\src\Deployment\Techniques\ModelPruner.cs(125,61): error CS1503: Argument 1: cannot convert from 'AiDotNet.Interfaces.ILayer<T>' to 'AiDotNet.Interfaces.ILayer' [C:\Users\yolan\source\repos\AiDotNet\src\AiDotNet.csproj::TargetFramework=net8.0]
C:\Users\yolan\source\repos\AiDotNet\src\Deployment\Techniques\ModelPruner.cs(123,39): error CS8602: Dereference of a possibly null reference. [C:\Users\yolan\source\repos\AiDotNet\src\AiDotNet.csproj::TargetFramework=net8.0]
C:\Users\yolan\source\repos\AiDotNet\src\Deployment\Techniques\ModelPruner.cs(153,35): error CS8602: Dereference of a possibly null reference. [C:\Users\yolan\source\repos\AiDotNet\src\AiDotNet.csproj::TargetFramework=net8.0]
C:\Users\yolan\source\repos\AiDotNet\src\MultimodalAI\MultimodalModelBase.cs(134,24): error CS7036: There is no argument given that corresponds to the required parameter 'inputs' of 'ModelStats<double, Matrix<double>, Vector<double>>.ModelStats(ModelStatsInputs<double, Matrix<double>, Vector<double>>, ModelType, ModelStatsOptions?)' [C:\Users\yolan\source\repos\AiDotNet\src\AiDotNet.csproj::TargetFramework=net8.0]
C:\Users\yolan\source\repos\AiDotNet\src\MultimodalAI\MultimodalModelBase.cs(136,17): error CS0117: 'ModelStats<double, Matrix<double>, Vector<double>>' does not contain a definition for 'Name' [C:\Users\yolan\source\repos\AiDotNet\src\AiDotNet.csproj::TargetFramework=net8.0]
C:\Users\yolan\source\repos\AiDotNet\src\MultimodalAI\MultimodalModelBase.cs(137,17): error CS0117: 'ModelStats<double, Matrix<double>, Vector<double>>' does not contain a definition for 'Type' [C:\Users\yolan\source\repos\AiDotNet\src\AiDotNet.csproj::TargetFramework=net8.0]
C:\Users\yolan\source\repos\AiDotNet\src\MultimodalAI\MultimodalModelBase.cs(138,17): error CS0117: 'ModelStats<double, Matrix<double>, Vector<double>>' does not contain a definition for 'Timestamp' [C:\Users\yolan\source\repos\AiDotNet\src\AiDotNet.csproj::TargetFramework=net8.0]
C:\Users\yolan\source\repos\AiDotNet\src\Deployment\Techniques\ModelPruner.cs(175,33): error CS0266: Cannot implicitly convert type 'AiDotNet.Interfaces.IFullModel<T, TInput, TOutput>' to 'AiDotNet.Interfaces.IFullModel<double, AiDotNet.LinearAlgebra.Matrix<double>, AiDotNet.LinearAlgebra.Vector<double>>'. An explicit conversion exists (are you missing a cast?) [C:\Users\yolan\source\repos\AiDotNet\src\AiDotNet.csproj::TargetFramework=net8.0]
C:\Users\yolan\source\repos\AiDotNet\src\Deployment\Techniques\ModelPruner.cs(187,73): error CS1503: Argument 1: cannot convert from 'AiDotNet.Interfaces.ILayer<T>' to 'AiDotNet.Interfaces.ILayer' [C:\Users\yolan\source\repos\AiDotNet\src\AiDotNet.csproj::TargetFramework=net8.0]
C:\Users\yolan\source\repos\AiDotNet\src\Deployment\Techniques\ModelPruner.cs(199,20): error CS0029: Cannot implicitly convert type 'AiDotNet.Deployment.Techniques.SparseModel<double, AiDotNet.LinearAlgebra.Matrix<double>, AiDotNet.LinearAlgebra.Vector<double>>' to 'AiDotNet.Deployment.Techniques.SparseModel<T, TInput, TOutput>' [C:\Users\yolan\source\repos\AiDotNet\src\AiDotNet.csproj::TargetFramework=net8.0]
C:\Users\yolan\source\repos\AiDotNet\src\Deployment\Techniques\ModelPruner.cs(184,39): error CS8602: Dereference of a possibly null reference. [C:\Users\yolan\source\repos\AiDotNet\src\AiDotNet.csproj::TargetFramework=net8.0]
C:\Users\yolan\source\repos\AiDotNet\src\AutoML\BayesianOptimizationAutoML.cs(582,20): error CS0029: Cannot implicitly convert type 'void' to 'AiDotNet.Interfaces.IFullModel<T, TInput, TOutput>' [C:\Users\yolan\source\repos\AiDotNet\src\AiDotNet.csproj::TargetFramework=net8.0]
C:\Users\yolan\source\repos\AiDotNet\src\ProductionMonitoring\RetrainingRecommender.cs(175,58): error CS1998: This async method lacks 'await' operators and will run synchronously. Consider using the 'await' operator to await non-blocking API calls, or 'await Task.Run(...)' to do CPU-bound work on a background thread. [C:\Users\yolan\source\repos\AiDotNet\src\AiDotNet.csproj::TargetFramework=net8.0]
C:\Users\yolan\source\repos\AiDotNet\src\ProductionMonitoring\RetrainingRecommender.cs(187,58): error CS1998: This async method lacks 'await' operators and will run synchronously. Consider using the 'await' operator to await non-blocking API calls, or 'await Task.Run(...)' to do CPU-bound work on a background thread. [C:\Users\yolan\source\repos\AiDotNet\src\AiDotNet.csproj::TargetFramework=net8.0]
C:\Users\yolan\source\repos\AiDotNet\src\Pipeline\Steps\ParallelProcessingStep.cs(339,60): error CS0117: 'StatisticsHelper<double>' does not contain a definition for 'Variance' [C:\Users\yolan\source\repos\AiDotNet\src\AiDotNet.csproj::TargetFramework=net8.0]
C:\Users\yolan\source\repos\AiDotNet\src\Deployment\Techniques\ModelPruner.cs(250,24): error CS8604: Possible null reference argument for parameter 'source' in 'long Enumerable.Sum<ILayer<T>>(IEnumerable<ILayer<T>> source, Func<ILayer<T>, long> selector)'. [C:\Users\yolan\source\repos\AiDotNet\src\AiDotNet.csproj::TargetFramework=net8.0]
C:\Users\yolan\source\repos\AiDotNet\src\MultimodalAI\MultimodalData.cs(111,20): error CS8603: Possible null reference return. [C:\Users\yolan\source\repos\AiDotNet\src\AiDotNet.csproj::TargetFramework=net8.0]
C:\Users\yolan\source\repos\AiDotNet\src\PredictionModelBuilder.cs(776,13): error CS8604: Possible null reference argument for parameter 'args' in 'void ILogging.Debug(string message, params object[] args)'. [C:\Users\yolan\source\repos\AiDotNet\src\AiDotNet.csproj::TargetFramework=net8.0]
C:\Users\yolan\source\repos\AiDotNet\src\PredictionModelBuilder.cs(776,38): error CS8604: Possible null reference argument for parameter 'args' in 'void ILogging.Debug(string message, params object[] args)'. [C:\Users\yolan\source\repos\AiDotNet\src\AiDotNet.csproj::TargetFramework=net8.0]
C:\Users\yolan\source\repos\AiDotNet\src\PredictionModelBuilder.cs(859,13): error CS8604: Possible null reference argument for parameter 'args' in 'void ILogging.Debug(string message, params object[] args)'. [C:\Users\yolan\source\repos\AiDotNet\src\AiDotNet.csproj::TargetFramework=net8.0]
C:\Users\yolan\source\repos\AiDotNet\src\NeuralNetworks\VisionTransformer.cs(731,49): error CS1061: 'LayerType' does not contain a definition for 'Attention' and no accessible extension method 'Attention' accepting a first argument of type 'LayerType' could be found (are you missing a using directive or an assembly reference?) [C:\Users\yolan\source\repos\AiDotNet\src\AiDotNet.csproj::TargetFramework=net8.0]
C:\Users\yolan\source\repos\AiDotNet\src\PredictionModelBuilder.cs(932,25): error CS8604: Possible null reference argument for parameter 'args' in 'void ILogging.Information(string message, params object[] args)'. [C:\Users\yolan\source\repos\AiDotNet\src\AiDotNet.csproj::TargetFramework=net8.0]
C:\Users\yolan\source\repos\AiDotNet\src\PredictionModelBuilder.cs(932,38): error CS8604: Possible null reference argument for parameter 'args' in 'void ILogging.Information(string message, params object[] args)'. [C:\Users\yolan\source\repos\AiDotNet\src\AiDotNet.csproj::TargetFramework=net8.0]
C:\Users\yolan\source\repos\AiDotNet\src\Deployment\Techniques\ModelPruner.cs(361,74): error CS0119: 'Extensions.Value<U>(IEnumerable<JToken>)' is a method, which is not valid in the given context [C:\Users\yolan\source\repos\AiDotNet\src\AiDotNet.csproj::TargetFramework=net8.0]
C:\Users\yolan\source\repos\AiDotNet\src\MultimodalAI\LateFusionMultimodal.cs(105,31): error CS8602: Dereference of a possibly null reference. [C:\Users\yolan\source\repos\AiDotNet\src\AiDotNet.csproj::TargetFramework=net8.0]
C:\Users\yolan\source\repos\AiDotNet\src\ProductionMonitoring\RetrainingRecommender.cs(317,48): error CS1998: This async method lacks 'await' operators and will run synchronously. Consider using the 'await' operator to await non-blocking API calls, or 'await Task.Run(...)' to do CPU-bound work on a background thread. [C:\Users\yolan\source\repos\AiDotNet\src\AiDotNet.csproj::TargetFramework=net8.0]
C:\Users\yolan\source\repos\AiDotNet\src\MultimodalAI\LateFusionMultimodal.cs(153,80): error CS8625: Cannot convert null literal to non-nullable reference type. [C:\Users\yolan\source\repos\AiDotNet\src\AiDotNet.csproj::TargetFramework=net8.0]
C:\Users\yolan\source\repos\AiDotNet\src\MultimodalAI\LateFusionMultimodal.cs(161,34): error CS8602: Dereference of a possibly null reference. [C:\Users\yolan\source\repos\AiDotNet\src\AiDotNet.csproj::TargetFramework=net8.0]
C:\Users\yolan\source\repos\AiDotNet\src\MultimodalAI\LateFusionMultimodal.cs(208,20): error CS0266: Cannot implicitly convert type 'AiDotNet.MultimodalAI.LateFusionMultimodal' to 'AiDotNet.Interfaces.IFullModel<double, System.Collections.Generic.Dictionary<string, object>, AiDotNet.LinearAlgebra.Vector<double>>'. An explicit conversion exists (are you missing a cast?) [C:\Users\yolan\source\repos\AiDotNet\src\AiDotNet.csproj::TargetFramework=net8.0]
C:\Users\yolan\source\repos\AiDotNet\src\ProductionMonitoring\RetrainingRecommender.cs(396,53): error CS0121: The call is ambiguous between the following methods or properties: 'System.Linq.LinqExtensions.LastOrDefault<T>(System.Collections.Generic.IEnumerable<T>)' and 'System.Linq.Enumerable.LastOrDefault<TSource>(System.Collections.Generic.IEnumerable<TSource>)' [C:\Users\yolan\source\repos\AiDotNet\src\AiDotNet.csproj::TargetFramework=net8.0]
C:\Users\yolan\source\repos\AiDotNet\src\Pipeline\Steps\DataValidationStep.cs(85,61): error CS0117: 'StatisticsHelper<double>' does not contain a definition for 'Mean' [C:\Users\yolan\source\repos\AiDotNet\src\AiDotNet.csproj::TargetFramework=net8.0]
C:\Users\yolan\source\repos\AiDotNet\src\Pipeline\Steps\DataValidationStep.cs(86,63): error CS0117: 'StatisticsHelper<double>' does not contain a definition for 'StandardDeviation' [C:\Users\yolan\source\repos\AiDotNet\src\AiDotNet.csproj::TargetFramework=net8.0]
C:\Users\yolan\source\repos\AiDotNet\src\MultimodalAI\LateFusionMultimodal.cs(249,43): error CS0121: The call is ambiguous between the following methods or properties: 'System.Linq.LinqExtensions.ToDictionary<TSource, TKey, TValue>(System.Collections.Generic.IEnumerable<TSource>, System.Func<TSource, TKey>, System.Func<TSource, TValue>)' and 'System.Linq.Enumerable.ToDictionary<TSource, TKey, TElement>(System.Collections.Generic.IEnumerable<TSource>, System.Func<TSource, TKey>, System.Func<TSource, TElement>)' [C:\Users\yolan\source\repos\AiDotNet\src\AiDotNet.csproj::TargetFramework=net8.0]
C:\Users\yolan\source\repos\AiDotNet\src\Pipeline\Steps\DataValidationStep.cs(295,57): error CS0117: 'StatisticsHelper<double>' does not contain a definition for 'StandardDeviation' [C:\Users\yolan\source\repos\AiDotNet\src\AiDotNet.csproj::TargetFramework=net8.0]
C:\Users\yolan\source\repos\AiDotNet\src\NeuralNetworks\VisionTransformer.cs(99,40): error CS1501: No overload for method 'Repeat' takes 3 arguments [C:\Users\yolan\source\repos\AiDotNet\src\AiDotNet.csproj::TargetFramework=net8.0]
C:\Users\yolan\source\repos\AiDotNet\src\NeuralNetworks\VisionTransformer.cs(100,45): error CS1503: Argument 1: cannot convert from 'AiDotNet.LinearAlgebra.Vector<T>' to 'AiDotNet.LinearAlgebra.Tensor<double>' [C:\Users\yolan\source\repos\AiDotNet\src\AiDotNet.csproj::TargetFramework=net8.0]
C:\Users\yolan\source\repos\AiDotNet\src\PredictionModelBuilder.cs(1065,42): error CS1061: 'IMultimodalModel<T, TInput, TOutput>' does not contain a definition for 'AddModality' and no accessible extension method 'AddModality' accepting a first argument of type 'IMultimodalModel<T, TInput, TOutput>' could be found (are you missing a using directive or an assembly reference?) [C:\Users\yolan\source\repos\AiDotNet\src\AiDotNet.csproj::TargetFramework=net8.0]
C:\Users\yolan\source\repos\AiDotNet\src\PredictionModelBuilder.cs(1068,34): error CS1061: 'IMultimodalModel<T, TInput, TOutput>' does not contain a definition for 'SetFusionStrategy' and no accessible extension method 'SetFusionStrategy' accepting a first argument of type 'IMultimodalModel<T, TInput, TOutput>' could be found (are you missing a using directive or an assembly reference?) [C:\Users\yolan\source\repos\AiDotNet\src\AiDotNet.csproj::TargetFramework=net8.0]
C:\Users\yolan\source\repos\AiDotNet\src\PredictionModelBuilder.cs(1080,38): error CS1061: 'IFoundationModel<T, TInput, TOutput>' does not contain a definition for 'ConfigureFineTuning' and no accessible extension method 'ConfigureFineTuning' accepting a first argument of type 'IFoundationModel<T, TInput, TOutput>' could be found (are you missing a using directive or an assembly reference?) [C:\Users\yolan\source\repos\AiDotNet\src\AiDotNet.csproj::TargetFramework=net8.0]
C:\Users\yolan\source\repos\AiDotNet\src\PredictionModelBuilder.cs(1098,34): error CS1061: 'IAutoMLModel<T, TInput, TOutput>' does not contain a definition for 'ConfigureSearchSpace' and no accessible extension method 'ConfigureSearchSpace' accepting a first argument of type 'IAutoMLModel<T, TInput, TOutput>' could be found (are you missing a using directive or an assembly reference?) [C:\Users\yolan\source\repos\AiDotNet\src\AiDotNet.csproj::TargetFramework=net8.0]
C:\Users\yolan\source\repos\AiDotNet\src\PredictionModelBuilder.cs(1102,34): error CS1061: 'IAutoMLModel<T, TInput, TOutput>' does not contain a definition for 'SetTimeLimit' and no accessible extension method 'SetTimeLimit' accepting a first argument of type 'IAutoMLModel<T, TInput, TOutput>' could be found (are you missing a using directive or an assembly reference?) [C:\Users\yolan\source\repos\AiDotNet\src\AiDotNet.csproj::TargetFramework=net8.0]
C:\Users\yolan\source\repos\AiDotNet\src\PredictionModelBuilder.cs(1106,34): error CS1061: 'IAutoMLModel<T, TInput, TOutput>' does not contain a definition for 'SetTrialLimit' and no accessible extension method 'SetTrialLimit' accepting a first argument of type 'IAutoMLModel<T, TInput, TOutput>' could be found (are you missing a using directive or an assembly reference?) [C:\Users\yolan\source\repos\AiDotNet\src\AiDotNet.csproj::TargetFramework=net8.0]
C:\Users\yolan\source\repos\AiDotNet\src\PredictionModelBuilder.cs(1110,34): error CS1061: 'IAutoMLModel<T, TInput, TOutput>' does not contain a definition for 'EnableNAS' and no accessible extension method 'EnableNAS' accepting a first argument of type 'IAutoMLModel<T, TInput, TOutput>' could be found (are you missing a using directive or an assembly reference?) [C:\Users\yolan\source\repos\AiDotNet\src\AiDotNet.csproj::TargetFramework=net8.0]
C:\Users\yolan\source\repos\AiDotNet\src\PredictionModelBuilder.cs(1114,38): error CS1061: 'IAutoMLModel<T, TInput, TOutput>' does not contain a definition for 'SearchBestModel' and no accessible extension method 'SearchBestModel' accepting a first argument of type 'IAutoMLModel<T, TInput, TOutput>' could be found (are you missing a using directive or an assembly reference?) [C:\Users\yolan\source\repos\AiDotNet\src\AiDotNet.csproj::TargetFramework=net8.0]
C:\Users\yolan\source\repos\AiDotNet\src\PredictionModelBuilder.cs(1140,37): error CS1061: 'IInterpretableModel<T, TInput, TOutput>' does not contain a definition for 'SetBaseModel' and no accessible extension method 'SetBaseModel' accepting a first argument of type 'IInterpretableModel<T, TInput, TOutput>' could be found (are you missing a using directive or an assembly reference?) [C:\Users\yolan\source\repos\AiDotNet\src\AiDotNet.csproj::TargetFramework=net8.0]
C:\Users\yolan\source\repos\AiDotNet\src\PredictionModelBuilder.cs(1145,45): error CS1061: 'IInterpretableModel<T, TInput, TOutput>' does not contain a definition for 'EnableMethod' and no accessible extension method 'EnableMethod' accepting a first argument of type 'IInterpretableModel<T, TInput, TOutput>' could be found (are you missing a using directive or an assembly reference?) [C:\Users\yolan\source\repos\AiDotNet\src\AiDotNet.csproj::TargetFramework=net8.0]
C:\Users\yolan\source\repos\AiDotNet\src\PredictionModelBuilder.cs(1150,41): error CS1061: 'IInterpretableModel<T, TInput, TOutput>' does not contain a definition for 'ConfigureFairness' and no accessible extension method 'ConfigureFairness' accepting a first argument of type 'IInterpretableModel<T, TInput, TOutput>' could be found (are you missing a using directive or an assembly reference?) [C:\Users\yolan\source\repos\AiDotNet\src\AiDotNet.csproj::TargetFramework=net8.0]
C:\Users\yolan\source\repos\AiDotNet\src\PredictionModelBuilder.cs(1152,25): error CS0266: Cannot implicitly convert type 'AiDotNet.Interfaces.IInterpretableModel<T, TInput, TOutput>' to 'AiDotNet.Interfaces.IFullModel<T, TInput, TOutput>'. An explicit conversion exists (are you missing a cast?) [C:\Users\yolan\source\repos\AiDotNet\src\AiDotNet.csproj::TargetFramework=net8.0]
C:\Users\yolan\source\repos\AiDotNet\src\PredictionModelBuilder.cs(1161,40): error CS1061: 'IProductionMonitor<T, TInput, TOutput>' does not contain a definition for 'ConfigureDriftDetection' and no accessible extension method 'ConfigureDriftDetection' accepting a first argument of type 'IProductionMonitor<T, TInput, TOutput>' could be found (are you missing a using directive or an assembly reference?) [C:\Users\yolan\source\repos\AiDotNet\src\AiDotNet.csproj::TargetFramework=net8.0]
C:\Users\yolan\source\repos\AiDotNet\src\PredictionModelBuilder.cs(1165,40): error CS1061: 'IProductionMonitor<T, TInput, TOutput>' does not contain a definition for 'ConfigureRetraining' and no accessible extension method 'ConfigureRetraining' accepting a first argument of type 'IProductionMonitor<T, TInput, TOutput>' could be found (are you missing a using directive or an assembly reference?) [C:\Users\yolan\source\repos\AiDotNet\src\AiDotNet.csproj::TargetFramework=net8.0]
C:\Users\yolan\source\repos\AiDotNet\src\PredictionModelBuilder.cs(1210,57): error CS1061: 'IPipelineStep<T, TInput, TOutput>' does not contain a definition for 'FitTransform' and no accessible extension method 'FitTransform' accepting a first argument of type 'IPipelineStep<T, TInput, TOutput>' could be found (are you missing a using directive or an assembly reference?) [C:\Users\yolan\source\repos\AiDotNet\src\AiDotNet.csproj::TargetFramework=net8.0]
C:\Users\yolan\source\repos\AiDotNet\src\NeuralNetworks\VisionTransformer.cs(162,40): error CS1501: No overload for method 'Repeat' takes 3 arguments [C:\Users\yolan\source\repos\AiDotNet\src\AiDotNet.csproj::TargetFramework=net8.0]
C:\Users\yolan\source\repos\AiDotNet\src\NeuralNetworks\VisionTransformer.cs(163,45): error CS1503: Argument 1: cannot convert from 'AiDotNet.LinearAlgebra.Vector<T>' to 'AiDotNet.LinearAlgebra.Tensor<double>' [C:\Users\yolan\source\repos\AiDotNet\src\AiDotNet.csproj::TargetFramework=net8.0]
C:\Users\yolan\source\repos\AiDotNet\src\ProductionMonitoring\RetrainingRecommender.cs(430,54): error CS1998: This async method lacks 'await' operators and will run synchronously. Consider using the 'await' operator to await non-blocking API calls, or 'await Task.Run(...)' to do CPU-bound work on a background thread. [C:\Users\yolan\source\repos\AiDotNet\src\AiDotNet.csproj::TargetFramework=net8.0]
C:\Users\yolan\source\repos\AiDotNet\src\PredictionModelBuilder.cs(1485,17): error CS0019: Operator '!=' cannot be applied to operands of type 'T' and '<null>' [C:\Users\yolan\source\repos\AiDotNet\src\AiDotNet.csproj::TargetFramework=net8.0]
C:\Users\yolan\source\repos\AiDotNet\src\Pipeline\Steps\CachingStep.cs(353,24): error CS0104: 'JsonSerializer' is an ambiguous reference between 'Newtonsoft.Json.JsonSerializer' and 'System.Text.Json.JsonSerializer' [C:\Users\yolan\source\repos\AiDotNet\src\AiDotNet.csproj::TargetFramework=net8.0]
C:\Users\yolan\source\repos\AiDotNet\src\Pipeline\Steps\CachingStep.cs(363,20): error CS0104: 'JsonSerializer' is an ambiguous reference between 'Newtonsoft.Json.JsonSerializer' and 'System.Text.Json.JsonSerializer' [C:\Users\yolan\source\repos\AiDotNet\src\AiDotNet.csproj::TargetFramework=net8.0]
C:\Users\yolan\source\repos\AiDotNet\src\ProductionMonitoring\RetrainingRecommender.cs(533,18): error CS0121: The call is ambiguous between the following methods or properties: 'System.Linq.LinqExtensions.ToDictionary<TSource, TKey, TValue>(System.Collections.Generic.IEnumerable<TSource>, System.Func<TSource, TKey>, System.Func<TSource, TValue>)' and 'System.Linq.Enumerable.ToDictionary<TSource, TKey, TElement>(System.Collections.Generic.IEnumerable<TSource>, System.Func<TSource, TKey>, System.Func<TSource, TElement>)' [C:\Users\yolan\source\repos\AiDotNet\src\AiDotNet.csproj::TargetFramework=net8.0]
C:\Users\yolan\source\repos\AiDotNet\src\NeuralNetworks\VisionTransformer.cs(435,91): error CS1503: Argument 2: cannot convert from 'double[]' to 'AiDotNet.LinearAlgebra.Vector<double>' [C:\Users\yolan\source\repos\AiDotNet\src\AiDotNet.csproj::TargetFramework=net8.0]
C:\Users\yolan\source\repos\AiDotNet\src\NeuralNetworks\VisionTransformer.cs(444,71): error CS1503: Argument 2: cannot convert from 'double[]' to 'AiDotNet.LinearAlgebra.Vector<double>' [C:\Users\yolan\source\repos\AiDotNet\src\AiDotNet.csproj::TargetFramework=net8.0]
C:\Users\yolan\source\repos\AiDotNet\src\ProductionMonitoring\RetrainingRecommender.cs(804,36): error CS1998: This async method lacks 'await' operators and will run synchronously. Consider using the 'await' operator to await non-blocking API calls, or 'await Task.Run(...)' to do CPU-bound work on a background thread. [C:\Users\yolan\source\repos\AiDotNet\src\AiDotNet.csproj::TargetFramework=net8.0]
C:\Users\yolan\source\repos\AiDotNet\src\ProductionMonitoring\ProductionMonitorBase.cs(157,24): error CS0029: Cannot implicitly convert type 'System.Threading.Tasks.Task<AiDotNet.Interfaces.MonitoringMetricsCollection>' to 'AiDotNet.Interfaces.MonitoringMetricsCollection' [C:\Users\yolan\source\repos\AiDotNet\src\AiDotNet.csproj::TargetFramework=net8.0]
C:\Users\yolan\source\repos\AiDotNet\src\ProductionMonitoring\ProductionMonitorBase.cs(139,64): error CS1998: This async method lacks 'await' operators and will run synchronously. Consider using the 'await' operator to await non-blocking API calls, or 'await Task.Run(...)' to do CPU-bound work on a background thread. [C:\Users\yolan\source\repos\AiDotNet\src\AiDotNet.csproj::TargetFramework=net8.0]
C:\Users\yolan\source\repos\AiDotNet\src\ProductionMonitoring\ProductionMonitorBase.cs(237,47): error CS8629: Nullable value type may be null. [C:\Users\yolan\source\repos\AiDotNet\src\AiDotNet.csproj::TargetFramework=net8.0]
C:\Users\yolan\source\repos\AiDotNet\src\Reasoning\ReasoningModelBase.cs(125,45): error CS0121: The call is ambiguous between the following methods or properties: 'System.Linq.LinqExtensions.LastOrDefault<T>(System.Collections.Generic.IEnumerable<T>)' and 'System.Linq.Enumerable.LastOrDefault<TSource>(System.Collections.Generic.IEnumerable<TSource>)' [C:\Users\yolan\source\repos\AiDotNet\src\AiDotNet.csproj::TargetFramework=net8.0]
C:\Users\yolan\source\repos\AiDotNet\src\Reasoning\ReasoningModelBase.cs(135,20): error CS8619: Nullability of reference types in value of type '?' doesn't match target type 'Tensor<T>'. [C:\Users\yolan\source\repos\AiDotNet\src\AiDotNet.csproj::TargetFramework=net8.0]
C:\Users\yolan\source\repos\AiDotNet\src\ProductionMonitoring\PerformanceMonitor.cs(163,58): error CS1998: This async method lacks 'await' operators and will run synchronously. Consider using the 'await' operator to await non-blocking API calls, or 'await Task.Run(...)' to do CPU-bound work on a background thread. [C:\Users\yolan\source\repos\AiDotNet\src\AiDotNet.csproj::TargetFramework=net8.0]
C:\Users\yolan\source\repos\AiDotNet\src\Reasoning\IterativeRefinementModel.cs(277,56): error CS0121: The call is ambiguous between the following methods or properties: 'System.Linq.LinqExtensions.LastOrDefault<T>(System.Collections.Generic.IEnumerable<T>)' and 'System.Linq.Enumerable.LastOrDefault<TSource>(System.Collections.Generic.IEnumerable<TSource>)' [C:\Users\yolan\source\repos\AiDotNet\src\AiDotNet.csproj::TargetFramework=net8.0]
C:\Users\yolan\source\repos\AiDotNet\src\Examples\ModernAIExample.cs(76,37): error CS1503: Argument 1: cannot convert from 'AiDotNet.Interfaces.FineTuningConfig' to 'AiDotNet.Models.Options.FineTuningOptions<double>' [C:\Users\yolan\source\repos\AiDotNet\src\AiDotNet.csproj::TargetFramework=net8.0]
C:\Users\yolan\source\repos\AiDotNet\src\Examples\ModernAIExample.cs(111,36): error CS1503: Argument 1: cannot convert from 'AiDotNet.Examples.CLIPMultimodalModel<double>' to 'AiDotNet.Interfaces.IMultimodalModel<double, AiDotNet.Examples.MultimodalInput<double>, AiDotNet.LinearAlgebra.Vector<double>>' [C:\Users\yolan\source\repos\AiDotNet\src\AiDotNet.csproj::TargetFramework=net8.0]
C:\Users\yolan\source\repos\AiDotNet\src\Examples\ModernAIExample.cs(159,49): error CS1061: 'IInterpretableModel<double, Matrix<double>, Vector<double>>' does not contain a definition for 'GetFeatureImportance' and no accessible extension method 'GetFeatureImportance' accepting a first argument of type 'IInterpretableModel<double, Matrix<double>, Vector<double>>' could be found (are you missing a using directive or an assembly reference?) [C:\Users\yolan\source\repos\AiDotNet\src\AiDotNet.csproj::TargetFramework=net8.0]
C:\Users\yolan\source\repos\AiDotNet\src\Examples\ModernAIExample.cs(203,38): error CS1061: 'IProductionMonitor<double, Matrix<double>, Vector<double>>' does not contain a definition for 'CheckDataDrift' and no accessible extension method 'CheckDataDrift' accepting a first argument of type 'IProductionMonitor<double, Matrix<double>, Vector<double>>' could be found (are you missing a using directive or an assembly reference?) [C:\Users\yolan\source\repos\AiDotNet\src\AiDotNet.csproj::TargetFramework=net8.0]
C:\Users\yolan\source\repos\AiDotNet\src\Examples\ModernAIExample.cs(206,25): error CS1061: 'IProductionMonitor<double, Matrix<double>, Vector<double>>' does not contain a definition for 'ShouldRetrain' and no accessible extension method 'ShouldRetrain' accepting a first argument of type 'IProductionMonitor<double, Matrix<double>, Vector<double>>' could be found (are you missing a using directive or an assembly reference?) [C:\Users\yolan\source\repos\AiDotNet\src\AiDotNet.csproj::TargetFramework=net8.0]
C:\Users\yolan\source\repos\AiDotNet\src\Examples\ModernAIExample.cs(236,35): error CS7036: There is no argument given that corresponds to the required parameter 'architecture' of 'NeuralNetworkModel<double>.NeuralNetworkModel(NeuralNetworkArchitecture<double>)' [C:\Users\yolan\source\repos\AiDotNet\src\AiDotNet.csproj::TargetFramework=net8.0]
C:\Users\yolan\source\repos\AiDotNet\src\Examples\ModernAIExample.cs(244,34): error CS7036: There is no argument given that corresponds to the required parameter 'architecture' of 'NeuralNetworkModel<double>.NeuralNetworkModel(NeuralNetworkArchitecture<double>)' [C:\Users\yolan\source\repos\AiDotNet\src\AiDotNet.csproj::TargetFramework=net8.0]
C:\Users\yolan\source\repos\AiDotNet\src\Examples\ModernAIExample.cs(308,21): error CS1061: 'IPredictionModelBuilder<double, Matrix<double>, Vector<double>>' does not contain a definition for 'SetModel' and no accessible extension method 'SetModel' accepting a first argument of type 'IPredictionModelBuilder<double, Matrix<double>, Vector<double>>' could be found (are you missing a using directive or an assembly reference?) [C:\Users\yolan\source\repos\AiDotNet\src\AiDotNet.csproj::TargetFramework=net8.0]
C:\Users\yolan\source\repos\AiDotNet\src\Examples\ModernAIExample.cs(309,44): error CS7036: There is no argument given that corresponds to the required parameter 'model' of 'GradientDescentOptimizer<double, Matrix<double>, Vector<double>>.GradientDescentOptimizer(IFullModel<double, Matrix<double>, Vector<double>>, GradientDescentOptimizerOptions<double, Matrix<double>, Vector<double>>?)' [C:\Users\yolan\source\repos\AiDotNet\src\AiDotNet.csproj::TargetFramework=net8.0]
C:\Users\yolan\source\repos\AiDotNet\src\Examples\ModernAIExample.cs(312,21): error CS1061: 'IPredictionModelBuilder<double, Matrix<double>, Vector<double>>' does not contain a definition for 'SetModel' and no accessible extension method 'SetModel' accepting a first argument of type 'IPredictionModelBuilder<double, Matrix<double>, Vector<double>>' could be found (are you missing a using directive or an assembly reference?) [C:\Users\yolan\source\repos\AiDotNet\src\AiDotNet.csproj::TargetFramework=net8.0]
C:\Users\yolan\source\repos\AiDotNet\src\Examples\ModernAIExample.cs(313,44): error CS7036: There is no argument given that corresponds to the required parameter 'model' of 'AdamOptimizer<double, Matrix<double>, Vector<double>>.AdamOptimizer(IFullModel<double, Matrix<double>, Vector<double>>, AdamOptimizerOptions<double, Matrix<double>, Vector<double>>?)' [C:\Users\yolan\source\repos\AiDotNet\src\AiDotNet.csproj::TargetFramework=net8.0]
C:\Users\yolan\source\repos\AiDotNet\src\Examples\FederatedLearningExample.cs(170,41): error CS1501: No overload for method 'NextGaussian' takes 2 arguments [C:\Users\yolan\source\repos\AiDotNet\src\AiDotNet.csproj::TargetFramework=net8.0]
C:\Users\yolan\source\repos\AiDotNet\src\ProductionMonitoring\PerformanceMonitor.cs(481,36): error CS1998: This async method lacks 'await' operators and will run synchronously. Consider using the 'await' operator to await non-blocking API calls, or 'await Task.Run(...)' to do CPU-bound work on a background thread. [C:\Users\yolan\source\repos\AiDotNet\src\AiDotNet.csproj::TargetFramework=net8.0]
C:\Users\yolan\source\repos\AiDotNet\src\Examples\FederatedLearningExample.cs(231,43): error CS0121: The call is ambiguous between the following methods or properties: 'System.Linq.LinqExtensions.ToDictionary<TSource, TKey, TValue>(System.Collections.Generic.IEnumerable<TSource>, System.Func<TSource, TKey>, System.Func<TSource, TValue>)' and 'System.Linq.Enumerable.ToDictionary<TSource, TKey, TElement>(System.Collections.Generic.IEnumerable<TSource>, System.Func<TSource, TKey>, System.Func<TSource, TElement>)' [C:\Users\yolan\source\repos\AiDotNet\src\AiDotNet.csproj::TargetFramework=net8.0]
C:\Users\yolan\source\repos\AiDotNet\src\Examples\FederatedLearningExample.cs(235,17): error CS0104: 'FederatedAggregationStrategy' is an ambiguous reference between 'AiDotNet.Enums.FederatedAggregationStrategy' and 'AiDotNet.FederatedLearning.FederatedAggregationStrategy' [C:\Users\yolan\source\repos\AiDotNet\src\AiDotNet.csproj::TargetFramework=net8.0]
C:\Users\yolan\source\repos\AiDotNet\src\Examples\ComprehensiveModernAIExample.cs(118,27): error CS7036: There is no argument given that corresponds to the required parameter 'architecture' of 'VisionTransformer.VisionTransformer(NeuralNetworkArchitecture<double>, int, int, int, int, int, int, int, double, ILossFunction<double>?, double)' [C:\Users\yolan\source\repos\AiDotNet\src\AiDotNet.csproj::TargetFramework=net8.0]
C:\Users\yolan\source\repos\AiDotNet\src\Examples\ComprehensiveModernAIExample.cs(113,35): error CS1998: This async method lacks 'await' operators and will run synchronously. Consider using the 'await' operator to await non-blocking API calls, or 'await Task.Run(...)' to do CPU-bound work on a background thread. [C:\Users\yolan\source\repos\AiDotNet\src\AiDotNet.csproj::TargetFramework=net8.0]
C:\Users\yolan\source\repos\AiDotNet\src\Examples\ComprehensiveModernAIExample.cs(151,28): error CS7036: There is no argument given that corresponds to the required parameter 'architecture' of 'DiffusionModel.DiffusionModel(NeuralNetworkArchitecture<double>, int, double, double, ILossFunction<double>?, double)' [C:\Users\yolan\source\repos\AiDotNet\src\AiDotNet.csproj::TargetFramework=net8.0]
C:\Users\yolan\source\repos\AiDotNet\src\Examples\ComprehensiveModernAIExample.cs(216,32): error CS7036: There is no argument given that corresponds to the required parameter 'architecture' of 'ScoreSDE.ScoreSDE(NeuralNetworkArchitecture<double>, INeuralNetworkModel<double>, ScoreSDE.SDEType, double, double, double, ISolver, ILossFunction<double>?, double)' [C:\Users\yolan\source\repos\AiDotNet\src\AiDotNet.csproj::TargetFramework=net8.0]
C:\Users\yolan\source\repos\AiDotNet\src\Examples\ComprehensiveModernAIExample.cs(240,35): error CS7036: There is no argument given that corresponds to the required parameter 'architecture' of 'ConsistencyModel.ConsistencyModel(NeuralNetworkArchitecture<double>, INeuralNetworkModel<double>, double, double, int, double, ConsistencyModel.ScheduleType, bool, ILossFunction<double>?, double)' [C:\Users\yolan\source\repos\AiDotNet\src\AiDotNet.csproj::TargetFramework=net8.0]
C:\Users\yolan\source\repos\AiDotNet\src\Examples\ComprehensiveModernAIExample.cs(266,36): error CS7036: There is no argument given that corresponds to the required parameter 'architecture' of 'FlowMatchingModel.FlowMatchingModel(NeuralNetworkArchitecture<double>, INeuralNetworkModel<double>, FlowMatchingModel.FlowType, double, bool, int, ILossFunction<double>?, double)' [C:\Users\yolan\source\repos\AiDotNet\src\AiDotNet.csproj::TargetFramework=net8.0]
C:\Users\yolan\source\repos\AiDotNet\src\Examples\ComprehensiveModernAIExample.cs(285,87): error CS1739: The best overload for 'AdamOptimizer' does not have a parameter named 'learningRate' [C:\Users\yolan\source\repos\AiDotNet\src\AiDotNet.csproj::TargetFramework=net8.0]
C:\Users\yolan\source\repos\AiDotNet\src\Examples\ComprehensiveModernAIExample.cs(377,29): error CS7036: There is no argument given that corresponds to the required parameter 'architecture' of 'NeuralNetwork<double>.NeuralNetwork(NeuralNetworkArchitecture<double>, ILossFunction<double>?)' [C:\Users\yolan\source\repos\AiDotNet\src\AiDotNet.csproj::TargetFramework=net8.0]
C:\Users\yolan\source\repos\AiDotNet\src\Examples\ComprehensiveModernAIExample.cs(407,37): error CS0305: Using the generic type 'MobileOptimizer<TInput, TOutput, TMetadata>' requires 3 type arguments [C:\Users\yolan\source\repos\AiDotNet\src\AiDotNet.csproj::TargetFramework=net8.0]
C:\Users\yolan\source\repos\AiDotNet\src\FederatedLearning\Client\FederatedClient.cs(86,88): error CS1503: Argument 1: cannot convert from 'AiDotNet.Models.Options.AdamOptimizerOptions<double, AiDotNet.LinearAlgebra.Matrix<double>, AiDotNet.LinearAlgebra.Vector<double>>' to 'AiDotNet.Interfaces.IFullModel<double, AiDotNet.LinearAlgebra.Matrix<double>, AiDotNet.LinearAlgebra.Vector<double>>' [C:\Users\yolan\source\repos\AiDotNet\src\AiDotNet.csproj::TargetFramework=net8.0]
C:\Users\yolan\source\repos\AiDotNet\src\FederatedLearning\Communication\CommunicationManager.cs(95,41): error CS0104: 'JsonSerializer' is an ambiguous reference between 'Newtonsoft.Json.JsonSerializer' and 'System.Text.Json.JsonSerializer' [C:\Users\yolan\source\repos\AiDotNet\src\AiDotNet.csproj::TargetFramework=net8.0]
C:\Users\yolan\source\repos\AiDotNet\src\FederatedLearning\Communication\CommunicationManager.cs(136,31): error CS0104: 'JsonSerializer' is an ambiguous reference between 'Newtonsoft.Json.JsonSerializer' and 'System.Text.Json.JsonSerializer' [C:\Users\yolan\source\repos\AiDotNet\src\AiDotNet.csproj::TargetFramework=net8.0]
C:\Users\yolan\source\repos\AiDotNet\src\FederatedLearning\Communication\CommunicationManager.cs(133,28): error CS8603: Possible null reference return. [C:\Users\yolan\source\repos\AiDotNet\src\AiDotNet.csproj::TargetFramework=net8.0]
C:\Users\yolan\source\repos\AiDotNet\src\FederatedLearning\Communication\CommunicationManager.cs(162,24): error CS8603: Possible null reference return. [C:\Users\yolan\source\repos\AiDotNet\src\AiDotNet.csproj::TargetFramework=net8.0]
C:\Users\yolan\source\repos\AiDotNet\src\FederatedLearning\Communication\CommunicationManager.cs(167,24): error CS8603: Possible null reference return. [C:\Users\yolan\source\repos\AiDotNet\src\AiDotNet.csproj::TargetFramework=net8.0]
C:\Users\yolan\source\repos\AiDotNet\src\FederatedLearning\MetaLearning\MAMLFederated.cs(69,17): error CS0117: 'GradientDescentOptimizerOptions<double, Matrix<double>, Vector<double>>' does not contain a definition for 'LearningRate' [C:\Users\yolan\source\repos\AiDotNet\src\AiDotNet.csproj::TargetFramework=net8.0]
C:\Users\yolan\source\repos\AiDotNet\src\FederatedLearning\MetaLearning\MAMLFederated.cs(72,88): error CS1503: Argument 1: cannot convert from 'AiDotNet.Models.Options.AdamOptimizerOptions<double, AiDotNet.LinearAlgebra.Matrix<double>, AiDotNet.LinearAlgebra.Vector<double>>' to 'AiDotNet.Interfaces.IFullModel<double, AiDotNet.LinearAlgebra.Matrix<double>, AiDotNet.LinearAlgebra.Vector<double>>' [C:\Users\yolan\source\repos\AiDotNet\src\AiDotNet.csproj::TargetFramework=net8.0]
C:\Users\yolan\source\repos\AiDotNet\src\Examples\ComprehensiveModernAIExample.cs(437,35): error CS1998: This async method lacks 'await' operators and will run synchronously. Consider using the 'await' operator to await non-blocking API calls, or 'await Task.Run(...)' to do CPU-bound work on a background thread. [C:\Users\yolan\source\repos\AiDotNet\src\AiDotNet.csproj::TargetFramework=net8.0]
C:\Users\yolan\source\repos\AiDotNet\src\FederatedLearning\Communication\CommunicationManager.cs(206,41): error CS0104: 'JsonSerializer' is an ambiguous reference between 'Newtonsoft.Json.JsonSerializer' and 'System.Text.Json.JsonSerializer' [C:\Users\yolan\source\repos\AiDotNet\src\AiDotNet.csproj::TargetFramework=net8.0]
C:\Users\yolan\source\repos\AiDotNet\src\Examples\ComprehensiveModernAIExample.cs(457,28): error CS7036: There is no argument given that corresponds to the required parameter 'architecture' of 'NeuralNetwork<double>.NeuralNetwork(NeuralNetworkArchitecture<double>, ILossFunction<double>?)' [C:\Users\yolan\source\repos\AiDotNet\src\AiDotNet.csproj::TargetFramework=net8.0]
C:\Users\yolan\source\repos\AiDotNet\src\FederatedLearning\Communication\CommunicationManager.cs(246,31): error CS0104: 'JsonSerializer' is an ambiguous reference between 'Newtonsoft.Json.JsonSerializer' and 'System.Text.Json.JsonSerializer' [C:\Users\yolan\source\repos\AiDotNet\src\AiDotNet.csproj::TargetFramework=net8.0]
C:\Users\yolan\source\repos\AiDotNet\src\FederatedLearning\Communication\CommunicationManager.cs(243,28): error CS8603: Possible null reference return. [C:\Users\yolan\source\repos\AiDotNet\src\AiDotNet.csproj::TargetFramework=net8.0]
C:\Users\yolan\source\repos\AiDotNet\src\FederatedLearning\Communication\CommunicationManager.cs(272,24): error CS8603: Possible null reference return. [C:\Users\yolan\source\repos\AiDotNet\src\AiDotNet.csproj::TargetFramework=net8.0]
C:\Users\yolan\source\repos\AiDotNet\src\FederatedLearning\Communication\CommunicationManager.cs(277,24): error CS8603: Possible null reference return. [C:\Users\yolan\source\repos\AiDotNet\src\AiDotNet.csproj::TargetFramework=net8.0]
C:\Users\yolan\source\repos\AiDotNet\src\FederatedLearning\Communication\CommunicationManager.cs(301,41): error CS0104: 'JsonSerializer' is an ambiguous reference between 'Newtonsoft.Json.JsonSerializer' and 'System.Text.Json.JsonSerializer' [C:\Users\yolan\source\repos\AiDotNet\src\AiDotNet.csproj::TargetFramework=net8.0]
C:\Users\yolan\source\repos\AiDotNet\src\Examples\ComprehensiveModernAIExample.cs(485,28): error CS7036: There is no argument given that corresponds to the required parameter 'architecture' of 'NeuralNetwork<double>.NeuralNetwork(NeuralNetworkArchitecture<double>, ILossFunction<double>?)' [C:\Users\yolan\source\repos\AiDotNet\src\AiDotNet.csproj::TargetFramework=net8.0]
C:\Users\yolan\source\repos\AiDotNet\src\FederatedLearning\Communication\CommunicationManager.cs(368,41): error CS0104: 'JsonSerializer' is an ambiguous reference between 'Newtonsoft.Json.JsonSerializer' and 'System.Text.Json.JsonSerializer' [C:\Users\yolan\source\repos\AiDotNet\src\AiDotNet.csproj::TargetFramework=net8.0]
C:\Users\yolan\source\repos\AiDotNet\src\Examples\ComprehensiveModernAIExample.cs(495,32): error CS7036: There is no argument given that corresponds to the required parameter 'architecture' of 'NeuralNetwork<double>.NeuralNetwork(NeuralNetworkArchitecture<double>, ILossFunction<double>?)' [C:\Users\yolan\source\repos\AiDotNet\src\AiDotNet.csproj::TargetFramework=net8.0]
C:\Users\yolan\source\repos\AiDotNet\src\FederatedLearning\Privacy\DifferentialPrivacy.cs(122,37): error CS1501: No overload for method 'NextGaussian' takes 2 arguments [C:\Users\yolan\source\repos\AiDotNet\src\AiDotNet.csproj::TargetFramework=net8.0]
C:\Users\yolan\source\repos\AiDotNet\src\Examples\ComprehensiveModernAIExample.cs(505,38): error CS7036: There is no argument given that corresponds to the required parameter 'architecture' of 'NeuralNetwork<double>.NeuralNetwork(NeuralNetworkArchitecture<double>, ILossFunction<double>?)' [C:\Users\yolan\source\repos\AiDotNet\src\AiDotNet.csproj::TargetFramework=net8.0]
C:\Users\yolan\source\repos\AiDotNet\src\FederatedLearning\Communication\CommunicationManager.cs(436,28): error CS8603: Possible null reference return. [C:\Users\yolan\source\repos\AiDotNet\src\AiDotNet.csproj::TargetFramework=net8.0]
C:\Users\yolan\source\repos\AiDotNet\src\FederatedLearning\Communication\CommunicationManager.cs(448,24): error CS8603: Possible null reference return. [C:\Users\yolan\source\repos\AiDotNet\src\AiDotNet.csproj::TargetFramework=net8.0]
C:\Users\yolan\source\repos\AiDotNet\src\Examples\ComprehensiveModernAIExample.cs(515,35): error CS7036: There is no argument given that corresponds to the required parameter 'architecture' of 'NeuralNetwork<double>.NeuralNetwork(NeuralNetworkArchitecture<double>, ILossFunction<double>?)' [C:\Users\yolan\source\repos\AiDotNet\src\AiDotNet.csproj::TargetFramework=net8.0]
C:\Users\yolan\source\repos\AiDotNet\src\FederatedLearning\Client\FederatedClient.cs(200,46): error CS1501: No overload for method 'GetRows' takes 2 arguments [C:\Users\yolan\source\repos\AiDotNet\src\AiDotNet.csproj::TargetFramework=net8.0]
C:\Users\yolan\source\repos\AiDotNet\src\FederatedLearning\Client\FederatedClient.cs(230,84): error CS1503: Argument 1: cannot convert from 'AiDotNet.LinearAlgebra.Vector<double>' to 'AiDotNet.LinearAlgebra.Matrix<double>' [C:\Users\yolan\source\repos\AiDotNet\src\AiDotNet.csproj::TargetFramework=net8.0]
C:\Users\yolan\source\repos\AiDotNet\src\FederatedLearning\Client\FederatedClient.cs(271,77): error CS1061: 'IOptimizer<double, Matrix<double>, Vector<double>>' does not contain a definition for 'CalculateUpdate' and no accessible extension method 'CalculateUpdate' accepting a first argument of type 'IOptimizer<double, Matrix<double>, Vector<double>>' could be found (are you missing a using directive or an assembly reference?) [C:\Users\yolan\source\repos\AiDotNet\src\AiDotNet.csproj::TargetFramework=net8.0]
C:\Users\yolan\source\repos\AiDotNet\src\FederatedLearning\Privacy\DifferentialPrivacy.cs(208,44): error CS1501: No overload for method 'NextGaussian' takes 2 arguments [C:\Users\yolan\source\repos\AiDotNet\src\AiDotNet.csproj::TargetFramework=net8.0]
C:\Users\yolan\source\repos\AiDotNet\src\FederatedLearning\Privacy\DifferentialPrivacy.cs(209,44): error CS1501: No overload for method 'NextGaussian' takes 2 arguments [C:\Users\yolan\source\repos\AiDotNet\src\AiDotNet.csproj::TargetFramework=net8.0]
C:\Users\yolan\source\repos\AiDotNet\src\FederatedLearning\Client\FederatedClient.cs(425,40): error CS1501: No overload for method 'NextGaussian' takes 2 arguments [C:\Users\yolan\source\repos\AiDotNet\src\AiDotNet.csproj::TargetFramework=net8.0]
C:\Users\yolan\source\repos\AiDotNet\src\FederatedLearning\MetaLearning\MAMLFederated.cs(115,24): error CS8619: Nullability of reference types in value of type '(string clientId, ClientMetaResult?)' doesn't match target type '(string clientId, ClientMetaResult result)'. [C:\Users\yolan\source\repos\AiDotNet\src\AiDotNet.csproj::TargetFramework=net8.0]
C:\Users\yolan\source\repos\AiDotNet\src\FederatedLearning\MetaLearning\MAMLFederated.cs(187,59): error CS1061: 'IOptimizer<double, Matrix<double>, Vector<double>>' does not contain a definition for 'CalculateUpdate' and no accessible extension method 'CalculateUpdate' accepting a first argument of type 'IOptimizer<double, Matrix<double>, Vector<double>>' could be found (are you missing a using directive or an assembly reference?) [C:\Users\yolan\source\repos\AiDotNet\src\AiDotNet.csproj::TargetFramework=net8.0]
C:\Users\yolan\source\repos\AiDotNet\src\FederatedLearning\MetaLearning\MAMLFederated.cs(244,65): error CS1061: 'IGradientModel<double>' does not contain a definition for 'ComputeGradients' and no accessible extension method 'ComputeGradients' accepting a first argument of type 'IGradientModel<double>' could be found (are you missing a using directive or an assembly reference?) [C:\Users\yolan\source\repos\AiDotNet\src\AiDotNet.csproj::TargetFramework=net8.0]
C:\Users\yolan\source\repos\AiDotNet\src\FederatedLearning\MetaLearning\MAMLFederated.cs(389,51): error CS1061: 'IOptimizer<double, Matrix<double>, Vector<double>>' does not contain a definition for 'CalculateUpdate' and no accessible extension method 'CalculateUpdate' accepting a first argument of type 'IOptimizer<double, Matrix<double>, Vector<double>>' could be found (are you missing a using directive or an assembly reference?) [C:\Users\yolan\source\repos\AiDotNet\src\AiDotNet.csproj::TargetFramework=net8.0]
C:\Users\yolan\source\repos\AiDotNet\src\FederatedLearning\Server\FederatedServer.cs(370,81): error CS1503: Argument 4: cannot convert from 'AiDotNet.FederatedLearning.PrivacySettings' to 'AiDotNet.FederatedLearning.Privacy.PrivacySettings' [C:\Users\yolan\source\repos\AiDotNet\src\AiDotNet.csproj::TargetFramework=net8.0]
C:\Users\yolan\source\repos\AiDotNet\src\FederatedLearning\MetaLearning\MAMLFederated.cs(448,84): error CS1503: Argument 1: cannot convert from 'AiDotNet.LinearAlgebra.Vector<double>' to 'AiDotNet.LinearAlgebra.Matrix<double>' [C:\Users\yolan\source\repos\AiDotNet\src\AiDotNet.csproj::TargetFramework=net8.0]
C:\Users\yolan\source\repos\AiDotNet\src\FederatedLearning\MetaLearning\MAMLFederated.cs(470,62): error CS1503: Argument 1: cannot convert from 'AiDotNet.LinearAlgebra.Vector<double>' to 'AiDotNet.LinearAlgebra.Matrix<double>' [C:\Users\yolan\source\repos\AiDotNet\src\AiDotNet.csproj::TargetFramework=net8.0]
C:\Users\yolan\source\repos\AiDotNet\src\FederatedLearning\MetaLearning\MAMLFederated.cs(568,64): error CS1503: Argument 4: cannot convert from 'AiDotNet.FederatedLearning.PrivacySettings' to 'AiDotNet.FederatedLearning.Privacy.PrivacySettings' [C:\Users\yolan\source\repos\AiDotNet\src\AiDotNet.csproj::TargetFramework=net8.0]
C:\Users\yolan\source\repos\AiDotNet\src\MultimodalAI\EarlyFusionMultimodal.cs(71,31): error CS8602: Dereference of a possibly null reference. [C:\Users\yolan\source\repos\AiDotNet\src\AiDotNet.csproj::TargetFramework=net8.0]
C:\Users\yolan\source\repos\AiDotNet\src\MultimodalAI\CrossAttentionMultimodal.cs(110,32): error CS8602: Dereference of a possibly null reference. [C:\Users\yolan\source\repos\AiDotNet\src\AiDotNet.csproj::TargetFramework=net8.0]
C:\Users\yolan\source\repos\AiDotNet\src\MultimodalAI\EarlyFusionMultimodal.cs(123,44): error CS8602: Dereference of a possibly null reference. [C:\Users\yolan\source\repos\AiDotNet\src\AiDotNet.csproj::TargetFramework=net8.0]
C:\Users\yolan\source\repos\AiDotNet\src\MultimodalAI\EarlyFusionMultimodal.cs(198,20): error CS0266: Cannot implicitly convert type 'AiDotNet.MultimodalAI.EarlyFusionMultimodal' to 'AiDotNet.Interfaces.IFullModel<double, System.Collections.Generic.Dictionary<string, object>, AiDotNet.LinearAlgebra.Vector<double>>'. An explicit conversion exists (are you missing a cast?) [C:\Users\yolan\source\repos\AiDotNet\src\AiDotNet.csproj::TargetFramework=net8.0]
C:\Users\yolan\source\repos\AiDotNet\src\MultimodalAI\EarlyFusionMultimodal.cs(238,67): error CS1503: Argument 1: cannot convert from 'int[]' to 'AiDotNet.NeuralNetworks.NeuralNetworkArchitecture<double>' [C:\Users\yolan\source\repos\AiDotNet\src\AiDotNet.csproj::TargetFramework=net8.0]
C:\Users\yolan\source\repos\AiDotNet\src\MultimodalAI\CrossAttentionMultimodal.cs(359,72): error CS1503: Argument 1: cannot convert from 'int[]' to 'AiDotNet.NeuralNetworks.NeuralNetworkArchitecture<double>' [C:\Users\yolan\source\repos\AiDotNet\src\AiDotNet.csproj::TargetFramework=net8.0]
C:\Users\yolan\source\repos\AiDotNet\src\MultimodalAI\CrossAttentionMultimodal.cs(389,20): error CS0266: Cannot implicitly convert type 'AiDotNet.MultimodalAI.CrossAttentionMultimodal' to 'AiDotNet.Interfaces.IFullModel<double, System.Collections.Generic.Dictionary<string, object>, AiDotNet.LinearAlgebra.Vector<double>>'. An explicit conversion exists (are you missing a cast?) [C:\Users\yolan\source\repos\AiDotNet\src\AiDotNet.csproj::TargetFramework=net8.0]
C:\Users\yolan\source\repos\AiDotNet\src\ReinforcementLearning\Tournament\Results\TournamentResult.cs(106,45): error CS0121: The call is ambiguous between the following methods or properties: 'System.Linq.LinqExtensions.ToDictionary<TSource, TKey, TValue>(System.Collections.Generic.IEnumerable<TSource>, System.Func<TSource, TKey>, System.Func<TSource, TValue>)' and 'System.Linq.Enumerable.ToDictionary<TSource, TKey, TElement>(System.Collections.Generic.IEnumerable<TSource>, System.Func<TSource, TKey>, System.Func<TSource, TElement>)' [C:\Users\yolan\source\repos\AiDotNet\src\AiDotNet.csproj::TargetFramework=net8.0]
C:\Users\yolan\source\repos\AiDotNet\src\ReinforcementLearning\Tournament\Results\TournamentResult.cs(111,41): error CS0121: The call is ambiguous between the following methods or properties: 'System.Linq.LinqExtensions.ToDictionary<TSource, TKey, TValue>(System.Collections.Generic.IEnumerable<TSource>, System.Func<TSource, TKey>, System.Func<TSource, TValue>)' and 'System.Linq.Enumerable.ToDictionary<TSource, TKey, TElement>(System.Collections.Generic.IEnumerable<TSource>, System.Func<TSource, TKey>, System.Func<TSource, TElement>)' [C:\Users\yolan\source\repos\AiDotNet\src\AiDotNet.csproj::TargetFramework=net8.0]
C:\Users\yolan\source\repos\AiDotNet\src\ReinforcementLearning\Tournament\Results\TournamentResult.cs(116,33): error CS0121: The call is ambiguous between the following methods or properties: 'System.Linq.LinqExtensions.ToDictionary<TSource, TKey, TValue>(System.Collections.Generic.IEnumerable<TSource>, System.Func<TSource, TKey>, System.Func<TSource, TValue>)' and 'System.Linq.Enumerable.ToDictionary<TSource, TKey, TElement>(System.Collections.Generic.IEnumerable<TSource>, System.Func<TSource, TKey>, System.Func<TSource, TElement>)' [C:\Users\yolan\source\repos\AiDotNet\src\AiDotNet.csproj::TargetFramework=net8.0]
C:\Users\yolan\source\repos\AiDotNet\src\Pipeline\PipelineSteps.cs(1815,59): error CS1061: 'EnsembleConfig' does not contain a definition for 'EnsembleType' and no accessible extension method 'EnsembleType' accepting a first argument of type 'EnsembleConfig' could be found (are you missing a using directive or an assembly reference?) [C:\Users\yolan\source\repos\AiDotNet\src\AiDotNet.csproj::TargetFramework=net8.0]
C:\Users\yolan\source\repos\AiDotNet\src\Pipeline\PipelineSteps.cs(858,23): error CS0144: Cannot create an instance of the abstract type or interface 'ProductionMonitorBase' [C:\Users\yolan\source\repos\AiDotNet\src\AiDotNet.csproj::TargetFramework=net8.0]
C:\Users\yolan\source\repos\AiDotNet\src\Pipeline\PipelineSteps.cs(783,17): error CS0117: 'DeploymentInfo' does not contain a definition for 'DeploymentId' [C:\Users\yolan\source\repos\AiDotNet\src\AiDotNet.csproj::TargetFramework=net8.0]
C:\Users\yolan\source\repos\AiDotNet\src\Pipeline\PipelineSteps.cs(784,17): error CS0117: 'DeploymentInfo' does not contain a definition for 'Target' [C:\Users\yolan\source\repos\AiDotNet\src\AiDotNet.csproj::TargetFramework=net8.0]
C:\Users\yolan\source\repos\AiDotNet\src\Pipeline\PipelineSteps.cs(787,17): error CS0117: 'DeploymentInfo' does not contain a definition for 'Metadata' [C:\Users\yolan\source\repos\AiDotNet\src\AiDotNet.csproj::TargetFramework=net8.0]
C:\Users\yolan\source\repos\AiDotNet\src\Pipeline\PipelineSteps.cs(481,41): error CS1061: 'PredictionModelBuilder<double, Matrix<double>, Vector<double>>' does not contain a definition for 'BuildModel' and no accessible extension method 'BuildModel' accepting a first argument of type 'PredictionModelBuilder<double, Matrix<double>, Vector<double>>' could be found (are you missing a using directive or an assembly reference?) [C:\Users\yolan\source\repos\AiDotNet\src\AiDotNet.csproj::TargetFramework=net8.0]
C:\Users\yolan\source\repos\AiDotNet\src\Pipeline\PipelineSteps.cs(629,24): error CS7036: There is no argument given that corresponds to the required parameter 'architecture' of 'NeuralNetwork<double>.NeuralNetwork(NeuralNetworkArchitecture<double>, ILossFunction<double>?)' [C:\Users\yolan\source\repos\AiDotNet\src\AiDotNet.csproj::TargetFramework=net8.0]
C:\Users\yolan\source\repos\AiDotNet\src\Pipeline\PipelineSteps.cs(813,22): error CS0104: 'DeploymentTarget' is an ambiguous reference between 'AiDotNet.Deployment.DeploymentTarget' and 'AiDotNet.Enums.DeploymentTarget' [C:\Users\yolan\source\repos\AiDotNet\src\AiDotNet.csproj::TargetFramework=net8.0]
C:\Users\yolan\source\repos\AiDotNet\src\Pipeline\PipelineSteps.cs(815,22): error CS0104: 'DeploymentTarget' is an ambiguous reference between 'AiDotNet.Deployment.DeploymentTarget' and 'AiDotNet.Enums.DeploymentTarget' [C:\Users\yolan\source\repos\AiDotNet\src\AiDotNet.csproj::TargetFramework=net8.0]
C:\Users\yolan\source\repos\AiDotNet\src\Pipeline\PipelineSteps.cs(817,22): error CS0104: 'DeploymentTarget' is an ambiguous reference between 'AiDotNet.Deployment.DeploymentTarget' and 'AiDotNet.Enums.DeploymentTarget' [C:\Users\yolan\source\repos\AiDotNet\src\AiDotNet.csproj::TargetFramework=net8.0]
C:\Users\yolan\source\repos\AiDotNet\src\Pipeline\PipelineSteps.cs(820,28): error CS0144: Cannot create an instance of the abstract type or interface 'ModelOptimizer<Matrix<double>, Vector<double>, ModelMetaData<double>>' [C:\Users\yolan\source\repos\AiDotNet\src\AiDotNet.csproj::TargetFramework=net8.0]
C:\Users\yolan\source\repos\AiDotNet\src\Pipeline\PipelineSteps.cs(570,17): error CS0117: 'BayesianOptimizationAutoML<double, Matrix<double>, Vector<double>>' does not contain a definition for 'TimeLimit' [C:\Users\yolan\source\repos\AiDotNet\src\AiDotNet.csproj::TargetFramework=net8.0]
C:\Users\yolan\source\repos\AiDotNet\src\Pipeline\PipelineSteps.cs(571,17): error CS0117: 'BayesianOptimizationAutoML<double, Matrix<double>, Vector<double>>' does not contain a definition for 'TrialLimit' [C:\Users\yolan\source\repos\AiDotNet\src\AiDotNet.csproj::TargetFramework=net8.0]
C:\Users\yolan\source\repos\AiDotNet\src\Pipeline\PipelineSteps.cs(577,24): error CS1061: 'BayesianOptimizationAutoML<double, Matrix<double>, Vector<double>>' does not contain a definition for 'SetModelsToTry' and no accessible extension method 'SetModelsToTry' accepting a first argument of type 'BayesianOptimizationAutoML<double, Matrix<double>, Vector<double>>' could be found (are you missing a using directive or an assembly reference?) [C:\Users\yolan\source\repos\AiDotNet\src\AiDotNet.csproj::TargetFramework=net8.0]
C:\Users\yolan\source\repos\AiDotNet\src\Pipeline\PipelineSteps.cs(835,28): error CS0144: Cannot create an instance of the abstract type or interface 'ModelOptimizer<Matrix<double>, Vector<double>, ModelMetaData<double>>' [C:\Users\yolan\source\repos\AiDotNet\src\AiDotNet.csproj::TargetFramework=net8.0]
C:\Users\yolan\source\repos\AiDotNet\src\Pipeline\PipelineConfigurations.cs(141,54): error CS8625: Cannot convert null literal to non-nullable reference type. [C:\Users\yolan\source\repos\AiDotNet\src\AiDotNet.csproj::TargetFramework=net8.0]
C:\Users\yolan\source\repos\AiDotNet\src\Pipeline\PipelineConfigurations.cs(71,83): error CS1061: 'OptimizationMode' does not contain a definition for 'Balanced' and no accessible extension method 'Balanced' accepting a first argument of type 'OptimizationMode' could be found (are you missing a using directive or an assembly reference?) [C:\Users\yolan\source\repos\AiDotNet\src\AiDotNet.csproj::TargetFramework=net8.0]
C:\Users\yolan\source\repos\AiDotNet\src\Pipeline\MLPipelineBuilder.cs(50,23): error CS1503: Argument 1: cannot convert from 'AiDotNet.Pipeline.DataLoadingStep' to 'AiDotNet.Interfaces.IPipelineStep<double, AiDotNet.LinearAlgebra.Tensor<double>, AiDotNet.LinearAlgebra.Tensor<double>>' [C:\Users\yolan\source\repos\AiDotNet\src\AiDotNet.csproj::TargetFramework=net8.0]
C:\Users\yolan\source\repos\AiDotNet\src\Pipeline\MLPipelineBuilder.cs(60,23): error CS1503: Argument 1: cannot convert from 'AiDotNet.Pipeline.DataLoadingStep' to 'AiDotNet.Interfaces.IPipelineStep<double, AiDotNet.LinearAlgebra.Tensor<double>, AiDotNet.LinearAlgebra.Tensor<double>>' [C:\Users\yolan\source\repos\AiDotNet\src\AiDotNet.csproj::TargetFramework=net8.0]
C:\Users\yolan\source\repos\AiDotNet\src\Pipeline\MLPipelineBuilder.cs(71,23): error CS1503: Argument 1: cannot convert from 'AiDotNet.Pipeline.DataCleaningStep' to 'AiDotNet.Interfaces.IPipelineStep<double, AiDotNet.LinearAlgebra.Tensor<double>, AiDotNet.LinearAlgebra.Tensor<double>>' [C:\Users\yolan\source\repos\AiDotNet\src\AiDotNet.csproj::TargetFramework=net8.0]
C:\Users\yolan\source\repos\AiDotNet\src\Pipeline\MLPipelineBuilder.cs(82,23): error CS1503: Argument 1: cannot convert from 'AiDotNet.Pipeline.FeatureEngineeringStep' to 'AiDotNet.Interfaces.IPipelineStep<double, AiDotNet.LinearAlgebra.Tensor<double>, AiDotNet.LinearAlgebra.Tensor<double>>' [C:\Users\yolan\source\repos\AiDotNet\src\AiDotNet.csproj::TargetFramework=net8.0]
C:\Users\yolan\source\repos\AiDotNet\src\Pipeline\MLPipeline.cs(46,32): error CS1061: 'IPipelineStep<double, Tensor<double>, Tensor<double>>' does not contain a definition for 'ExecuteAsync' and no accessible extension method 'ExecuteAsync' accepting a first argument of type 'IPipelineStep<double, Tensor<double>, Tensor<double>>' could be found (are you missing a using directive or an assembly reference?) [C:\Users\yolan\source\repos\AiDotNet\src\AiDotNet.csproj::TargetFramework=net8.0]
C:\Users\yolan\source\repos\AiDotNet\src\Pipeline\MLPipelineBuilder.cs(91,23): error CS1503: Argument 1: cannot convert from 'AiDotNet.Pipeline.DataSplittingStep' to 'AiDotNet.Interfaces.IPipelineStep<double, AiDotNet.LinearAlgebra.Tensor<double>, AiDotNet.LinearAlgebra.Tensor<double>>' [C:\Users\yolan\source\repos\AiDotNet\src\AiDotNet.csproj::TargetFramework=net8.0]
C:\Users\yolan\source\repos\AiDotNet\src\Pipeline\MLPipelineBuilder.cs(102,23): error CS1503: Argument 1: cannot convert from 'AiDotNet.Pipeline.DataAugmentationStep' to 'AiDotNet.Interfaces.IPipelineStep<double, AiDotNet.LinearAlgebra.Tensor<double>, AiDotNet.LinearAlgebra.Tensor<double>>' [C:\Users\yolan\source\repos\AiDotNet\src\AiDotNet.csproj::TargetFramework=net8.0]
C:\Users\yolan\source\repos\AiDotNet\src\Pipeline\MLPipelineBuilder.cs(111,23): error CS1503: Argument 1: cannot convert from 'AiDotNet.Pipeline.NormalizationStep' to 'AiDotNet.Interfaces.IPipelineStep<double, AiDotNet.LinearAlgebra.Tensor<double>, AiDotNet.LinearAlgebra.Tensor<double>>' [C:\Users\yolan\source\repos\AiDotNet\src\AiDotNet.csproj::TargetFramework=net8.0]
C:\Users\yolan\source\repos\AiDotNet\src\Pipeline\MLPipelineBuilder.cs(123,23): error CS1503: Argument 1: cannot convert from 'AiDotNet.Pipeline.ModelTrainingStep' to 'AiDotNet.Interfaces.IPipelineStep<double, AiDotNet.LinearAlgebra.Tensor<double>, AiDotNet.LinearAlgebra.Tensor<double>>' [C:\Users\yolan\source\repos\AiDotNet\src\AiDotNet.csproj::TargetFramework=net8.0]
C:\Users\yolan\source\repos\AiDotNet\src\Pipeline\PipelineOrchestrator.cs(280,56): error CS0121: The call is ambiguous between the following methods or properties: 'System.Linq.LinqExtensions.LastOrDefault<T>(System.Collections.Generic.IEnumerable<T>)' and 'System.Linq.Enumerable.LastOrDefault<TSource>(System.Collections.Generic.IEnumerable<TSource>)' [C:\Users\yolan\source\repos\AiDotNet\src\AiDotNet.csproj::TargetFramework=net8.0]
C:\Users\yolan\source\repos\AiDotNet\src\Pipeline\MLPipelineBuilder.cs(135,23): error CS1503: Argument 1: cannot convert from 'AiDotNet.Pipeline.ModelTrainingStep' to 'AiDotNet.Interfaces.IPipelineStep<double, AiDotNet.LinearAlgebra.Tensor<double>, AiDotNet.LinearAlgebra.Tensor<double>>' [C:\Users\yolan\source\repos\AiDotNet\src\AiDotNet.csproj::TargetFramework=net8.0]
C:\Users\yolan\source\repos\AiDotNet\src\Pipeline\MLPipelineBuilder.cs(147,23): error CS1503: Argument 1: cannot convert from 'AiDotNet.Pipeline.ModelTrainingStep' to 'AiDotNet.Interfaces.IPipelineStep<double, AiDotNet.LinearAlgebra.Tensor<double>, AiDotNet.LinearAlgebra.Tensor<double>>' [C:\Users\yolan\source\repos\AiDotNet\src\AiDotNet.csproj::TargetFramework=net8.0]
C:\Users\yolan\source\repos\AiDotNet\src\Pipeline\MLPipelineBuilder.cs(158,23): error CS1503: Argument 1: cannot convert from 'AiDotNet.Pipeline.ModelTrainingStep' to 'AiDotNet.Interfaces.IPipelineStep<double, AiDotNet.LinearAlgebra.Tensor<double>, AiDotNet.LinearAlgebra.Tensor<double>>' [C:\Users\yolan\source\repos\AiDotNet\src\AiDotNet.csproj::TargetFramework=net8.0]
C:\Users\yolan\source\repos\AiDotNet\src\Pipeline\MLPipelineBuilder.cs(167,23): error CS1503: Argument 1: cannot convert from 'AiDotNet.Pipeline.CrossValidationStep' to 'AiDotNet.Interfaces.IPipelineStep<double, AiDotNet.LinearAlgebra.Tensor<double>, AiDotNet.LinearAlgebra.Tensor<double>>' [C:\Users\yolan\source\repos\AiDotNet\src\AiDotNet.csproj::TargetFramework=net8.0]
C:\Users\yolan\source\repos\AiDotNet\src\Pipeline\PipelineSteps.cs(124,28): error CS0029: Cannot implicitly convert type 'AiDotNet.LinearAlgebra.Tensor<double>' to 'System.Collections.Generic.Dictionary<string, object>' [C:\Users\yolan\source\repos\AiDotNet\src\AiDotNet.csproj::TargetFramework=net8.0]
C:\Users\yolan\source\repos\AiDotNet\src\Pipeline\PipelineSteps.cs(125,21): error CS1061: 'PipelineContext<double, Tensor<double>, Tensor<double>>' does not contain a definition for 'Labels' and no accessible extension method 'Labels' accepting a first argument of type 'PipelineContext<double, Tensor<double>, Tensor<double>>' could be found (are you missing a using directive or an assembly reference?) [C:\Users\yolan\source\repos\AiDotNet\src\AiDotNet.csproj::TargetFramework=net8.0]
C:\Users\yolan\source\repos\AiDotNet\src\Pipeline\PipelineSteps.cs(132,21): error CS1501: No overload for method 'this' takes 2 arguments [C:\Users\yolan\source\repos\AiDotNet\src\AiDotNet.csproj::TargetFramework=net8.0]
C:\Users\yolan\source\repos\AiDotNet\src\Pipeline\PipelineSteps.cs(134,25): error CS1061: 'PipelineContext<double, Tensor<double>, Tensor<double>>' does not contain a definition for 'Labels' and no accessible extension method 'Labels' accepting a first argument of type 'PipelineContext<double, Tensor<double>, Tensor<double>>' could be found (are you missing a using directive or an assembly reference?) [C:\Users\yolan\source\repos\AiDotNet\src\AiDotNet.csproj::TargetFramework=net8.0]
C:\Users\yolan\source\repos\AiDotNet\src\Pipeline\MLPipelineBuilder.cs(176,23): error CS1503: Argument 1: cannot convert from 'AiDotNet.Pipeline.EvaluationStep' to 'AiDotNet.Interfaces.IPipelineStep<double, AiDotNet.LinearAlgebra.Tensor<double>, AiDotNet.LinearAlgebra.Tensor<double>>' [C:\Users\yolan\source\repos\AiDotNet\src\AiDotNet.csproj::TargetFramework=net8.0]
C:\Users\yolan\source\repos\AiDotNet\src\Pipeline\PipelineResult.cs(268,32): error CS0121: The call is ambiguous between the following methods or properties: 'System.Linq.LinqExtensions.ToDictionary<TSource, TKey, TValue>(System.Collections.Generic.IEnumerable<TSource>, System.Func<TSource, TKey>, System.Func<TSource, TValue>)' and 'System.Linq.Enumerable.ToDictionary<TSource, TKey, TElement>(System.Collections.Generic.IEnumerable<TSource>, System.Func<TSource, TKey>, System.Func<TSource, TElement>)' [C:\Users\yolan\source\repos\AiDotNet\src\AiDotNet.csproj::TargetFramework=net8.0]
C:\Users\yolan\source\repos\AiDotNet\src\Pipeline\MLPipelineBuilder.cs(187,23): error CS1503: Argument 1: cannot convert from 'AiDotNet.Pipeline.HyperparameterTuningStep' to 'AiDotNet.Interfaces.IPipelineStep<double, AiDotNet.LinearAlgebra.Tensor<double>, AiDotNet.LinearAlgebra.Tensor<double>>' [C:\Users\yolan\source\repos\AiDotNet\src\AiDotNet.csproj::TargetFramework=net8.0]
C:\Users\yolan\source\repos\AiDotNet\src\Pipeline\MLPipelineBuilder.cs(196,23): error CS1503: Argument 1: cannot convert from 'AiDotNet.Pipeline.InterpretabilityStep' to 'AiDotNet.Interfaces.IPipelineStep<double, AiDotNet.LinearAlgebra.Tensor<double>, AiDotNet.LinearAlgebra.Tensor<double>>' [C:\Users\yolan\source\repos\AiDotNet\src\AiDotNet.csproj::TargetFramework=net8.0]
C:\Users\yolan\source\repos\AiDotNet\src\Pipeline\MLPipelineBuilder.cs(205,23): error CS1503: Argument 1: cannot convert from 'AiDotNet.Pipeline.ModelCompressionStep' to 'AiDotNet.Interfaces.IPipelineStep<double, AiDotNet.LinearAlgebra.Tensor<double>, AiDotNet.LinearAlgebra.Tensor<double>>' [C:\Users\yolan\source\repos\AiDotNet\src\AiDotNet.csproj::TargetFramework=net8.0]
C:\Users\yolan\source\repos\AiDotNet\src\Pipeline\MLPipelineBuilder.cs(217,23): error CS1503: Argument 1: cannot convert from 'AiDotNet.Pipeline.DeploymentStep' to 'AiDotNet.Interfaces.IPipelineStep<double, AiDotNet.LinearAlgebra.Tensor<double>, AiDotNet.LinearAlgebra.Tensor<double>>' [C:\Users\yolan\source\repos\AiDotNet\src\AiDotNet.csproj::TargetFramework=net8.0]
C:\Users\yolan\source\repos\AiDotNet\src\Pipeline\MLPipelineBuilder.cs(228,23): error CS1503: Argument 1: cannot convert from 'AiDotNet.Pipeline.MonitoringStep' to 'AiDotNet.Interfaces.IPipelineStep<double, AiDotNet.LinearAlgebra.Tensor<double>, AiDotNet.LinearAlgebra.Tensor<double>>' [C:\Users\yolan\source\repos\AiDotNet\src\AiDotNet.csproj::TargetFramework=net8.0]
C:\Users\yolan\source\repos\AiDotNet\src\Pipeline\MLPipelineBuilder.cs(237,23): error CS1503: Argument 1: cannot convert from 'AiDotNet.Pipeline.ABTestingStep' to 'AiDotNet.Interfaces.IPipelineStep<double, AiDotNet.LinearAlgebra.Tensor<double>, AiDotNet.LinearAlgebra.Tensor<double>>' [C:\Users\yolan\source\repos\AiDotNet\src\AiDotNet.csproj::TargetFramework=net8.0]
C:\Users\yolan\source\repos\AiDotNet\src\Pipeline\MLPipelineBuilder.cs(265,75): error CS1503: Argument 1: cannot convert from 'AiDotNet.Pipeline.PipelineConfiguration' to 'System.Collections.Generic.List<AiDotNet.Interfaces.IPipelineStep<double, AiDotNet.LinearAlgebra.Tensor<double>, AiDotNet.LinearAlgebra.Tensor<double>>>' [C:\Users\yolan\source\repos\AiDotNet\src\AiDotNet.csproj::TargetFramework=net8.0]
C:\Users\yolan\source\repos\AiDotNet\src\Pipeline\MLPipelineBuilder.cs(265,90): error CS1503: Argument 2: cannot convert from 'System.Collections.Generic.List<AiDotNet.Interfaces.IPipelineStep<double, AiDotNet.LinearAlgebra.Tensor<double>, AiDotNet.LinearAlgebra.Tensor<double>>>' to 'AiDotNet.Pipeline.PipelineConfiguration' [C:\Users\yolan\source\repos\AiDotNet\src\AiDotNet.csproj::TargetFramework=net8.0]
C:\Users\yolan\source\repos\AiDotNet\src\Pipeline\MLPipelineBuilder.cs(274,20): error CS0029: Cannot implicitly convert type 'AiDotNet.Pipeline.PipelineExecutionResult<double, AiDotNet.LinearAlgebra.Matrix<double>, AiDotNet.LinearAlgebra.Vector<double>>' to 'AiDotNet.Pipeline.PipelineResult' [C:\Users\yolan\source\repos\AiDotNet\src\AiDotNet.csproj::TargetFramework=net8.0]
C:\Users\yolan\source\repos\AiDotNet\src\Pipeline\MLPipelineBuilder.cs(283,29): error CS1061: 'MLPipeline<double, Matrix<double>, Vector<double>>' does not contain a definition for 'Run' and no accessible extension method 'Run' accepting a first argument of type 'MLPipeline<double, Matrix<double>, Vector<double>>' could be found (are you missing a using directive or an assembly reference?) [C:\Users\yolan\source\repos\AiDotNet\src\AiDotNet.csproj::TargetFramework=net8.0]
C:\Users\yolan\source\repos\AiDotNet\src\Pipeline\PipelineResult.cs(297,32): error CS0121: The call is ambiguous between the following methods or properties: 'System.Linq.LinqExtensions.ToDictionary<TSource, TKey, TValue>(System.Collections.Generic.IEnumerable<TSource>, System.Func<TSource, TKey>, System.Func<TSource, TValue>)' and 'System.Linq.Enumerable.ToDictionary<TSource, TKey, TElement>(System.Collections.Generic.IEnumerable<TSource>, System.Func<TSource, TKey>, System.Func<TSource, TElement>)' [C:\Users\yolan\source\repos\AiDotNet\src\AiDotNet.csproj::TargetFramework=net8.0]
C:\Users\yolan\source\repos\AiDotNet\src\FitDetectors\ShapleyValueFitDetector.cs(69,50): error CS0121: The call is ambiguous between the following methods or properties: 'System.Linq.LinqExtensions.ToDictionary<TSource, TKey, TValue>(System.Collections.Generic.IEnumerable<TSource>, System.Func<TSource, TKey>, System.Func<TSource, TValue>)' and 'System.Linq.Enumerable.ToDictionary<TSource, TKey, TElement>(System.Collections.Generic.IEnumerable<TSource>, System.Func<TSource, TKey>, System.Func<TSource, TElement>)' [C:\Users\yolan\source\repos\AiDotNet\src\AiDotNet.csproj::TargetFramework=net8.0]
C:\Users\yolan\source\repos\AiDotNet\src\FitDetectors\ShapleyValueFitDetector.cs(288,14): error CS0121: The call is ambiguous between the following methods or properties: 'System.Linq.LinqExtensions.ToDictionary<TSource, TKey, TValue>(System.Collections.Generic.IEnumerable<TSource>, System.Func<TSource, TKey>, System.Func<TSource, TValue>)' and 'System.Linq.Enumerable.ToDictionary<TSource, TKey, TElement>(System.Collections.Generic.IEnumerable<TSource>, System.Func<TSource, TKey>, System.Func<TSource, TElement>)' [C:\Users\yolan\source\repos\AiDotNet\src\AiDotNet.csproj::TargetFramework=net8.0]
C:\Users\yolan\source\repos\AiDotNet\src\NeuralNetworks\DiffusionModels\ScoreSDE.cs(51,13): error CS0118: 'ModelCategory' is a type but is used like a variable [C:\Users\yolan\source\repos\AiDotNet\src\AiDotNet.csproj::TargetFramework=net8.0]
C:\Users\yolan\source\repos\AiDotNet\src\NeuralNetworks\DiffusionModels\ScoreSDE.cs(194,40): error CS1503: Argument 1: cannot convert from 'int[]' to 'int' [C:\Users\yolan\source\repos\AiDotNet\src\AiDotNet.csproj::TargetFramework=net8.0]
C:\Users\yolan\source\repos\AiDotNet\src\NeuralNetworks\DiffusionModels\ScoreSDE.cs(215,21): error CS1929: 'NeuralNetworkBase<double>' does not contain a definition for 'Backward' and the best extension method overload 'NeuralNetworkExtensions.Backward<Tensor<double>>(NeuralNetwork<Tensor<double>>, Tensor<double>)' requires a receiver of type 'AiDotNet.NeuralNetworks.NeuralNetwork<AiDotNet.LinearAlgebra.Tensor<double>>' [C:\Users\yolan\source\repos\AiDotNet\src\AiDotNet.csproj::TargetFramework=net8.0]
C:\Users\yolan\source\repos\AiDotNet\src\NeuralNetworks\DiffusionModels\ScoreSDE.cs(216,31): error CS1501: No overload for method 'Step' takes 2 arguments [C:\Users\yolan\source\repos\AiDotNet\src\AiDotNet.csproj::TargetFramework=net8.0]
C:\Users\yolan\source\repos\AiDotNet\src\NeuralNetworks\DiffusionModels\ScoreSDE.cs(226,91): error CS0117: 'Tensor<double>' does not contain a definition for 'Zeros' [C:\Users\yolan\source\repos\AiDotNet\src\AiDotNet.csproj::TargetFramework=net8.0]
C:\Users\yolan\source\repos\AiDotNet\src\NeuralNetworks\DiffusionModel.cs(134,40): error CS1503: Argument 1: cannot convert from 'double' to 'AiDotNet.LinearAlgebra.Tensor<double>' [C:\Users\yolan\source\repos\AiDotNet\src\AiDotNet.csproj::TargetFramework=net8.0]
C:\Users\yolan\source\repos\AiDotNet\src\NeuralNetworks\DiffusionModels\ScoreSDE.cs(313,70): error CS0117: 'Tensor<double>' does not contain a definition for 'Zeros' [C:\Users\yolan\source\repos\AiDotNet\src\AiDotNet.csproj::TargetFramework=net8.0]
C:\Users\yolan\source\repos\AiDotNet\src\NeuralNetworks\DiffusionModel.cs(195,44): error CS1503: Argument 1: cannot convert from 'int[]' to 'int' [C:\Users\yolan\source\repos\AiDotNet\src\AiDotNet.csproj::TargetFramework=net8.0]
C:\Users\yolan\source\repos\AiDotNet\src\NeuralNetworks\DiffusionModel.cs(211,21): error CS1929: 'NeuralNetworkBase<double>' does not contain a definition for 'Backward' and the best extension method overload 'NeuralNetworkExtensions.Backward<Tensor<double>>(NeuralNetwork<Tensor<double>>, Tensor<double>)' requires a receiver of type 'AiDotNet.NeuralNetworks.NeuralNetwork<AiDotNet.LinearAlgebra.Tensor<double>>' [C:\Users\yolan\source\repos\AiDotNet\src\AiDotNet.csproj::TargetFramework=net8.0]
C:\Users\yolan\source\repos\AiDotNet\src\NeuralNetworks\DiffusionModel.cs(212,31): error CS1501: No overload for method 'Step' takes 2 arguments [C:\Users\yolan\source\repos\AiDotNet\src\AiDotNet.csproj::TargetFramework=net8.0]
C:\Users\yolan\source\repos\AiDotNet\src\TimeSeries\InterventionAnalysisModel.cs(567,37): error CS0121: The call is ambiguous between the following methods or properties: 'System.Linq.LinqExtensions.ToDictionary<TSource, TKey, TValue>(System.Collections.Generic.IEnumerable<TSource>, System.Func<TSource, TKey>, System.Func<TSource, TValue>)' and 'System.Linq.Enumerable.ToDictionary<TSource, TKey, TElement>(System.Collections.Generic.IEnumerable<TSource>, System.Func<TSource, TKey>, System.Func<TSource, TElement>)' [C:\Users\yolan\source\repos\AiDotNet\src\AiDotNet.csproj::TargetFramework=net8.0]
C:\Users\yolan\source\repos\AiDotNet\src\NeuralNetworks\NeuralNetworkBase.cs(1470,57): error CS1503: Argument 2: cannot convert from 'AiDotNet.Enums.ActivationFunction' to 'int' [C:\Users\yolan\source\repos\AiDotNet\src\AiDotNet.csproj::TargetFramework=net8.0]
C:\Users\yolan\source\repos\AiDotNet\src\NeuralNetworks\NeuralNetworkBase.cs(1483,25): error CS1729: 'ConvolutionalLayer<T>' does not contain a constructor that takes 4 arguments [C:\Users\yolan\source\repos\AiDotNet\src\AiDotNet.csproj::TargetFramework=net8.0]
C:\Users\yolan\source\repos\AiDotNet\src\NeuralNetworks\NeuralNetworkBase.cs(1492,25): error CS1729: 'LSTMLayer<T>' does not contain a constructor that takes 2 arguments [C:\Users\yolan\source\repos\AiDotNet\src\AiDotNet.csproj::TargetFramework=net8.0]
C:\Users\yolan\source\repos\AiDotNet\src\NeuralNetworks\NeuralNetworkBase.cs(1510,25): error CS7036: There is no argument given that corresponds to the required parameter 'featureSize' of 'BatchNormalizationLayer<T>.BatchNormalizationLayer(int, double, double)' [C:\Users\yolan\source\repos\AiDotNet\src\AiDotNet.csproj::TargetFramework=net8.0]
C:\Users\yolan\source\repos\AiDotNet\src\NeuralNetworks\NeuralNetworkBase.cs(1519,25): error CS7036: There is no argument given that corresponds to the required parameter 'poolSize' of 'MaxPoolingLayer<T>.MaxPoolingLayer(int[], int, int)' [C:\Users\yolan\source\repos\AiDotNet\src\AiDotNet.csproj::TargetFramework=net8.0]
C:\Users\yolan\source\repos\AiDotNet\src\ProductionMonitoring\ModelHealthScorer.cs(90,41): error CS0121: The call is ambiguous between the following methods or properties: 'System.Linq.LinqExtensions.ToDictionary<TSource, TKey, TValue>(System.Collections.Generic.IEnumerable<TSource>, System.Func<TSource, TKey>, System.Func<TSource, TValue>)' and 'System.Linq.Enumerable.ToDictionary<TSource, TKey, TElement>(System.Collections.Generic.IEnumerable<TSource>, System.Func<TSource, TKey>, System.Func<TSource, TElement>)' [C:\Users\yolan\source\repos\AiDotNet\src\AiDotNet.csproj::TargetFramework=net8.0]
C:\Users\yolan\source\repos\AiDotNet\src\ProductionMonitoring\ConceptDriftDetector.cs(108,58): error CS1998: This async method lacks 'await' operators and will run synchronously. Consider using the 'await' operator to await non-blocking API calls, or 'await Task.Run(...)' to do CPU-bound work on a background thread. [C:\Users\yolan\source\repos\AiDotNet\src\AiDotNet.csproj::TargetFramework=net8.0]
C:\Users\yolan\source\repos\AiDotNet\src\ProductionMonitoring\ModelHealthScorer.cs(133,48): error CS1998: This async method lacks 'await' operators and will run synchronously. Consider using the 'await' operator to await non-blocking API calls, or 'await Task.Run(...)' to do CPU-bound work on a background thread. [C:\Users\yolan\source\repos\AiDotNet\src\AiDotNet.csproj::TargetFramework=net8.0]
C:\Users\yolan\source\repos\AiDotNet\src\ProductionMonitoring\ModelHealthScorer.cs(196,58): error CS1998: This async method lacks 'await' operators and will run synchronously. Consider using the 'await' operator to await non-blocking API calls, or 'await Task.Run(...)' to do CPU-bound work on a background thread. [C:\Users\yolan\source\repos\AiDotNet\src\AiDotNet.csproj::TargetFramework=net8.0]
C:\Users\yolan\source\repos\AiDotNet\src\ProductionMonitoring\ModelHealthScorer.cs(211,58): error CS1998: This async method lacks 'await' operators and will run synchronously. Consider using the 'await' operator to await non-blocking API calls, or 'await Task.Run(...)' to do CPU-bound work on a background thread. [C:\Users\yolan\source\repos\AiDotNet\src\AiDotNet.csproj::TargetFramework=net8.0]
C:\Users\yolan\source\repos\AiDotNet\src\ProductionMonitoring\AlertManager.cs(128,22): error CS0121: The call is ambiguous between the following methods or properties: 'System.Linq.LinqExtensions.ToDictionary<TSource, TKey, TValue>(System.Collections.Generic.IEnumerable<TSource>, System.Func<TSource, TKey>, System.Func<TSource, TValue>)' and 'System.Linq.Enumerable.ToDictionary<TSource, TKey, TElement>(System.Collections.Generic.IEnumerable<TSource>, System.Func<TSource, TKey>, System.Func<TSource, TElement>)' [C:\Users\yolan\source\repos\AiDotNet\src\AiDotNet.csproj::TargetFramework=net8.0]
C:\Users\yolan\source\repos\AiDotNet\src\ProductionMonitoring\AlertManager.cs(130,22): error CS0121: The call is ambiguous between the following methods or properties: 'System.Linq.LinqExtensions.ToDictionary<TSource, TKey, TValue>(System.Collections.Generic.IEnumerable<TSource>, System.Func<TSource, TKey>, System.Func<TSource, TValue>)' and 'System.Linq.Enumerable.ToDictionary<TSource, TKey, TElement>(System.Collections.Generic.IEnumerable<TSource>, System.Func<TSource, TKey>, System.Func<TSource, TElement>)' [C:\Users\yolan\source\repos\AiDotNet\src\AiDotNet.csproj::TargetFramework=net8.0]
C:\Users\yolan\source\repos\AiDotNet\src\ProductionMonitoring\AlertManager.cs(140,22): error CS0121: The call is ambiguous between the following methods or properties: 'System.Linq.LinqExtensions.ToDictionary<TSource, TKey, TValue>(System.Collections.Generic.IEnumerable<TSource>, System.Func<TSource, TKey>, System.Func<TSource, TValue>)' and 'System.Linq.Enumerable.ToDictionary<TSource, TKey, TElement>(System.Collections.Generic.IEnumerable<TSource>, System.Func<TSource, TKey>, System.Func<TSource, TElement>)' [C:\Users\yolan\source\repos\AiDotNet\src\AiDotNet.csproj::TargetFramework=net8.0]
C:\Users\yolan\source\repos\AiDotNet\src\ProductionMonitoring\AlertManager.cs(141,50): error CS0121: The call is ambiguous between the following methods or properties: 'System.Linq.LinqExtensions.LastOrDefault<T>(System.Collections.Generic.IEnumerable<T>)' and 'System.Linq.Enumerable.LastOrDefault<TSource>(System.Collections.Generic.IEnumerable<TSource>)' [C:\Users\yolan\source\repos\AiDotNet\src\AiDotNet.csproj::TargetFramework=net8.0]
C:\Users\yolan\source\repos\AiDotNet\src\ProductionMonitoring\AlertManager.cs(132,34): error CS8629: Nullable value type may be null. [C:\Users\yolan\source\repos\AiDotNet\src\AiDotNet.csproj::TargetFramework=net8.0]
C:\Users\yolan\source\repos\AiDotNet\src\ProductionMonitoring\AlertManager.cs(161,39): error CS8601: Possible null reference assignment. [C:\Users\yolan\source\repos\AiDotNet\src\AiDotNet.csproj::TargetFramework=net8.0]
C:\Users\yolan\source\repos\AiDotNet\src\ProductionMonitoring\AlertManager.cs(183,61): error CS8601: Possible null reference assignment. [C:\Users\yolan\source\repos\AiDotNet\src\AiDotNet.csproj::TargetFramework=net8.0]
C:\Users\yolan\source\repos\AiDotNet\src\ProductionMonitoring\AlertManager.cs(325,34): error CS1998: This async method lacks 'await' operators and will run synchronously. Consider using the 'await' operator to await non-blocking API calls, or 'await Task.Run(...)' to do CPU-bound work on a background thread. [C:\Users\yolan\source\repos\AiDotNet\src\AiDotNet.csproj::TargetFramework=net8.0]
C:\Users\yolan\source\repos\AiDotNet\src\ProductionMonitoring\AlertManager.cs(391,24): error CS8603: Possible null reference return. [C:\Users\yolan\source\repos\AiDotNet\src\AiDotNet.csproj::TargetFramework=net8.0]
C:\Users\yolan\source\repos\AiDotNet\src\ProductionMonitoring\AlertManager.cs(393,20): error CS8603: Possible null reference return. [C:\Users\yolan\source\repos\AiDotNet\src\AiDotNet.csproj::TargetFramework=net8.0]
C:\Users\yolan\source\repos\AiDotNet\src\ProductionMonitoring\ModelHealthScorer.cs(418,36): error CS1998: This async method lacks 'await' operators and will run synchronously. Consider using the 'await' operator to await non-blocking API calls, or 'await Task.Run(...)' to do CPU-bound work on a background thread. [C:\Users\yolan\source\repos\AiDotNet\src\AiDotNet.csproj::TargetFramework=net8.0]
C:\Users\yolan\source\repos\AiDotNet\src\ProductionMonitoring\ModelHealthScorer.cs(443,36): error CS1998: This async method lacks 'await' operators and will run synchronously. Consider using the 'await' operator to await non-blocking API calls, or 'await Task.Run(...)' to do CPU-bound work on a background thread. [C:\Users\yolan\source\repos\AiDotNet\src\AiDotNet.csproj::TargetFramework=net8.0]
C:\Users\yolan\source\repos\AiDotNet\src\ProductionMonitoring\ModelHealthScorer.cs(466,36): error CS1998: This async method lacks 'await' operators and will run synchronously. Consider using the 'await' operator to await non-blocking API calls, or 'await Task.Run(...)' to do CPU-bound work on a background thread. [C:\Users\yolan\source\repos\AiDotNet\src\AiDotNet.csproj::TargetFramework=net8.0]
C:\Users\yolan\source\repos\AiDotNet\src\ProductionMonitoring\ModelHealthScorer.cs(487,36): error CS1998: This async method lacks 'await' operators and will run synchronously. Consider using the 'await' operator to await non-blocking API calls, or 'await Task.Run(...)' to do CPU-bound work on a background thread. [C:\Users\yolan\source\repos\AiDotNet\src\AiDotNet.csproj::TargetFramework=net8.0]
C:\Users\yolan\source\repos\AiDotNet\src\ProductionMonitoring\ModelHealthScorer.cs(506,36): error CS1998: This async method lacks 'await' operators and will run synchronously. Consider using the 'await' operator to await non-blocking API calls, or 'await Task.Run(...)' to do CPU-bound work on a background thread. [C:\Users\yolan\source\repos\AiDotNet\src\AiDotNet.csproj::TargetFramework=net8.0]
C:\Users\yolan\source\repos\AiDotNet\src\NeuralNetworks\DiffusionModels\LatentDiffusionModel.cs(31,20): error CS1503: Argument 1: cannot convert from 'int' to 'AiDotNet.NeuralNetworks.NeuralNetworkArchitecture<double>' [C:\Users\yolan\source\repos\AiDotNet\src\AiDotNet.csproj::TargetFramework=net8.0]
C:\Users\yolan\source\repos\AiDotNet\src\NeuralNetworks\DiffusionModels\LatentDiffusionModel.cs(31,31): error CS1503: Argument 2: cannot convert from 'double' to 'int' [C:\Users\yolan\source\repos\AiDotNet\src\AiDotNet.csproj::TargetFramework=net8.0]
C:\Users\yolan\source\repos\AiDotNet\src\NeuralNetworks\DiffusionModels\LatentDiffusionModel.cs(31,47): error CS1503: Argument 4: cannot convert from 'string' to 'double' [C:\Users\yolan\source\repos\AiDotNet\src\AiDotNet.csproj::TargetFramework=net8.0]
C:\Users\yolan\source\repos\AiDotNet\src\NeuralNetworks\DiffusionModels\FlowMatchingModel.cs(49,13): error CS0118: 'ModelCategory' is a type but is used like a variable [C:\Users\yolan\source\repos\AiDotNet\src\AiDotNet.csproj::TargetFramework=net8.0]
C:\Users\yolan\source\repos\AiDotNet\src\NeuralNetworks\DiffusionModels\DDIMModel.cs(25,20): error CS1503: Argument 1: cannot convert from 'int' to 'AiDotNet.NeuralNetworks.NeuralNetworkArchitecture<double>' [C:\Users\yolan\source\repos\AiDotNet\src\AiDotNet.csproj::TargetFramework=net8.0]
C:\Users\yolan\source\repos\AiDotNet\src\NeuralNetworks\DiffusionModels\DDIMModel.cs(25,31): error CS1503: Argument 2: cannot convert from 'double' to 'int' [C:\Users\yolan\source\repos\AiDotNet\src\AiDotNet.csproj::TargetFramework=net8.0]
C:\Users\yolan\source\repos\AiDotNet\src\NeuralNetworks\DiffusionModels\DDIMModel.cs(25,51): error CS1503: Argument 4: cannot convert from 'string' to 'double' [C:\Users\yolan\source\repos\AiDotNet\src\AiDotNet.csproj::TargetFramework=net8.0]
C:\Users\yolan\source\repos\AiDotNet\src\NeuralNetworks\DiffusionModels\LatentDiffusionModel.cs(74,47): error CS0122: 'DiffusionModel.timesteps' is inaccessible due to its protection level [C:\Users\yolan\source\repos\AiDotNet\src\AiDotNet.csproj::TargetFramework=net8.0]
C:\Users\yolan\source\repos\AiDotNet\src\NeuralNetworks\DiffusionModels\LatentDiffusionModel.cs(80,43): error CS8600: Converting null literal or possible null value to non-nullable type. [C:\Users\yolan\source\repos\AiDotNet\src\AiDotNet.csproj::TargetFramework=net8.0]
C:\Users\yolan\source\repos\AiDotNet\src\NeuralNetworks\DiffusionModels\LatentDiffusionModel.cs(89,70): error CS8604: Possible null reference argument for parameter 'conditioning' in 'Tensor<double> LatentDiffusionModel.ReverseStepConditional(Tensor<double> x, int t, Tensor<double> conditioning, Random random)'. [C:\Users\yolan\source\repos\AiDotNet\src\AiDotNet.csproj::TargetFramework=net8.0]
C:\Users\yolan\source\repos\AiDotNet\src\NeuralNetworks\DiffusionModels\DDIMModel.cs(39,26): error CS0122: 'DiffusionModel.GenerateNoise(int[], Random)' is inaccessible due to its protection level [C:\Users\yolan\source\repos\AiDotNet\src\AiDotNet.csproj::TargetFramework=net8.0]
C:\Users\yolan\source\repos\AiDotNet\src\NeuralNetworks\DiffusionModels\DDIMModel.cs(42,54): error CS0122: 'DiffusionModel.timesteps' is inaccessible due to its protection level [C:\Users\yolan\source\repos\AiDotNet\src\AiDotNet.csproj::TargetFramework=net8.0]
C:\Users\yolan\source\repos\AiDotNet\src\NeuralNetworks\DiffusionModels\LatentDiffusionModel.cs(107,68): error CS8604: Possible null reference argument for parameter 'conditioning' in 'Tensor<double> LatentDiffusionModel.GenerateConditional(int[] shape, Tensor<double> conditioning, int? seed)'. [C:\Users\yolan\source\repos\AiDotNet\src\AiDotNet.csproj::TargetFramework=net8.0]
C:\Users\yolan\source\repos\AiDotNet\src\NeuralNetworks\DiffusionModels\LatentDiffusionModel.cs(139,26): error CS0122: 'DiffusionModel.GenerateNoise(int[], Random)' is inaccessible due to its protection level [C:\Users\yolan\source\repos\AiDotNet\src\AiDotNet.csproj::TargetFramework=net8.0]
C:\Users\yolan\source\repos\AiDotNet\src\NeuralNetworks\DiffusionModels\LatentDiffusionModel.cs(145,26): error CS0122: 'DiffusionModel.timesteps' is inaccessible due to its protection level [C:\Users\yolan\source\repos\AiDotNet\src\AiDotNet.csproj::TargetFramework=net8.0]
C:\Users\yolan\source\repos\AiDotNet\src\NeuralNetworks\DiffusionModels\LatentDiffusionModel.cs(162,68): error CS8625: Cannot convert null literal to non-nullable reference type. [C:\Users\yolan\source\repos\AiDotNet\src\AiDotNet.csproj::TargetFramework=net8.0]
C:\Users\yolan\source\repos\AiDotNet\src\NeuralNetworks\DiffusionModels\LatentDiffusionModel.cs(180,41): error CS0122: 'DiffusionModel.noisePredictor' is inaccessible due to its protection level [C:\Users\yolan\source\repos\AiDotNet\src\AiDotNet.csproj::TargetFramework=net8.0]
C:\Users\yolan\source\repos\AiDotNet\src\NeuralNetworks\DiffusionModels\LatentDiffusionModel.cs(185,20): error CS0122: 'DiffusionModel.PredictNoise(Tensor<double>, Tensor<double>)' is inaccessible due to its protection level [C:\Users\yolan\source\repos\AiDotNet\src\AiDotNet.csproj::TargetFramework=net8.0]
C:\Users\yolan\source\repos\AiDotNet\src\NeuralNetworks\DiffusionModels\LatentDiffusionModel.cs(197,32): error CS0122: 'DiffusionModel.posteriorVariance' is inaccessible due to its protection level [C:\Users\yolan\source\repos\AiDotNet\src\AiDotNet.csproj::TargetFramework=net8.0]
C:\Users\yolan\source\repos\AiDotNet\src\NeuralNetworks\DiffusionModels\LatentDiffusionModel.cs(198,29): error CS0122: 'DiffusionModel.GenerateNoise(int[], Random)' is inaccessible due to its protection level [C:\Users\yolan\source\repos\AiDotNet\src\AiDotNet.csproj::TargetFramework=net8.0]
C:\Users\yolan\source\repos\AiDotNet\src\NeuralNetworks\DiffusionModels\FlowMatchingModel.cs(86,40): error CS1503: Argument 1: cannot convert from 'int[]' to 'int' [C:\Users\yolan\source\repos\AiDotNet\src\AiDotNet.csproj::TargetFramework=net8.0]
C:\Users\yolan\source\repos\AiDotNet\src\NeuralNetworks\DiffusionModels\FlowMatchingModel.cs(108,21): error CS1929: 'NeuralNetworkBase<double>' does not contain a definition for 'Backward' and the best extension method overload 'NeuralNetworkExtensions.Backward<Tensor<double>>(NeuralNetwork<Tensor<double>>, Tensor<double>)' requires a receiver of type 'AiDotNet.NeuralNetworks.NeuralNetwork<AiDotNet.LinearAlgebra.Tensor<double>>' [C:\Users\yolan\source\repos\AiDotNet\src\AiDotNet.csproj::TargetFramework=net8.0]
C:\Users\yolan\source\repos\AiDotNet\src\NeuralNetworks\DiffusionModels\FlowMatchingModel.cs(109,31): error CS1501: No overload for method 'Step' takes 2 arguments [C:\Users\yolan\source\repos\AiDotNet\src\AiDotNet.csproj::TargetFramework=net8.0]
C:\Users\yolan\source\repos\AiDotNet\src\NeuralNetworks\DiffusionModels\LatentDiffusionModel.cs(210,24): error CS0122: 'DiffusionModel.betas' is inaccessible due to its protection level [C:\Users\yolan\source\repos\AiDotNet\src\AiDotNet.csproj::TargetFramework=net8.0]
C:\Users\yolan\source\repos\AiDotNet\src\NeuralNetworks\DiffusionModels\LatentDiffusionModel.cs(211,25): error CS0122: 'DiffusionModel.alphas' is inaccessible due to its protection level [C:\Users\yolan\source\repos\AiDotNet\src\AiDotNet.csproj::TargetFramework=net8.0]
C:\Users\yolan\source\repos\AiDotNet\src\NeuralNetworks\DiffusionModels\LatentDiffusionModel.cs(212,32): error CS0122: 'DiffusionModel.alphasCumprod' is inaccessible due to its protection level [C:\Users\yolan\source\repos\AiDotNet\src\AiDotNet.csproj::TargetFramework=net8.0]
C:\Users\yolan\source\repos\AiDotNet\src\NeuralNetworks\DiffusionModels\LatentDiffusionModel.cs(213,37): error CS0122: 'DiffusionModel.sqrtOneMinusAlphasCumprod' is inaccessible due to its protection level [C:\Users\yolan\source\repos\AiDotNet\src\AiDotNet.csproj::TargetFramework=net8.0]
C:\Users\yolan\source\repos\AiDotNet\src\NeuralNetworks\DiffusionModels\LatentDiffusionModel.cs(216,28): error CS1503: Argument 1: cannot convert from 'double' to 'AiDotNet.LinearAlgebra.Tensor<double>' [C:\Users\yolan\source\repos\AiDotNet\src\AiDotNet.csproj::TargetFramework=net8.0]
C:\Users\yolan\source\repos\AiDotNet\src\NeuralNetworks\DiffusionModels\LatentDiffusionModel.cs(232,49): error CS1503: Argument 1: cannot convert from 'double' to 'AiDotNet.LinearAlgebra.Tensor<double>' [C:\Users\yolan\source\repos\AiDotNet\src\AiDotNet.csproj::TargetFramework=net8.0]
C:\Users\yolan\source\repos\AiDotNet\src\NeuralNetworks\DiffusionModels\ConsistencyModel.cs(135,44): error CS1503: Argument 1: cannot convert from 'int[]' to 'int' [C:\Users\yolan\source\repos\AiDotNet\src\AiDotNet.csproj::TargetFramework=net8.0]
C:\Users\yolan\source\repos\AiDotNet\src\NeuralNetworks\DiffusionModels\ConsistencyModel.cs(161,21): error CS1929: 'NeuralNetworkBase<double>' does not contain a definition for 'Backward' and the best extension method overload 'NeuralNetworkExtensions.Backward<Tensor<double>>(NeuralNetwork<Tensor<double>>, Tensor<double>)' requires a receiver of type 'AiDotNet.NeuralNetworks.NeuralNetwork<AiDotNet.LinearAlgebra.Tensor<double>>' [C:\Users\yolan\source\repos\AiDotNet\src\AiDotNet.csproj::TargetFramework=net8.0]
C:\Users\yolan\source\repos\AiDotNet\src\NeuralNetworks\DiffusionModels\ConsistencyModel.cs(162,31): error CS1501: No overload for method 'Step' takes 2 arguments [C:\Users\yolan\source\repos\AiDotNet\src\AiDotNet.csproj::TargetFramework=net8.0]
C:\Users\yolan\source\repos\AiDotNet\src\NeuralNetworks\DiffusionModels\LatentDiffusionModel.cs(266,81): error CS1503: Argument 1: cannot convert from 'int' to 'AiDotNet.LinearAlgebra.Tensor<double>' [C:\Users\yolan\source\repos\AiDotNet\src\AiDotNet.csproj::TargetFramework=net8.0]
C:\Users\yolan\source\repos\AiDotNet\src\NeuralNetworks\DiffusionModels\DDIMModel.cs(62,34): error CS0122: 'DiffusionModel.PredictNoise(Tensor<double>, Tensor<double>)' is inaccessible due to its protection level [C:\Users\yolan\source\repos\AiDotNet\src\AiDotNet.csproj::TargetFramework=net8.0]
C:\Users\yolan\source\repos\AiDotNet\src\NeuralNetworks\DiffusionModels\DDIMModel.cs(65,32): error CS0122: 'DiffusionModel.alphasCumprod' is inaccessible due to its protection level [C:\Users\yolan\source\repos\AiDotNet\src\AiDotNet.csproj::TargetFramework=net8.0]
C:\Users\yolan\source\repos\AiDotNet\src\NeuralNetworks\DiffusionModels\DDIMModel.cs(66,48): error CS0122: 'DiffusionModel.alphasCumprod' is inaccessible due to its protection level [C:\Users\yolan\source\repos\AiDotNet\src\AiDotNet.csproj::TargetFramework=net8.0]
C:\Users\yolan\source\repos\AiDotNet\src\NeuralNetworks\DiffusionModels\DDIMModel.cs(70,34): error CS1503: Argument 1: cannot convert from 'double' to 'AiDotNet.LinearAlgebra.Tensor<double>' [C:\Users\yolan\source\repos\AiDotNet\src\AiDotNet.csproj::TargetFramework=net8.0]
C:\Users\yolan\source\repos\AiDotNet\src\NeuralNetworks\DiffusionModels\DDIMModel.cs(87,29): error CS0122: 'DiffusionModel.GenerateNoise(int[], Random)' is inaccessible due to its protection level [C:\Users\yolan\source\repos\AiDotNet\src\AiDotNet.csproj::TargetFramework=net8.0]
C:\Users\yolan\source\repos\AiDotNet\src\NeuralNetworks\DiffusionModels\LatentDiffusionModel.cs(273,19): error CS0122: 'DiffusionModel.PredictNoise(Tensor<double>, Tensor<double>)' is inaccessible due to its protection level [C:\Users\yolan\source\repos\AiDotNet\src\AiDotNet.csproj::TargetFramework=net8.0]
C:\Users\yolan\source\repos\AiDotNet\src\NeuralNetworks\DiffusionModels\ConsistencyModel.cs(183,44): error CS1503: Argument 1: cannot convert from 'int[]' to 'int' [C:\Users\yolan\source\repos\AiDotNet\src\AiDotNet.csproj::TargetFramework=net8.0]
C:\Users\yolan\source\repos\AiDotNet\src\NeuralNetworks\DiffusionModels\ConsistencyModel.cs(211,68): error CS1061: 'Tensor<double>' does not contain a definition for 'Detach' and no accessible extension method 'Detach' accepting a first argument of type 'Tensor<double>' could be found (are you missing a using directive or an assembly reference?) [C:\Users\yolan\source\repos\AiDotNet\src\AiDotNet.csproj::TargetFramework=net8.0]
C:\Users\yolan\source\repos\AiDotNet\src\NeuralNetworks\DiffusionModels\ConsistencyModel.cs(212,21): error CS1929: 'NeuralNetworkBase<double>' does not contain a definition for 'Backward' and the best extension method overload 'NeuralNetworkExtensions.Backward<Tensor<double>>(NeuralNetwork<Tensor<double>>, Tensor<double>)' requires a receiver of type 'AiDotNet.NeuralNetworks.NeuralNetwork<AiDotNet.LinearAlgebra.Tensor<double>>' [C:\Users\yolan\source\repos\AiDotNet\src\AiDotNet.csproj::TargetFramework=net8.0]
C:\Users\yolan\source\repos\AiDotNet\src\NeuralNetworks\DiffusionModels\ConsistencyModel.cs(213,31): error CS1501: No overload for method 'Step' takes 2 arguments [C:\Users\yolan\source\repos\AiDotNet\src\AiDotNet.csproj::TargetFramework=net8.0]
C:\Users\yolan\source\repos\AiDotNet\src\NeuralNetworks\DiffusionModels\FlowMatchingModel.cs(283,40): error CS1503: Argument 1: cannot convert from 'int[]' to 'int' [C:\Users\yolan\source\repos\AiDotNet\src\AiDotNet.csproj::TargetFramework=net8.0]
C:\Users\yolan\source\repos\AiDotNet\src\NeuralNetworks\DiffusionModels\FlowMatchingModel.cs(288,27): error CS1503: Argument 1: cannot convert from '(AiDotNet.LinearAlgebra.Tensor<double>, ?)' to '(AiDotNet.LinearAlgebra.Tensor<double>, AiDotNet.LinearAlgebra.Tensor<double>)' [C:\Users\yolan\source\repos\AiDotNet\src\AiDotNet.csproj::TargetFramework=net8.0]
C:\Users\yolan\source\repos\AiDotNet\src\ProductionMonitoring\ModelHealthScorer.cs(761,28): error CS1998: This async method lacks 'await' operators and will run synchronously. Consider using the 'await' operator to await non-blocking API calls, or 'await Task.Run(...)' to do CPU-bound work on a background thread. [C:\Users\yolan\source\repos\AiDotNet\src\AiDotNet.csproj::TargetFramework=net8.0]
C:\Users\yolan\source\repos\AiDotNet\src\NeuralNetworks\DiffusionModels\FlowMatchingModel.cs(334,21): error CS1929: 'NeuralNetworkBase<double>' does not contain a definition for 'Backward' and the best extension method overload 'NeuralNetworkExtensions.Backward<Tensor<double>>(NeuralNetwork<Tensor<double>>, Tensor<double>)' requires a receiver of type 'AiDotNet.NeuralNetworks.NeuralNetwork<AiDotNet.LinearAlgebra.Tensor<double>>' [C:\Users\yolan\source\repos\AiDotNet\src\AiDotNet.csproj::TargetFramework=net8.0]
C:\Users\yolan\source\repos\AiDotNet\src\NeuralNetworks\DiffusionModels\FlowMatchingModel.cs(335,31): error CS1501: No overload for method 'Step' takes 2 arguments [C:\Users\yolan\source\repos\AiDotNet\src\AiDotNet.csproj::TargetFramework=net8.0]
C:\Users\yolan\source\repos\AiDotNet\src\Pipeline\PipelineSteps.cs(27,28): error CS0414: The field 'DataLoadingStep.loadedData' is assigned but its value is never used [C:\Users\yolan\source\repos\AiDotNet\src\AiDotNet.csproj::TargetFramework=net8.0]
C:\Users\yolan\source\repos\AiDotNet\src\Examples\FederatedLearningExample.cs(360,40): error CS8603: Possible null reference return. [C:\Users\yolan\source\repos\AiDotNet\src\AiDotNet.csproj::TargetFramework=net6.0]
C:\Users\yolan\source\repos\AiDotNet\src\Examples\FederatedLearningExample.cs(365,24): error CS8603: Possible null reference return. [C:\Users\yolan\source\repos\AiDotNet\src\AiDotNet.csproj::TargetFramework=net6.0]
C:\Users\yolan\source\repos\AiDotNet\src\Examples\FederatedLearningExample.cs(368,22): error CS8600: Converting null literal or possible null value to non-nullable type. [C:\Users\yolan\source\repos\AiDotNet\src\AiDotNet.csproj::TargetFramework=net6.0]
C:\Users\yolan\source\repos\AiDotNet\src\Examples\FederatedLearningExample.cs(373,20): error CS8603: Possible null reference return. [C:\Users\yolan\source\repos\AiDotNet\src\AiDotNet.csproj::TargetFramework=net6.0]
C:\Users\yolan\source\repos\AiDotNet\src\AutoML\GridSearchAutoML.cs(225,20): error CS0029: Cannot implicitly convert type 'void' to 'AiDotNet.Interfaces.IFullModel<T, TInput, TOutput>' [C:\Users\yolan\source\repos\AiDotNet\src\AiDotNet.csproj::TargetFramework=net6.0]
C:\Users\yolan\source\repos\AiDotNet\src\AutoML\RandomSearchAutoML.cs(260,20): error CS0029: Cannot implicitly convert type 'void' to 'AiDotNet.Interfaces.IFullModel<T, TInput, TOutput>' [C:\Users\yolan\source\repos\AiDotNet\src\AiDotNet.csproj::TargetFramework=net6.0]
C:\Users\yolan\source\repos\AiDotNet\src\AutoML\AutoMLModelBase.cs(511,67): error CS8978: 'T' cannot be made nullable. [C:\Users\yolan\source\repos\AiDotNet\src\AiDotNet.csproj::TargetFramework=net6.0]
C:\Users\yolan\source\repos\AiDotNet\src\AutoML\AutoMLModelBase.cs(512,75): error CS8978: 'T' cannot be made nullable. [C:\Users\yolan\source\repos\AiDotNet\src\AiDotNet.csproj::TargetFramework=net6.0]
C:\Users\yolan\source\repos\AiDotNet\src\AutoML\AutoMLModelBase.cs(513,79): error CS8978: 'T' cannot be made nullable. [C:\Users\yolan\source\repos\AiDotNet\src\AiDotNet.csproj::TargetFramework=net6.0]
C:\Users\yolan\source\repos\AiDotNet\src\AutoML\AutoMLModelBase.cs(514,76): error CS8978: 'T' cannot be made nullable. [C:\Users\yolan\source\repos\AiDotNet\src\AiDotNet.csproj::TargetFramework=net6.0]
C:\Users\yolan\source\repos\AiDotNet\src\AutoML\AutoMLModelBase.cs(515,72): error CS8978: 'T' cannot be made nullable. [C:\Users\yolan\source\repos\AiDotNet\src\AiDotNet.csproj::TargetFramework=net6.0]
C:\Users\yolan\source\repos\AiDotNet\src\AutoML\AutoMLModelBase.cs(516,66): error CS8978: 'T' cannot be made nullable. [C:\Users\yolan\source\repos\AiDotNet\src\AiDotNet.csproj::TargetFramework=net6.0]
C:\Users\yolan\source\repos\AiDotNet\src\AutoML\AutoMLModelBase.cs(517,68): error CS8978: 'T' cannot be made nullable. [C:\Users\yolan\source\repos\AiDotNet\src\AiDotNet.csproj::TargetFramework=net6.0]
C:\Users\yolan\source\repos\AiDotNet\src\AutoML\AutoMLModelBase.cs(518,65): error CS8978: 'T' cannot be made nullable. [C:\Users\yolan\source\repos\AiDotNet\src\AiDotNet.csproj::TargetFramework=net6.0]
C:\Users\yolan\source\repos\AiDotNet\src\AutoML\AutoMLModelBase.cs(519,62): error CS8978: 'T' cannot be made nullable. [C:\Users\yolan\source\repos\AiDotNet\src\AiDotNet.csproj::TargetFramework=net6.0]
C:\Users\yolan\source\repos\AiDotNet\src\AutoML\BayesianOptimizationAutoML.cs(582,20): error CS0029: Cannot implicitly convert type 'void' to 'AiDotNet.Interfaces.IFullModel<T, TInput, TOutput>' [C:\Users\yolan\source\repos\AiDotNet\src\AiDotNet.csproj::TargetFramework=net6.0]
C:\Users\yolan\source\repos\AiDotNet\src\MultimodalAI\MultimodalModelBase.cs(134,24): error CS7036: There is no argument given that corresponds to the required parameter 'inputs' of 'ModelStats<double, Matrix<double>, Vector<double>>.ModelStats(ModelStatsInputs<double, Matrix<double>, Vector<double>>, ModelType, ModelStatsOptions?)' [C:\Users\yolan\source\repos\AiDotNet\src\AiDotNet.csproj::TargetFramework=net6.0]
C:\Users\yolan\source\repos\AiDotNet\src\MultimodalAI\MultimodalModelBase.cs(136,17): error CS0117: 'ModelStats<double, Matrix<double>, Vector<double>>' does not contain a definition for 'Name' [C:\Users\yolan\source\repos\AiDotNet\src\AiDotNet.csproj::TargetFramework=net6.0]
C:\Users\yolan\source\repos\AiDotNet\src\MultimodalAI\MultimodalModelBase.cs(137,17): error CS0117: 'ModelStats<double, Matrix<double>, Vector<double>>' does not contain a definition for 'Type' [C:\Users\yolan\source\repos\AiDotNet\src\AiDotNet.csproj::TargetFramework=net6.0]
C:\Users\yolan\source\repos\AiDotNet\src\MultimodalAI\MultimodalModelBase.cs(138,17): error CS0117: 'ModelStats<double, Matrix<double>, Vector<double>>' does not contain a definition for 'Timestamp' [C:\Users\yolan\source\repos\AiDotNet\src\AiDotNet.csproj::TargetFramework=net6.0]
C:\Users\yolan\source\repos\AiDotNet\src\ProductionMonitoring\RetrainingRecommender.cs(175,58): error CS1998: This async method lacks 'await' operators and will run synchronously. Consider using the 'await' operator to await non-blocking API calls, or 'await Task.Run(...)' to do CPU-bound work on a background thread. [C:\Users\yolan\source\repos\AiDotNet\src\AiDotNet.csproj::TargetFramework=net6.0]
C:\Users\yolan\source\repos\AiDotNet\src\ProductionMonitoring\RetrainingRecommender.cs(187,58): error CS1998: This async method lacks 'await' operators and will run synchronously. Consider using the 'await' operator to await non-blocking API calls, or 'await Task.Run(...)' to do CPU-bound work on a background thread. [C:\Users\yolan\source\repos\AiDotNet\src\AiDotNet.csproj::TargetFramework=net6.0]
C:\Users\yolan\source\repos\AiDotNet\src\AutoML\NeuralArchitectureSearch.cs(319,84): error CS1739: The best overload for 'AdamOptimizer' does not have a parameter named 'learningRate' [C:\Users\yolan\source\repos\AiDotNet\src\AiDotNet.csproj::TargetFramework=net6.0]
C:\Users\yolan\source\repos\AiDotNet\src\AutoML\NeuralArchitectureSearch.cs(320,79): error CS1739: The best overload for 'AdamOptimizer' does not have a parameter named 'learningRate' [C:\Users\yolan\source\repos\AiDotNet\src\AiDotNet.csproj::TargetFramework=net6.0]
C:\Users\yolan\source\repos\AiDotNet\src\AutoML\NeuralArchitectureSearch.cs(327,39): error CS1501: No overload for method 'Step' takes 2 arguments [C:\Users\yolan\source\repos\AiDotNet\src\AiDotNet.csproj::TargetFramework=net6.0]
C:\Users\yolan\source\repos\AiDotNet\src\AutoML\NeuralArchitectureSearch.cs(332,34): error CS1501: No overload for method 'Step' takes 2 arguments [C:\Users\yolan\source\repos\AiDotNet\src\AiDotNet.csproj::TargetFramework=net6.0]
C:\Users\yolan\source\repos\AiDotNet\src\AutoML\NeuralArchitectureSearch.cs(380,31): error CS1061: 'BayesianOptimizationAutoML<T, Tensor<T>, Tensor<T>>' does not contain a definition for 'Search' and no accessible extension method 'Search' accepting a first argument of type 'BayesianOptimizationAutoML<T, Tensor<T>, Tensor<T>>' could be found (are you missing a using directive or an assembly reference?) [C:\Users\yolan\source\repos\AiDotNet\src\AiDotNet.csproj::TargetFramework=net6.0]
C:\Users\yolan\source\repos\AiDotNet\src\AutoML\NeuralArchitectureSearch.cs(383,45): error CS1061: 'BayesianOptimizationAutoML<T, Tensor<T>, Tensor<T>>' does not contain a definition for 'GetResults' and no accessible extension method 'GetResults' accepting a first argument of type 'BayesianOptimizationAutoML<T, Tensor<T>, Tensor<T>>' could be found (are you missing a using directive or an assembly reference?) [C:\Users\yolan\source\repos\AiDotNet\src\AiDotNet.csproj::TargetFramework=net6.0]
C:\Users\yolan\source\repos\AiDotNet\src\Pipeline\Steps\ParallelProcessingStep.cs(339,60): error CS0117: 'StatisticsHelper<double>' does not contain a definition for 'Variance' [C:\Users\yolan\source\repos\AiDotNet\src\AiDotNet.csproj::TargetFramework=net6.0]
C:\Users\yolan\source\repos\AiDotNet\src\AutoML\NeuralArchitectureSearch.cs(403,76): error CS1739: The best overload for 'AdamOptimizer' does not have a parameter named 'learningRate' [C:\Users\yolan\source\repos\AiDotNet\src\AiDotNet.csproj::TargetFramework=net6.0]
C:\Users\yolan\source\repos\AiDotNet\src\AutoML\NeuralArchitectureSearch.cs(408,81): error CS1503: Argument 4: cannot convert from 'AiDotNet.Optimizers.AdamOptimizer<T, AiDotNet.LinearAlgebra.Tensor<T>, AiDotNet.LinearAlgebra.Tensor<T>>' to 'AiDotNet.Interfaces.IOptimizer<double, AiDotNet.LinearAlgebra.Tensor<double>, AiDotNet.LinearAlgebra.Tensor<double>>' [C:\Users\yolan\source\repos\AiDotNet\src\AiDotNet.csproj::TargetFramework=net6.0]
C:\Users\yolan\source\repos\AiDotNet\src\AutoML\NeuralArchitectureSearch.cs(439,31): error CS7036: There is no argument given that corresponds to the required parameter 'architecture' of 'NeuralNetwork<T>.NeuralNetwork(NeuralNetworkArchitecture<T>, ILossFunction<T>?)' [C:\Users\yolan\source\repos\AiDotNet\src\AiDotNet.csproj::TargetFramework=net6.0]
C:\Users\yolan\source\repos\AiDotNet\src\AutoML\NeuralArchitectureSearch.cs(466,20): error CS0266: Cannot implicitly convert type 'AiDotNet.NeuralNetworks.NeuralNetwork<T>' to 'AiDotNet.Interfaces.INeuralNetworkModel<double>'. An explicit conversion exists (are you missing a cast?) [C:\Users\yolan\source\repos\AiDotNet\src\AiDotNet.csproj::TargetFramework=net6.0]
C:\Users\yolan\source\repos\AiDotNet\src\ProductionMonitoring\RetrainingRecommender.cs(317,48): error CS1998: This async method lacks 'await' operators and will run synchronously. Consider using the 'await' operator to await non-blocking API calls, or 'await Task.Run(...)' to do CPU-bound work on a background thread. [C:\Users\yolan\source\repos\AiDotNet\src\AiDotNet.csproj::TargetFramework=net6.0]
C:\Users\yolan\source\repos\AiDotNet\src\MultimodalAI\MultimodalData.cs(111,20): error CS8603: Possible null reference return. [C:\Users\yolan\source\repos\AiDotNet\src\AiDotNet.csproj::TargetFramework=net6.0]
C:\Users\yolan\source\repos\AiDotNet\src\ProductionMonitoring\RetrainingRecommender.cs(396,53): error CS0121: The call is ambiguous between the following methods or properties: 'System.Linq.LinqExtensions.LastOrDefault<T>(System.Collections.Generic.IEnumerable<T>)' and 'System.Linq.Enumerable.LastOrDefault<TSource>(System.Collections.Generic.IEnumerable<TSource>)' [C:\Users\yolan\source\repos\AiDotNet\src\AiDotNet.csproj::TargetFramework=net6.0]
C:\Users\yolan\source\repos\AiDotNet\src\PredictionModelBuilder.cs(776,13): error CS8604: Possible null reference argument for parameter 'args' in 'void ILogging.Debug(string message, params object[] args)'. [C:\Users\yolan\source\repos\AiDotNet\src\AiDotNet.csproj::TargetFramework=net6.0]
C:\Users\yolan\source\repos\AiDotNet\src\PredictionModelBuilder.cs(776,38): error CS8604: Possible null reference argument for parameter 'args' in 'void ILogging.Debug(string message, params object[] args)'. [C:\Users\yolan\source\repos\AiDotNet\src\AiDotNet.csproj::TargetFramework=net6.0]
C:\Users\yolan\source\repos\AiDotNet\src\AutoML\NeuralArchitectureSearch.cs(645,20): error CS8603: Possible null reference return. [C:\Users\yolan\source\repos\AiDotNet\src\AiDotNet.csproj::TargetFramework=net6.0]
C:\Users\yolan\source\repos\AiDotNet\src\PredictionModelBuilder.cs(859,13): error CS8604: Possible null reference argument for parameter 'args' in 'void ILogging.Debug(string message, params object[] args)'. [C:\Users\yolan\source\repos\AiDotNet\src\AiDotNet.csproj::TargetFramework=net6.0]
C:\Users\yolan\source\repos\AiDotNet\src\PredictionModelBuilder.cs(932,25): error CS8604: Possible null reference argument for parameter 'args' in 'void ILogging.Information(string message, params object[] args)'. [C:\Users\yolan\source\repos\AiDotNet\src\AiDotNet.csproj::TargetFramework=net6.0]
C:\Users\yolan\source\repos\AiDotNet\src\PredictionModelBuilder.cs(932,38): error CS8604: Possible null reference argument for parameter 'args' in 'void ILogging.Information(string message, params object[] args)'. [C:\Users\yolan\source\repos\AiDotNet\src\AiDotNet.csproj::TargetFramework=net6.0]
C:\Users\yolan\source\repos\AiDotNet\src\ProductionMonitoring\RetrainingRecommender.cs(430,54): error CS1998: This async method lacks 'await' operators and will run synchronously. Consider using the 'await' operator to await non-blocking API calls, or 'await Task.Run(...)' to do CPU-bound work on a background thread. [C:\Users\yolan\source\repos\AiDotNet\src\AiDotNet.csproj::TargetFramework=net6.0]
C:\Users\yolan\source\repos\AiDotNet\src\ProductionMonitoring\RetrainingRecommender.cs(533,18): error CS0121: The call is ambiguous between the following methods or properties: 'System.Linq.LinqExtensions.ToDictionary<TSource, TKey, TValue>(System.Collections.Generic.IEnumerable<TSource>, System.Func<TSource, TKey>, System.Func<TSource, TValue>)' and 'System.Linq.Enumerable.ToDictionary<TSource, TKey, TElement>(System.Collections.Generic.IEnumerable<TSource>, System.Func<TSource, TKey>, System.Func<TSource, TElement>)' [C:\Users\yolan\source\repos\AiDotNet\src\AiDotNet.csproj::TargetFramework=net6.0]
C:\Users\yolan\source\repos\AiDotNet\src\PredictionModelBuilder.cs(1065,42): error CS1061: 'IMultimodalModel<T, TInput, TOutput>' does not contain a definition for 'AddModality' and no accessible extension method 'AddModality' accepting a first argument of type 'IMultimodalModel<T, TInput, TOutput>' could be found (are you missing a using directive or an assembly reference?) [C:\Users\yolan\source\repos\AiDotNet\src\AiDotNet.csproj::TargetFramework=net6.0]
C:\Users\yolan\source\repos\AiDotNet\src\PredictionModelBuilder.cs(1068,34): error CS1061: 'IMultimodalModel<T, TInput, TOutput>' does not contain a definition for 'SetFusionStrategy' and no accessible extension method 'SetFusionStrategy' accepting a first argument of type 'IMultimodalModel<T, TInput, TOutput>' could be found (are you missing a using directive or an assembly reference?) [C:\Users\yolan\source\repos\AiDotNet\src\AiDotNet.csproj::TargetFramework=net6.0]
C:\Users\yolan\source\repos\AiDotNet\src\PredictionModelBuilder.cs(1080,38): error CS1061: 'IFoundationModel<T, TInput, TOutput>' does not contain a definition for 'ConfigureFineTuning' and no accessible extension method 'ConfigureFineTuning' accepting a first argument of type 'IFoundationModel<T, TInput, TOutput>' could be found (are you missing a using directive or an assembly reference?) [C:\Users\yolan\source\repos\AiDotNet\src\AiDotNet.csproj::TargetFramework=net6.0]
C:\Users\yolan\source\repos\AiDotNet\src\PredictionModelBuilder.cs(1098,34): error CS1061: 'IAutoMLModel<T, TInput, TOutput>' does not contain a definition for 'ConfigureSearchSpace' and no accessible extension method 'ConfigureSearchSpace' accepting a first argument of type 'IAutoMLModel<T, TInput, TOutput>' could be found (are you missing a using directive or an assembly reference?) [C:\Users\yolan\source\repos\AiDotNet\src\AiDotNet.csproj::TargetFramework=net6.0]
C:\Users\yolan\source\repos\AiDotNet\src\PredictionModelBuilder.cs(1102,34): error CS1061: 'IAutoMLModel<T, TInput, TOutput>' does not contain a definition for 'SetTimeLimit' and no accessible extension method 'SetTimeLimit' accepting a first argument of type 'IAutoMLModel<T, TInput, TOutput>' could be found (are you missing a using directive or an assembly reference?) [C:\Users\yolan\source\repos\AiDotNet\src\AiDotNet.csproj::TargetFramework=net6.0]
C:\Users\yolan\source\repos\AiDotNet\src\PredictionModelBuilder.cs(1106,34): error CS1061: 'IAutoMLModel<T, TInput, TOutput>' does not contain a definition for 'SetTrialLimit' and no accessible extension method 'SetTrialLimit' accepting a first argument of type 'IAutoMLModel<T, TInput, TOutput>' could be found (are you missing a using directive or an assembly reference?) [C:\Users\yolan\source\repos\AiDotNet\src\AiDotNet.csproj::TargetFramework=net6.0]
C:\Users\yolan\source\repos\AiDotNet\src\PredictionModelBuilder.cs(1110,34): error CS1061: 'IAutoMLModel<T, TInput, TOutput>' does not contain a definition for 'EnableNAS' and no accessible extension method 'EnableNAS' accepting a first argument of type 'IAutoMLModel<T, TInput, TOutput>' could be found (are you missing a using directive or an assembly reference?) [C:\Users\yolan\source\repos\AiDotNet\src\AiDotNet.csproj::TargetFramework=net6.0]
C:\Users\yolan\source\repos\AiDotNet\src\PredictionModelBuilder.cs(1114,38): error CS1061: 'IAutoMLModel<T, TInput, TOutput>' does not contain a definition for 'SearchBestModel' and no accessible extension method 'SearchBestModel' accepting a first argument of type 'IAutoMLModel<T, TInput, TOutput>' could be found (are you missing a using directive or an assembly reference?) [C:\Users\yolan\source\repos\AiDotNet\src\AiDotNet.csproj::TargetFramework=net6.0]
C:\Users\yolan\source\repos\AiDotNet\src\PredictionModelBuilder.cs(1140,37): error CS1061: 'IInterpretableModel<T, TInput, TOutput>' does not contain a definition for 'SetBaseModel' and no accessible extension method 'SetBaseModel' accepting a first argument of type 'IInterpretableModel<T, TInput, TOutput>' could be found (are you missing a using directive or an assembly reference?) [C:\Users\yolan\source\repos\AiDotNet\src\AiDotNet.csproj::TargetFramework=net6.0]
C:\Users\yolan\source\repos\AiDotNet\src\PredictionModelBuilder.cs(1145,45): error CS1061: 'IInterpretableModel<T, TInput, TOutput>' does not contain a definition for 'EnableMethod' and no accessible extension method 'EnableMethod' accepting a first argument of type 'IInterpretableModel<T, TInput, TOutput>' could be found (are you missing a using directive or an assembly reference?) [C:\Users\yolan\source\repos\AiDotNet\src\AiDotNet.csproj::TargetFramework=net6.0]
C:\Users\yolan\source\repos\AiDotNet\src\PredictionModelBuilder.cs(1150,41): error CS1061: 'IInterpretableModel<T, TInput, TOutput>' does not contain a definition for 'ConfigureFairness' and no accessible extension method 'ConfigureFairness' accepting a first argument of type 'IInterpretableModel<T, TInput, TOutput>' could be found (are you missing a using directive or an assembly reference?) [C:\Users\yolan\source\repos\AiDotNet\src\AiDotNet.csproj::TargetFramework=net6.0]
C:\Users\yolan\source\repos\AiDotNet\src\PredictionModelBuilder.cs(1152,25): error CS0266: Cannot implicitly convert type 'AiDotNet.Interfaces.IInterpretableModel<T, TInput, TOutput>' to 'AiDotNet.Interfaces.IFullModel<T, TInput, TOutput>'. An explicit conversion exists (are you missing a cast?) [C:\Users\yolan\source\repos\AiDotNet\src\AiDotNet.csproj::TargetFramework=net6.0]
C:\Users\yolan\source\repos\AiDotNet\src\PredictionModelBuilder.cs(1161,40): error CS1061: 'IProductionMonitor<T, TInput, TOutput>' does not contain a definition for 'ConfigureDriftDetection' and no accessible extension method 'ConfigureDriftDetection' accepting a first argument of type 'IProductionMonitor<T, TInput, TOutput>' could be found (are you missing a using directive or an assembly reference?) [C:\Users\yolan\source\repos\AiDotNet\src\AiDotNet.csproj::TargetFramework=net6.0]
C:\Users\yolan\source\repos\AiDotNet\src\PredictionModelBuilder.cs(1165,40): error CS1061: 'IProductionMonitor<T, TInput, TOutput>' does not contain a definition for 'ConfigureRetraining' and no accessible extension method 'ConfigureRetraining' accepting a first argument of type 'IProductionMonitor<T, TInput, TOutput>' could be found (are you missing a using directive or an assembly reference?) [C:\Users\yolan\source\repos\AiDotNet\src\AiDotNet.csproj::TargetFramework=net6.0]
C:\Users\yolan\source\repos\AiDotNet\src\PredictionModelBuilder.cs(1210,57): error CS1061: 'IPipelineStep<T, TInput, TOutput>' does not contain a definition for 'FitTransform' and no accessible extension method 'FitTransform' accepting a first argument of type 'IPipelineStep<T, TInput, TOutput>' could be found (are you missing a using directive or an assembly reference?) [C:\Users\yolan\source\repos\AiDotNet\src\AiDotNet.csproj::TargetFramework=net6.0]
C:\Users\yolan\source\repos\AiDotNet\src\ReinforcementLearning\Tournament\Results\TournamentResult.cs(106,45): error CS0121: The call is ambiguous between the following methods or properties: 'System.Linq.LinqExtensions.ToDictionary<TSource, TKey, TValue>(System.Collections.Generic.IEnumerable<TSource>, System.Func<TSource, TKey>, System.Func<TSource, TValue>)' and 'System.Linq.Enumerable.ToDictionary<TSource, TKey, TElement>(System.Collections.Generic.IEnumerable<TSource>, System.Func<TSource, TKey>, System.Func<TSource, TElement>)' [C:\Users\yolan\source\repos\AiDotNet\src\AiDotNet.csproj::TargetFramework=net6.0]
C:\Users\yolan\source\repos\AiDotNet\src\ReinforcementLearning\Tournament\Results\TournamentResult.cs(111,41): error CS0121: The call is ambiguous between the following methods or properties: 'System.Linq.LinqExtensions.ToDictionary<TSource, TKey, TValue>(System.Collections.Generic.IEnumerable<TSource>, System.Func<TSource, TKey>, System.Func<TSource, TValue>)' and 'System.Linq.Enumerable.ToDictionary<TSource, TKey, TElement>(System.Collections.Generic.IEnumerable<TSource>, System.Func<TSource, TKey>, System.Func<TSource, TElement>)' [C:\Users\yolan\source\repos\AiDotNet\src\AiDotNet.csproj::TargetFramework=net6.0]
C:\Users\yolan\source\repos\AiDotNet\src\ReinforcementLearning\Tournament\Results\TournamentResult.cs(116,33): error CS0121: The call is ambiguous between the following methods or properties: 'System.Linq.LinqExtensions.ToDictionary<TSource, TKey, TValue>(System.Collections.Generic.IEnumerable<TSource>, System.Func<TSource, TKey>, System.Func<TSource, TValue>)' and 'System.Linq.Enumerable.ToDictionary<TSource, TKey, TElement>(System.Collections.Generic.IEnumerable<TSource>, System.Func<TSource, TKey>, System.Func<TSource, TElement>)' [C:\Users\yolan\source\repos\AiDotNet\src\AiDotNet.csproj::TargetFramework=net6.0]
C:\Users\yolan\source\repos\AiDotNet\src\PredictionModelBuilder.cs(1485,17): error CS0019: Operator '!=' cannot be applied to operands of type 'T' and '<null>' [C:\Users\yolan\source\repos\AiDotNet\src\AiDotNet.csproj::TargetFramework=net6.0]
C:\Users\yolan\source\repos\AiDotNet\src\ProductionMonitoring\RetrainingRecommender.cs(804,36): error CS1998: This async method lacks 'await' operators and will run synchronously. Consider using the 'await' operator to await non-blocking API calls, or 'await Task.Run(...)' to do CPU-bound work on a background thread. [C:\Users\yolan\source\repos\AiDotNet\src\AiDotNet.csproj::TargetFramework=net6.0]
C:\Users\yolan\source\repos\AiDotNet\src\Deployment\Techniques\ModelQuantizer.cs(856,17): error CS8602: Dereference of a possibly null reference. [C:\Users\yolan\source\repos\AiDotNet\src\AiDotNet.csproj::TargetFramework=net6.0]
C:\Users\yolan\source\repos\AiDotNet\src\Deployment\Techniques\ModelQuantizer.cs(868,33): error CS8602: Dereference of a possibly null reference. [C:\Users\yolan\source\repos\AiDotNet\src\AiDotNet.csproj::TargetFramework=net6.0]
C:\Users\yolan\source\repos\AiDotNet\src\Deployment\Techniques\ModelQuantizer.cs(883,35): error CS8602: Dereference of a possibly null reference. [C:\Users\yolan\source\repos\AiDotNet\src\AiDotNet.csproj::TargetFramework=net6.0]
C:\Users\yolan\source\repos\AiDotNet\src\Deployment\Techniques\ModelQuantizer.cs(896,26): error CS8602: Dereference of a possibly null reference. [C:\Users\yolan\source\repos\AiDotNet\src\AiDotNet.csproj::TargetFramework=net6.0]
C:\Users\yolan\source\repos\AiDotNet\src\Compression\Hardware\InferenceOptimizer.cs(87,51): error CS0117: 'Vector<double>' does not contain a definition for 'IsHardwareAccelerated' [C:\Users\yolan\source\repos\AiDotNet\src\AiDotNet.csproj::TargetFramework=net6.0]
C:\Users\yolan\source\repos\AiDotNet\src\FitDetectors\ShapleyValueFitDetector.cs(69,50): error CS0121: The call is ambiguous between the following methods or properties: 'System.Linq.LinqExtensions.ToDictionary<TSource, TKey, TValue>(System.Collections.Generic.IEnumerable<TSource>, System.Func<TSource, TKey>, System.Func<TSource, TValue>)' and 'System.Linq.Enumerable.ToDictionary<TSource, TKey, TElement>(System.Collections.Generic.IEnumerable<TSource>, System.Func<TSource, TKey>, System.Func<TSource, TElement>)' [C:\Users\yolan\source\repos\AiDotNet\src\AiDotNet.csproj::TargetFramework=net6.0]
C:\Users\yolan\source\repos\AiDotNet\src\Deployment\Techniques\ModelQuantizer.cs(914,45): error CS1061: 'ILayer<double>' does not contain a definition for 'GetParameterCount' and no accessible extension method 'GetParameterCount' accepting a first argument of type 'ILayer<double>' could be found (are you missing a using directive or an assembly reference?) [C:\Users\yolan\source\repos\AiDotNet\src\AiDotNet.csproj::TargetFramework=net6.0]
C:\Users\yolan\source\repos\AiDotNet\src\Deployment\Techniques\ModelQuantizer.cs(912,35): error CS8602: Dereference of a possibly null reference. [C:\Users\yolan\source\repos\AiDotNet\src\AiDotNet.csproj::TargetFramework=net6.0]
C:\Users\yolan\source\repos\AiDotNet\src\Deployment\Techniques\ModelQuantizer.cs(968,36): error CS8602: Dereference of a possibly null reference. [C:\Users\yolan\source\repos\AiDotNet\src\AiDotNet.csproj::TargetFramework=net6.0]
C:\Users\yolan\source\repos\AiDotNet\src\Deployment\Techniques\ModelQuantizer.cs(977,26): error CS8602: Dereference of a possibly null reference. [C:\Users\yolan\source\repos\AiDotNet\src\AiDotNet.csproj::TargetFramework=net6.0]
C:\Users\yolan\source\repos\AiDotNet\src\Compression\Hardware\InferenceOptimizer.cs(359,63): error CS0117: 'Vector<double>' does not contain a definition for 'IsHardwareAccelerated' [C:\Users\yolan\source\repos\AiDotNet\src\AiDotNet.csproj::TargetFramework=net6.0]
C:\Users\yolan\source\repos\AiDotNet\src\Deployment\Techniques\ModelQuantizer.cs(989,33): error CS8602: Dereference of a possibly null reference. [C:\Users\yolan\source\repos\AiDotNet\src\AiDotNet.csproj::TargetFramework=net6.0]
C:\Users\yolan\source\repos\AiDotNet\src\NeuralNetworks\VisionTransformer.cs(731,49): error CS1061: 'LayerType' does not contain a definition for 'Attention' and no accessible extension method 'Attention' accepting a first argument of type 'LayerType' could be found (are you missing a using directive or an assembly reference?) [C:\Users\yolan\source\repos\AiDotNet\src\AiDotNet.csproj::TargetFramework=net6.0]
C:\Users\yolan\source\repos\AiDotNet\src\NeuralNetworks\VisionTransformer.cs(99,40): error CS1501: No overload for method 'Repeat' takes 3 arguments [C:\Users\yolan\source\repos\AiDotNet\src\AiDotNet.csproj::TargetFramework=net6.0]
C:\Users\yolan\source\repos\AiDotNet\src\NeuralNetworks\VisionTransformer.cs(100,45): error CS1503: Argument 1: cannot convert from 'AiDotNet.LinearAlgebra.Vector<T>' to 'AiDotNet.LinearAlgebra.Tensor<double>' [C:\Users\yolan\source\repos\AiDotNet\src\AiDotNet.csproj::TargetFramework=net6.0]
C:\Users\yolan\source\repos\AiDotNet\src\FederatedLearning\Server\FederatedServer.cs(370,81): error CS1503: Argument 4: cannot convert from 'AiDotNet.FederatedLearning.PrivacySettings' to 'AiDotNet.FederatedLearning.Privacy.PrivacySettings' [C:\Users\yolan\source\repos\AiDotNet\src\AiDotNet.csproj::TargetFramework=net6.0]
C:\Users\yolan\source\repos\AiDotNet\src\NeuralNetworks\VisionTransformer.cs(162,40): error CS1501: No overload for method 'Repeat' takes 3 arguments [C:\Users\yolan\source\repos\AiDotNet\src\AiDotNet.csproj::TargetFramework=net6.0]
C:\Users\yolan\source\repos\AiDotNet\src\NeuralNetworks\VisionTransformer.cs(163,45): error CS1503: Argument 1: cannot convert from 'AiDotNet.LinearAlgebra.Vector<T>' to 'AiDotNet.LinearAlgebra.Tensor<double>' [C:\Users\yolan\source\repos\AiDotNet\src\AiDotNet.csproj::TargetFramework=net6.0]
C:\Users\yolan\source\repos\AiDotNet\src\FitDetectors\ShapleyValueFitDetector.cs(288,14): error CS0121: The call is ambiguous between the following methods or properties: 'System.Linq.LinqExtensions.ToDictionary<TSource, TKey, TValue>(System.Collections.Generic.IEnumerable<TSource>, System.Func<TSource, TKey>, System.Func<TSource, TValue>)' and 'System.Linq.Enumerable.ToDictionary<TSource, TKey, TElement>(System.Collections.Generic.IEnumerable<TSource>, System.Func<TSource, TKey>, System.Func<TSource, TElement>)' [C:\Users\yolan\source\repos\AiDotNet\src\AiDotNet.csproj::TargetFramework=net6.0]
C:\Users\yolan\source\repos\AiDotNet\src\Statistics\ErrorStats.cs(851,36): error CS0121: The call is ambiguous between the following methods or properties: 'System.Linq.LinqExtensions.ToDictionary<TSource, TKey, TValue>(System.Collections.Generic.IEnumerable<TSource>, System.Func<TSource, TKey>, System.Func<TSource, TValue>)' and 'System.Linq.Enumerable.ToDictionary<TSource, TKey, TElement>(System.Collections.Generic.IEnumerable<TSource>, System.Func<TSource, TKey>, System.Func<TSource, TElement>)' [C:\Users\yolan\source\repos\AiDotNet\src\AiDotNet.csproj::TargetFramework=net6.0]
C:\Users\yolan\source\repos\AiDotNet\src\NeuralNetworks\VisionTransformer.cs(435,91): error CS1503: Argument 2: cannot convert from 'double[]' to 'AiDotNet.LinearAlgebra.Vector<double>' [C:\Users\yolan\source\repos\AiDotNet\src\AiDotNet.csproj::TargetFramework=net6.0]
C:\Users\yolan\source\repos\AiDotNet\src\NeuralNetworks\VisionTransformer.cs(444,71): error CS1503: Argument 2: cannot convert from 'double[]' to 'AiDotNet.LinearAlgebra.Vector<double>' [C:\Users\yolan\source\repos\AiDotNet\src\AiDotNet.csproj::TargetFramework=net6.0]
C:\Users\yolan\source\repos\AiDotNet\src\NeuralNetworks\NeuralNetworkBase.cs(1470,57): error CS1503: Argument 2: cannot convert from 'AiDotNet.Enums.ActivationFunction' to 'int' [C:\Users\yolan\source\repos\AiDotNet\src\AiDotNet.csproj::TargetFramework=net6.0]
C:\Users\yolan\source\repos\AiDotNet\src\NeuralNetworks\NeuralNetworkBase.cs(1483,25): error CS1729: 'ConvolutionalLayer<T>' does not contain a constructor that takes 4 arguments [C:\Users\yolan\source\repos\AiDotNet\src\AiDotNet.csproj::TargetFramework=net6.0]
C:\Users\yolan\source\repos\AiDotNet\src\NeuralNetworks\NeuralNetworkBase.cs(1492,25): error CS1729: 'LSTMLayer<T>' does not contain a constructor that takes 2 arguments [C:\Users\yolan\source\repos\AiDotNet\src\AiDotNet.csproj::TargetFramework=net6.0]
C:\Users\yolan\source\repos\AiDotNet\src\NeuralNetworks\NeuralNetworkBase.cs(1510,25): error CS7036: There is no argument given that corresponds to the required parameter 'featureSize' of 'BatchNormalizationLayer<T>.BatchNormalizationLayer(int, double, double)' [C:\Users\yolan\source\repos\AiDotNet\src\AiDotNet.csproj::TargetFramework=net6.0]
C:\Users\yolan\source\repos\AiDotNet\src\NeuralNetworks\NeuralNetworkBase.cs(1519,25): error CS7036: There is no argument given that corresponds to the required parameter 'poolSize' of 'MaxPoolingLayer<T>.MaxPoolingLayer(int[], int, int)' [C:\Users\yolan\source\repos\AiDotNet\src\AiDotNet.csproj::TargetFramework=net6.0]
C:\Users\yolan\source\repos\AiDotNet\src\NeuralNetworks\DiffusionModels\ScoreSDE.cs(51,13): error CS0118: 'ModelCategory' is a type but is used like a variable [C:\Users\yolan\source\repos\AiDotNet\src\AiDotNet.csproj::TargetFramework=net6.0]
C:\Users\yolan\source\repos\AiDotNet\src\NeuralNetworks\DiffusionModel.cs(134,40): error CS1503: Argument 1: cannot convert from 'double' to 'AiDotNet.LinearAlgebra.Tensor<double>' [C:\Users\yolan\source\repos\AiDotNet\src\AiDotNet.csproj::TargetFramework=net6.0]
C:\Users\yolan\source\repos\AiDotNet\src\NeuralNetworks\DiffusionModels\ScoreSDE.cs(194,40): error CS1503: Argument 1: cannot convert from 'int[]' to 'int' [C:\Users\yolan\source\repos\AiDotNet\src\AiDotNet.csproj::TargetFramework=net6.0]
C:\Users\yolan\source\repos\AiDotNet\src\NeuralNetworks\DiffusionModels\ScoreSDE.cs(215,21): error CS1929: 'NeuralNetworkBase<double>' does not contain a definition for 'Backward' and the best extension method overload 'NeuralNetworkExtensions.Backward<Tensor<double>>(NeuralNetwork<Tensor<double>>, Tensor<double>)' requires a receiver of type 'AiDotNet.NeuralNetworks.NeuralNetwork<AiDotNet.LinearAlgebra.Tensor<double>>' [C:\Users\yolan\source\repos\AiDotNet\src\AiDotNet.csproj::TargetFramework=net6.0]
C:\Users\yolan\source\repos\AiDotNet\src\NeuralNetworks\DiffusionModels\ScoreSDE.cs(216,31): error CS1501: No overload for method 'Step' takes 2 arguments [C:\Users\yolan\source\repos\AiDotNet\src\AiDotNet.csproj::TargetFramework=net6.0]
C:\Users\yolan\source\repos\AiDotNet\src\Examples\ModernAIExample.cs(76,37): error CS1503: Argument 1: cannot convert from 'AiDotNet.Interfaces.FineTuningConfig' to 'AiDotNet.Models.Options.FineTuningOptions<double>' [C:\Users\yolan\source\repos\AiDotNet\src\AiDotNet.csproj::TargetFramework=net6.0]
C:\Users\yolan\source\repos\AiDotNet\src\NeuralNetworks\DiffusionModel.cs(195,44): error CS1503: Argument 1: cannot convert from 'int[]' to 'int' [C:\Users\yolan\source\repos\AiDotNet\src\AiDotNet.csproj::TargetFramework=net6.0]
C:\Users\yolan\source\repos\AiDotNet\src\NeuralNetworks\DiffusionModel.cs(211,21): error CS1929: 'NeuralNetworkBase<double>' does not contain a definition for 'Backward' and the best extension method overload 'NeuralNetworkExtensions.Backward<Tensor<double>>(NeuralNetwork<Tensor<double>>, Tensor<double>)' requires a receiver of type 'AiDotNet.NeuralNetworks.NeuralNetwork<AiDotNet.LinearAlgebra.Tensor<double>>' [C:\Users\yolan\source\repos\AiDotNet\src\AiDotNet.csproj::TargetFramework=net6.0]
C:\Users\yolan\source\repos\AiDotNet\src\NeuralNetworks\DiffusionModel.cs(212,31): error CS1501: No overload for method 'Step' takes 2 arguments [C:\Users\yolan\source\repos\AiDotNet\src\AiDotNet.csproj::TargetFramework=net6.0]
C:\Users\yolan\source\repos\AiDotNet\src\NeuralNetworks\DiffusionModels\ScoreSDE.cs(226,91): error CS0117: 'Tensor<double>' does not contain a definition for 'Zeros' [C:\Users\yolan\source\repos\AiDotNet\src\AiDotNet.csproj::TargetFramework=net6.0]
C:\Users\yolan\source\repos\AiDotNet\src\Examples\ModernAIExample.cs(111,36): error CS1503: Argument 1: cannot convert from 'AiDotNet.Examples.CLIPMultimodalModel<double>' to 'AiDotNet.Interfaces.IMultimodalModel<double, AiDotNet.Examples.MultimodalInput<double>, AiDotNet.LinearAlgebra.Vector<double>>' [C:\Users\yolan\source\repos\AiDotNet\src\AiDotNet.csproj::TargetFramework=net6.0]
C:\Users\yolan\source\repos\AiDotNet\src\Examples\ModernAIExample.cs(159,49): error CS1061: 'IInterpretableModel<double, Matrix<double>, Vector<double>>' does not contain a definition for 'GetFeatureImportance' and no accessible extension method 'GetFeatureImportance' accepting a first argument of type 'IInterpretableModel<double, Matrix<double>, Vector<double>>' could be found (are you missing a using directive or an assembly reference?) [C:\Users\yolan\source\repos\AiDotNet\src\AiDotNet.csproj::TargetFramework=net6.0]
C:\Users\yolan\source\repos\AiDotNet\src\Examples\ModernAIExample.cs(203,38): error CS1061: 'IProductionMonitor<double, Matrix<double>, Vector<double>>' does not contain a definition for 'CheckDataDrift' and no accessible extension method 'CheckDataDrift' accepting a first argument of type 'IProductionMonitor<double, Matrix<double>, Vector<double>>' could be found (are you missing a using directive or an assembly reference?) [C:\Users\yolan\source\repos\AiDotNet\src\AiDotNet.csproj::TargetFramework=net6.0]
C:\Users\yolan\source\repos\AiDotNet\src\Examples\ModernAIExample.cs(206,25): error CS1061: 'IProductionMonitor<double, Matrix<double>, Vector<double>>' does not contain a definition for 'ShouldRetrain' and no accessible extension method 'ShouldRetrain' accepting a first argument of type 'IProductionMonitor<double, Matrix<double>, Vector<double>>' could be found (are you missing a using directive or an assembly reference?) [C:\Users\yolan\source\repos\AiDotNet\src\AiDotNet.csproj::TargetFramework=net6.0]
C:\Users\yolan\source\repos\AiDotNet\src\Examples\ModernAIExample.cs(236,35): error CS7036: There is no argument given that corresponds to the required parameter 'architecture' of 'NeuralNetworkModel<double>.NeuralNetworkModel(NeuralNetworkArchitecture<double>)' [C:\Users\yolan\source\repos\AiDotNet\src\AiDotNet.csproj::TargetFramework=net6.0]
C:\Users\yolan\source\repos\AiDotNet\src\Examples\ModernAIExample.cs(244,34): error CS7036: There is no argument given that corresponds to the required parameter 'architecture' of 'NeuralNetworkModel<double>.NeuralNetworkModel(NeuralNetworkArchitecture<double>)' [C:\Users\yolan\source\repos\AiDotNet\src\AiDotNet.csproj::TargetFramework=net6.0]
C:\Users\yolan\source\repos\AiDotNet\src\NeuralNetworks\DiffusionModels\ScoreSDE.cs(313,70): error CS0117: 'Tensor<double>' does not contain a definition for 'Zeros' [C:\Users\yolan\source\repos\AiDotNet\src\AiDotNet.csproj::TargetFramework=net6.0]
C:\Users\yolan\source\repos\AiDotNet\src\Examples\ModernAIExample.cs(308,21): error CS1061: 'IPredictionModelBuilder<double, Matrix<double>, Vector<double>>' does not contain a definition for 'SetModel' and no accessible extension method 'SetModel' accepting a first argument of type 'IPredictionModelBuilder<double, Matrix<double>, Vector<double>>' could be found (are you missing a using directive or an assembly reference?) [C:\Users\yolan\source\repos\AiDotNet\src\AiDotNet.csproj::TargetFramework=net6.0]
C:\Users\yolan\source\repos\AiDotNet\src\Examples\ModernAIExample.cs(309,44): error CS7036: There is no argument given that corresponds to the required parameter 'model' of 'GradientDescentOptimizer<double, Matrix<double>, Vector<double>>.GradientDescentOptimizer(IFullModel<double, Matrix<double>, Vector<double>>, GradientDescentOptimizerOptions<double, Matrix<double>, Vector<double>>?)' [C:\Users\yolan\source\repos\AiDotNet\src\AiDotNet.csproj::TargetFramework=net6.0]
C:\Users\yolan\source\repos\AiDotNet\src\Examples\ModernAIExample.cs(312,21): error CS1061: 'IPredictionModelBuilder<double, Matrix<double>, Vector<double>>' does not contain a definition for 'SetModel' and no accessible extension method 'SetModel' accepting a first argument of type 'IPredictionModelBuilder<double, Matrix<double>, Vector<double>>' could be found (are you missing a using directive or an assembly reference?) [C:\Users\yolan\source\repos\AiDotNet\src\AiDotNet.csproj::TargetFramework=net6.0]
C:\Users\yolan\source\repos\AiDotNet\src\Examples\ModernAIExample.cs(313,44): error CS7036: There is no argument given that corresponds to the required parameter 'model' of 'AdamOptimizer<double, Matrix<double>, Vector<double>>.AdamOptimizer(IFullModel<double, Matrix<double>, Vector<double>>, AdamOptimizerOptions<double, Matrix<double>, Vector<double>>?)' [C:\Users\yolan\source\repos\AiDotNet\src\AiDotNet.csproj::TargetFramework=net6.0]
C:\Users\yolan\source\repos\AiDotNet\src\Examples\FederatedLearningExample.cs(170,41): error CS1501: No overload for method 'NextGaussian' takes 2 arguments [C:\Users\yolan\source\repos\AiDotNet\src\AiDotNet.csproj::TargetFramework=net6.0]
C:\Users\yolan\source\repos\AiDotNet\src\Examples\FederatedLearningExample.cs(231,43): error CS0121: The call is ambiguous between the following methods or properties: 'System.Linq.LinqExtensions.ToDictionary<TSource, TKey, TValue>(System.Collections.Generic.IEnumerable<TSource>, System.Func<TSource, TKey>, System.Func<TSource, TValue>)' and 'System.Linq.Enumerable.ToDictionary<TSource, TKey, TElement>(System.Collections.Generic.IEnumerable<TSource>, System.Func<TSource, TKey>, System.Func<TSource, TElement>)' [C:\Users\yolan\source\repos\AiDotNet\src\AiDotNet.csproj::TargetFramework=net6.0]
C:\Users\yolan\source\repos\AiDotNet\src\Examples\FederatedLearningExample.cs(235,17): error CS0104: 'FederatedAggregationStrategy' is an ambiguous reference between 'AiDotNet.Enums.FederatedAggregationStrategy' and 'AiDotNet.FederatedLearning.FederatedAggregationStrategy' [C:\Users\yolan\source\repos\AiDotNet\src\AiDotNet.csproj::TargetFramework=net6.0]
C:\Users\yolan\source\repos\AiDotNet\src\Examples\ComprehensiveModernAIExample.cs(118,27): error CS7036: There is no argument given that corresponds to the required parameter 'architecture' of 'VisionTransformer.VisionTransformer(NeuralNetworkArchitecture<double>, int, int, int, int, int, int, int, double, ILossFunction<double>?, double)' [C:\Users\yolan\source\repos\AiDotNet\src\AiDotNet.csproj::TargetFramework=net6.0]
C:\Users\yolan\source\repos\AiDotNet\src\Examples\ComprehensiveModernAIExample.cs(113,35): error CS1998: This async method lacks 'await' operators and will run synchronously. Consider using the 'await' operator to await non-blocking API calls, or 'await Task.Run(...)' to do CPU-bound work on a background thread. [C:\Users\yolan\source\repos\AiDotNet\src\AiDotNet.csproj::TargetFramework=net6.0]
C:\Users\yolan\source\repos\AiDotNet\src\Examples\ComprehensiveModernAIExample.cs(151,28): error CS7036: There is no argument given that corresponds to the required parameter 'architecture' of 'DiffusionModel.DiffusionModel(NeuralNetworkArchitecture<double>, int, double, double, ILossFunction<double>?, double)' [C:\Users\yolan\source\repos\AiDotNet\src\AiDotNet.csproj::TargetFramework=net6.0]
C:\Users\yolan\source\repos\AiDotNet\src\Examples\ComprehensiveModernAIExample.cs(216,32): error CS7036: There is no argument given that corresponds to the required parameter 'architecture' of 'ScoreSDE.ScoreSDE(NeuralNetworkArchitecture<double>, INeuralNetworkModel<double>, ScoreSDE.SDEType, double, double, double, ISolver, ILossFunction<double>?, double)' [C:\Users\yolan\source\repos\AiDotNet\src\AiDotNet.csproj::TargetFramework=net6.0]
C:\Users\yolan\source\repos\AiDotNet\src\Examples\ComprehensiveModernAIExample.cs(240,35): error CS7036: There is no argument given that corresponds to the required parameter 'architecture' of 'ConsistencyModel.ConsistencyModel(NeuralNetworkArchitecture<double>, INeuralNetworkModel<double>, double, double, int, double, ConsistencyModel.ScheduleType, bool, ILossFunction<double>?, double)' [C:\Users\yolan\source\repos\AiDotNet\src\AiDotNet.csproj::TargetFramework=net6.0]
C:\Users\yolan\source\repos\AiDotNet\src\Examples\ComprehensiveModernAIExample.cs(266,36): error CS7036: There is no argument given that corresponds to the required parameter 'architecture' of 'FlowMatchingModel.FlowMatchingModel(NeuralNetworkArchitecture<double>, INeuralNetworkModel<double>, FlowMatchingModel.FlowType, double, bool, int, ILossFunction<double>?, double)' [C:\Users\yolan\source\repos\AiDotNet\src\AiDotNet.csproj::TargetFramework=net6.0]
C:\Users\yolan\source\repos\AiDotNet\src\Examples\ComprehensiveModernAIExample.cs(285,87): error CS1739: The best overload for 'AdamOptimizer' does not have a parameter named 'learningRate' [C:\Users\yolan\source\repos\AiDotNet\src\AiDotNet.csproj::TargetFramework=net6.0]
C:\Users\yolan\source\repos\AiDotNet\src\Examples\ComprehensiveModernAIExample.cs(377,29): error CS7036: There is no argument given that corresponds to the required parameter 'architecture' of 'NeuralNetwork<double>.NeuralNetwork(NeuralNetworkArchitecture<double>, ILossFunction<double>?)' [C:\Users\yolan\source\repos\AiDotNet\src\AiDotNet.csproj::TargetFramework=net6.0]
C:\Users\yolan\source\repos\AiDotNet\src\Examples\ComprehensiveModernAIExample.cs(407,37): error CS0305: Using the generic type 'MobileOptimizer<TInput, TOutput, TMetadata>' requires 3 type arguments [C:\Users\yolan\source\repos\AiDotNet\src\AiDotNet.csproj::TargetFramework=net6.0]
C:\Users\yolan\source\repos\AiDotNet\src\Examples\ComprehensiveModernAIExample.cs(437,35): error CS1998: This async method lacks 'await' operators and will run synchronously. Consider using the 'await' operator to await non-blocking API calls, or 'await Task.Run(...)' to do CPU-bound work on a background thread. [C:\Users\yolan\source\repos\AiDotNet\src\AiDotNet.csproj::TargetFramework=net6.0]
C:\Users\yolan\source\repos\AiDotNet\src\Examples\ComprehensiveModernAIExample.cs(457,28): error CS7036: There is no argument given that corresponds to the required parameter 'architecture' of 'NeuralNetwork<double>.NeuralNetwork(NeuralNetworkArchitecture<double>, ILossFunction<double>?)' [C:\Users\yolan\source\repos\AiDotNet\src\AiDotNet.csproj::TargetFramework=net6.0]
C:\Users\yolan\source\repos\AiDotNet\src\Examples\ComprehensiveModernAIExample.cs(485,28): error CS7036: There is no argument given that corresponds to the required parameter 'architecture' of 'NeuralNetwork<double>.NeuralNetwork(NeuralNetworkArchitecture<double>, ILossFunction<double>?)' [C:\Users\yolan\source\repos\AiDotNet\src\AiDotNet.csproj::TargetFramework=net6.0]
C:\Users\yolan\source\repos\AiDotNet\src\Examples\ComprehensiveModernAIExample.cs(495,32): error CS7036: There is no argument given that corresponds to the required parameter 'architecture' of 'NeuralNetwork<double>.NeuralNetwork(NeuralNetworkArchitecture<double>, ILossFunction<double>?)' [C:\Users\yolan\source\repos\AiDotNet\src\AiDotNet.csproj::TargetFramework=net6.0]
C:\Users\yolan\source\repos\AiDotNet\src\Examples\ComprehensiveModernAIExample.cs(505,38): error CS7036: There is no argument given that corresponds to the required parameter 'architecture' of 'NeuralNetwork<double>.NeuralNetwork(NeuralNetworkArchitecture<double>, ILossFunction<double>?)' [C:\Users\yolan\source\repos\AiDotNet\src\AiDotNet.csproj::TargetFramework=net6.0]
C:\Users\yolan\source\repos\AiDotNet\src\Examples\ComprehensiveModernAIExample.cs(515,35): error CS7036: There is no argument given that corresponds to the required parameter 'architecture' of 'NeuralNetwork<double>.NeuralNetwork(NeuralNetworkArchitecture<double>, ILossFunction<double>?)' [C:\Users\yolan\source\repos\AiDotNet\src\AiDotNet.csproj::TargetFramework=net6.0]
C:\Users\yolan\source\repos\AiDotNet\src\Pipeline\PipelineSteps.cs(1815,59): error CS1061: 'EnsembleConfig' does not contain a definition for 'EnsembleType' and no accessible extension method 'EnsembleType' accepting a first argument of type 'EnsembleConfig' could be found (are you missing a using directive or an assembly reference?) [C:\Users\yolan\source\repos\AiDotNet\src\AiDotNet.csproj::TargetFramework=net6.0]
C:\Users\yolan\source\repos\AiDotNet\src\Pipeline\PipelineSteps.cs(858,23): error CS0144: Cannot create an instance of the abstract type or interface 'ProductionMonitorBase' [C:\Users\yolan\source\repos\AiDotNet\src\AiDotNet.csproj::TargetFramework=net6.0]
C:\Users\yolan\source\repos\AiDotNet\src\Pipeline\PipelineSteps.cs(783,17): error CS0117: 'DeploymentInfo' does not contain a definition for 'DeploymentId' [C:\Users\yolan\source\repos\AiDotNet\src\AiDotNet.csproj::TargetFramework=net6.0]
C:\Users\yolan\source\repos\AiDotNet\src\Pipeline\PipelineSteps.cs(784,17): error CS0117: 'DeploymentInfo' does not contain a definition for 'Target' [C:\Users\yolan\source\repos\AiDotNet\src\AiDotNet.csproj::TargetFramework=net6.0]
C:\Users\yolan\source\repos\AiDotNet\src\Pipeline\PipelineSteps.cs(787,17): error CS0117: 'DeploymentInfo' does not contain a definition for 'Metadata' [C:\Users\yolan\source\repos\AiDotNet\src\AiDotNet.csproj::TargetFramework=net6.0]
C:\Users\yolan\source\repos\AiDotNet\src\Pipeline\Steps\DataValidationStep.cs(85,61): error CS0117: 'StatisticsHelper<double>' does not contain a definition for 'Mean' [C:\Users\yolan\source\repos\AiDotNet\src\AiDotNet.csproj::TargetFramework=net6.0]
C:\Users\yolan\source\repos\AiDotNet\src\Pipeline\Steps\DataValidationStep.cs(86,63): error CS0117: 'StatisticsHelper<double>' does not contain a definition for 'StandardDeviation' [C:\Users\yolan\source\repos\AiDotNet\src\AiDotNet.csproj::TargetFramework=net6.0]
C:\Users\yolan\source\repos\AiDotNet\src\Pipeline\PipelineSteps.cs(813,22): error CS0104: 'DeploymentTarget' is an ambiguous reference between 'AiDotNet.Deployment.DeploymentTarget' and 'AiDotNet.Enums.DeploymentTarget' [C:\Users\yolan\source\repos\AiDotNet\src\AiDotNet.csproj::TargetFramework=net6.0]
C:\Users\yolan\source\repos\AiDotNet\src\Pipeline\PipelineSteps.cs(815,22): error CS0104: 'DeploymentTarget' is an ambiguous reference between 'AiDotNet.Deployment.DeploymentTarget' and 'AiDotNet.Enums.DeploymentTarget' [C:\Users\yolan\source\repos\AiDotNet\src\AiDotNet.csproj::TargetFramework=net6.0]
C:\Users\yolan\source\repos\AiDotNet\src\Pipeline\PipelineSteps.cs(817,22): error CS0104: 'DeploymentTarget' is an ambiguous reference between 'AiDotNet.Deployment.DeploymentTarget' and 'AiDotNet.Enums.DeploymentTarget' [C:\Users\yolan\source\repos\AiDotNet\src\AiDotNet.csproj::TargetFramework=net6.0]
C:\Users\yolan\source\repos\AiDotNet\src\Pipeline\PipelineSteps.cs(820,28): error CS0144: Cannot create an instance of the abstract type or interface 'ModelOptimizer<Matrix<double>, Vector<double>, ModelMetaData<double>>' [C:\Users\yolan\source\repos\AiDotNet\src\AiDotNet.csproj::TargetFramework=net6.0]
C:\Users\yolan\source\repos\AiDotNet\src\Pipeline\PipelineSteps.cs(835,28): error CS0144: Cannot create an instance of the abstract type or interface 'ModelOptimizer<Matrix<double>, Vector<double>, ModelMetaData<double>>' [C:\Users\yolan\source\repos\AiDotNet\src\AiDotNet.csproj::TargetFramework=net6.0]
C:\Users\yolan\source\repos\AiDotNet\src\Pipeline\PipelineSteps.cs(481,41): error CS1061: 'PredictionModelBuilder<double, Matrix<double>, Vector<double>>' does not contain a definition for 'BuildModel' and no accessible extension method 'BuildModel' accepting a first argument of type 'PredictionModelBuilder<double, Matrix<double>, Vector<double>>' could be found (are you missing a using directive or an assembly reference?) [C:\Users\yolan\source\repos\AiDotNet\src\AiDotNet.csproj::TargetFramework=net6.0]
C:\Users\yolan\source\repos\AiDotNet\src\Pipeline\PipelineSteps.cs(570,17): error CS0117: 'BayesianOptimizationAutoML<double, Matrix<double>, Vector<double>>' does not contain a definition for 'TimeLimit' [C:\Users\yolan\source\repos\AiDotNet\src\AiDotNet.csproj::TargetFramework=net6.0]
C:\Users\yolan\source\repos\AiDotNet\src\Pipeline\PipelineSteps.cs(571,17): error CS0117: 'BayesianOptimizationAutoML<double, Matrix<double>, Vector<double>>' does not contain a definition for 'TrialLimit' [C:\Users\yolan\source\repos\AiDotNet\src\AiDotNet.csproj::TargetFramework=net6.0]
C:\Users\yolan\source\repos\AiDotNet\src\Pipeline\PipelineSteps.cs(577,24): error CS1061: 'BayesianOptimizationAutoML<double, Matrix<double>, Vector<double>>' does not contain a definition for 'SetModelsToTry' and no accessible extension method 'SetModelsToTry' accepting a first argument of type 'BayesianOptimizationAutoML<double, Matrix<double>, Vector<double>>' could be found (are you missing a using directive or an assembly reference?) [C:\Users\yolan\source\repos\AiDotNet\src\AiDotNet.csproj::TargetFramework=net6.0]
C:\Users\yolan\source\repos\AiDotNet\src\Pipeline\PipelineSteps.cs(629,24): error CS7036: There is no argument given that corresponds to the required parameter 'architecture' of 'NeuralNetwork<double>.NeuralNetwork(NeuralNetworkArchitecture<double>, ILossFunction<double>?)' [C:\Users\yolan\source\repos\AiDotNet\src\AiDotNet.csproj::TargetFramework=net6.0]
C:\Users\yolan\source\repos\AiDotNet\src\Pipeline\PipelineConfigurations.cs(141,54): error CS8625: Cannot convert null literal to non-nullable reference type. [C:\Users\yolan\source\repos\AiDotNet\src\AiDotNet.csproj::TargetFramework=net6.0]
C:\Users\yolan\source\repos\AiDotNet\src\Pipeline\PipelineConfigurations.cs(71,83): error CS1061: 'OptimizationMode' does not contain a definition for 'Balanced' and no accessible extension method 'Balanced' accepting a first argument of type 'OptimizationMode' could be found (are you missing a using directive or an assembly reference?) [C:\Users\yolan\source\repos\AiDotNet\src\AiDotNet.csproj::TargetFramework=net6.0]
C:\Users\yolan\source\repos\AiDotNet\src\Pipeline\MLPipelineBuilder.cs(50,23): error CS1503: Argument 1: cannot convert from 'AiDotNet.Pipeline.DataLoadingStep' to 'AiDotNet.Interfaces.IPipelineStep<double, AiDotNet.LinearAlgebra.Tensor<double>, AiDotNet.LinearAlgebra.Tensor<double>>' [C:\Users\yolan\source\repos\AiDotNet\src\AiDotNet.csproj::TargetFramework=net6.0]
C:\Users\yolan\source\repos\AiDotNet\src\Pipeline\MLPipelineBuilder.cs(60,23): error CS1503: Argument 1: cannot convert from 'AiDotNet.Pipeline.DataLoadingStep' to 'AiDotNet.Interfaces.IPipelineStep<double, AiDotNet.LinearAlgebra.Tensor<double>, AiDotNet.LinearAlgebra.Tensor<double>>' [C:\Users\yolan\source\repos\AiDotNet\src\AiDotNet.csproj::TargetFramework=net6.0]
C:\Users\yolan\source\repos\AiDotNet\src\Pipeline\MLPipelineBuilder.cs(71,23): error CS1503: Argument 1: cannot convert from 'AiDotNet.Pipeline.DataCleaningStep' to 'AiDotNet.Interfaces.IPipelineStep<double, AiDotNet.LinearAlgebra.Tensor<double>, AiDotNet.LinearAlgebra.Tensor<double>>' [C:\Users\yolan\source\repos\AiDotNet\src\AiDotNet.csproj::TargetFramework=net6.0]
C:\Users\yolan\source\repos\AiDotNet\src\Pipeline\MLPipeline.cs(46,32): error CS1061: 'IPipelineStep<double, Tensor<double>, Tensor<double>>' does not contain a definition for 'ExecuteAsync' and no accessible extension method 'ExecuteAsync' accepting a first argument of type 'IPipelineStep<double, Tensor<double>, Tensor<double>>' could be found (are you missing a using directive or an assembly reference?) [C:\Users\yolan\source\repos\AiDotNet\src\AiDotNet.csproj::TargetFramework=net6.0]
C:\Users\yolan\source\repos\AiDotNet\src\Pipeline\MLPipelineBuilder.cs(82,23): error CS1503: Argument 1: cannot convert from 'AiDotNet.Pipeline.FeatureEngineeringStep' to 'AiDotNet.Interfaces.IPipelineStep<double, AiDotNet.LinearAlgebra.Tensor<double>, AiDotNet.LinearAlgebra.Tensor<double>>' [C:\Users\yolan\source\repos\AiDotNet\src\AiDotNet.csproj::TargetFramework=net6.0]
C:\Users\yolan\source\repos\AiDotNet\src\Pipeline\PipelineSteps.cs(124,28): error CS0029: Cannot implicitly convert type 'AiDotNet.LinearAlgebra.Tensor<double>' to 'System.Collections.Generic.Dictionary<string, object>' [C:\Users\yolan\source\repos\AiDotNet\src\AiDotNet.csproj::TargetFramework=net6.0]
C:\Users\yolan\source\repos\AiDotNet\src\Pipeline\PipelineSteps.cs(125,21): error CS1061: 'PipelineContext<double, Tensor<double>, Tensor<double>>' does not contain a definition for 'Labels' and no accessible extension method 'Labels' accepting a first argument of type 'PipelineContext<double, Tensor<double>, Tensor<double>>' could be found (are you missing a using directive or an assembly reference?) [C:\Users\yolan\source\repos\AiDotNet\src\AiDotNet.csproj::TargetFramework=net6.0]
C:\Users\yolan\source\repos\AiDotNet\src\Pipeline\PipelineSteps.cs(132,21): error CS1501: No overload for method 'this' takes 2 arguments [C:\Users\yolan\source\repos\AiDotNet\src\AiDotNet.csproj::TargetFramework=net6.0]
C:\Users\yolan\source\repos\AiDotNet\src\Pipeline\PipelineSteps.cs(134,25): error CS1061: 'PipelineContext<double, Tensor<double>, Tensor<double>>' does not contain a definition for 'Labels' and no accessible extension method 'Labels' accepting a first argument of type 'PipelineContext<double, Tensor<double>, Tensor<double>>' could be found (are you missing a using directive or an assembly reference?) [C:\Users\yolan\source\repos\AiDotNet\src\AiDotNet.csproj::TargetFramework=net6.0]
C:\Users\yolan\source\repos\AiDotNet\src\Pipeline\MLPipelineBuilder.cs(91,23): error CS1503: Argument 1: cannot convert from 'AiDotNet.Pipeline.DataSplittingStep' to 'AiDotNet.Interfaces.IPipelineStep<double, AiDotNet.LinearAlgebra.Tensor<double>, AiDotNet.LinearAlgebra.Tensor<double>>' [C:\Users\yolan\source\repos\AiDotNet\src\AiDotNet.csproj::TargetFramework=net6.0]
C:\Users\yolan\source\repos\AiDotNet\src\Pipeline\MLPipelineBuilder.cs(102,23): error CS1503: Argument 1: cannot convert from 'AiDotNet.Pipeline.DataAugmentationStep' to 'AiDotNet.Interfaces.IPipelineStep<double, AiDotNet.LinearAlgebra.Tensor<double>, AiDotNet.LinearAlgebra.Tensor<double>>' [C:\Users\yolan\source\repos\AiDotNet\src\AiDotNet.csproj::TargetFramework=net6.0]
C:\Users\yolan\source\repos\AiDotNet\src\Pipeline\PipelineOrchestrator.cs(280,56): error CS0121: The call is ambiguous between the following methods or properties: 'System.Linq.LinqExtensions.LastOrDefault<T>(System.Collections.Generic.IEnumerable<T>)' and 'System.Linq.Enumerable.LastOrDefault<TSource>(System.Collections.Generic.IEnumerable<TSource>)' [C:\Users\yolan\source\repos\AiDotNet\src\AiDotNet.csproj::TargetFramework=net6.0]
C:\Users\yolan\source\repos\AiDotNet\src\MultimodalAI\EarlyFusionMultimodal.cs(71,31): error CS8602: Dereference of a possibly null reference. [C:\Users\yolan\source\repos\AiDotNet\src\AiDotNet.csproj::TargetFramework=net6.0]
C:\Users\yolan\source\repos\AiDotNet\src\Pipeline\MLPipelineBuilder.cs(111,23): error CS1503: Argument 1: cannot convert from 'AiDotNet.Pipeline.NormalizationStep' to 'AiDotNet.Interfaces.IPipelineStep<double, AiDotNet.LinearAlgebra.Tensor<double>, AiDotNet.LinearAlgebra.Tensor<double>>' [C:\Users\yolan\source\repos\AiDotNet\src\AiDotNet.csproj::TargetFramework=net6.0]
C:\Users\yolan\source\repos\AiDotNet\src\Pipeline\MLPipelineBuilder.cs(123,23): error CS1503: Argument 1: cannot convert from 'AiDotNet.Pipeline.ModelTrainingStep' to 'AiDotNet.Interfaces.IPipelineStep<double, AiDotNet.LinearAlgebra.Tensor<double>, AiDotNet.LinearAlgebra.Tensor<double>>' [C:\Users\yolan\source\repos\AiDotNet\src\AiDotNet.csproj::TargetFramework=net6.0]
C:\Users\yolan\source\repos\AiDotNet\src\Pipeline\MLPipelineBuilder.cs(135,23): error CS1503: Argument 1: cannot convert from 'AiDotNet.Pipeline.ModelTrainingStep' to 'AiDotNet.Interfaces.IPipelineStep<double, AiDotNet.LinearAlgebra.Tensor<double>, AiDotNet.LinearAlgebra.Tensor<double>>' [C:\Users\yolan\source\repos\AiDotNet\src\AiDotNet.csproj::TargetFramework=net6.0]
C:\Users\yolan\source\repos\AiDotNet\src\Pipeline\MLPipelineBuilder.cs(147,23): error CS1503: Argument 1: cannot convert from 'AiDotNet.Pipeline.ModelTrainingStep' to 'AiDotNet.Interfaces.IPipelineStep<double, AiDotNet.LinearAlgebra.Tensor<double>, AiDotNet.LinearAlgebra.Tensor<double>>' [C:\Users\yolan\source\repos\AiDotNet\src\AiDotNet.csproj::TargetFramework=net6.0]
C:\Users\yolan\source\repos\AiDotNet\src\MultimodalAI\CrossAttentionMultimodal.cs(110,32): error CS8602: Dereference of a possibly null reference. [C:\Users\yolan\source\repos\AiDotNet\src\AiDotNet.csproj::TargetFramework=net6.0]
C:\Users\yolan\source\repos\AiDotNet\src\MultimodalAI\LateFusionMultimodal.cs(105,31): error CS8602: Dereference of a possibly null reference. [C:\Users\yolan\source\repos\AiDotNet\src\AiDotNet.csproj::TargetFramework=net6.0]
C:\Users\yolan\source\repos\AiDotNet\src\Pipeline\MLPipelineBuilder.cs(158,23): error CS1503: Argument 1: cannot convert from 'AiDotNet.Pipeline.ModelTrainingStep' to 'AiDotNet.Interfaces.IPipelineStep<double, AiDotNet.LinearAlgebra.Tensor<double>, AiDotNet.LinearAlgebra.Tensor<double>>' [C:\Users\yolan\source\repos\AiDotNet\src\AiDotNet.csproj::TargetFramework=net6.0]
C:\Users\yolan\source\repos\AiDotNet\src\Pipeline\Steps\DataValidationStep.cs(295,57): error CS0117: 'StatisticsHelper<double>' does not contain a definition for 'StandardDeviation' [C:\Users\yolan\source\repos\AiDotNet\src\AiDotNet.csproj::TargetFramework=net6.0]
C:\Users\yolan\source\repos\AiDotNet\src\Pipeline\MLPipelineBuilder.cs(167,23): error CS1503: Argument 1: cannot convert from 'AiDotNet.Pipeline.CrossValidationStep' to 'AiDotNet.Interfaces.IPipelineStep<double, AiDotNet.LinearAlgebra.Tensor<double>, AiDotNet.LinearAlgebra.Tensor<double>>' [C:\Users\yolan\source\repos\AiDotNet\src\AiDotNet.csproj::TargetFramework=net6.0]
C:\Users\yolan\source\repos\AiDotNet\src\Pipeline\PipelineResult.cs(268,32): error CS0121: The call is ambiguous between the following methods or properties: 'System.Linq.LinqExtensions.ToDictionary<TSource, TKey, TValue>(System.Collections.Generic.IEnumerable<TSource>, System.Func<TSource, TKey>, System.Func<TSource, TValue>)' and 'System.Linq.Enumerable.ToDictionary<TSource, TKey, TElement>(System.Collections.Generic.IEnumerable<TSource>, System.Func<TSource, TKey>, System.Func<TSource, TElement>)' [C:\Users\yolan\source\repos\AiDotNet\src\AiDotNet.csproj::TargetFramework=net6.0]
C:\Users\yolan\source\repos\AiDotNet\src\Pipeline\MLPipelineBuilder.cs(176,23): error CS1503: Argument 1: cannot convert from 'AiDotNet.Pipeline.EvaluationStep' to 'AiDotNet.Interfaces.IPipelineStep<double, AiDotNet.LinearAlgebra.Tensor<double>, AiDotNet.LinearAlgebra.Tensor<double>>' [C:\Users\yolan\source\repos\AiDotNet\src\AiDotNet.csproj::TargetFramework=net6.0]
C:\Users\yolan\source\repos\AiDotNet\src\Pipeline\MLPipelineBuilder.cs(187,23): error CS1503: Argument 1: cannot convert from 'AiDotNet.Pipeline.HyperparameterTuningStep' to 'AiDotNet.Interfaces.IPipelineStep<double, AiDotNet.LinearAlgebra.Tensor<double>, AiDotNet.LinearAlgebra.Tensor<double>>' [C:\Users\yolan\source\repos\AiDotNet\src\AiDotNet.csproj::TargetFramework=net6.0]
C:\Users\yolan\source\repos\AiDotNet\src\Pipeline\MLPipelineBuilder.cs(196,23): error CS1503: Argument 1: cannot convert from 'AiDotNet.Pipeline.InterpretabilityStep' to 'AiDotNet.Interfaces.IPipelineStep<double, AiDotNet.LinearAlgebra.Tensor<double>, AiDotNet.LinearAlgebra.Tensor<double>>' [C:\Users\yolan\source\repos\AiDotNet\src\AiDotNet.csproj::TargetFramework=net6.0]
C:\Users\yolan\source\repos\AiDotNet\src\Pipeline\MLPipelineBuilder.cs(205,23): error CS1503: Argument 1: cannot convert from 'AiDotNet.Pipeline.ModelCompressionStep' to 'AiDotNet.Interfaces.IPipelineStep<double, AiDotNet.LinearAlgebra.Tensor<double>, AiDotNet.LinearAlgebra.Tensor<double>>' [C:\Users\yolan\source\repos\AiDotNet\src\AiDotNet.csproj::TargetFramework=net6.0]
C:\Users\yolan\source\repos\AiDotNet\src\Pipeline\MLPipelineBuilder.cs(217,23): error CS1503: Argument 1: cannot convert from 'AiDotNet.Pipeline.DeploymentStep' to 'AiDotNet.Interfaces.IPipelineStep<double, AiDotNet.LinearAlgebra.Tensor<double>, AiDotNet.LinearAlgebra.Tensor<double>>' [C:\Users\yolan\source\repos\AiDotNet\src\AiDotNet.csproj::TargetFramework=net6.0]
C:\Users\yolan\source\repos\AiDotNet\src\Pipeline\MLPipelineBuilder.cs(228,23): error CS1503: Argument 1: cannot convert from 'AiDotNet.Pipeline.MonitoringStep' to 'AiDotNet.Interfaces.IPipelineStep<double, AiDotNet.LinearAlgebra.Tensor<double>, AiDotNet.LinearAlgebra.Tensor<double>>' [C:\Users\yolan\source\repos\AiDotNet\src\AiDotNet.csproj::TargetFramework=net6.0]
C:\Users\yolan\source\repos\AiDotNet\src\Pipeline\MLPipelineBuilder.cs(237,23): error CS1503: Argument 1: cannot convert from 'AiDotNet.Pipeline.ABTestingStep' to 'AiDotNet.Interfaces.IPipelineStep<double, AiDotNet.LinearAlgebra.Tensor<double>, AiDotNet.LinearAlgebra.Tensor<double>>' [C:\Users\yolan\source\repos\AiDotNet\src\AiDotNet.csproj::TargetFramework=net6.0]
C:\Users\yolan\source\repos\AiDotNet\src\MultimodalAI\EarlyFusionMultimodal.cs(123,44): error CS8602: Dereference of a possibly null reference. [C:\Users\yolan\source\repos\AiDotNet\src\AiDotNet.csproj::TargetFramework=net6.0]
C:\Users\yolan\source\repos\AiDotNet\src\Pipeline\PipelineResult.cs(297,32): error CS0121: The call is ambiguous between the following methods or properties: 'System.Linq.LinqExtensions.ToDictionary<TSource, TKey, TValue>(System.Collections.Generic.IEnumerable<TSource>, System.Func<TSource, TKey>, System.Func<TSource, TValue>)' and 'System.Linq.Enumerable.ToDictionary<TSource, TKey, TElement>(System.Collections.Generic.IEnumerable<TSource>, System.Func<TSource, TKey>, System.Func<TSource, TElement>)' [C:\Users\yolan\source\repos\AiDotNet\src\AiDotNet.csproj::TargetFramework=net6.0]
C:\Users\yolan\source\repos\AiDotNet\src\Pipeline\MLPipelineBuilder.cs(265,75): error CS1503: Argument 1: cannot convert from 'AiDotNet.Pipeline.PipelineConfiguration' to 'System.Collections.Generic.List<AiDotNet.Interfaces.IPipelineStep<double, AiDotNet.LinearAlgebra.Tensor<double>, AiDotNet.LinearAlgebra.Tensor<double>>>' [C:\Users\yolan\source\repos\AiDotNet\src\AiDotNet.csproj::TargetFramework=net6.0]
C:\Users\yolan\source\repos\AiDotNet\src\Pipeline\MLPipelineBuilder.cs(265,90): error CS1503: Argument 2: cannot convert from 'System.Collections.Generic.List<AiDotNet.Interfaces.IPipelineStep<double, AiDotNet.LinearAlgebra.Tensor<double>, AiDotNet.LinearAlgebra.Tensor<double>>>' to 'AiDotNet.Pipeline.PipelineConfiguration' [C:\Users\yolan\source\repos\AiDotNet\src\AiDotNet.csproj::TargetFramework=net6.0]
C:\Users\yolan\source\repos\AiDotNet\src\Pipeline\MLPipelineBuilder.cs(274,20): error CS0029: Cannot implicitly convert type 'AiDotNet.Pipeline.PipelineExecutionResult<double, AiDotNet.LinearAlgebra.Matrix<double>, AiDotNet.LinearAlgebra.Vector<double>>' to 'AiDotNet.Pipeline.PipelineResult' [C:\Users\yolan\source\repos\AiDotNet\src\AiDotNet.csproj::TargetFramework=net6.0]
C:\Users\yolan\source\repos\AiDotNet\src\Pipeline\MLPipelineBuilder.cs(283,29): error CS1061: 'MLPipeline<double, Matrix<double>, Vector<double>>' does not contain a definition for 'Run' and no accessible extension method 'Run' accepting a first argument of type 'MLPipeline<double, Matrix<double>, Vector<double>>' could be found (are you missing a using directive or an assembly reference?) [C:\Users\yolan\source\repos\AiDotNet\src\AiDotNet.csproj::TargetFramework=net6.0]
C:\Users\yolan\source\repos\AiDotNet\src\MultimodalAI\LateFusionMultimodal.cs(153,80): error CS8625: Cannot convert null literal to non-nullable reference type. [C:\Users\yolan\source\repos\AiDotNet\src\AiDotNet.csproj::TargetFramework=net6.0]
C:\Users\yolan\source\repos\AiDotNet\src\MultimodalAI\LateFusionMultimodal.cs(161,34): error CS8602: Dereference of a possibly null reference. [C:\Users\yolan\source\repos\AiDotNet\src\AiDotNet.csproj::TargetFramework=net6.0]
C:\Users\yolan\source\repos\AiDotNet\src\MultimodalAI\LateFusionMultimodal.cs(208,20): error CS0266: Cannot implicitly convert type 'AiDotNet.MultimodalAI.LateFusionMultimodal' to 'AiDotNet.Interfaces.IFullModel<double, System.Collections.Generic.Dictionary<string, object>, AiDotNet.LinearAlgebra.Vector<double>>'. An explicit conversion exists (are you missing a cast?) [C:\Users\yolan\source\repos\AiDotNet\src\AiDotNet.csproj::TargetFramework=net6.0]
C:\Users\yolan\source\repos\AiDotNet\src\MultimodalAI\EarlyFusionMultimodal.cs(198,20): error CS0266: Cannot implicitly convert type 'AiDotNet.MultimodalAI.EarlyFusionMultimodal' to 'AiDotNet.Interfaces.IFullModel<double, System.Collections.Generic.Dictionary<string, object>, AiDotNet.LinearAlgebra.Vector<double>>'. An explicit conversion exists (are you missing a cast?) [C:\Users\yolan\source\repos\AiDotNet\src\AiDotNet.csproj::TargetFramework=net6.0]
C:\Users\yolan\source\repos\AiDotNet\src\MultimodalAI\EarlyFusionMultimodal.cs(238,67): error CS1503: Argument 1: cannot convert from 'int[]' to 'AiDotNet.NeuralNetworks.NeuralNetworkArchitecture<double>' [C:\Users\yolan\source\repos\AiDotNet\src\AiDotNet.csproj::TargetFramework=net6.0]
C:\Users\yolan\source\repos\AiDotNet\src\Pipeline\Steps\CachingStep.cs(353,24): error CS0104: 'JsonSerializer' is an ambiguous reference between 'Newtonsoft.Json.JsonSerializer' and 'System.Text.Json.JsonSerializer' [C:\Users\yolan\source\repos\AiDotNet\src\AiDotNet.csproj::TargetFramework=net6.0]
C:\Users\yolan\source\repos\AiDotNet\src\Pipeline\Steps\CachingStep.cs(363,20): error CS0104: 'JsonSerializer' is an ambiguous reference between 'Newtonsoft.Json.JsonSerializer' and 'System.Text.Json.JsonSerializer' [C:\Users\yolan\source\repos\AiDotNet\src\AiDotNet.csproj::TargetFramework=net6.0]
C:\Users\yolan\source\repos\AiDotNet\src\MultimodalAI\LateFusionMultimodal.cs(249,43): error CS0121: The call is ambiguous between the following methods or properties: 'System.Linq.LinqExtensions.ToDictionary<TSource, TKey, TValue>(System.Collections.Generic.IEnumerable<TSource>, System.Func<TSource, TKey>, System.Func<TSource, TValue>)' and 'System.Linq.Enumerable.ToDictionary<TSource, TKey, TElement>(System.Collections.Generic.IEnumerable<TSource>, System.Func<TSource, TKey>, System.Func<TSource, TElement>)' [C:\Users\yolan\source\repos\AiDotNet\src\AiDotNet.csproj::TargetFramework=net6.0]
C:\Users\yolan\source\repos\AiDotNet\src\MultimodalAI\CrossAttentionMultimodal.cs(359,72): error CS1503: Argument 1: cannot convert from 'int[]' to 'AiDotNet.NeuralNetworks.NeuralNetworkArchitecture<double>' [C:\Users\yolan\source\repos\AiDotNet\src\AiDotNet.csproj::TargetFramework=net6.0]
C:\Users\yolan\source\repos\AiDotNet\src\MultimodalAI\CrossAttentionMultimodal.cs(389,20): error CS0266: Cannot implicitly convert type 'AiDotNet.MultimodalAI.CrossAttentionMultimodal' to 'AiDotNet.Interfaces.IFullModel<double, System.Collections.Generic.Dictionary<string, object>, AiDotNet.LinearAlgebra.Vector<double>>'. An explicit conversion exists (are you missing a cast?) [C:\Users\yolan\source\repos\AiDotNet\src\AiDotNet.csproj::TargetFramework=net6.0]
C:\Users\yolan\source\repos\AiDotNet\src\NeuralNetworks\DiffusionModels\LatentDiffusionModel.cs(31,20): error CS1503: Argument 1: cannot convert from 'int' to 'AiDotNet.NeuralNetworks.NeuralNetworkArchitecture<double>' [C:\Users\yolan\source\repos\AiDotNet\src\AiDotNet.csproj::TargetFramework=net6.0]
C:\Users\yolan\source\repos\AiDotNet\src\NeuralNetworks\DiffusionModels\LatentDiffusionModel.cs(31,31): error CS1503: Argument 2: cannot convert from 'double' to 'int' [C:\Users\yolan\source\repos\AiDotNet\src\AiDotNet.csproj::TargetFramework=net6.0]
C:\Users\yolan\source\repos\AiDotNet\src\NeuralNetworks\DiffusionModels\LatentDiffusionModel.cs(31,47): error CS1503: Argument 4: cannot convert from 'string' to 'double' [C:\Users\yolan\source\repos\AiDotNet\src\AiDotNet.csproj::TargetFramework=net6.0]
C:\Users\yolan\source\repos\AiDotNet\src\NeuralNetworks\DiffusionModels\LatentDiffusionModel.cs(74,47): error CS0122: 'DiffusionModel.timesteps' is inaccessible due to its protection level [C:\Users\yolan\source\repos\AiDotNet\src\AiDotNet.csproj::TargetFramework=net6.0]
C:\Users\yolan\source\repos\AiDotNet\src\NeuralNetworks\DiffusionModels\LatentDiffusionModel.cs(80,43): error CS8600: Converting null literal or possible null value to non-nullable type. [C:\Users\yolan\source\repos\AiDotNet\src\AiDotNet.csproj::TargetFramework=net6.0]
C:\Users\yolan\source\repos\AiDotNet\src\NeuralNetworks\DiffusionModels\LatentDiffusionModel.cs(89,70): error CS8604: Possible null reference argument for parameter 'conditioning' in 'Tensor<double> LatentDiffusionModel.ReverseStepConditional(Tensor<double> x, int t, Tensor<double> conditioning, Random random)'. [C:\Users\yolan\source\repos\AiDotNet\src\AiDotNet.csproj::TargetFramework=net6.0]
C:\Users\yolan\source\repos\AiDotNet\src\NeuralNetworks\DiffusionModels\LatentDiffusionModel.cs(107,68): error CS8604: Possible null reference argument for parameter 'conditioning' in 'Tensor<double> LatentDiffusionModel.GenerateConditional(int[] shape, Tensor<double> conditioning, int? seed)'. [C:\Users\yolan\source\repos\AiDotNet\src\AiDotNet.csproj::TargetFramework=net6.0]
C:\Users\yolan\source\repos\AiDotNet\src\NeuralNetworks\DiffusionModels\LatentDiffusionModel.cs(139,26): error CS0122: 'DiffusionModel.GenerateNoise(int[], Random)' is inaccessible due to its protection level [C:\Users\yolan\source\repos\AiDotNet\src\AiDotNet.csproj::TargetFramework=net6.0]
C:\Users\yolan\source\repos\AiDotNet\src\NeuralNetworks\DiffusionModels\LatentDiffusionModel.cs(145,26): error CS0122: 'DiffusionModel.timesteps' is inaccessible due to its protection level [C:\Users\yolan\source\repos\AiDotNet\src\AiDotNet.csproj::TargetFramework=net6.0]
C:\Users\yolan\source\repos\AiDotNet\src\NeuralNetworks\DiffusionModels\LatentDiffusionModel.cs(162,68): error CS8625: Cannot convert null literal to non-nullable reference type. [C:\Users\yolan\source\repos\AiDotNet\src\AiDotNet.csproj::TargetFramework=net6.0]
C:\Users\yolan\source\repos\AiDotNet\src\NeuralNetworks\DiffusionModels\LatentDiffusionModel.cs(180,41): error CS0122: 'DiffusionModel.noisePredictor' is inaccessible due to its protection level [C:\Users\yolan\source\repos\AiDotNet\src\AiDotNet.csproj::TargetFramework=net6.0]
C:\Users\yolan\source\repos\AiDotNet\src\NeuralNetworks\DiffusionModels\LatentDiffusionModel.cs(185,20): error CS0122: 'DiffusionModel.PredictNoise(Tensor<double>, Tensor<double>)' is inaccessible due to its protection level [C:\Users\yolan\source\repos\AiDotNet\src\AiDotNet.csproj::TargetFramework=net6.0]
C:\Users\yolan\source\repos\AiDotNet\src\NeuralNetworks\DiffusionModels\LatentDiffusionModel.cs(197,32): error CS0122: 'DiffusionModel.posteriorVariance' is inaccessible due to its protection level [C:\Users\yolan\source\repos\AiDotNet\src\AiDotNet.csproj::TargetFramework=net6.0]
C:\Users\yolan\source\repos\AiDotNet\src\NeuralNetworks\DiffusionModels\LatentDiffusionModel.cs(198,29): error CS0122: 'DiffusionModel.GenerateNoise(int[], Random)' is inaccessible due to its protection level [C:\Users\yolan\source\repos\AiDotNet\src\AiDotNet.csproj::TargetFramework=net6.0]
C:\Users\yolan\source\repos\AiDotNet\src\NeuralNetworks\DiffusionModels\LatentDiffusionModel.cs(210,24): error CS0122: 'DiffusionModel.betas' is inaccessible due to its protection level [C:\Users\yolan\source\repos\AiDotNet\src\AiDotNet.csproj::TargetFramework=net6.0]
C:\Users\yolan\source\repos\AiDotNet\src\NeuralNetworks\DiffusionModels\LatentDiffusionModel.cs(211,25): error CS0122: 'DiffusionModel.alphas' is inaccessible due to its protection level [C:\Users\yolan\source\repos\AiDotNet\src\AiDotNet.csproj::TargetFramework=net6.0]
C:\Users\yolan\source\repos\AiDotNet\src\NeuralNetworks\DiffusionModels\LatentDiffusionModel.cs(212,32): error CS0122: 'DiffusionModel.alphasCumprod' is inaccessible due to its protection level [C:\Users\yolan\source\repos\AiDotNet\src\AiDotNet.csproj::TargetFramework=net6.0]
C:\Users\yolan\source\repos\AiDotNet\src\NeuralNetworks\DiffusionModels\LatentDiffusionModel.cs(213,37): error CS0122: 'DiffusionModel.sqrtOneMinusAlphasCumprod' is inaccessible due to its protection level [C:\Users\yolan\source\repos\AiDotNet\src\AiDotNet.csproj::TargetFramework=net6.0]
C:\Users\yolan\source\repos\AiDotNet\src\NeuralNetworks\DiffusionModels\LatentDiffusionModel.cs(216,28): error CS1503: Argument 1: cannot convert from 'double' to 'AiDotNet.LinearAlgebra.Tensor<double>' [C:\Users\yolan\source\repos\AiDotNet\src\AiDotNet.csproj::TargetFramework=net6.0]
C:\Users\yolan\source\repos\AiDotNet\src\NeuralNetworks\DiffusionModels\LatentDiffusionModel.cs(232,49): error CS1503: Argument 1: cannot convert from 'double' to 'AiDotNet.LinearAlgebra.Tensor<double>' [C:\Users\yolan\source\repos\AiDotNet\src\AiDotNet.csproj::TargetFramework=net6.0]
C:\Users\yolan\source\repos\AiDotNet\src\NeuralNetworks\DiffusionModels\LatentDiffusionModel.cs(266,81): error CS1503: Argument 1: cannot convert from 'int' to 'AiDotNet.LinearAlgebra.Tensor<double>' [C:\Users\yolan\source\repos\AiDotNet\src\AiDotNet.csproj::TargetFramework=net6.0]
C:\Users\yolan\source\repos\AiDotNet\src\NeuralNetworks\DiffusionModels\LatentDiffusionModel.cs(273,19): error CS0122: 'DiffusionModel.PredictNoise(Tensor<double>, Tensor<double>)' is inaccessible due to its protection level [C:\Users\yolan\source\repos\AiDotNet\src\AiDotNet.csproj::TargetFramework=net6.0]
C:\Users\yolan\source\repos\AiDotNet\src\NeuralNetworks\DiffusionModels\FlowMatchingModel.cs(49,13): error CS0118: 'ModelCategory' is a type but is used like a variable [C:\Users\yolan\source\repos\AiDotNet\src\AiDotNet.csproj::TargetFramework=net6.0]
C:\Users\yolan\source\repos\AiDotNet\src\ProductionMonitoring\ProductionMonitorBase.cs(157,24): error CS0029: Cannot implicitly convert type 'System.Threading.Tasks.Task<AiDotNet.Interfaces.MonitoringMetricsCollection>' to 'AiDotNet.Interfaces.MonitoringMetricsCollection' [C:\Users\yolan\source\repos\AiDotNet\src\AiDotNet.csproj::TargetFramework=net6.0]
C:\Users\yolan\source\repos\AiDotNet\src\ProductionMonitoring\ProductionMonitorBase.cs(139,64): error CS1998: This async method lacks 'await' operators and will run synchronously. Consider using the 'await' operator to await non-blocking API calls, or 'await Task.Run(...)' to do CPU-bound work on a background thread. [C:\Users\yolan\source\repos\AiDotNet\src\AiDotNet.csproj::TargetFramework=net6.0]
C:\Users\yolan\source\repos\AiDotNet\src\NeuralNetworks\DiffusionModels\FlowMatchingModel.cs(86,40): error CS1503: Argument 1: cannot convert from 'int[]' to 'int' [C:\Users\yolan\source\repos\AiDotNet\src\AiDotNet.csproj::TargetFramework=net6.0]
C:\Users\yolan\source\repos\AiDotNet\src\NeuralNetworks\DiffusionModels\FlowMatchingModel.cs(108,21): error CS1929: 'NeuralNetworkBase<double>' does not contain a definition for 'Backward' and the best extension method overload 'NeuralNetworkExtensions.Backward<Tensor<double>>(NeuralNetwork<Tensor<double>>, Tensor<double>)' requires a receiver of type 'AiDotNet.NeuralNetworks.NeuralNetwork<AiDotNet.LinearAlgebra.Tensor<double>>' [C:\Users\yolan\source\repos\AiDotNet\src\AiDotNet.csproj::TargetFramework=net6.0]
C:\Users\yolan\source\repos\AiDotNet\src\NeuralNetworks\DiffusionModels\FlowMatchingModel.cs(109,31): error CS1501: No overload for method 'Step' takes 2 arguments [C:\Users\yolan\source\repos\AiDotNet\src\AiDotNet.csproj::TargetFramework=net6.0]
C:\Users\yolan\source\repos\AiDotNet\src\NeuralNetworks\DiffusionModels\FlowMatchingModel.cs(283,40): error CS1503: Argument 1: cannot convert from 'int[]' to 'int' [C:\Users\yolan\source\repos\AiDotNet\src\AiDotNet.csproj::TargetFramework=net6.0]
C:\Users\yolan\source\repos\AiDotNet\src\NeuralNetworks\DiffusionModels\FlowMatchingModel.cs(288,27): error CS1503: Argument 1: cannot convert from '(AiDotNet.LinearAlgebra.Tensor<double>, ?)' to '(AiDotNet.LinearAlgebra.Tensor<double>, AiDotNet.LinearAlgebra.Tensor<double>)' [C:\Users\yolan\source\repos\AiDotNet\src\AiDotNet.csproj::TargetFramework=net6.0]
C:\Users\yolan\source\repos\AiDotNet\src\NeuralNetworks\DiffusionModels\FlowMatchingModel.cs(334,21): error CS1929: 'NeuralNetworkBase<double>' does not contain a definition for 'Backward' and the best extension method overload 'NeuralNetworkExtensions.Backward<Tensor<double>>(NeuralNetwork<Tensor<double>>, Tensor<double>)' requires a receiver of type 'AiDotNet.NeuralNetworks.NeuralNetwork<AiDotNet.LinearAlgebra.Tensor<double>>' [C:\Users\yolan\source\repos\AiDotNet\src\AiDotNet.csproj::TargetFramework=net6.0]
C:\Users\yolan\source\repos\AiDotNet\src\NeuralNetworks\DiffusionModels\FlowMatchingModel.cs(335,31): error CS1501: No overload for method 'Step' takes 2 arguments [C:\Users\yolan\source\repos\AiDotNet\src\AiDotNet.csproj::TargetFramework=net6.0]
C:\Users\yolan\source\repos\AiDotNet\src\NeuralNetworks\DiffusionModels\DDIMModel.cs(25,20): error CS1503: Argument 1: cannot convert from 'int' to 'AiDotNet.NeuralNetworks.NeuralNetworkArchitecture<double>' [C:\Users\yolan\source\repos\AiDotNet\src\AiDotNet.csproj::TargetFramework=net6.0]
C:\Users\yolan\source\repos\AiDotNet\src\NeuralNetworks\DiffusionModels\DDIMModel.cs(25,31): error CS1503: Argument 2: cannot convert from 'double' to 'int' [C:\Users\yolan\source\repos\AiDotNet\src\AiDotNet.csproj::TargetFramework=net6.0]
C:\Users\yolan\source\repos\AiDotNet\src\NeuralNetworks\DiffusionModels\DDIMModel.cs(25,51): error CS1503: Argument 4: cannot convert from 'string' to 'double' [C:\Users\yolan\source\repos\AiDotNet\src\AiDotNet.csproj::TargetFramework=net6.0]
C:\Users\yolan\source\repos\AiDotNet\src\NeuralNetworks\DiffusionModels\DDIMModel.cs(39,26): error CS0122: 'DiffusionModel.GenerateNoise(int[], Random)' is inaccessible due to its protection level [C:\Users\yolan\source\repos\AiDotNet\src\AiDotNet.csproj::TargetFramework=net6.0]
C:\Users\yolan\source\repos\AiDotNet\src\NeuralNetworks\DiffusionModels\DDIMModel.cs(42,54): error CS0122: 'DiffusionModel.timesteps' is inaccessible due to its protection level [C:\Users\yolan\source\repos\AiDotNet\src\AiDotNet.csproj::TargetFramework=net6.0]
C:\Users\yolan\source\repos\AiDotNet\src\ProductionMonitoring\ProductionMonitorBase.cs(237,47): error CS8629: Nullable value type may be null. [C:\Users\yolan\source\repos\AiDotNet\src\AiDotNet.csproj::TargetFramework=net6.0]
C:\Users\yolan\source\repos\AiDotNet\src\NeuralNetworks\DiffusionModels\DDIMModel.cs(62,34): error CS0122: 'DiffusionModel.PredictNoise(Tensor<double>, Tensor<double>)' is inaccessible due to its protection level [C:\Users\yolan\source\repos\AiDotNet\src\AiDotNet.csproj::TargetFramework=net6.0]
C:\Users\yolan\source\repos\AiDotNet\src\NeuralNetworks\DiffusionModels\DDIMModel.cs(65,32): error CS0122: 'DiffusionModel.alphasCumprod' is inaccessible due to its protection level [C:\Users\yolan\source\repos\AiDotNet\src\AiDotNet.csproj::TargetFramework=net6.0]
C:\Users\yolan\source\repos\AiDotNet\src\NeuralNetworks\DiffusionModels\DDIMModel.cs(66,48): error CS0122: 'DiffusionModel.alphasCumprod' is inaccessible due to its protection level [C:\Users\yolan\source\repos\AiDotNet\src\AiDotNet.csproj::TargetFramework=net6.0]
C:\Users\yolan\source\repos\AiDotNet\src\NeuralNetworks\DiffusionModels\DDIMModel.cs(70,34): error CS1503: Argument 1: cannot convert from 'double' to 'AiDotNet.LinearAlgebra.Tensor<double>' [C:\Users\yolan\source\repos\AiDotNet\src\AiDotNet.csproj::TargetFramework=net6.0]
C:\Users\yolan\source\repos\AiDotNet\src\NeuralNetworks\DiffusionModels\DDIMModel.cs(87,29): error CS0122: 'DiffusionModel.GenerateNoise(int[], Random)' is inaccessible due to its protection level [C:\Users\yolan\source\repos\AiDotNet\src\AiDotNet.csproj::TargetFramework=net6.0]
C:\Users\yolan\source\repos\AiDotNet\src\NeuralNetworks\DiffusionModels\ConsistencyModel.cs(135,44): error CS1503: Argument 1: cannot convert from 'int[]' to 'int' [C:\Users\yolan\source\repos\AiDotNet\src\AiDotNet.csproj::TargetFramework=net6.0]
C:\Users\yolan\source\repos\AiDotNet\src\NeuralNetworks\DiffusionModels\ConsistencyModel.cs(161,21): error CS1929: 'NeuralNetworkBase<double>' does not contain a definition for 'Backward' and the best extension method overload 'NeuralNetworkExtensions.Backward<Tensor<double>>(NeuralNetwork<Tensor<double>>, Tensor<double>)' requires a receiver of type 'AiDotNet.NeuralNetworks.NeuralNetwork<AiDotNet.LinearAlgebra.Tensor<double>>' [C:\Users\yolan\source\repos\AiDotNet\src\AiDotNet.csproj::TargetFramework=net6.0]
C:\Users\yolan\source\repos\AiDotNet\src\NeuralNetworks\DiffusionModels\ConsistencyModel.cs(162,31): error CS1501: No overload for method 'Step' takes 2 arguments [C:\Users\yolan\source\repos\AiDotNet\src\AiDotNet.csproj::TargetFramework=net6.0]
C:\Users\yolan\source\repos\AiDotNet\src\NeuralNetworks\DiffusionModels\ConsistencyModel.cs(183,44): error CS1503: Argument 1: cannot convert from 'int[]' to 'int' [C:\Users\yolan\source\repos\AiDotNet\src\AiDotNet.csproj::TargetFramework=net6.0]
C:\Users\yolan\source\repos\AiDotNet\src\NeuralNetworks\DiffusionModels\ConsistencyModel.cs(211,68): error CS1061: 'Tensor<double>' does not contain a definition for 'Detach' and no accessible extension method 'Detach' accepting a first argument of type 'Tensor<double>' could be found (are you missing a using directive or an assembly reference?) [C:\Users\yolan\source\repos\AiDotNet\src\AiDotNet.csproj::TargetFramework=net6.0]
C:\Users\yolan\source\repos\AiDotNet\src\NeuralNetworks\DiffusionModels\ConsistencyModel.cs(212,21): error CS1929: 'NeuralNetworkBase<double>' does not contain a definition for 'Backward' and the best extension method overload 'NeuralNetworkExtensions.Backward<Tensor<double>>(NeuralNetwork<Tensor<double>>, Tensor<double>)' requires a receiver of type 'AiDotNet.NeuralNetworks.NeuralNetwork<AiDotNet.LinearAlgebra.Tensor<double>>' [C:\Users\yolan\source\repos\AiDotNet\src\AiDotNet.csproj::TargetFramework=net6.0]
C:\Users\yolan\source\repos\AiDotNet\src\NeuralNetworks\DiffusionModels\ConsistencyModel.cs(213,31): error CS1501: No overload for method 'Step' takes 2 arguments [C:\Users\yolan\source\repos\AiDotNet\src\AiDotNet.csproj::TargetFramework=net6.0]
C:\Users\yolan\source\repos\AiDotNet\src\ProductionMonitoring\PerformanceMonitor.cs(163,58): error CS1998: This async method lacks 'await' operators and will run synchronously. Consider using the 'await' operator to await non-blocking API calls, or 'await Task.Run(...)' to do CPU-bound work on a background thread. [C:\Users\yolan\source\repos\AiDotNet\src\AiDotNet.csproj::TargetFramework=net6.0]
C:\Users\yolan\source\repos\AiDotNet\src\ProductionMonitoring\PerformanceMonitor.cs(481,36): error CS1998: This async method lacks 'await' operators and will run synchronously. Consider using the 'await' operator to await non-blocking API calls, or 'await Task.Run(...)' to do CPU-bound work on a background thread. [C:\Users\yolan\source\repos\AiDotNet\src\AiDotNet.csproj::TargetFramework=net6.0]
C:\Users\yolan\source\repos\AiDotNet\src\Reasoning\ReasoningModelBase.cs(125,45): error CS0121: The call is ambiguous between the following methods or properties: 'System.Linq.LinqExtensions.LastOrDefault<T>(System.Collections.Generic.IEnumerable<T>)' and 'System.Linq.Enumerable.LastOrDefault<TSource>(System.Collections.Generic.IEnumerable<TSource>)' [C:\Users\yolan\source\repos\AiDotNet\src\AiDotNet.csproj::TargetFramework=net6.0]
C:\Users\yolan\source\repos\AiDotNet\src\Reasoning\ReasoningModelBase.cs(135,20): error CS8619: Nullability of reference types in value of type '?' doesn't match target type 'Tensor<T>'. [C:\Users\yolan\source\repos\AiDotNet\src\AiDotNet.csproj::TargetFramework=net6.0]
C:\Users\yolan\source\repos\AiDotNet\src\Reasoning\IterativeRefinementModel.cs(277,56): error CS0121: The call is ambiguous between the following methods or properties: 'System.Linq.LinqExtensions.LastOrDefault<T>(System.Collections.Generic.IEnumerable<T>)' and 'System.Linq.Enumerable.LastOrDefault<TSource>(System.Collections.Generic.IEnumerable<TSource>)' [C:\Users\yolan\source\repos\AiDotNet\src\AiDotNet.csproj::TargetFramework=net6.0]
C:\Users\yolan\source\repos\AiDotNet\src\TimeSeries\InterventionAnalysisModel.cs(567,37): error CS0121: The call is ambiguous between the following methods or properties: 'System.Linq.LinqExtensions.ToDictionary<TSource, TKey, TValue>(System.Collections.Generic.IEnumerable<TSource>, System.Func<TSource, TKey>, System.Func<TSource, TValue>)' and 'System.Linq.Enumerable.ToDictionary<TSource, TKey, TElement>(System.Collections.Generic.IEnumerable<TSource>, System.Func<TSource, TKey>, System.Func<TSource, TElement>)' [C:\Users\yolan\source\repos\AiDotNet\src\AiDotNet.csproj::TargetFramework=net6.0]
C:\Users\yolan\source\repos\AiDotNet\src\DecompositionMethods\TimeSeriesDecomposition\HodrickPrescottDecomposition.cs(68,47): error CS0426: The type name 'Matrix<>' does not exist in the type 'HodrickPrescottAlgorithmType' [C:\Users\yolan\source\repos\AiDotNet\src\AiDotNet.csproj::TargetFramework=net6.0]
C:\Users\yolan\source\repos\AiDotNet\src\Deployment\Techniques\ModelQuantizer.cs(425,63): error CS1503: Argument 1: cannot convert from 'AiDotNet.Interfaces.ILayer<double>' to 'AiDotNet.Interfaces.ILayer' [C:\Users\yolan\source\repos\AiDotNet\src\AiDotNet.csproj::TargetFramework=net6.0]
C:\Users\yolan\source\repos\AiDotNet\src\Deployment\Techniques\ModelQuantizer.cs(430,45): error CS0121: The call is ambiguous between the following methods or properties: 'NeuralNetworkArchitecture<T>.NeuralNetworkArchitecture(NetworkComplexity, NeuralNetworkTaskType?, bool, List<ILayer<T>>?, bool, bool, string?)' and 'NeuralNetworkArchitecture<T>.NeuralNetworkArchitecture(NetworkComplexity)' [C:\Users\yolan\source\repos\AiDotNet\src\AiDotNet.csproj::TargetFramework=net6.0]
C:\Users\yolan\source\repos\AiDotNet\src\Deployment\Techniques\ModelQuantizer.cs(432,17): error CS0200: Property or indexer 'NeuralNetworkArchitecture<double>.Layers' cannot be assigned to -- it is read only [C:\Users\yolan\source\repos\AiDotNet\src\AiDotNet.csproj::TargetFramework=net6.0]
C:\Users\yolan\source\repos\AiDotNet\src\Deployment\Techniques\ModelQuantizer.cs(433,17): error CS0117: 'NeuralNetworkArchitecture<double>' does not contain a definition for 'LossFunction' [C:\Users\yolan\source\repos\AiDotNet\src\AiDotNet.csproj::TargetFramework=net6.0]
C:\Users\yolan\source\repos\AiDotNet\src\Deployment\Techniques\ModelQuantizer.cs(433,45): error CS1061: 'NeuralNetworkArchitecture<double>' does not contain a definition for 'LossFunction' and no accessible extension method 'LossFunction' accepting a first argument of type 'NeuralNetworkArchitecture<double>' could be found (are you missing a using directive or an assembly reference?) [C:\Users\yolan\source\repos\AiDotNet\src\AiDotNet.csproj::TargetFramework=net6.0]
C:\Users\yolan\source\repos\AiDotNet\src\Deployment\Techniques\ModelQuantizer.cs(434,17): error CS0117: 'NeuralNetworkArchitecture<double>' does not contain a definition for 'Optimizer' [C:\Users\yolan\source\repos\AiDotNet\src\AiDotNet.csproj::TargetFramework=net6.0]
C:\Users\yolan\source\repos\AiDotNet\src\Deployment\Techniques\ModelQuantizer.cs(434,42): error CS1061: 'NeuralNetworkArchitecture<double>' does not contain a definition for 'Optimizer' and no accessible extension method 'Optimizer' accepting a first argument of type 'NeuralNetworkArchitecture<double>' could be found (are you missing a using directive or an assembly reference?) [C:\Users\yolan\source\repos\AiDotNet\src\AiDotNet.csproj::TargetFramework=net6.0]
C:\Users\yolan\source\repos\AiDotNet\src\Deployment\Techniques\ModelQuantizer.cs(437,20): error CS0266: Cannot implicitly convert type 'AiDotNet.Interfaces.INeuralNetworkModel<double>' to 'AiDotNet.Interfaces.IFullModel<T, TInput, TOutput>'. An explicit conversion exists (are you missing a cast?) [C:\Users\yolan\source\repos\AiDotNet\src\AiDotNet.csproj::TargetFramework=net6.0]
C:\Users\yolan\source\repos\AiDotNet\src\Deployment\Techniques\ModelQuantizer.cs(423,35): error CS8602: Dereference of a possibly null reference. [C:\Users\yolan\source\repos\AiDotNet\src\AiDotNet.csproj::TargetFramework=net6.0]
C:\Users\yolan\source\repos\AiDotNet\src\FederatedLearning\Privacy\DifferentialPrivacy.cs(122,37): error CS1501: No overload for method 'NextGaussian' takes 2 arguments [C:\Users\yolan\source\repos\AiDotNet\src\AiDotNet.csproj::TargetFramework=net6.0]
C:\Users\yolan\source\repos\AiDotNet\src\FederatedLearning\Privacy\DifferentialPrivacy.cs(208,44): error CS1501: No overload for method 'NextGaussian' takes 2 arguments [C:\Users\yolan\source\repos\AiDotNet\src\AiDotNet.csproj::TargetFramework=net6.0]
C:\Users\yolan\source\repos\AiDotNet\src\FederatedLearning\Privacy\DifferentialPrivacy.cs(209,44): error CS1501: No overload for method 'NextGaussian' takes 2 arguments [C:\Users\yolan\source\repos\AiDotNet\src\AiDotNet.csproj::TargetFramework=net6.0]
C:\Users\yolan\source\repos\AiDotNet\src\Deployment\Techniques\ModelQuantizer.cs(56,47): error CS8600: Converting null literal or possible null value to non-nullable type. [C:\Users\yolan\source\repos\AiDotNet\src\AiDotNet.csproj::TargetFramework=net6.0]
C:\Users\yolan\source\repos\AiDotNet\src\Deployment\Techniques\ModelQuantizer.cs(63,80): error CS8604: Possible null reference argument for parameter 'calibrationData' in 'Task<IFullModel<T, TInput, TOutput>> IQuantizationStrategy<T, TInput, TOutput>.QuantizeAsync(IFullModel<T, TInput, TOutput> model, QuantizationConfig config, CalibrationData calibrationData)'. [C:\Users\yolan\source\repos\AiDotNet\src\AiDotNet.csproj::TargetFramework=net6.0]
C:\Users\yolan\source\repos\AiDotNet\src\Deployment\Techniques\ModelQuantizer.cs(125,73): error CS1503: Argument 1: cannot convert from 'AiDotNet.Interfaces.ILayer<double>' to 'AiDotNet.Interfaces.ILayer' [C:\Users\yolan\source\repos\AiDotNet\src\AiDotNet.csproj::TargetFramework=net6.0]
C:\Users\yolan\source\repos\AiDotNet\src\Deployment\Techniques\ModelQuantizer.cs(130,45): error CS0121: The call is ambiguous between the following methods or properties: 'NeuralNetworkArchitecture<T>.NeuralNetworkArchitecture(NetworkComplexity, NeuralNetworkTaskType?, bool, List<ILayer<T>>?, bool, bool, string?)' and 'NeuralNetworkArchitecture<T>.NeuralNetworkArchitecture(NetworkComplexity)' [C:\Users\yolan\source\repos\AiDotNet\src\AiDotNet.csproj::TargetFramework=net6.0]
C:\Users\yolan\source\repos\AiDotNet\src\Deployment\Techniques\ModelQuantizer.cs(132,17): error CS0200: Property or indexer 'NeuralNetworkArchitecture<double>.Layers' cannot be assigned to -- it is read only [C:\Users\yolan\source\repos\AiDotNet\src\AiDotNet.csproj::TargetFramework=net6.0]
C:\Users\yolan\source\repos\AiDotNet\src\Deployment\Techniques\ModelQuantizer.cs(133,17): error CS0117: 'NeuralNetworkArchitecture<double>' does not contain a definition for 'LossFunction' [C:\Users\yolan\source\repos\AiDotNet\src\AiDotNet.csproj::TargetFramework=net6.0]
C:\Users\yolan\source\repos\AiDotNet\src\Deployment\Techniques\ModelQuantizer.cs(133,45): error CS1061: 'NeuralNetworkArchitecture<double>' does not contain a definition for 'LossFunction' and no accessible extension method 'LossFunction' accepting a first argument of type 'NeuralNetworkArchitecture<double>' could be found (are you missing a using directive or an assembly reference?) [C:\Users\yolan\source\repos\AiDotNet\src\AiDotNet.csproj::TargetFramework=net6.0]
C:\Users\yolan\source\repos\AiDotNet\src\Deployment\Techniques\ModelQuantizer.cs(134,17): error CS0117: 'NeuralNetworkArchitecture<double>' does not contain a definition for 'Optimizer' [C:\Users\yolan\source\repos\AiDotNet\src\AiDotNet.csproj::TargetFramework=net6.0]
C:\Users\yolan\source\repos\AiDotNet\src\Deployment\Techniques\ModelQuantizer.cs(134,42): error CS1061: 'NeuralNetworkArchitecture<double>' does not contain a definition for 'Optimizer' and no accessible extension method 'Optimizer' accepting a first argument of type 'NeuralNetworkArchitecture<double>' could be found (are you missing a using directive or an assembly reference?) [C:\Users\yolan\source\repos\AiDotNet\src\AiDotNet.csproj::TargetFramework=net6.0]
C:\Users\yolan\source\repos\AiDotNet\src\Deployment\Techniques\ModelQuantizer.cs(138,20): error CS0308: The non-generic method 'ModelQuantizer<T, TInput, TOutput>.CreateQuantizedModel(IFullModel<T, TInput, TOutput>, NeuralNetworkArchitecture<double>)' cannot be used with type arguments [C:\Users\yolan\source\repos\AiDotNet\src\AiDotNet.csproj::TargetFramework=net6.0]
C:\Users\yolan\source\repos\AiDotNet\src\Deployment\Techniques\ModelQuantizer.cs(117,35): error CS8602: Dereference of a possibly null reference. [C:\Users\yolan\source\repos\AiDotNet\src\AiDotNet.csproj::TargetFramework=net6.0]
C:\Users\yolan\source\repos\AiDotNet\src\Deployment\Techniques\ModelQuantizer.cs(210,68): error CS1503: Argument 1: cannot convert from 'int' to 'string' [C:\Users\yolan\source\repos\AiDotNet\src\AiDotNet.csproj::TargetFramework=net6.0]
C:\Users\yolan\source\repos\AiDotNet\src\Deployment\Techniques\ModelQuantizer.cs(212,55): error CS1503: Argument 1: cannot convert from 'int' to 'string' [C:\Users\yolan\source\repos\AiDotNet\src\AiDotNet.csproj::TargetFramework=net6.0]
C:\Users\yolan\source\repos\AiDotNet\src\Deployment\Techniques\ModelQuantizer.cs(213,55): error CS1503: Argument 1: cannot convert from 'int' to 'string' [C:\Users\yolan\source\repos\AiDotNet\src\AiDotNet.csproj::TargetFramework=net6.0]
C:\Users\yolan\source\repos\AiDotNet\src\Deployment\Techniques\ModelQuantizer.cs(217,55): error CS1503: Argument 1: cannot convert from 'int' to 'string' [C:\Users\yolan\source\repos\AiDotNet\src\AiDotNet.csproj::TargetFramework=net6.0]
C:\Users\yolan\source\repos\AiDotNet\src\Deployment\Techniques\ModelQuantizer.cs(217,103): error CS1503: Argument 1: cannot convert from 'int' to 'string' [C:\Users\yolan\source\repos\AiDotNet\src\AiDotNet.csproj::TargetFramework=net6.0]
C:\Users\yolan\source\repos\AiDotNet\src\Deployment\Techniques\ModelQuantizer.cs(218,55): error CS1503: Argument 1: cannot convert from 'int' to 'string' [C:\Users\yolan\source\repos\AiDotNet\src\AiDotNet.csproj::TargetFramework=net6.0]
C:\Users\yolan\source\repos\AiDotNet\src\Deployment\Techniques\ModelQuantizer.cs(218,103): error CS1503: Argument 1: cannot convert from 'int' to 'string' [C:\Users\yolan\source\repos\AiDotNet\src\AiDotNet.csproj::TargetFramework=net6.0]
C:\Users\yolan\source\repos\AiDotNet\src\Deployment\Techniques\ModelQuantizer.cs(222,69): error CS1503: Argument 1: cannot convert from 'int' to 'string' [C:\Users\yolan\source\repos\AiDotNet\src\AiDotNet.csproj::TargetFramework=net6.0]
C:\Users\yolan\source\repos\AiDotNet\src\Deployment\Techniques\ModelQuantizer.cs(224,56): error CS1503: Argument 1: cannot convert from 'int' to 'string' [C:\Users\yolan\source\repos\AiDotNet\src\AiDotNet.csproj::TargetFramework=net6.0]
C:\Users\yolan\source\repos\AiDotNet\src\Deployment\Techniques\ModelQuantizer.cs(228,72): error CS1503: Argument 1: cannot convert from 'int' to 'string' [C:\Users\yolan\source\repos\AiDotNet\src\AiDotNet.csproj::TargetFramework=net6.0]
C:\Users\yolan\source\repos\AiDotNet\src\Deployment\CloudOptimizers\GCPOptimizer.cs(29,13): error CS0191: A readonly field cannot be assigned to (except in a constructor or init-only setter of the type in which the field is defined or a variable initializer) [C:\Users\yolan\source\repos\AiDotNet\src\AiDotNet.csproj::TargetFramework=net6.0]
C:\Users\yolan\source\repos\AiDotNet\src\Deployment\Techniques\ModelQuantizer.cs(283,35): error CS8604: Possible null reference argument for parameter 'source' in 'int Enumerable.Sum<ILayer<double>>(IEnumerable<ILayer<double>> source, Func<ILayer<double>, int> selector)'. [C:\Users\yolan\source\repos\AiDotNet\src\AiDotNet.csproj::TargetFramework=net6.0]
C:\Users\yolan\source\repos\AiDotNet\src\Deployment\EdgeOptimizers\MobileOptimizer.cs(29,13): error CS0191: A readonly field cannot be assigned to (except in a constructor or init-only setter of the type in which the field is defined or a variable initializer) [C:\Users\yolan\source\repos\AiDotNet\src\AiDotNet.csproj::TargetFramework=net6.0]
C:\Users\yolan\source\repos\AiDotNet\src\Deployment\CloudOptimizers\AWSOptimizer.cs(29,13): error CS0191: A readonly field cannot be assigned to (except in a constructor or init-only setter of the type in which the field is defined or a variable initializer) [C:\Users\yolan\source\repos\AiDotNet\src\AiDotNet.csproj::TargetFramework=net6.0]
C:\Users\yolan\source\repos\AiDotNet\src\FederatedLearning\Client\FederatedClient.cs(86,88): error CS1503: Argument 1: cannot convert from 'AiDotNet.Models.Options.AdamOptimizerOptions<double, AiDotNet.LinearAlgebra.Matrix<double>, AiDotNet.LinearAlgebra.Vector<double>>' to 'AiDotNet.Interfaces.IFullModel<double, AiDotNet.LinearAlgebra.Matrix<double>, AiDotNet.LinearAlgebra.Vector<double>>' [C:\Users\yolan\source\repos\AiDotNet\src\AiDotNet.csproj::TargetFramework=net6.0]
C:\Users\yolan\source\repos\AiDotNet\src\Deployment\EdgeOptimizers\IoTOptimizer.cs(29,13): error CS0191: A readonly field cannot be assigned to (except in a constructor or init-only setter of the type in which the field is defined or a variable initializer) [C:\Users\yolan\source\repos\AiDotNet\src\AiDotNet.csproj::TargetFramework=net6.0]
C:\Users\yolan\source\repos\AiDotNet\src\ProductionMonitoring\AlertManager.cs(128,22): error CS0121: The call is ambiguous between the following methods or properties: 'System.Linq.LinqExtensions.ToDictionary<TSource, TKey, TValue>(System.Collections.Generic.IEnumerable<TSource>, System.Func<TSource, TKey>, System.Func<TSource, TValue>)' and 'System.Linq.Enumerable.ToDictionary<TSource, TKey, TElement>(System.Collections.Generic.IEnumerable<TSource>, System.Func<TSource, TKey>, System.Func<TSource, TElement>)' [C:\Users\yolan\source\repos\AiDotNet\src\AiDotNet.csproj::TargetFramework=net6.0]
C:\Users\yolan\source\repos\AiDotNet\src\ProductionMonitoring\AlertManager.cs(130,22): error CS0121: The call is ambiguous between the following methods or properties: 'System.Linq.LinqExtensions.ToDictionary<TSource, TKey, TValue>(System.Collections.Generic.IEnumerable<TSource>, System.Func<TSource, TKey>, System.Func<TSource, TValue>)' and 'System.Linq.Enumerable.ToDictionary<TSource, TKey, TElement>(System.Collections.Generic.IEnumerable<TSource>, System.Func<TSource, TKey>, System.Func<TSource, TElement>)' [C:\Users\yolan\source\repos\AiDotNet\src\AiDotNet.csproj::TargetFramework=net6.0]
C:\Users\yolan\source\repos\AiDotNet\src\ProductionMonitoring\AlertManager.cs(140,22): error CS0121: The call is ambiguous between the following methods or properties: 'System.Linq.LinqExtensions.ToDictionary<TSource, TKey, TValue>(System.Collections.Generic.IEnumerable<TSource>, System.Func<TSource, TKey>, System.Func<TSource, TValue>)' and 'System.Linq.Enumerable.ToDictionary<TSource, TKey, TElement>(System.Collections.Generic.IEnumerable<TSource>, System.Func<TSource, TKey>, System.Func<TSource, TElement>)' [C:\Users\yolan\source\repos\AiDotNet\src\AiDotNet.csproj::TargetFramework=net6.0]
C:\Users\yolan\source\repos\AiDotNet\src\ProductionMonitoring\AlertManager.cs(141,50): error CS0121: The call is ambiguous between the following methods or properties: 'System.Linq.LinqExtensions.LastOrDefault<T>(System.Collections.Generic.IEnumerable<T>)' and 'System.Linq.Enumerable.LastOrDefault<TSource>(System.Collections.Generic.IEnumerable<TSource>)' [C:\Users\yolan\source\repos\AiDotNet\src\AiDotNet.csproj::TargetFramework=net6.0]
C:\Users\yolan\source\repos\AiDotNet\src\ProductionMonitoring\AlertManager.cs(132,34): error CS8629: Nullable value type may be null. [C:\Users\yolan\source\repos\AiDotNet\src\AiDotNet.csproj::TargetFramework=net6.0]
C:\Users\yolan\source\repos\AiDotNet\src\Deployment\CloudOptimizers\GCPOptimizer.cs(525,38): error CS0826: No best type found for implicitly-typed array [C:\Users\yolan\source\repos\AiDotNet\src\AiDotNet.csproj::TargetFramework=net6.0]
C:\Users\yolan\source\repos\AiDotNet\src\FederatedLearning\Client\FederatedClient.cs(200,46): error CS1501: No overload for method 'GetRows' takes 2 arguments [C:\Users\yolan\source\repos\AiDotNet\src\AiDotNet.csproj::TargetFramework=net6.0]
C:\Users\yolan\source\repos\AiDotNet\src\Deployment\EdgeOptimizers\IoTOptimizer.cs(128,85): error CS8604: Possible null reference argument for parameter 'powerMode' in 'Task<IModel<TInput, TOutput, TMetadata>> IoTOptimizer<TInput, TOutput, TMetadata>.OptimizeForPowerConsumptionAsync(IModel<TInput, TOutput, TMetadata> model, string powerMode)'. [C:\Users\yolan\source\repos\AiDotNet\src\AiDotNet.csproj::TargetFramework=net6.0]
C:\Users\yolan\source\repos\AiDotNet\src\FederatedLearning\MetaLearning\MAMLFederated.cs(69,17): error CS0117: 'GradientDescentOptimizerOptions<double, Matrix<double>, Vector<double>>' does not contain a definition for 'LearningRate' [C:\Users\yolan\source\repos\AiDotNet\src\AiDotNet.csproj::TargetFramework=net6.0]
C:\Users\yolan\source\repos\AiDotNet\src\FederatedLearning\MetaLearning\MAMLFederated.cs(72,88): error CS1503: Argument 1: cannot convert from 'AiDotNet.Models.Options.AdamOptimizerOptions<double, AiDotNet.LinearAlgebra.Matrix<double>, AiDotNet.LinearAlgebra.Vector<double>>' to 'AiDotNet.Interfaces.IFullModel<double, AiDotNet.LinearAlgebra.Matrix<double>, AiDotNet.LinearAlgebra.Vector<double>>' [C:\Users\yolan\source\repos\AiDotNet\src\AiDotNet.csproj::TargetFramework=net6.0]
C:\Users\yolan\source\repos\AiDotNet\src\Deployment\EdgeOptimizers\MobileOptimizer.cs(199,42): error CS8601: Possible null reference assignment. [C:\Users\yolan\source\repos\AiDotNet\src\AiDotNet.csproj::TargetFramework=net6.0]
C:\Users\yolan\source\repos\AiDotNet\src\Deployment\EdgeOptimizers\MobileOptimizer.cs(230,61): error CS8604: Possible null reference argument for parameter 'platform' in 'string MobileOptimizer<TInput, TOutput, TMetadata>.GenerateIntegrationGuide(string platform)'. [C:\Users\yolan\source\repos\AiDotNet\src\AiDotNet.csproj::TargetFramework=net6.0]
C:\Users\yolan\source\repos\AiDotNet\src\FederatedLearning\Client\FederatedClient.cs(230,84): error CS1503: Argument 1: cannot convert from 'AiDotNet.LinearAlgebra.Vector<double>' to 'AiDotNet.LinearAlgebra.Matrix<double>' [C:\Users\yolan\source\repos\AiDotNet\src\AiDotNet.csproj::TargetFramework=net6.0]
C:\Users\yolan\source\repos\AiDotNet\src\Deployment\ModelOptimizer.cs(120,35): error CS8604: Possible null reference argument for parameter 'source' in 'int Enumerable.Sum<ILayer<double>>(IEnumerable<ILayer<double>> source, Func<ILayer<double>, int> selector)'. [C:\Users\yolan\source\repos\AiDotNet\src\AiDotNet.csproj::TargetFramework=net6.0]
C:\Users\yolan\source\repos\AiDotNet\src\ProductionMonitoring\AlertManager.cs(161,39): error CS8601: Possible null reference assignment. [C:\Users\yolan\source\repos\AiDotNet\src\AiDotNet.csproj::TargetFramework=net6.0]
C:\Users\yolan\source\repos\AiDotNet\src\FederatedLearning\Client\FederatedClient.cs(271,77): error CS1061: 'IOptimizer<double, Matrix<double>, Vector<double>>' does not contain a definition for 'CalculateUpdate' and no accessible extension method 'CalculateUpdate' accepting a first argument of type 'IOptimizer<double, Matrix<double>, Vector<double>>' could be found (are you missing a using directive or an assembly reference?) [C:\Users\yolan\source\repos\AiDotNet\src\AiDotNet.csproj::TargetFramework=net6.0]
C:\Users\yolan\source\repos\AiDotNet\src\Deployment\CloudOptimizers\AzureOptimizer.cs(29,13): error CS0191: A readonly field cannot be assigned to (except in a constructor or init-only setter of the type in which the field is defined or a variable initializer) [C:\Users\yolan\source\repos\AiDotNet\src\AiDotNet.csproj::TargetFramework=net6.0]
C:\Users\yolan\source\repos\AiDotNet\src\FederatedLearning\Client\FederatedClient.cs(425,40): error CS1501: No overload for method 'NextGaussian' takes 2 arguments [C:\Users\yolan\source\repos\AiDotNet\src\AiDotNet.csproj::TargetFramework=net6.0]
C:\Users\yolan\source\repos\AiDotNet\src\ProductionMonitoring\AlertManager.cs(183,61): error CS8601: Possible null reference assignment. [C:\Users\yolan\source\repos\AiDotNet\src\AiDotNet.csproj::TargetFramework=net6.0]
C:\Users\yolan\source\repos\AiDotNet\src\Deployment\ModelOptimizer.cs(137,29): error CS8604: Possible null reference argument for parameter 'source' in 'int Enumerable.Sum<ILayer<double>>(IEnumerable<ILayer<double>> source, Func<ILayer<double>, int> selector)'. [C:\Users\yolan\source\repos\AiDotNet\src\AiDotNet.csproj::TargetFramework=net6.0]
C:\Users\yolan\source\repos\AiDotNet\src\FederatedLearning\MetaLearning\MAMLFederated.cs(115,24): error CS8619: Nullability of reference types in value of type '(string clientId, ClientMetaResult?)' doesn't match target type '(string clientId, ClientMetaResult result)'. [C:\Users\yolan\source\repos\AiDotNet\src\AiDotNet.csproj::TargetFramework=net6.0]
C:\Users\yolan\source\repos\AiDotNet\src\FederatedLearning\Communication\CommunicationManager.cs(95,41): error CS0104: 'JsonSerializer' is an ambiguous reference between 'Newtonsoft.Json.JsonSerializer' and 'System.Text.Json.JsonSerializer' [C:\Users\yolan\source\repos\AiDotNet\src\AiDotNet.csproj::TargetFramework=net6.0]
C:\Users\yolan\source\repos\AiDotNet\src\ProductionMonitoring\ConceptDriftDetector.cs(108,58): error CS1998: This async method lacks 'await' operators and will run synchronously. Consider using the 'await' operator to await non-blocking API calls, or 'await Task.Run(...)' to do CPU-bound work on a background thread. [C:\Users\yolan\source\repos\AiDotNet\src\AiDotNet.csproj::TargetFramework=net6.0]
C:\Users\yolan\source\repos\AiDotNet\src\Deployment\Techniques\ModelPruner.cs(125,61): error CS1503: Argument 1: cannot convert from 'AiDotNet.Interfaces.ILayer<T>' to 'AiDotNet.Interfaces.ILayer' [C:\Users\yolan\source\repos\AiDotNet\src\AiDotNet.csproj::TargetFramework=net6.0]
C:\Users\yolan\source\repos\AiDotNet\src\Deployment\Techniques\ModelPruner.cs(123,39): error CS8602: Dereference of a possibly null reference. [C:\Users\yolan\source\repos\AiDotNet\src\AiDotNet.csproj::TargetFramework=net6.0]
C:\Users\yolan\source\repos\AiDotNet\src\FederatedLearning\MetaLearning\MAMLFederated.cs(187,59): error CS1061: 'IOptimizer<double, Matrix<double>, Vector<double>>' does not contain a definition for 'CalculateUpdate' and no accessible extension method 'CalculateUpdate' accepting a first argument of type 'IOptimizer<double, Matrix<double>, Vector<double>>' could be found (are you missing a using directive or an assembly reference?) [C:\Users\yolan\source\repos\AiDotNet\src\AiDotNet.csproj::TargetFramework=net6.0]
C:\Users\yolan\source\repos\AiDotNet\src\FederatedLearning\MetaLearning\MAMLFederated.cs(244,65): error CS1061: 'IGradientModel<double>' does not contain a definition for 'ComputeGradients' and no accessible extension method 'ComputeGradients' accepting a first argument of type 'IGradientModel<double>' could be found (are you missing a using directive or an assembly reference?) [C:\Users\yolan\source\repos\AiDotNet\src\AiDotNet.csproj::TargetFramework=net6.0]
C:\Users\yolan\source\repos\AiDotNet\src\ProductionMonitoring\ModelHealthScorer.cs(90,41): error CS0121: The call is ambiguous between the following methods or properties: 'System.Linq.LinqExtensions.ToDictionary<TSource, TKey, TValue>(System.Collections.Generic.IEnumerable<TSource>, System.Func<TSource, TKey>, System.Func<TSource, TValue>)' and 'System.Linq.Enumerable.ToDictionary<TSource, TKey, TElement>(System.Collections.Generic.IEnumerable<TSource>, System.Func<TSource, TKey>, System.Func<TSource, TElement>)' [C:\Users\yolan\source\repos\AiDotNet\src\AiDotNet.csproj::TargetFramework=net6.0]
C:\Users\yolan\source\repos\AiDotNet\src\Deployment\Techniques\ModelPruner.cs(153,35): error CS8602: Dereference of a possibly null reference. [C:\Users\yolan\source\repos\AiDotNet\src\AiDotNet.csproj::TargetFramework=net6.0]
C:\Users\yolan\source\repos\AiDotNet\src\FederatedLearning\Communication\CommunicationManager.cs(136,31): error CS0104: 'JsonSerializer' is an ambiguous reference between 'Newtonsoft.Json.JsonSerializer' and 'System.Text.Json.JsonSerializer' [C:\Users\yolan\source\repos\AiDotNet\src\AiDotNet.csproj::TargetFramework=net6.0]
C:\Users\yolan\source\repos\AiDotNet\src\FederatedLearning\Communication\CommunicationManager.cs(133,28): error CS8603: Possible null reference return. [C:\Users\yolan\source\repos\AiDotNet\src\AiDotNet.csproj::TargetFramework=net6.0]
C:\Users\yolan\source\repos\AiDotNet\src\FederatedLearning\Communication\CommunicationManager.cs(162,24): error CS8603: Possible null reference return. [C:\Users\yolan\source\repos\AiDotNet\src\AiDotNet.csproj::TargetFramework=net6.0]
C:\Users\yolan\source\repos\AiDotNet\src\FederatedLearning\Communication\CommunicationManager.cs(167,24): error CS8603: Possible null reference return. [C:\Users\yolan\source\repos\AiDotNet\src\AiDotNet.csproj::TargetFramework=net6.0]
C:\Users\yolan\source\repos\AiDotNet\src\Deployment\Techniques\ModelPruner.cs(175,33): error CS0266: Cannot implicitly convert type 'AiDotNet.Interfaces.IFullModel<T, TInput, TOutput>' to 'AiDotNet.Interfaces.IFullModel<double, AiDotNet.LinearAlgebra.Matrix<double>, AiDotNet.LinearAlgebra.Vector<double>>'. An explicit conversion exists (are you missing a cast?) [C:\Users\yolan\source\repos\AiDotNet\src\AiDotNet.csproj::TargetFramework=net6.0]
C:\Users\yolan\source\repos\AiDotNet\src\Deployment\Techniques\ModelPruner.cs(187,73): error CS1503: Argument 1: cannot convert from 'AiDotNet.Interfaces.ILayer<T>' to 'AiDotNet.Interfaces.ILayer' [C:\Users\yolan\source\repos\AiDotNet\src\AiDotNet.csproj::TargetFramework=net6.0]
C:\Users\yolan\source\repos\AiDotNet\src\Deployment\Techniques\ModelPruner.cs(199,20): error CS0029: Cannot implicitly convert type 'AiDotNet.Deployment.Techniques.SparseModel<double, AiDotNet.LinearAlgebra.Matrix<double>, AiDotNet.LinearAlgebra.Vector<double>>' to 'AiDotNet.Deployment.Techniques.SparseModel<T, TInput, TOutput>' [C:\Users\yolan\source\repos\AiDotNet\src\AiDotNet.csproj::TargetFramework=net6.0]
C:\Users\yolan\source\repos\AiDotNet\src\Deployment\Techniques\ModelPruner.cs(184,39): error CS8602: Dereference of a possibly null reference. [C:\Users\yolan\source\repos\AiDotNet\src\AiDotNet.csproj::TargetFramework=net6.0]
C:\Users\yolan\source\repos\AiDotNet\src\FederatedLearning\Communication\CommunicationManager.cs(206,41): error CS0104: 'JsonSerializer' is an ambiguous reference between 'Newtonsoft.Json.JsonSerializer' and 'System.Text.Json.JsonSerializer' [C:\Users\yolan\source\repos\AiDotNet\src\AiDotNet.csproj::TargetFramework=net6.0]
C:\Users\yolan\source\repos\AiDotNet\src\ProductionMonitoring\AlertManager.cs(325,34): error CS1998: This async method lacks 'await' operators and will run synchronously. Consider using the 'await' operator to await non-blocking API calls, or 'await Task.Run(...)' to do CPU-bound work on a background thread. [C:\Users\yolan\source\repos\AiDotNet\src\AiDotNet.csproj::TargetFramework=net6.0]
C:\Users\yolan\source\repos\AiDotNet\src\ProductionMonitoring\AlertManager.cs(391,24): error CS8603: Possible null reference return. [C:\Users\yolan\source\repos\AiDotNet\src\AiDotNet.csproj::TargetFramework=net6.0]
C:\Users\yolan\source\repos\AiDotNet\src\ProductionMonitoring\AlertManager.cs(393,20): error CS8603: Possible null reference return. [C:\Users\yolan\source\repos\AiDotNet\src\AiDotNet.csproj::TargetFramework=net6.0]
C:\Users\yolan\source\repos\AiDotNet\src\FederatedLearning\Communication\CommunicationManager.cs(246,31): error CS0104: 'JsonSerializer' is an ambiguous reference between 'Newtonsoft.Json.JsonSerializer' and 'System.Text.Json.JsonSerializer' [C:\Users\yolan\source\repos\AiDotNet\src\AiDotNet.csproj::TargetFramework=net6.0]
C:\Users\yolan\source\repos\AiDotNet\src\FederatedLearning\Communication\CommunicationManager.cs(243,28): error CS8603: Possible null reference return. [C:\Users\yolan\source\repos\AiDotNet\src\AiDotNet.csproj::TargetFramework=net6.0]
C:\Users\yolan\source\repos\AiDotNet\src\FederatedLearning\Communication\CommunicationManager.cs(272,24): error CS8603: Possible null reference return. [C:\Users\yolan\source\repos\AiDotNet\src\AiDotNet.csproj::TargetFramework=net6.0]
C:\Users\yolan\source\repos\AiDotNet\src\FederatedLearning\Communication\CommunicationManager.cs(277,24): error CS8603: Possible null reference return. [C:\Users\yolan\source\repos\AiDotNet\src\AiDotNet.csproj::TargetFramework=net6.0]
C:\Users\yolan\source\repos\AiDotNet\src\Deployment\EdgeOptimizers\IoTOptimizer.cs(284,43): error CS8604: Possible null reference argument for parameter 'key' in 'IoTDeviceProfile Dictionary<string, IoTDeviceProfile>.this[string key]'. [C:\Users\yolan\source\repos\AiDotNet\src\AiDotNet.csproj::TargetFramework=net6.0]
C:\Users\yolan\source\repos\AiDotNet\src\FederatedLearning\MetaLearning\MAMLFederated.cs(389,51): error CS1061: 'IOptimizer<double, Matrix<double>, Vector<double>>' does not contain a definition for 'CalculateUpdate' and no accessible extension method 'CalculateUpdate' accepting a first argument of type 'IOptimizer<double, Matrix<double>, Vector<double>>' could be found (are you missing a using directive or an assembly reference?) [C:\Users\yolan\source\repos\AiDotNet\src\AiDotNet.csproj::TargetFramework=net6.0]
C:\Users\yolan\source\repos\AiDotNet\src\FederatedLearning\Communication\CommunicationManager.cs(301,41): error CS0104: 'JsonSerializer' is an ambiguous reference between 'Newtonsoft.Json.JsonSerializer' and 'System.Text.Json.JsonSerializer' [C:\Users\yolan\source\repos\AiDotNet\src\AiDotNet.csproj::TargetFramework=net6.0]
C:\Users\yolan\source\repos\AiDotNet\src\Deployment\Techniques\ModelPruner.cs(250,24): error CS8604: Possible null reference argument for parameter 'source' in 'long Enumerable.Sum<ILayer<T>>(IEnumerable<ILayer<T>> source, Func<ILayer<T>, long> selector)'. [C:\Users\yolan\source\repos\AiDotNet\src\AiDotNet.csproj::TargetFramework=net6.0]
C:\Users\yolan\source\repos\AiDotNet\src\ProductionMonitoring\ModelHealthScorer.cs(133,48): error CS1998: This async method lacks 'await' operators and will run synchronously. Consider using the 'await' operator to await non-blocking API calls, or 'await Task.Run(...)' to do CPU-bound work on a background thread. [C:\Users\yolan\source\repos\AiDotNet\src\AiDotNet.csproj::TargetFramework=net6.0]
C:\Users\yolan\source\repos\AiDotNet\src\FederatedLearning\MetaLearning\MAMLFederated.cs(448,84): error CS1503: Argument 1: cannot convert from 'AiDotNet.LinearAlgebra.Vector<double>' to 'AiDotNet.LinearAlgebra.Matrix<double>' [C:\Users\yolan\source\repos\AiDotNet\src\AiDotNet.csproj::TargetFramework=net6.0]
C:\Users\yolan\source\repos\AiDotNet\src\ProductionMonitoring\ModelHealthScorer.cs(196,58): error CS1998: This async method lacks 'await' operators and will run synchronously. Consider using the 'await' operator to await non-blocking API calls, or 'await Task.Run(...)' to do CPU-bound work on a background thread. [C:\Users\yolan\source\repos\AiDotNet\src\AiDotNet.csproj::TargetFramework=net6.0]
C:\Users\yolan\source\repos\AiDotNet\src\ProductionMonitoring\ModelHealthScorer.cs(211,58): error CS1998: This async method lacks 'await' operators and will run synchronously. Consider using the 'await' operator to await non-blocking API calls, or 'await Task.Run(...)' to do CPU-bound work on a background thread. [C:\Users\yolan\source\repos\AiDotNet\src\AiDotNet.csproj::TargetFramework=net6.0]
C:\Users\yolan\source\repos\AiDotNet\src\FederatedLearning\MetaLearning\MAMLFederated.cs(470,62): error CS1503: Argument 1: cannot convert from 'AiDotNet.LinearAlgebra.Vector<double>' to 'AiDotNet.LinearAlgebra.Matrix<double>' [C:\Users\yolan\source\repos\AiDotNet\src\AiDotNet.csproj::TargetFramework=net6.0]
C:\Users\yolan\source\repos\AiDotNet\src\FederatedLearning\Communication\CommunicationManager.cs(368,41): error CS0104: 'JsonSerializer' is an ambiguous reference between 'Newtonsoft.Json.JsonSerializer' and 'System.Text.Json.JsonSerializer' [C:\Users\yolan\source\repos\AiDotNet\src\AiDotNet.csproj::TargetFramework=net6.0]
C:\Users\yolan\source\repos\AiDotNet\src\FederatedLearning\MetaLearning\MAMLFederated.cs(568,64): error CS1503: Argument 4: cannot convert from 'AiDotNet.FederatedLearning.PrivacySettings' to 'AiDotNet.FederatedLearning.Privacy.PrivacySettings' [C:\Users\yolan\source\repos\AiDotNet\src\AiDotNet.csproj::TargetFramework=net6.0]
C:\Users\yolan\source\repos\AiDotNet\src\FederatedLearning\Communication\CommunicationManager.cs(436,28): error CS8603: Possible null reference return. [C:\Users\yolan\source\repos\AiDotNet\src\AiDotNet.csproj::TargetFramework=net6.0]
C:\Users\yolan\source\repos\AiDotNet\src\FederatedLearning\Communication\CommunicationManager.cs(448,24): error CS8603: Possible null reference return. [C:\Users\yolan\source\repos\AiDotNet\src\AiDotNet.csproj::TargetFramework=net6.0]
C:\Users\yolan\source\repos\AiDotNet\src\Deployment\Techniques\ModelPruner.cs(361,74): error CS0119: 'Extensions.Value<U>(IEnumerable<JToken>)' is a method, which is not valid in the given context [C:\Users\yolan\source\repos\AiDotNet\src\AiDotNet.csproj::TargetFramework=net6.0]
C:\Users\yolan\source\repos\AiDotNet\src\Deployment\EdgeOptimizers\IoTOptimizer.cs(1125,39): error CS8625: Cannot convert null literal to non-nullable reference type. [C:\Users\yolan\source\repos\AiDotNet\src\AiDotNet.csproj::TargetFramework=net6.0]
C:\Users\yolan\source\repos\AiDotNet\src\Deployment\EdgeOptimizers\IoTOptimizer.cs(1335,43): error CS8604: Possible null reference argument for parameter 'key' in 'IoTDeviceProfile Dictionary<string, IoTDeviceProfile>.this[string key]'. [C:\Users\yolan\source\repos\AiDotNet\src\AiDotNet.csproj::TargetFramework=net6.0]
C:\Users\yolan\source\repos\AiDotNet\src\Deployment\EdgeOptimizers\IoTOptimizer.cs(1359,43): error CS8604: Possible null reference argument for parameter 'key' in 'IoTDeviceProfile Dictionary<string, IoTDeviceProfile>.this[string key]'. [C:\Users\yolan\source\repos\AiDotNet\src\AiDotNet.csproj::TargetFramework=net6.0]
C:\Users\yolan\source\repos\AiDotNet\src\ProductionMonitoring\ModelHealthScorer.cs(418,36): error CS1998: This async method lacks 'await' operators and will run synchronously. Consider using the 'await' operator to await non-blocking API calls, or 'await Task.Run(...)' to do CPU-bound work on a background thread. [C:\Users\yolan\source\repos\AiDotNet\src\AiDotNet.csproj::TargetFramework=net6.0]
C:\Users\yolan\source\repos\AiDotNet\src\ProductionMonitoring\ModelHealthScorer.cs(443,36): error CS1998: This async method lacks 'await' operators and will run synchronously. Consider using the 'await' operator to await non-blocking API calls, or 'await Task.Run(...)' to do CPU-bound work on a background thread. [C:\Users\yolan\source\repos\AiDotNet\src\AiDotNet.csproj::TargetFramework=net6.0]
C:\Users\yolan\source\repos\AiDotNet\src\ProductionMonitoring\ModelHealthScorer.cs(466,36): error CS1998: This async method lacks 'await' operators and will run synchronously. Consider using the 'await' operator to await non-blocking API calls, or 'await Task.Run(...)' to do CPU-bound work on a background thread. [C:\Users\yolan\source\repos\AiDotNet\src\AiDotNet.csproj::TargetFramework=net6.0]
C:\Users\yolan\source\repos\AiDotNet\src\ProductionMonitoring\ModelHealthScorer.cs(487,36): error CS1998: This async method lacks 'await' operators and will run synchronously. Consider using the 'await' operator to await non-blocking API calls, or 'await Task.Run(...)' to do CPU-bound work on a background thread. [C:\Users\yolan\source\repos\AiDotNet\src\AiDotNet.csproj::TargetFramework=net6.0]
C:\Users\yolan\source\repos\AiDotNet\src\ProductionMonitoring\ModelHealthScorer.cs(506,36): error CS1998: This async method lacks 'await' operators and will run synchronously. Consider using the 'await' operator to await non-blocking API calls, or 'await Task.Run(...)' to do CPU-bound work on a background thread. [C:\Users\yolan\source\repos\AiDotNet\src\AiDotNet.csproj::TargetFramework=net6.0]
C:\Users\yolan\source\repos\AiDotNet\src\ProductionMonitoring\ModelHealthScorer.cs(761,28): error CS1998: This async method lacks 'await' operators and will run synchronously. Consider using the 'await' operator to await non-blocking API calls, or 'await Task.Run(...)' to do CPU-bound work on a background thread. [C:\Users\yolan\source\repos\AiDotNet\src\AiDotNet.csproj::TargetFramework=net6.0]
C:\Users\yolan\source\repos\AiDotNet\src\Pipeline\PipelineSteps.cs(27,28): error CS0414: The field 'DataLoadingStep.loadedData' is assigned but its value is never used [C:\Users\yolan\source\repos\AiDotNet\src\AiDotNet.csproj::TargetFramework=net6.0]
C:\Users\yolan\source\repos\AiDotNet\src\Examples\FederatedLearningExample.cs(360,40): error CS8603: Possible null reference return. [C:\Users\yolan\source\repos\AiDotNet\src\AiDotNet.csproj::TargetFramework=net462]
C:\Users\yolan\source\repos\AiDotNet\src\Examples\FederatedLearningExample.cs(365,24): error CS8603: Possible null reference return. [C:\Users\yolan\source\repos\AiDotNet\src\AiDotNet.csproj::TargetFramework=net462]
C:\Users\yolan\source\repos\AiDotNet\src\Examples\FederatedLearningExample.cs(368,22): error CS8600: Converting null literal or possible null value to non-nullable type. [C:\Users\yolan\source\repos\AiDotNet\src\AiDotNet.csproj::TargetFramework=net462]
C:\Users\yolan\source\repos\AiDotNet\src\Examples\FederatedLearningExample.cs(373,20): error CS8603: Possible null reference return. [C:\Users\yolan\source\repos\AiDotNet\src\AiDotNet.csproj::TargetFramework=net462]
C:\Users\yolan\source\repos\AiDotNet\src\AutoML\RandomSearchAutoML.cs(171,47): error CS1061: 'KeyValuePair<string, ParameterRange>' does not contain a definition for 'Deconstruct' and no accessible extension method 'Deconstruct' accepting a first argument of type 'KeyValuePair<string, ParameterRange>' could be found (are you missing a using directive or an assembly reference?) [C:\Users\yolan\source\repos\AiDotNet\src\AiDotNet.csproj::TargetFramework=net462]
C:\Users\yolan\source\repos\AiDotNet\src\AutoML\RandomSearchAutoML.cs(171,47): error CS8129: No suitable 'Deconstruct' instance or extension method was found for type 'KeyValuePair<string, ParameterRange>', with 2 out parameters and a void return type. [C:\Users\yolan\source\repos\AiDotNet\src\AiDotNet.csproj::TargetFramework=net462]
C:\Users\yolan\source\repos\AiDotNet\src\AutoML\RandomSearchAutoML.cs(171,31): error CS8130: Cannot infer the type of implicitly-typed deconstruction variable 'name'. [C:\Users\yolan\source\repos\AiDotNet\src\AiDotNet.csproj::TargetFramework=net462]
C:\Users\yolan\source\repos\AiDotNet\src\AutoML\RandomSearchAutoML.cs(171,37): error CS8130: Cannot infer the type of implicitly-typed deconstruction variable 'range'. [C:\Users\yolan\source\repos\AiDotNet\src\AiDotNet.csproj::TargetFramework=net462]
C:\Users\yolan\source\repos\AiDotNet\src\AutoML\RandomSearchAutoML.cs(178,47): error CS1061: 'KeyValuePair<string, ParameterRange>' does not contain a definition for 'Deconstruct' and no accessible extension method 'Deconstruct' accepting a first argument of type 'KeyValuePair<string, ParameterRange>' could be found (are you missing a using directive or an assembly reference?) [C:\Users\yolan\source\repos\AiDotNet\src\AiDotNet.csproj::TargetFramework=net462]
C:\Users\yolan\source\repos\AiDotNet\src\AutoML\RandomSearchAutoML.cs(178,47): error CS8129: No suitable 'Deconstruct' instance or extension method was found for type 'KeyValuePair<string, ParameterRange>', with 2 out parameters and a void return type. [C:\Users\yolan\source\repos\AiDotNet\src\AiDotNet.csproj::TargetFramework=net462]
C:\Users\yolan\source\repos\AiDotNet\src\AutoML\RandomSearchAutoML.cs(178,31): error CS8130: Cannot infer the type of implicitly-typed deconstruction variable 'name'. [C:\Users\yolan\source\repos\AiDotNet\src\AiDotNet.csproj::TargetFramework=net462]
C:\Users\yolan\source\repos\AiDotNet\src\AutoML\RandomSearchAutoML.cs(178,37): error CS8130: Cannot infer the type of implicitly-typed deconstruction variable 'range'. [C:\Users\yolan\source\repos\AiDotNet\src\AiDotNet.csproj::TargetFramework=net462]
C:\Users\yolan\source\repos\AiDotNet\src\AutoML\RandomSearchAutoML.cs(224,43): error CS1061: 'KeyValuePair<string, ParameterRange>' does not contain a definition for 'Deconstruct' and no accessible extension method 'Deconstruct' accepting a first argument of type 'KeyValuePair<string, ParameterRange>' could be found (are you missing a using directive or an assembly reference?) [C:\Users\yolan\source\repos\AiDotNet\src\AiDotNet.csproj::TargetFramework=net462]
C:\Users\yolan\source\repos\AiDotNet\src\AutoML\RandomSearchAutoML.cs(224,43): error CS8129: No suitable 'Deconstruct' instance or extension method was found for type 'KeyValuePair<string, ParameterRange>', with 2 out parameters and a void return type. [C:\Users\yolan\source\repos\AiDotNet\src\AiDotNet.csproj::TargetFramework=net462]
C:\Users\yolan\source\repos\AiDotNet\src\AutoML\RandomSearchAutoML.cs(224,27): error CS8130: Cannot infer the type of implicitly-typed deconstruction variable 'name'. [C:\Users\yolan\source\repos\AiDotNet\src\AiDotNet.csproj::TargetFramework=net462]
C:\Users\yolan\source\repos\AiDotNet\src\AutoML\RandomSearchAutoML.cs(224,33): error CS8130: Cannot infer the type of implicitly-typed deconstruction variable 'range'. [C:\Users\yolan\source\repos\AiDotNet\src\AiDotNet.csproj::TargetFramework=net462]
C:\Users\yolan\source\repos\AiDotNet\src\AutoML\RandomSearchAutoML.cs(260,20): error CS0029: Cannot implicitly convert type 'void' to 'AiDotNet.Interfaces.IFullModel<T, TInput, TOutput>' [C:\Users\yolan\source\repos\AiDotNet\src\AiDotNet.csproj::TargetFramework=net462]
C:\Users\yolan\source\repos\AiDotNet\src\PredictionModelBuilder.cs(776,13): error CS8604: Possible null reference argument for parameter 'args' in 'void ILogging.Debug(string message, params object[] args)'. [C:\Users\yolan\source\repos\AiDotNet\src\AiDotNet.csproj::TargetFramework=net462]
C:\Users\yolan\source\repos\AiDotNet\src\PredictionModelBuilder.cs(776,38): error CS8604: Possible null reference argument for parameter 'args' in 'void ILogging.Debug(string message, params object[] args)'. [C:\Users\yolan\source\repos\AiDotNet\src\AiDotNet.csproj::TargetFramework=net462]
C:\Users\yolan\source\repos\AiDotNet\src\ProductionMonitoring\RetrainingRecommender.cs(175,58): error CS1998: This async method lacks 'await' operators and will run synchronously. Consider using the 'await' operator to await non-blocking API calls, or 'await Task.Run(...)' to do CPU-bound work on a background thread. [C:\Users\yolan\source\repos\AiDotNet\src\AiDotNet.csproj::TargetFramework=net462]
C:\Users\yolan\source\repos\AiDotNet\src\PredictionModelBuilder.cs(859,13): error CS8604: Possible null reference argument for parameter 'args' in 'void ILogging.Debug(string message, params object[] args)'. [C:\Users\yolan\source\repos\AiDotNet\src\AiDotNet.csproj::TargetFramework=net462]
C:\Users\yolan\source\repos\AiDotNet\src\ProductionMonitoring\RetrainingRecommender.cs(187,58): error CS1998: This async method lacks 'await' operators and will run synchronously. Consider using the 'await' operator to await non-blocking API calls, or 'await Task.Run(...)' to do CPU-bound work on a background thread. [C:\Users\yolan\source\repos\AiDotNet\src\AiDotNet.csproj::TargetFramework=net462]
C:\Users\yolan\source\repos\AiDotNet\src\PredictionModelBuilder.cs(932,25): error CS8604: Possible null reference argument for parameter 'args' in 'void ILogging.Information(string message, params object[] args)'. [C:\Users\yolan\source\repos\AiDotNet\src\AiDotNet.csproj::TargetFramework=net462]
C:\Users\yolan\source\repos\AiDotNet\src\PredictionModelBuilder.cs(932,38): error CS8604: Possible null reference argument for parameter 'args' in 'void ILogging.Information(string message, params object[] args)'. [C:\Users\yolan\source\repos\AiDotNet\src\AiDotNet.csproj::TargetFramework=net462]
C:\Users\yolan\source\repos\AiDotNet\src\ReinforcementLearning\Tournament\Results\TournamentResult.cs(106,45): error CS0121: The call is ambiguous between the following methods or properties: 'System.Linq.LinqExtensions.ToDictionary<TSource, TKey, TValue>(System.Collections.Generic.IEnumerable<TSource>, System.Func<TSource, TKey>, System.Func<TSource, TValue>)' and 'System.Linq.Enumerable.ToDictionary<TSource, TKey, TElement>(System.Collections.Generic.IEnumerable<TSource>, System.Func<TSource, TKey>, System.Func<TSource, TElement>)' [C:\Users\yolan\source\repos\AiDotNet\src\AiDotNet.csproj::TargetFramework=net462]
C:\Users\yolan\source\repos\AiDotNet\src\ReinforcementLearning\Tournament\Results\TournamentResult.cs(111,41): error CS0121: The call is ambiguous between the following methods or properties: 'System.Linq.LinqExtensions.ToDictionary<TSource, TKey, TValue>(System.Collections.Generic.IEnumerable<TSource>, System.Func<TSource, TKey>, System.Func<TSource, TValue>)' and 'System.Linq.Enumerable.ToDictionary<TSource, TKey, TElement>(System.Collections.Generic.IEnumerable<TSource>, System.Func<TSource, TKey>, System.Func<TSource, TElement>)' [C:\Users\yolan\source\repos\AiDotNet\src\AiDotNet.csproj::TargetFramework=net462]
C:\Users\yolan\source\repos\AiDotNet\src\ReinforcementLearning\Tournament\Results\TournamentResult.cs(116,33): error CS0121: The call is ambiguous between the following methods or properties: 'System.Linq.LinqExtensions.ToDictionary<TSource, TKey, TValue>(System.Collections.Generic.IEnumerable<TSource>, System.Func<TSource, TKey>, System.Func<TSource, TValue>)' and 'System.Linq.Enumerable.ToDictionary<TSource, TKey, TElement>(System.Collections.Generic.IEnumerable<TSource>, System.Func<TSource, TKey>, System.Func<TSource, TElement>)' [C:\Users\yolan\source\repos\AiDotNet\src\AiDotNet.csproj::TargetFramework=net462]
C:\Users\yolan\source\repos\AiDotNet\src\PredictionModelBuilder.cs(1065,42): error CS1061: 'IMultimodalModel<T, TInput, TOutput>' does not contain a definition for 'AddModality' and no accessible extension method 'AddModality' accepting a first argument of type 'IMultimodalModel<T, TInput, TOutput>' could be found (are you missing a using directive or an assembly reference?) [C:\Users\yolan\source\repos\AiDotNet\src\AiDotNet.csproj::TargetFramework=net462]
C:\Users\yolan\source\repos\AiDotNet\src\PredictionModelBuilder.cs(1068,34): error CS1061: 'IMultimodalModel<T, TInput, TOutput>' does not contain a definition for 'SetFusionStrategy' and no accessible extension method 'SetFusionStrategy' accepting a first argument of type 'IMultimodalModel<T, TInput, TOutput>' could be found (are you missing a using directive or an assembly reference?) [C:\Users\yolan\source\repos\AiDotNet\src\AiDotNet.csproj::TargetFramework=net462]
C:\Users\yolan\source\repos\AiDotNet\src\PredictionModelBuilder.cs(1080,38): error CS1061: 'IFoundationModel<T, TInput, TOutput>' does not contain a definition for 'ConfigureFineTuning' and no accessible extension method 'ConfigureFineTuning' accepting a first argument of type 'IFoundationModel<T, TInput, TOutput>' could be found (are you missing a using directive or an assembly reference?) [C:\Users\yolan\source\repos\AiDotNet\src\AiDotNet.csproj::TargetFramework=net462]
C:\Users\yolan\source\repos\AiDotNet\src\PredictionModelBuilder.cs(1098,34): error CS1061: 'IAutoMLModel<T, TInput, TOutput>' does not contain a definition for 'ConfigureSearchSpace' and no accessible extension method 'ConfigureSearchSpace' accepting a first argument of type 'IAutoMLModel<T, TInput, TOutput>' could be found (are you missing a using directive or an assembly reference?) [C:\Users\yolan\source\repos\AiDotNet\src\AiDotNet.csproj::TargetFramework=net462]
C:\Users\yolan\source\repos\AiDotNet\src\PredictionModelBuilder.cs(1102,34): error CS1061: 'IAutoMLModel<T, TInput, TOutput>' does not contain a definition for 'SetTimeLimit' and no accessible extension method 'SetTimeLimit' accepting a first argument of type 'IAutoMLModel<T, TInput, TOutput>' could be found (are you missing a using directive or an assembly reference?) [C:\Users\yolan\source\repos\AiDotNet\src\AiDotNet.csproj::TargetFramework=net462]
C:\Users\yolan\source\repos\AiDotNet\src\PredictionModelBuilder.cs(1106,34): error CS1061: 'IAutoMLModel<T, TInput, TOutput>' does not contain a definition for 'SetTrialLimit' and no accessible extension method 'SetTrialLimit' accepting a first argument of type 'IAutoMLModel<T, TInput, TOutput>' could be found (are you missing a using directive or an assembly reference?) [C:\Users\yolan\source\repos\AiDotNet\src\AiDotNet.csproj::TargetFramework=net462]
C:\Users\yolan\source\repos\AiDotNet\src\PredictionModelBuilder.cs(1110,34): error CS1061: 'IAutoMLModel<T, TInput, TOutput>' does not contain a definition for 'EnableNAS' and no accessible extension method 'EnableNAS' accepting a first argument of type 'IAutoMLModel<T, TInput, TOutput>' could be found (are you missing a using directive or an assembly reference?) [C:\Users\yolan\source\repos\AiDotNet\src\AiDotNet.csproj::TargetFramework=net462]
C:\Users\yolan\source\repos\AiDotNet\src\PredictionModelBuilder.cs(1114,38): error CS1061: 'IAutoMLModel<T, TInput, TOutput>' does not contain a definition for 'SearchBestModel' and no accessible extension method 'SearchBestModel' accepting a first argument of type 'IAutoMLModel<T, TInput, TOutput>' could be found (are you missing a using directive or an assembly reference?) [C:\Users\yolan\source\repos\AiDotNet\src\AiDotNet.csproj::TargetFramework=net462]
C:\Users\yolan\source\repos\AiDotNet\src\PredictionModelBuilder.cs(1140,37): error CS1061: 'IInterpretableModel<T, TInput, TOutput>' does not contain a definition for 'SetBaseModel' and no accessible extension method 'SetBaseModel' accepting a first argument of type 'IInterpretableModel<T, TInput, TOutput>' could be found (are you missing a using directive or an assembly reference?) [C:\Users\yolan\source\repos\AiDotNet\src\AiDotNet.csproj::TargetFramework=net462]
C:\Users\yolan\source\repos\AiDotNet\src\PredictionModelBuilder.cs(1145,45): error CS1061: 'IInterpretableModel<T, TInput, TOutput>' does not contain a definition for 'EnableMethod' and no accessible extension method 'EnableMethod' accepting a first argument of type 'IInterpretableModel<T, TInput, TOutput>' could be found (are you missing a using directive or an assembly reference?) [C:\Users\yolan\source\repos\AiDotNet\src\AiDotNet.csproj::TargetFramework=net462]
C:\Users\yolan\source\repos\AiDotNet\src\PredictionModelBuilder.cs(1150,41): error CS1061: 'IInterpretableModel<T, TInput, TOutput>' does not contain a definition for 'ConfigureFairness' and no accessible extension method 'ConfigureFairness' accepting a first argument of type 'IInterpretableModel<T, TInput, TOutput>' could be found (are you missing a using directive or an assembly reference?) [C:\Users\yolan\source\repos\AiDotNet\src\AiDotNet.csproj::TargetFramework=net462]
C:\Users\yolan\source\repos\AiDotNet\src\PredictionModelBuilder.cs(1152,25): error CS0266: Cannot implicitly convert type 'AiDotNet.Interfaces.IInterpretableModel<T, TInput, TOutput>' to 'AiDotNet.Interfaces.IFullModel<T, TInput, TOutput>'. An explicit conversion exists (are you missing a cast?) [C:\Users\yolan\source\repos\AiDotNet\src\AiDotNet.csproj::TargetFramework=net462]
C:\Users\yolan\source\repos\AiDotNet\src\PredictionModelBuilder.cs(1161,40): error CS1061: 'IProductionMonitor<T, TInput, TOutput>' does not contain a definition for 'ConfigureDriftDetection' and no accessible extension method 'ConfigureDriftDetection' accepting a first argument of type 'IProductionMonitor<T, TInput, TOutput>' could be found (are you missing a using directive or an assembly reference?) [C:\Users\yolan\source\repos\AiDotNet\src\AiDotNet.csproj::TargetFramework=net462]
C:\Users\yolan\source\repos\AiDotNet\src\PredictionModelBuilder.cs(1165,40): error CS1061: 'IProductionMonitor<T, TInput, TOutput>' does not contain a definition for 'ConfigureRetraining' and no accessible extension method 'ConfigureRetraining' accepting a first argument of type 'IProductionMonitor<T, TInput, TOutput>' could be found (are you missing a using directive or an assembly reference?) [C:\Users\yolan\source\repos\AiDotNet\src\AiDotNet.csproj::TargetFramework=net462]
C:\Users\yolan\source\repos\AiDotNet\src\PredictionModelBuilder.cs(1210,57): error CS1061: 'IPipelineStep<T, TInput, TOutput>' does not contain a definition for 'FitTransform' and no accessible extension method 'FitTransform' accepting a first argument of type 'IPipelineStep<T, TInput, TOutput>' could be found (are you missing a using directive or an assembly reference?) [C:\Users\yolan\source\repos\AiDotNet\src\AiDotNet.csproj::TargetFramework=net462]
C:\Users\yolan\source\repos\AiDotNet\src\Pipeline\Steps\ParallelProcessingStep.cs(339,60): error CS0117: 'StatisticsHelper<double>' does not contain a definition for 'Variance' [C:\Users\yolan\source\repos\AiDotNet\src\AiDotNet.csproj::TargetFramework=net462]
C:\Users\yolan\source\repos\AiDotNet\src\PredictionModelBuilder.cs(1485,17): error CS0019: Operator '!=' cannot be applied to operands of type 'T' and '<null>' [C:\Users\yolan\source\repos\AiDotNet\src\AiDotNet.csproj::TargetFramework=net462]
C:\Users\yolan\source\repos\AiDotNet\src\MultimodalAI\MultimodalModelBase.cs(134,24): error CS7036: There is no argument given that corresponds to the required parameter 'inputs' of 'ModelStats<double, Matrix<double>, Vector<double>>.ModelStats(ModelStatsInputs<double, Matrix<double>, Vector<double>>, ModelType, ModelStatsOptions?)' [C:\Users\yolan\source\repos\AiDotNet\src\AiDotNet.csproj::TargetFramework=net462]
C:\Users\yolan\source\repos\AiDotNet\src\MultimodalAI\MultimodalModelBase.cs(136,17): error CS0117: 'ModelStats<double, Matrix<double>, Vector<double>>' does not contain a definition for 'Name' [C:\Users\yolan\source\repos\AiDotNet\src\AiDotNet.csproj::TargetFramework=net462]
C:\Users\yolan\source\repos\AiDotNet\src\MultimodalAI\MultimodalModelBase.cs(137,17): error CS0117: 'ModelStats<double, Matrix<double>, Vector<double>>' does not contain a definition for 'Type' [C:\Users\yolan\source\repos\AiDotNet\src\AiDotNet.csproj::TargetFramework=net462]
C:\Users\yolan\source\repos\AiDotNet\src\MultimodalAI\MultimodalModelBase.cs(138,17): error CS0117: 'ModelStats<double, Matrix<double>, Vector<double>>' does not contain a definition for 'Timestamp' [C:\Users\yolan\source\repos\AiDotNet\src\AiDotNet.csproj::TargetFramework=net462]
C:\Users\yolan\source\repos\AiDotNet\src\ProductionMonitoring\RetrainingRecommender.cs(317,48): error CS1998: This async method lacks 'await' operators and will run synchronously. Consider using the 'await' operator to await non-blocking API calls, or 'await Task.Run(...)' to do CPU-bound work on a background thread. [C:\Users\yolan\source\repos\AiDotNet\src\AiDotNet.csproj::TargetFramework=net462]
C:\Users\yolan\source\repos\AiDotNet\src\MultimodalAI\MultimodalData.cs(111,20): error CS8603: Possible null reference return. [C:\Users\yolan\source\repos\AiDotNet\src\AiDotNet.csproj::TargetFramework=net462]
C:\Users\yolan\source\repos\AiDotNet\src\ProductionMonitoring\RetrainingRecommender.cs(396,53): error CS0121: The call is ambiguous between the following methods or properties: 'System.Linq.LinqExtensions.LastOrDefault<T>(System.Collections.Generic.IEnumerable<T>)' and 'System.Linq.Enumerable.LastOrDefault<TSource>(System.Collections.Generic.IEnumerable<TSource>)' [C:\Users\yolan\source\repos\AiDotNet\src\AiDotNet.csproj::TargetFramework=net462]
C:\Users\yolan\source\repos\AiDotNet\src\MultimodalAI\LateFusionMultimodal.cs(105,31): error CS8602: Dereference of a possibly null reference. [C:\Users\yolan\source\repos\AiDotNet\src\AiDotNet.csproj::TargetFramework=net462]
C:\Users\yolan\source\repos\AiDotNet\src\ProductionMonitoring\RetrainingRecommender.cs(430,54): error CS1998: This async method lacks 'await' operators and will run synchronously. Consider using the 'await' operator to await non-blocking API calls, or 'await Task.Run(...)' to do CPU-bound work on a background thread. [C:\Users\yolan\source\repos\AiDotNet\src\AiDotNet.csproj::TargetFramework=net462]
C:\Users\yolan\source\repos\AiDotNet\src\MultimodalAI\LateFusionMultimodal.cs(153,80): error CS8625: Cannot convert null literal to non-nullable reference type. [C:\Users\yolan\source\repos\AiDotNet\src\AiDotNet.csproj::TargetFramework=net462]
C:\Users\yolan\source\repos\AiDotNet\src\MultimodalAI\LateFusionMultimodal.cs(161,34): error CS8602: Dereference of a possibly null reference. [C:\Users\yolan\source\repos\AiDotNet\src\AiDotNet.csproj::TargetFramework=net462]
C:\Users\yolan\source\repos\AiDotNet\src\MultimodalAI\LateFusionMultimodal.cs(208,20): error CS0266: Cannot implicitly convert type 'AiDotNet.MultimodalAI.LateFusionMultimodal' to 'AiDotNet.Interfaces.IFullModel<double, System.Collections.Generic.Dictionary<string, object>, AiDotNet.LinearAlgebra.Vector<double>>'. An explicit conversion exists (are you missing a cast?) [C:\Users\yolan\source\repos\AiDotNet\src\AiDotNet.csproj::TargetFramework=net462]
C:\Users\yolan\source\repos\AiDotNet\src\MultimodalAI\LateFusionMultimodal.cs(249,43): error CS0121: The call is ambiguous between the following methods or properties: 'System.Linq.LinqExtensions.ToDictionary<TSource, TKey, TValue>(System.Collections.Generic.IEnumerable<TSource>, System.Func<TSource, TKey>, System.Func<TSource, TValue>)' and 'System.Linq.Enumerable.ToDictionary<TSource, TKey, TElement>(System.Collections.Generic.IEnumerable<TSource>, System.Func<TSource, TKey>, System.Func<TSource, TElement>)' [C:\Users\yolan\source\repos\AiDotNet\src\AiDotNet.csproj::TargetFramework=net462]
C:\Users\yolan\source\repos\AiDotNet\src\NeuralNetworks\VisionTransformer.cs(731,49): error CS1061: 'LayerType' does not contain a definition for 'Attention' and no accessible extension method 'Attention' accepting a first argument of type 'LayerType' could be found (are you missing a using directive or an assembly reference?) [C:\Users\yolan\source\repos\AiDotNet\src\AiDotNet.csproj::TargetFramework=net462]
C:\Users\yolan\source\repos\AiDotNet\src\ProductionMonitoring\RetrainingRecommender.cs(533,18): error CS0121: The call is ambiguous between the following methods or properties: 'System.Linq.LinqExtensions.ToDictionary<TSource, TKey, TValue>(System.Collections.Generic.IEnumerable<TSource>, System.Func<TSource, TKey>, System.Func<TSource, TValue>)' and 'System.Linq.Enumerable.ToDictionary<TSource, TKey, TElement>(System.Collections.Generic.IEnumerable<TSource>, System.Func<TSource, TKey>, System.Func<TSource, TElement>)' [C:\Users\yolan\source\repos\AiDotNet\src\AiDotNet.csproj::TargetFramework=net462]
C:\Users\yolan\source\repos\AiDotNet\src\NeuralNetworks\VisionTransformer.cs(99,40): error CS1501: No overload for method 'Repeat' takes 3 arguments [C:\Users\yolan\source\repos\AiDotNet\src\AiDotNet.csproj::TargetFramework=net462]
C:\Users\yolan\source\repos\AiDotNet\src\NeuralNetworks\VisionTransformer.cs(100,45): error CS1503: Argument 1: cannot convert from 'AiDotNet.LinearAlgebra.Vector<T>' to 'AiDotNet.LinearAlgebra.Tensor<double>' [C:\Users\yolan\source\repos\AiDotNet\src\AiDotNet.csproj::TargetFramework=net462]
C:\Users\yolan\source\repos\AiDotNet\src\NeuralNetworks\VisionTransformer.cs(162,40): error CS1501: No overload for method 'Repeat' takes 3 arguments [C:\Users\yolan\source\repos\AiDotNet\src\AiDotNet.csproj::TargetFramework=net462]
C:\Users\yolan\source\repos\AiDotNet\src\NeuralNetworks\VisionTransformer.cs(163,45): error CS1503: Argument 1: cannot convert from 'AiDotNet.LinearAlgebra.Vector<T>' to 'AiDotNet.LinearAlgebra.Tensor<double>' [C:\Users\yolan\source\repos\AiDotNet\src\AiDotNet.csproj::TargetFramework=net462]
C:\Users\yolan\source\repos\AiDotNet\src\Deployment\Techniques\ModelQuantizer.cs(856,17): error CS8602: Dereference of a possibly null reference. [C:\Users\yolan\source\repos\AiDotNet\src\AiDotNet.csproj::TargetFramework=net462]
C:\Users\yolan\source\repos\AiDotNet\src\Deployment\Techniques\ModelQuantizer.cs(868,33): error CS8602: Dereference of a possibly null reference. [C:\Users\yolan\source\repos\AiDotNet\src\AiDotNet.csproj::TargetFramework=net462]
C:\Users\yolan\source\repos\AiDotNet\src\Deployment\Techniques\ModelQuantizer.cs(883,35): error CS8602: Dereference of a possibly null reference. [C:\Users\yolan\source\repos\AiDotNet\src\AiDotNet.csproj::TargetFramework=net462]
C:\Users\yolan\source\repos\AiDotNet\src\Deployment\Techniques\ModelQuantizer.cs(896,26): error CS8602: Dereference of a possibly null reference. [C:\Users\yolan\source\repos\AiDotNet\src\AiDotNet.csproj::TargetFramework=net462]
C:\Users\yolan\source\repos\AiDotNet\src\Deployment\Techniques\ModelQuantizer.cs(914,45): error CS1061: 'ILayer<double>' does not contain a definition for 'GetParameterCount' and no accessible extension method 'GetParameterCount' accepting a first argument of type 'ILayer<double>' could be found (are you missing a using directive or an assembly reference?) [C:\Users\yolan\source\repos\AiDotNet\src\AiDotNet.csproj::TargetFramework=net462]
C:\Users\yolan\source\repos\AiDotNet\src\Deployment\Techniques\ModelQuantizer.cs(912,35): error CS8602: Dereference of a possibly null reference. [C:\Users\yolan\source\repos\AiDotNet\src\AiDotNet.csproj::TargetFramework=net462]
C:\Users\yolan\source\repos\AiDotNet\src\Pipeline\Steps\DataValidationStep.cs(85,61): error CS0117: 'StatisticsHelper<double>' does not contain a definition for 'Mean' [C:\Users\yolan\source\repos\AiDotNet\src\AiDotNet.csproj::TargetFramework=net462]
C:\Users\yolan\source\repos\AiDotNet\src\Pipeline\Steps\DataValidationStep.cs(86,63): error CS0117: 'StatisticsHelper<double>' does not contain a definition for 'StandardDeviation' [C:\Users\yolan\source\repos\AiDotNet\src\AiDotNet.csproj::TargetFramework=net462]
C:\Users\yolan\source\repos\AiDotNet\src\Deployment\Techniques\ModelQuantizer.cs(968,36): error CS8602: Dereference of a possibly null reference. [C:\Users\yolan\source\repos\AiDotNet\src\AiDotNet.csproj::TargetFramework=net462]
C:\Users\yolan\source\repos\AiDotNet\src\Deployment\Techniques\ModelQuantizer.cs(977,26): error CS8602: Dereference of a possibly null reference. [C:\Users\yolan\source\repos\AiDotNet\src\AiDotNet.csproj::TargetFramework=net462]
C:\Users\yolan\source\repos\AiDotNet\src\Deployment\Techniques\ModelQuantizer.cs(989,33): error CS8602: Dereference of a possibly null reference. [C:\Users\yolan\source\repos\AiDotNet\src\AiDotNet.csproj::TargetFramework=net462]
C:\Users\yolan\source\repos\AiDotNet\src\ProductionMonitoring\RetrainingRecommender.cs(810,49): error CS1061: 'List<ProductionMonitorBase.PredictionRecord>' does not contain a definition for 'TakeLast' and no accessible extension method 'TakeLast' accepting a first argument of type 'List<ProductionMonitorBase.PredictionRecord>' could be found (are you missing a using directive or an assembly reference?) [C:\Users\yolan\source\repos\AiDotNet\src\AiDotNet.csproj::TargetFramework=net462]
C:\Users\yolan\source\repos\AiDotNet\src\ProductionMonitoring\RetrainingRecommender.cs(811,94): error CS0030: Cannot convert type 'method' to 'double' [C:\Users\yolan\source\repos\AiDotNet\src\AiDotNet.csproj::TargetFramework=net462]
C:\Users\yolan\source\repos\AiDotNet\src\ProductionMonitoring\RetrainingRecommender.cs(812,83): error CS0030: Cannot convert type 'method' to 'double' [C:\Users\yolan\source\repos\AiDotNet\src\AiDotNet.csproj::TargetFramework=net462]
C:\Users\yolan\source\repos\AiDotNet\src\ProductionMonitoring\RetrainingRecommender.cs(804,36): error CS1998: This async method lacks 'await' operators and will run synchronously. Consider using the 'await' operator to await non-blocking API calls, or 'await Task.Run(...)' to do CPU-bound work on a background thread. [C:\Users\yolan\source\repos\AiDotNet\src\AiDotNet.csproj::TargetFramework=net462]
C:\Users\yolan\source\repos\AiDotNet\src\NeuralNetworks\VisionTransformer.cs(435,91): error CS1503: Argument 2: cannot convert from 'double[]' to 'AiDotNet.LinearAlgebra.Vector<double>' [C:\Users\yolan\source\repos\AiDotNet\src\AiDotNet.csproj::TargetFramework=net462]
C:\Users\yolan\source\repos\AiDotNet\src\NeuralNetworks\VisionTransformer.cs(444,71): error CS1503: Argument 2: cannot convert from 'double[]' to 'AiDotNet.LinearAlgebra.Vector<double>' [C:\Users\yolan\source\repos\AiDotNet\src\AiDotNet.csproj::TargetFramework=net462]
C:\Users\yolan\source\repos\AiDotNet\src\ProductionMonitoring\RetrainingRecommender.cs(824,50): error CS1061: 'List<PerformanceMetrics>' does not contain a definition for 'TakeLast' and no accessible extension method 'TakeLast' accepting a first argument of type 'List<PerformanceMetrics>' could be found (are you missing a using directive or an assembly reference?) [C:\Users\yolan\source\repos\AiDotNet\src\AiDotNet.csproj::TargetFramework=net462]
C:\Users\yolan\source\repos\AiDotNet\src\MultimodalAI\EarlyFusionMultimodal.cs(71,31): error CS8602: Dereference of a possibly null reference. [C:\Users\yolan\source\repos\AiDotNet\src\AiDotNet.csproj::TargetFramework=net462]
C:\Users\yolan\source\repos\AiDotNet\src\Reasoning\ReasoningModelBase.cs(125,45): error CS0121: The call is ambiguous between the following methods or properties: 'System.Linq.LinqExtensions.LastOrDefault<T>(System.Collections.Generic.IEnumerable<T>)' and 'System.Linq.Enumerable.LastOrDefault<TSource>(System.Collections.Generic.IEnumerable<TSource>)' [C:\Users\yolan\source\repos\AiDotNet\src\AiDotNet.csproj::TargetFramework=net462]
C:\Users\yolan\source\repos\AiDotNet\src\Reasoning\ReasoningModelBase.cs(135,20): error CS8619: Nullability of reference types in value of type '?' doesn't match target type 'Tensor<T>'. [C:\Users\yolan\source\repos\AiDotNet\src\AiDotNet.csproj::TargetFramework=net462]
C:\Users\yolan\source\repos\AiDotNet\src\Pipeline\Steps\DataValidationStep.cs(295,57): error CS0117: 'StatisticsHelper<double>' does not contain a definition for 'StandardDeviation' [C:\Users\yolan\source\repos\AiDotNet\src\AiDotNet.csproj::TargetFramework=net462]
C:\Users\yolan\source\repos\AiDotNet\src\MultimodalAI\EarlyFusionMultimodal.cs(123,44): error CS8602: Dereference of a possibly null reference. [C:\Users\yolan\source\repos\AiDotNet\src\AiDotNet.csproj::TargetFramework=net462]
C:\Users\yolan\source\repos\AiDotNet\src\FederatedLearning\Server\FederatedServer.cs(337,45): error CS1061: 'List<double>' does not contain a definition for 'TakeLast' and no accessible extension method 'TakeLast' accepting a first argument of type 'List<double>' could be found (are you missing a using directive or an assembly reference?) [C:\Users\yolan\source\repos\AiDotNet\src\AiDotNet.csproj::TargetFramework=net462]
C:\Users\yolan\source\repos\AiDotNet\src\FederatedLearning\Server\FederatedServer.cs(370,81): error CS1503: Argument 4: cannot convert from 'AiDotNet.FederatedLearning.PrivacySettings' to 'AiDotNet.FederatedLearning.Privacy.PrivacySettings' [C:\Users\yolan\source\repos\AiDotNet\src\AiDotNet.csproj::TargetFramework=net462]
C:\Users\yolan\source\repos\AiDotNet\src\MultimodalAI\EarlyFusionMultimodal.cs(198,20): error CS0266: Cannot implicitly convert type 'AiDotNet.MultimodalAI.EarlyFusionMultimodal' to 'AiDotNet.Interfaces.IFullModel<double, System.Collections.Generic.Dictionary<string, object>, AiDotNet.LinearAlgebra.Vector<double>>'. An explicit conversion exists (are you missing a cast?) [C:\Users\yolan\source\repos\AiDotNet\src\AiDotNet.csproj::TargetFramework=net462]
C:\Users\yolan\source\repos\AiDotNet\src\Deployment\Techniques\ModelQuantizer.cs(425,63): error CS1503: Argument 1: cannot convert from 'AiDotNet.Interfaces.ILayer<double>' to 'AiDotNet.Interfaces.ILayer' [C:\Users\yolan\source\repos\AiDotNet\src\AiDotNet.csproj::TargetFramework=net462]
C:\Users\yolan\source\repos\AiDotNet\src\Deployment\Techniques\ModelQuantizer.cs(430,45): error CS0121: The call is ambiguous between the following methods or properties: 'NeuralNetworkArchitecture<T>.NeuralNetworkArchitecture(NetworkComplexity, NeuralNetworkTaskType?, bool, List<ILayer<T>>?, bool, bool, string?)' and 'NeuralNetworkArchitecture<T>.NeuralNetworkArchitecture(NetworkComplexity)' [C:\Users\yolan\source\repos\AiDotNet\src\AiDotNet.csproj::TargetFramework=net462]
C:\Users\yolan\source\repos\AiDotNet\src\Deployment\Techniques\ModelQuantizer.cs(432,17): error CS0200: Property or indexer 'NeuralNetworkArchitecture<double>.Layers' cannot be assigned to -- it is read only [C:\Users\yolan\source\repos\AiDotNet\src\AiDotNet.csproj::TargetFramework=net462]
C:\Users\yolan\source\repos\AiDotNet\src\Deployment\Techniques\ModelQuantizer.cs(433,17): error CS0117: 'NeuralNetworkArchitecture<double>' does not contain a definition for 'LossFunction' [C:\Users\yolan\source\repos\AiDotNet\src\AiDotNet.csproj::TargetFramework=net462]
C:\Users\yolan\source\repos\AiDotNet\src\Deployment\Techniques\ModelQuantizer.cs(433,45): error CS1061: 'NeuralNetworkArchitecture<double>' does not contain a definition for 'LossFunction' and no accessible extension method 'LossFunction' accepting a first argument of type 'NeuralNetworkArchitecture<double>' could be found (are you missing a using directive or an assembly reference?) [C:\Users\yolan\source\repos\AiDotNet\src\AiDotNet.csproj::TargetFramework=net462]
C:\Users\yolan\source\repos\AiDotNet\src\Deployment\Techniques\ModelQuantizer.cs(434,17): error CS0117: 'NeuralNetworkArchitecture<double>' does not contain a definition for 'Optimizer' [C:\Users\yolan\source\repos\AiDotNet\src\AiDotNet.csproj::TargetFramework=net462]
C:\Users\yolan\source\repos\AiDotNet\src\Deployment\Techniques\ModelQuantizer.cs(434,42): error CS1061: 'NeuralNetworkArchitecture<double>' does not contain a definition for 'Optimizer' and no accessible extension method 'Optimizer' accepting a first argument of type 'NeuralNetworkArchitecture<double>' could be found (are you missing a using directive or an assembly reference?) [C:\Users\yolan\source\repos\AiDotNet\src\AiDotNet.csproj::TargetFramework=net462]
C:\Users\yolan\source\repos\AiDotNet\src\Deployment\Techniques\ModelQuantizer.cs(437,20): error CS0266: Cannot implicitly convert type 'AiDotNet.Interfaces.INeuralNetworkModel<double>' to 'AiDotNet.Interfaces.IFullModel<T, TInput, TOutput>'. An explicit conversion exists (are you missing a cast?) [C:\Users\yolan\source\repos\AiDotNet\src\AiDotNet.csproj::TargetFramework=net462]
C:\Users\yolan\source\repos\AiDotNet\src\Deployment\Techniques\ModelQuantizer.cs(423,35): error CS8602: Dereference of a possibly null reference. [C:\Users\yolan\source\repos\AiDotNet\src\AiDotNet.csproj::TargetFramework=net462]
C:\Users\yolan\source\repos\AiDotNet\src\MultimodalAI\EarlyFusionMultimodal.cs(238,67): error CS1503: Argument 1: cannot convert from 'int[]' to 'AiDotNet.NeuralNetworks.NeuralNetworkArchitecture<double>' [C:\Users\yolan\source\repos\AiDotNet\src\AiDotNet.csproj::TargetFramework=net462]
C:\Users\yolan\source\repos\AiDotNet\src\FitDetectors\ShapleyValueFitDetector.cs(69,50): error CS0121: The call is ambiguous between the following methods or properties: 'System.Linq.LinqExtensions.ToDictionary<TSource, TKey, TValue>(System.Collections.Generic.IEnumerable<TSource>, System.Func<TSource, TKey>, System.Func<TSource, TValue>)' and 'System.Linq.Enumerable.ToDictionary<TSource, TKey, TElement>(System.Collections.Generic.IEnumerable<TSource>, System.Func<TSource, TKey>, System.Func<TSource, TElement>)' [C:\Users\yolan\source\repos\AiDotNet\src\AiDotNet.csproj::TargetFramework=net462]
C:\Users\yolan\source\repos\AiDotNet\src\Statistics\ErrorStats.cs(851,36): error CS0121: The call is ambiguous between the following methods or properties: 'System.Linq.LinqExtensions.ToDictionary<TSource, TKey, TValue>(System.Collections.Generic.IEnumerable<TSource>, System.Func<TSource, TKey>, System.Func<TSource, TValue>)' and 'System.Linq.Enumerable.ToDictionary<TSource, TKey, TElement>(System.Collections.Generic.IEnumerable<TSource>, System.Func<TSource, TKey>, System.Func<TSource, TElement>)' [C:\Users\yolan\source\repos\AiDotNet\src\AiDotNet.csproj::TargetFramework=net462]
C:\Users\yolan\source\repos\AiDotNet\src\MultimodalAI\CrossAttentionMultimodal.cs(110,32): error CS8602: Dereference of a possibly null reference. [C:\Users\yolan\source\repos\AiDotNet\src\AiDotNet.csproj::TargetFramework=net462]
C:\Users\yolan\source\repos\AiDotNet\src\FederatedLearning\Privacy\DifferentialPrivacy.cs(122,37): error CS1501: No overload for method 'NextGaussian' takes 2 arguments [C:\Users\yolan\source\repos\AiDotNet\src\AiDotNet.csproj::TargetFramework=net462]
C:\Users\yolan\source\repos\AiDotNet\src\Deployment\Techniques\ModelQuantizer.cs(56,47): error CS8600: Converting null literal or possible null value to non-nullable type. [C:\Users\yolan\source\repos\AiDotNet\src\AiDotNet.csproj::TargetFramework=net462]
C:\Users\yolan\source\repos\AiDotNet\src\Deployment\Techniques\ModelQuantizer.cs(63,80): error CS8604: Possible null reference argument for parameter 'calibrationData' in 'Task<IFullModel<T, TInput, TOutput>> IQuantizationStrategy<T, TInput, TOutput>.QuantizeAsync(IFullModel<T, TInput, TOutput> model, QuantizationConfig config, CalibrationData calibrationData)'. [C:\Users\yolan\source\repos\AiDotNet\src\AiDotNet.csproj::TargetFramework=net462]
C:\Users\yolan\source\repos\AiDotNet\src\Deployment\Techniques\ModelQuantizer.cs(86,46): error CS1061: 'KeyValuePair<string, IQuantizationStrategy<T, TInput, TOutput>>' does not contain a definition for 'Deconstruct' and no accessible extension method 'Deconstruct' accepting a first argument of type 'KeyValuePair<string, IQuantizationStrategy<T, TInput, TOutput>>' could be found (are you missing a using directive or an assembly reference?) [C:\Users\yolan\source\repos\AiDotNet\src\AiDotNet.csproj::TargetFramework=net462]
C:\Users\yolan\source\repos\AiDotNet\src\Deployment\Techniques\ModelQuantizer.cs(86,46): error CS8129: No suitable 'Deconstruct' instance or extension method was found for type 'KeyValuePair<string, IQuantizationStrategy<T, TInput, TOutput>>', with 2 out parameters and a void return type. [C:\Users\yolan\source\repos\AiDotNet\src\AiDotNet.csproj::TargetFramework=net462]
C:\Users\yolan\source\repos\AiDotNet\src\Deployment\Techniques\ModelQuantizer.cs(86,27): error CS8130: Cannot infer the type of implicitly-typed deconstruction variable 'name'. [C:\Users\yolan\source\repos\AiDotNet\src\AiDotNet.csproj::TargetFramework=net462]
C:\Users\yolan\source\repos\AiDotNet\src\Deployment\Techniques\ModelQuantizer.cs(86,33): error CS8130: Cannot infer the type of implicitly-typed deconstruction variable 'strategy'. [C:\Users\yolan\source\repos\AiDotNet\src\AiDotNet.csproj::TargetFramework=net462]
C:\Users\yolan\source\repos\AiDotNet\src\Deployment\Techniques\ModelQuantizer.cs(125,73): error CS1503: Argument 1: cannot convert from 'AiDotNet.Interfaces.ILayer<double>' to 'AiDotNet.Interfaces.ILayer' [C:\Users\yolan\source\repos\AiDotNet\src\AiDotNet.csproj::TargetFramework=net462]
C:\Users\yolan\source\repos\AiDotNet\src\Deployment\Techniques\ModelQuantizer.cs(130,45): error CS0121: The call is ambiguous between the following methods or properties: 'NeuralNetworkArchitecture<T>.NeuralNetworkArchitecture(NetworkComplexity, NeuralNetworkTaskType?, bool, List<ILayer<T>>?, bool, bool, string?)' and 'NeuralNetworkArchitecture<T>.NeuralNetworkArchitecture(NetworkComplexity)' [C:\Users\yolan\source\repos\AiDotNet\src\AiDotNet.csproj::TargetFramework=net462]
C:\Users\yolan\source\repos\AiDotNet\src\Deployment\Techniques\ModelQuantizer.cs(132,17): error CS0200: Property or indexer 'NeuralNetworkArchitecture<double>.Layers' cannot be assigned to -- it is read only [C:\Users\yolan\source\repos\AiDotNet\src\AiDotNet.csproj::TargetFramework=net462]
C:\Users\yolan\source\repos\AiDotNet\src\Deployment\Techniques\ModelQuantizer.cs(133,17): error CS0117: 'NeuralNetworkArchitecture<double>' does not contain a definition for 'LossFunction' [C:\Users\yolan\source\repos\AiDotNet\src\AiDotNet.csproj::TargetFramework=net462]
C:\Users\yolan\source\repos\AiDotNet\src\Deployment\Techniques\ModelQuantizer.cs(133,45): error CS1061: 'NeuralNetworkArchitecture<double>' does not contain a definition for 'LossFunction' and no accessible extension method 'LossFunction' accepting a first argument of type 'NeuralNetworkArchitecture<double>' could be found (are you missing a using directive or an assembly reference?) [C:\Users\yolan\source\repos\AiDotNet\src\AiDotNet.csproj::TargetFramework=net462]
C:\Users\yolan\source\repos\AiDotNet\src\Deployment\Techniques\ModelQuantizer.cs(134,17): error CS0117: 'NeuralNetworkArchitecture<double>' does not contain a definition for 'Optimizer' [C:\Users\yolan\source\repos\AiDotNet\src\AiDotNet.csproj::TargetFramework=net462]
C:\Users\yolan\source\repos\AiDotNet\src\Deployment\Techniques\ModelQuantizer.cs(134,42): error CS1061: 'NeuralNetworkArchitecture<double>' does not contain a definition for 'Optimizer' and no accessible extension method 'Optimizer' accepting a first argument of type 'NeuralNetworkArchitecture<double>' could be found (are you missing a using directive or an assembly reference?) [C:\Users\yolan\source\repos\AiDotNet\src\AiDotNet.csproj::TargetFramework=net462]
C:\Users\yolan\source\repos\AiDotNet\src\Deployment\Techniques\ModelQuantizer.cs(138,20): error CS0308: The non-generic method 'ModelQuantizer<T, TInput, TOutput>.CreateQuantizedModel(IFullModel<T, TInput, TOutput>, NeuralNetworkArchitecture<double>)' cannot be used with type arguments [C:\Users\yolan\source\repos\AiDotNet\src\AiDotNet.csproj::TargetFramework=net462]
C:\Users\yolan\source\repos\AiDotNet\src\Deployment\Techniques\ModelQuantizer.cs(117,35): error CS8602: Dereference of a possibly null reference. [C:\Users\yolan\source\repos\AiDotNet\src\AiDotNet.csproj::TargetFramework=net462]
C:\Users\yolan\source\repos\AiDotNet\src\FederatedLearning\Privacy\DifferentialPrivacy.cs(208,44): error CS1501: No overload for method 'NextGaussian' takes 2 arguments [C:\Users\yolan\source\repos\AiDotNet\src\AiDotNet.csproj::TargetFramework=net462]
C:\Users\yolan\source\repos\AiDotNet\src\FederatedLearning\Privacy\DifferentialPrivacy.cs(209,44): error CS1501: No overload for method 'NextGaussian' takes 2 arguments [C:\Users\yolan\source\repos\AiDotNet\src\AiDotNet.csproj::TargetFramework=net462]
C:\Users\yolan\source\repos\AiDotNet\src\FitDetectors\ShapleyValueFitDetector.cs(288,14): error CS0121: The call is ambiguous between the following methods or properties: 'System.Linq.LinqExtensions.ToDictionary<TSource, TKey, TValue>(System.Collections.Generic.IEnumerable<TSource>, System.Func<TSource, TKey>, System.Func<TSource, TValue>)' and 'System.Linq.Enumerable.ToDictionary<TSource, TKey, TElement>(System.Collections.Generic.IEnumerable<TSource>, System.Func<TSource, TKey>, System.Func<TSource, TElement>)' [C:\Users\yolan\source\repos\AiDotNet\src\AiDotNet.csproj::TargetFramework=net462]
C:\Users\yolan\source\repos\AiDotNet\src\MultimodalAI\CrossAttentionMultimodal.cs(359,72): error CS1503: Argument 1: cannot convert from 'int[]' to 'AiDotNet.NeuralNetworks.NeuralNetworkArchitecture<double>' [C:\Users\yolan\source\repos\AiDotNet\src\AiDotNet.csproj::TargetFramework=net462]
C:\Users\yolan\source\repos\AiDotNet\src\Pipeline\Steps\CachingStep.cs(353,24): error CS0104: 'JsonSerializer' is an ambiguous reference between 'Newtonsoft.Json.JsonSerializer' and 'System.Text.Json.JsonSerializer' [C:\Users\yolan\source\repos\AiDotNet\src\AiDotNet.csproj::TargetFramework=net462]
C:\Users\yolan\source\repos\AiDotNet\src\Pipeline\Steps\CachingStep.cs(363,20): error CS0104: 'JsonSerializer' is an ambiguous reference between 'Newtonsoft.Json.JsonSerializer' and 'System.Text.Json.JsonSerializer' [C:\Users\yolan\source\repos\AiDotNet\src\AiDotNet.csproj::TargetFramework=net462]
C:\Users\yolan\source\repos\AiDotNet\src\MultimodalAI\CrossAttentionMultimodal.cs(389,20): error CS0266: Cannot implicitly convert type 'AiDotNet.MultimodalAI.CrossAttentionMultimodal' to 'AiDotNet.Interfaces.IFullModel<double, System.Collections.Generic.Dictionary<string, object>, AiDotNet.LinearAlgebra.Vector<double>>'. An explicit conversion exists (are you missing a cast?) [C:\Users\yolan\source\repos\AiDotNet\src\AiDotNet.csproj::TargetFramework=net462]
C:\Users\yolan\source\repos\AiDotNet\src\ProductionMonitoring\ProductionMonitorBase.cs(157,24): error CS0029: Cannot implicitly convert type 'System.Threading.Tasks.Task<AiDotNet.Interfaces.MonitoringMetricsCollection>' to 'AiDotNet.Interfaces.MonitoringMetricsCollection' [C:\Users\yolan\source\repos\AiDotNet\src\AiDotNet.csproj::TargetFramework=net462]
C:\Users\yolan\source\repos\AiDotNet\src\ProductionMonitoring\ProductionMonitorBase.cs(139,64): error CS1998: This async method lacks 'await' operators and will run synchronously. Consider using the 'await' operator to await non-blocking API calls, or 'await Task.Run(...)' to do CPU-bound work on a background thread. [C:\Users\yolan\source\repos\AiDotNet\src\AiDotNet.csproj::TargetFramework=net462]
C:\Users\yolan\source\repos\AiDotNet\src\Deployment\Techniques\ModelQuantizer.cs(205,61): error CS1061: 'KeyValuePair<int, Tensor<double>>' does not contain a definition for 'Deconstruct' and no accessible extension method 'Deconstruct' accepting a first argument of type 'KeyValuePair<int, Tensor<double>>' could be found (are you missing a using directive or an assembly reference?) [C:\Users\yolan\source\repos\AiDotNet\src\AiDotNet.csproj::TargetFramework=net462]
C:\Users\yolan\source\repos\AiDotNet\src\Deployment\Techniques\ModelQuantizer.cs(205,61): error CS8129: No suitable 'Deconstruct' instance or extension method was found for type 'KeyValuePair<int, Tensor<double>>', with 2 out parameters and a void return type. [C:\Users\yolan\source\repos\AiDotNet\src\AiDotNet.csproj::TargetFramework=net462]
C:\Users\yolan\source\repos\AiDotNet\src\Deployment\Techniques\ModelQuantizer.cs(205,35): error CS8130: Cannot infer the type of implicitly-typed deconstruction variable 'layerName'. [C:\Users\yolan\source\repos\AiDotNet\src\AiDotNet.csproj::TargetFramework=net462]
C:\Users\yolan\source\repos\AiDotNet\src\Deployment\Techniques\ModelQuantizer.cs(205,46): error CS8130: Cannot infer the type of implicitly-typed deconstruction variable 'activation'. [C:\Users\yolan\source\repos\AiDotNet\src\AiDotNet.csproj::TargetFramework=net462]
C:\Users\yolan\source\repos\AiDotNet\src\Reasoning\IterativeRefinementModel.cs(277,56): error CS0121: The call is ambiguous between the following methods or properties: 'System.Linq.LinqExtensions.LastOrDefault<T>(System.Collections.Generic.IEnumerable<T>)' and 'System.Linq.Enumerable.LastOrDefault<TSource>(System.Collections.Generic.IEnumerable<TSource>)' [C:\Users\yolan\source\repos\AiDotNet\src\AiDotNet.csproj::TargetFramework=net462]
C:\Users\yolan\source\repos\AiDotNet\src\Deployment\Techniques\ModelPruner.cs(125,61): error CS1503: Argument 1: cannot convert from 'AiDotNet.Interfaces.ILayer<T>' to 'AiDotNet.Interfaces.ILayer' [C:\Users\yolan\source\repos\AiDotNet\src\AiDotNet.csproj::TargetFramework=net462]
C:\Users\yolan\source\repos\AiDotNet\src\Deployment\Techniques\ModelPruner.cs(123,39): error CS8602: Dereference of a possibly null reference. [C:\Users\yolan\source\repos\AiDotNet\src\AiDotNet.csproj::TargetFramework=net462]
C:\Users\yolan\source\repos\AiDotNet\src\Deployment\Techniques\ModelPruner.cs(153,35): error CS8602: Dereference of a possibly null reference. [C:\Users\yolan\source\repos\AiDotNet\src\AiDotNet.csproj::TargetFramework=net462]
C:\Users\yolan\source\repos\AiDotNet\src\Deployment\Techniques\ModelPruner.cs(175,33): error CS0266: Cannot implicitly convert type 'AiDotNet.Interfaces.IFullModel<T, TInput, TOutput>' to 'AiDotNet.Interfaces.IFullModel<double, AiDotNet.LinearAlgebra.Matrix<double>, AiDotNet.LinearAlgebra.Vector<double>>'. An explicit conversion exists (are you missing a cast?) [C:\Users\yolan\source\repos\AiDotNet\src\AiDotNet.csproj::TargetFramework=net462]
C:\Users\yolan\source\repos\AiDotNet\src\Deployment\Techniques\ModelPruner.cs(187,73): error CS1503: Argument 1: cannot convert from 'AiDotNet.Interfaces.ILayer<T>' to 'AiDotNet.Interfaces.ILayer' [C:\Users\yolan\source\repos\AiDotNet\src\AiDotNet.csproj::TargetFramework=net462]
C:\Users\yolan\source\repos\AiDotNet\src\Deployment\Techniques\ModelPruner.cs(199,20): error CS0029: Cannot implicitly convert type 'AiDotNet.Deployment.Techniques.SparseModel<double, AiDotNet.LinearAlgebra.Matrix<double>, AiDotNet.LinearAlgebra.Vector<double>>' to 'AiDotNet.Deployment.Techniques.SparseModel<T, TInput, TOutput>' [C:\Users\yolan\source\repos\AiDotNet\src\AiDotNet.csproj::TargetFramework=net462]
C:\Users\yolan\source\repos\AiDotNet\src\Deployment\Techniques\ModelPruner.cs(184,39): error CS8602: Dereference of a possibly null reference. [C:\Users\yolan\source\repos\AiDotNet\src\AiDotNet.csproj::TargetFramework=net462]
C:\Users\yolan\source\repos\AiDotNet\src\FederatedLearning\MetaLearning\MAMLFederated.cs(69,17): error CS0117: 'GradientDescentOptimizerOptions<double, Matrix<double>, Vector<double>>' does not contain a definition for 'LearningRate' [C:\Users\yolan\source\repos\AiDotNet\src\AiDotNet.csproj::TargetFramework=net462]
C:\Users\yolan\source\repos\AiDotNet\src\FederatedLearning\MetaLearning\MAMLFederated.cs(72,88): error CS1503: Argument 1: cannot convert from 'AiDotNet.Models.Options.AdamOptimizerOptions<double, AiDotNet.LinearAlgebra.Matrix<double>, AiDotNet.LinearAlgebra.Vector<double>>' to 'AiDotNet.Interfaces.IFullModel<double, AiDotNet.LinearAlgebra.Matrix<double>, AiDotNet.LinearAlgebra.Vector<double>>' [C:\Users\yolan\source\repos\AiDotNet\src\AiDotNet.csproj::TargetFramework=net462]
C:\Users\yolan\source\repos\AiDotNet\src\Pipeline\PipelineSteps.cs(1815,59): error CS1061: 'EnsembleConfig' does not contain a definition for 'EnsembleType' and no accessible extension method 'EnsembleType' accepting a first argument of type 'EnsembleConfig' could be found (are you missing a using directive or an assembly reference?) [C:\Users\yolan\source\repos\AiDotNet\src\AiDotNet.csproj::TargetFramework=net462]
C:\Users\yolan\source\repos\AiDotNet\src\Deployment\Techniques\ModelPruner.cs(361,74): error CS0119: 'Extensions.Value<U>(IEnumerable<JToken>)' is a method, which is not valid in the given context [C:\Users\yolan\source\repos\AiDotNet\src\AiDotNet.csproj::TargetFramework=net462]
C:\Users\yolan\source\repos\AiDotNet\src\ProductionMonitoring\ProductionMonitorBase.cs(237,47): error CS8629: Nullable value type may be null. [C:\Users\yolan\source\repos\AiDotNet\src\AiDotNet.csproj::TargetFramework=net462]
C:\Users\yolan\source\repos\AiDotNet\src\FederatedLearning\MetaLearning\MAMLFederated.cs(115,24): error CS8619: Nullability of reference types in value of type '(string clientId, ClientMetaResult?)' doesn't match target type '(string clientId, ClientMetaResult result)'. [C:\Users\yolan\source\repos\AiDotNet\src\AiDotNet.csproj::TargetFramework=net462]
C:\Users\yolan\source\repos\AiDotNet\src\FederatedLearning\MetaLearning\MAMLFederated.cs(187,59): error CS1061: 'IOptimizer<double, Matrix<double>, Vector<double>>' does not contain a definition for 'CalculateUpdate' and no accessible extension method 'CalculateUpdate' accepting a first argument of type 'IOptimizer<double, Matrix<double>, Vector<double>>' could be found (are you missing a using directive or an assembly reference?) [C:\Users\yolan\source\repos\AiDotNet\src\AiDotNet.csproj::TargetFramework=net462]
C:\Users\yolan\source\repos\AiDotNet\src\FederatedLearning\MetaLearning\MAMLFederated.cs(244,65): error CS1061: 'IGradientModel<double>' does not contain a definition for 'ComputeGradients' and no accessible extension method 'ComputeGradients' accepting a first argument of type 'IGradientModel<double>' could be found (are you missing a using directive or an assembly reference?) [C:\Users\yolan\source\repos\AiDotNet\src\AiDotNet.csproj::TargetFramework=net462]
C:\Users\yolan\source\repos\AiDotNet\src\Deployment\EdgeOptimizers\MobileOptimizer.cs(29,13): error CS0191: A readonly field cannot be assigned to (except in a constructor or init-only setter of the type in which the field is defined or a variable initializer) [C:\Users\yolan\source\repos\AiDotNet\src\AiDotNet.csproj::TargetFramework=net462]
C:\Users\yolan\source\repos\AiDotNet\src\ProductionMonitoring\PerformanceMonitor.cs(163,58): error CS1998: This async method lacks 'await' operators and will run synchronously. Consider using the 'await' operator to await non-blocking API calls, or 'await Task.Run(...)' to do CPU-bound work on a background thread. [C:\Users\yolan\source\repos\AiDotNet\src\AiDotNet.csproj::TargetFramework=net462]
C:\Users\yolan\source\repos\AiDotNet\src\FederatedLearning\MetaLearning\MAMLFederated.cs(389,51): error CS1061: 'IOptimizer<double, Matrix<double>, Vector<double>>' does not contain a definition for 'CalculateUpdate' and no accessible extension method 'CalculateUpdate' accepting a first argument of type 'IOptimizer<double, Matrix<double>, Vector<double>>' could be found (are you missing a using directive or an assembly reference?) [C:\Users\yolan\source\repos\AiDotNet\src\AiDotNet.csproj::TargetFramework=net462]
C:\Users\yolan\source\repos\AiDotNet\src\FederatedLearning\MetaLearning\MAMLFederated.cs(448,84): error CS1503: Argument 1: cannot convert from 'AiDotNet.LinearAlgebra.Vector<double>' to 'AiDotNet.LinearAlgebra.Matrix<double>' [C:\Users\yolan\source\repos\AiDotNet\src\AiDotNet.csproj::TargetFramework=net462]
C:\Users\yolan\source\repos\AiDotNet\src\FederatedLearning\MetaLearning\MAMLFederated.cs(470,62): error CS1503: Argument 1: cannot convert from 'AiDotNet.LinearAlgebra.Vector<double>' to 'AiDotNet.LinearAlgebra.Matrix<double>' [C:\Users\yolan\source\repos\AiDotNet\src\AiDotNet.csproj::TargetFramework=net462]
C:\Users\yolan\source\repos\AiDotNet\src\AutoML\HyperparameterSpace.cs(145,43): error CS1061: 'KeyValuePair<string, ParameterRange>' does not contain a definition for 'Deconstruct' and no accessible extension method 'Deconstruct' accepting a first argument of type 'KeyValuePair<string, ParameterRange>' could be found (are you missing a using directive or an assembly reference?) [C:\Users\yolan\source\repos\AiDotNet\src\AiDotNet.csproj::TargetFramework=net462]
C:\Users\yolan\source\repos\AiDotNet\src\AutoML\HyperparameterSpace.cs(145,43): error CS8129: No suitable 'Deconstruct' instance or extension method was found for type 'KeyValuePair<string, ParameterRange>', with 2 out parameters and a void return type. [C:\Users\yolan\source\repos\AiDotNet\src\AiDotNet.csproj::TargetFramework=net462]
C:\Users\yolan\source\repos\AiDotNet\src\AutoML\HyperparameterSpace.cs(145,27): error CS8130: Cannot infer the type of implicitly-typed deconstruction variable 'name'. [C:\Users\yolan\source\repos\AiDotNet\src\AiDotNet.csproj::TargetFramework=net462]
C:\Users\yolan\source\repos\AiDotNet\src\AutoML\HyperparameterSpace.cs(145,33): error CS8130: Cannot infer the type of implicitly-typed deconstruction variable 'range'. [C:\Users\yolan\source\repos\AiDotNet\src\AiDotNet.csproj::TargetFramework=net462]
C:\Users\yolan\source\repos\AiDotNet\src\AutoML\HyperparameterSpace.cs(162,43): error CS1061: 'KeyValuePair<string, ParameterRange>' does not contain a definition for 'Deconstruct' and no accessible extension method 'Deconstruct' accepting a first argument of type 'KeyValuePair<string, ParameterRange>' could be found (are you missing a using directive or an assembly reference?) [C:\Users\yolan\source\repos\AiDotNet\src\AiDotNet.csproj::TargetFramework=net462]
C:\Users\yolan\source\repos\AiDotNet\src\AutoML\HyperparameterSpace.cs(162,43): error CS8129: No suitable 'Deconstruct' instance or extension method was found for type 'KeyValuePair<string, ParameterRange>', with 2 out parameters and a void return type. [C:\Users\yolan\source\repos\AiDotNet\src\AiDotNet.csproj::TargetFramework=net462]
C:\Users\yolan\source\repos\AiDotNet\src\AutoML\HyperparameterSpace.cs(162,27): error CS8130: Cannot infer the type of implicitly-typed deconstruction variable 'name'. [C:\Users\yolan\source\repos\AiDotNet\src\AiDotNet.csproj::TargetFramework=net462]
C:\Users\yolan\source\repos\AiDotNet\src\AutoML\HyperparameterSpace.cs(162,33): error CS8130: Cannot infer the type of implicitly-typed deconstruction variable 'range'. [C:\Users\yolan\source\repos\AiDotNet\src\AiDotNet.csproj::TargetFramework=net462]
C:\Users\yolan\source\repos\AiDotNet\src\AutoML\HyperparameterSpace.cs(177,43): error CS1061: 'KeyValuePair<string, object>' does not contain a definition for 'Deconstruct' and no accessible extension method 'Deconstruct' accepting a first argument of type 'KeyValuePair<string, object>' could be found (are you missing a using directive or an assembly reference?) [C:\Users\yolan\source\repos\AiDotNet\src\AiDotNet.csproj::TargetFramework=net462]
C:\Users\yolan\source\repos\AiDotNet\src\AutoML\HyperparameterSpace.cs(177,43): error CS8129: No suitable 'Deconstruct' instance or extension method was found for type 'KeyValuePair<string, object>', with 2 out parameters and a void return type. [C:\Users\yolan\source\repos\AiDotNet\src\AiDotNet.csproj::TargetFramework=net462]
C:\Users\yolan\source\repos\AiDotNet\src\AutoML\HyperparameterSpace.cs(177,27): error CS8130: Cannot infer the type of implicitly-typed deconstruction variable 'name'. [C:\Users\yolan\source\repos\AiDotNet\src\AiDotNet.csproj::TargetFramework=net462]
C:\Users\yolan\source\repos\AiDotNet\src\AutoML\HyperparameterSpace.cs(177,33): error CS8130: Cannot infer the type of implicitly-typed deconstruction variable 'value'. [C:\Users\yolan\source\repos\AiDotNet\src\AiDotNet.csproj::TargetFramework=net462]
C:\Users\yolan\source\repos\AiDotNet\src\FederatedLearning\MetaLearning\MAMLFederated.cs(568,64): error CS1503: Argument 4: cannot convert from 'AiDotNet.FederatedLearning.PrivacySettings' to 'AiDotNet.FederatedLearning.Privacy.PrivacySettings' [C:\Users\yolan\source\repos\AiDotNet\src\AiDotNet.csproj::TargetFramework=net462]
C:\Users\yolan\source\repos\AiDotNet\src\ProductionMonitoring\PerformanceMonitor.cs(487,49): error CS1061: 'List<ProductionMonitorBase.PredictionRecord>' does not contain a definition for 'TakeLast' and no accessible extension method 'TakeLast' accepting a first argument of type 'List<ProductionMonitorBase.PredictionRecord>' could be found (are you missing a using directive or an assembly reference?) [C:\Users\yolan\source\repos\AiDotNet\src\AiDotNet.csproj::TargetFramework=net462]
C:\Users\yolan\source\repos\AiDotNet\src\ProductionMonitoring\PerformanceMonitor.cs(494,54): error CS0030: Cannot convert type 'method' to 'double' [C:\Users\yolan\source\repos\AiDotNet\src\AiDotNet.csproj::TargetFramework=net462]
C:\Users\yolan\source\repos\AiDotNet\src\ProductionMonitoring\PerformanceMonitor.cs(495,52): error CS0030: Cannot convert type 'method' to 'double' [C:\Users\yolan\source\repos\AiDotNet\src\AiDotNet.csproj::TargetFramework=net462]
C:\Users\yolan\source\repos\AiDotNet\src\ProductionMonitoring\PerformanceMonitor.cs(481,36): error CS1998: This async method lacks 'await' operators and will run synchronously. Consider using the 'await' operator to await non-blocking API calls, or 'await Task.Run(...)' to do CPU-bound work on a background thread. [C:\Users\yolan\source\repos\AiDotNet\src\AiDotNet.csproj::TargetFramework=net462]
C:\Users\yolan\source\repos\AiDotNet\src\AutoML\NeuralArchitectureSearch.cs(308,102): error CS1061: 'List<double>' does not contain a definition for 'TakeLast' and no accessible extension method 'TakeLast' accepting a first argument of type 'List<double>' could be found (are you missing a using directive or an assembly reference?) [C:\Users\yolan\source\repos\AiDotNet\src\AiDotNet.csproj::TargetFramework=net462]
C:\Users\yolan\source\repos\AiDotNet\src\AutoML\NeuralArchitectureSearch.cs(319,84): error CS1739: The best overload for 'AdamOptimizer' does not have a parameter named 'learningRate' [C:\Users\yolan\source\repos\AiDotNet\src\AiDotNet.csproj::TargetFramework=net462]
C:\Users\yolan\source\repos\AiDotNet\src\AutoML\NeuralArchitectureSearch.cs(320,79): error CS1739: The best overload for 'AdamOptimizer' does not have a parameter named 'learningRate' [C:\Users\yolan\source\repos\AiDotNet\src\AiDotNet.csproj::TargetFramework=net462]
C:\Users\yolan\source\repos\AiDotNet\src\AutoML\NeuralArchitectureSearch.cs(327,39): error CS1501: No overload for method 'Step' takes 2 arguments [C:\Users\yolan\source\repos\AiDotNet\src\AiDotNet.csproj::TargetFramework=net462]
C:\Users\yolan\source\repos\AiDotNet\src\AutoML\NeuralArchitectureSearch.cs(332,34): error CS1501: No overload for method 'Step' takes 2 arguments [C:\Users\yolan\source\repos\AiDotNet\src\AiDotNet.csproj::TargetFramework=net462]
C:\Users\yolan\source\repos\AiDotNet\src\Deployment\EdgeOptimizers\MobileOptimizer.cs(232,24): error CS0117: 'File' does not contain a definition for 'WriteAllTextAsync' [C:\Users\yolan\source\repos\AiDotNet\src\AiDotNet.csproj::TargetFramework=net462]
C:\Users\yolan\source\repos\AiDotNet\src\Deployment\EdgeOptimizers\MobileOptimizer.cs(238,24): error CS0117: 'File' does not contain a definition for 'WriteAllTextAsync' [C:\Users\yolan\source\repos\AiDotNet\src\AiDotNet.csproj::TargetFramework=net462]
C:\Users\yolan\source\repos\AiDotNet\src\AutoML\NeuralArchitectureSearch.cs(380,31): error CS1061: 'BayesianOptimizationAutoML<T, Tensor<T>, Tensor<T>>' does not contain a definition for 'Search' and no accessible extension method 'Search' accepting a first argument of type 'BayesianOptimizationAutoML<T, Tensor<T>, Tensor<T>>' could be found (are you missing a using directive or an assembly reference?) [C:\Users\yolan\source\repos\AiDotNet\src\AiDotNet.csproj::TargetFramework=net462]
C:\Users\yolan\source\repos\AiDotNet\src\AutoML\NeuralArchitectureSearch.cs(383,45): error CS1061: 'BayesianOptimizationAutoML<T, Tensor<T>, Tensor<T>>' does not contain a definition for 'GetResults' and no accessible extension method 'GetResults' accepting a first argument of type 'BayesianOptimizationAutoML<T, Tensor<T>, Tensor<T>>' could be found (are you missing a using directive or an assembly reference?) [C:\Users\yolan\source\repos\AiDotNet\src\AiDotNet.csproj::TargetFramework=net462]
C:\Users\yolan\source\repos\AiDotNet\src\Deployment\EdgeOptimizers\MobileOptimizer.cs(257,24): error CS0117: 'File' does not contain a definition for 'WriteAllTextAsync' [C:\Users\yolan\source\repos\AiDotNet\src\AiDotNet.csproj::TargetFramework=net462]
C:\Users\yolan\source\repos\AiDotNet\src\Deployment\EdgeOptimizers\MobileOptimizer.cs(262,24): error CS0117: 'File' does not contain a definition for 'WriteAllTextAsync' [C:\Users\yolan\source\repos\AiDotNet\src\AiDotNet.csproj::TargetFramework=net462]
C:\Users\yolan\source\repos\AiDotNet\src\Deployment\EdgeOptimizers\MobileOptimizer.cs(267,24): error CS0117: 'File' does not contain a definition for 'WriteAllTextAsync' [C:\Users\yolan\source\repos\AiDotNet\src\AiDotNet.csproj::TargetFramework=net462]
C:\Users\yolan\source\repos\AiDotNet\src\Deployment\EdgeOptimizers\MobileOptimizer.cs(272,24): error CS0117: 'File' does not contain a definition for 'WriteAllTextAsync' [C:\Users\yolan\source\repos\AiDotNet\src\AiDotNet.csproj::TargetFramework=net462]
C:\Users\yolan\source\repos\AiDotNet\src\AutoML\GridSearchAutoML.cs(189,43): error CS1061: 'KeyValuePair<string, ParameterRange>' does not contain a definition for 'Deconstruct' and no accessible extension method 'Deconstruct' accepting a first argument of type 'KeyValuePair<string, ParameterRange>' could be found (are you missing a using directive or an assembly reference?) [C:\Users\yolan\source\repos\AiDotNet\src\AiDotNet.csproj::TargetFramework=net462]
C:\Users\yolan\source\repos\AiDotNet\src\AutoML\GridSearchAutoML.cs(189,43): error CS8129: No suitable 'Deconstruct' instance or extension method was found for type 'KeyValuePair<string, ParameterRange>', with 2 out parameters and a void return type. [C:\Users\yolan\source\repos\AiDotNet\src\AiDotNet.csproj::TargetFramework=net462]
C:\Users\yolan\source\repos\AiDotNet\src\AutoML\GridSearchAutoML.cs(189,27): error CS8130: Cannot infer the type of implicitly-typed deconstruction variable 'name'. [C:\Users\yolan\source\repos\AiDotNet\src\AiDotNet.csproj::TargetFramework=net462]
C:\Users\yolan\source\repos\AiDotNet\src\AutoML\GridSearchAutoML.cs(189,33): error CS8130: Cannot infer the type of implicitly-typed deconstruction variable 'range'. [C:\Users\yolan\source\repos\AiDotNet\src\AiDotNet.csproj::TargetFramework=net462]
C:\Users\yolan\source\repos\AiDotNet\src\AutoML\GridSearchAutoML.cs(225,20): error CS0029: Cannot implicitly convert type 'void' to 'AiDotNet.Interfaces.IFullModel<T, TInput, TOutput>' [C:\Users\yolan\source\repos\AiDotNet\src\AiDotNet.csproj::TargetFramework=net462]
C:\Users\yolan\source\repos\AiDotNet\src\Deployment\EdgeOptimizers\MobileOptimizer.cs(284,24): error CS0117: 'File' does not contain a definition for 'WriteAllTextAsync' [C:\Users\yolan\source\repos\AiDotNet\src\AiDotNet.csproj::TargetFramework=net462]
C:\Users\yolan\source\repos\AiDotNet\src\Deployment\EdgeOptimizers\MobileOptimizer.cs(289,24): error CS0117: 'File' does not contain a definition for 'WriteAllTextAsync' [C:\Users\yolan\source\repos\AiDotNet\src\AiDotNet.csproj::TargetFramework=net462]
C:\Users\yolan\source\repos\AiDotNet\src\Deployment\EdgeOptimizers\MobileOptimizer.cs(294,24): error CS0117: 'File' does not contain a definition for 'WriteAllTextAsync' [C:\Users\yolan\source\repos\AiDotNet\src\AiDotNet.csproj::TargetFramework=net462]
C:\Users\yolan\source\repos\AiDotNet\src\Deployment\EdgeOptimizers\MobileOptimizer.cs(299,24): error CS0117: 'File' does not contain a definition for 'WriteAllTextAsync' [C:\Users\yolan\source\repos\AiDotNet\src\AiDotNet.csproj::TargetFramework=net462]
C:\Users\yolan\source\repos\AiDotNet\src\AutoML\NeuralArchitectureSearch.cs(403,76): error CS1739: The best overload for 'AdamOptimizer' does not have a parameter named 'learningRate' [C:\Users\yolan\source\repos\AiDotNet\src\AiDotNet.csproj::TargetFramework=net462]
C:\Users\yolan\source\repos\AiDotNet\src\AutoML\NeuralArchitectureSearch.cs(408,81): error CS1503: Argument 4: cannot convert from 'AiDotNet.Optimizers.AdamOptimizer<T, AiDotNet.LinearAlgebra.Tensor<T>, AiDotNet.LinearAlgebra.Tensor<T>>' to 'AiDotNet.Interfaces.IOptimizer<double, AiDotNet.LinearAlgebra.Tensor<double>, AiDotNet.LinearAlgebra.Tensor<double>>' [C:\Users\yolan\source\repos\AiDotNet\src\AiDotNet.csproj::TargetFramework=net462]
C:\Users\yolan\source\repos\AiDotNet\src\AutoML\BayesianOptimizationAutoML.cs(244,43): error CS1061: 'KeyValuePair<string, ParameterRange>' does not contain a definition for 'Deconstruct' and no accessible extension method 'Deconstruct' accepting a first argument of type 'KeyValuePair<string, ParameterRange>' could be found (are you missing a using directive or an assembly reference?) [C:\Users\yolan\source\repos\AiDotNet\src\AiDotNet.csproj::TargetFramework=net462]
C:\Users\yolan\source\repos\AiDotNet\src\AutoML\BayesianOptimizationAutoML.cs(244,43): error CS8129: No suitable 'Deconstruct' instance or extension method was found for type 'KeyValuePair<string, ParameterRange>', with 2 out parameters and a void return type. [C:\Users\yolan\source\repos\AiDotNet\src\AiDotNet.csproj::TargetFramework=net462]
C:\Users\yolan\source\repos\AiDotNet\src\AutoML\BayesianOptimizationAutoML.cs(244,27): error CS8130: Cannot infer the type of implicitly-typed deconstruction variable 'name'. [C:\Users\yolan\source\repos\AiDotNet\src\AiDotNet.csproj::TargetFramework=net462]
C:\Users\yolan\source\repos\AiDotNet\src\AutoML\BayesianOptimizationAutoML.cs(244,33): error CS8130: Cannot infer the type of implicitly-typed deconstruction variable 'range'. [C:\Users\yolan\source\repos\AiDotNet\src\AiDotNet.csproj::TargetFramework=net462]
C:\Users\yolan\source\repos\AiDotNet\src\AutoML\NeuralArchitectureSearch.cs(439,31): error CS7036: There is no argument given that corresponds to the required parameter 'architecture' of 'NeuralNetwork<T>.NeuralNetwork(NeuralNetworkArchitecture<T>, ILossFunction<T>?)' [C:\Users\yolan\source\repos\AiDotNet\src\AiDotNet.csproj::TargetFramework=net462]
C:\Users\yolan\source\repos\AiDotNet\src\AutoML\NeuralArchitectureSearch.cs(466,20): error CS0266: Cannot implicitly convert type 'AiDotNet.NeuralNetworks.NeuralNetwork<T>' to 'AiDotNet.Interfaces.INeuralNetworkModel<double>'. An explicit conversion exists (are you missing a cast?) [C:\Users\yolan\source\repos\AiDotNet\src\AiDotNet.csproj::TargetFramework=net462]
C:\Users\yolan\source\repos\AiDotNet\src\AutoML\GridSearchAutoML.cs(310,47): error CS1061: 'KeyValuePair<string, ParameterRange>' does not contain a definition for 'Deconstruct' and no accessible extension method 'Deconstruct' accepting a first argument of type 'KeyValuePair<string, ParameterRange>' could be found (are you missing a using directive or an assembly reference?) [C:\Users\yolan\source\repos\AiDotNet\src\AiDotNet.csproj::TargetFramework=net462]
C:\Users\yolan\source\repos\AiDotNet\src\AutoML\GridSearchAutoML.cs(310,47): error CS8129: No suitable 'Deconstruct' instance or extension method was found for type 'KeyValuePair<string, ParameterRange>', with 2 out parameters and a void return type. [C:\Users\yolan\source\repos\AiDotNet\src\AiDotNet.csproj::TargetFramework=net462]
C:\Users\yolan\source\repos\AiDotNet\src\AutoML\GridSearchAutoML.cs(310,31): error CS8130: Cannot infer the type of implicitly-typed deconstruction variable 'name'. [C:\Users\yolan\source\repos\AiDotNet\src\AiDotNet.csproj::TargetFramework=net462]
C:\Users\yolan\source\repos\AiDotNet\src\AutoML\GridSearchAutoML.cs(310,37): error CS8130: Cannot infer the type of implicitly-typed deconstruction variable 'range'. [C:\Users\yolan\source\repos\AiDotNet\src\AiDotNet.csproj::TargetFramework=net462]
C:\Users\yolan\source\repos\AiDotNet\src\AutoML\GridSearchAutoML.cs(317,47): error CS1061: 'KeyValuePair<string, ParameterRange>' does not contain a definition for 'Deconstruct' and no accessible extension method 'Deconstruct' accepting a first argument of type 'KeyValuePair<string, ParameterRange>' could be found (are you missing a using directive or an assembly reference?) [C:\Users\yolan\source\repos\AiDotNet\src\AiDotNet.csproj::TargetFramework=net462]
C:\Users\yolan\source\repos\AiDotNet\src\AutoML\GridSearchAutoML.cs(317,47): error CS8129: No suitable 'Deconstruct' instance or extension method was found for type 'KeyValuePair<string, ParameterRange>', with 2 out parameters and a void return type. [C:\Users\yolan\source\repos\AiDotNet\src\AiDotNet.csproj::TargetFramework=net462]
C:\Users\yolan\source\repos\AiDotNet\src\AutoML\GridSearchAutoML.cs(317,31): error CS8130: Cannot infer the type of implicitly-typed deconstruction variable 'name'. [C:\Users\yolan\source\repos\AiDotNet\src\AiDotNet.csproj::TargetFramework=net462]
C:\Users\yolan\source\repos\AiDotNet\src\AutoML\GridSearchAutoML.cs(317,37): error CS8130: Cannot infer the type of implicitly-typed deconstruction variable 'range'. [C:\Users\yolan\source\repos\AiDotNet\src\AiDotNet.csproj::TargetFramework=net462]
C:\Users\yolan\source\repos\AiDotNet\src\AutoML\BayesianOptimizationAutoML.cs(500,42): error CS1061: 'KeyValuePair<string, object>' does not contain a definition for 'Deconstruct' and no accessible extension method 'Deconstruct' accepting a first argument of type 'KeyValuePair<string, object>' could be found (are you missing a using directive or an assembly reference?) [C:\Users\yolan\source\repos\AiDotNet\src\AiDotNet.csproj::TargetFramework=net462]
C:\Users\yolan\source\repos\AiDotNet\src\AutoML\BayesianOptimizationAutoML.cs(500,42): error CS8129: No suitable 'Deconstruct' instance or extension method was found for type 'KeyValuePair<string, object>', with 2 out parameters and a void return type. [C:\Users\yolan\source\repos\AiDotNet\src\AiDotNet.csproj::TargetFramework=net462]
C:\Users\yolan\source\repos\AiDotNet\src\AutoML\BayesianOptimizationAutoML.cs(500,27): error CS8130: Cannot infer the type of implicitly-typed deconstruction variable 'key'. [C:\Users\yolan\source\repos\AiDotNet\src\AiDotNet.csproj::TargetFramework=net462]
C:\Users\yolan\source\repos\AiDotNet\src\AutoML\BayesianOptimizationAutoML.cs(500,32): error CS8130: Cannot infer the type of implicitly-typed deconstruction variable 'value'. [C:\Users\yolan\source\repos\AiDotNet\src\AiDotNet.csproj::TargetFramework=net462]
C:\Users\yolan\source\repos\AiDotNet\src\AutoML\BayesianOptimizationAutoML.cs(546,43): error CS1061: 'KeyValuePair<string, ParameterRange>' does not contain a definition for 'Deconstruct' and no accessible extension method 'Deconstruct' accepting a first argument of type 'KeyValuePair<string, ParameterRange>' could be found (are you missing a using directive or an assembly reference?) [C:\Users\yolan\source\repos\AiDotNet\src\AiDotNet.csproj::TargetFramework=net462]
C:\Users\yolan\source\repos\AiDotNet\src\AutoML\BayesianOptimizationAutoML.cs(546,43): error CS8129: No suitable 'Deconstruct' instance or extension method was found for type 'KeyValuePair<string, ParameterRange>', with 2 out parameters and a void return type. [C:\Users\yolan\source\repos\AiDotNet\src\AiDotNet.csproj::TargetFramework=net462]
C:\Users\yolan\source\repos\AiDotNet\src\AutoML\BayesianOptimizationAutoML.cs(546,27): error CS8130: Cannot infer the type of implicitly-typed deconstruction variable 'name'. [C:\Users\yolan\source\repos\AiDotNet\src\AiDotNet.csproj::TargetFramework=net462]
C:\Users\yolan\source\repos\AiDotNet\src\AutoML\BayesianOptimizationAutoML.cs(546,33): error CS8130: Cannot infer the type of implicitly-typed deconstruction variable 'range'. [C:\Users\yolan\source\repos\AiDotNet\src\AiDotNet.csproj::TargetFramework=net462]
C:\Users\yolan\source\repos\AiDotNet\src\AutoML\BayesianOptimizationAutoML.cs(582,20): error CS0029: Cannot implicitly convert type 'void' to 'AiDotNet.Interfaces.IFullModel<T, TInput, TOutput>' [C:\Users\yolan\source\repos\AiDotNet\src\AiDotNet.csproj::TargetFramework=net462]
C:\Users\yolan\source\repos\AiDotNet\src\Deployment\EdgeOptimizers\IoTOptimizer.cs(29,13): error CS0191: A readonly field cannot be assigned to (except in a constructor or init-only setter of the type in which the field is defined or a variable initializer) [C:\Users\yolan\source\repos\AiDotNet\src\AiDotNet.csproj::TargetFramework=net462]
C:\Users\yolan\source\repos\AiDotNet\src\FederatedLearning\Communication\CommunicationManager.cs(95,41): error CS0104: 'JsonSerializer' is an ambiguous reference between 'Newtonsoft.Json.JsonSerializer' and 'System.Text.Json.JsonSerializer' [C:\Users\yolan\source\repos\AiDotNet\src\AiDotNet.csproj::TargetFramework=net462]
C:\Users\yolan\source\repos\AiDotNet\src\FederatedLearning\Communication\CommunicationManager.cs(136,31): error CS0104: 'JsonSerializer' is an ambiguous reference between 'Newtonsoft.Json.JsonSerializer' and 'System.Text.Json.JsonSerializer' [C:\Users\yolan\source\repos\AiDotNet\src\AiDotNet.csproj::TargetFramework=net462]
C:\Users\yolan\source\repos\AiDotNet\src\FederatedLearning\Communication\CommunicationManager.cs(133,28): error CS8603: Possible null reference return. [C:\Users\yolan\source\repos\AiDotNet\src\AiDotNet.csproj::TargetFramework=net462]
C:\Users\yolan\source\repos\AiDotNet\src\FederatedLearning\Communication\CommunicationManager.cs(162,24): error CS8603: Possible null reference return. [C:\Users\yolan\source\repos\AiDotNet\src\AiDotNet.csproj::TargetFramework=net462]
C:\Users\yolan\source\repos\AiDotNet\src\FederatedLearning\Communication\CommunicationManager.cs(167,24): error CS8603: Possible null reference return. [C:\Users\yolan\source\repos\AiDotNet\src\AiDotNet.csproj::TargetFramework=net462]
C:\Users\yolan\source\repos\AiDotNet\src\FederatedLearning\Communication\CommunicationManager.cs(206,41): error CS0104: 'JsonSerializer' is an ambiguous reference between 'Newtonsoft.Json.JsonSerializer' and 'System.Text.Json.JsonSerializer' [C:\Users\yolan\source\repos\AiDotNet\src\AiDotNet.csproj::TargetFramework=net462]
C:\Users\yolan\source\repos\AiDotNet\src\FederatedLearning\Communication\CommunicationManager.cs(246,31): error CS0104: 'JsonSerializer' is an ambiguous reference between 'Newtonsoft.Json.JsonSerializer' and 'System.Text.Json.JsonSerializer' [C:\Users\yolan\source\repos\AiDotNet\src\AiDotNet.csproj::TargetFramework=net462]
C:\Users\yolan\source\repos\AiDotNet\src\FederatedLearning\Communication\CommunicationManager.cs(243,28): error CS8603: Possible null reference return. [C:\Users\yolan\source\repos\AiDotNet\src\AiDotNet.csproj::TargetFramework=net462]
C:\Users\yolan\source\repos\AiDotNet\src\FederatedLearning\Communication\CommunicationManager.cs(272,24): error CS8603: Possible null reference return. [C:\Users\yolan\source\repos\AiDotNet\src\AiDotNet.csproj::TargetFramework=net462]
C:\Users\yolan\source\repos\AiDotNet\src\FederatedLearning\Communication\CommunicationManager.cs(277,24): error CS8603: Possible null reference return. [C:\Users\yolan\source\repos\AiDotNet\src\AiDotNet.csproj::TargetFramework=net462]
C:\Users\yolan\source\repos\AiDotNet\src\FederatedLearning\Communication\CommunicationManager.cs(301,41): error CS0104: 'JsonSerializer' is an ambiguous reference between 'Newtonsoft.Json.JsonSerializer' and 'System.Text.Json.JsonSerializer' [C:\Users\yolan\source\repos\AiDotNet\src\AiDotNet.csproj::TargetFramework=net462]
C:\Users\yolan\source\repos\AiDotNet\src\FederatedLearning\Communication\CommunicationManager.cs(368,41): error CS0104: 'JsonSerializer' is an ambiguous reference between 'Newtonsoft.Json.JsonSerializer' and 'System.Text.Json.JsonSerializer' [C:\Users\yolan\source\repos\AiDotNet\src\AiDotNet.csproj::TargetFramework=net462]
C:\Users\yolan\source\repos\AiDotNet\src\FederatedLearning\Communication\CommunicationManager.cs(436,28): error CS8603: Possible null reference return. [C:\Users\yolan\source\repos\AiDotNet\src\AiDotNet.csproj::TargetFramework=net462]
C:\Users\yolan\source\repos\AiDotNet\src\FederatedLearning\Communication\CommunicationManager.cs(448,24): error CS8603: Possible null reference return. [C:\Users\yolan\source\repos\AiDotNet\src\AiDotNet.csproj::TargetFramework=net462]
C:\Users\yolan\source\repos\AiDotNet\src\AutoML\AutoMLModelBase.cs(511,67): error CS8978: 'T' cannot be made nullable. [C:\Users\yolan\source\repos\AiDotNet\src\AiDotNet.csproj::TargetFramework=net462]
C:\Users\yolan\source\repos\AiDotNet\src\AutoML\AutoMLModelBase.cs(512,75): error CS8978: 'T' cannot be made nullable. [C:\Users\yolan\source\repos\AiDotNet\src\AiDotNet.csproj::TargetFramework=net462]
C:\Users\yolan\source\repos\AiDotNet\src\AutoML\AutoMLModelBase.cs(513,79): error CS8978: 'T' cannot be made nullable. [C:\Users\yolan\source\repos\AiDotNet\src\AiDotNet.csproj::TargetFramework=net462]
C:\Users\yolan\source\repos\AiDotNet\src\AutoML\AutoMLModelBase.cs(514,76): error CS8978: 'T' cannot be made nullable. [C:\Users\yolan\source\repos\AiDotNet\src\AiDotNet.csproj::TargetFramework=net462]
C:\Users\yolan\source\repos\AiDotNet\src\AutoML\AutoMLModelBase.cs(515,72): error CS8978: 'T' cannot be made nullable. [C:\Users\yolan\source\repos\AiDotNet\src\AiDotNet.csproj::TargetFramework=net462]
C:\Users\yolan\source\repos\AiDotNet\src\AutoML\AutoMLModelBase.cs(516,66): error CS8978: 'T' cannot be made nullable. [C:\Users\yolan\source\repos\AiDotNet\src\AiDotNet.csproj::TargetFramework=net462]
C:\Users\yolan\source\repos\AiDotNet\src\AutoML\AutoMLModelBase.cs(517,68): error CS8978: 'T' cannot be made nullable. [C:\Users\yolan\source\repos\AiDotNet\src\AiDotNet.csproj::TargetFramework=net462]
C:\Users\yolan\source\repos\AiDotNet\src\AutoML\AutoMLModelBase.cs(518,65): error CS8978: 'T' cannot be made nullable. [C:\Users\yolan\source\repos\AiDotNet\src\AiDotNet.csproj::TargetFramework=net462]
C:\Users\yolan\source\repos\AiDotNet\src\AutoML\AutoMLModelBase.cs(519,62): error CS8978: 'T' cannot be made nullable. [C:\Users\yolan\source\repos\AiDotNet\src\AiDotNet.csproj::TargetFramework=net462]
C:\Users\yolan\source\repos\AiDotNet\src\FederatedLearning\Client\FederatedClient.cs(86,88): error CS1503: Argument 1: cannot convert from 'AiDotNet.Models.Options.AdamOptimizerOptions<double, AiDotNet.LinearAlgebra.Matrix<double>, AiDotNet.LinearAlgebra.Vector<double>>' to 'AiDotNet.Interfaces.IFullModel<double, AiDotNet.LinearAlgebra.Matrix<double>, AiDotNet.LinearAlgebra.Vector<double>>' [C:\Users\yolan\source\repos\AiDotNet\src\AiDotNet.csproj::TargetFramework=net462]
C:\Users\yolan\source\repos\AiDotNet\src\Deployment\EdgeOptimizers\IoTOptimizer.cs(350,28): error CS0117: 'File' does not contain a definition for 'WriteAllTextAsync' [C:\Users\yolan\source\repos\AiDotNet\src\AiDotNet.csproj::TargetFramework=net462]
C:\Users\yolan\source\repos\AiDotNet\src\Deployment\EdgeOptimizers\IoTOptimizer.cs(372,24): error CS0117: 'File' does not contain a definition for 'WriteAllTextAsync' [C:\Users\yolan\source\repos\AiDotNet\src\AiDotNet.csproj::TargetFramework=net462]
C:\Users\yolan\source\repos\AiDotNet\src\Deployment\EdgeOptimizers\IoTOptimizer.cs(376,24): error CS0117: 'File' does not contain a definition for 'WriteAllTextAsync' [C:\Users\yolan\source\repos\AiDotNet\src\AiDotNet.csproj::TargetFramework=net462]
C:\Users\yolan\source\repos\AiDotNet\src\Deployment\EdgeOptimizers\IoTOptimizer.cs(380,24): error CS0117: 'File' does not contain a definition for 'WriteAllTextAsync' [C:\Users\yolan\source\repos\AiDotNet\src\AiDotNet.csproj::TargetFramework=net462]
C:\Users\yolan\source\repos\AiDotNet\src\Deployment\EdgeOptimizers\IoTOptimizer.cs(384,24): error CS0117: 'File' does not contain a definition for 'WriteAllTextAsync' [C:\Users\yolan\source\repos\AiDotNet\src\AiDotNet.csproj::TargetFramework=net462]
C:\Users\yolan\source\repos\AiDotNet\src\Deployment\EdgeOptimizers\IoTOptimizer.cs(392,28): error CS0117: 'File' does not contain a definition for 'WriteAllTextAsync' [C:\Users\yolan\source\repos\AiDotNet\src\AiDotNet.csproj::TargetFramework=net462]
C:\Users\yolan\source\repos\AiDotNet\src\Deployment\EdgeOptimizers\IoTOptimizer.cs(397,28): error CS0117: 'File' does not contain a definition for 'WriteAllTextAsync' [C:\Users\yolan\source\repos\AiDotNet\src\AiDotNet.csproj::TargetFramework=net462]
C:\Users\yolan\source\repos\AiDotNet\src\Deployment\EdgeOptimizers\IoTOptimizer.cs(400,28): error CS0117: 'File' does not contain a definition for 'WriteAllTextAsync' [C:\Users\yolan\source\repos\AiDotNet\src\AiDotNet.csproj::TargetFramework=net462]
C:\Users\yolan\source\repos\AiDotNet\src\Deployment\EdgeOptimizers\IoTOptimizer.cs(408,24): error CS0117: 'File' does not contain a definition for 'WriteAllTextAsync' [C:\Users\yolan\source\repos\AiDotNet\src\AiDotNet.csproj::TargetFramework=net462]
C:\Users\yolan\source\repos\AiDotNet\src\Deployment\EdgeOptimizers\IoTOptimizer.cs(412,24): error CS0117: 'File' does not contain a definition for 'WriteAllTextAsync' [C:\Users\yolan\source\repos\AiDotNet\src\AiDotNet.csproj::TargetFramework=net462]
C:\Users\yolan\source\repos\AiDotNet\src\Deployment\EdgeOptimizers\IoTOptimizer.cs(416,24): error CS0117: 'File' does not contain a definition for 'WriteAllTextAsync' [C:\Users\yolan\source\repos\AiDotNet\src\AiDotNet.csproj::TargetFramework=net462]
C:\Users\yolan\source\repos\AiDotNet\src\Deployment\EdgeOptimizers\IoTOptimizer.cs(420,24): error CS0117: 'File' does not contain a definition for 'WriteAllTextAsync' [C:\Users\yolan\source\repos\AiDotNet\src\AiDotNet.csproj::TargetFramework=net462]
C:\Users\yolan\source\repos\AiDotNet\src\Pipeline\PipelineSteps.cs(858,23): error CS0144: Cannot create an instance of the abstract type or interface 'ProductionMonitorBase' [C:\Users\yolan\source\repos\AiDotNet\src\AiDotNet.csproj::TargetFramework=net462]
C:\Users\yolan\source\repos\AiDotNet\src\Deployment\EdgeOptimizers\IoTOptimizer.cs(427,24): error CS0117: 'File' does not contain a definition for 'WriteAllTextAsync' [C:\Users\yolan\source\repos\AiDotNet\src\AiDotNet.csproj::TargetFramework=net462]
C:\Users\yolan\source\repos\AiDotNet\src\Deployment\EdgeOptimizers\IoTOptimizer.cs(431,24): error CS0117: 'File' does not contain a definition for 'WriteAllTextAsync' [C:\Users\yolan\source\repos\AiDotNet\src\AiDotNet.csproj::TargetFramework=net462]
C:\Users\yolan\source\repos\AiDotNet\src\Deployment\EdgeOptimizers\IoTOptimizer.cs(435,24): error CS0117: 'File' does not contain a definition for 'WriteAllTextAsync' [C:\Users\yolan\source\repos\AiDotNet\src\AiDotNet.csproj::TargetFramework=net462]
C:\Users\yolan\source\repos\AiDotNet\src\Deployment\EdgeOptimizers\IoTOptimizer.cs(439,24): error CS0117: 'File' does not contain a definition for 'WriteAllTextAsync' [C:\Users\yolan\source\repos\AiDotNet\src\AiDotNet.csproj::TargetFramework=net462]
C:\Users\yolan\source\repos\AiDotNet\src\FederatedLearning\Client\FederatedClient.cs(200,46): error CS1501: No overload for method 'GetRows' takes 2 arguments [C:\Users\yolan\source\repos\AiDotNet\src\AiDotNet.csproj::TargetFramework=net462]
C:\Users\yolan\source\repos\AiDotNet\src\FederatedLearning\Client\FederatedClient.cs(230,84): error CS1503: Argument 1: cannot convert from 'AiDotNet.LinearAlgebra.Vector<double>' to 'AiDotNet.LinearAlgebra.Matrix<double>' [C:\Users\yolan\source\repos\AiDotNet\src\AiDotNet.csproj::TargetFramework=net462]
C:\Users\yolan\source\repos\AiDotNet\src\FederatedLearning\Client\FederatedClient.cs(271,77): error CS1061: 'IOptimizer<double, Matrix<double>, Vector<double>>' does not contain a definition for 'CalculateUpdate' and no accessible extension method 'CalculateUpdate' accepting a first argument of type 'IOptimizer<double, Matrix<double>, Vector<double>>' could be found (are you missing a using directive or an assembly reference?) [C:\Users\yolan\source\repos\AiDotNet\src\AiDotNet.csproj::TargetFramework=net462]
C:\Users\yolan\source\repos\AiDotNet\src\Deployment\EdgeOptimizers\IoTOptimizer.cs(1125,39): error CS8625: Cannot convert null literal to non-nullable reference type. [C:\Users\yolan\source\repos\AiDotNet\src\AiDotNet.csproj::TargetFramework=net462]
C:\Users\yolan\source\repos\AiDotNet\src\Compression\Hardware\InferenceOptimizer.cs(87,51): error CS0117: 'Vector<double>' does not contain a definition for 'IsHardwareAccelerated' [C:\Users\yolan\source\repos\AiDotNet\src\AiDotNet.csproj::TargetFramework=net462]
C:\Users\yolan\source\repos\AiDotNet\src\FederatedLearning\Client\FederatedClient.cs(425,40): error CS1501: No overload for method 'NextGaussian' takes 2 arguments [C:\Users\yolan\source\repos\AiDotNet\src\AiDotNet.csproj::TargetFramework=net462]
C:\Users\yolan\source\repos\AiDotNet\src\Deployment\CloudOptimizers\GCPOptimizer.cs(29,13): error CS0191: A readonly field cannot be assigned to (except in a constructor or init-only setter of the type in which the field is defined or a variable initializer) [C:\Users\yolan\source\repos\AiDotNet\src\AiDotNet.csproj::TargetFramework=net462]
C:\Users\yolan\source\repos\AiDotNet\src\Compression\Hardware\InferenceOptimizer.cs(359,63): error CS0117: 'Vector<double>' does not contain a definition for 'IsHardwareAccelerated' [C:\Users\yolan\source\repos\AiDotNet\src\AiDotNet.csproj::TargetFramework=net462]
C:\Users\yolan\source\repos\AiDotNet\src\ProductionMonitoring\ModelHealthScorer.cs(90,41): error CS0121: The call is ambiguous between the following methods or properties: 'System.Linq.LinqExtensions.ToDictionary<TSource, TKey, TValue>(System.Collections.Generic.IEnumerable<TSource>, System.Func<TSource, TKey>, System.Func<TSource, TValue>)' and 'System.Linq.Enumerable.ToDictionary<TSource, TKey, TElement>(System.Collections.Generic.IEnumerable<TSource>, System.Func<TSource, TKey>, System.Func<TSource, TElement>)' [C:\Users\yolan\source\repos\AiDotNet\src\AiDotNet.csproj::TargetFramework=net462]
C:\Users\yolan\source\repos\AiDotNet\src\Pipeline\PipelineSteps.cs(783,17): error CS0117: 'DeploymentInfo' does not contain a definition for 'DeploymentId' [C:\Users\yolan\source\repos\AiDotNet\src\AiDotNet.csproj::TargetFramework=net462]
C:\Users\yolan\source\repos\AiDotNet\src\Pipeline\PipelineSteps.cs(784,17): error CS0117: 'DeploymentInfo' does not contain a definition for 'Target' [C:\Users\yolan\source\repos\AiDotNet\src\AiDotNet.csproj::TargetFramework=net462]
C:\Users\yolan\source\repos\AiDotNet\src\Pipeline\PipelineSteps.cs(787,17): error CS0117: 'DeploymentInfo' does not contain a definition for 'Metadata' [C:\Users\yolan\source\repos\AiDotNet\src\AiDotNet.csproj::TargetFramework=net462]
C:\Users\yolan\source\repos\AiDotNet\src\Pipeline\PipelineSteps.cs(813,22): error CS0104: 'DeploymentTarget' is an ambiguous reference between 'AiDotNet.Deployment.DeploymentTarget' and 'AiDotNet.Enums.DeploymentTarget' [C:\Users\yolan\source\repos\AiDotNet\src\AiDotNet.csproj::TargetFramework=net462]
C:\Users\yolan\source\repos\AiDotNet\src\Pipeline\PipelineSteps.cs(815,22): error CS0104: 'DeploymentTarget' is an ambiguous reference between 'AiDotNet.Deployment.DeploymentTarget' and 'AiDotNet.Enums.DeploymentTarget' [C:\Users\yolan\source\repos\AiDotNet\src\AiDotNet.csproj::TargetFramework=net462]
C:\Users\yolan\source\repos\AiDotNet\src\Pipeline\PipelineSteps.cs(817,22): error CS0104: 'DeploymentTarget' is an ambiguous reference between 'AiDotNet.Deployment.DeploymentTarget' and 'AiDotNet.Enums.DeploymentTarget' [C:\Users\yolan\source\repos\AiDotNet\src\AiDotNet.csproj::TargetFramework=net462]
C:\Users\yolan\source\repos\AiDotNet\src\Pipeline\PipelineSteps.cs(820,28): error CS0144: Cannot create an instance of the abstract type or interface 'ModelOptimizer<Matrix<double>, Vector<double>, ModelMetaData<double>>' [C:\Users\yolan\source\repos\AiDotNet\src\AiDotNet.csproj::TargetFramework=net462]
C:\Users\yolan\source\repos\AiDotNet\src\Deployment\CloudOptimizers\GCPOptimizer.cs(216,24): error CS0117: 'File' does not contain a definition for 'WriteAllTextAsync' [C:\Users\yolan\source\repos\AiDotNet\src\AiDotNet.csproj::TargetFramework=net462]
C:\Users\yolan\source\repos\AiDotNet\src\Deployment\CloudOptimizers\GCPOptimizer.cs(222,24): error CS0117: 'File' does not contain a definition for 'WriteAllTextAsync' [C:\Users\yolan\source\repos\AiDotNet\src\AiDotNet.csproj::TargetFramework=net462]
C:\Users\yolan\source\repos\AiDotNet\src\Deployment\CloudOptimizers\GCPOptimizer.cs(228,24): error CS0117: 'File' does not contain a definition for 'WriteAllTextAsync' [C:\Users\yolan\source\repos\AiDotNet\src\AiDotNet.csproj::TargetFramework=net462]
C:\Users\yolan\source\repos\AiDotNet\src\Deployment\CloudOptimizers\GCPOptimizer.cs(234,24): error CS0117: 'File' does not contain a definition for 'WriteAllTextAsync' [C:\Users\yolan\source\repos\AiDotNet\src\AiDotNet.csproj::TargetFramework=net462]
C:\Users\yolan\source\repos\AiDotNet\src\Deployment\CloudOptimizers\GCPOptimizer.cs(241,28): error CS0117: 'File' does not contain a definition for 'WriteAllTextAsync' [C:\Users\yolan\source\repos\AiDotNet\src\AiDotNet.csproj::TargetFramework=net462]
C:\Users\yolan\source\repos\AiDotNet\src\Pipeline\PipelineSteps.cs(835,28): error CS0144: Cannot create an instance of the abstract type or interface 'ModelOptimizer<Matrix<double>, Vector<double>, ModelMetaData<double>>' [C:\Users\yolan\source\repos\AiDotNet\src\AiDotNet.csproj::TargetFramework=net462]
C:\Users\yolan\source\repos\AiDotNet\src\Deployment\CloudOptimizers\GCPOptimizer.cs(525,38): error CS0826: No best type found for implicitly-typed array [C:\Users\yolan\source\repos\AiDotNet\src\AiDotNet.csproj::TargetFramework=net462]
C:\Users\yolan\source\repos\AiDotNet\src\ProductionMonitoring\ModelHealthScorer.cs(133,48): error CS1998: This async method lacks 'await' operators and will run synchronously. Consider using the 'await' operator to await non-blocking API calls, or 'await Task.Run(...)' to do CPU-bound work on a background thread. [C:\Users\yolan\source\repos\AiDotNet\src\AiDotNet.csproj::TargetFramework=net462]
C:\Users\yolan\source\repos\AiDotNet\src\ProductionMonitoring\ModelHealthScorer.cs(196,58): error CS1998: This async method lacks 'await' operators and will run synchronously. Consider using the 'await' operator to await non-blocking API calls, or 'await Task.Run(...)' to do CPU-bound work on a background thread. [C:\Users\yolan\source\repos\AiDotNet\src\AiDotNet.csproj::TargetFramework=net462]
C:\Users\yolan\source\repos\AiDotNet\src\ProductionMonitoring\ModelHealthScorer.cs(211,58): error CS1998: This async method lacks 'await' operators and will run synchronously. Consider using the 'await' operator to await non-blocking API calls, or 'await Task.Run(...)' to do CPU-bound work on a background thread. [C:\Users\yolan\source\repos\AiDotNet\src\AiDotNet.csproj::TargetFramework=net462]
C:\Users\yolan\source\repos\AiDotNet\src\FederatedLearning\Aggregation\SecureAggregation.cs(396,51): error CS1061: 'Dictionary<string, Vector<double>>.KeyCollection' does not contain a definition for 'ToHashSet' and no accessible extension method 'ToHashSet' accepting a first argument of type 'Dictionary<string, Vector<double>>.KeyCollection' could be found (are you missing a using directive or an assembly reference?) [C:\Users\yolan\source\repos\AiDotNet\src\AiDotNet.csproj::TargetFramework=net462]
C:\Users\yolan\source\repos\AiDotNet\src\Deployment\CloudOptimizers\AzureOptimizer.cs(29,13): error CS0191: A readonly field cannot be assigned to (except in a constructor or init-only setter of the type in which the field is defined or a variable initializer) [C:\Users\yolan\source\repos\AiDotNet\src\AiDotNet.csproj::TargetFramework=net462]
C:\Users\yolan\source\repos\AiDotNet\src\Pipeline\PipelineSteps.cs(629,24): error CS7036: There is no argument given that corresponds to the required parameter 'architecture' of 'NeuralNetwork<double>.NeuralNetwork(NeuralNetworkArchitecture<double>, ILossFunction<double>?)' [C:\Users\yolan\source\repos\AiDotNet\src\AiDotNet.csproj::TargetFramework=net462]
C:\Users\yolan\source\repos\AiDotNet\src\Deployment\CloudOptimizers\AzureOptimizer.cs(213,24): error CS0117: 'File' does not contain a definition for 'WriteAllTextAsync' [C:\Users\yolan\source\repos\AiDotNet\src\AiDotNet.csproj::TargetFramework=net462]
C:\Users\yolan\source\repos\AiDotNet\src\Deployment\CloudOptimizers\AzureOptimizer.cs(219,24): error CS0117: 'File' does not contain a definition for 'WriteAllTextAsync' [C:\Users\yolan\source\repos\AiDotNet\src\AiDotNet.csproj::TargetFramework=net462]
C:\Users\yolan\source\repos\AiDotNet\src\Deployment\CloudOptimizers\AzureOptimizer.cs(225,24): error CS0117: 'File' does not contain a definition for 'WriteAllTextAsync' [C:\Users\yolan\source\repos\AiDotNet\src\AiDotNet.csproj::TargetFramework=net462]
C:\Users\yolan\source\repos\AiDotNet\src\Deployment\CloudOptimizers\AzureOptimizer.cs(379,24): error CS0117: 'File' does not contain a definition for 'WriteAllTextAsync' [C:\Users\yolan\source\repos\AiDotNet\src\AiDotNet.csproj::TargetFramework=net462]
C:\Users\yolan\source\repos\AiDotNet\src\Deployment\CloudOptimizers\AzureOptimizer.cs(400,24): error CS0117: 'File' does not contain a definition for 'WriteAllTextAsync' [C:\Users\yolan\source\repos\AiDotNet\src\AiDotNet.csproj::TargetFramework=net462]
C:\Users\yolan\source\repos\AiDotNet\src\Deployment\CloudOptimizers\AzureOptimizer.cs(406,24): error CS0117: 'File' does not contain a definition for 'WriteAllTextAsync' [C:\Users\yolan\source\repos\AiDotNet\src\AiDotNet.csproj::TargetFramework=net462]
C:\Users\yolan\source\repos\AiDotNet\src\Pipeline\PipelineSteps.cs(570,17): error CS0117: 'BayesianOptimizationAutoML<double, Matrix<double>, Vector<double>>' does not contain a definition for 'TimeLimit' [C:\Users\yolan\source\repos\AiDotNet\src\AiDotNet.csproj::TargetFramework=net462]
C:\Users\yolan\source\repos\AiDotNet\src\Pipeline\PipelineSteps.cs(571,17): error CS0117: 'BayesianOptimizationAutoML<double, Matrix<double>, Vector<double>>' does not contain a definition for 'TrialLimit' [C:\Users\yolan\source\repos\AiDotNet\src\AiDotNet.csproj::TargetFramework=net462]
C:\Users\yolan\source\repos\AiDotNet\src\Pipeline\PipelineSteps.cs(577,24): error CS1061: 'BayesianOptimizationAutoML<double, Matrix<double>, Vector<double>>' does not contain a definition for 'SetModelsToTry' and no accessible extension method 'SetModelsToTry' accepting a first argument of type 'BayesianOptimizationAutoML<double, Matrix<double>, Vector<double>>' could be found (are you missing a using directive or an assembly reference?) [C:\Users\yolan\source\repos\AiDotNet\src\AiDotNet.csproj::TargetFramework=net462]
C:\Users\yolan\source\repos\AiDotNet\src\ProductionMonitoring\ModelHealthScorer.cs(424,49): error CS1061: 'List<ProductionMonitorBase.PredictionRecord>' does not contain a definition for 'TakeLast' and no accessible extension method 'TakeLast' accepting a first argument of type 'List<ProductionMonitorBase.PredictionRecord>' could be found (are you missing a using directive or an assembly reference?) [C:\Users\yolan\source\repos\AiDotNet\src\AiDotNet.csproj::TargetFramework=net462]
C:\Users\yolan\source\repos\AiDotNet\src\ProductionMonitoring\ModelHealthScorer.cs(435,59): error CS0030: Cannot convert type 'method' to 'double' [C:\Users\yolan\source\repos\AiDotNet\src\AiDotNet.csproj::TargetFramework=net462]
C:\Users\yolan\source\repos\AiDotNet\src\ProductionMonitoring\ModelHealthScorer.cs(436,54): error CS0030: Cannot convert type 'method' to 'double' [C:\Users\yolan\source\repos\AiDotNet\src\AiDotNet.csproj::TargetFramework=net462]
C:\Users\yolan\source\repos\AiDotNet\src\ProductionMonitoring\ModelHealthScorer.cs(437,58): error CS0030: Cannot convert type 'method' to 'double' [C:\Users\yolan\source\repos\AiDotNet\src\AiDotNet.csproj::TargetFramework=net462]
C:\Users\yolan\source\repos\AiDotNet\src\ProductionMonitoring\ModelHealthScorer.cs(418,36): error CS1998: This async method lacks 'await' operators and will run synchronously. Consider using the 'await' operator to await non-blocking API calls, or 'await Task.Run(...)' to do CPU-bound work on a background thread. [C:\Users\yolan\source\repos\AiDotNet\src\AiDotNet.csproj::TargetFramework=net462]
C:\Users\yolan\source\repos\AiDotNet\src\FederatedLearning\Aggregation\FederatedAveraging.cs(335,51): error CS1061: 'Dictionary<string, Vector<double>>.KeyCollection' does not contain a definition for 'ToHashSet' and no accessible extension method 'ToHashSet' accepting a first argument of type 'Dictionary<string, Vector<double>>.KeyCollection' could be found (are you missing a using directive or an assembly reference?) [C:\Users\yolan\source\repos\AiDotNet\src\AiDotNet.csproj::TargetFramework=net462]
C:\Users\yolan\source\repos\AiDotNet\src\ProductionMonitoring\ModelHealthScorer.cs(443,36): error CS1998: This async method lacks 'await' operators and will run synchronously. Consider using the 'await' operator to await non-blocking API calls, or 'await Task.Run(...)' to do CPU-bound work on a background thread. [C:\Users\yolan\source\repos\AiDotNet\src\AiDotNet.csproj::TargetFramework=net462]
C:\Users\yolan\source\repos\AiDotNet\src\ProductionMonitoring\ModelHealthScorer.cs(472,50): error CS1061: 'List<PerformanceMetrics>' does not contain a definition for 'TakeLast' and no accessible extension method 'TakeLast' accepting a first argument of type 'List<PerformanceMetrics>' could be found (are you missing a using directive or an assembly reference?) [C:\Users\yolan\source\repos\AiDotNet\src\AiDotNet.csproj::TargetFramework=net462]
C:\Users\yolan\source\repos\AiDotNet\src\ProductionMonitoring\ModelHealthScorer.cs(466,36): error CS1998: This async method lacks 'await' operators and will run synchronously. Consider using the 'await' operator to await non-blocking API calls, or 'await Task.Run(...)' to do CPU-bound work on a background thread. [C:\Users\yolan\source\repos\AiDotNet\src\AiDotNet.csproj::TargetFramework=net462]
C:\Users\yolan\source\repos\AiDotNet\src\ProductionMonitoring\ModelHealthScorer.cs(487,36): error CS1998: This async method lacks 'await' operators and will run synchronously. Consider using the 'await' operator to await non-blocking API calls, or 'await Task.Run(...)' to do CPU-bound work on a background thread. [C:\Users\yolan\source\repos\AiDotNet\src\AiDotNet.csproj::TargetFramework=net462]
C:\Users\yolan\source\repos\AiDotNet\src\ProductionMonitoring\ModelHealthScorer.cs(506,36): error CS1998: This async method lacks 'await' operators and will run synchronously. Consider using the 'await' operator to await non-blocking API calls, or 'await Task.Run(...)' to do CPU-bound work on a background thread. [C:\Users\yolan\source\repos\AiDotNet\src\AiDotNet.csproj::TargetFramework=net462]
C:\Users\yolan\source\repos\AiDotNet\src\ProductionMonitoring\ModelHealthScorer.cs(636,45): error CS1061: 'List<ModelHealthScorer.HealthCheckResult>' does not contain a definition for 'TakeLast' and no accessible extension method 'TakeLast' accepting a first argument of type 'List<ModelHealthScorer.HealthCheckResult>' could be found (are you missing a using directive or an assembly reference?) [C:\Users\yolan\source\repos\AiDotNet\src\AiDotNet.csproj::TargetFramework=net462]
C:\Users\yolan\source\repos\AiDotNet\src\ProductionMonitoring\ModelHealthScorer.cs(675,69): error CS1061: 'List<ModelHealthScorer.HealthCheckResult>' does not contain a definition for 'TakeLast' and no accessible extension method 'TakeLast' accepting a first argument of type 'List<ModelHealthScorer.HealthCheckResult>' could be found (are you missing a using directive or an assembly reference?) [C:\Users\yolan\source\repos\AiDotNet\src\AiDotNet.csproj::TargetFramework=net462]
C:\Users\yolan\source\repos\AiDotNet\src\ProductionMonitoring\ModelHealthScorer.cs(761,28): error CS1998: This async method lacks 'await' operators and will run synchronously. Consider using the 'await' operator to await non-blocking API calls, or 'await Task.Run(...)' to do CPU-bound work on a background thread. [C:\Users\yolan\source\repos\AiDotNet\src\AiDotNet.csproj::TargetFramework=net462]
C:\Users\yolan\source\repos\AiDotNet\src\ProductionMonitoring\DataDriftDetector.cs(500,60): error CS1061: 'List<ProductionMonitorBase.PredictionRecord>' does not contain a definition for 'TakeLast' and no accessible extension method 'TakeLast' accepting a first argument of type 'List<ProductionMonitorBase.PredictionRecord>' could be found (are you missing a using directive or an assembly reference?) [C:\Users\yolan\source\repos\AiDotNet\src\AiDotNet.csproj::TargetFramework=net462]
C:\Users\yolan\source\repos\AiDotNet\src\ProductionMonitoring\DataDriftDetector.cs(503,134): error CS0030: Cannot convert type 'method' to 'double' [C:\Users\yolan\source\repos\AiDotNet\src\AiDotNet.csproj::TargetFramework=net462]
C:\Users\yolan\source\repos\AiDotNet\src\ProductionMonitoring\DataDriftDetector.cs(528,57): error CS1061: 'List<PerformanceMetrics>' does not contain a definition for 'TakeLast' and no accessible extension method 'TakeLast' accepting a first argument of type 'List<PerformanceMetrics>' could be found (are you missing a using directive or an assembly reference?) [C:\Users\yolan\source\repos\AiDotNet\src\AiDotNet.csproj::TargetFramework=net462]
C:\Users\yolan\source\repos\AiDotNet\src\ProductionMonitoring\ConceptDriftDetector.cs(108,58): error CS1998: This async method lacks 'await' operators and will run synchronously. Consider using the 'await' operator to await non-blocking API calls, or 'await Task.Run(...)' to do CPU-bound work on a background thread. [C:\Users\yolan\source\repos\AiDotNet\src\AiDotNet.csproj::TargetFramework=net462]
C:\Users\yolan\source\repos\AiDotNet\src\ProductionMonitoring\AlertManager.cs(128,22): error CS0121: The call is ambiguous between the following methods or properties: 'System.Linq.LinqExtensions.ToDictionary<TSource, TKey, TValue>(System.Collections.Generic.IEnumerable<TSource>, System.Func<TSource, TKey>, System.Func<TSource, TValue>)' and 'System.Linq.Enumerable.ToDictionary<TSource, TKey, TElement>(System.Collections.Generic.IEnumerable<TSource>, System.Func<TSource, TKey>, System.Func<TSource, TElement>)' [C:\Users\yolan\source\repos\AiDotNet\src\AiDotNet.csproj::TargetFramework=net462]
C:\Users\yolan\source\repos\AiDotNet\src\ProductionMonitoring\AlertManager.cs(130,22): error CS0121: The call is ambiguous between the following methods or properties: 'System.Linq.LinqExtensions.ToDictionary<TSource, TKey, TValue>(System.Collections.Generic.IEnumerable<TSource>, System.Func<TSource, TKey>, System.Func<TSource, TValue>)' and 'System.Linq.Enumerable.ToDictionary<TSource, TKey, TElement>(System.Collections.Generic.IEnumerable<TSource>, System.Func<TSource, TKey>, System.Func<TSource, TElement>)' [C:\Users\yolan\source\repos\AiDotNet\src\AiDotNet.csproj::TargetFramework=net462]
C:\Users\yolan\source\repos\AiDotNet\src\ProductionMonitoring\AlertManager.cs(140,22): error CS0121: The call is ambiguous between the following methods or properties: 'System.Linq.LinqExtensions.ToDictionary<TSource, TKey, TValue>(System.Collections.Generic.IEnumerable<TSource>, System.Func<TSource, TKey>, System.Func<TSource, TValue>)' and 'System.Linq.Enumerable.ToDictionary<TSource, TKey, TElement>(System.Collections.Generic.IEnumerable<TSource>, System.Func<TSource, TKey>, System.Func<TSource, TElement>)' [C:\Users\yolan\source\repos\AiDotNet\src\AiDotNet.csproj::TargetFramework=net462]
C:\Users\yolan\source\repos\AiDotNet\src\ProductionMonitoring\AlertManager.cs(141,50): error CS0121: The call is ambiguous between the following methods or properties: 'System.Linq.LinqExtensions.LastOrDefault<T>(System.Collections.Generic.IEnumerable<T>)' and 'System.Linq.Enumerable.LastOrDefault<TSource>(System.Collections.Generic.IEnumerable<TSource>)' [C:\Users\yolan\source\repos\AiDotNet\src\AiDotNet.csproj::TargetFramework=net462]
C:\Users\yolan\source\repos\AiDotNet\src\ProductionMonitoring\AlertManager.cs(132,34): error CS8629: Nullable value type may be null. [C:\Users\yolan\source\repos\AiDotNet\src\AiDotNet.csproj::TargetFramework=net462]
C:\Users\yolan\source\repos\AiDotNet\src\ProductionMonitoring\AlertManager.cs(161,39): error CS8601: Possible null reference assignment. [C:\Users\yolan\source\repos\AiDotNet\src\AiDotNet.csproj::TargetFramework=net462]
C:\Users\yolan\source\repos\AiDotNet\src\ProductionMonitoring\AlertManager.cs(183,61): error CS8601: Possible null reference assignment. [C:\Users\yolan\source\repos\AiDotNet\src\AiDotNet.csproj::TargetFramework=net462]
C:\Users\yolan\source\repos\AiDotNet\src\ProductionMonitoring\AlertManager.cs(325,34): error CS1998: This async method lacks 'await' operators and will run synchronously. Consider using the 'await' operator to await non-blocking API calls, or 'await Task.Run(...)' to do CPU-bound work on a background thread. [C:\Users\yolan\source\repos\AiDotNet\src\AiDotNet.csproj::TargetFramework=net462]
C:\Users\yolan\source\repos\AiDotNet\src\ProductionMonitoring\AlertManager.cs(391,24): error CS8603: Possible null reference return. [C:\Users\yolan\source\repos\AiDotNet\src\AiDotNet.csproj::TargetFramework=net462]
C:\Users\yolan\source\repos\AiDotNet\src\ProductionMonitoring\AlertManager.cs(393,20): error CS8603: Possible null reference return. [C:\Users\yolan\source\repos\AiDotNet\src\AiDotNet.csproj::TargetFramework=net462]
C:\Users\yolan\source\repos\AiDotNet\src\DecompositionMethods\TimeSeriesDecomposition\HodrickPrescottDecomposition.cs(68,47): error CS0426: The type name 'Matrix<>' does not exist in the type 'HodrickPrescottAlgorithmType' [C:\Users\yolan\source\repos\AiDotNet\src\AiDotNet.csproj::TargetFramework=net462]
C:\Users\yolan\source\repos\AiDotNet\src\TimeSeries\InterventionAnalysisModel.cs(567,37): error CS0121: The call is ambiguous between the following methods or properties: 'System.Linq.LinqExtensions.ToDictionary<TSource, TKey, TValue>(System.Collections.Generic.IEnumerable<TSource>, System.Func<TSource, TKey>, System.Func<TSource, TValue>)' and 'System.Linq.Enumerable.ToDictionary<TSource, TKey, TElement>(System.Collections.Generic.IEnumerable<TSource>, System.Func<TSource, TKey>, System.Func<TSource, TElement>)' [C:\Users\yolan\source\repos\AiDotNet\src\AiDotNet.csproj::TargetFramework=net462]
C:\Users\yolan\source\repos\AiDotNet\src\Examples\FederatedLearningExample.cs(170,41): error CS1501: No overload for method 'NextGaussian' takes 2 arguments [C:\Users\yolan\source\repos\AiDotNet\src\AiDotNet.csproj::TargetFramework=net462]
C:\Users\yolan\source\repos\AiDotNet\src\Examples\ModernAIExample.cs(76,37): error CS1503: Argument 1: cannot convert from 'AiDotNet.Interfaces.FineTuningConfig' to 'AiDotNet.Models.Options.FineTuningOptions<double>' [C:\Users\yolan\source\repos\AiDotNet\src\AiDotNet.csproj::TargetFramework=net462]
C:\Users\yolan\source\repos\AiDotNet\src\Examples\ModernAIExample.cs(111,36): error CS1503: Argument 1: cannot convert from 'AiDotNet.Examples.CLIPMultimodalModel<double>' to 'AiDotNet.Interfaces.IMultimodalModel<double, AiDotNet.Examples.MultimodalInput<double>, AiDotNet.LinearAlgebra.Vector<double>>' [C:\Users\yolan\source\repos\AiDotNet\src\AiDotNet.csproj::TargetFramework=net462]
C:\Users\yolan\source\repos\AiDotNet\src\Examples\ModernAIExample.cs(159,49): error CS1061: 'IInterpretableModel<double, Matrix<double>, Vector<double>>' does not contain a definition for 'GetFeatureImportance' and no accessible extension method 'GetFeatureImportance' accepting a first argument of type 'IInterpretableModel<double, Matrix<double>, Vector<double>>' could be found (are you missing a using directive or an assembly reference?) [C:\Users\yolan\source\repos\AiDotNet\src\AiDotNet.csproj::TargetFramework=net462]
C:\Users\yolan\source\repos\AiDotNet\src\Examples\FederatedLearningExample.cs(231,43): error CS0121: The call is ambiguous between the following methods or properties: 'System.Linq.LinqExtensions.ToDictionary<TSource, TKey, TValue>(System.Collections.Generic.IEnumerable<TSource>, System.Func<TSource, TKey>, System.Func<TSource, TValue>)' and 'System.Linq.Enumerable.ToDictionary<TSource, TKey, TElement>(System.Collections.Generic.IEnumerable<TSource>, System.Func<TSource, TKey>, System.Func<TSource, TElement>)' [C:\Users\yolan\source\repos\AiDotNet\src\AiDotNet.csproj::TargetFramework=net462]
C:\Users\yolan\source\repos\AiDotNet\src\Examples\FederatedLearningExample.cs(235,17): error CS0104: 'FederatedAggregationStrategy' is an ambiguous reference between 'AiDotNet.Enums.FederatedAggregationStrategy' and 'AiDotNet.FederatedLearning.FederatedAggregationStrategy' [C:\Users\yolan\source\repos\AiDotNet\src\AiDotNet.csproj::TargetFramework=net462]
C:\Users\yolan\source\repos\AiDotNet\src\Examples\ComprehensiveModernAIExample.cs(118,27): error CS7036: There is no argument given that corresponds to the required parameter 'architecture' of 'VisionTransformer.VisionTransformer(NeuralNetworkArchitecture<double>, int, int, int, int, int, int, int, double, ILossFunction<double>?, double)' [C:\Users\yolan\source\repos\AiDotNet\src\AiDotNet.csproj::TargetFramework=net462]
C:\Users\yolan\source\repos\AiDotNet\src\Examples\ComprehensiveModernAIExample.cs(113,35): error CS1998: This async method lacks 'await' operators and will run synchronously. Consider using the 'await' operator to await non-blocking API calls, or 'await Task.Run(...)' to do CPU-bound work on a background thread. [C:\Users\yolan\source\repos\AiDotNet\src\AiDotNet.csproj::TargetFramework=net462]
C:\Users\yolan\source\repos\AiDotNet\src\Examples\ModernAIExample.cs(203,38): error CS1061: 'IProductionMonitor<double, Matrix<double>, Vector<double>>' does not contain a definition for 'CheckDataDrift' and no accessible extension method 'CheckDataDrift' accepting a first argument of type 'IProductionMonitor<double, Matrix<double>, Vector<double>>' could be found (are you missing a using directive or an assembly reference?) [C:\Users\yolan\source\repos\AiDotNet\src\AiDotNet.csproj::TargetFramework=net462]
C:\Users\yolan\source\repos\AiDotNet\src\Examples\ModernAIExample.cs(206,25): error CS1061: 'IProductionMonitor<double, Matrix<double>, Vector<double>>' does not contain a definition for 'ShouldRetrain' and no accessible extension method 'ShouldRetrain' accepting a first argument of type 'IProductionMonitor<double, Matrix<double>, Vector<double>>' could be found (are you missing a using directive or an assembly reference?) [C:\Users\yolan\source\repos\AiDotNet\src\AiDotNet.csproj::TargetFramework=net462]
C:\Users\yolan\source\repos\AiDotNet\src\Examples\ModernAIExample.cs(236,35): error CS7036: There is no argument given that corresponds to the required parameter 'architecture' of 'NeuralNetworkModel<double>.NeuralNetworkModel(NeuralNetworkArchitecture<double>)' [C:\Users\yolan\source\repos\AiDotNet\src\AiDotNet.csproj::TargetFramework=net462]
C:\Users\yolan\source\repos\AiDotNet\src\Examples\ModernAIExample.cs(244,34): error CS7036: There is no argument given that corresponds to the required parameter 'architecture' of 'NeuralNetworkModel<double>.NeuralNetworkModel(NeuralNetworkArchitecture<double>)' [C:\Users\yolan\source\repos\AiDotNet\src\AiDotNet.csproj::TargetFramework=net462]
C:\Users\yolan\source\repos\AiDotNet\src\Examples\ModernAIExample.cs(308,21): error CS1061: 'IPredictionModelBuilder<double, Matrix<double>, Vector<double>>' does not contain a definition for 'SetModel' and no accessible extension method 'SetModel' accepting a first argument of type 'IPredictionModelBuilder<double, Matrix<double>, Vector<double>>' could be found (are you missing a using directive or an assembly reference?) [C:\Users\yolan\source\repos\AiDotNet\src\AiDotNet.csproj::TargetFramework=net462]
C:\Users\yolan\source\repos\AiDotNet\src\Examples\ModernAIExample.cs(309,44): error CS7036: There is no argument given that corresponds to the required parameter 'model' of 'GradientDescentOptimizer<double, Matrix<double>, Vector<double>>.GradientDescentOptimizer(IFullModel<double, Matrix<double>, Vector<double>>, GradientDescentOptimizerOptions<double, Matrix<double>, Vector<double>>?)' [C:\Users\yolan\source\repos\AiDotNet\src\AiDotNet.csproj::TargetFramework=net462]
C:\Users\yolan\source\repos\AiDotNet\src\Examples\ModernAIExample.cs(312,21): error CS1061: 'IPredictionModelBuilder<double, Matrix<double>, Vector<double>>' does not contain a definition for 'SetModel' and no accessible extension method 'SetModel' accepting a first argument of type 'IPredictionModelBuilder<double, Matrix<double>, Vector<double>>' could be found (are you missing a using directive or an assembly reference?) [C:\Users\yolan\source\repos\AiDotNet\src\AiDotNet.csproj::TargetFramework=net462]
C:\Users\yolan\source\repos\AiDotNet\src\Examples\ModernAIExample.cs(313,44): error CS7036: There is no argument given that corresponds to the required parameter 'model' of 'AdamOptimizer<double, Matrix<double>, Vector<double>>.AdamOptimizer(IFullModel<double, Matrix<double>, Vector<double>>, AdamOptimizerOptions<double, Matrix<double>, Vector<double>>?)' [C:\Users\yolan\source\repos\AiDotNet\src\AiDotNet.csproj::TargetFramework=net462]
C:\Users\yolan\source\repos\AiDotNet\src\Examples\ComprehensiveModernAIExample.cs(151,28): error CS7036: There is no argument given that corresponds to the required parameter 'architecture' of 'DiffusionModel.DiffusionModel(NeuralNetworkArchitecture<double>, int, double, double, ILossFunction<double>?, double)' [C:\Users\yolan\source\repos\AiDotNet\src\AiDotNet.csproj::TargetFramework=net462]
C:\Users\yolan\source\repos\AiDotNet\src\Examples\ComprehensiveModernAIExample.cs(216,32): error CS7036: There is no argument given that corresponds to the required parameter 'architecture' of 'ScoreSDE.ScoreSDE(NeuralNetworkArchitecture<double>, INeuralNetworkModel<double>, ScoreSDE.SDEType, double, double, double, ISolver, ILossFunction<double>?, double)' [C:\Users\yolan\source\repos\AiDotNet\src\AiDotNet.csproj::TargetFramework=net462]
C:\Users\yolan\source\repos\AiDotNet\src\Examples\ComprehensiveModernAIExample.cs(240,35): error CS7036: There is no argument given that corresponds to the required parameter 'architecture' of 'ConsistencyModel.ConsistencyModel(NeuralNetworkArchitecture<double>, INeuralNetworkModel<double>, double, double, int, double, ConsistencyModel.ScheduleType, bool, ILossFunction<double>?, double)' [C:\Users\yolan\source\repos\AiDotNet\src\AiDotNet.csproj::TargetFramework=net462]
C:\Users\yolan\source\repos\AiDotNet\src\Examples\ComprehensiveModernAIExample.cs(266,36): error CS7036: There is no argument given that corresponds to the required parameter 'architecture' of 'FlowMatchingModel.FlowMatchingModel(NeuralNetworkArchitecture<double>, INeuralNetworkModel<double>, FlowMatchingModel.FlowType, double, bool, int, ILossFunction<double>?, double)' [C:\Users\yolan\source\repos\AiDotNet\src\AiDotNet.csproj::TargetFramework=net462]
C:\Users\yolan\source\repos\AiDotNet\src\Examples\ComprehensiveModernAIExample.cs(285,87): error CS1739: The best overload for 'AdamOptimizer' does not have a parameter named 'learningRate' [C:\Users\yolan\source\repos\AiDotNet\src\AiDotNet.csproj::TargetFramework=net462]
C:\Users\yolan\source\repos\AiDotNet\src\Examples\ComprehensiveModernAIExample.cs(366,90): error CS1061: 'Dictionary<string, double>' does not contain a definition for 'GetValueOrDefault' and no accessible extension method 'GetValueOrDefault' accepting a first argument of type 'Dictionary<string, double>' could be found (are you missing a using directive or an assembly reference?) [C:\Users\yolan\source\repos\AiDotNet\src\AiDotNet.csproj::TargetFramework=net462]
C:\Users\yolan\source\repos\AiDotNet\src\Examples\AutoMLExample.cs(268,48): error CS1061: 'KeyValuePair<string, object>' does not contain a definition for 'Deconstruct' and no accessible extension method 'Deconstruct' accepting a first argument of type 'KeyValuePair<string, object>' could be found (are you missing a using directive or an assembly reference?) [C:\Users\yolan\source\repos\AiDotNet\src\AiDotNet.csproj::TargetFramework=net462]
C:\Users\yolan\source\repos\AiDotNet\src\Examples\AutoMLExample.cs(268,48): error CS8129: No suitable 'Deconstruct' instance or extension method was found for type 'KeyValuePair<string, object>', with 2 out parameters and a void return type. [C:\Users\yolan\source\repos\AiDotNet\src\AiDotNet.csproj::TargetFramework=net462]
C:\Users\yolan\source\repos\AiDotNet\src\Examples\AutoMLExample.cs(268,31): error CS8130: Cannot infer the type of implicitly-typed deconstruction variable 'param'. [C:\Users\yolan\source\repos\AiDotNet\src\AiDotNet.csproj::TargetFramework=net462]
C:\Users\yolan\source\repos\AiDotNet\src\Examples\AutoMLExample.cs(268,38): error CS8130: Cannot infer the type of implicitly-typed deconstruction variable 'value'. [C:\Users\yolan\source\repos\AiDotNet\src\AiDotNet.csproj::TargetFramework=net462]
C:\Users\yolan\source\repos\AiDotNet\src\Examples\ComprehensiveModernAIExample.cs(377,29): error CS7036: There is no argument given that corresponds to the required parameter 'architecture' of 'NeuralNetwork<double>.NeuralNetwork(NeuralNetworkArchitecture<double>, ILossFunction<double>?)' [C:\Users\yolan\source\repos\AiDotNet\src\AiDotNet.csproj::TargetFramework=net462]
C:\Users\yolan\source\repos\AiDotNet\src\Examples\ComprehensiveModernAIExample.cs(407,37): error CS0305: Using the generic type 'MobileOptimizer<TInput, TOutput, TMetadata>' requires 3 type arguments [C:\Users\yolan\source\repos\AiDotNet\src\AiDotNet.csproj::TargetFramework=net462]
C:\Users\yolan\source\repos\AiDotNet\src\Examples\ComprehensiveModernAIExample.cs(437,35): error CS1998: This async method lacks 'await' operators and will run synchronously. Consider using the 'await' operator to await non-blocking API calls, or 'await Task.Run(...)' to do CPU-bound work on a background thread. [C:\Users\yolan\source\repos\AiDotNet\src\AiDotNet.csproj::TargetFramework=net462]
C:\Users\yolan\source\repos\AiDotNet\src\Examples\ComprehensiveModernAIExample.cs(457,28): error CS7036: There is no argument given that corresponds to the required parameter 'architecture' of 'NeuralNetwork<double>.NeuralNetwork(NeuralNetworkArchitecture<double>, ILossFunction<double>?)' [C:\Users\yolan\source\repos\AiDotNet\src\AiDotNet.csproj::TargetFramework=net462]
C:\Users\yolan\source\repos\AiDotNet\src\Examples\ComprehensiveModernAIExample.cs(485,28): error CS7036: There is no argument given that corresponds to the required parameter 'architecture' of 'NeuralNetwork<double>.NeuralNetwork(NeuralNetworkArchitecture<double>, ILossFunction<double>?)' [C:\Users\yolan\source\repos\AiDotNet\src\AiDotNet.csproj::TargetFramework=net462]
C:\Users\yolan\source\repos\AiDotNet\src\Examples\ComprehensiveModernAIExample.cs(495,32): error CS7036: There is no argument given that corresponds to the required parameter 'architecture' of 'NeuralNetwork<double>.NeuralNetwork(NeuralNetworkArchitecture<double>, ILossFunction<double>?)' [C:\Users\yolan\source\repos\AiDotNet\src\AiDotNet.csproj::TargetFramework=net462]
C:\Users\yolan\source\repos\AiDotNet\src\Examples\ComprehensiveModernAIExample.cs(505,38): error CS7036: There is no argument given that corresponds to the required parameter 'architecture' of 'NeuralNetwork<double>.NeuralNetwork(NeuralNetworkArchitecture<double>, ILossFunction<double>?)' [C:\Users\yolan\source\repos\AiDotNet\src\AiDotNet.csproj::TargetFramework=net462]
C:\Users\yolan\source\repos\AiDotNet\src\Examples\ComprehensiveModernAIExample.cs(515,35): error CS7036: There is no argument given that corresponds to the required parameter 'architecture' of 'NeuralNetwork<double>.NeuralNetwork(NeuralNetworkArchitecture<double>, ILossFunction<double>?)' [C:\Users\yolan\source\repos\AiDotNet\src\AiDotNet.csproj::TargetFramework=net462]
C:\Users\yolan\source\repos\AiDotNet\src\NeuralNetworks\DiffusionModels\ScoreSDE.cs(51,13): error CS0118: 'ModelCategory' is a type but is used like a variable [C:\Users\yolan\source\repos\AiDotNet\src\AiDotNet.csproj::TargetFramework=net462]
C:\Users\yolan\source\repos\AiDotNet\src\NeuralNetworks\DiffusionModel.cs(134,40): error CS1503: Argument 1: cannot convert from 'double' to 'AiDotNet.LinearAlgebra.Tensor<double>' [C:\Users\yolan\source\repos\AiDotNet\src\AiDotNet.csproj::TargetFramework=net462]
C:\Users\yolan\source\repos\AiDotNet\src\NeuralNetworks\DiffusionModel.cs(195,44): error CS1503: Argument 1: cannot convert from 'int[]' to 'int' [C:\Users\yolan\source\repos\AiDotNet\src\AiDotNet.csproj::TargetFramework=net462]
C:\Users\yolan\source\repos\AiDotNet\src\NeuralNetworks\DiffusionModel.cs(211,21): error CS1929: 'NeuralNetworkBase<double>' does not contain a definition for 'Backward' and the best extension method overload 'NeuralNetworkExtensions.Backward<Tensor<double>>(NeuralNetwork<Tensor<double>>, Tensor<double>)' requires a receiver of type 'AiDotNet.NeuralNetworks.NeuralNetwork<AiDotNet.LinearAlgebra.Tensor<double>>' [C:\Users\yolan\source\repos\AiDotNet\src\AiDotNet.csproj::TargetFramework=net462]
C:\Users\yolan\source\repos\AiDotNet\src\NeuralNetworks\DiffusionModel.cs(212,31): error CS1501: No overload for method 'Step' takes 2 arguments [C:\Users\yolan\source\repos\AiDotNet\src\AiDotNet.csproj::TargetFramework=net462]
C:\Users\yolan\source\repos\AiDotNet\src\NeuralNetworks\DiffusionModels\ScoreSDE.cs(194,40): error CS1503: Argument 1: cannot convert from 'int[]' to 'int' [C:\Users\yolan\source\repos\AiDotNet\src\AiDotNet.csproj::TargetFramework=net462]
C:\Users\yolan\source\repos\AiDotNet\src\NeuralNetworks\DiffusionModels\ScoreSDE.cs(215,21): error CS1929: 'NeuralNetworkBase<double>' does not contain a definition for 'Backward' and the best extension method overload 'NeuralNetworkExtensions.Backward<Tensor<double>>(NeuralNetwork<Tensor<double>>, Tensor<double>)' requires a receiver of type 'AiDotNet.NeuralNetworks.NeuralNetwork<AiDotNet.LinearAlgebra.Tensor<double>>' [C:\Users\yolan\source\repos\AiDotNet\src\AiDotNet.csproj::TargetFramework=net462]
C:\Users\yolan\source\repos\AiDotNet\src\NeuralNetworks\DiffusionModels\ScoreSDE.cs(216,31): error CS1501: No overload for method 'Step' takes 2 arguments [C:\Users\yolan\source\repos\AiDotNet\src\AiDotNet.csproj::TargetFramework=net462]
C:\Users\yolan\source\repos\AiDotNet\src\NeuralNetworks\DiffusionModels\ScoreSDE.cs(226,91): error CS0117: 'Tensor<double>' does not contain a definition for 'Zeros' [C:\Users\yolan\source\repos\AiDotNet\src\AiDotNet.csproj::TargetFramework=net462]
C:\Users\yolan\source\repos\AiDotNet\src\NeuralNetworks\DiffusionModels\ScoreSDE.cs(313,70): error CS0117: 'Tensor<double>' does not contain a definition for 'Zeros' [C:\Users\yolan\source\repos\AiDotNet\src\AiDotNet.csproj::TargetFramework=net462]
C:\Users\yolan\source\repos\AiDotNet\src\Deployment\CloudOptimizers\AWSOptimizer.cs(29,13): error CS0191: A readonly field cannot be assigned to (except in a constructor or init-only setter of the type in which the field is defined or a variable initializer) [C:\Users\yolan\source\repos\AiDotNet\src\AiDotNet.csproj::TargetFramework=net462]
C:\Users\yolan\source\repos\AiDotNet\src\Pipeline\PipelineSteps.cs(481,41): error CS1061: 'PredictionModelBuilder<double, Matrix<double>, Vector<double>>' does not contain a definition for 'BuildModel' and no accessible extension method 'BuildModel' accepting a first argument of type 'PredictionModelBuilder<double, Matrix<double>, Vector<double>>' could be found (are you missing a using directive or an assembly reference?) [C:\Users\yolan\source\repos\AiDotNet\src\AiDotNet.csproj::TargetFramework=net462]
C:\Users\yolan\source\repos\AiDotNet\src\NeuralNetworks\DiffusionModels\LatentDiffusionModel.cs(31,20): error CS1503: Argument 1: cannot convert from 'int' to 'AiDotNet.NeuralNetworks.NeuralNetworkArchitecture<double>' [C:\Users\yolan\source\repos\AiDotNet\src\AiDotNet.csproj::TargetFramework=net462]
C:\Users\yolan\source\repos\AiDotNet\src\NeuralNetworks\DiffusionModels\LatentDiffusionModel.cs(31,31): error CS1503: Argument 2: cannot convert from 'double' to 'int' [C:\Users\yolan\source\repos\AiDotNet\src\AiDotNet.csproj::TargetFramework=net462]
C:\Users\yolan\source\repos\AiDotNet\src\NeuralNetworks\DiffusionModels\LatentDiffusionModel.cs(31,47): error CS1503: Argument 4: cannot convert from 'string' to 'double' [C:\Users\yolan\source\repos\AiDotNet\src\AiDotNet.csproj::TargetFramework=net462]
C:\Users\yolan\source\repos\AiDotNet\src\Deployment\CloudOptimizers\AWSOptimizer.cs(193,24): error CS0117: 'File' does not contain a definition for 'WriteAllTextAsync' [C:\Users\yolan\source\repos\AiDotNet\src\AiDotNet.csproj::TargetFramework=net462]
C:\Users\yolan\source\repos\AiDotNet\src\Deployment\CloudOptimizers\AWSOptimizer.cs(199,24): error CS0117: 'File' does not contain a definition for 'WriteAllTextAsync' [C:\Users\yolan\source\repos\AiDotNet\src\AiDotNet.csproj::TargetFramework=net462]
C:\Users\yolan\source\repos\AiDotNet\src\Deployment\CloudOptimizers\AWSOptimizer.cs(205,24): error CS0117: 'File' does not contain a definition for 'WriteAllTextAsync' [C:\Users\yolan\source\repos\AiDotNet\src\AiDotNet.csproj::TargetFramework=net462]
C:\Users\yolan\source\repos\AiDotNet\src\NeuralNetworks\DiffusionModels\LatentDiffusionModel.cs(74,47): error CS0122: 'DiffusionModel.timesteps' is inaccessible due to its protection level [C:\Users\yolan\source\repos\AiDotNet\src\AiDotNet.csproj::TargetFramework=net462]
C:\Users\yolan\source\repos\AiDotNet\src\NeuralNetworks\DiffusionModels\LatentDiffusionModel.cs(80,43): error CS8600: Converting null literal or possible null value to non-nullable type. [C:\Users\yolan\source\repos\AiDotNet\src\AiDotNet.csproj::TargetFramework=net462]
C:\Users\yolan\source\repos\AiDotNet\src\NeuralNetworks\DiffusionModels\LatentDiffusionModel.cs(89,70): error CS8604: Possible null reference argument for parameter 'conditioning' in 'Tensor<double> LatentDiffusionModel.ReverseStepConditional(Tensor<double> x, int t, Tensor<double> conditioning, Random random)'. [C:\Users\yolan\source\repos\AiDotNet\src\AiDotNet.csproj::TargetFramework=net462]
C:\Users\yolan\source\repos\AiDotNet\src\Pipeline\PipelineConfigurations.cs(141,54): error CS8625: Cannot convert null literal to non-nullable reference type. [C:\Users\yolan\source\repos\AiDotNet\src\AiDotNet.csproj::TargetFramework=net462]
C:\Users\yolan\source\repos\AiDotNet\src\Pipeline\PipelineConfigurations.cs(71,83): error CS1061: 'OptimizationMode' does not contain a definition for 'Balanced' and no accessible extension method 'Balanced' accepting a first argument of type 'OptimizationMode' could be found (are you missing a using directive or an assembly reference?) [C:\Users\yolan\source\repos\AiDotNet\src\AiDotNet.csproj::TargetFramework=net462]
C:\Users\yolan\source\repos\AiDotNet\src\NeuralNetworks\DiffusionModels\LatentDiffusionModel.cs(107,68): error CS8604: Possible null reference argument for parameter 'conditioning' in 'Tensor<double> LatentDiffusionModel.GenerateConditional(int[] shape, Tensor<double> conditioning, int? seed)'. [C:\Users\yolan\source\repos\AiDotNet\src\AiDotNet.csproj::TargetFramework=net462]
C:\Users\yolan\source\repos\AiDotNet\src\NeuralNetworks\DiffusionModels\LatentDiffusionModel.cs(139,26): error CS0122: 'DiffusionModel.GenerateNoise(int[], Random)' is inaccessible due to its protection level [C:\Users\yolan\source\repos\AiDotNet\src\AiDotNet.csproj::TargetFramework=net462]
C:\Users\yolan\source\repos\AiDotNet\src\NeuralNetworks\DiffusionModels\LatentDiffusionModel.cs(145,26): error CS0122: 'DiffusionModel.timesteps' is inaccessible due to its protection level [C:\Users\yolan\source\repos\AiDotNet\src\AiDotNet.csproj::TargetFramework=net462]
C:\Users\yolan\source\repos\AiDotNet\src\Pipeline\MLPipeline.cs(46,32): error CS1061: 'IPipelineStep<double, Tensor<double>, Tensor<double>>' does not contain a definition for 'ExecuteAsync' and no accessible extension method 'ExecuteAsync' accepting a first argument of type 'IPipelineStep<double, Tensor<double>, Tensor<double>>' could be found (are you missing a using directive or an assembly reference?) [C:\Users\yolan\source\repos\AiDotNet\src\AiDotNet.csproj::TargetFramework=net462]
C:\Users\yolan\source\repos\AiDotNet\src\NeuralNetworks\DiffusionModels\LatentDiffusionModel.cs(162,68): error CS8625: Cannot convert null literal to non-nullable reference type. [C:\Users\yolan\source\repos\AiDotNet\src\AiDotNet.csproj::TargetFramework=net462]
C:\Users\yolan\source\repos\AiDotNet\src\Pipeline\MLPipelineBuilder.cs(50,23): error CS1503: Argument 1: cannot convert from 'AiDotNet.Pipeline.DataLoadingStep' to 'AiDotNet.Interfaces.IPipelineStep<double, AiDotNet.LinearAlgebra.Tensor<double>, AiDotNet.LinearAlgebra.Tensor<double>>' [C:\Users\yolan\source\repos\AiDotNet\src\AiDotNet.csproj::TargetFramework=net462]
C:\Users\yolan\source\repos\AiDotNet\src\NeuralNetworks\NeuralNetworkBase.cs(1470,57): error CS1503: Argument 2: cannot convert from 'AiDotNet.Enums.ActivationFunction' to 'int' [C:\Users\yolan\source\repos\AiDotNet\src\AiDotNet.csproj::TargetFramework=net462]
C:\Users\yolan\source\repos\AiDotNet\src\NeuralNetworks\DiffusionModels\LatentDiffusionModel.cs(180,41): error CS0122: 'DiffusionModel.noisePredictor' is inaccessible due to its protection level [C:\Users\yolan\source\repos\AiDotNet\src\AiDotNet.csproj::TargetFramework=net462]
C:\Users\yolan\source\repos\AiDotNet\src\NeuralNetworks\DiffusionModels\LatentDiffusionModel.cs(185,20): error CS0122: 'DiffusionModel.PredictNoise(Tensor<double>, Tensor<double>)' is inaccessible due to its protection level [C:\Users\yolan\source\repos\AiDotNet\src\AiDotNet.csproj::TargetFramework=net462]
C:\Users\yolan\source\repos\AiDotNet\src\NeuralNetworks\NeuralNetworkBase.cs(1483,25): error CS1729: 'ConvolutionalLayer<T>' does not contain a constructor that takes 4 arguments [C:\Users\yolan\source\repos\AiDotNet\src\AiDotNet.csproj::TargetFramework=net462]
C:\Users\yolan\source\repos\AiDotNet\src\Pipeline\MLPipelineBuilder.cs(60,23): error CS1503: Argument 1: cannot convert from 'AiDotNet.Pipeline.DataLoadingStep' to 'AiDotNet.Interfaces.IPipelineStep<double, AiDotNet.LinearAlgebra.Tensor<double>, AiDotNet.LinearAlgebra.Tensor<double>>' [C:\Users\yolan\source\repos\AiDotNet\src\AiDotNet.csproj::TargetFramework=net462]
C:\Users\yolan\source\repos\AiDotNet\src\Pipeline\MLPipelineBuilder.cs(71,23): error CS1503: Argument 1: cannot convert from 'AiDotNet.Pipeline.DataCleaningStep' to 'AiDotNet.Interfaces.IPipelineStep<double, AiDotNet.LinearAlgebra.Tensor<double>, AiDotNet.LinearAlgebra.Tensor<double>>' [C:\Users\yolan\source\repos\AiDotNet\src\AiDotNet.csproj::TargetFramework=net462]
C:\Users\yolan\source\repos\AiDotNet\src\NeuralNetworks\DiffusionModels\LatentDiffusionModel.cs(197,32): error CS0122: 'DiffusionModel.posteriorVariance' is inaccessible due to its protection level [C:\Users\yolan\source\repos\AiDotNet\src\AiDotNet.csproj::TargetFramework=net462]
C:\Users\yolan\source\repos\AiDotNet\src\NeuralNetworks\DiffusionModels\LatentDiffusionModel.cs(198,29): error CS0122: 'DiffusionModel.GenerateNoise(int[], Random)' is inaccessible due to its protection level [C:\Users\yolan\source\repos\AiDotNet\src\AiDotNet.csproj::TargetFramework=net462]
C:\Users\yolan\source\repos\AiDotNet\src\Pipeline\PipelineResult.cs(268,32): error CS0121: The call is ambiguous between the following methods or properties: 'System.Linq.LinqExtensions.ToDictionary<TSource, TKey, TValue>(System.Collections.Generic.IEnumerable<TSource>, System.Func<TSource, TKey>, System.Func<TSource, TValue>)' and 'System.Linq.Enumerable.ToDictionary<TSource, TKey, TElement>(System.Collections.Generic.IEnumerable<TSource>, System.Func<TSource, TKey>, System.Func<TSource, TElement>)' [C:\Users\yolan\source\repos\AiDotNet\src\AiDotNet.csproj::TargetFramework=net462]
C:\Users\yolan\source\repos\AiDotNet\src\NeuralNetworks\NeuralNetworkBase.cs(1492,25): error CS1729: 'LSTMLayer<T>' does not contain a constructor that takes 2 arguments [C:\Users\yolan\source\repos\AiDotNet\src\AiDotNet.csproj::TargetFramework=net462]
C:\Users\yolan\source\repos\AiDotNet\src\Pipeline\MLPipelineBuilder.cs(82,23): error CS1503: Argument 1: cannot convert from 'AiDotNet.Pipeline.FeatureEngineeringStep' to 'AiDotNet.Interfaces.IPipelineStep<double, AiDotNet.LinearAlgebra.Tensor<double>, AiDotNet.LinearAlgebra.Tensor<double>>' [C:\Users\yolan\source\repos\AiDotNet\src\AiDotNet.csproj::TargetFramework=net462]
C:\Users\yolan\source\repos\AiDotNet\src\Pipeline\MLPipelineBuilder.cs(91,23): error CS1503: Argument 1: cannot convert from 'AiDotNet.Pipeline.DataSplittingStep' to 'AiDotNet.Interfaces.IPipelineStep<double, AiDotNet.LinearAlgebra.Tensor<double>, AiDotNet.LinearAlgebra.Tensor<double>>' [C:\Users\yolan\source\repos\AiDotNet\src\AiDotNet.csproj::TargetFramework=net462]
C:\Users\yolan\source\repos\AiDotNet\src\NeuralNetworks\NeuralNetworkBase.cs(1510,25): error CS7036: There is no argument given that corresponds to the required parameter 'featureSize' of 'BatchNormalizationLayer<T>.BatchNormalizationLayer(int, double, double)' [C:\Users\yolan\source\repos\AiDotNet\src\AiDotNet.csproj::TargetFramework=net462]
C:\Users\yolan\source\repos\AiDotNet\src\Pipeline\PipelineSteps.cs(109,36): error CS0117: 'File' does not contain a definition for 'ReadAllLinesAsync' [C:\Users\yolan\source\repos\AiDotNet\src\AiDotNet.csproj::TargetFramework=net462]
C:\Users\yolan\source\repos\AiDotNet\src\Pipeline\PipelineSteps.cs(124,28): error CS0029: Cannot implicitly convert type 'AiDotNet.LinearAlgebra.Tensor<double>' to 'System.Collections.Generic.Dictionary<string, object>' [C:\Users\yolan\source\repos\AiDotNet\src\AiDotNet.csproj::TargetFramework=net462]
C:\Users\yolan\source\repos\AiDotNet\src\Pipeline\PipelineSteps.cs(125,21): error CS1061: 'PipelineContext<double, Tensor<double>, Tensor<double>>' does not contain a definition for 'Labels' and no accessible extension method 'Labels' accepting a first argument of type 'PipelineContext<double, Tensor<double>, Tensor<double>>' could be found (are you missing a using directive or an assembly reference?) [C:\Users\yolan\source\repos\AiDotNet\src\AiDotNet.csproj::TargetFramework=net462]
C:\Users\yolan\source\repos\AiDotNet\src\Pipeline\PipelineSteps.cs(132,21): error CS1501: No overload for method 'this' takes 2 arguments [C:\Users\yolan\source\repos\AiDotNet\src\AiDotNet.csproj::TargetFramework=net462]
C:\Users\yolan\source\repos\AiDotNet\src\Pipeline\PipelineSteps.cs(134,25): error CS1061: 'PipelineContext<double, Tensor<double>, Tensor<double>>' does not contain a definition for 'Labels' and no accessible extension method 'Labels' accepting a first argument of type 'PipelineContext<double, Tensor<double>, Tensor<double>>' could be found (are you missing a using directive or an assembly reference?) [C:\Users\yolan\source\repos\AiDotNet\src\AiDotNet.csproj::TargetFramework=net462]
C:\Users\yolan\source\repos\AiDotNet\src\NeuralNetworks\DiffusionModels\LatentDiffusionModel.cs(210,24): error CS0122: 'DiffusionModel.betas' is inaccessible due to its protection level [C:\Users\yolan\source\repos\AiDotNet\src\AiDotNet.csproj::TargetFramework=net462]
C:\Users\yolan\source\repos\AiDotNet\src\NeuralNetworks\DiffusionModels\LatentDiffusionModel.cs(211,25): error CS0122: 'DiffusionModel.alphas' is inaccessible due to its protection level [C:\Users\yolan\source\repos\AiDotNet\src\AiDotNet.csproj::TargetFramework=net462]
C:\Users\yolan\source\repos\AiDotNet\src\NeuralNetworks\DiffusionModels\LatentDiffusionModel.cs(212,32): error CS0122: 'DiffusionModel.alphasCumprod' is inaccessible due to its protection level [C:\Users\yolan\source\repos\AiDotNet\src\AiDotNet.csproj::TargetFramework=net462]
C:\Users\yolan\source\repos\AiDotNet\src\NeuralNetworks\DiffusionModels\LatentDiffusionModel.cs(213,37): error CS0122: 'DiffusionModel.sqrtOneMinusAlphasCumprod' is inaccessible due to its protection level [C:\Users\yolan\source\repos\AiDotNet\src\AiDotNet.csproj::TargetFramework=net462]
C:\Users\yolan\source\repos\AiDotNet\src\NeuralNetworks\DiffusionModels\LatentDiffusionModel.cs(216,28): error CS1503: Argument 1: cannot convert from 'double' to 'AiDotNet.LinearAlgebra.Tensor<double>' [C:\Users\yolan\source\repos\AiDotNet\src\AiDotNet.csproj::TargetFramework=net462]
C:\Users\yolan\source\repos\AiDotNet\src\Pipeline\PipelineOrchestrator.cs(280,56): error CS0121: The call is ambiguous between the following methods or properties: 'System.Linq.LinqExtensions.LastOrDefault<T>(System.Collections.Generic.IEnumerable<T>)' and 'System.Linq.Enumerable.LastOrDefault<TSource>(System.Collections.Generic.IEnumerable<TSource>)' [C:\Users\yolan\source\repos\AiDotNet\src\AiDotNet.csproj::TargetFramework=net462]
C:\Users\yolan\source\repos\AiDotNet\src\NeuralNetworks\NeuralNetworkBase.cs(1519,25): error CS7036: There is no argument given that corresponds to the required parameter 'poolSize' of 'MaxPoolingLayer<T>.MaxPoolingLayer(int[], int, int)' [C:\Users\yolan\source\repos\AiDotNet\src\AiDotNet.csproj::TargetFramework=net462]
C:\Users\yolan\source\repos\AiDotNet\src\Pipeline\MLPipelineBuilder.cs(102,23): error CS1503: Argument 1: cannot convert from 'AiDotNet.Pipeline.DataAugmentationStep' to 'AiDotNet.Interfaces.IPipelineStep<double, AiDotNet.LinearAlgebra.Tensor<double>, AiDotNet.LinearAlgebra.Tensor<double>>' [C:\Users\yolan\source\repos\AiDotNet\src\AiDotNet.csproj::TargetFramework=net462]
C:\Users\yolan\source\repos\AiDotNet\src\Pipeline\MLPipelineBuilder.cs(111,23): error CS1503: Argument 1: cannot convert from 'AiDotNet.Pipeline.NormalizationStep' to 'AiDotNet.Interfaces.IPipelineStep<double, AiDotNet.LinearAlgebra.Tensor<double>, AiDotNet.LinearAlgebra.Tensor<double>>' [C:\Users\yolan\source\repos\AiDotNet\src\AiDotNet.csproj::TargetFramework=net462]
C:\Users\yolan\source\repos\AiDotNet\src\NeuralNetworks\DiffusionModels\LatentDiffusionModel.cs(232,49): error CS1503: Argument 1: cannot convert from 'double' to 'AiDotNet.LinearAlgebra.Tensor<double>' [C:\Users\yolan\source\repos\AiDotNet\src\AiDotNet.csproj::TargetFramework=net462]
C:\Users\yolan\source\repos\AiDotNet\src\Pipeline\PipelineResult.cs(297,32): error CS0121: The call is ambiguous between the following methods or properties: 'System.Linq.LinqExtensions.ToDictionary<TSource, TKey, TValue>(System.Collections.Generic.IEnumerable<TSource>, System.Func<TSource, TKey>, System.Func<TSource, TValue>)' and 'System.Linq.Enumerable.ToDictionary<TSource, TKey, TElement>(System.Collections.Generic.IEnumerable<TSource>, System.Func<TSource, TKey>, System.Func<TSource, TElement>)' [C:\Users\yolan\source\repos\AiDotNet\src\AiDotNet.csproj::TargetFramework=net462]
C:\Users\yolan\source\repos\AiDotNet\src\NeuralNetworks\DiffusionModels\LatentDiffusionModel.cs(266,81): error CS1503: Argument 1: cannot convert from 'int' to 'AiDotNet.LinearAlgebra.Tensor<double>' [C:\Users\yolan\source\repos\AiDotNet\src\AiDotNet.csproj::TargetFramework=net462]
C:\Users\yolan\source\repos\AiDotNet\src\Pipeline\MLPipelineBuilder.cs(123,23): error CS1503: Argument 1: cannot convert from 'AiDotNet.Pipeline.ModelTrainingStep' to 'AiDotNet.Interfaces.IPipelineStep<double, AiDotNet.LinearAlgebra.Tensor<double>, AiDotNet.LinearAlgebra.Tensor<double>>' [C:\Users\yolan\source\repos\AiDotNet\src\AiDotNet.csproj::TargetFramework=net462]
C:\Users\yolan\source\repos\AiDotNet\src\Pipeline\MLPipelineBuilder.cs(135,23): error CS1503: Argument 1: cannot convert from 'AiDotNet.Pipeline.ModelTrainingStep' to 'AiDotNet.Interfaces.IPipelineStep<double, AiDotNet.LinearAlgebra.Tensor<double>, AiDotNet.LinearAlgebra.Tensor<double>>' [C:\Users\yolan\source\repos\AiDotNet\src\AiDotNet.csproj::TargetFramework=net462]
C:\Users\yolan\source\repos\AiDotNet\src\NeuralNetworks\DiffusionModels\LatentDiffusionModel.cs(273,19): error CS0122: 'DiffusionModel.PredictNoise(Tensor<double>, Tensor<double>)' is inaccessible due to its protection level [C:\Users\yolan\source\repos\AiDotNet\src\AiDotNet.csproj::TargetFramework=net462]
C:\Users\yolan\source\repos\AiDotNet\src\Pipeline\MLPipelineBuilder.cs(147,23): error CS1503: Argument 1: cannot convert from 'AiDotNet.Pipeline.ModelTrainingStep' to 'AiDotNet.Interfaces.IPipelineStep<double, AiDotNet.LinearAlgebra.Tensor<double>, AiDotNet.LinearAlgebra.Tensor<double>>' [C:\Users\yolan\source\repos\AiDotNet\src\AiDotNet.csproj::TargetFramework=net462]
C:\Users\yolan\source\repos\AiDotNet\src\NeuralNetworks\DiffusionModels\FlowMatchingModel.cs(49,13): error CS0118: 'ModelCategory' is a type but is used like a variable [C:\Users\yolan\source\repos\AiDotNet\src\AiDotNet.csproj::TargetFramework=net462]
C:\Users\yolan\source\repos\AiDotNet\src\Pipeline\MLPipelineBuilder.cs(158,23): error CS1503: Argument 1: cannot convert from 'AiDotNet.Pipeline.ModelTrainingStep' to 'AiDotNet.Interfaces.IPipelineStep<double, AiDotNet.LinearAlgebra.Tensor<double>, AiDotNet.LinearAlgebra.Tensor<double>>' [C:\Users\yolan\source\repos\AiDotNet\src\AiDotNet.csproj::TargetFramework=net462]
C:\Users\yolan\source\repos\AiDotNet\src\Pipeline\MLPipelineBuilder.cs(167,23): error CS1503: Argument 1: cannot convert from 'AiDotNet.Pipeline.CrossValidationStep' to 'AiDotNet.Interfaces.IPipelineStep<double, AiDotNet.LinearAlgebra.Tensor<double>, AiDotNet.LinearAlgebra.Tensor<double>>' [C:\Users\yolan\source\repos\AiDotNet\src\AiDotNet.csproj::TargetFramework=net462]
C:\Users\yolan\source\repos\AiDotNet\src\Pipeline\MLPipelineBuilder.cs(176,23): error CS1503: Argument 1: cannot convert from 'AiDotNet.Pipeline.EvaluationStep' to 'AiDotNet.Interfaces.IPipelineStep<double, AiDotNet.LinearAlgebra.Tensor<double>, AiDotNet.LinearAlgebra.Tensor<double>>' [C:\Users\yolan\source\repos\AiDotNet\src\AiDotNet.csproj::TargetFramework=net462]
C:\Users\yolan\source\repos\AiDotNet\src\Pipeline\MLPipelineBuilder.cs(187,23): error CS1503: Argument 1: cannot convert from 'AiDotNet.Pipeline.HyperparameterTuningStep' to 'AiDotNet.Interfaces.IPipelineStep<double, AiDotNet.LinearAlgebra.Tensor<double>, AiDotNet.LinearAlgebra.Tensor<double>>' [C:\Users\yolan\source\repos\AiDotNet\src\AiDotNet.csproj::TargetFramework=net462]
C:\Users\yolan\source\repos\AiDotNet\src\Pipeline\MLPipelineBuilder.cs(196,23): error CS1503: Argument 1: cannot convert from 'AiDotNet.Pipeline.InterpretabilityStep' to 'AiDotNet.Interfaces.IPipelineStep<double, AiDotNet.LinearAlgebra.Tensor<double>, AiDotNet.LinearAlgebra.Tensor<double>>' [C:\Users\yolan\source\repos\AiDotNet\src\AiDotNet.csproj::TargetFramework=net462]
C:\Users\yolan\source\repos\AiDotNet\src\Pipeline\MLPipelineBuilder.cs(205,23): error CS1503: Argument 1: cannot convert from 'AiDotNet.Pipeline.ModelCompressionStep' to 'AiDotNet.Interfaces.IPipelineStep<double, AiDotNet.LinearAlgebra.Tensor<double>, AiDotNet.LinearAlgebra.Tensor<double>>' [C:\Users\yolan\source\repos\AiDotNet\src\AiDotNet.csproj::TargetFramework=net462]
C:\Users\yolan\source\repos\AiDotNet\src\Pipeline\MLPipelineBuilder.cs(217,23): error CS1503: Argument 1: cannot convert from 'AiDotNet.Pipeline.DeploymentStep' to 'AiDotNet.Interfaces.IPipelineStep<double, AiDotNet.LinearAlgebra.Tensor<double>, AiDotNet.LinearAlgebra.Tensor<double>>' [C:\Users\yolan\source\repos\AiDotNet\src\AiDotNet.csproj::TargetFramework=net462]
C:\Users\yolan\source\repos\AiDotNet\src\Pipeline\MLPipelineBuilder.cs(228,23): error CS1503: Argument 1: cannot convert from 'AiDotNet.Pipeline.MonitoringStep' to 'AiDotNet.Interfaces.IPipelineStep<double, AiDotNet.LinearAlgebra.Tensor<double>, AiDotNet.LinearAlgebra.Tensor<double>>' [C:\Users\yolan\source\repos\AiDotNet\src\AiDotNet.csproj::TargetFramework=net462]
C:\Users\yolan\source\repos\AiDotNet\src\NeuralNetworks\DiffusionModels\FlowMatchingModel.cs(86,40): error CS1503: Argument 1: cannot convert from 'int[]' to 'int' [C:\Users\yolan\source\repos\AiDotNet\src\AiDotNet.csproj::TargetFramework=net462]
C:\Users\yolan\source\repos\AiDotNet\src\NeuralNetworks\DiffusionModels\FlowMatchingModel.cs(108,21): error CS1929: 'NeuralNetworkBase<double>' does not contain a definition for 'Backward' and the best extension method overload 'NeuralNetworkExtensions.Backward<Tensor<double>>(NeuralNetwork<Tensor<double>>, Tensor<double>)' requires a receiver of type 'AiDotNet.NeuralNetworks.NeuralNetwork<AiDotNet.LinearAlgebra.Tensor<double>>' [C:\Users\yolan\source\repos\AiDotNet\src\AiDotNet.csproj::TargetFramework=net462]
C:\Users\yolan\source\repos\AiDotNet\src\NeuralNetworks\DiffusionModels\FlowMatchingModel.cs(109,31): error CS1501: No overload for method 'Step' takes 2 arguments [C:\Users\yolan\source\repos\AiDotNet\src\AiDotNet.csproj::TargetFramework=net462]
C:\Users\yolan\source\repos\AiDotNet\src\Pipeline\MLPipelineBuilder.cs(237,23): error CS1503: Argument 1: cannot convert from 'AiDotNet.Pipeline.ABTestingStep' to 'AiDotNet.Interfaces.IPipelineStep<double, AiDotNet.LinearAlgebra.Tensor<double>, AiDotNet.LinearAlgebra.Tensor<double>>' [C:\Users\yolan\source\repos\AiDotNet\src\AiDotNet.csproj::TargetFramework=net462]
C:\Users\yolan\source\repos\AiDotNet\src\Pipeline\MLPipelineBuilder.cs(265,75): error CS1503: Argument 1: cannot convert from 'AiDotNet.Pipeline.PipelineConfiguration' to 'System.Collections.Generic.List<AiDotNet.Interfaces.IPipelineStep<double, AiDotNet.LinearAlgebra.Tensor<double>, AiDotNet.LinearAlgebra.Tensor<double>>>' [C:\Users\yolan\source\repos\AiDotNet\src\AiDotNet.csproj::TargetFramework=net462]
C:\Users\yolan\source\repos\AiDotNet\src\Pipeline\MLPipelineBuilder.cs(265,90): error CS1503: Argument 2: cannot convert from 'System.Collections.Generic.List<AiDotNet.Interfaces.IPipelineStep<double, AiDotNet.LinearAlgebra.Tensor<double>, AiDotNet.LinearAlgebra.Tensor<double>>>' to 'AiDotNet.Pipeline.PipelineConfiguration' [C:\Users\yolan\source\repos\AiDotNet\src\AiDotNet.csproj::TargetFramework=net462]
C:\Users\yolan\source\repos\AiDotNet\src\Pipeline\MLPipelineBuilder.cs(274,20): error CS0029: Cannot implicitly convert type 'AiDotNet.Pipeline.PipelineExecutionResult<double, AiDotNet.LinearAlgebra.Matrix<double>, AiDotNet.LinearAlgebra.Vector<double>>' to 'AiDotNet.Pipeline.PipelineResult' [C:\Users\yolan\source\repos\AiDotNet\src\AiDotNet.csproj::TargetFramework=net462]
C:\Users\yolan\source\repos\AiDotNet\src\Pipeline\MLPipelineBuilder.cs(283,29): error CS1061: 'MLPipeline<double, Matrix<double>, Vector<double>>' does not contain a definition for 'Run' and no accessible extension method 'Run' accepting a first argument of type 'MLPipeline<double, Matrix<double>, Vector<double>>' could be found (are you missing a using directive or an assembly reference?) [C:\Users\yolan\source\repos\AiDotNet\src\AiDotNet.csproj::TargetFramework=net462]
C:\Users\yolan\source\repos\AiDotNet\src\Pipeline\PipelineBranch.cs(389,38): error CS1061: 'Dictionary<string, object>' does not contain a definition for 'GetValueOrDefault' and no accessible extension method 'GetValueOrDefault' accepting a first argument of type 'Dictionary<string, object>' could be found (are you missing a using directive or an assembly reference?) [C:\Users\yolan\source\repos\AiDotNet\src\AiDotNet.csproj::TargetFramework=net462]
C:\Users\yolan\source\repos\AiDotNet\src\Pipeline\PipelineBranch.cs(519,40): error CS1061: 'Dictionary<string, object>' does not contain a definition for 'GetValueOrDefault' and no accessible extension method 'GetValueOrDefault' accepting a first argument of type 'Dictionary<string, object>' could be found (are you missing a using directive or an assembly reference?) [C:\Users\yolan\source\repos\AiDotNet\src\AiDotNet.csproj::TargetFramework=net462]
C:\Users\yolan\source\repos\AiDotNet\src\Pipeline\PipelineBranch.cs(543,41): error CS1061: 'Dictionary<string, object>' does not contain a definition for 'GetValueOrDefault' and no accessible extension method 'GetValueOrDefault' accepting a first argument of type 'Dictionary<string, object>' could be found (are you missing a using directive or an assembly reference?) [C:\Users\yolan\source\repos\AiDotNet\src\AiDotNet.csproj::TargetFramework=net462]
C:\Users\yolan\source\repos\AiDotNet\src\NeuralNetworks\DiffusionModels\FlowMatchingModel.cs(283,40): error CS1503: Argument 1: cannot convert from 'int[]' to 'int' [C:\Users\yolan\source\repos\AiDotNet\src\AiDotNet.csproj::TargetFramework=net462]
C:\Users\yolan\source\repos\AiDotNet\src\NeuralNetworks\DiffusionModels\FlowMatchingModel.cs(288,27): error CS1503: Argument 1: cannot convert from '(AiDotNet.LinearAlgebra.Tensor<double>, ?)' to '(AiDotNet.LinearAlgebra.Tensor<double>, AiDotNet.LinearAlgebra.Tensor<double>)' [C:\Users\yolan\source\repos\AiDotNet\src\AiDotNet.csproj::TargetFramework=net462]
C:\Users\yolan\source\repos\AiDotNet\src\NeuralNetworks\DiffusionModels\FlowMatchingModel.cs(334,21): error CS1929: 'NeuralNetworkBase<double>' does not contain a definition for 'Backward' and the best extension method overload 'NeuralNetworkExtensions.Backward<Tensor<double>>(NeuralNetwork<Tensor<double>>, Tensor<double>)' requires a receiver of type 'AiDotNet.NeuralNetworks.NeuralNetwork<AiDotNet.LinearAlgebra.Tensor<double>>' [C:\Users\yolan\source\repos\AiDotNet\src\AiDotNet.csproj::TargetFramework=net462]
C:\Users\yolan\source\repos\AiDotNet\src\NeuralNetworks\DiffusionModels\FlowMatchingModel.cs(335,31): error CS1501: No overload for method 'Step' takes 2 arguments [C:\Users\yolan\source\repos\AiDotNet\src\AiDotNet.csproj::TargetFramework=net462]
C:\Users\yolan\source\repos\AiDotNet\src\NeuralNetworks\DiffusionModels\DDIMModel.cs(25,20): error CS1503: Argument 1: cannot convert from 'int' to 'AiDotNet.NeuralNetworks.NeuralNetworkArchitecture<double>' [C:\Users\yolan\source\repos\AiDotNet\src\AiDotNet.csproj::TargetFramework=net462]
C:\Users\yolan\source\repos\AiDotNet\src\NeuralNetworks\DiffusionModels\DDIMModel.cs(25,31): error CS1503: Argument 2: cannot convert from 'double' to 'int' [C:\Users\yolan\source\repos\AiDotNet\src\AiDotNet.csproj::TargetFramework=net462]
C:\Users\yolan\source\repos\AiDotNet\src\NeuralNetworks\DiffusionModels\DDIMModel.cs(25,51): error CS1503: Argument 4: cannot convert from 'string' to 'double' [C:\Users\yolan\source\repos\AiDotNet\src\AiDotNet.csproj::TargetFramework=net462]
C:\Users\yolan\source\repos\AiDotNet\src\NeuralNetworks\DiffusionModels\DDIMModel.cs(39,26): error CS0122: 'DiffusionModel.GenerateNoise(int[], Random)' is inaccessible due to its protection level [C:\Users\yolan\source\repos\AiDotNet\src\AiDotNet.csproj::TargetFramework=net462]
C:\Users\yolan\source\repos\AiDotNet\src\NeuralNetworks\DiffusionModels\DDIMModel.cs(42,54): error CS0122: 'DiffusionModel.timesteps' is inaccessible due to its protection level [C:\Users\yolan\source\repos\AiDotNet\src\AiDotNet.csproj::TargetFramework=net462]
C:\Users\yolan\source\repos\AiDotNet\src\NeuralNetworks\DiffusionModels\DDIMModel.cs(62,34): error CS0122: 'DiffusionModel.PredictNoise(Tensor<double>, Tensor<double>)' is inaccessible due to its protection level [C:\Users\yolan\source\repos\AiDotNet\src\AiDotNet.csproj::TargetFramework=net462]
C:\Users\yolan\source\repos\AiDotNet\src\NeuralNetworks\DiffusionModels\DDIMModel.cs(65,32): error CS0122: 'DiffusionModel.alphasCumprod' is inaccessible due to its protection level [C:\Users\yolan\source\repos\AiDotNet\src\AiDotNet.csproj::TargetFramework=net462]
C:\Users\yolan\source\repos\AiDotNet\src\NeuralNetworks\DiffusionModels\DDIMModel.cs(66,48): error CS0122: 'DiffusionModel.alphasCumprod' is inaccessible due to its protection level [C:\Users\yolan\source\repos\AiDotNet\src\AiDotNet.csproj::TargetFramework=net462]
C:\Users\yolan\source\repos\AiDotNet\src\NeuralNetworks\DiffusionModels\DDIMModel.cs(70,34): error CS1503: Argument 1: cannot convert from 'double' to 'AiDotNet.LinearAlgebra.Tensor<double>' [C:\Users\yolan\source\repos\AiDotNet\src\AiDotNet.csproj::TargetFramework=net462]
C:\Users\yolan\source\repos\AiDotNet\src\NeuralNetworks\DiffusionModels\DDIMModel.cs(87,29): error CS0122: 'DiffusionModel.GenerateNoise(int[], Random)' is inaccessible due to its protection level [C:\Users\yolan\source\repos\AiDotNet\src\AiDotNet.csproj::TargetFramework=net462]
C:\Users\yolan\source\repos\AiDotNet\src\NeuralNetworks\DiffusionModels\ConsistencyModel.cs(135,44): error CS1503: Argument 1: cannot convert from 'int[]' to 'int' [C:\Users\yolan\source\repos\AiDotNet\src\AiDotNet.csproj::TargetFramework=net462]
C:\Users\yolan\source\repos\AiDotNet\src\NeuralNetworks\DiffusionModels\ConsistencyModel.cs(161,21): error CS1929: 'NeuralNetworkBase<double>' does not contain a definition for 'Backward' and the best extension method overload 'NeuralNetworkExtensions.Backward<Tensor<double>>(NeuralNetwork<Tensor<double>>, Tensor<double>)' requires a receiver of type 'AiDotNet.NeuralNetworks.NeuralNetwork<AiDotNet.LinearAlgebra.Tensor<double>>' [C:\Users\yolan\source\repos\AiDotNet\src\AiDotNet.csproj::TargetFramework=net462]
C:\Users\yolan\source\repos\AiDotNet\src\NeuralNetworks\DiffusionModels\ConsistencyModel.cs(162,31): error CS1501: No overload for method 'Step' takes 2 arguments [C:\Users\yolan\source\repos\AiDotNet\src\AiDotNet.csproj::TargetFramework=net462]
C:\Users\yolan\source\repos\AiDotNet\src\NeuralNetworks\DiffusionModels\ConsistencyModel.cs(183,44): error CS1503: Argument 1: cannot convert from 'int[]' to 'int' [C:\Users\yolan\source\repos\AiDotNet\src\AiDotNet.csproj::TargetFramework=net462]
C:\Users\yolan\source\repos\AiDotNet\src\NeuralNetworks\DiffusionModels\ConsistencyModel.cs(211,68): error CS1061: 'Tensor<double>' does not contain a definition for 'Detach' and no accessible extension method 'Detach' accepting a first argument of type 'Tensor<double>' could be found (are you missing a using directive or an assembly reference?) [C:\Users\yolan\source\repos\AiDotNet\src\AiDotNet.csproj::TargetFramework=net462]
C:\Users\yolan\source\repos\AiDotNet\src\NeuralNetworks\DiffusionModels\ConsistencyModel.cs(212,21): error CS1929: 'NeuralNetworkBase<double>' does not contain a definition for 'Backward' and the best extension method overload 'NeuralNetworkExtensions.Backward<Tensor<double>>(NeuralNetwork<Tensor<double>>, Tensor<double>)' requires a receiver of type 'AiDotNet.NeuralNetworks.NeuralNetwork<AiDotNet.LinearAlgebra.Tensor<double>>' [C:\Users\yolan\source\repos\AiDotNet\src\AiDotNet.csproj::TargetFramework=net462]
C:\Users\yolan\source\repos\AiDotNet\src\NeuralNetworks\DiffusionModels\ConsistencyModel.cs(213,31): error CS1501: No overload for method 'Step' takes 2 arguments [C:\Users\yolan\source\repos\AiDotNet\src\AiDotNet.csproj::TargetFramework=net462]
C:\Users\yolan\source\repos\AiDotNet\src\Pipeline\PipelineSteps.cs(27,28): error CS0414: The field 'DataLoadingStep.loadedData' is assigned but its value is never used [C:\Users\yolan\source\repos\AiDotNet\src\AiDotNet.csproj::TargetFramework=net462]

Build FAILED.

C:\Program Files\dotnet\sdk\9.0.204\Sdks\Microsoft.NET.Sdk\targets\Microsoft.NET.EolTargetFrameworks.targets(32,5): warning NETSDK1138: The target framework 'net7.0' is out of support and will not receive security updates in the future. Please refer to https://aka.ms/dotnet-core-support for more information about the support policy. [C:\Users\yolan\source\repos\AiDotNet\AiDotNetBenchmarkTests\AiDotNetBenchmarkTests.csproj::TargetFramework=net7.0]
C:\Program Files\dotnet\sdk\9.0.204\Sdks\Microsoft.NET.Sdk\targets\Microsoft.NET.EolTargetFrameworks.targets(32,5): warning NETSDK1138: The target framework 'net7.0' is out of support and will not receive security updates in the future. Please refer to https://aka.ms/dotnet-core-support for more information about the support policy. [C:\Users\yolan\source\repos\AiDotNet\testconsole\AiDotNetTestConsole.csproj::TargetFramework=net7.0]
C:\Program Files\dotnet\sdk\9.0.204\Sdks\Microsoft.NET.Sdk\targets\Microsoft.NET.EolTargetFrameworks.targets(32,5): warning NETSDK1138: The target framework 'net7.0' is out of support and will not receive security updates in the future. Please refer to https://aka.ms/dotnet-core-support for more information about the support policy. [C:\Users\yolan\source\repos\AiDotNet\AiDotNetBenchmarkTests\AiDotNetBenchmarkTests.csproj::TargetFramework=net7.0]
C:\Program Files\dotnet\sdk\9.0.204\Sdks\Microsoft.NET.Sdk\targets\Microsoft.NET.EolTargetFrameworks.targets(32,5): warning NETSDK1138: The target framework 'net7.0' is out of support and will not receive security updates in the future. Please refer to https://aka.ms/dotnet-core-support for more information about the support policy. [C:\Users\yolan\source\repos\AiDotNet\testconsole\AiDotNetTestConsole.csproj::TargetFramework=net7.0]
C:\Users\yolan\source\repos\AiDotNet\src\Deployment\CloudOptimizers\AzureOptimizer.cs(29,13): error CS0191: A readonly field cannot be assigned to (except in a constructor or init-only setter of the type in which the field is defined or a variable initializer) [C:\Users\yolan\source\repos\AiDotNet\src\AiDotNet.csproj::TargetFramework=net8.0]
C:\Users\yolan\source\repos\AiDotNet\src\Deployment\CloudOptimizers\AWSOptimizer.cs(29,13): error CS0191: A readonly field cannot be assigned to (except in a constructor or init-only setter of the type in which the field is defined or a variable initializer) [C:\Users\yolan\source\repos\AiDotNet\src\AiDotNet.csproj::TargetFramework=net8.0]
C:\Users\yolan\source\repos\AiDotNet\src\Deployment\Techniques\ModelQuantizer.cs(856,17): error CS8602: Dereference of a possibly null reference. [C:\Users\yolan\source\repos\AiDotNet\src\AiDotNet.csproj::TargetFramework=net8.0]
C:\Users\yolan\source\repos\AiDotNet\src\Examples\FederatedLearningExample.cs(360,40): error CS8603: Possible null reference return. [C:\Users\yolan\source\repos\AiDotNet\src\AiDotNet.csproj::TargetFramework=net8.0]
C:\Users\yolan\source\repos\AiDotNet\src\Examples\FederatedLearningExample.cs(365,24): error CS8603: Possible null reference return. [C:\Users\yolan\source\repos\AiDotNet\src\AiDotNet.csproj::TargetFramework=net8.0]
C:\Users\yolan\source\repos\AiDotNet\src\Examples\FederatedLearningExample.cs(368,22): error CS8600: Converting null literal or possible null value to non-nullable type. [C:\Users\yolan\source\repos\AiDotNet\src\AiDotNet.csproj::TargetFramework=net8.0]
C:\Users\yolan\source\repos\AiDotNet\src\Examples\FederatedLearningExample.cs(373,20): error CS8603: Possible null reference return. [C:\Users\yolan\source\repos\AiDotNet\src\AiDotNet.csproj::TargetFramework=net8.0]
C:\Users\yolan\source\repos\AiDotNet\src\Deployment\EdgeOptimizers\MobileOptimizer.cs(29,13): error CS0191: A readonly field cannot be assigned to (except in a constructor or init-only setter of the type in which the field is defined or a variable initializer) [C:\Users\yolan\source\repos\AiDotNet\src\AiDotNet.csproj::TargetFramework=net8.0]
C:\Users\yolan\source\repos\AiDotNet\src\Deployment\CloudOptimizers\GCPOptimizer.cs(29,13): error CS0191: A readonly field cannot be assigned to (except in a constructor or init-only setter of the type in which the field is defined or a variable initializer) [C:\Users\yolan\source\repos\AiDotNet\src\AiDotNet.csproj::TargetFramework=net8.0]
C:\Users\yolan\source\repos\AiDotNet\src\Deployment\Techniques\ModelQuantizer.cs(868,33): error CS8602: Dereference of a possibly null reference. [C:\Users\yolan\source\repos\AiDotNet\src\AiDotNet.csproj::TargetFramework=net8.0]
C:\Users\yolan\source\repos\AiDotNet\src\Deployment\Techniques\ModelQuantizer.cs(883,35): error CS8602: Dereference of a possibly null reference. [C:\Users\yolan\source\repos\AiDotNet\src\AiDotNet.csproj::TargetFramework=net8.0]
C:\Users\yolan\source\repos\AiDotNet\src\Deployment\Techniques\ModelQuantizer.cs(896,26): error CS8602: Dereference of a possibly null reference. [C:\Users\yolan\source\repos\AiDotNet\src\AiDotNet.csproj::TargetFramework=net8.0]
C:\Users\yolan\source\repos\AiDotNet\src\Deployment\Techniques\ModelQuantizer.cs(914,45): error CS1061: 'ILayer<double>' does not contain a definition for 'GetParameterCount' and no accessible extension method 'GetParameterCount' accepting a first argument of type 'ILayer<double>' could be found (are you missing a using directive or an assembly reference?) [C:\Users\yolan\source\repos\AiDotNet\src\AiDotNet.csproj::TargetFramework=net8.0]
C:\Users\yolan\source\repos\AiDotNet\src\Deployment\Techniques\ModelQuantizer.cs(912,35): error CS8602: Dereference of a possibly null reference. [C:\Users\yolan\source\repos\AiDotNet\src\AiDotNet.csproj::TargetFramework=net8.0]
C:\Users\yolan\source\repos\AiDotNet\src\Deployment\EdgeOptimizers\IoTOptimizer.cs(29,13): error CS0191: A readonly field cannot be assigned to (except in a constructor or init-only setter of the type in which the field is defined or a variable initializer) [C:\Users\yolan\source\repos\AiDotNet\src\AiDotNet.csproj::TargetFramework=net8.0]
C:\Users\yolan\source\repos\AiDotNet\src\Deployment\Techniques\ModelQuantizer.cs(968,36): error CS8602: Dereference of a possibly null reference. [C:\Users\yolan\source\repos\AiDotNet\src\AiDotNet.csproj::TargetFramework=net8.0]
C:\Users\yolan\source\repos\AiDotNet\src\Deployment\Techniques\ModelQuantizer.cs(977,26): error CS8602: Dereference of a possibly null reference. [C:\Users\yolan\source\repos\AiDotNet\src\AiDotNet.csproj::TargetFramework=net8.0]
C:\Users\yolan\source\repos\AiDotNet\src\Compression\Hardware\InferenceOptimizer.cs(87,51): error CS0117: 'Vector<double>' does not contain a definition for 'IsHardwareAccelerated' [C:\Users\yolan\source\repos\AiDotNet\src\AiDotNet.csproj::TargetFramework=net8.0]
C:\Users\yolan\source\repos\AiDotNet\src\Deployment\ModelOptimizer.cs(120,35): error CS8604: Possible null reference argument for parameter 'source' in 'int Enumerable.Sum<ILayer<double>>(IEnumerable<ILayer<double>> source, Func<ILayer<double>, int> selector)'. [C:\Users\yolan\source\repos\AiDotNet\src\AiDotNet.csproj::TargetFramework=net8.0]
C:\Users\yolan\source\repos\AiDotNet\src\Deployment\Techniques\ModelQuantizer.cs(989,33): error CS8602: Dereference of a possibly null reference. [C:\Users\yolan\source\repos\AiDotNet\src\AiDotNet.csproj::TargetFramework=net8.0]
C:\Users\yolan\source\repos\AiDotNet\src\Deployment\EdgeOptimizers\IoTOptimizer.cs(128,85): error CS8604: Possible null reference argument for parameter 'powerMode' in 'Task<IModel<TInput, TOutput, TMetadata>> IoTOptimizer<TInput, TOutput, TMetadata>.OptimizeForPowerConsumptionAsync(IModel<TInput, TOutput, TMetadata> model, string powerMode)'. [C:\Users\yolan\source\repos\AiDotNet\src\AiDotNet.csproj::TargetFramework=net8.0]
C:\Users\yolan\source\repos\AiDotNet\src\Deployment\ModelOptimizer.cs(137,29): error CS8604: Possible null reference argument for parameter 'source' in 'int Enumerable.Sum<ILayer<double>>(IEnumerable<ILayer<double>> source, Func<ILayer<double>, int> selector)'. [C:\Users\yolan\source\repos\AiDotNet\src\AiDotNet.csproj::TargetFramework=net8.0]
C:\Users\yolan\source\repos\AiDotNet\src\AutoML\GridSearchAutoML.cs(225,20): error CS0029: Cannot implicitly convert type 'void' to 'AiDotNet.Interfaces.IFullModel<T, TInput, TOutput>' [C:\Users\yolan\source\repos\AiDotNet\src\AiDotNet.csproj::TargetFramework=net8.0]
C:\Users\yolan\source\repos\AiDotNet\src\Compression\Hardware\InferenceOptimizer.cs(359,63): error CS0117: 'Vector<double>' does not contain a definition for 'IsHardwareAccelerated' [C:\Users\yolan\source\repos\AiDotNet\src\AiDotNet.csproj::TargetFramework=net8.0]
C:\Users\yolan\source\repos\AiDotNet\src\Deployment\EdgeOptimizers\MobileOptimizer.cs(199,42): error CS8601: Possible null reference assignment. [C:\Users\yolan\source\repos\AiDotNet\src\AiDotNet.csproj::TargetFramework=net8.0]
C:\Users\yolan\source\repos\AiDotNet\src\Deployment\EdgeOptimizers\MobileOptimizer.cs(230,61): error CS8604: Possible null reference argument for parameter 'platform' in 'string MobileOptimizer<TInput, TOutput, TMetadata>.GenerateIntegrationGuide(string platform)'. [C:\Users\yolan\source\repos\AiDotNet\src\AiDotNet.csproj::TargetFramework=net8.0]
C:\Users\yolan\source\repos\AiDotNet\src\DecompositionMethods\TimeSeriesDecomposition\HodrickPrescottDecomposition.cs(68,47): error CS0426: The type name 'Matrix<>' does not exist in the type 'HodrickPrescottAlgorithmType' [C:\Users\yolan\source\repos\AiDotNet\src\AiDotNet.csproj::TargetFramework=net8.0]
C:\Users\yolan\source\repos\AiDotNet\src\Deployment\Techniques\ModelQuantizer.cs(425,63): error CS1503: Argument 1: cannot convert from 'AiDotNet.Interfaces.ILayer<double>' to 'AiDotNet.Interfaces.ILayer' [C:\Users\yolan\source\repos\AiDotNet\src\AiDotNet.csproj::TargetFramework=net8.0]
C:\Users\yolan\source\repos\AiDotNet\src\Deployment\Techniques\ModelQuantizer.cs(430,45): error CS0121: The call is ambiguous between the following methods or properties: 'NeuralNetworkArchitecture<T>.NeuralNetworkArchitecture(NetworkComplexity, NeuralNetworkTaskType?, bool, List<ILayer<T>>?, bool, bool, string?)' and 'NeuralNetworkArchitecture<T>.NeuralNetworkArchitecture(NetworkComplexity)' [C:\Users\yolan\source\repos\AiDotNet\src\AiDotNet.csproj::TargetFramework=net8.0]
C:\Users\yolan\source\repos\AiDotNet\src\Deployment\Techniques\ModelQuantizer.cs(432,17): error CS0200: Property or indexer 'NeuralNetworkArchitecture<double>.Layers' cannot be assigned to -- it is read only [C:\Users\yolan\source\repos\AiDotNet\src\AiDotNet.csproj::TargetFramework=net8.0]
C:\Users\yolan\source\repos\AiDotNet\src\Deployment\Techniques\ModelQuantizer.cs(433,17): error CS0117: 'NeuralNetworkArchitecture<double>' does not contain a definition for 'LossFunction' [C:\Users\yolan\source\repos\AiDotNet\src\AiDotNet.csproj::TargetFramework=net8.0]
C:\Users\yolan\source\repos\AiDotNet\src\Deployment\Techniques\ModelQuantizer.cs(433,45): error CS1061: 'NeuralNetworkArchitecture<double>' does not contain a definition for 'LossFunction' and no accessible extension method 'LossFunction' accepting a first argument of type 'NeuralNetworkArchitecture<double>' could be found (are you missing a using directive or an assembly reference?) [C:\Users\yolan\source\repos\AiDotNet\src\AiDotNet.csproj::TargetFramework=net8.0]
C:\Users\yolan\source\repos\AiDotNet\src\Deployment\Techniques\ModelQuantizer.cs(434,17): error CS0117: 'NeuralNetworkArchitecture<double>' does not contain a definition for 'Optimizer' [C:\Users\yolan\source\repos\AiDotNet\src\AiDotNet.csproj::TargetFramework=net8.0]
C:\Users\yolan\source\repos\AiDotNet\src\Deployment\Techniques\ModelQuantizer.cs(434,42): error CS1061: 'NeuralNetworkArchitecture<double>' does not contain a definition for 'Optimizer' and no accessible extension method 'Optimizer' accepting a first argument of type 'NeuralNetworkArchitecture<double>' could be found (are you missing a using directive or an assembly reference?) [C:\Users\yolan\source\repos\AiDotNet\src\AiDotNet.csproj::TargetFramework=net8.0]
C:\Users\yolan\source\repos\AiDotNet\src\Deployment\Techniques\ModelQuantizer.cs(437,20): error CS0266: Cannot implicitly convert type 'AiDotNet.Interfaces.INeuralNetworkModel<double>' to 'AiDotNet.Interfaces.IFullModel<T, TInput, TOutput>'. An explicit conversion exists (are you missing a cast?) [C:\Users\yolan\source\repos\AiDotNet\src\AiDotNet.csproj::TargetFramework=net8.0]
C:\Users\yolan\source\repos\AiDotNet\src\Deployment\Techniques\ModelQuantizer.cs(423,35): error CS8602: Dereference of a possibly null reference. [C:\Users\yolan\source\repos\AiDotNet\src\AiDotNet.csproj::TargetFramework=net8.0]
C:\Users\yolan\source\repos\AiDotNet\src\Deployment\EdgeOptimizers\IoTOptimizer.cs(284,43): error CS8604: Possible null reference argument for parameter 'key' in 'IoTDeviceProfile Dictionary<string, IoTDeviceProfile>.this[string key]'. [C:\Users\yolan\source\repos\AiDotNet\src\AiDotNet.csproj::TargetFramework=net8.0]
C:\Users\yolan\source\repos\AiDotNet\src\AutoML\RandomSearchAutoML.cs(260,20): error CS0029: Cannot implicitly convert type 'void' to 'AiDotNet.Interfaces.IFullModel<T, TInput, TOutput>' [C:\Users\yolan\source\repos\AiDotNet\src\AiDotNet.csproj::TargetFramework=net8.0]
C:\Users\yolan\source\repos\AiDotNet\src\AutoML\NeuralArchitectureSearch.cs(319,84): error CS1739: The best overload for 'AdamOptimizer' does not have a parameter named 'learningRate' [C:\Users\yolan\source\repos\AiDotNet\src\AiDotNet.csproj::TargetFramework=net8.0]
C:\Users\yolan\source\repos\AiDotNet\src\AutoML\NeuralArchitectureSearch.cs(320,79): error CS1739: The best overload for 'AdamOptimizer' does not have a parameter named 'learningRate' [C:\Users\yolan\source\repos\AiDotNet\src\AiDotNet.csproj::TargetFramework=net8.0]
C:\Users\yolan\source\repos\AiDotNet\src\AutoML\NeuralArchitectureSearch.cs(327,39): error CS1501: No overload for method 'Step' takes 2 arguments [C:\Users\yolan\source\repos\AiDotNet\src\AiDotNet.csproj::TargetFramework=net8.0]
C:\Users\yolan\source\repos\AiDotNet\src\AutoML\NeuralArchitectureSearch.cs(332,34): error CS1501: No overload for method 'Step' takes 2 arguments [C:\Users\yolan\source\repos\AiDotNet\src\AiDotNet.csproj::TargetFramework=net8.0]
C:\Users\yolan\source\repos\AiDotNet\src\Deployment\CloudOptimizers\GCPOptimizer.cs(525,38): error CS0826: No best type found for implicitly-typed array [C:\Users\yolan\source\repos\AiDotNet\src\AiDotNet.csproj::TargetFramework=net8.0]
C:\Users\yolan\source\repos\AiDotNet\src\AutoML\NeuralArchitectureSearch.cs(380,31): error CS1061: 'BayesianOptimizationAutoML<T, Tensor<T>, Tensor<T>>' does not contain a definition for 'Search' and no accessible extension method 'Search' accepting a first argument of type 'BayesianOptimizationAutoML<T, Tensor<T>, Tensor<T>>' could be found (are you missing a using directive or an assembly reference?) [C:\Users\yolan\source\repos\AiDotNet\src\AiDotNet.csproj::TargetFramework=net8.0]
C:\Users\yolan\source\repos\AiDotNet\src\AutoML\NeuralArchitectureSearch.cs(383,45): error CS1061: 'BayesianOptimizationAutoML<T, Tensor<T>, Tensor<T>>' does not contain a definition for 'GetResults' and no accessible extension method 'GetResults' accepting a first argument of type 'BayesianOptimizationAutoML<T, Tensor<T>, Tensor<T>>' could be found (are you missing a using directive or an assembly reference?) [C:\Users\yolan\source\repos\AiDotNet\src\AiDotNet.csproj::TargetFramework=net8.0]
C:\Users\yolan\source\repos\AiDotNet\src\AutoML\NeuralArchitectureSearch.cs(403,76): error CS1739: The best overload for 'AdamOptimizer' does not have a parameter named 'learningRate' [C:\Users\yolan\source\repos\AiDotNet\src\AiDotNet.csproj::TargetFramework=net8.0]
C:\Users\yolan\source\repos\AiDotNet\src\AutoML\NeuralArchitectureSearch.cs(408,81): error CS1503: Argument 4: cannot convert from 'AiDotNet.Optimizers.AdamOptimizer<T, AiDotNet.LinearAlgebra.Tensor<T>, AiDotNet.LinearAlgebra.Tensor<T>>' to 'AiDotNet.Interfaces.IOptimizer<double, AiDotNet.LinearAlgebra.Tensor<double>, AiDotNet.LinearAlgebra.Tensor<double>>' [C:\Users\yolan\source\repos\AiDotNet\src\AiDotNet.csproj::TargetFramework=net8.0]
C:\Users\yolan\source\repos\AiDotNet\src\Deployment\Techniques\ModelQuantizer.cs(56,47): error CS8600: Converting null literal or possible null value to non-nullable type. [C:\Users\yolan\source\repos\AiDotNet\src\AiDotNet.csproj::TargetFramework=net8.0]
C:\Users\yolan\source\repos\AiDotNet\src\Deployment\Techniques\ModelQuantizer.cs(63,80): error CS8604: Possible null reference argument for parameter 'calibrationData' in 'Task<IFullModel<T, TInput, TOutput>> IQuantizationStrategy<T, TInput, TOutput>.QuantizeAsync(IFullModel<T, TInput, TOutput> model, QuantizationConfig config, CalibrationData calibrationData)'. [C:\Users\yolan\source\repos\AiDotNet\src\AiDotNet.csproj::TargetFramework=net8.0]
C:\Users\yolan\source\repos\AiDotNet\src\AutoML\NeuralArchitectureSearch.cs(439,31): error CS7036: There is no argument given that corresponds to the required parameter 'architecture' of 'NeuralNetwork<T>.NeuralNetwork(NeuralNetworkArchitecture<T>, ILossFunction<T>?)' [C:\Users\yolan\source\repos\AiDotNet\src\AiDotNet.csproj::TargetFramework=net8.0]
C:\Users\yolan\source\repos\AiDotNet\src\AutoML\NeuralArchitectureSearch.cs(466,20): error CS0266: Cannot implicitly convert type 'AiDotNet.NeuralNetworks.NeuralNetwork<T>' to 'AiDotNet.Interfaces.INeuralNetworkModel<double>'. An explicit conversion exists (are you missing a cast?) [C:\Users\yolan\source\repos\AiDotNet\src\AiDotNet.csproj::TargetFramework=net8.0]
C:\Users\yolan\source\repos\AiDotNet\src\Deployment\EdgeOptimizers\IoTOptimizer.cs(1125,39): error CS8625: Cannot convert null literal to non-nullable reference type. [C:\Users\yolan\source\repos\AiDotNet\src\AiDotNet.csproj::TargetFramework=net8.0]
C:\Users\yolan\source\repos\AiDotNet\src\AutoML\AutoMLModelBase.cs(511,67): error CS8978: 'T' cannot be made nullable. [C:\Users\yolan\source\repos\AiDotNet\src\AiDotNet.csproj::TargetFramework=net8.0]
C:\Users\yolan\source\repos\AiDotNet\src\AutoML\AutoMLModelBase.cs(512,75): error CS8978: 'T' cannot be made nullable. [C:\Users\yolan\source\repos\AiDotNet\src\AiDotNet.csproj::TargetFramework=net8.0]
C:\Users\yolan\source\repos\AiDotNet\src\AutoML\AutoMLModelBase.cs(513,79): error CS8978: 'T' cannot be made nullable. [C:\Users\yolan\source\repos\AiDotNet\src\AiDotNet.csproj::TargetFramework=net8.0]
C:\Users\yolan\source\repos\AiDotNet\src\AutoML\AutoMLModelBase.cs(514,76): error CS8978: 'T' cannot be made nullable. [C:\Users\yolan\source\repos\AiDotNet\src\AiDotNet.csproj::TargetFramework=net8.0]
C:\Users\yolan\source\repos\AiDotNet\src\AutoML\AutoMLModelBase.cs(515,72): error CS8978: 'T' cannot be made nullable. [C:\Users\yolan\source\repos\AiDotNet\src\AiDotNet.csproj::TargetFramework=net8.0]
C:\Users\yolan\source\repos\AiDotNet\src\AutoML\AutoMLModelBase.cs(516,66): error CS8978: 'T' cannot be made nullable. [C:\Users\yolan\source\repos\AiDotNet\src\AiDotNet.csproj::TargetFramework=net8.0]
C:\Users\yolan\source\repos\AiDotNet\src\AutoML\AutoMLModelBase.cs(517,68): error CS8978: 'T' cannot be made nullable. [C:\Users\yolan\source\repos\AiDotNet\src\AiDotNet.csproj::TargetFramework=net8.0]
C:\Users\yolan\source\repos\AiDotNet\src\AutoML\AutoMLModelBase.cs(518,65): error CS8978: 'T' cannot be made nullable. [C:\Users\yolan\source\repos\AiDotNet\src\AiDotNet.csproj::TargetFramework=net8.0]
C:\Users\yolan\source\repos\AiDotNet\src\AutoML\AutoMLModelBase.cs(519,62): error CS8978: 'T' cannot be made nullable. [C:\Users\yolan\source\repos\AiDotNet\src\AiDotNet.csproj::TargetFramework=net8.0]
C:\Users\yolan\source\repos\AiDotNet\src\Deployment\Techniques\ModelQuantizer.cs(125,73): error CS1503: Argument 1: cannot convert from 'AiDotNet.Interfaces.ILayer<double>' to 'AiDotNet.Interfaces.ILayer' [C:\Users\yolan\source\repos\AiDotNet\src\AiDotNet.csproj::TargetFramework=net8.0]
C:\Users\yolan\source\repos\AiDotNet\src\Deployment\Techniques\ModelQuantizer.cs(130,45): error CS0121: The call is ambiguous between the following methods or properties: 'NeuralNetworkArchitecture<T>.NeuralNetworkArchitecture(NetworkComplexity, NeuralNetworkTaskType?, bool, List<ILayer<T>>?, bool, bool, string?)' and 'NeuralNetworkArchitecture<T>.NeuralNetworkArchitecture(NetworkComplexity)' [C:\Users\yolan\source\repos\AiDotNet\src\AiDotNet.csproj::TargetFramework=net8.0]
C:\Users\yolan\source\repos\AiDotNet\src\Deployment\Techniques\ModelQuantizer.cs(132,17): error CS0200: Property or indexer 'NeuralNetworkArchitecture<double>.Layers' cannot be assigned to -- it is read only [C:\Users\yolan\source\repos\AiDotNet\src\AiDotNet.csproj::TargetFramework=net8.0]
C:\Users\yolan\source\repos\AiDotNet\src\Deployment\Techniques\ModelQuantizer.cs(133,17): error CS0117: 'NeuralNetworkArchitecture<double>' does not contain a definition for 'LossFunction' [C:\Users\yolan\source\repos\AiDotNet\src\AiDotNet.csproj::TargetFramework=net8.0]
C:\Users\yolan\source\repos\AiDotNet\src\Deployment\Techniques\ModelQuantizer.cs(133,45): error CS1061: 'NeuralNetworkArchitecture<double>' does not contain a definition for 'LossFunction' and no accessible extension method 'LossFunction' accepting a first argument of type 'NeuralNetworkArchitecture<double>' could be found (are you missing a using directive or an assembly reference?) [C:\Users\yolan\source\repos\AiDotNet\src\AiDotNet.csproj::TargetFramework=net8.0]
C:\Users\yolan\source\repos\AiDotNet\src\Deployment\Techniques\ModelQuantizer.cs(134,17): error CS0117: 'NeuralNetworkArchitecture<double>' does not contain a definition for 'Optimizer' [C:\Users\yolan\source\repos\AiDotNet\src\AiDotNet.csproj::TargetFramework=net8.0]
C:\Users\yolan\source\repos\AiDotNet\src\Deployment\Techniques\ModelQuantizer.cs(134,42): error CS1061: 'NeuralNetworkArchitecture<double>' does not contain a definition for 'Optimizer' and no accessible extension method 'Optimizer' accepting a first argument of type 'NeuralNetworkArchitecture<double>' could be found (are you missing a using directive or an assembly reference?) [C:\Users\yolan\source\repos\AiDotNet\src\AiDotNet.csproj::TargetFramework=net8.0]
C:\Users\yolan\source\repos\AiDotNet\src\Deployment\Techniques\ModelQuantizer.cs(138,20): error CS0308: The non-generic method 'ModelQuantizer<T, TInput, TOutput>.CreateQuantizedModel(IFullModel<T, TInput, TOutput>, NeuralNetworkArchitecture<double>)' cannot be used with type arguments [C:\Users\yolan\source\repos\AiDotNet\src\AiDotNet.csproj::TargetFramework=net8.0]
C:\Users\yolan\source\repos\AiDotNet\src\Deployment\Techniques\ModelQuantizer.cs(117,35): error CS8602: Dereference of a possibly null reference. [C:\Users\yolan\source\repos\AiDotNet\src\AiDotNet.csproj::TargetFramework=net8.0]
C:\Users\yolan\source\repos\AiDotNet\src\Deployment\EdgeOptimizers\IoTOptimizer.cs(1335,43): error CS8604: Possible null reference argument for parameter 'key' in 'IoTDeviceProfile Dictionary<string, IoTDeviceProfile>.this[string key]'. [C:\Users\yolan\source\repos\AiDotNet\src\AiDotNet.csproj::TargetFramework=net8.0]
C:\Users\yolan\source\repos\AiDotNet\src\Deployment\EdgeOptimizers\IoTOptimizer.cs(1359,43): error CS8604: Possible null reference argument for parameter 'key' in 'IoTDeviceProfile Dictionary<string, IoTDeviceProfile>.this[string key]'. [C:\Users\yolan\source\repos\AiDotNet\src\AiDotNet.csproj::TargetFramework=net8.0]
C:\Users\yolan\source\repos\AiDotNet\src\Deployment\Techniques\ModelQuantizer.cs(210,68): error CS1503: Argument 1: cannot convert from 'int' to 'string' [C:\Users\yolan\source\repos\AiDotNet\src\AiDotNet.csproj::TargetFramework=net8.0]
C:\Users\yolan\source\repos\AiDotNet\src\Deployment\Techniques\ModelQuantizer.cs(212,55): error CS1503: Argument 1: cannot convert from 'int' to 'string' [C:\Users\yolan\source\repos\AiDotNet\src\AiDotNet.csproj::TargetFramework=net8.0]
C:\Users\yolan\source\repos\AiDotNet\src\Deployment\Techniques\ModelQuantizer.cs(213,55): error CS1503: Argument 1: cannot convert from 'int' to 'string' [C:\Users\yolan\source\repos\AiDotNet\src\AiDotNet.csproj::TargetFramework=net8.0]
C:\Users\yolan\source\repos\AiDotNet\src\Deployment\Techniques\ModelQuantizer.cs(217,55): error CS1503: Argument 1: cannot convert from 'int' to 'string' [C:\Users\yolan\source\repos\AiDotNet\src\AiDotNet.csproj::TargetFramework=net8.0]
C:\Users\yolan\source\repos\AiDotNet\src\Deployment\Techniques\ModelQuantizer.cs(217,103): error CS1503: Argument 1: cannot convert from 'int' to 'string' [C:\Users\yolan\source\repos\AiDotNet\src\AiDotNet.csproj::TargetFramework=net8.0]
C:\Users\yolan\source\repos\AiDotNet\src\Deployment\Techniques\ModelQuantizer.cs(218,55): error CS1503: Argument 1: cannot convert from 'int' to 'string' [C:\Users\yolan\source\repos\AiDotNet\src\AiDotNet.csproj::TargetFramework=net8.0]
C:\Users\yolan\source\repos\AiDotNet\src\Deployment\Techniques\ModelQuantizer.cs(218,103): error CS1503: Argument 1: cannot convert from 'int' to 'string' [C:\Users\yolan\source\repos\AiDotNet\src\AiDotNet.csproj::TargetFramework=net8.0]
C:\Users\yolan\source\repos\AiDotNet\src\Deployment\Techniques\ModelQuantizer.cs(222,69): error CS1503: Argument 1: cannot convert from 'int' to 'string' [C:\Users\yolan\source\repos\AiDotNet\src\AiDotNet.csproj::TargetFramework=net8.0]
C:\Users\yolan\source\repos\AiDotNet\src\Deployment\Techniques\ModelQuantizer.cs(224,56): error CS1503: Argument 1: cannot convert from 'int' to 'string' [C:\Users\yolan\source\repos\AiDotNet\src\AiDotNet.csproj::TargetFramework=net8.0]
C:\Users\yolan\source\repos\AiDotNet\src\Deployment\Techniques\ModelQuantizer.cs(228,72): error CS1503: Argument 1: cannot convert from 'int' to 'string' [C:\Users\yolan\source\repos\AiDotNet\src\AiDotNet.csproj::TargetFramework=net8.0]
C:\Users\yolan\source\repos\AiDotNet\src\Statistics\ErrorStats.cs(851,36): error CS0121: The call is ambiguous between the following methods or properties: 'System.Linq.LinqExtensions.ToDictionary<TSource, TKey, TValue>(System.Collections.Generic.IEnumerable<TSource>, System.Func<TSource, TKey>, System.Func<TSource, TValue>)' and 'System.Linq.Enumerable.ToDictionary<TSource, TKey, TElement>(System.Collections.Generic.IEnumerable<TSource>, System.Func<TSource, TKey>, System.Func<TSource, TElement>)' [C:\Users\yolan\source\repos\AiDotNet\src\AiDotNet.csproj::TargetFramework=net8.0]
C:\Users\yolan\source\repos\AiDotNet\src\AutoML\NeuralArchitectureSearch.cs(645,20): error CS8603: Possible null reference return. [C:\Users\yolan\source\repos\AiDotNet\src\AiDotNet.csproj::TargetFramework=net8.0]
C:\Users\yolan\source\repos\AiDotNet\src\Deployment\Techniques\ModelQuantizer.cs(283,35): error CS8604: Possible null reference argument for parameter 'source' in 'int Enumerable.Sum<ILayer<double>>(IEnumerable<ILayer<double>> source, Func<ILayer<double>, int> selector)'. [C:\Users\yolan\source\repos\AiDotNet\src\AiDotNet.csproj::TargetFramework=net8.0]
C:\Users\yolan\source\repos\AiDotNet\src\Deployment\Techniques\ModelPruner.cs(125,61): error CS1503: Argument 1: cannot convert from 'AiDotNet.Interfaces.ILayer<T>' to 'AiDotNet.Interfaces.ILayer' [C:\Users\yolan\source\repos\AiDotNet\src\AiDotNet.csproj::TargetFramework=net8.0]
C:\Users\yolan\source\repos\AiDotNet\src\Deployment\Techniques\ModelPruner.cs(123,39): error CS8602: Dereference of a possibly null reference. [C:\Users\yolan\source\repos\AiDotNet\src\AiDotNet.csproj::TargetFramework=net8.0]
C:\Users\yolan\source\repos\AiDotNet\src\Deployment\Techniques\ModelPruner.cs(153,35): error CS8602: Dereference of a possibly null reference. [C:\Users\yolan\source\repos\AiDotNet\src\AiDotNet.csproj::TargetFramework=net8.0]
C:\Users\yolan\source\repos\AiDotNet\src\MultimodalAI\MultimodalModelBase.cs(134,24): error CS7036: There is no argument given that corresponds to the required parameter 'inputs' of 'ModelStats<double, Matrix<double>, Vector<double>>.ModelStats(ModelStatsInputs<double, Matrix<double>, Vector<double>>, ModelType, ModelStatsOptions?)' [C:\Users\yolan\source\repos\AiDotNet\src\AiDotNet.csproj::TargetFramework=net8.0]
C:\Users\yolan\source\repos\AiDotNet\src\MultimodalAI\MultimodalModelBase.cs(136,17): error CS0117: 'ModelStats<double, Matrix<double>, Vector<double>>' does not contain a definition for 'Name' [C:\Users\yolan\source\repos\AiDotNet\src\AiDotNet.csproj::TargetFramework=net8.0]
C:\Users\yolan\source\repos\AiDotNet\src\MultimodalAI\MultimodalModelBase.cs(137,17): error CS0117: 'ModelStats<double, Matrix<double>, Vector<double>>' does not contain a definition for 'Type' [C:\Users\yolan\source\repos\AiDotNet\src\AiDotNet.csproj::TargetFramework=net8.0]
C:\Users\yolan\source\repos\AiDotNet\src\MultimodalAI\MultimodalModelBase.cs(138,17): error CS0117: 'ModelStats<double, Matrix<double>, Vector<double>>' does not contain a definition for 'Timestamp' [C:\Users\yolan\source\repos\AiDotNet\src\AiDotNet.csproj::TargetFramework=net8.0]
C:\Users\yolan\source\repos\AiDotNet\src\Deployment\Techniques\ModelPruner.cs(175,33): error CS0266: Cannot implicitly convert type 'AiDotNet.Interfaces.IFullModel<T, TInput, TOutput>' to 'AiDotNet.Interfaces.IFullModel<double, AiDotNet.LinearAlgebra.Matrix<double>, AiDotNet.LinearAlgebra.Vector<double>>'. An explicit conversion exists (are you missing a cast?) [C:\Users\yolan\source\repos\AiDotNet\src\AiDotNet.csproj::TargetFramework=net8.0]
C:\Users\yolan\source\repos\AiDotNet\src\Deployment\Techniques\ModelPruner.cs(187,73): error CS1503: Argument 1: cannot convert from 'AiDotNet.Interfaces.ILayer<T>' to 'AiDotNet.Interfaces.ILayer' [C:\Users\yolan\source\repos\AiDotNet\src\AiDotNet.csproj::TargetFramework=net8.0]
C:\Users\yolan\source\repos\AiDotNet\src\Deployment\Techniques\ModelPruner.cs(199,20): error CS0029: Cannot implicitly convert type 'AiDotNet.Deployment.Techniques.SparseModel<double, AiDotNet.LinearAlgebra.Matrix<double>, AiDotNet.LinearAlgebra.Vector<double>>' to 'AiDotNet.Deployment.Techniques.SparseModel<T, TInput, TOutput>' [C:\Users\yolan\source\repos\AiDotNet\src\AiDotNet.csproj::TargetFramework=net8.0]
C:\Users\yolan\source\repos\AiDotNet\src\Deployment\Techniques\ModelPruner.cs(184,39): error CS8602: Dereference of a possibly null reference. [C:\Users\yolan\source\repos\AiDotNet\src\AiDotNet.csproj::TargetFramework=net8.0]
C:\Users\yolan\source\repos\AiDotNet\src\AutoML\BayesianOptimizationAutoML.cs(582,20): error CS0029: Cannot implicitly convert type 'void' to 'AiDotNet.Interfaces.IFullModel<T, TInput, TOutput>' [C:\Users\yolan\source\repos\AiDotNet\src\AiDotNet.csproj::TargetFramework=net8.0]
C:\Users\yolan\source\repos\AiDotNet\src\ProductionMonitoring\RetrainingRecommender.cs(175,58): error CS1998: This async method lacks 'await' operators and will run synchronously. Consider using the 'await' operator to await non-blocking API calls, or 'await Task.Run(...)' to do CPU-bound work on a background thread. [C:\Users\yolan\source\repos\AiDotNet\src\AiDotNet.csproj::TargetFramework=net8.0]
C:\Users\yolan\source\repos\AiDotNet\src\ProductionMonitoring\RetrainingRecommender.cs(187,58): error CS1998: This async method lacks 'await' operators and will run synchronously. Consider using the 'await' operator to await non-blocking API calls, or 'await Task.Run(...)' to do CPU-bound work on a background thread. [C:\Users\yolan\source\repos\AiDotNet\src\AiDotNet.csproj::TargetFramework=net8.0]
C:\Users\yolan\source\repos\AiDotNet\src\Pipeline\Steps\ParallelProcessingStep.cs(339,60): error CS0117: 'StatisticsHelper<double>' does not contain a definition for 'Variance' [C:\Users\yolan\source\repos\AiDotNet\src\AiDotNet.csproj::TargetFramework=net8.0]
C:\Users\yolan\source\repos\AiDotNet\src\Deployment\Techniques\ModelPruner.cs(250,24): error CS8604: Possible null reference argument for parameter 'source' in 'long Enumerable.Sum<ILayer<T>>(IEnumerable<ILayer<T>> source, Func<ILayer<T>, long> selector)'. [C:\Users\yolan\source\repos\AiDotNet\src\AiDotNet.csproj::TargetFramework=net8.0]
C:\Users\yolan\source\repos\AiDotNet\src\MultimodalAI\MultimodalData.cs(111,20): error CS8603: Possible null reference return. [C:\Users\yolan\source\repos\AiDotNet\src\AiDotNet.csproj::TargetFramework=net8.0]
C:\Users\yolan\source\repos\AiDotNet\src\PredictionModelBuilder.cs(776,13): error CS8604: Possible null reference argument for parameter 'args' in 'void ILogging.Debug(string message, params object[] args)'. [C:\Users\yolan\source\repos\AiDotNet\src\AiDotNet.csproj::TargetFramework=net8.0]
C:\Users\yolan\source\repos\AiDotNet\src\PredictionModelBuilder.cs(776,38): error CS8604: Possible null reference argument for parameter 'args' in 'void ILogging.Debug(string message, params object[] args)'. [C:\Users\yolan\source\repos\AiDotNet\src\AiDotNet.csproj::TargetFramework=net8.0]
C:\Users\yolan\source\repos\AiDotNet\src\PredictionModelBuilder.cs(859,13): error CS8604: Possible null reference argument for parameter 'args' in 'void ILogging.Debug(string message, params object[] args)'. [C:\Users\yolan\source\repos\AiDotNet\src\AiDotNet.csproj::TargetFramework=net8.0]
C:\Users\yolan\source\repos\AiDotNet\src\NeuralNetworks\VisionTransformer.cs(731,49): error CS1061: 'LayerType' does not contain a definition for 'Attention' and no accessible extension method 'Attention' accepting a first argument of type 'LayerType' could be found (are you missing a using directive or an assembly reference?) [C:\Users\yolan\source\repos\AiDotNet\src\AiDotNet.csproj::TargetFramework=net8.0]
C:\Users\yolan\source\repos\AiDotNet\src\PredictionModelBuilder.cs(932,25): error CS8604: Possible null reference argument for parameter 'args' in 'void ILogging.Information(string message, params object[] args)'. [C:\Users\yolan\source\repos\AiDotNet\src\AiDotNet.csproj::TargetFramework=net8.0]
C:\Users\yolan\source\repos\AiDotNet\src\PredictionModelBuilder.cs(932,38): error CS8604: Possible null reference argument for parameter 'args' in 'void ILogging.Information(string message, params object[] args)'. [C:\Users\yolan\source\repos\AiDotNet\src\AiDotNet.csproj::TargetFramework=net8.0]
C:\Users\yolan\source\repos\AiDotNet\src\Deployment\Techniques\ModelPruner.cs(361,74): error CS0119: 'Extensions.Value<U>(IEnumerable<JToken>)' is a method, which is not valid in the given context [C:\Users\yolan\source\repos\AiDotNet\src\AiDotNet.csproj::TargetFramework=net8.0]
C:\Users\yolan\source\repos\AiDotNet\src\MultimodalAI\LateFusionMultimodal.cs(105,31): error CS8602: Dereference of a possibly null reference. [C:\Users\yolan\source\repos\AiDotNet\src\AiDotNet.csproj::TargetFramework=net8.0]
C:\Users\yolan\source\repos\AiDotNet\src\ProductionMonitoring\RetrainingRecommender.cs(317,48): error CS1998: This async method lacks 'await' operators and will run synchronously. Consider using the 'await' operator to await non-blocking API calls, or 'await Task.Run(...)' to do CPU-bound work on a background thread. [C:\Users\yolan\source\repos\AiDotNet\src\AiDotNet.csproj::TargetFramework=net8.0]
C:\Users\yolan\source\repos\AiDotNet\src\MultimodalAI\LateFusionMultimodal.cs(153,80): error CS8625: Cannot convert null literal to non-nullable reference type. [C:\Users\yolan\source\repos\AiDotNet\src\AiDotNet.csproj::TargetFramework=net8.0]
C:\Users\yolan\source\repos\AiDotNet\src\MultimodalAI\LateFusionMultimodal.cs(161,34): error CS8602: Dereference of a possibly null reference. [C:\Users\yolan\source\repos\AiDotNet\src\AiDotNet.csproj::TargetFramework=net8.0]
C:\Users\yolan\source\repos\AiDotNet\src\MultimodalAI\LateFusionMultimodal.cs(208,20): error CS0266: Cannot implicitly convert type 'AiDotNet.MultimodalAI.LateFusionMultimodal' to 'AiDotNet.Interfaces.IFullModel<double, System.Collections.Generic.Dictionary<string, object>, AiDotNet.LinearAlgebra.Vector<double>>'. An explicit conversion exists (are you missing a cast?) [C:\Users\yolan\source\repos\AiDotNet\src\AiDotNet.csproj::TargetFramework=net8.0]
C:\Users\yolan\source\repos\AiDotNet\src\ProductionMonitoring\RetrainingRecommender.cs(396,53): error CS0121: The call is ambiguous between the following methods or properties: 'System.Linq.LinqExtensions.LastOrDefault<T>(System.Collections.Generic.IEnumerable<T>)' and 'System.Linq.Enumerable.LastOrDefault<TSource>(System.Collections.Generic.IEnumerable<TSource>)' [C:\Users\yolan\source\repos\AiDotNet\src\AiDotNet.csproj::TargetFramework=net8.0]
C:\Users\yolan\source\repos\AiDotNet\src\Pipeline\Steps\DataValidationStep.cs(85,61): error CS0117: 'StatisticsHelper<double>' does not contain a definition for 'Mean' [C:\Users\yolan\source\repos\AiDotNet\src\AiDotNet.csproj::TargetFramework=net8.0]
C:\Users\yolan\source\repos\AiDotNet\src\Pipeline\Steps\DataValidationStep.cs(86,63): error CS0117: 'StatisticsHelper<double>' does not contain a definition for 'StandardDeviation' [C:\Users\yolan\source\repos\AiDotNet\src\AiDotNet.csproj::TargetFramework=net8.0]
C:\Users\yolan\source\repos\AiDotNet\src\MultimodalAI\LateFusionMultimodal.cs(249,43): error CS0121: The call is ambiguous between the following methods or properties: 'System.Linq.LinqExtensions.ToDictionary<TSource, TKey, TValue>(System.Collections.Generic.IEnumerable<TSource>, System.Func<TSource, TKey>, System.Func<TSource, TValue>)' and 'System.Linq.Enumerable.ToDictionary<TSource, TKey, TElement>(System.Collections.Generic.IEnumerable<TSource>, System.Func<TSource, TKey>, System.Func<TSource, TElement>)' [C:\Users\yolan\source\repos\AiDotNet\src\AiDotNet.csproj::TargetFramework=net8.0]
C:\Users\yolan\source\repos\AiDotNet\src\Pipeline\Steps\DataValidationStep.cs(295,57): error CS0117: 'StatisticsHelper<double>' does not contain a definition for 'StandardDeviation' [C:\Users\yolan\source\repos\AiDotNet\src\AiDotNet.csproj::TargetFramework=net8.0]
C:\Users\yolan\source\repos\AiDotNet\src\NeuralNetworks\VisionTransformer.cs(99,40): error CS1501: No overload for method 'Repeat' takes 3 arguments [C:\Users\yolan\source\repos\AiDotNet\src\AiDotNet.csproj::TargetFramework=net8.0]
C:\Users\yolan\source\repos\AiDotNet\src\NeuralNetworks\VisionTransformer.cs(100,45): error CS1503: Argument 1: cannot convert from 'AiDotNet.LinearAlgebra.Vector<T>' to 'AiDotNet.LinearAlgebra.Tensor<double>' [C:\Users\yolan\source\repos\AiDotNet\src\AiDotNet.csproj::TargetFramework=net8.0]
C:\Users\yolan\source\repos\AiDotNet\src\PredictionModelBuilder.cs(1065,42): error CS1061: 'IMultimodalModel<T, TInput, TOutput>' does not contain a definition for 'AddModality' and no accessible extension method 'AddModality' accepting a first argument of type 'IMultimodalModel<T, TInput, TOutput>' could be found (are you missing a using directive or an assembly reference?) [C:\Users\yolan\source\repos\AiDotNet\src\AiDotNet.csproj::TargetFramework=net8.0]
C:\Users\yolan\source\repos\AiDotNet\src\PredictionModelBuilder.cs(1068,34): error CS1061: 'IMultimodalModel<T, TInput, TOutput>' does not contain a definition for 'SetFusionStrategy' and no accessible extension method 'SetFusionStrategy' accepting a first argument of type 'IMultimodalModel<T, TInput, TOutput>' could be found (are you missing a using directive or an assembly reference?) [C:\Users\yolan\source\repos\AiDotNet\src\AiDotNet.csproj::TargetFramework=net8.0]
C:\Users\yolan\source\repos\AiDotNet\src\PredictionModelBuilder.cs(1080,38): error CS1061: 'IFoundationModel<T, TInput, TOutput>' does not contain a definition for 'ConfigureFineTuning' and no accessible extension method 'ConfigureFineTuning' accepting a first argument of type 'IFoundationModel<T, TInput, TOutput>' could be found (are you missing a using directive or an assembly reference?) [C:\Users\yolan\source\repos\AiDotNet\src\AiDotNet.csproj::TargetFramework=net8.0]
C:\Users\yolan\source\repos\AiDotNet\src\PredictionModelBuilder.cs(1098,34): error CS1061: 'IAutoMLModel<T, TInput, TOutput>' does not contain a definition for 'ConfigureSearchSpace' and no accessible extension method 'ConfigureSearchSpace' accepting a first argument of type 'IAutoMLModel<T, TInput, TOutput>' could be found (are you missing a using directive or an assembly reference?) [C:\Users\yolan\source\repos\AiDotNet\src\AiDotNet.csproj::TargetFramework=net8.0]
C:\Users\yolan\source\repos\AiDotNet\src\PredictionModelBuilder.cs(1102,34): error CS1061: 'IAutoMLModel<T, TInput, TOutput>' does not contain a definition for 'SetTimeLimit' and no accessible extension method 'SetTimeLimit' accepting a first argument of type 'IAutoMLModel<T, TInput, TOutput>' could be found (are you missing a using directive or an assembly reference?) [C:\Users\yolan\source\repos\AiDotNet\src\AiDotNet.csproj::TargetFramework=net8.0]
C:\Users\yolan\source\repos\AiDotNet\src\PredictionModelBuilder.cs(1106,34): error CS1061: 'IAutoMLModel<T, TInput, TOutput>' does not contain a definition for 'SetTrialLimit' and no accessible extension method 'SetTrialLimit' accepting a first argument of type 'IAutoMLModel<T, TInput, TOutput>' could be found (are you missing a using directive or an assembly reference?) [C:\Users\yolan\source\repos\AiDotNet\src\AiDotNet.csproj::TargetFramework=net8.0]
C:\Users\yolan\source\repos\AiDotNet\src\PredictionModelBuilder.cs(1110,34): error CS1061: 'IAutoMLModel<T, TInput, TOutput>' does not contain a definition for 'EnableNAS' and no accessible extension method 'EnableNAS' accepting a first argument of type 'IAutoMLModel<T, TInput, TOutput>' could be found (are you missing a using directive or an assembly reference?) [C:\Users\yolan\source\repos\AiDotNet\src\AiDotNet.csproj::TargetFramework=net8.0]
C:\Users\yolan\source\repos\AiDotNet\src\PredictionModelBuilder.cs(1114,38): error CS1061: 'IAutoMLModel<T, TInput, TOutput>' does not contain a definition for 'SearchBestModel' and no accessible extension method 'SearchBestModel' accepting a first argument of type 'IAutoMLModel<T, TInput, TOutput>' could be found (are you missing a using directive or an assembly reference?) [C:\Users\yolan\source\repos\AiDotNet\src\AiDotNet.csproj::TargetFramework=net8.0]
C:\Users\yolan\source\repos\AiDotNet\src\PredictionModelBuilder.cs(1140,37): error CS1061: 'IInterpretableModel<T, TInput, TOutput>' does not contain a definition for 'SetBaseModel' and no accessible extension method 'SetBaseModel' accepting a first argument of type 'IInterpretableModel<T, TInput, TOutput>' could be found (are you missing a using directive or an assembly reference?) [C:\Users\yolan\source\repos\AiDotNet\src\AiDotNet.csproj::TargetFramework=net8.0]
C:\Users\yolan\source\repos\AiDotNet\src\PredictionModelBuilder.cs(1145,45): error CS1061: 'IInterpretableModel<T, TInput, TOutput>' does not contain a definition for 'EnableMethod' and no accessible extension method 'EnableMethod' accepting a first argument of type 'IInterpretableModel<T, TInput, TOutput>' could be found (are you missing a using directive or an assembly reference?) [C:\Users\yolan\source\repos\AiDotNet\src\AiDotNet.csproj::TargetFramework=net8.0]
C:\Users\yolan\source\repos\AiDotNet\src\PredictionModelBuilder.cs(1150,41): error CS1061: 'IInterpretableModel<T, TInput, TOutput>' does not contain a definition for 'ConfigureFairness' and no accessible extension method 'ConfigureFairness' accepting a first argument of type 'IInterpretableModel<T, TInput, TOutput>' could be found (are you missing a using directive or an assembly reference?) [C:\Users\yolan\source\repos\AiDotNet\src\AiDotNet.csproj::TargetFramework=net8.0]
C:\Users\yolan\source\repos\AiDotNet\src\PredictionModelBuilder.cs(1152,25): error CS0266: Cannot implicitly convert type 'AiDotNet.Interfaces.IInterpretableModel<T, TInput, TOutput>' to 'AiDotNet.Interfaces.IFullModel<T, TInput, TOutput>'. An explicit conversion exists (are you missing a cast?) [C:\Users\yolan\source\repos\AiDotNet\src\AiDotNet.csproj::TargetFramework=net8.0]
C:\Users\yolan\source\repos\AiDotNet\src\PredictionModelBuilder.cs(1161,40): error CS1061: 'IProductionMonitor<T, TInput, TOutput>' does not contain a definition for 'ConfigureDriftDetection' and no accessible extension method 'ConfigureDriftDetection' accepting a first argument of type 'IProductionMonitor<T, TInput, TOutput>' could be found (are you missing a using directive or an assembly reference?) [C:\Users\yolan\source\repos\AiDotNet\src\AiDotNet.csproj::TargetFramework=net8.0]
C:\Users\yolan\source\repos\AiDotNet\src\PredictionModelBuilder.cs(1165,40): error CS1061: 'IProductionMonitor<T, TInput, TOutput>' does not contain a definition for 'ConfigureRetraining' and no accessible extension method 'ConfigureRetraining' accepting a first argument of type 'IProductionMonitor<T, TInput, TOutput>' could be found (are you missing a using directive or an assembly reference?) [C:\Users\yolan\source\repos\AiDotNet\src\AiDotNet.csproj::TargetFramework=net8.0]
C:\Users\yolan\source\repos\AiDotNet\src\PredictionModelBuilder.cs(1210,57): error CS1061: 'IPipelineStep<T, TInput, TOutput>' does not contain a definition for 'FitTransform' and no accessible extension method 'FitTransform' accepting a first argument of type 'IPipelineStep<T, TInput, TOutput>' could be found (are you missing a using directive or an assembly reference?) [C:\Users\yolan\source\repos\AiDotNet\src\AiDotNet.csproj::TargetFramework=net8.0]
C:\Users\yolan\source\repos\AiDotNet\src\NeuralNetworks\VisionTransformer.cs(162,40): error CS1501: No overload for method 'Repeat' takes 3 arguments [C:\Users\yolan\source\repos\AiDotNet\src\AiDotNet.csproj::TargetFramework=net8.0]
C:\Users\yolan\source\repos\AiDotNet\src\NeuralNetworks\VisionTransformer.cs(163,45): error CS1503: Argument 1: cannot convert from 'AiDotNet.LinearAlgebra.Vector<T>' to 'AiDotNet.LinearAlgebra.Tensor<double>' [C:\Users\yolan\source\repos\AiDotNet\src\AiDotNet.csproj::TargetFramework=net8.0]
C:\Users\yolan\source\repos\AiDotNet\src\ProductionMonitoring\RetrainingRecommender.cs(430,54): error CS1998: This async method lacks 'await' operators and will run synchronously. Consider using the 'await' operator to await non-blocking API calls, or 'await Task.Run(...)' to do CPU-bound work on a background thread. [C:\Users\yolan\source\repos\AiDotNet\src\AiDotNet.csproj::TargetFramework=net8.0]
C:\Users\yolan\source\repos\AiDotNet\src\PredictionModelBuilder.cs(1485,17): error CS0019: Operator '!=' cannot be applied to operands of type 'T' and '<null>' [C:\Users\yolan\source\repos\AiDotNet\src\AiDotNet.csproj::TargetFramework=net8.0]
C:\Users\yolan\source\repos\AiDotNet\src\Pipeline\Steps\CachingStep.cs(353,24): error CS0104: 'JsonSerializer' is an ambiguous reference between 'Newtonsoft.Json.JsonSerializer' and 'System.Text.Json.JsonSerializer' [C:\Users\yolan\source\repos\AiDotNet\src\AiDotNet.csproj::TargetFramework=net8.0]
C:\Users\yolan\source\repos\AiDotNet\src\Pipeline\Steps\CachingStep.cs(363,20): error CS0104: 'JsonSerializer' is an ambiguous reference between 'Newtonsoft.Json.JsonSerializer' and 'System.Text.Json.JsonSerializer' [C:\Users\yolan\source\repos\AiDotNet\src\AiDotNet.csproj::TargetFramework=net8.0]
C:\Users\yolan\source\repos\AiDotNet\src\ProductionMonitoring\RetrainingRecommender.cs(533,18): error CS0121: The call is ambiguous between the following methods or properties: 'System.Linq.LinqExtensions.ToDictionary<TSource, TKey, TValue>(System.Collections.Generic.IEnumerable<TSource>, System.Func<TSource, TKey>, System.Func<TSource, TValue>)' and 'System.Linq.Enumerable.ToDictionary<TSource, TKey, TElement>(System.Collections.Generic.IEnumerable<TSource>, System.Func<TSource, TKey>, System.Func<TSource, TElement>)' [C:\Users\yolan\source\repos\AiDotNet\src\AiDotNet.csproj::TargetFramework=net8.0]
C:\Users\yolan\source\repos\AiDotNet\src\NeuralNetworks\VisionTransformer.cs(435,91): error CS1503: Argument 2: cannot convert from 'double[]' to 'AiDotNet.LinearAlgebra.Vector<double>' [C:\Users\yolan\source\repos\AiDotNet\src\AiDotNet.csproj::TargetFramework=net8.0]
C:\Users\yolan\source\repos\AiDotNet\src\NeuralNetworks\VisionTransformer.cs(444,71): error CS1503: Argument 2: cannot convert from 'double[]' to 'AiDotNet.LinearAlgebra.Vector<double>' [C:\Users\yolan\source\repos\AiDotNet\src\AiDotNet.csproj::TargetFramework=net8.0]
C:\Users\yolan\source\repos\AiDotNet\src\ProductionMonitoring\RetrainingRecommender.cs(804,36): error CS1998: This async method lacks 'await' operators and will run synchronously. Consider using the 'await' operator to await non-blocking API calls, or 'await Task.Run(...)' to do CPU-bound work on a background thread. [C:\Users\yolan\source\repos\AiDotNet\src\AiDotNet.csproj::TargetFramework=net8.0]
C:\Users\yolan\source\repos\AiDotNet\src\ProductionMonitoring\ProductionMonitorBase.cs(157,24): error CS0029: Cannot implicitly convert type 'System.Threading.Tasks.Task<AiDotNet.Interfaces.MonitoringMetricsCollection>' to 'AiDotNet.Interfaces.MonitoringMetricsCollection' [C:\Users\yolan\source\repos\AiDotNet\src\AiDotNet.csproj::TargetFramework=net8.0]
C:\Users\yolan\source\repos\AiDotNet\src\ProductionMonitoring\ProductionMonitorBase.cs(139,64): error CS1998: This async method lacks 'await' operators and will run synchronously. Consider using the 'await' operator to await non-blocking API calls, or 'await Task.Run(...)' to do CPU-bound work on a background thread. [C:\Users\yolan\source\repos\AiDotNet\src\AiDotNet.csproj::TargetFramework=net8.0]
C:\Users\yolan\source\repos\AiDotNet\src\ProductionMonitoring\ProductionMonitorBase.cs(237,47): error CS8629: Nullable value type may be null. [C:\Users\yolan\source\repos\AiDotNet\src\AiDotNet.csproj::TargetFramework=net8.0]
C:\Users\yolan\source\repos\AiDotNet\src\Reasoning\ReasoningModelBase.cs(125,45): error CS0121: The call is ambiguous between the following methods or properties: 'System.Linq.LinqExtensions.LastOrDefault<T>(System.Collections.Generic.IEnumerable<T>)' and 'System.Linq.Enumerable.LastOrDefault<TSource>(System.Collections.Generic.IEnumerable<TSource>)' [C:\Users\yolan\source\repos\AiDotNet\src\AiDotNet.csproj::TargetFramework=net8.0]
C:\Users\yolan\source\repos\AiDotNet\src\Reasoning\ReasoningModelBase.cs(135,20): error CS8619: Nullability of reference types in value of type '?' doesn't match target type 'Tensor<T>'. [C:\Users\yolan\source\repos\AiDotNet\src\AiDotNet.csproj::TargetFramework=net8.0]
C:\Users\yolan\source\repos\AiDotNet\src\ProductionMonitoring\PerformanceMonitor.cs(163,58): error CS1998: This async method lacks 'await' operators and will run synchronously. Consider using the 'await' operator to await non-blocking API calls, or 'await Task.Run(...)' to do CPU-bound work on a background thread. [C:\Users\yolan\source\repos\AiDotNet\src\AiDotNet.csproj::TargetFramework=net8.0]
C:\Users\yolan\source\repos\AiDotNet\src\Reasoning\IterativeRefinementModel.cs(277,56): error CS0121: The call is ambiguous between the following methods or properties: 'System.Linq.LinqExtensions.LastOrDefault<T>(System.Collections.Generic.IEnumerable<T>)' and 'System.Linq.Enumerable.LastOrDefault<TSource>(System.Collections.Generic.IEnumerable<TSource>)' [C:\Users\yolan\source\repos\AiDotNet\src\AiDotNet.csproj::TargetFramework=net8.0]
C:\Users\yolan\source\repos\AiDotNet\src\Examples\ModernAIExample.cs(76,37): error CS1503: Argument 1: cannot convert from 'AiDotNet.Interfaces.FineTuningConfig' to 'AiDotNet.Models.Options.FineTuningOptions<double>' [C:\Users\yolan\source\repos\AiDotNet\src\AiDotNet.csproj::TargetFramework=net8.0]
C:\Users\yolan\source\repos\AiDotNet\src\Examples\ModernAIExample.cs(111,36): error CS1503: Argument 1: cannot convert from 'AiDotNet.Examples.CLIPMultimodalModel<double>' to 'AiDotNet.Interfaces.IMultimodalModel<double, AiDotNet.Examples.MultimodalInput<double>, AiDotNet.LinearAlgebra.Vector<double>>' [C:\Users\yolan\source\repos\AiDotNet\src\AiDotNet.csproj::TargetFramework=net8.0]
C:\Users\yolan\source\repos\AiDotNet\src\Examples\ModernAIExample.cs(159,49): error CS1061: 'IInterpretableModel<double, Matrix<double>, Vector<double>>' does not contain a definition for 'GetFeatureImportance' and no accessible extension method 'GetFeatureImportance' accepting a first argument of type 'IInterpretableModel<double, Matrix<double>, Vector<double>>' could be found (are you missing a using directive or an assembly reference?) [C:\Users\yolan\source\repos\AiDotNet\src\AiDotNet.csproj::TargetFramework=net8.0]
C:\Users\yolan\source\repos\AiDotNet\src\Examples\ModernAIExample.cs(203,38): error CS1061: 'IProductionMonitor<double, Matrix<double>, Vector<double>>' does not contain a definition for 'CheckDataDrift' and no accessible extension method 'CheckDataDrift' accepting a first argument of type 'IProductionMonitor<double, Matrix<double>, Vector<double>>' could be found (are you missing a using directive or an assembly reference?) [C:\Users\yolan\source\repos\AiDotNet\src\AiDotNet.csproj::TargetFramework=net8.0]
C:\Users\yolan\source\repos\AiDotNet\src\Examples\ModernAIExample.cs(206,25): error CS1061: 'IProductionMonitor<double, Matrix<double>, Vector<double>>' does not contain a definition for 'ShouldRetrain' and no accessible extension method 'ShouldRetrain' accepting a first argument of type 'IProductionMonitor<double, Matrix<double>, Vector<double>>' could be found (are you missing a using directive or an assembly reference?) [C:\Users\yolan\source\repos\AiDotNet\src\AiDotNet.csproj::TargetFramework=net8.0]
C:\Users\yolan\source\repos\AiDotNet\src\Examples\ModernAIExample.cs(236,35): error CS7036: There is no argument given that corresponds to the required parameter 'architecture' of 'NeuralNetworkModel<double>.NeuralNetworkModel(NeuralNetworkArchitecture<double>)' [C:\Users\yolan\source\repos\AiDotNet\src\AiDotNet.csproj::TargetFramework=net8.0]
C:\Users\yolan\source\repos\AiDotNet\src\Examples\ModernAIExample.cs(244,34): error CS7036: There is no argument given that corresponds to the required parameter 'architecture' of 'NeuralNetworkModel<double>.NeuralNetworkModel(NeuralNetworkArchitecture<double>)' [C:\Users\yolan\source\repos\AiDotNet\src\AiDotNet.csproj::TargetFramework=net8.0]
C:\Users\yolan\source\repos\AiDotNet\src\Examples\ModernAIExample.cs(308,21): error CS1061: 'IPredictionModelBuilder<double, Matrix<double>, Vector<double>>' does not contain a definition for 'SetModel' and no accessible extension method 'SetModel' accepting a first argument of type 'IPredictionModelBuilder<double, Matrix<double>, Vector<double>>' could be found (are you missing a using directive or an assembly reference?) [C:\Users\yolan\source\repos\AiDotNet\src\AiDotNet.csproj::TargetFramework=net8.0]
C:\Users\yolan\source\repos\AiDotNet\src\Examples\ModernAIExample.cs(309,44): error CS7036: There is no argument given that corresponds to the required parameter 'model' of 'GradientDescentOptimizer<double, Matrix<double>, Vector<double>>.GradientDescentOptimizer(IFullModel<double, Matrix<double>, Vector<double>>, GradientDescentOptimizerOptions<double, Matrix<double>, Vector<double>>?)' [C:\Users\yolan\source\repos\AiDotNet\src\AiDotNet.csproj::TargetFramework=net8.0]
C:\Users\yolan\source\repos\AiDotNet\src\Examples\ModernAIExample.cs(312,21): error CS1061: 'IPredictionModelBuilder<double, Matrix<double>, Vector<double>>' does not contain a definition for 'SetModel' and no accessible extension method 'SetModel' accepting a first argument of type 'IPredictionModelBuilder<double, Matrix<double>, Vector<double>>' could be found (are you missing a using directive or an assembly reference?) [C:\Users\yolan\source\repos\AiDotNet\src\AiDotNet.csproj::TargetFramework=net8.0]
C:\Users\yolan\source\repos\AiDotNet\src\Examples\ModernAIExample.cs(313,44): error CS7036: There is no argument given that corresponds to the required parameter 'model' of 'AdamOptimizer<double, Matrix<double>, Vector<double>>.AdamOptimizer(IFullModel<double, Matrix<double>, Vector<double>>, AdamOptimizerOptions<double, Matrix<double>, Vector<double>>?)' [C:\Users\yolan\source\repos\AiDotNet\src\AiDotNet.csproj::TargetFramework=net8.0]
C:\Users\yolan\source\repos\AiDotNet\src\Examples\FederatedLearningExample.cs(170,41): error CS1501: No overload for method 'NextGaussian' takes 2 arguments [C:\Users\yolan\source\repos\AiDotNet\src\AiDotNet.csproj::TargetFramework=net8.0]
C:\Users\yolan\source\repos\AiDotNet\src\ProductionMonitoring\PerformanceMonitor.cs(481,36): error CS1998: This async method lacks 'await' operators and will run synchronously. Consider using the 'await' operator to await non-blocking API calls, or 'await Task.Run(...)' to do CPU-bound work on a background thread. [C:\Users\yolan\source\repos\AiDotNet\src\AiDotNet.csproj::TargetFramework=net8.0]
C:\Users\yolan\source\repos\AiDotNet\src\Examples\FederatedLearningExample.cs(231,43): error CS0121: The call is ambiguous between the following methods or properties: 'System.Linq.LinqExtensions.ToDictionary<TSource, TKey, TValue>(System.Collections.Generic.IEnumerable<TSource>, System.Func<TSource, TKey>, System.Func<TSource, TValue>)' and 'System.Linq.Enumerable.ToDictionary<TSource, TKey, TElement>(System.Collections.Generic.IEnumerable<TSource>, System.Func<TSource, TKey>, System.Func<TSource, TElement>)' [C:\Users\yolan\source\repos\AiDotNet\src\AiDotNet.csproj::TargetFramework=net8.0]
C:\Users\yolan\source\repos\AiDotNet\src\Examples\FederatedLearningExample.cs(235,17): error CS0104: 'FederatedAggregationStrategy' is an ambiguous reference between 'AiDotNet.Enums.FederatedAggregationStrategy' and 'AiDotNet.FederatedLearning.FederatedAggregationStrategy' [C:\Users\yolan\source\repos\AiDotNet\src\AiDotNet.csproj::TargetFramework=net8.0]
C:\Users\yolan\source\repos\AiDotNet\src\Examples\ComprehensiveModernAIExample.cs(118,27): error CS7036: There is no argument given that corresponds to the required parameter 'architecture' of 'VisionTransformer.VisionTransformer(NeuralNetworkArchitecture<double>, int, int, int, int, int, int, int, double, ILossFunction<double>?, double)' [C:\Users\yolan\source\repos\AiDotNet\src\AiDotNet.csproj::TargetFramework=net8.0]
C:\Users\yolan\source\repos\AiDotNet\src\Examples\ComprehensiveModernAIExample.cs(113,35): error CS1998: This async method lacks 'await' operators and will run synchronously. Consider using the 'await' operator to await non-blocking API calls, or 'await Task.Run(...)' to do CPU-bound work on a background thread. [C:\Users\yolan\source\repos\AiDotNet\src\AiDotNet.csproj::TargetFramework=net8.0]
C:\Users\yolan\source\repos\AiDotNet\src\Examples\ComprehensiveModernAIExample.cs(151,28): error CS7036: There is no argument given that corresponds to the required parameter 'architecture' of 'DiffusionModel.DiffusionModel(NeuralNetworkArchitecture<double>, int, double, double, ILossFunction<double>?, double)' [C:\Users\yolan\source\repos\AiDotNet\src\AiDotNet.csproj::TargetFramework=net8.0]
C:\Users\yolan\source\repos\AiDotNet\src\Examples\ComprehensiveModernAIExample.cs(216,32): error CS7036: There is no argument given that corresponds to the required parameter 'architecture' of 'ScoreSDE.ScoreSDE(NeuralNetworkArchitecture<double>, INeuralNetworkModel<double>, ScoreSDE.SDEType, double, double, double, ISolver, ILossFunction<double>?, double)' [C:\Users\yolan\source\repos\AiDotNet\src\AiDotNet.csproj::TargetFramework=net8.0]
C:\Users\yolan\source\repos\AiDotNet\src\Examples\ComprehensiveModernAIExample.cs(240,35): error CS7036: There is no argument given that corresponds to the required parameter 'architecture' of 'ConsistencyModel.ConsistencyModel(NeuralNetworkArchitecture<double>, INeuralNetworkModel<double>, double, double, int, double, ConsistencyModel.ScheduleType, bool, ILossFunction<double>?, double)' [C:\Users\yolan\source\repos\AiDotNet\src\AiDotNet.csproj::TargetFramework=net8.0]
C:\Users\yolan\source\repos\AiDotNet\src\Examples\ComprehensiveModernAIExample.cs(266,36): error CS7036: There is no argument given that corresponds to the required parameter 'architecture' of 'FlowMatchingModel.FlowMatchingModel(NeuralNetworkArchitecture<double>, INeuralNetworkModel<double>, FlowMatchingModel.FlowType, double, bool, int, ILossFunction<double>?, double)' [C:\Users\yolan\source\repos\AiDotNet\src\AiDotNet.csproj::TargetFramework=net8.0]
C:\Users\yolan\source\repos\AiDotNet\src\Examples\ComprehensiveModernAIExample.cs(285,87): error CS1739: The best overload for 'AdamOptimizer' does not have a parameter named 'learningRate' [C:\Users\yolan\source\repos\AiDotNet\src\AiDotNet.csproj::TargetFramework=net8.0]
C:\Users\yolan\source\repos\AiDotNet\src\Examples\ComprehensiveModernAIExample.cs(377,29): error CS7036: There is no argument given that corresponds to the required parameter 'architecture' of 'NeuralNetwork<double>.NeuralNetwork(NeuralNetworkArchitecture<double>, ILossFunction<double>?)' [C:\Users\yolan\source\repos\AiDotNet\src\AiDotNet.csproj::TargetFramework=net8.0]
C:\Users\yolan\source\repos\AiDotNet\src\Examples\ComprehensiveModernAIExample.cs(407,37): error CS0305: Using the generic type 'MobileOptimizer<TInput, TOutput, TMetadata>' requires 3 type arguments [C:\Users\yolan\source\repos\AiDotNet\src\AiDotNet.csproj::TargetFramework=net8.0]
C:\Users\yolan\source\repos\AiDotNet\src\FederatedLearning\Client\FederatedClient.cs(86,88): error CS1503: Argument 1: cannot convert from 'AiDotNet.Models.Options.AdamOptimizerOptions<double, AiDotNet.LinearAlgebra.Matrix<double>, AiDotNet.LinearAlgebra.Vector<double>>' to 'AiDotNet.Interfaces.IFullModel<double, AiDotNet.LinearAlgebra.Matrix<double>, AiDotNet.LinearAlgebra.Vector<double>>' [C:\Users\yolan\source\repos\AiDotNet\src\AiDotNet.csproj::TargetFramework=net8.0]
C:\Users\yolan\source\repos\AiDotNet\src\FederatedLearning\Communication\CommunicationManager.cs(95,41): error CS0104: 'JsonSerializer' is an ambiguous reference between 'Newtonsoft.Json.JsonSerializer' and 'System.Text.Json.JsonSerializer' [C:\Users\yolan\source\repos\AiDotNet\src\AiDotNet.csproj::TargetFramework=net8.0]
C:\Users\yolan\source\repos\AiDotNet\src\FederatedLearning\Communication\CommunicationManager.cs(136,31): error CS0104: 'JsonSerializer' is an ambiguous reference between 'Newtonsoft.Json.JsonSerializer' and 'System.Text.Json.JsonSerializer' [C:\Users\yolan\source\repos\AiDotNet\src\AiDotNet.csproj::TargetFramework=net8.0]
C:\Users\yolan\source\repos\AiDotNet\src\FederatedLearning\Communication\CommunicationManager.cs(133,28): error CS8603: Possible null reference return. [C:\Users\yolan\source\repos\AiDotNet\src\AiDotNet.csproj::TargetFramework=net8.0]
C:\Users\yolan\source\repos\AiDotNet\src\FederatedLearning\Communication\CommunicationManager.cs(162,24): error CS8603: Possible null reference return. [C:\Users\yolan\source\repos\AiDotNet\src\AiDotNet.csproj::TargetFramework=net8.0]
C:\Users\yolan\source\repos\AiDotNet\src\FederatedLearning\Communication\CommunicationManager.cs(167,24): error CS8603: Possible null reference return. [C:\Users\yolan\source\repos\AiDotNet\src\AiDotNet.csproj::TargetFramework=net8.0]
C:\Users\yolan\source\repos\AiDotNet\src\FederatedLearning\MetaLearning\MAMLFederated.cs(69,17): error CS0117: 'GradientDescentOptimizerOptions<double, Matrix<double>, Vector<double>>' does not contain a definition for 'LearningRate' [C:\Users\yolan\source\repos\AiDotNet\src\AiDotNet.csproj::TargetFramework=net8.0]
C:\Users\yolan\source\repos\AiDotNet\src\FederatedLearning\MetaLearning\MAMLFederated.cs(72,88): error CS1503: Argument 1: cannot convert from 'AiDotNet.Models.Options.AdamOptimizerOptions<double, AiDotNet.LinearAlgebra.Matrix<double>, AiDotNet.LinearAlgebra.Vector<double>>' to 'AiDotNet.Interfaces.IFullModel<double, AiDotNet.LinearAlgebra.Matrix<double>, AiDotNet.LinearAlgebra.Vector<double>>' [C:\Users\yolan\source\repos\AiDotNet\src\AiDotNet.csproj::TargetFramework=net8.0]
C:\Users\yolan\source\repos\AiDotNet\src\Examples\ComprehensiveModernAIExample.cs(437,35): error CS1998: This async method lacks 'await' operators and will run synchronously. Consider using the 'await' operator to await non-blocking API calls, or 'await Task.Run(...)' to do CPU-bound work on a background thread. [C:\Users\yolan\source\repos\AiDotNet\src\AiDotNet.csproj::TargetFramework=net8.0]
C:\Users\yolan\source\repos\AiDotNet\src\FederatedLearning\Communication\CommunicationManager.cs(206,41): error CS0104: 'JsonSerializer' is an ambiguous reference between 'Newtonsoft.Json.JsonSerializer' and 'System.Text.Json.JsonSerializer' [C:\Users\yolan\source\repos\AiDotNet\src\AiDotNet.csproj::TargetFramework=net8.0]
C:\Users\yolan\source\repos\AiDotNet\src\Examples\ComprehensiveModernAIExample.cs(457,28): error CS7036: There is no argument given that corresponds to the required parameter 'architecture' of 'NeuralNetwork<double>.NeuralNetwork(NeuralNetworkArchitecture<double>, ILossFunction<double>?)' [C:\Users\yolan\source\repos\AiDotNet\src\AiDotNet.csproj::TargetFramework=net8.0]
C:\Users\yolan\source\repos\AiDotNet\src\FederatedLearning\Communication\CommunicationManager.cs(246,31): error CS0104: 'JsonSerializer' is an ambiguous reference between 'Newtonsoft.Json.JsonSerializer' and 'System.Text.Json.JsonSerializer' [C:\Users\yolan\source\repos\AiDotNet\src\AiDotNet.csproj::TargetFramework=net8.0]
C:\Users\yolan\source\repos\AiDotNet\src\FederatedLearning\Communication\CommunicationManager.cs(243,28): error CS8603: Possible null reference return. [C:\Users\yolan\source\repos\AiDotNet\src\AiDotNet.csproj::TargetFramework=net8.0]
C:\Users\yolan\source\repos\AiDotNet\src\FederatedLearning\Communication\CommunicationManager.cs(272,24): error CS8603: Possible null reference return. [C:\Users\yolan\source\repos\AiDotNet\src\AiDotNet.csproj::TargetFramework=net8.0]
C:\Users\yolan\source\repos\AiDotNet\src\FederatedLearning\Communication\CommunicationManager.cs(277,24): error CS8603: Possible null reference return. [C:\Users\yolan\source\repos\AiDotNet\src\AiDotNet.csproj::TargetFramework=net8.0]
C:\Users\yolan\source\repos\AiDotNet\src\FederatedLearning\Communication\CommunicationManager.cs(301,41): error CS0104: 'JsonSerializer' is an ambiguous reference between 'Newtonsoft.Json.JsonSerializer' and 'System.Text.Json.JsonSerializer' [C:\Users\yolan\source\repos\AiDotNet\src\AiDotNet.csproj::TargetFramework=net8.0]
C:\Users\yolan\source\repos\AiDotNet\src\Examples\ComprehensiveModernAIExample.cs(485,28): error CS7036: There is no argument given that corresponds to the required parameter 'architecture' of 'NeuralNetwork<double>.NeuralNetwork(NeuralNetworkArchitecture<double>, ILossFunction<double>?)' [C:\Users\yolan\source\repos\AiDotNet\src\AiDotNet.csproj::TargetFramework=net8.0]
C:\Users\yolan\source\repos\AiDotNet\src\FederatedLearning\Communication\CommunicationManager.cs(368,41): error CS0104: 'JsonSerializer' is an ambiguous reference between 'Newtonsoft.Json.JsonSerializer' and 'System.Text.Json.JsonSerializer' [C:\Users\yolan\source\repos\AiDotNet\src\AiDotNet.csproj::TargetFramework=net8.0]
C:\Users\yolan\source\repos\AiDotNet\src\Examples\ComprehensiveModernAIExample.cs(495,32): error CS7036: There is no argument given that corresponds to the required parameter 'architecture' of 'NeuralNetwork<double>.NeuralNetwork(NeuralNetworkArchitecture<double>, ILossFunction<double>?)' [C:\Users\yolan\source\repos\AiDotNet\src\AiDotNet.csproj::TargetFramework=net8.0]
C:\Users\yolan\source\repos\AiDotNet\src\FederatedLearning\Privacy\DifferentialPrivacy.cs(122,37): error CS1501: No overload for method 'NextGaussian' takes 2 arguments [C:\Users\yolan\source\repos\AiDotNet\src\AiDotNet.csproj::TargetFramework=net8.0]
C:\Users\yolan\source\repos\AiDotNet\src\Examples\ComprehensiveModernAIExample.cs(505,38): error CS7036: There is no argument given that corresponds to the required parameter 'architecture' of 'NeuralNetwork<double>.NeuralNetwork(NeuralNetworkArchitecture<double>, ILossFunction<double>?)' [C:\Users\yolan\source\repos\AiDotNet\src\AiDotNet.csproj::TargetFramework=net8.0]
C:\Users\yolan\source\repos\AiDotNet\src\FederatedLearning\Communication\CommunicationManager.cs(436,28): error CS8603: Possible null reference return. [C:\Users\yolan\source\repos\AiDotNet\src\AiDotNet.csproj::TargetFramework=net8.0]
C:\Users\yolan\source\repos\AiDotNet\src\FederatedLearning\Communication\CommunicationManager.cs(448,24): error CS8603: Possible null reference return. [C:\Users\yolan\source\repos\AiDotNet\src\AiDotNet.csproj::TargetFramework=net8.0]
C:\Users\yolan\source\repos\AiDotNet\src\Examples\ComprehensiveModernAIExample.cs(515,35): error CS7036: There is no argument given that corresponds to the required parameter 'architecture' of 'NeuralNetwork<double>.NeuralNetwork(NeuralNetworkArchitecture<double>, ILossFunction<double>?)' [C:\Users\yolan\source\repos\AiDotNet\src\AiDotNet.csproj::TargetFramework=net8.0]
C:\Users\yolan\source\repos\AiDotNet\src\FederatedLearning\Client\FederatedClient.cs(200,46): error CS1501: No overload for method 'GetRows' takes 2 arguments [C:\Users\yolan\source\repos\AiDotNet\src\AiDotNet.csproj::TargetFramework=net8.0]
C:\Users\yolan\source\repos\AiDotNet\src\FederatedLearning\Client\FederatedClient.cs(230,84): error CS1503: Argument 1: cannot convert from 'AiDotNet.LinearAlgebra.Vector<double>' to 'AiDotNet.LinearAlgebra.Matrix<double>' [C:\Users\yolan\source\repos\AiDotNet\src\AiDotNet.csproj::TargetFramework=net8.0]
C:\Users\yolan\source\repos\AiDotNet\src\FederatedLearning\Client\FederatedClient.cs(271,77): error CS1061: 'IOptimizer<double, Matrix<double>, Vector<double>>' does not contain a definition for 'CalculateUpdate' and no accessible extension method 'CalculateUpdate' accepting a first argument of type 'IOptimizer<double, Matrix<double>, Vector<double>>' could be found (are you missing a using directive or an assembly reference?) [C:\Users\yolan\source\repos\AiDotNet\src\AiDotNet.csproj::TargetFramework=net8.0]
C:\Users\yolan\source\repos\AiDotNet\src\FederatedLearning\Privacy\DifferentialPrivacy.cs(208,44): error CS1501: No overload for method 'NextGaussian' takes 2 arguments [C:\Users\yolan\source\repos\AiDotNet\src\AiDotNet.csproj::TargetFramework=net8.0]
C:\Users\yolan\source\repos\AiDotNet\src\FederatedLearning\Privacy\DifferentialPrivacy.cs(209,44): error CS1501: No overload for method 'NextGaussian' takes 2 arguments [C:\Users\yolan\source\repos\AiDotNet\src\AiDotNet.csproj::TargetFramework=net8.0]
C:\Users\yolan\source\repos\AiDotNet\src\FederatedLearning\Client\FederatedClient.cs(425,40): error CS1501: No overload for method 'NextGaussian' takes 2 arguments [C:\Users\yolan\source\repos\AiDotNet\src\AiDotNet.csproj::TargetFramework=net8.0]
C:\Users\yolan\source\repos\AiDotNet\src\FederatedLearning\MetaLearning\MAMLFederated.cs(115,24): error CS8619: Nullability of reference types in value of type '(string clientId, ClientMetaResult?)' doesn't match target type '(string clientId, ClientMetaResult result)'. [C:\Users\yolan\source\repos\AiDotNet\src\AiDotNet.csproj::TargetFramework=net8.0]
C:\Users\yolan\source\repos\AiDotNet\src\FederatedLearning\MetaLearning\MAMLFederated.cs(187,59): error CS1061: 'IOptimizer<double, Matrix<double>, Vector<double>>' does not contain a definition for 'CalculateUpdate' and no accessible extension method 'CalculateUpdate' accepting a first argument of type 'IOptimizer<double, Matrix<double>, Vector<double>>' could be found (are you missing a using directive or an assembly reference?) [C:\Users\yolan\source\repos\AiDotNet\src\AiDotNet.csproj::TargetFramework=net8.0]
C:\Users\yolan\source\repos\AiDotNet\src\FederatedLearning\MetaLearning\MAMLFederated.cs(244,65): error CS1061: 'IGradientModel<double>' does not contain a definition for 'ComputeGradients' and no accessible extension method 'ComputeGradients' accepting a first argument of type 'IGradientModel<double>' could be found (are you missing a using directive or an assembly reference?) [C:\Users\yolan\source\repos\AiDotNet\src\AiDotNet.csproj::TargetFramework=net8.0]
C:\Users\yolan\source\repos\AiDotNet\src\FederatedLearning\MetaLearning\MAMLFederated.cs(389,51): error CS1061: 'IOptimizer<double, Matrix<double>, Vector<double>>' does not contain a definition for 'CalculateUpdate' and no accessible extension method 'CalculateUpdate' accepting a first argument of type 'IOptimizer<double, Matrix<double>, Vector<double>>' could be found (are you missing a using directive or an assembly reference?) [C:\Users\yolan\source\repos\AiDotNet\src\AiDotNet.csproj::TargetFramework=net8.0]
C:\Users\yolan\source\repos\AiDotNet\src\FederatedLearning\Server\FederatedServer.cs(370,81): error CS1503: Argument 4: cannot convert from 'AiDotNet.FederatedLearning.PrivacySettings' to 'AiDotNet.FederatedLearning.Privacy.PrivacySettings' [C:\Users\yolan\source\repos\AiDotNet\src\AiDotNet.csproj::TargetFramework=net8.0]
C:\Users\yolan\source\repos\AiDotNet\src\FederatedLearning\MetaLearning\MAMLFederated.cs(448,84): error CS1503: Argument 1: cannot convert from 'AiDotNet.LinearAlgebra.Vector<double>' to 'AiDotNet.LinearAlgebra.Matrix<double>' [C:\Users\yolan\source\repos\AiDotNet\src\AiDotNet.csproj::TargetFramework=net8.0]
C:\Users\yolan\source\repos\AiDotNet\src\FederatedLearning\MetaLearning\MAMLFederated.cs(470,62): error CS1503: Argument 1: cannot convert from 'AiDotNet.LinearAlgebra.Vector<double>' to 'AiDotNet.LinearAlgebra.Matrix<double>' [C:\Users\yolan\source\repos\AiDotNet\src\AiDotNet.csproj::TargetFramework=net8.0]
C:\Users\yolan\source\repos\AiDotNet\src\FederatedLearning\MetaLearning\MAMLFederated.cs(568,64): error CS1503: Argument 4: cannot convert from 'AiDotNet.FederatedLearning.PrivacySettings' to 'AiDotNet.FederatedLearning.Privacy.PrivacySettings' [C:\Users\yolan\source\repos\AiDotNet\src\AiDotNet.csproj::TargetFramework=net8.0]
C:\Users\yolan\source\repos\AiDotNet\src\MultimodalAI\EarlyFusionMultimodal.cs(71,31): error CS8602: Dereference of a possibly null reference. [C:\Users\yolan\source\repos\AiDotNet\src\AiDotNet.csproj::TargetFramework=net8.0]
C:\Users\yolan\source\repos\AiDotNet\src\MultimodalAI\CrossAttentionMultimodal.cs(110,32): error CS8602: Dereference of a possibly null reference. [C:\Users\yolan\source\repos\AiDotNet\src\AiDotNet.csproj::TargetFramework=net8.0]
C:\Users\yolan\source\repos\AiDotNet\src\MultimodalAI\EarlyFusionMultimodal.cs(123,44): error CS8602: Dereference of a possibly null reference. [C:\Users\yolan\source\repos\AiDotNet\src\AiDotNet.csproj::TargetFramework=net8.0]
C:\Users\yolan\source\repos\AiDotNet\src\MultimodalAI\EarlyFusionMultimodal.cs(198,20): error CS0266: Cannot implicitly convert type 'AiDotNet.MultimodalAI.EarlyFusionMultimodal' to 'AiDotNet.Interfaces.IFullModel<double, System.Collections.Generic.Dictionary<string, object>, AiDotNet.LinearAlgebra.Vector<double>>'. An explicit conversion exists (are you missing a cast?) [C:\Users\yolan\source\repos\AiDotNet\src\AiDotNet.csproj::TargetFramework=net8.0]
C:\Users\yolan\source\repos\AiDotNet\src\MultimodalAI\EarlyFusionMultimodal.cs(238,67): error CS1503: Argument 1: cannot convert from 'int[]' to 'AiDotNet.NeuralNetworks.NeuralNetworkArchitecture<double>' [C:\Users\yolan\source\repos\AiDotNet\src\AiDotNet.csproj::TargetFramework=net8.0]
C:\Users\yolan\source\repos\AiDotNet\src\MultimodalAI\CrossAttentionMultimodal.cs(359,72): error CS1503: Argument 1: cannot convert from 'int[]' to 'AiDotNet.NeuralNetworks.NeuralNetworkArchitecture<double>' [C:\Users\yolan\source\repos\AiDotNet\src\AiDotNet.csproj::TargetFramework=net8.0]
C:\Users\yolan\source\repos\AiDotNet\src\MultimodalAI\CrossAttentionMultimodal.cs(389,20): error CS0266: Cannot implicitly convert type 'AiDotNet.MultimodalAI.CrossAttentionMultimodal' to 'AiDotNet.Interfaces.IFullModel<double, System.Collections.Generic.Dictionary<string, object>, AiDotNet.LinearAlgebra.Vector<double>>'. An explicit conversion exists (are you missing a cast?) [C:\Users\yolan\source\repos\AiDotNet\src\AiDotNet.csproj::TargetFramework=net8.0]
C:\Users\yolan\source\repos\AiDotNet\src\ReinforcementLearning\Tournament\Results\TournamentResult.cs(106,45): error CS0121: The call is ambiguous between the following methods or properties: 'System.Linq.LinqExtensions.ToDictionary<TSource, TKey, TValue>(System.Collections.Generic.IEnumerable<TSource>, System.Func<TSource, TKey>, System.Func<TSource, TValue>)' and 'System.Linq.Enumerable.ToDictionary<TSource, TKey, TElement>(System.Collections.Generic.IEnumerable<TSource>, System.Func<TSource, TKey>, System.Func<TSource, TElement>)' [C:\Users\yolan\source\repos\AiDotNet\src\AiDotNet.csproj::TargetFramework=net8.0]
C:\Users\yolan\source\repos\AiDotNet\src\ReinforcementLearning\Tournament\Results\TournamentResult.cs(111,41): error CS0121: The call is ambiguous between the following methods or properties: 'System.Linq.LinqExtensions.ToDictionary<TSource, TKey, TValue>(System.Collections.Generic.IEnumerable<TSource>, System.Func<TSource, TKey>, System.Func<TSource, TValue>)' and 'System.Linq.Enumerable.ToDictionary<TSource, TKey, TElement>(System.Collections.Generic.IEnumerable<TSource>, System.Func<TSource, TKey>, System.Func<TSource, TElement>)' [C:\Users\yolan\source\repos\AiDotNet\src\AiDotNet.csproj::TargetFramework=net8.0]
C:\Users\yolan\source\repos\AiDotNet\src\ReinforcementLearning\Tournament\Results\TournamentResult.cs(116,33): error CS0121: The call is ambiguous between the following methods or properties: 'System.Linq.LinqExtensions.ToDictionary<TSource, TKey, TValue>(System.Collections.Generic.IEnumerable<TSource>, System.Func<TSource, TKey>, System.Func<TSource, TValue>)' and 'System.Linq.Enumerable.ToDictionary<TSource, TKey, TElement>(System.Collections.Generic.IEnumerable<TSource>, System.Func<TSource, TKey>, System.Func<TSource, TElement>)' [C:\Users\yolan\source\repos\AiDotNet\src\AiDotNet.csproj::TargetFramework=net8.0]
C:\Users\yolan\source\repos\AiDotNet\src\Pipeline\PipelineSteps.cs(1815,59): error CS1061: 'EnsembleConfig' does not contain a definition for 'EnsembleType' and no accessible extension method 'EnsembleType' accepting a first argument of type 'EnsembleConfig' could be found (are you missing a using directive or an assembly reference?) [C:\Users\yolan\source\repos\AiDotNet\src\AiDotNet.csproj::TargetFramework=net8.0]
C:\Users\yolan\source\repos\AiDotNet\src\Pipeline\PipelineSteps.cs(858,23): error CS0144: Cannot create an instance of the abstract type or interface 'ProductionMonitorBase' [C:\Users\yolan\source\repos\AiDotNet\src\AiDotNet.csproj::TargetFramework=net8.0]
C:\Users\yolan\source\repos\AiDotNet\src\Pipeline\PipelineSteps.cs(783,17): error CS0117: 'DeploymentInfo' does not contain a definition for 'DeploymentId' [C:\Users\yolan\source\repos\AiDotNet\src\AiDotNet.csproj::TargetFramework=net8.0]
C:\Users\yolan\source\repos\AiDotNet\src\Pipeline\PipelineSteps.cs(784,17): error CS0117: 'DeploymentInfo' does not contain a definition for 'Target' [C:\Users\yolan\source\repos\AiDotNet\src\AiDotNet.csproj::TargetFramework=net8.0]
C:\Users\yolan\source\repos\AiDotNet\src\Pipeline\PipelineSteps.cs(787,17): error CS0117: 'DeploymentInfo' does not contain a definition for 'Metadata' [C:\Users\yolan\source\repos\AiDotNet\src\AiDotNet.csproj::TargetFramework=net8.0]
C:\Users\yolan\source\repos\AiDotNet\src\Pipeline\PipelineSteps.cs(481,41): error CS1061: 'PredictionModelBuilder<double, Matrix<double>, Vector<double>>' does not contain a definition for 'BuildModel' and no accessible extension method 'BuildModel' accepting a first argument of type 'PredictionModelBuilder<double, Matrix<double>, Vector<double>>' could be found (are you missing a using directive or an assembly reference?) [C:\Users\yolan\source\repos\AiDotNet\src\AiDotNet.csproj::TargetFramework=net8.0]
C:\Users\yolan\source\repos\AiDotNet\src\Pipeline\PipelineSteps.cs(629,24): error CS7036: There is no argument given that corresponds to the required parameter 'architecture' of 'NeuralNetwork<double>.NeuralNetwork(NeuralNetworkArchitecture<double>, ILossFunction<double>?)' [C:\Users\yolan\source\repos\AiDotNet\src\AiDotNet.csproj::TargetFramework=net8.0]
C:\Users\yolan\source\repos\AiDotNet\src\Pipeline\PipelineSteps.cs(813,22): error CS0104: 'DeploymentTarget' is an ambiguous reference between 'AiDotNet.Deployment.DeploymentTarget' and 'AiDotNet.Enums.DeploymentTarget' [C:\Users\yolan\source\repos\AiDotNet\src\AiDotNet.csproj::TargetFramework=net8.0]
C:\Users\yolan\source\repos\AiDotNet\src\Pipeline\PipelineSteps.cs(815,22): error CS0104: 'DeploymentTarget' is an ambiguous reference between 'AiDotNet.Deployment.DeploymentTarget' and 'AiDotNet.Enums.DeploymentTarget' [C:\Users\yolan\source\repos\AiDotNet\src\AiDotNet.csproj::TargetFramework=net8.0]
C:\Users\yolan\source\repos\AiDotNet\src\Pipeline\PipelineSteps.cs(817,22): error CS0104: 'DeploymentTarget' is an ambiguous reference between 'AiDotNet.Deployment.DeploymentTarget' and 'AiDotNet.Enums.DeploymentTarget' [C:\Users\yolan\source\repos\AiDotNet\src\AiDotNet.csproj::TargetFramework=net8.0]
C:\Users\yolan\source\repos\AiDotNet\src\Pipeline\PipelineSteps.cs(820,28): error CS0144: Cannot create an instance of the abstract type or interface 'ModelOptimizer<Matrix<double>, Vector<double>, ModelMetaData<double>>' [C:\Users\yolan\source\repos\AiDotNet\src\AiDotNet.csproj::TargetFramework=net8.0]
C:\Users\yolan\source\repos\AiDotNet\src\Pipeline\PipelineSteps.cs(570,17): error CS0117: 'BayesianOptimizationAutoML<double, Matrix<double>, Vector<double>>' does not contain a definition for 'TimeLimit' [C:\Users\yolan\source\repos\AiDotNet\src\AiDotNet.csproj::TargetFramework=net8.0]
C:\Users\yolan\source\repos\AiDotNet\src\Pipeline\PipelineSteps.cs(571,17): error CS0117: 'BayesianOptimizationAutoML<double, Matrix<double>, Vector<double>>' does not contain a definition for 'TrialLimit' [C:\Users\yolan\source\repos\AiDotNet\src\AiDotNet.csproj::TargetFramework=net8.0]
C:\Users\yolan\source\repos\AiDotNet\src\Pipeline\PipelineSteps.cs(577,24): error CS1061: 'BayesianOptimizationAutoML<double, Matrix<double>, Vector<double>>' does not contain a definition for 'SetModelsToTry' and no accessible extension method 'SetModelsToTry' accepting a first argument of type 'BayesianOptimizationAutoML<double, Matrix<double>, Vector<double>>' could be found (are you missing a using directive or an assembly reference?) [C:\Users\yolan\source\repos\AiDotNet\src\AiDotNet.csproj::TargetFramework=net8.0]
C:\Users\yolan\source\repos\AiDotNet\src\Pipeline\PipelineSteps.cs(835,28): error CS0144: Cannot create an instance of the abstract type or interface 'ModelOptimizer<Matrix<double>, Vector<double>, ModelMetaData<double>>' [C:\Users\yolan\source\repos\AiDotNet\src\AiDotNet.csproj::TargetFramework=net8.0]
C:\Users\yolan\source\repos\AiDotNet\src\Pipeline\PipelineConfigurations.cs(141,54): error CS8625: Cannot convert null literal to non-nullable reference type. [C:\Users\yolan\source\repos\AiDotNet\src\AiDotNet.csproj::TargetFramework=net8.0]
C:\Users\yolan\source\repos\AiDotNet\src\Pipeline\PipelineConfigurations.cs(71,83): error CS1061: 'OptimizationMode' does not contain a definition for 'Balanced' and no accessible extension method 'Balanced' accepting a first argument of type 'OptimizationMode' could be found (are you missing a using directive or an assembly reference?) [C:\Users\yolan\source\repos\AiDotNet\src\AiDotNet.csproj::TargetFramework=net8.0]
C:\Users\yolan\source\repos\AiDotNet\src\Pipeline\MLPipelineBuilder.cs(50,23): error CS1503: Argument 1: cannot convert from 'AiDotNet.Pipeline.DataLoadingStep' to 'AiDotNet.Interfaces.IPipelineStep<double, AiDotNet.LinearAlgebra.Tensor<double>, AiDotNet.LinearAlgebra.Tensor<double>>' [C:\Users\yolan\source\repos\AiDotNet\src\AiDotNet.csproj::TargetFramework=net8.0]
C:\Users\yolan\source\repos\AiDotNet\src\Pipeline\MLPipelineBuilder.cs(60,23): error CS1503: Argument 1: cannot convert from 'AiDotNet.Pipeline.DataLoadingStep' to 'AiDotNet.Interfaces.IPipelineStep<double, AiDotNet.LinearAlgebra.Tensor<double>, AiDotNet.LinearAlgebra.Tensor<double>>' [C:\Users\yolan\source\repos\AiDotNet\src\AiDotNet.csproj::TargetFramework=net8.0]
C:\Users\yolan\source\repos\AiDotNet\src\Pipeline\MLPipelineBuilder.cs(71,23): error CS1503: Argument 1: cannot convert from 'AiDotNet.Pipeline.DataCleaningStep' to 'AiDotNet.Interfaces.IPipelineStep<double, AiDotNet.LinearAlgebra.Tensor<double>, AiDotNet.LinearAlgebra.Tensor<double>>' [C:\Users\yolan\source\repos\AiDotNet\src\AiDotNet.csproj::TargetFramework=net8.0]
C:\Users\yolan\source\repos\AiDotNet\src\Pipeline\MLPipelineBuilder.cs(82,23): error CS1503: Argument 1: cannot convert from 'AiDotNet.Pipeline.FeatureEngineeringStep' to 'AiDotNet.Interfaces.IPipelineStep<double, AiDotNet.LinearAlgebra.Tensor<double>, AiDotNet.LinearAlgebra.Tensor<double>>' [C:\Users\yolan\source\repos\AiDotNet\src\AiDotNet.csproj::TargetFramework=net8.0]
C:\Users\yolan\source\repos\AiDotNet\src\Pipeline\MLPipeline.cs(46,32): error CS1061: 'IPipelineStep<double, Tensor<double>, Tensor<double>>' does not contain a definition for 'ExecuteAsync' and no accessible extension method 'ExecuteAsync' accepting a first argument of type 'IPipelineStep<double, Tensor<double>, Tensor<double>>' could be found (are you missing a using directive or an assembly reference?) [C:\Users\yolan\source\repos\AiDotNet\src\AiDotNet.csproj::TargetFramework=net8.0]
C:\Users\yolan\source\repos\AiDotNet\src\Pipeline\MLPipelineBuilder.cs(91,23): error CS1503: Argument 1: cannot convert from 'AiDotNet.Pipeline.DataSplittingStep' to 'AiDotNet.Interfaces.IPipelineStep<double, AiDotNet.LinearAlgebra.Tensor<double>, AiDotNet.LinearAlgebra.Tensor<double>>' [C:\Users\yolan\source\repos\AiDotNet\src\AiDotNet.csproj::TargetFramework=net8.0]
C:\Users\yolan\source\repos\AiDotNet\src\Pipeline\MLPipelineBuilder.cs(102,23): error CS1503: Argument 1: cannot convert from 'AiDotNet.Pipeline.DataAugmentationStep' to 'AiDotNet.Interfaces.IPipelineStep<double, AiDotNet.LinearAlgebra.Tensor<double>, AiDotNet.LinearAlgebra.Tensor<double>>' [C:\Users\yolan\source\repos\AiDotNet\src\AiDotNet.csproj::TargetFramework=net8.0]
C:\Users\yolan\source\repos\AiDotNet\src\Pipeline\MLPipelineBuilder.cs(111,23): error CS1503: Argument 1: cannot convert from 'AiDotNet.Pipeline.NormalizationStep' to 'AiDotNet.Interfaces.IPipelineStep<double, AiDotNet.LinearAlgebra.Tensor<double>, AiDotNet.LinearAlgebra.Tensor<double>>' [C:\Users\yolan\source\repos\AiDotNet\src\AiDotNet.csproj::TargetFramework=net8.0]
C:\Users\yolan\source\repos\AiDotNet\src\Pipeline\MLPipelineBuilder.cs(123,23): error CS1503: Argument 1: cannot convert from 'AiDotNet.Pipeline.ModelTrainingStep' to 'AiDotNet.Interfaces.IPipelineStep<double, AiDotNet.LinearAlgebra.Tensor<double>, AiDotNet.LinearAlgebra.Tensor<double>>' [C:\Users\yolan\source\repos\AiDotNet\src\AiDotNet.csproj::TargetFramework=net8.0]
C:\Users\yolan\source\repos\AiDotNet\src\Pipeline\PipelineOrchestrator.cs(280,56): error CS0121: The call is ambiguous between the following methods or properties: 'System.Linq.LinqExtensions.LastOrDefault<T>(System.Collections.Generic.IEnumerable<T>)' and 'System.Linq.Enumerable.LastOrDefault<TSource>(System.Collections.Generic.IEnumerable<TSource>)' [C:\Users\yolan\source\repos\AiDotNet\src\AiDotNet.csproj::TargetFramework=net8.0]
C:\Users\yolan\source\repos\AiDotNet\src\Pipeline\MLPipelineBuilder.cs(135,23): error CS1503: Argument 1: cannot convert from 'AiDotNet.Pipeline.ModelTrainingStep' to 'AiDotNet.Interfaces.IPipelineStep<double, AiDotNet.LinearAlgebra.Tensor<double>, AiDotNet.LinearAlgebra.Tensor<double>>' [C:\Users\yolan\source\repos\AiDotNet\src\AiDotNet.csproj::TargetFramework=net8.0]
C:\Users\yolan\source\repos\AiDotNet\src\Pipeline\MLPipelineBuilder.cs(147,23): error CS1503: Argument 1: cannot convert from 'AiDotNet.Pipeline.ModelTrainingStep' to 'AiDotNet.Interfaces.IPipelineStep<double, AiDotNet.LinearAlgebra.Tensor<double>, AiDotNet.LinearAlgebra.Tensor<double>>' [C:\Users\yolan\source\repos\AiDotNet\src\AiDotNet.csproj::TargetFramework=net8.0]
C:\Users\yolan\source\repos\AiDotNet\src\Pipeline\MLPipelineBuilder.cs(158,23): error CS1503: Argument 1: cannot convert from 'AiDotNet.Pipeline.ModelTrainingStep' to 'AiDotNet.Interfaces.IPipelineStep<double, AiDotNet.LinearAlgebra.Tensor<double>, AiDotNet.LinearAlgebra.Tensor<double>>' [C:\Users\yolan\source\repos\AiDotNet\src\AiDotNet.csproj::TargetFramework=net8.0]
C:\Users\yolan\source\repos\AiDotNet\src\Pipeline\MLPipelineBuilder.cs(167,23): error CS1503: Argument 1: cannot convert from 'AiDotNet.Pipeline.CrossValidationStep' to 'AiDotNet.Interfaces.IPipelineStep<double, AiDotNet.LinearAlgebra.Tensor<double>, AiDotNet.LinearAlgebra.Tensor<double>>' [C:\Users\yolan\source\repos\AiDotNet\src\AiDotNet.csproj::TargetFramework=net8.0]
C:\Users\yolan\source\repos\AiDotNet\src\Pipeline\PipelineSteps.cs(124,28): error CS0029: Cannot implicitly convert type 'AiDotNet.LinearAlgebra.Tensor<double>' to 'System.Collections.Generic.Dictionary<string, object>' [C:\Users\yolan\source\repos\AiDotNet\src\AiDotNet.csproj::TargetFramework=net8.0]
C:\Users\yolan\source\repos\AiDotNet\src\Pipeline\PipelineSteps.cs(125,21): error CS1061: 'PipelineContext<double, Tensor<double>, Tensor<double>>' does not contain a definition for 'Labels' and no accessible extension method 'Labels' accepting a first argument of type 'PipelineContext<double, Tensor<double>, Tensor<double>>' could be found (are you missing a using directive or an assembly reference?) [C:\Users\yolan\source\repos\AiDotNet\src\AiDotNet.csproj::TargetFramework=net8.0]
C:\Users\yolan\source\repos\AiDotNet\src\Pipeline\PipelineSteps.cs(132,21): error CS1501: No overload for method 'this' takes 2 arguments [C:\Users\yolan\source\repos\AiDotNet\src\AiDotNet.csproj::TargetFramework=net8.0]
C:\Users\yolan\source\repos\AiDotNet\src\Pipeline\PipelineSteps.cs(134,25): error CS1061: 'PipelineContext<double, Tensor<double>, Tensor<double>>' does not contain a definition for 'Labels' and no accessible extension method 'Labels' accepting a first argument of type 'PipelineContext<double, Tensor<double>, Tensor<double>>' could be found (are you missing a using directive or an assembly reference?) [C:\Users\yolan\source\repos\AiDotNet\src\AiDotNet.csproj::TargetFramework=net8.0]
C:\Users\yolan\source\repos\AiDotNet\src\Pipeline\MLPipelineBuilder.cs(176,23): error CS1503: Argument 1: cannot convert from 'AiDotNet.Pipeline.EvaluationStep' to 'AiDotNet.Interfaces.IPipelineStep<double, AiDotNet.LinearAlgebra.Tensor<double>, AiDotNet.LinearAlgebra.Tensor<double>>' [C:\Users\yolan\source\repos\AiDotNet\src\AiDotNet.csproj::TargetFramework=net8.0]
C:\Users\yolan\source\repos\AiDotNet\src\Pipeline\PipelineResult.cs(268,32): error CS0121: The call is ambiguous between the following methods or properties: 'System.Linq.LinqExtensions.ToDictionary<TSource, TKey, TValue>(System.Collections.Generic.IEnumerable<TSource>, System.Func<TSource, TKey>, System.Func<TSource, TValue>)' and 'System.Linq.Enumerable.ToDictionary<TSource, TKey, TElement>(System.Collections.Generic.IEnumerable<TSource>, System.Func<TSource, TKey>, System.Func<TSource, TElement>)' [C:\Users\yolan\source\repos\AiDotNet\src\AiDotNet.csproj::TargetFramework=net8.0]
C:\Users\yolan\source\repos\AiDotNet\src\Pipeline\MLPipelineBuilder.cs(187,23): error CS1503: Argument 1: cannot convert from 'AiDotNet.Pipeline.HyperparameterTuningStep' to 'AiDotNet.Interfaces.IPipelineStep<double, AiDotNet.LinearAlgebra.Tensor<double>, AiDotNet.LinearAlgebra.Tensor<double>>' [C:\Users\yolan\source\repos\AiDotNet\src\AiDotNet.csproj::TargetFramework=net8.0]
C:\Users\yolan\source\repos\AiDotNet\src\Pipeline\MLPipelineBuilder.cs(196,23): error CS1503: Argument 1: cannot convert from 'AiDotNet.Pipeline.InterpretabilityStep' to 'AiDotNet.Interfaces.IPipelineStep<double, AiDotNet.LinearAlgebra.Tensor<double>, AiDotNet.LinearAlgebra.Tensor<double>>' [C:\Users\yolan\source\repos\AiDotNet\src\AiDotNet.csproj::TargetFramework=net8.0]
C:\Users\yolan\source\repos\AiDotNet\src\Pipeline\MLPipelineBuilder.cs(205,23): error CS1503: Argument 1: cannot convert from 'AiDotNet.Pipeline.ModelCompressionStep' to 'AiDotNet.Interfaces.IPipelineStep<double, AiDotNet.LinearAlgebra.Tensor<double>, AiDotNet.LinearAlgebra.Tensor<double>>' [C:\Users\yolan\source\repos\AiDotNet\src\AiDotNet.csproj::TargetFramework=net8.0]
C:\Users\yolan\source\repos\AiDotNet\src\Pipeline\MLPipelineBuilder.cs(217,23): error CS1503: Argument 1: cannot convert from 'AiDotNet.Pipeline.DeploymentStep' to 'AiDotNet.Interfaces.IPipelineStep<double, AiDotNet.LinearAlgebra.Tensor<double>, AiDotNet.LinearAlgebra.Tensor<double>>' [C:\Users\yolan\source\repos\AiDotNet\src\AiDotNet.csproj::TargetFramework=net8.0]
C:\Users\yolan\source\repos\AiDotNet\src\Pipeline\MLPipelineBuilder.cs(228,23): error CS1503: Argument 1: cannot convert from 'AiDotNet.Pipeline.MonitoringStep' to 'AiDotNet.Interfaces.IPipelineStep<double, AiDotNet.LinearAlgebra.Tensor<double>, AiDotNet.LinearAlgebra.Tensor<double>>' [C:\Users\yolan\source\repos\AiDotNet\src\AiDotNet.csproj::TargetFramework=net8.0]
C:\Users\yolan\source\repos\AiDotNet\src\Pipeline\MLPipelineBuilder.cs(237,23): error CS1503: Argument 1: cannot convert from 'AiDotNet.Pipeline.ABTestingStep' to 'AiDotNet.Interfaces.IPipelineStep<double, AiDotNet.LinearAlgebra.Tensor<double>, AiDotNet.LinearAlgebra.Tensor<double>>' [C:\Users\yolan\source\repos\AiDotNet\src\AiDotNet.csproj::TargetFramework=net8.0]
C:\Users\yolan\source\repos\AiDotNet\src\Pipeline\MLPipelineBuilder.cs(265,75): error CS1503: Argument 1: cannot convert from 'AiDotNet.Pipeline.PipelineConfiguration' to 'System.Collections.Generic.List<AiDotNet.Interfaces.IPipelineStep<double, AiDotNet.LinearAlgebra.Tensor<double>, AiDotNet.LinearAlgebra.Tensor<double>>>' [C:\Users\yolan\source\repos\AiDotNet\src\AiDotNet.csproj::TargetFramework=net8.0]
C:\Users\yolan\source\repos\AiDotNet\src\Pipeline\MLPipelineBuilder.cs(265,90): error CS1503: Argument 2: cannot convert from 'System.Collections.Generic.List<AiDotNet.Interfaces.IPipelineStep<double, AiDotNet.LinearAlgebra.Tensor<double>, AiDotNet.LinearAlgebra.Tensor<double>>>' to 'AiDotNet.Pipeline.PipelineConfiguration' [C:\Users\yolan\source\repos\AiDotNet\src\AiDotNet.csproj::TargetFramework=net8.0]
C:\Users\yolan\source\repos\AiDotNet\src\Pipeline\MLPipelineBuilder.cs(274,20): error CS0029: Cannot implicitly convert type 'AiDotNet.Pipeline.PipelineExecutionResult<double, AiDotNet.LinearAlgebra.Matrix<double>, AiDotNet.LinearAlgebra.Vector<double>>' to 'AiDotNet.Pipeline.PipelineResult' [C:\Users\yolan\source\repos\AiDotNet\src\AiDotNet.csproj::TargetFramework=net8.0]
C:\Users\yolan\source\repos\AiDotNet\src\Pipeline\MLPipelineBuilder.cs(283,29): error CS1061: 'MLPipeline<double, Matrix<double>, Vector<double>>' does not contain a definition for 'Run' and no accessible extension method 'Run' accepting a first argument of type 'MLPipeline<double, Matrix<double>, Vector<double>>' could be found (are you missing a using directive or an assembly reference?) [C:\Users\yolan\source\repos\AiDotNet\src\AiDotNet.csproj::TargetFramework=net8.0]
C:\Users\yolan\source\repos\AiDotNet\src\Pipeline\PipelineResult.cs(297,32): error CS0121: The call is ambiguous between the following methods or properties: 'System.Linq.LinqExtensions.ToDictionary<TSource, TKey, TValue>(System.Collections.Generic.IEnumerable<TSource>, System.Func<TSource, TKey>, System.Func<TSource, TValue>)' and 'System.Linq.Enumerable.ToDictionary<TSource, TKey, TElement>(System.Collections.Generic.IEnumerable<TSource>, System.Func<TSource, TKey>, System.Func<TSource, TElement>)' [C:\Users\yolan\source\repos\AiDotNet\src\AiDotNet.csproj::TargetFramework=net8.0]
C:\Users\yolan\source\repos\AiDotNet\src\FitDetectors\ShapleyValueFitDetector.cs(69,50): error CS0121: The call is ambiguous between the following methods or properties: 'System.Linq.LinqExtensions.ToDictionary<TSource, TKey, TValue>(System.Collections.Generic.IEnumerable<TSource>, System.Func<TSource, TKey>, System.Func<TSource, TValue>)' and 'System.Linq.Enumerable.ToDictionary<TSource, TKey, TElement>(System.Collections.Generic.IEnumerable<TSource>, System.Func<TSource, TKey>, System.Func<TSource, TElement>)' [C:\Users\yolan\source\repos\AiDotNet\src\AiDotNet.csproj::TargetFramework=net8.0]
C:\Users\yolan\source\repos\AiDotNet\src\FitDetectors\ShapleyValueFitDetector.cs(288,14): error CS0121: The call is ambiguous between the following methods or properties: 'System.Linq.LinqExtensions.ToDictionary<TSource, TKey, TValue>(System.Collections.Generic.IEnumerable<TSource>, System.Func<TSource, TKey>, System.Func<TSource, TValue>)' and 'System.Linq.Enumerable.ToDictionary<TSource, TKey, TElement>(System.Collections.Generic.IEnumerable<TSource>, System.Func<TSource, TKey>, System.Func<TSource, TElement>)' [C:\Users\yolan\source\repos\AiDotNet\src\AiDotNet.csproj::TargetFramework=net8.0]
C:\Users\yolan\source\repos\AiDotNet\src\NeuralNetworks\DiffusionModels\ScoreSDE.cs(51,13): error CS0118: 'ModelCategory' is a type but is used like a variable [C:\Users\yolan\source\repos\AiDotNet\src\AiDotNet.csproj::TargetFramework=net8.0]
C:\Users\yolan\source\repos\AiDotNet\src\NeuralNetworks\DiffusionModels\ScoreSDE.cs(194,40): error CS1503: Argument 1: cannot convert from 'int[]' to 'int' [C:\Users\yolan\source\repos\AiDotNet\src\AiDotNet.csproj::TargetFramework=net8.0]
C:\Users\yolan\source\repos\AiDotNet\src\NeuralNetworks\DiffusionModels\ScoreSDE.cs(215,21): error CS1929: 'NeuralNetworkBase<double>' does not contain a definition for 'Backward' and the best extension method overload 'NeuralNetworkExtensions.Backward<Tensor<double>>(NeuralNetwork<Tensor<double>>, Tensor<double>)' requires a receiver of type 'AiDotNet.NeuralNetworks.NeuralNetwork<AiDotNet.LinearAlgebra.Tensor<double>>' [C:\Users\yolan\source\repos\AiDotNet\src\AiDotNet.csproj::TargetFramework=net8.0]
C:\Users\yolan\source\repos\AiDotNet\src\NeuralNetworks\DiffusionModels\ScoreSDE.cs(216,31): error CS1501: No overload for method 'Step' takes 2 arguments [C:\Users\yolan\source\repos\AiDotNet\src\AiDotNet.csproj::TargetFramework=net8.0]
C:\Users\yolan\source\repos\AiDotNet\src\NeuralNetworks\DiffusionModels\ScoreSDE.cs(226,91): error CS0117: 'Tensor<double>' does not contain a definition for 'Zeros' [C:\Users\yolan\source\repos\AiDotNet\src\AiDotNet.csproj::TargetFramework=net8.0]
C:\Users\yolan\source\repos\AiDotNet\src\NeuralNetworks\DiffusionModel.cs(134,40): error CS1503: Argument 1: cannot convert from 'double' to 'AiDotNet.LinearAlgebra.Tensor<double>' [C:\Users\yolan\source\repos\AiDotNet\src\AiDotNet.csproj::TargetFramework=net8.0]
C:\Users\yolan\source\repos\AiDotNet\src\NeuralNetworks\DiffusionModels\ScoreSDE.cs(313,70): error CS0117: 'Tensor<double>' does not contain a definition for 'Zeros' [C:\Users\yolan\source\repos\AiDotNet\src\AiDotNet.csproj::TargetFramework=net8.0]
C:\Users\yolan\source\repos\AiDotNet\src\NeuralNetworks\DiffusionModel.cs(195,44): error CS1503: Argument 1: cannot convert from 'int[]' to 'int' [C:\Users\yolan\source\repos\AiDotNet\src\AiDotNet.csproj::TargetFramework=net8.0]
C:\Users\yolan\source\repos\AiDotNet\src\NeuralNetworks\DiffusionModel.cs(211,21): error CS1929: 'NeuralNetworkBase<double>' does not contain a definition for 'Backward' and the best extension method overload 'NeuralNetworkExtensions.Backward<Tensor<double>>(NeuralNetwork<Tensor<double>>, Tensor<double>)' requires a receiver of type 'AiDotNet.NeuralNetworks.NeuralNetwork<AiDotNet.LinearAlgebra.Tensor<double>>' [C:\Users\yolan\source\repos\AiDotNet\src\AiDotNet.csproj::TargetFramework=net8.0]
C:\Users\yolan\source\repos\AiDotNet\src\NeuralNetworks\DiffusionModel.cs(212,31): error CS1501: No overload for method 'Step' takes 2 arguments [C:\Users\yolan\source\repos\AiDotNet\src\AiDotNet.csproj::TargetFramework=net8.0]
C:\Users\yolan\source\repos\AiDotNet\src\TimeSeries\InterventionAnalysisModel.cs(567,37): error CS0121: The call is ambiguous between the following methods or properties: 'System.Linq.LinqExtensions.ToDictionary<TSource, TKey, TValue>(System.Collections.Generic.IEnumerable<TSource>, System.Func<TSource, TKey>, System.Func<TSource, TValue>)' and 'System.Linq.Enumerable.ToDictionary<TSource, TKey, TElement>(System.Collections.Generic.IEnumerable<TSource>, System.Func<TSource, TKey>, System.Func<TSource, TElement>)' [C:\Users\yolan\source\repos\AiDotNet\src\AiDotNet.csproj::TargetFramework=net8.0]
C:\Users\yolan\source\repos\AiDotNet\src\NeuralNetworks\NeuralNetworkBase.cs(1470,57): error CS1503: Argument 2: cannot convert from 'AiDotNet.Enums.ActivationFunction' to 'int' [C:\Users\yolan\source\repos\AiDotNet\src\AiDotNet.csproj::TargetFramework=net8.0]
C:\Users\yolan\source\repos\AiDotNet\src\NeuralNetworks\NeuralNetworkBase.cs(1483,25): error CS1729: 'ConvolutionalLayer<T>' does not contain a constructor that takes 4 arguments [C:\Users\yolan\source\repos\AiDotNet\src\AiDotNet.csproj::TargetFramework=net8.0]
C:\Users\yolan\source\repos\AiDotNet\src\NeuralNetworks\NeuralNetworkBase.cs(1492,25): error CS1729: 'LSTMLayer<T>' does not contain a constructor that takes 2 arguments [C:\Users\yolan\source\repos\AiDotNet\src\AiDotNet.csproj::TargetFramework=net8.0]
C:\Users\yolan\source\repos\AiDotNet\src\NeuralNetworks\NeuralNetworkBase.cs(1510,25): error CS7036: There is no argument given that corresponds to the required parameter 'featureSize' of 'BatchNormalizationLayer<T>.BatchNormalizationLayer(int, double, double)' [C:\Users\yolan\source\repos\AiDotNet\src\AiDotNet.csproj::TargetFramework=net8.0]
C:\Users\yolan\source\repos\AiDotNet\src\NeuralNetworks\NeuralNetworkBase.cs(1519,25): error CS7036: There is no argument given that corresponds to the required parameter 'poolSize' of 'MaxPoolingLayer<T>.MaxPoolingLayer(int[], int, int)' [C:\Users\yolan\source\repos\AiDotNet\src\AiDotNet.csproj::TargetFramework=net8.0]
C:\Users\yolan\source\repos\AiDotNet\src\ProductionMonitoring\ModelHealthScorer.cs(90,41): error CS0121: The call is ambiguous between the following methods or properties: 'System.Linq.LinqExtensions.ToDictionary<TSource, TKey, TValue>(System.Collections.Generic.IEnumerable<TSource>, System.Func<TSource, TKey>, System.Func<TSource, TValue>)' and 'System.Linq.Enumerable.ToDictionary<TSource, TKey, TElement>(System.Collections.Generic.IEnumerable<TSource>, System.Func<TSource, TKey>, System.Func<TSource, TElement>)' [C:\Users\yolan\source\repos\AiDotNet\src\AiDotNet.csproj::TargetFramework=net8.0]
C:\Users\yolan\source\repos\AiDotNet\src\ProductionMonitoring\ConceptDriftDetector.cs(108,58): error CS1998: This async method lacks 'await' operators and will run synchronously. Consider using the 'await' operator to await non-blocking API calls, or 'await Task.Run(...)' to do CPU-bound work on a background thread. [C:\Users\yolan\source\repos\AiDotNet\src\AiDotNet.csproj::TargetFramework=net8.0]
C:\Users\yolan\source\repos\AiDotNet\src\ProductionMonitoring\ModelHealthScorer.cs(133,48): error CS1998: This async method lacks 'await' operators and will run synchronously. Consider using the 'await' operator to await non-blocking API calls, or 'await Task.Run(...)' to do CPU-bound work on a background thread. [C:\Users\yolan\source\repos\AiDotNet\src\AiDotNet.csproj::TargetFramework=net8.0]
C:\Users\yolan\source\repos\AiDotNet\src\ProductionMonitoring\ModelHealthScorer.cs(196,58): error CS1998: This async method lacks 'await' operators and will run synchronously. Consider using the 'await' operator to await non-blocking API calls, or 'await Task.Run(...)' to do CPU-bound work on a background thread. [C:\Users\yolan\source\repos\AiDotNet\src\AiDotNet.csproj::TargetFramework=net8.0]
C:\Users\yolan\source\repos\AiDotNet\src\ProductionMonitoring\ModelHealthScorer.cs(211,58): error CS1998: This async method lacks 'await' operators and will run synchronously. Consider using the 'await' operator to await non-blocking API calls, or 'await Task.Run(...)' to do CPU-bound work on a background thread. [C:\Users\yolan\source\repos\AiDotNet\src\AiDotNet.csproj::TargetFramework=net8.0]
C:\Users\yolan\source\repos\AiDotNet\src\ProductionMonitoring\AlertManager.cs(128,22): error CS0121: The call is ambiguous between the following methods or properties: 'System.Linq.LinqExtensions.ToDictionary<TSource, TKey, TValue>(System.Collections.Generic.IEnumerable<TSource>, System.Func<TSource, TKey>, System.Func<TSource, TValue>)' and 'System.Linq.Enumerable.ToDictionary<TSource, TKey, TElement>(System.Collections.Generic.IEnumerable<TSource>, System.Func<TSource, TKey>, System.Func<TSource, TElement>)' [C:\Users\yolan\source\repos\AiDotNet\src\AiDotNet.csproj::TargetFramework=net8.0]
C:\Users\yolan\source\repos\AiDotNet\src\ProductionMonitoring\AlertManager.cs(130,22): error CS0121: The call is ambiguous between the following methods or properties: 'System.Linq.LinqExtensions.ToDictionary<TSource, TKey, TValue>(System.Collections.Generic.IEnumerable<TSource>, System.Func<TSource, TKey>, System.Func<TSource, TValue>)' and 'System.Linq.Enumerable.ToDictionary<TSource, TKey, TElement>(System.Collections.Generic.IEnumerable<TSource>, System.Func<TSource, TKey>, System.Func<TSource, TElement>)' [C:\Users\yolan\source\repos\AiDotNet\src\AiDotNet.csproj::TargetFramework=net8.0]
C:\Users\yolan\source\repos\AiDotNet\src\ProductionMonitoring\AlertManager.cs(140,22): error CS0121: The call is ambiguous between the following methods or properties: 'System.Linq.LinqExtensions.ToDictionary<TSource, TKey, TValue>(System.Collections.Generic.IEnumerable<TSource>, System.Func<TSource, TKey>, System.Func<TSource, TValue>)' and 'System.Linq.Enumerable.ToDictionary<TSource, TKey, TElement>(System.Collections.Generic.IEnumerable<TSource>, System.Func<TSource, TKey>, System.Func<TSource, TElement>)' [C:\Users\yolan\source\repos\AiDotNet\src\AiDotNet.csproj::TargetFramework=net8.0]
C:\Users\yolan\source\repos\AiDotNet\src\ProductionMonitoring\AlertManager.cs(141,50): error CS0121: The call is ambiguous between the following methods or properties: 'System.Linq.LinqExtensions.LastOrDefault<T>(System.Collections.Generic.IEnumerable<T>)' and 'System.Linq.Enumerable.LastOrDefault<TSource>(System.Collections.Generic.IEnumerable<TSource>)' [C:\Users\yolan\source\repos\AiDotNet\src\AiDotNet.csproj::TargetFramework=net8.0]
C:\Users\yolan\source\repos\AiDotNet\src\ProductionMonitoring\AlertManager.cs(132,34): error CS8629: Nullable value type may be null. [C:\Users\yolan\source\repos\AiDotNet\src\AiDotNet.csproj::TargetFramework=net8.0]
C:\Users\yolan\source\repos\AiDotNet\src\ProductionMonitoring\AlertManager.cs(161,39): error CS8601: Possible null reference assignment. [C:\Users\yolan\source\repos\AiDotNet\src\AiDotNet.csproj::TargetFramework=net8.0]
C:\Users\yolan\source\repos\AiDotNet\src\ProductionMonitoring\AlertManager.cs(183,61): error CS8601: Possible null reference assignment. [C:\Users\yolan\source\repos\AiDotNet\src\AiDotNet.csproj::TargetFramework=net8.0]
C:\Users\yolan\source\repos\AiDotNet\src\ProductionMonitoring\AlertManager.cs(325,34): error CS1998: This async method lacks 'await' operators and will run synchronously. Consider using the 'await' operator to await non-blocking API calls, or 'await Task.Run(...)' to do CPU-bound work on a background thread. [C:\Users\yolan\source\repos\AiDotNet\src\AiDotNet.csproj::TargetFramework=net8.0]
C:\Users\yolan\source\repos\AiDotNet\src\ProductionMonitoring\AlertManager.cs(391,24): error CS8603: Possible null reference return. [C:\Users\yolan\source\repos\AiDotNet\src\AiDotNet.csproj::TargetFramework=net8.0]
C:\Users\yolan\source\repos\AiDotNet\src\ProductionMonitoring\AlertManager.cs(393,20): error CS8603: Possible null reference return. [C:\Users\yolan\source\repos\AiDotNet\src\AiDotNet.csproj::TargetFramework=net8.0]
C:\Users\yolan\source\repos\AiDotNet\src\ProductionMonitoring\ModelHealthScorer.cs(418,36): error CS1998: This async method lacks 'await' operators and will run synchronously. Consider using the 'await' operator to await non-blocking API calls, or 'await Task.Run(...)' to do CPU-bound work on a background thread. [C:\Users\yolan\source\repos\AiDotNet\src\AiDotNet.csproj::TargetFramework=net8.0]
C:\Users\yolan\source\repos\AiDotNet\src\ProductionMonitoring\ModelHealthScorer.cs(443,36): error CS1998: This async method lacks 'await' operators and will run synchronously. Consider using the 'await' operator to await non-blocking API calls, or 'await Task.Run(...)' to do CPU-bound work on a background thread. [C:\Users\yolan\source\repos\AiDotNet\src\AiDotNet.csproj::TargetFramework=net8.0]
C:\Users\yolan\source\repos\AiDotNet\src\ProductionMonitoring\ModelHealthScorer.cs(466,36): error CS1998: This async method lacks 'await' operators and will run synchronously. Consider using the 'await' operator to await non-blocking API calls, or 'await Task.Run(...)' to do CPU-bound work on a background thread. [C:\Users\yolan\source\repos\AiDotNet\src\AiDotNet.csproj::TargetFramework=net8.0]
C:\Users\yolan\source\repos\AiDotNet\src\ProductionMonitoring\ModelHealthScorer.cs(487,36): error CS1998: This async method lacks 'await' operators and will run synchronously. Consider using the 'await' operator to await non-blocking API calls, or 'await Task.Run(...)' to do CPU-bound work on a background thread. [C:\Users\yolan\source\repos\AiDotNet\src\AiDotNet.csproj::TargetFramework=net8.0]
C:\Users\yolan\source\repos\AiDotNet\src\ProductionMonitoring\ModelHealthScorer.cs(506,36): error CS1998: This async method lacks 'await' operators and will run synchronously. Consider using the 'await' operator to await non-blocking API calls, or 'await Task.Run(...)' to do CPU-bound work on a background thread. [C:\Users\yolan\source\repos\AiDotNet\src\AiDotNet.csproj::TargetFramework=net8.0]
C:\Users\yolan\source\repos\AiDotNet\src\NeuralNetworks\DiffusionModels\LatentDiffusionModel.cs(31,20): error CS1503: Argument 1: cannot convert from 'int' to 'AiDotNet.NeuralNetworks.NeuralNetworkArchitecture<double>' [C:\Users\yolan\source\repos\AiDotNet\src\AiDotNet.csproj::TargetFramework=net8.0]
C:\Users\yolan\source\repos\AiDotNet\src\NeuralNetworks\DiffusionModels\LatentDiffusionModel.cs(31,31): error CS1503: Argument 2: cannot convert from 'double' to 'int' [C:\Users\yolan\source\repos\AiDotNet\src\AiDotNet.csproj::TargetFramework=net8.0]
C:\Users\yolan\source\repos\AiDotNet\src\NeuralNetworks\DiffusionModels\LatentDiffusionModel.cs(31,47): error CS1503: Argument 4: cannot convert from 'string' to 'double' [C:\Users\yolan\source\repos\AiDotNet\src\AiDotNet.csproj::TargetFramework=net8.0]
C:\Users\yolan\source\repos\AiDotNet\src\NeuralNetworks\DiffusionModels\FlowMatchingModel.cs(49,13): error CS0118: 'ModelCategory' is a type but is used like a variable [C:\Users\yolan\source\repos\AiDotNet\src\AiDotNet.csproj::TargetFramework=net8.0]
C:\Users\yolan\source\repos\AiDotNet\src\NeuralNetworks\DiffusionModels\DDIMModel.cs(25,20): error CS1503: Argument 1: cannot convert from 'int' to 'AiDotNet.NeuralNetworks.NeuralNetworkArchitecture<double>' [C:\Users\yolan\source\repos\AiDotNet\src\AiDotNet.csproj::TargetFramework=net8.0]
C:\Users\yolan\source\repos\AiDotNet\src\NeuralNetworks\DiffusionModels\DDIMModel.cs(25,31): error CS1503: Argument 2: cannot convert from 'double' to 'int' [C:\Users\yolan\source\repos\AiDotNet\src\AiDotNet.csproj::TargetFramework=net8.0]
C:\Users\yolan\source\repos\AiDotNet\src\NeuralNetworks\DiffusionModels\DDIMModel.cs(25,51): error CS1503: Argument 4: cannot convert from 'string' to 'double' [C:\Users\yolan\source\repos\AiDotNet\src\AiDotNet.csproj::TargetFramework=net8.0]
C:\Users\yolan\source\repos\AiDotNet\src\NeuralNetworks\DiffusionModels\LatentDiffusionModel.cs(74,47): error CS0122: 'DiffusionModel.timesteps' is inaccessible due to its protection level [C:\Users\yolan\source\repos\AiDotNet\src\AiDotNet.csproj::TargetFramework=net8.0]
C:\Users\yolan\source\repos\AiDotNet\src\NeuralNetworks\DiffusionModels\LatentDiffusionModel.cs(80,43): error CS8600: Converting null literal or possible null value to non-nullable type. [C:\Users\yolan\source\repos\AiDotNet\src\AiDotNet.csproj::TargetFramework=net8.0]
C:\Users\yolan\source\repos\AiDotNet\src\NeuralNetworks\DiffusionModels\LatentDiffusionModel.cs(89,70): error CS8604: Possible null reference argument for parameter 'conditioning' in 'Tensor<double> LatentDiffusionModel.ReverseStepConditional(Tensor<double> x, int t, Tensor<double> conditioning, Random random)'. [C:\Users\yolan\source\repos\AiDotNet\src\AiDotNet.csproj::TargetFramework=net8.0]
C:\Users\yolan\source\repos\AiDotNet\src\NeuralNetworks\DiffusionModels\DDIMModel.cs(39,26): error CS0122: 'DiffusionModel.GenerateNoise(int[], Random)' is inaccessible due to its protection level [C:\Users\yolan\source\repos\AiDotNet\src\AiDotNet.csproj::TargetFramework=net8.0]
C:\Users\yolan\source\repos\AiDotNet\src\NeuralNetworks\DiffusionModels\DDIMModel.cs(42,54): error CS0122: 'DiffusionModel.timesteps' is inaccessible due to its protection level [C:\Users\yolan\source\repos\AiDotNet\src\AiDotNet.csproj::TargetFramework=net8.0]
C:\Users\yolan\source\repos\AiDotNet\src\NeuralNetworks\DiffusionModels\LatentDiffusionModel.cs(107,68): error CS8604: Possible null reference argument for parameter 'conditioning' in 'Tensor<double> LatentDiffusionModel.GenerateConditional(int[] shape, Tensor<double> conditioning, int? seed)'. [C:\Users\yolan\source\repos\AiDotNet\src\AiDotNet.csproj::TargetFramework=net8.0]
C:\Users\yolan\source\repos\AiDotNet\src\NeuralNetworks\DiffusionModels\LatentDiffusionModel.cs(139,26): error CS0122: 'DiffusionModel.GenerateNoise(int[], Random)' is inaccessible due to its protection level [C:\Users\yolan\source\repos\AiDotNet\src\AiDotNet.csproj::TargetFramework=net8.0]
C:\Users\yolan\source\repos\AiDotNet\src\NeuralNetworks\DiffusionModels\LatentDiffusionModel.cs(145,26): error CS0122: 'DiffusionModel.timesteps' is inaccessible due to its protection level [C:\Users\yolan\source\repos\AiDotNet\src\AiDotNet.csproj::TargetFramework=net8.0]
C:\Users\yolan\source\repos\AiDotNet\src\NeuralNetworks\DiffusionModels\LatentDiffusionModel.cs(162,68): error CS8625: Cannot convert null literal to non-nullable reference type. [C:\Users\yolan\source\repos\AiDotNet\src\AiDotNet.csproj::TargetFramework=net8.0]
C:\Users\yolan\source\repos\AiDotNet\src\NeuralNetworks\DiffusionModels\LatentDiffusionModel.cs(180,41): error CS0122: 'DiffusionModel.noisePredictor' is inaccessible due to its protection level [C:\Users\yolan\source\repos\AiDotNet\src\AiDotNet.csproj::TargetFramework=net8.0]
C:\Users\yolan\source\repos\AiDotNet\src\NeuralNetworks\DiffusionModels\LatentDiffusionModel.cs(185,20): error CS0122: 'DiffusionModel.PredictNoise(Tensor<double>, Tensor<double>)' is inaccessible due to its protection level [C:\Users\yolan\source\repos\AiDotNet\src\AiDotNet.csproj::TargetFramework=net8.0]
C:\Users\yolan\source\repos\AiDotNet\src\NeuralNetworks\DiffusionModels\LatentDiffusionModel.cs(197,32): error CS0122: 'DiffusionModel.posteriorVariance' is inaccessible due to its protection level [C:\Users\yolan\source\repos\AiDotNet\src\AiDotNet.csproj::TargetFramework=net8.0]
C:\Users\yolan\source\repos\AiDotNet\src\NeuralNetworks\DiffusionModels\LatentDiffusionModel.cs(198,29): error CS0122: 'DiffusionModel.GenerateNoise(int[], Random)' is inaccessible due to its protection level [C:\Users\yolan\source\repos\AiDotNet\src\AiDotNet.csproj::TargetFramework=net8.0]
C:\Users\yolan\source\repos\AiDotNet\src\NeuralNetworks\DiffusionModels\FlowMatchingModel.cs(86,40): error CS1503: Argument 1: cannot convert from 'int[]' to 'int' [C:\Users\yolan\source\repos\AiDotNet\src\AiDotNet.csproj::TargetFramework=net8.0]
C:\Users\yolan\source\repos\AiDotNet\src\NeuralNetworks\DiffusionModels\FlowMatchingModel.cs(108,21): error CS1929: 'NeuralNetworkBase<double>' does not contain a definition for 'Backward' and the best extension method overload 'NeuralNetworkExtensions.Backward<Tensor<double>>(NeuralNetwork<Tensor<double>>, Tensor<double>)' requires a receiver of type 'AiDotNet.NeuralNetworks.NeuralNetwork<AiDotNet.LinearAlgebra.Tensor<double>>' [C:\Users\yolan\source\repos\AiDotNet\src\AiDotNet.csproj::TargetFramework=net8.0]
C:\Users\yolan\source\repos\AiDotNet\src\NeuralNetworks\DiffusionModels\FlowMatchingModel.cs(109,31): error CS1501: No overload for method 'Step' takes 2 arguments [C:\Users\yolan\source\repos\AiDotNet\src\AiDotNet.csproj::TargetFramework=net8.0]
C:\Users\yolan\source\repos\AiDotNet\src\NeuralNetworks\DiffusionModels\LatentDiffusionModel.cs(210,24): error CS0122: 'DiffusionModel.betas' is inaccessible due to its protection level [C:\Users\yolan\source\repos\AiDotNet\src\AiDotNet.csproj::TargetFramework=net8.0]
C:\Users\yolan\source\repos\AiDotNet\src\NeuralNetworks\DiffusionModels\LatentDiffusionModel.cs(211,25): error CS0122: 'DiffusionModel.alphas' is inaccessible due to its protection level [C:\Users\yolan\source\repos\AiDotNet\src\AiDotNet.csproj::TargetFramework=net8.0]
C:\Users\yolan\source\repos\AiDotNet\src\NeuralNetworks\DiffusionModels\LatentDiffusionModel.cs(212,32): error CS0122: 'DiffusionModel.alphasCumprod' is inaccessible due to its protection level [C:\Users\yolan\source\repos\AiDotNet\src\AiDotNet.csproj::TargetFramework=net8.0]
C:\Users\yolan\source\repos\AiDotNet\src\NeuralNetworks\DiffusionModels\LatentDiffusionModel.cs(213,37): error CS0122: 'DiffusionModel.sqrtOneMinusAlphasCumprod' is inaccessible due to its protection level [C:\Users\yolan\source\repos\AiDotNet\src\AiDotNet.csproj::TargetFramework=net8.0]
C:\Users\yolan\source\repos\AiDotNet\src\NeuralNetworks\DiffusionModels\LatentDiffusionModel.cs(216,28): error CS1503: Argument 1: cannot convert from 'double' to 'AiDotNet.LinearAlgebra.Tensor<double>' [C:\Users\yolan\source\repos\AiDotNet\src\AiDotNet.csproj::TargetFramework=net8.0]
C:\Users\yolan\source\repos\AiDotNet\src\NeuralNetworks\DiffusionModels\LatentDiffusionModel.cs(232,49): error CS1503: Argument 1: cannot convert from 'double' to 'AiDotNet.LinearAlgebra.Tensor<double>' [C:\Users\yolan\source\repos\AiDotNet\src\AiDotNet.csproj::TargetFramework=net8.0]
C:\Users\yolan\source\repos\AiDotNet\src\NeuralNetworks\DiffusionModels\ConsistencyModel.cs(135,44): error CS1503: Argument 1: cannot convert from 'int[]' to 'int' [C:\Users\yolan\source\repos\AiDotNet\src\AiDotNet.csproj::TargetFramework=net8.0]
C:\Users\yolan\source\repos\AiDotNet\src\NeuralNetworks\DiffusionModels\ConsistencyModel.cs(161,21): error CS1929: 'NeuralNetworkBase<double>' does not contain a definition for 'Backward' and the best extension method overload 'NeuralNetworkExtensions.Backward<Tensor<double>>(NeuralNetwork<Tensor<double>>, Tensor<double>)' requires a receiver of type 'AiDotNet.NeuralNetworks.NeuralNetwork<AiDotNet.LinearAlgebra.Tensor<double>>' [C:\Users\yolan\source\repos\AiDotNet\src\AiDotNet.csproj::TargetFramework=net8.0]
C:\Users\yolan\source\repos\AiDotNet\src\NeuralNetworks\DiffusionModels\ConsistencyModel.cs(162,31): error CS1501: No overload for method 'Step' takes 2 arguments [C:\Users\yolan\source\repos\AiDotNet\src\AiDotNet.csproj::TargetFramework=net8.0]
C:\Users\yolan\source\repos\AiDotNet\src\NeuralNetworks\DiffusionModels\LatentDiffusionModel.cs(266,81): error CS1503: Argument 1: cannot convert from 'int' to 'AiDotNet.LinearAlgebra.Tensor<double>' [C:\Users\yolan\source\repos\AiDotNet\src\AiDotNet.csproj::TargetFramework=net8.0]
C:\Users\yolan\source\repos\AiDotNet\src\NeuralNetworks\DiffusionModels\DDIMModel.cs(62,34): error CS0122: 'DiffusionModel.PredictNoise(Tensor<double>, Tensor<double>)' is inaccessible due to its protection level [C:\Users\yolan\source\repos\AiDotNet\src\AiDotNet.csproj::TargetFramework=net8.0]
C:\Users\yolan\source\repos\AiDotNet\src\NeuralNetworks\DiffusionModels\DDIMModel.cs(65,32): error CS0122: 'DiffusionModel.alphasCumprod' is inaccessible due to its protection level [C:\Users\yolan\source\repos\AiDotNet\src\AiDotNet.csproj::TargetFramework=net8.0]
C:\Users\yolan\source\repos\AiDotNet\src\NeuralNetworks\DiffusionModels\DDIMModel.cs(66,48): error CS0122: 'DiffusionModel.alphasCumprod' is inaccessible due to its protection level [C:\Users\yolan\source\repos\AiDotNet\src\AiDotNet.csproj::TargetFramework=net8.0]
C:\Users\yolan\source\repos\AiDotNet\src\NeuralNetworks\DiffusionModels\DDIMModel.cs(70,34): error CS1503: Argument 1: cannot convert from 'double' to 'AiDotNet.LinearAlgebra.Tensor<double>' [C:\Users\yolan\source\repos\AiDotNet\src\AiDotNet.csproj::TargetFramework=net8.0]
C:\Users\yolan\source\repos\AiDotNet\src\NeuralNetworks\DiffusionModels\DDIMModel.cs(87,29): error CS0122: 'DiffusionModel.GenerateNoise(int[], Random)' is inaccessible due to its protection level [C:\Users\yolan\source\repos\AiDotNet\src\AiDotNet.csproj::TargetFramework=net8.0]
C:\Users\yolan\source\repos\AiDotNet\src\NeuralNetworks\DiffusionModels\LatentDiffusionModel.cs(273,19): error CS0122: 'DiffusionModel.PredictNoise(Tensor<double>, Tensor<double>)' is inaccessible due to its protection level [C:\Users\yolan\source\repos\AiDotNet\src\AiDotNet.csproj::TargetFramework=net8.0]
C:\Users\yolan\source\repos\AiDotNet\src\NeuralNetworks\DiffusionModels\ConsistencyModel.cs(183,44): error CS1503: Argument 1: cannot convert from 'int[]' to 'int' [C:\Users\yolan\source\repos\AiDotNet\src\AiDotNet.csproj::TargetFramework=net8.0]
C:\Users\yolan\source\repos\AiDotNet\src\NeuralNetworks\DiffusionModels\ConsistencyModel.cs(211,68): error CS1061: 'Tensor<double>' does not contain a definition for 'Detach' and no accessible extension method 'Detach' accepting a first argument of type 'Tensor<double>' could be found (are you missing a using directive or an assembly reference?) [C:\Users\yolan\source\repos\AiDotNet\src\AiDotNet.csproj::TargetFramework=net8.0]
C:\Users\yolan\source\repos\AiDotNet\src\NeuralNetworks\DiffusionModels\ConsistencyModel.cs(212,21): error CS1929: 'NeuralNetworkBase<double>' does not contain a definition for 'Backward' and the best extension method overload 'NeuralNetworkExtensions.Backward<Tensor<double>>(NeuralNetwork<Tensor<double>>, Tensor<double>)' requires a receiver of type 'AiDotNet.NeuralNetworks.NeuralNetwork<AiDotNet.LinearAlgebra.Tensor<double>>' [C:\Users\yolan\source\repos\AiDotNet\src\AiDotNet.csproj::TargetFramework=net8.0]
C:\Users\yolan\source\repos\AiDotNet\src\NeuralNetworks\DiffusionModels\ConsistencyModel.cs(213,31): error CS1501: No overload for method 'Step' takes 2 arguments [C:\Users\yolan\source\repos\AiDotNet\src\AiDotNet.csproj::TargetFramework=net8.0]
C:\Users\yolan\source\repos\AiDotNet\src\NeuralNetworks\DiffusionModels\FlowMatchingModel.cs(283,40): error CS1503: Argument 1: cannot convert from 'int[]' to 'int' [C:\Users\yolan\source\repos\AiDotNet\src\AiDotNet.csproj::TargetFramework=net8.0]
C:\Users\yolan\source\repos\AiDotNet\src\NeuralNetworks\DiffusionModels\FlowMatchingModel.cs(288,27): error CS1503: Argument 1: cannot convert from '(AiDotNet.LinearAlgebra.Tensor<double>, ?)' to '(AiDotNet.LinearAlgebra.Tensor<double>, AiDotNet.LinearAlgebra.Tensor<double>)' [C:\Users\yolan\source\repos\AiDotNet\src\AiDotNet.csproj::TargetFramework=net8.0]
C:\Users\yolan\source\repos\AiDotNet\src\ProductionMonitoring\ModelHealthScorer.cs(761,28): error CS1998: This async method lacks 'await' operators and will run synchronously. Consider using the 'await' operator to await non-blocking API calls, or 'await Task.Run(...)' to do CPU-bound work on a background thread. [C:\Users\yolan\source\repos\AiDotNet\src\AiDotNet.csproj::TargetFramework=net8.0]
C:\Users\yolan\source\repos\AiDotNet\src\NeuralNetworks\DiffusionModels\FlowMatchingModel.cs(334,21): error CS1929: 'NeuralNetworkBase<double>' does not contain a definition for 'Backward' and the best extension method overload 'NeuralNetworkExtensions.Backward<Tensor<double>>(NeuralNetwork<Tensor<double>>, Tensor<double>)' requires a receiver of type 'AiDotNet.NeuralNetworks.NeuralNetwork<AiDotNet.LinearAlgebra.Tensor<double>>' [C:\Users\yolan\source\repos\AiDotNet\src\AiDotNet.csproj::TargetFramework=net8.0]
C:\Users\yolan\source\repos\AiDotNet\src\NeuralNetworks\DiffusionModels\FlowMatchingModel.cs(335,31): error CS1501: No overload for method 'Step' takes 2 arguments [C:\Users\yolan\source\repos\AiDotNet\src\AiDotNet.csproj::TargetFramework=net8.0]
C:\Users\yolan\source\repos\AiDotNet\src\Pipeline\PipelineSteps.cs(27,28): error CS0414: The field 'DataLoadingStep.loadedData' is assigned but its value is never used [C:\Users\yolan\source\repos\AiDotNet\src\AiDotNet.csproj::TargetFramework=net8.0]
C:\Users\yolan\source\repos\AiDotNet\src\Examples\FederatedLearningExample.cs(360,40): error CS8603: Possible null reference return. [C:\Users\yolan\source\repos\AiDotNet\src\AiDotNet.csproj::TargetFramework=net6.0]
C:\Users\yolan\source\repos\AiDotNet\src\Examples\FederatedLearningExample.cs(365,24): error CS8603: Possible null reference return. [C:\Users\yolan\source\repos\AiDotNet\src\AiDotNet.csproj::TargetFramework=net6.0]
C:\Users\yolan\source\repos\AiDotNet\src\Examples\FederatedLearningExample.cs(368,22): error CS8600: Converting null literal or possible null value to non-nullable type. [C:\Users\yolan\source\repos\AiDotNet\src\AiDotNet.csproj::TargetFramework=net6.0]
C:\Users\yolan\source\repos\AiDotNet\src\Examples\FederatedLearningExample.cs(373,20): error CS8603: Possible null reference return. [C:\Users\yolan\source\repos\AiDotNet\src\AiDotNet.csproj::TargetFramework=net6.0]
C:\Users\yolan\source\repos\AiDotNet\src\AutoML\GridSearchAutoML.cs(225,20): error CS0029: Cannot implicitly convert type 'void' to 'AiDotNet.Interfaces.IFullModel<T, TInput, TOutput>' [C:\Users\yolan\source\repos\AiDotNet\src\AiDotNet.csproj::TargetFramework=net6.0]
C:\Users\yolan\source\repos\AiDotNet\src\AutoML\RandomSearchAutoML.cs(260,20): error CS0029: Cannot implicitly convert type 'void' to 'AiDotNet.Interfaces.IFullModel<T, TInput, TOutput>' [C:\Users\yolan\source\repos\AiDotNet\src\AiDotNet.csproj::TargetFramework=net6.0]
C:\Users\yolan\source\repos\AiDotNet\src\AutoML\AutoMLModelBase.cs(511,67): error CS8978: 'T' cannot be made nullable. [C:\Users\yolan\source\repos\AiDotNet\src\AiDotNet.csproj::TargetFramework=net6.0]
C:\Users\yolan\source\repos\AiDotNet\src\AutoML\AutoMLModelBase.cs(512,75): error CS8978: 'T' cannot be made nullable. [C:\Users\yolan\source\repos\AiDotNet\src\AiDotNet.csproj::TargetFramework=net6.0]
C:\Users\yolan\source\repos\AiDotNet\src\AutoML\AutoMLModelBase.cs(513,79): error CS8978: 'T' cannot be made nullable. [C:\Users\yolan\source\repos\AiDotNet\src\AiDotNet.csproj::TargetFramework=net6.0]
C:\Users\yolan\source\repos\AiDotNet\src\AutoML\AutoMLModelBase.cs(514,76): error CS8978: 'T' cannot be made nullable. [C:\Users\yolan\source\repos\AiDotNet\src\AiDotNet.csproj::TargetFramework=net6.0]
C:\Users\yolan\source\repos\AiDotNet\src\AutoML\AutoMLModelBase.cs(515,72): error CS8978: 'T' cannot be made nullable. [C:\Users\yolan\source\repos\AiDotNet\src\AiDotNet.csproj::TargetFramework=net6.0]
C:\Users\yolan\source\repos\AiDotNet\src\AutoML\AutoMLModelBase.cs(516,66): error CS8978: 'T' cannot be made nullable. [C:\Users\yolan\source\repos\AiDotNet\src\AiDotNet.csproj::TargetFramework=net6.0]
C:\Users\yolan\source\repos\AiDotNet\src\AutoML\AutoMLModelBase.cs(517,68): error CS8978: 'T' cannot be made nullable. [C:\Users\yolan\source\repos\AiDotNet\src\AiDotNet.csproj::TargetFramework=net6.0]
C:\Users\yolan\source\repos\AiDotNet\src\AutoML\AutoMLModelBase.cs(518,65): error CS8978: 'T' cannot be made nullable. [C:\Users\yolan\source\repos\AiDotNet\src\AiDotNet.csproj::TargetFramework=net6.0]
C:\Users\yolan\source\repos\AiDotNet\src\AutoML\AutoMLModelBase.cs(519,62): error CS8978: 'T' cannot be made nullable. [C:\Users\yolan\source\repos\AiDotNet\src\AiDotNet.csproj::TargetFramework=net6.0]
C:\Users\yolan\source\repos\AiDotNet\src\AutoML\BayesianOptimizationAutoML.cs(582,20): error CS0029: Cannot implicitly convert type 'void' to 'AiDotNet.Interfaces.IFullModel<T, TInput, TOutput>' [C:\Users\yolan\source\repos\AiDotNet\src\AiDotNet.csproj::TargetFramework=net6.0]
C:\Users\yolan\source\repos\AiDotNet\src\MultimodalAI\MultimodalModelBase.cs(134,24): error CS7036: There is no argument given that corresponds to the required parameter 'inputs' of 'ModelStats<double, Matrix<double>, Vector<double>>.ModelStats(ModelStatsInputs<double, Matrix<double>, Vector<double>>, ModelType, ModelStatsOptions?)' [C:\Users\yolan\source\repos\AiDotNet\src\AiDotNet.csproj::TargetFramework=net6.0]
C:\Users\yolan\source\repos\AiDotNet\src\MultimodalAI\MultimodalModelBase.cs(136,17): error CS0117: 'ModelStats<double, Matrix<double>, Vector<double>>' does not contain a definition for 'Name' [C:\Users\yolan\source\repos\AiDotNet\src\AiDotNet.csproj::TargetFramework=net6.0]
C:\Users\yolan\source\repos\AiDotNet\src\MultimodalAI\MultimodalModelBase.cs(137,17): error CS0117: 'ModelStats<double, Matrix<double>, Vector<double>>' does not contain a definition for 'Type' [C:\Users\yolan\source\repos\AiDotNet\src\AiDotNet.csproj::TargetFramework=net6.0]
C:\Users\yolan\source\repos\AiDotNet\src\MultimodalAI\MultimodalModelBase.cs(138,17): error CS0117: 'ModelStats<double, Matrix<double>, Vector<double>>' does not contain a definition for 'Timestamp' [C:\Users\yolan\source\repos\AiDotNet\src\AiDotNet.csproj::TargetFramework=net6.0]
C:\Users\yolan\source\repos\AiDotNet\src\ProductionMonitoring\RetrainingRecommender.cs(175,58): error CS1998: This async method lacks 'await' operators and will run synchronously. Consider using the 'await' operator to await non-blocking API calls, or 'await Task.Run(...)' to do CPU-bound work on a background thread. [C:\Users\yolan\source\repos\AiDotNet\src\AiDotNet.csproj::TargetFramework=net6.0]
C:\Users\yolan\source\repos\AiDotNet\src\ProductionMonitoring\RetrainingRecommender.cs(187,58): error CS1998: This async method lacks 'await' operators and will run synchronously. Consider using the 'await' operator to await non-blocking API calls, or 'await Task.Run(...)' to do CPU-bound work on a background thread. [C:\Users\yolan\source\repos\AiDotNet\src\AiDotNet.csproj::TargetFramework=net6.0]
C:\Users\yolan\source\repos\AiDotNet\src\AutoML\NeuralArchitectureSearch.cs(319,84): error CS1739: The best overload for 'AdamOptimizer' does not have a parameter named 'learningRate' [C:\Users\yolan\source\repos\AiDotNet\src\AiDotNet.csproj::TargetFramework=net6.0]
C:\Users\yolan\source\repos\AiDotNet\src\AutoML\NeuralArchitectureSearch.cs(320,79): error CS1739: The best overload for 'AdamOptimizer' does not have a parameter named 'learningRate' [C:\Users\yolan\source\repos\AiDotNet\src\AiDotNet.csproj::TargetFramework=net6.0]
C:\Users\yolan\source\repos\AiDotNet\src\AutoML\NeuralArchitectureSearch.cs(327,39): error CS1501: No overload for method 'Step' takes 2 arguments [C:\Users\yolan\source\repos\AiDotNet\src\AiDotNet.csproj::TargetFramework=net6.0]
C:\Users\yolan\source\repos\AiDotNet\src\AutoML\NeuralArchitectureSearch.cs(332,34): error CS1501: No overload for method 'Step' takes 2 arguments [C:\Users\yolan\source\repos\AiDotNet\src\AiDotNet.csproj::TargetFramework=net6.0]
C:\Users\yolan\source\repos\AiDotNet\src\AutoML\NeuralArchitectureSearch.cs(380,31): error CS1061: 'BayesianOptimizationAutoML<T, Tensor<T>, Tensor<T>>' does not contain a definition for 'Search' and no accessible extension method 'Search' accepting a first argument of type 'BayesianOptimizationAutoML<T, Tensor<T>, Tensor<T>>' could be found (are you missing a using directive or an assembly reference?) [C:\Users\yolan\source\repos\AiDotNet\src\AiDotNet.csproj::TargetFramework=net6.0]
C:\Users\yolan\source\repos\AiDotNet\src\AutoML\NeuralArchitectureSearch.cs(383,45): error CS1061: 'BayesianOptimizationAutoML<T, Tensor<T>, Tensor<T>>' does not contain a definition for 'GetResults' and no accessible extension method 'GetResults' accepting a first argument of type 'BayesianOptimizationAutoML<T, Tensor<T>, Tensor<T>>' could be found (are you missing a using directive or an assembly reference?) [C:\Users\yolan\source\repos\AiDotNet\src\AiDotNet.csproj::TargetFramework=net6.0]
C:\Users\yolan\source\repos\AiDotNet\src\Pipeline\Steps\ParallelProcessingStep.cs(339,60): error CS0117: 'StatisticsHelper<double>' does not contain a definition for 'Variance' [C:\Users\yolan\source\repos\AiDotNet\src\AiDotNet.csproj::TargetFramework=net6.0]
C:\Users\yolan\source\repos\AiDotNet\src\AutoML\NeuralArchitectureSearch.cs(403,76): error CS1739: The best overload for 'AdamOptimizer' does not have a parameter named 'learningRate' [C:\Users\yolan\source\repos\AiDotNet\src\AiDotNet.csproj::TargetFramework=net6.0]
C:\Users\yolan\source\repos\AiDotNet\src\AutoML\NeuralArchitectureSearch.cs(408,81): error CS1503: Argument 4: cannot convert from 'AiDotNet.Optimizers.AdamOptimizer<T, AiDotNet.LinearAlgebra.Tensor<T>, AiDotNet.LinearAlgebra.Tensor<T>>' to 'AiDotNet.Interfaces.IOptimizer<double, AiDotNet.LinearAlgebra.Tensor<double>, AiDotNet.LinearAlgebra.Tensor<double>>' [C:\Users\yolan\source\repos\AiDotNet\src\AiDotNet.csproj::TargetFramework=net6.0]
C:\Users\yolan\source\repos\AiDotNet\src\AutoML\NeuralArchitectureSearch.cs(439,31): error CS7036: There is no argument given that corresponds to the required parameter 'architecture' of 'NeuralNetwork<T>.NeuralNetwork(NeuralNetworkArchitecture<T>, ILossFunction<T>?)' [C:\Users\yolan\source\repos\AiDotNet\src\AiDotNet.csproj::TargetFramework=net6.0]
C:\Users\yolan\source\repos\AiDotNet\src\AutoML\NeuralArchitectureSearch.cs(466,20): error CS0266: Cannot implicitly convert type 'AiDotNet.NeuralNetworks.NeuralNetwork<T>' to 'AiDotNet.Interfaces.INeuralNetworkModel<double>'. An explicit conversion exists (are you missing a cast?) [C:\Users\yolan\source\repos\AiDotNet\src\AiDotNet.csproj::TargetFramework=net6.0]
C:\Users\yolan\source\repos\AiDotNet\src\ProductionMonitoring\RetrainingRecommender.cs(317,48): error CS1998: This async method lacks 'await' operators and will run synchronously. Consider using the 'await' operator to await non-blocking API calls, or 'await Task.Run(...)' to do CPU-bound work on a background thread. [C:\Users\yolan\source\repos\AiDotNet\src\AiDotNet.csproj::TargetFramework=net6.0]
C:\Users\yolan\source\repos\AiDotNet\src\MultimodalAI\MultimodalData.cs(111,20): error CS8603: Possible null reference return. [C:\Users\yolan\source\repos\AiDotNet\src\AiDotNet.csproj::TargetFramework=net6.0]
C:\Users\yolan\source\repos\AiDotNet\src\ProductionMonitoring\RetrainingRecommender.cs(396,53): error CS0121: The call is ambiguous between the following methods or properties: 'System.Linq.LinqExtensions.LastOrDefault<T>(System.Collections.Generic.IEnumerable<T>)' and 'System.Linq.Enumerable.LastOrDefault<TSource>(System.Collections.Generic.IEnumerable<TSource>)' [C:\Users\yolan\source\repos\AiDotNet\src\AiDotNet.csproj::TargetFramework=net6.0]
C:\Users\yolan\source\repos\AiDotNet\src\PredictionModelBuilder.cs(776,13): error CS8604: Possible null reference argument for parameter 'args' in 'void ILogging.Debug(string message, params object[] args)'. [C:\Users\yolan\source\repos\AiDotNet\src\AiDotNet.csproj::TargetFramework=net6.0]
C:\Users\yolan\source\repos\AiDotNet\src\PredictionModelBuilder.cs(776,38): error CS8604: Possible null reference argument for parameter 'args' in 'void ILogging.Debug(string message, params object[] args)'. [C:\Users\yolan\source\repos\AiDotNet\src\AiDotNet.csproj::TargetFramework=net6.0]
C:\Users\yolan\source\repos\AiDotNet\src\AutoML\NeuralArchitectureSearch.cs(645,20): error CS8603: Possible null reference return. [C:\Users\yolan\source\repos\AiDotNet\src\AiDotNet.csproj::TargetFramework=net6.0]
C:\Users\yolan\source\repos\AiDotNet\src\PredictionModelBuilder.cs(859,13): error CS8604: Possible null reference argument for parameter 'args' in 'void ILogging.Debug(string message, params object[] args)'. [C:\Users\yolan\source\repos\AiDotNet\src\AiDotNet.csproj::TargetFramework=net6.0]
C:\Users\yolan\source\repos\AiDotNet\src\PredictionModelBuilder.cs(932,25): error CS8604: Possible null reference argument for parameter 'args' in 'void ILogging.Information(string message, params object[] args)'. [C:\Users\yolan\source\repos\AiDotNet\src\AiDotNet.csproj::TargetFramework=net6.0]
C:\Users\yolan\source\repos\AiDotNet\src\PredictionModelBuilder.cs(932,38): error CS8604: Possible null reference argument for parameter 'args' in 'void ILogging.Information(string message, params object[] args)'. [C:\Users\yolan\source\repos\AiDotNet\src\AiDotNet.csproj::TargetFramework=net6.0]
C:\Users\yolan\source\repos\AiDotNet\src\ProductionMonitoring\RetrainingRecommender.cs(430,54): error CS1998: This async method lacks 'await' operators and will run synchronously. Consider using the 'await' operator to await non-blocking API calls, or 'await Task.Run(...)' to do CPU-bound work on a background thread. [C:\Users\yolan\source\repos\AiDotNet\src\AiDotNet.csproj::TargetFramework=net6.0]
C:\Users\yolan\source\repos\AiDotNet\src\ProductionMonitoring\RetrainingRecommender.cs(533,18): error CS0121: The call is ambiguous between the following methods or properties: 'System.Linq.LinqExtensions.ToDictionary<TSource, TKey, TValue>(System.Collections.Generic.IEnumerable<TSource>, System.Func<TSource, TKey>, System.Func<TSource, TValue>)' and 'System.Linq.Enumerable.ToDictionary<TSource, TKey, TElement>(System.Collections.Generic.IEnumerable<TSource>, System.Func<TSource, TKey>, System.Func<TSource, TElement>)' [C:\Users\yolan\source\repos\AiDotNet\src\AiDotNet.csproj::TargetFramework=net6.0]
C:\Users\yolan\source\repos\AiDotNet\src\PredictionModelBuilder.cs(1065,42): error CS1061: 'IMultimodalModel<T, TInput, TOutput>' does not contain a definition for 'AddModality' and no accessible extension method 'AddModality' accepting a first argument of type 'IMultimodalModel<T, TInput, TOutput>' could be found (are you missing a using directive or an assembly reference?) [C:\Users\yolan\source\repos\AiDotNet\src\AiDotNet.csproj::TargetFramework=net6.0]
C:\Users\yolan\source\repos\AiDotNet\src\PredictionModelBuilder.cs(1068,34): error CS1061: 'IMultimodalModel<T, TInput, TOutput>' does not contain a definition for 'SetFusionStrategy' and no accessible extension method 'SetFusionStrategy' accepting a first argument of type 'IMultimodalModel<T, TInput, TOutput>' could be found (are you missing a using directive or an assembly reference?) [C:\Users\yolan\source\repos\AiDotNet\src\AiDotNet.csproj::TargetFramework=net6.0]
C:\Users\yolan\source\repos\AiDotNet\src\PredictionModelBuilder.cs(1080,38): error CS1061: 'IFoundationModel<T, TInput, TOutput>' does not contain a definition for 'ConfigureFineTuning' and no accessible extension method 'ConfigureFineTuning' accepting a first argument of type 'IFoundationModel<T, TInput, TOutput>' could be found (are you missing a using directive or an assembly reference?) [C:\Users\yolan\source\repos\AiDotNet\src\AiDotNet.csproj::TargetFramework=net6.0]
C:\Users\yolan\source\repos\AiDotNet\src\PredictionModelBuilder.cs(1098,34): error CS1061: 'IAutoMLModel<T, TInput, TOutput>' does not contain a definition for 'ConfigureSearchSpace' and no accessible extension method 'ConfigureSearchSpace' accepting a first argument of type 'IAutoMLModel<T, TInput, TOutput>' could be found (are you missing a using directive or an assembly reference?) [C:\Users\yolan\source\repos\AiDotNet\src\AiDotNet.csproj::TargetFramework=net6.0]
C:\Users\yolan\source\repos\AiDotNet\src\PredictionModelBuilder.cs(1102,34): error CS1061: 'IAutoMLModel<T, TInput, TOutput>' does not contain a definition for 'SetTimeLimit' and no accessible extension method 'SetTimeLimit' accepting a first argument of type 'IAutoMLModel<T, TInput, TOutput>' could be found (are you missing a using directive or an assembly reference?) [C:\Users\yolan\source\repos\AiDotNet\src\AiDotNet.csproj::TargetFramework=net6.0]
C:\Users\yolan\source\repos\AiDotNet\src\PredictionModelBuilder.cs(1106,34): error CS1061: 'IAutoMLModel<T, TInput, TOutput>' does not contain a definition for 'SetTrialLimit' and no accessible extension method 'SetTrialLimit' accepting a first argument of type 'IAutoMLModel<T, TInput, TOutput>' could be found (are you missing a using directive or an assembly reference?) [C:\Users\yolan\source\repos\AiDotNet\src\AiDotNet.csproj::TargetFramework=net6.0]
C:\Users\yolan\source\repos\AiDotNet\src\PredictionModelBuilder.cs(1110,34): error CS1061: 'IAutoMLModel<T, TInput, TOutput>' does not contain a definition for 'EnableNAS' and no accessible extension method 'EnableNAS' accepting a first argument of type 'IAutoMLModel<T, TInput, TOutput>' could be found (are you missing a using directive or an assembly reference?) [C:\Users\yolan\source\repos\AiDotNet\src\AiDotNet.csproj::TargetFramework=net6.0]
C:\Users\yolan\source\repos\AiDotNet\src\PredictionModelBuilder.cs(1114,38): error CS1061: 'IAutoMLModel<T, TInput, TOutput>' does not contain a definition for 'SearchBestModel' and no accessible extension method 'SearchBestModel' accepting a first argument of type 'IAutoMLModel<T, TInput, TOutput>' could be found (are you missing a using directive or an assembly reference?) [C:\Users\yolan\source\repos\AiDotNet\src\AiDotNet.csproj::TargetFramework=net6.0]
C:\Users\yolan\source\repos\AiDotNet\src\PredictionModelBuilder.cs(1140,37): error CS1061: 'IInterpretableModel<T, TInput, TOutput>' does not contain a definition for 'SetBaseModel' and no accessible extension method 'SetBaseModel' accepting a first argument of type 'IInterpretableModel<T, TInput, TOutput>' could be found (are you missing a using directive or an assembly reference?) [C:\Users\yolan\source\repos\AiDotNet\src\AiDotNet.csproj::TargetFramework=net6.0]
C:\Users\yolan\source\repos\AiDotNet\src\PredictionModelBuilder.cs(1145,45): error CS1061: 'IInterpretableModel<T, TInput, TOutput>' does not contain a definition for 'EnableMethod' and no accessible extension method 'EnableMethod' accepting a first argument of type 'IInterpretableModel<T, TInput, TOutput>' could be found (are you missing a using directive or an assembly reference?) [C:\Users\yolan\source\repos\AiDotNet\src\AiDotNet.csproj::TargetFramework=net6.0]
C:\Users\yolan\source\repos\AiDotNet\src\PredictionModelBuilder.cs(1150,41): error CS1061: 'IInterpretableModel<T, TInput, TOutput>' does not contain a definition for 'ConfigureFairness' and no accessible extension method 'ConfigureFairness' accepting a first argument of type 'IInterpretableModel<T, TInput, TOutput>' could be found (are you missing a using directive or an assembly reference?) [C:\Users\yolan\source\repos\AiDotNet\src\AiDotNet.csproj::TargetFramework=net6.0]
C:\Users\yolan\source\repos\AiDotNet\src\PredictionModelBuilder.cs(1152,25): error CS0266: Cannot implicitly convert type 'AiDotNet.Interfaces.IInterpretableModel<T, TInput, TOutput>' to 'AiDotNet.Interfaces.IFullModel<T, TInput, TOutput>'. An explicit conversion exists (are you missing a cast?) [C:\Users\yolan\source\repos\AiDotNet\src\AiDotNet.csproj::TargetFramework=net6.0]
C:\Users\yolan\source\repos\AiDotNet\src\PredictionModelBuilder.cs(1161,40): error CS1061: 'IProductionMonitor<T, TInput, TOutput>' does not contain a definition for 'ConfigureDriftDetection' and no accessible extension method 'ConfigureDriftDetection' accepting a first argument of type 'IProductionMonitor<T, TInput, TOutput>' could be found (are you missing a using directive or an assembly reference?) [C:\Users\yolan\source\repos\AiDotNet\src\AiDotNet.csproj::TargetFramework=net6.0]
C:\Users\yolan\source\repos\AiDotNet\src\PredictionModelBuilder.cs(1165,40): error CS1061: 'IProductionMonitor<T, TInput, TOutput>' does not contain a definition for 'ConfigureRetraining' and no accessible extension method 'ConfigureRetraining' accepting a first argument of type 'IProductionMonitor<T, TInput, TOutput>' could be found (are you missing a using directive or an assembly reference?) [C:\Users\yolan\source\repos\AiDotNet\src\AiDotNet.csproj::TargetFramework=net6.0]
C:\Users\yolan\source\repos\AiDotNet\src\PredictionModelBuilder.cs(1210,57): error CS1061: 'IPipelineStep<T, TInput, TOutput>' does not contain a definition for 'FitTransform' and no accessible extension method 'FitTransform' accepting a first argument of type 'IPipelineStep<T, TInput, TOutput>' could be found (are you missing a using directive or an assembly reference?) [C:\Users\yolan\source\repos\AiDotNet\src\AiDotNet.csproj::TargetFramework=net6.0]
C:\Users\yolan\source\repos\AiDotNet\src\ReinforcementLearning\Tournament\Results\TournamentResult.cs(106,45): error CS0121: The call is ambiguous between the following methods or properties: 'System.Linq.LinqExtensions.ToDictionary<TSource, TKey, TValue>(System.Collections.Generic.IEnumerable<TSource>, System.Func<TSource, TKey>, System.Func<TSource, TValue>)' and 'System.Linq.Enumerable.ToDictionary<TSource, TKey, TElement>(System.Collections.Generic.IEnumerable<TSource>, System.Func<TSource, TKey>, System.Func<TSource, TElement>)' [C:\Users\yolan\source\repos\AiDotNet\src\AiDotNet.csproj::TargetFramework=net6.0]
C:\Users\yolan\source\repos\AiDotNet\src\ReinforcementLearning\Tournament\Results\TournamentResult.cs(111,41): error CS0121: The call is ambiguous between the following methods or properties: 'System.Linq.LinqExtensions.ToDictionary<TSource, TKey, TValue>(System.Collections.Generic.IEnumerable<TSource>, System.Func<TSource, TKey>, System.Func<TSource, TValue>)' and 'System.Linq.Enumerable.ToDictionary<TSource, TKey, TElement>(System.Collections.Generic.IEnumerable<TSource>, System.Func<TSource, TKey>, System.Func<TSource, TElement>)' [C:\Users\yolan\source\repos\AiDotNet\src\AiDotNet.csproj::TargetFramework=net6.0]
C:\Users\yolan\source\repos\AiDotNet\src\ReinforcementLearning\Tournament\Results\TournamentResult.cs(116,33): error CS0121: The call is ambiguous between the following methods or properties: 'System.Linq.LinqExtensions.ToDictionary<TSource, TKey, TValue>(System.Collections.Generic.IEnumerable<TSource>, System.Func<TSource, TKey>, System.Func<TSource, TValue>)' and 'System.Linq.Enumerable.ToDictionary<TSource, TKey, TElement>(System.Collections.Generic.IEnumerable<TSource>, System.Func<TSource, TKey>, System.Func<TSource, TElement>)' [C:\Users\yolan\source\repos\AiDotNet\src\AiDotNet.csproj::TargetFramework=net6.0]
C:\Users\yolan\source\repos\AiDotNet\src\PredictionModelBuilder.cs(1485,17): error CS0019: Operator '!=' cannot be applied to operands of type 'T' and '<null>' [C:\Users\yolan\source\repos\AiDotNet\src\AiDotNet.csproj::TargetFramework=net6.0]
C:\Users\yolan\source\repos\AiDotNet\src\ProductionMonitoring\RetrainingRecommender.cs(804,36): error CS1998: This async method lacks 'await' operators and will run synchronously. Consider using the 'await' operator to await non-blocking API calls, or 'await Task.Run(...)' to do CPU-bound work on a background thread. [C:\Users\yolan\source\repos\AiDotNet\src\AiDotNet.csproj::TargetFramework=net6.0]
C:\Users\yolan\source\repos\AiDotNet\src\Deployment\Techniques\ModelQuantizer.cs(856,17): error CS8602: Dereference of a possibly null reference. [C:\Users\yolan\source\repos\AiDotNet\src\AiDotNet.csproj::TargetFramework=net6.0]
C:\Users\yolan\source\repos\AiDotNet\src\Deployment\Techniques\ModelQuantizer.cs(868,33): error CS8602: Dereference of a possibly null reference. [C:\Users\yolan\source\repos\AiDotNet\src\AiDotNet.csproj::TargetFramework=net6.0]
C:\Users\yolan\source\repos\AiDotNet\src\Deployment\Techniques\ModelQuantizer.cs(883,35): error CS8602: Dereference of a possibly null reference. [C:\Users\yolan\source\repos\AiDotNet\src\AiDotNet.csproj::TargetFramework=net6.0]
C:\Users\yolan\source\repos\AiDotNet\src\Deployment\Techniques\ModelQuantizer.cs(896,26): error CS8602: Dereference of a possibly null reference. [C:\Users\yolan\source\repos\AiDotNet\src\AiDotNet.csproj::TargetFramework=net6.0]
C:\Users\yolan\source\repos\AiDotNet\src\Compression\Hardware\InferenceOptimizer.cs(87,51): error CS0117: 'Vector<double>' does not contain a definition for 'IsHardwareAccelerated' [C:\Users\yolan\source\repos\AiDotNet\src\AiDotNet.csproj::TargetFramework=net6.0]
C:\Users\yolan\source\repos\AiDotNet\src\FitDetectors\ShapleyValueFitDetector.cs(69,50): error CS0121: The call is ambiguous between the following methods or properties: 'System.Linq.LinqExtensions.ToDictionary<TSource, TKey, TValue>(System.Collections.Generic.IEnumerable<TSource>, System.Func<TSource, TKey>, System.Func<TSource, TValue>)' and 'System.Linq.Enumerable.ToDictionary<TSource, TKey, TElement>(System.Collections.Generic.IEnumerable<TSource>, System.Func<TSource, TKey>, System.Func<TSource, TElement>)' [C:\Users\yolan\source\repos\AiDotNet\src\AiDotNet.csproj::TargetFramework=net6.0]
C:\Users\yolan\source\repos\AiDotNet\src\Deployment\Techniques\ModelQuantizer.cs(914,45): error CS1061: 'ILayer<double>' does not contain a definition for 'GetParameterCount' and no accessible extension method 'GetParameterCount' accepting a first argument of type 'ILayer<double>' could be found (are you missing a using directive or an assembly reference?) [C:\Users\yolan\source\repos\AiDotNet\src\AiDotNet.csproj::TargetFramework=net6.0]
C:\Users\yolan\source\repos\AiDotNet\src\Deployment\Techniques\ModelQuantizer.cs(912,35): error CS8602: Dereference of a possibly null reference. [C:\Users\yolan\source\repos\AiDotNet\src\AiDotNet.csproj::TargetFramework=net6.0]
C:\Users\yolan\source\repos\AiDotNet\src\Deployment\Techniques\ModelQuantizer.cs(968,36): error CS8602: Dereference of a possibly null reference. [C:\Users\yolan\source\repos\AiDotNet\src\AiDotNet.csproj::TargetFramework=net6.0]
C:\Users\yolan\source\repos\AiDotNet\src\Deployment\Techniques\ModelQuantizer.cs(977,26): error CS8602: Dereference of a possibly null reference. [C:\Users\yolan\source\repos\AiDotNet\src\AiDotNet.csproj::TargetFramework=net6.0]
C:\Users\yolan\source\repos\AiDotNet\src\Compression\Hardware\InferenceOptimizer.cs(359,63): error CS0117: 'Vector<double>' does not contain a definition for 'IsHardwareAccelerated' [C:\Users\yolan\source\repos\AiDotNet\src\AiDotNet.csproj::TargetFramework=net6.0]
C:\Users\yolan\source\repos\AiDotNet\src\Deployment\Techniques\ModelQuantizer.cs(989,33): error CS8602: Dereference of a possibly null reference. [C:\Users\yolan\source\repos\AiDotNet\src\AiDotNet.csproj::TargetFramework=net6.0]
C:\Users\yolan\source\repos\AiDotNet\src\NeuralNetworks\VisionTransformer.cs(731,49): error CS1061: 'LayerType' does not contain a definition for 'Attention' and no accessible extension method 'Attention' accepting a first argument of type 'LayerType' could be found (are you missing a using directive or an assembly reference?) [C:\Users\yolan\source\repos\AiDotNet\src\AiDotNet.csproj::TargetFramework=net6.0]
C:\Users\yolan\source\repos\AiDotNet\src\NeuralNetworks\VisionTransformer.cs(99,40): error CS1501: No overload for method 'Repeat' takes 3 arguments [C:\Users\yolan\source\repos\AiDotNet\src\AiDotNet.csproj::TargetFramework=net6.0]
C:\Users\yolan\source\repos\AiDotNet\src\NeuralNetworks\VisionTransformer.cs(100,45): error CS1503: Argument 1: cannot convert from 'AiDotNet.LinearAlgebra.Vector<T>' to 'AiDotNet.LinearAlgebra.Tensor<double>' [C:\Users\yolan\source\repos\AiDotNet\src\AiDotNet.csproj::TargetFramework=net6.0]
C:\Users\yolan\source\repos\AiDotNet\src\FederatedLearning\Server\FederatedServer.cs(370,81): error CS1503: Argument 4: cannot convert from 'AiDotNet.FederatedLearning.PrivacySettings' to 'AiDotNet.FederatedLearning.Privacy.PrivacySettings' [C:\Users\yolan\source\repos\AiDotNet\src\AiDotNet.csproj::TargetFramework=net6.0]
C:\Users\yolan\source\repos\AiDotNet\src\NeuralNetworks\VisionTransformer.cs(162,40): error CS1501: No overload for method 'Repeat' takes 3 arguments [C:\Users\yolan\source\repos\AiDotNet\src\AiDotNet.csproj::TargetFramework=net6.0]
C:\Users\yolan\source\repos\AiDotNet\src\NeuralNetworks\VisionTransformer.cs(163,45): error CS1503: Argument 1: cannot convert from 'AiDotNet.LinearAlgebra.Vector<T>' to 'AiDotNet.LinearAlgebra.Tensor<double>' [C:\Users\yolan\source\repos\AiDotNet\src\AiDotNet.csproj::TargetFramework=net6.0]
C:\Users\yolan\source\repos\AiDotNet\src\FitDetectors\ShapleyValueFitDetector.cs(288,14): error CS0121: The call is ambiguous between the following methods or properties: 'System.Linq.LinqExtensions.ToDictionary<TSource, TKey, TValue>(System.Collections.Generic.IEnumerable<TSource>, System.Func<TSource, TKey>, System.Func<TSource, TValue>)' and 'System.Linq.Enumerable.ToDictionary<TSource, TKey, TElement>(System.Collections.Generic.IEnumerable<TSource>, System.Func<TSource, TKey>, System.Func<TSource, TElement>)' [C:\Users\yolan\source\repos\AiDotNet\src\AiDotNet.csproj::TargetFramework=net6.0]
C:\Users\yolan\source\repos\AiDotNet\src\Statistics\ErrorStats.cs(851,36): error CS0121: The call is ambiguous between the following methods or properties: 'System.Linq.LinqExtensions.ToDictionary<TSource, TKey, TValue>(System.Collections.Generic.IEnumerable<TSource>, System.Func<TSource, TKey>, System.Func<TSource, TValue>)' and 'System.Linq.Enumerable.ToDictionary<TSource, TKey, TElement>(System.Collections.Generic.IEnumerable<TSource>, System.Func<TSource, TKey>, System.Func<TSource, TElement>)' [C:\Users\yolan\source\repos\AiDotNet\src\AiDotNet.csproj::TargetFramework=net6.0]
C:\Users\yolan\source\repos\AiDotNet\src\NeuralNetworks\VisionTransformer.cs(435,91): error CS1503: Argument 2: cannot convert from 'double[]' to 'AiDotNet.LinearAlgebra.Vector<double>' [C:\Users\yolan\source\repos\AiDotNet\src\AiDotNet.csproj::TargetFramework=net6.0]
C:\Users\yolan\source\repos\AiDotNet\src\NeuralNetworks\VisionTransformer.cs(444,71): error CS1503: Argument 2: cannot convert from 'double[]' to 'AiDotNet.LinearAlgebra.Vector<double>' [C:\Users\yolan\source\repos\AiDotNet\src\AiDotNet.csproj::TargetFramework=net6.0]
C:\Users\yolan\source\repos\AiDotNet\src\NeuralNetworks\NeuralNetworkBase.cs(1470,57): error CS1503: Argument 2: cannot convert from 'AiDotNet.Enums.ActivationFunction' to 'int' [C:\Users\yolan\source\repos\AiDotNet\src\AiDotNet.csproj::TargetFramework=net6.0]
C:\Users\yolan\source\repos\AiDotNet\src\NeuralNetworks\NeuralNetworkBase.cs(1483,25): error CS1729: 'ConvolutionalLayer<T>' does not contain a constructor that takes 4 arguments [C:\Users\yolan\source\repos\AiDotNet\src\AiDotNet.csproj::TargetFramework=net6.0]
C:\Users\yolan\source\repos\AiDotNet\src\NeuralNetworks\NeuralNetworkBase.cs(1492,25): error CS1729: 'LSTMLayer<T>' does not contain a constructor that takes 2 arguments [C:\Users\yolan\source\repos\AiDotNet\src\AiDotNet.csproj::TargetFramework=net6.0]
C:\Users\yolan\source\repos\AiDotNet\src\NeuralNetworks\NeuralNetworkBase.cs(1510,25): error CS7036: There is no argument given that corresponds to the required parameter 'featureSize' of 'BatchNormalizationLayer<T>.BatchNormalizationLayer(int, double, double)' [C:\Users\yolan\source\repos\AiDotNet\src\AiDotNet.csproj::TargetFramework=net6.0]
C:\Users\yolan\source\repos\AiDotNet\src\NeuralNetworks\NeuralNetworkBase.cs(1519,25): error CS7036: There is no argument given that corresponds to the required parameter 'poolSize' of 'MaxPoolingLayer<T>.MaxPoolingLayer(int[], int, int)' [C:\Users\yolan\source\repos\AiDotNet\src\AiDotNet.csproj::TargetFramework=net6.0]
C:\Users\yolan\source\repos\AiDotNet\src\NeuralNetworks\DiffusionModels\ScoreSDE.cs(51,13): error CS0118: 'ModelCategory' is a type but is used like a variable [C:\Users\yolan\source\repos\AiDotNet\src\AiDotNet.csproj::TargetFramework=net6.0]
C:\Users\yolan\source\repos\AiDotNet\src\NeuralNetworks\DiffusionModel.cs(134,40): error CS1503: Argument 1: cannot convert from 'double' to 'AiDotNet.LinearAlgebra.Tensor<double>' [C:\Users\yolan\source\repos\AiDotNet\src\AiDotNet.csproj::TargetFramework=net6.0]
C:\Users\yolan\source\repos\AiDotNet\src\NeuralNetworks\DiffusionModels\ScoreSDE.cs(194,40): error CS1503: Argument 1: cannot convert from 'int[]' to 'int' [C:\Users\yolan\source\repos\AiDotNet\src\AiDotNet.csproj::TargetFramework=net6.0]
C:\Users\yolan\source\repos\AiDotNet\src\NeuralNetworks\DiffusionModels\ScoreSDE.cs(215,21): error CS1929: 'NeuralNetworkBase<double>' does not contain a definition for 'Backward' and the best extension method overload 'NeuralNetworkExtensions.Backward<Tensor<double>>(NeuralNetwork<Tensor<double>>, Tensor<double>)' requires a receiver of type 'AiDotNet.NeuralNetworks.NeuralNetwork<AiDotNet.LinearAlgebra.Tensor<double>>' [C:\Users\yolan\source\repos\AiDotNet\src\AiDotNet.csproj::TargetFramework=net6.0]
C:\Users\yolan\source\repos\AiDotNet\src\NeuralNetworks\DiffusionModels\ScoreSDE.cs(216,31): error CS1501: No overload for method 'Step' takes 2 arguments [C:\Users\yolan\source\repos\AiDotNet\src\AiDotNet.csproj::TargetFramework=net6.0]
C:\Users\yolan\source\repos\AiDotNet\src\Examples\ModernAIExample.cs(76,37): error CS1503: Argument 1: cannot convert from 'AiDotNet.Interfaces.FineTuningConfig' to 'AiDotNet.Models.Options.FineTuningOptions<double>' [C:\Users\yolan\source\repos\AiDotNet\src\AiDotNet.csproj::TargetFramework=net6.0]
C:\Users\yolan\source\repos\AiDotNet\src\NeuralNetworks\DiffusionModel.cs(195,44): error CS1503: Argument 1: cannot convert from 'int[]' to 'int' [C:\Users\yolan\source\repos\AiDotNet\src\AiDotNet.csproj::TargetFramework=net6.0]
C:\Users\yolan\source\repos\AiDotNet\src\NeuralNetworks\DiffusionModel.cs(211,21): error CS1929: 'NeuralNetworkBase<double>' does not contain a definition for 'Backward' and the best extension method overload 'NeuralNetworkExtensions.Backward<Tensor<double>>(NeuralNetwork<Tensor<double>>, Tensor<double>)' requires a receiver of type 'AiDotNet.NeuralNetworks.NeuralNetwork<AiDotNet.LinearAlgebra.Tensor<double>>' [C:\Users\yolan\source\repos\AiDotNet\src\AiDotNet.csproj::TargetFramework=net6.0]
C:\Users\yolan\source\repos\AiDotNet\src\NeuralNetworks\DiffusionModel.cs(212,31): error CS1501: No overload for method 'Step' takes 2 arguments [C:\Users\yolan\source\repos\AiDotNet\src\AiDotNet.csproj::TargetFramework=net6.0]
C:\Users\yolan\source\repos\AiDotNet\src\NeuralNetworks\DiffusionModels\ScoreSDE.cs(226,91): error CS0117: 'Tensor<double>' does not contain a definition for 'Zeros' [C:\Users\yolan\source\repos\AiDotNet\src\AiDotNet.csproj::TargetFramework=net6.0]
C:\Users\yolan\source\repos\AiDotNet\src\Examples\ModernAIExample.cs(111,36): error CS1503: Argument 1: cannot convert from 'AiDotNet.Examples.CLIPMultimodalModel<double>' to 'AiDotNet.Interfaces.IMultimodalModel<double, AiDotNet.Examples.MultimodalInput<double>, AiDotNet.LinearAlgebra.Vector<double>>' [C:\Users\yolan\source\repos\AiDotNet\src\AiDotNet.csproj::TargetFramework=net6.0]
C:\Users\yolan\source\repos\AiDotNet\src\Examples\ModernAIExample.cs(159,49): error CS1061: 'IInterpretableModel<double, Matrix<double>, Vector<double>>' does not contain a definition for 'GetFeatureImportance' and no accessible extension method 'GetFeatureImportance' accepting a first argument of type 'IInterpretableModel<double, Matrix<double>, Vector<double>>' could be found (are you missing a using directive or an assembly reference?) [C:\Users\yolan\source\repos\AiDotNet\src\AiDotNet.csproj::TargetFramework=net6.0]
C:\Users\yolan\source\repos\AiDotNet\src\Examples\ModernAIExample.cs(203,38): error CS1061: 'IProductionMonitor<double, Matrix<double>, Vector<double>>' does not contain a definition for 'CheckDataDrift' and no accessible extension method 'CheckDataDrift' accepting a first argument of type 'IProductionMonitor<double, Matrix<double>, Vector<double>>' could be found (are you missing a using directive or an assembly reference?) [C:\Users\yolan\source\repos\AiDotNet\src\AiDotNet.csproj::TargetFramework=net6.0]
C:\Users\yolan\source\repos\AiDotNet\src\Examples\ModernAIExample.cs(206,25): error CS1061: 'IProductionMonitor<double, Matrix<double>, Vector<double>>' does not contain a definition for 'ShouldRetrain' and no accessible extension method 'ShouldRetrain' accepting a first argument of type 'IProductionMonitor<double, Matrix<double>, Vector<double>>' could be found (are you missing a using directive or an assembly reference?) [C:\Users\yolan\source\repos\AiDotNet\src\AiDotNet.csproj::TargetFramework=net6.0]
C:\Users\yolan\source\repos\AiDotNet\src\Examples\ModernAIExample.cs(236,35): error CS7036: There is no argument given that corresponds to the required parameter 'architecture' of 'NeuralNetworkModel<double>.NeuralNetworkModel(NeuralNetworkArchitecture<double>)' [C:\Users\yolan\source\repos\AiDotNet\src\AiDotNet.csproj::TargetFramework=net6.0]
C:\Users\yolan\source\repos\AiDotNet\src\Examples\ModernAIExample.cs(244,34): error CS7036: There is no argument given that corresponds to the required parameter 'architecture' of 'NeuralNetworkModel<double>.NeuralNetworkModel(NeuralNetworkArchitecture<double>)' [C:\Users\yolan\source\repos\AiDotNet\src\AiDotNet.csproj::TargetFramework=net6.0]
C:\Users\yolan\source\repos\AiDotNet\src\NeuralNetworks\DiffusionModels\ScoreSDE.cs(313,70): error CS0117: 'Tensor<double>' does not contain a definition for 'Zeros' [C:\Users\yolan\source\repos\AiDotNet\src\AiDotNet.csproj::TargetFramework=net6.0]
C:\Users\yolan\source\repos\AiDotNet\src\Examples\ModernAIExample.cs(308,21): error CS1061: 'IPredictionModelBuilder<double, Matrix<double>, Vector<double>>' does not contain a definition for 'SetModel' and no accessible extension method 'SetModel' accepting a first argument of type 'IPredictionModelBuilder<double, Matrix<double>, Vector<double>>' could be found (are you missing a using directive or an assembly reference?) [C:\Users\yolan\source\repos\AiDotNet\src\AiDotNet.csproj::TargetFramework=net6.0]
C:\Users\yolan\source\repos\AiDotNet\src\Examples\ModernAIExample.cs(309,44): error CS7036: There is no argument given that corresponds to the required parameter 'model' of 'GradientDescentOptimizer<double, Matrix<double>, Vector<double>>.GradientDescentOptimizer(IFullModel<double, Matrix<double>, Vector<double>>, GradientDescentOptimizerOptions<double, Matrix<double>, Vector<double>>?)' [C:\Users\yolan\source\repos\AiDotNet\src\AiDotNet.csproj::TargetFramework=net6.0]
C:\Users\yolan\source\repos\AiDotNet\src\Examples\ModernAIExample.cs(312,21): error CS1061: 'IPredictionModelBuilder<double, Matrix<double>, Vector<double>>' does not contain a definition for 'SetModel' and no accessible extension method 'SetModel' accepting a first argument of type 'IPredictionModelBuilder<double, Matrix<double>, Vector<double>>' could be found (are you missing a using directive or an assembly reference?) [C:\Users\yolan\source\repos\AiDotNet\src\AiDotNet.csproj::TargetFramework=net6.0]
C:\Users\yolan\source\repos\AiDotNet\src\Examples\ModernAIExample.cs(313,44): error CS7036: There is no argument given that corresponds to the required parameter 'model' of 'AdamOptimizer<double, Matrix<double>, Vector<double>>.AdamOptimizer(IFullModel<double, Matrix<double>, Vector<double>>, AdamOptimizerOptions<double, Matrix<double>, Vector<double>>?)' [C:\Users\yolan\source\repos\AiDotNet\src\AiDotNet.csproj::TargetFramework=net6.0]
C:\Users\yolan\source\repos\AiDotNet\src\Examples\FederatedLearningExample.cs(170,41): error CS1501: No overload for method 'NextGaussian' takes 2 arguments [C:\Users\yolan\source\repos\AiDotNet\src\AiDotNet.csproj::TargetFramework=net6.0]
C:\Users\yolan\source\repos\AiDotNet\src\Examples\FederatedLearningExample.cs(231,43): error CS0121: The call is ambiguous between the following methods or properties: 'System.Linq.LinqExtensions.ToDictionary<TSource, TKey, TValue>(System.Collections.Generic.IEnumerable<TSource>, System.Func<TSource, TKey>, System.Func<TSource, TValue>)' and 'System.Linq.Enumerable.ToDictionary<TSource, TKey, TElement>(System.Collections.Generic.IEnumerable<TSource>, System.Func<TSource, TKey>, System.Func<TSource, TElement>)' [C:\Users\yolan\source\repos\AiDotNet\src\AiDotNet.csproj::TargetFramework=net6.0]
C:\Users\yolan\source\repos\AiDotNet\src\Examples\FederatedLearningExample.cs(235,17): error CS0104: 'FederatedAggregationStrategy' is an ambiguous reference between 'AiDotNet.Enums.FederatedAggregationStrategy' and 'AiDotNet.FederatedLearning.FederatedAggregationStrategy' [C:\Users\yolan\source\repos\AiDotNet\src\AiDotNet.csproj::TargetFramework=net6.0]
C:\Users\yolan\source\repos\AiDotNet\src\Examples\ComprehensiveModernAIExample.cs(118,27): error CS7036: There is no argument given that corresponds to the required parameter 'architecture' of 'VisionTransformer.VisionTransformer(NeuralNetworkArchitecture<double>, int, int, int, int, int, int, int, double, ILossFunction<double>?, double)' [C:\Users\yolan\source\repos\AiDotNet\src\AiDotNet.csproj::TargetFramework=net6.0]
C:\Users\yolan\source\repos\AiDotNet\src\Examples\ComprehensiveModernAIExample.cs(113,35): error CS1998: This async method lacks 'await' operators and will run synchronously. Consider using the 'await' operator to await non-blocking API calls, or 'await Task.Run(...)' to do CPU-bound work on a background thread. [C:\Users\yolan\source\repos\AiDotNet\src\AiDotNet.csproj::TargetFramework=net6.0]
C:\Users\yolan\source\repos\AiDotNet\src\Examples\ComprehensiveModernAIExample.cs(151,28): error CS7036: There is no argument given that corresponds to the required parameter 'architecture' of 'DiffusionModel.DiffusionModel(NeuralNetworkArchitecture<double>, int, double, double, ILossFunction<double>?, double)' [C:\Users\yolan\source\repos\AiDotNet\src\AiDotNet.csproj::TargetFramework=net6.0]
C:\Users\yolan\source\repos\AiDotNet\src\Examples\ComprehensiveModernAIExample.cs(216,32): error CS7036: There is no argument given that corresponds to the required parameter 'architecture' of 'ScoreSDE.ScoreSDE(NeuralNetworkArchitecture<double>, INeuralNetworkModel<double>, ScoreSDE.SDEType, double, double, double, ISolver, ILossFunction<double>?, double)' [C:\Users\yolan\source\repos\AiDotNet\src\AiDotNet.csproj::TargetFramework=net6.0]
C:\Users\yolan\source\repos\AiDotNet\src\Examples\ComprehensiveModernAIExample.cs(240,35): error CS7036: There is no argument given that corresponds to the required parameter 'architecture' of 'ConsistencyModel.ConsistencyModel(NeuralNetworkArchitecture<double>, INeuralNetworkModel<double>, double, double, int, double, ConsistencyModel.ScheduleType, bool, ILossFunction<double>?, double)' [C:\Users\yolan\source\repos\AiDotNet\src\AiDotNet.csproj::TargetFramework=net6.0]
C:\Users\yolan\source\repos\AiDotNet\src\Examples\ComprehensiveModernAIExample.cs(266,36): error CS7036: There is no argument given that corresponds to the required parameter 'architecture' of 'FlowMatchingModel.FlowMatchingModel(NeuralNetworkArchitecture<double>, INeuralNetworkModel<double>, FlowMatchingModel.FlowType, double, bool, int, ILossFunction<double>?, double)' [C:\Users\yolan\source\repos\AiDotNet\src\AiDotNet.csproj::TargetFramework=net6.0]
C:\Users\yolan\source\repos\AiDotNet\src\Examples\ComprehensiveModernAIExample.cs(285,87): error CS1739: The best overload for 'AdamOptimizer' does not have a parameter named 'learningRate' [C:\Users\yolan\source\repos\AiDotNet\src\AiDotNet.csproj::TargetFramework=net6.0]
C:\Users\yolan\source\repos\AiDotNet\src\Examples\ComprehensiveModernAIExample.cs(377,29): error CS7036: There is no argument given that corresponds to the required parameter 'architecture' of 'NeuralNetwork<double>.NeuralNetwork(NeuralNetworkArchitecture<double>, ILossFunction<double>?)' [C:\Users\yolan\source\repos\AiDotNet\src\AiDotNet.csproj::TargetFramework=net6.0]
C:\Users\yolan\source\repos\AiDotNet\src\Examples\ComprehensiveModernAIExample.cs(407,37): error CS0305: Using the generic type 'MobileOptimizer<TInput, TOutput, TMetadata>' requires 3 type arguments [C:\Users\yolan\source\repos\AiDotNet\src\AiDotNet.csproj::TargetFramework=net6.0]
C:\Users\yolan\source\repos\AiDotNet\src\Examples\ComprehensiveModernAIExample.cs(437,35): error CS1998: This async method lacks 'await' operators and will run synchronously. Consider using the 'await' operator to await non-blocking API calls, or 'await Task.Run(...)' to do CPU-bound work on a background thread. [C:\Users\yolan\source\repos\AiDotNet\src\AiDotNet.csproj::TargetFramework=net6.0]
C:\Users\yolan\source\repos\AiDotNet\src\Examples\ComprehensiveModernAIExample.cs(457,28): error CS7036: There is no argument given that corresponds to the required parameter 'architecture' of 'NeuralNetwork<double>.NeuralNetwork(NeuralNetworkArchitecture<double>, ILossFunction<double>?)' [C:\Users\yolan\source\repos\AiDotNet\src\AiDotNet.csproj::TargetFramework=net6.0]
C:\Users\yolan\source\repos\AiDotNet\src\Examples\ComprehensiveModernAIExample.cs(485,28): error CS7036: There is no argument given that corresponds to the required parameter 'architecture' of 'NeuralNetwork<double>.NeuralNetwork(NeuralNetworkArchitecture<double>, ILossFunction<double>?)' [C:\Users\yolan\source\repos\AiDotNet\src\AiDotNet.csproj::TargetFramework=net6.0]
C:\Users\yolan\source\repos\AiDotNet\src\Examples\ComprehensiveModernAIExample.cs(495,32): error CS7036: There is no argument given that corresponds to the required parameter 'architecture' of 'NeuralNetwork<double>.NeuralNetwork(NeuralNetworkArchitecture<double>, ILossFunction<double>?)' [C:\Users\yolan\source\repos\AiDotNet\src\AiDotNet.csproj::TargetFramework=net6.0]
C:\Users\yolan\source\repos\AiDotNet\src\Examples\ComprehensiveModernAIExample.cs(505,38): error CS7036: There is no argument given that corresponds to the required parameter 'architecture' of 'NeuralNetwork<double>.NeuralNetwork(NeuralNetworkArchitecture<double>, ILossFunction<double>?)' [C:\Users\yolan\source\repos\AiDotNet\src\AiDotNet.csproj::TargetFramework=net6.0]
C:\Users\yolan\source\repos\AiDotNet\src\Examples\ComprehensiveModernAIExample.cs(515,35): error CS7036: There is no argument given that corresponds to the required parameter 'architecture' of 'NeuralNetwork<double>.NeuralNetwork(NeuralNetworkArchitecture<double>, ILossFunction<double>?)' [C:\Users\yolan\source\repos\AiDotNet\src\AiDotNet.csproj::TargetFramework=net6.0]
C:\Users\yolan\source\repos\AiDotNet\src\Pipeline\PipelineSteps.cs(1815,59): error CS1061: 'EnsembleConfig' does not contain a definition for 'EnsembleType' and no accessible extension method 'EnsembleType' accepting a first argument of type 'EnsembleConfig' could be found (are you missing a using directive or an assembly reference?) [C:\Users\yolan\source\repos\AiDotNet\src\AiDotNet.csproj::TargetFramework=net6.0]
C:\Users\yolan\source\repos\AiDotNet\src\Pipeline\PipelineSteps.cs(858,23): error CS0144: Cannot create an instance of the abstract type or interface 'ProductionMonitorBase' [C:\Users\yolan\source\repos\AiDotNet\src\AiDotNet.csproj::TargetFramework=net6.0]
C:\Users\yolan\source\repos\AiDotNet\src\Pipeline\PipelineSteps.cs(783,17): error CS0117: 'DeploymentInfo' does not contain a definition for 'DeploymentId' [C:\Users\yolan\source\repos\AiDotNet\src\AiDotNet.csproj::TargetFramework=net6.0]
C:\Users\yolan\source\repos\AiDotNet\src\Pipeline\PipelineSteps.cs(784,17): error CS0117: 'DeploymentInfo' does not contain a definition for 'Target' [C:\Users\yolan\source\repos\AiDotNet\src\AiDotNet.csproj::TargetFramework=net6.0]
C:\Users\yolan\source\repos\AiDotNet\src\Pipeline\PipelineSteps.cs(787,17): error CS0117: 'DeploymentInfo' does not contain a definition for 'Metadata' [C:\Users\yolan\source\repos\AiDotNet\src\AiDotNet.csproj::TargetFramework=net6.0]
C:\Users\yolan\source\repos\AiDotNet\src\Pipeline\Steps\DataValidationStep.cs(85,61): error CS0117: 'StatisticsHelper<double>' does not contain a definition for 'Mean' [C:\Users\yolan\source\repos\AiDotNet\src\AiDotNet.csproj::TargetFramework=net6.0]
C:\Users\yolan\source\repos\AiDotNet\src\Pipeline\Steps\DataValidationStep.cs(86,63): error CS0117: 'StatisticsHelper<double>' does not contain a definition for 'StandardDeviation' [C:\Users\yolan\source\repos\AiDotNet\src\AiDotNet.csproj::TargetFramework=net6.0]
C:\Users\yolan\source\repos\AiDotNet\src\Pipeline\PipelineSteps.cs(813,22): error CS0104: 'DeploymentTarget' is an ambiguous reference between 'AiDotNet.Deployment.DeploymentTarget' and 'AiDotNet.Enums.DeploymentTarget' [C:\Users\yolan\source\repos\AiDotNet\src\AiDotNet.csproj::TargetFramework=net6.0]
C:\Users\yolan\source\repos\AiDotNet\src\Pipeline\PipelineSteps.cs(815,22): error CS0104: 'DeploymentTarget' is an ambiguous reference between 'AiDotNet.Deployment.DeploymentTarget' and 'AiDotNet.Enums.DeploymentTarget' [C:\Users\yolan\source\repos\AiDotNet\src\AiDotNet.csproj::TargetFramework=net6.0]
C:\Users\yolan\source\repos\AiDotNet\src\Pipeline\PipelineSteps.cs(817,22): error CS0104: 'DeploymentTarget' is an ambiguous reference between 'AiDotNet.Deployment.DeploymentTarget' and 'AiDotNet.Enums.DeploymentTarget' [C:\Users\yolan\source\repos\AiDotNet\src\AiDotNet.csproj::TargetFramework=net6.0]
C:\Users\yolan\source\repos\AiDotNet\src\Pipeline\PipelineSteps.cs(820,28): error CS0144: Cannot create an instance of the abstract type or interface 'ModelOptimizer<Matrix<double>, Vector<double>, ModelMetaData<double>>' [C:\Users\yolan\source\repos\AiDotNet\src\AiDotNet.csproj::TargetFramework=net6.0]
C:\Users\yolan\source\repos\AiDotNet\src\Pipeline\PipelineSteps.cs(835,28): error CS0144: Cannot create an instance of the abstract type or interface 'ModelOptimizer<Matrix<double>, Vector<double>, ModelMetaData<double>>' [C:\Users\yolan\source\repos\AiDotNet\src\AiDotNet.csproj::TargetFramework=net6.0]
C:\Users\yolan\source\repos\AiDotNet\src\Pipeline\PipelineSteps.cs(481,41): error CS1061: 'PredictionModelBuilder<double, Matrix<double>, Vector<double>>' does not contain a definition for 'BuildModel' and no accessible extension method 'BuildModel' accepting a first argument of type 'PredictionModelBuilder<double, Matrix<double>, Vector<double>>' could be found (are you missing a using directive or an assembly reference?) [C:\Users\yolan\source\repos\AiDotNet\src\AiDotNet.csproj::TargetFramework=net6.0]
C:\Users\yolan\source\repos\AiDotNet\src\Pipeline\PipelineSteps.cs(570,17): error CS0117: 'BayesianOptimizationAutoML<double, Matrix<double>, Vector<double>>' does not contain a definition for 'TimeLimit' [C:\Users\yolan\source\repos\AiDotNet\src\AiDotNet.csproj::TargetFramework=net6.0]
C:\Users\yolan\source\repos\AiDotNet\src\Pipeline\PipelineSteps.cs(571,17): error CS0117: 'BayesianOptimizationAutoML<double, Matrix<double>, Vector<double>>' does not contain a definition for 'TrialLimit' [C:\Users\yolan\source\repos\AiDotNet\src\AiDotNet.csproj::TargetFramework=net6.0]
C:\Users\yolan\source\repos\AiDotNet\src\Pipeline\PipelineSteps.cs(577,24): error CS1061: 'BayesianOptimizationAutoML<double, Matrix<double>, Vector<double>>' does not contain a definition for 'SetModelsToTry' and no accessible extension method 'SetModelsToTry' accepting a first argument of type 'BayesianOptimizationAutoML<double, Matrix<double>, Vector<double>>' could be found (are you missing a using directive or an assembly reference?) [C:\Users\yolan\source\repos\AiDotNet\src\AiDotNet.csproj::TargetFramework=net6.0]
C:\Users\yolan\source\repos\AiDotNet\src\Pipeline\PipelineSteps.cs(629,24): error CS7036: There is no argument given that corresponds to the required parameter 'architecture' of 'NeuralNetwork<double>.NeuralNetwork(NeuralNetworkArchitecture<double>, ILossFunction<double>?)' [C:\Users\yolan\source\repos\AiDotNet\src\AiDotNet.csproj::TargetFramework=net6.0]
C:\Users\yolan\source\repos\AiDotNet\src\Pipeline\PipelineConfigurations.cs(141,54): error CS8625: Cannot convert null literal to non-nullable reference type. [C:\Users\yolan\source\repos\AiDotNet\src\AiDotNet.csproj::TargetFramework=net6.0]
C:\Users\yolan\source\repos\AiDotNet\src\Pipeline\PipelineConfigurations.cs(71,83): error CS1061: 'OptimizationMode' does not contain a definition for 'Balanced' and no accessible extension method 'Balanced' accepting a first argument of type 'OptimizationMode' could be found (are you missing a using directive or an assembly reference?) [C:\Users\yolan\source\repos\AiDotNet\src\AiDotNet.csproj::TargetFramework=net6.0]
C:\Users\yolan\source\repos\AiDotNet\src\Pipeline\MLPipelineBuilder.cs(50,23): error CS1503: Argument 1: cannot convert from 'AiDotNet.Pipeline.DataLoadingStep' to 'AiDotNet.Interfaces.IPipelineStep<double, AiDotNet.LinearAlgebra.Tensor<double>, AiDotNet.LinearAlgebra.Tensor<double>>' [C:\Users\yolan\source\repos\AiDotNet\src\AiDotNet.csproj::TargetFramework=net6.0]
C:\Users\yolan\source\repos\AiDotNet\src\Pipeline\MLPipelineBuilder.cs(60,23): error CS1503: Argument 1: cannot convert from 'AiDotNet.Pipeline.DataLoadingStep' to 'AiDotNet.Interfaces.IPipelineStep<double, AiDotNet.LinearAlgebra.Tensor<double>, AiDotNet.LinearAlgebra.Tensor<double>>' [C:\Users\yolan\source\repos\AiDotNet\src\AiDotNet.csproj::TargetFramework=net6.0]
C:\Users\yolan\source\repos\AiDotNet\src\Pipeline\MLPipelineBuilder.cs(71,23): error CS1503: Argument 1: cannot convert from 'AiDotNet.Pipeline.DataCleaningStep' to 'AiDotNet.Interfaces.IPipelineStep<double, AiDotNet.LinearAlgebra.Tensor<double>, AiDotNet.LinearAlgebra.Tensor<double>>' [C:\Users\yolan\source\repos\AiDotNet\src\AiDotNet.csproj::TargetFramework=net6.0]
C:\Users\yolan\source\repos\AiDotNet\src\Pipeline\MLPipeline.cs(46,32): error CS1061: 'IPipelineStep<double, Tensor<double>, Tensor<double>>' does not contain a definition for 'ExecuteAsync' and no accessible extension method 'ExecuteAsync' accepting a first argument of type 'IPipelineStep<double, Tensor<double>, Tensor<double>>' could be found (are you missing a using directive or an assembly reference?) [C:\Users\yolan\source\repos\AiDotNet\src\AiDotNet.csproj::TargetFramework=net6.0]
C:\Users\yolan\source\repos\AiDotNet\src\Pipeline\MLPipelineBuilder.cs(82,23): error CS1503: Argument 1: cannot convert from 'AiDotNet.Pipeline.FeatureEngineeringStep' to 'AiDotNet.Interfaces.IPipelineStep<double, AiDotNet.LinearAlgebra.Tensor<double>, AiDotNet.LinearAlgebra.Tensor<double>>' [C:\Users\yolan\source\repos\AiDotNet\src\AiDotNet.csproj::TargetFramework=net6.0]
C:\Users\yolan\source\repos\AiDotNet\src\Pipeline\PipelineSteps.cs(124,28): error CS0029: Cannot implicitly convert type 'AiDotNet.LinearAlgebra.Tensor<double>' to 'System.Collections.Generic.Dictionary<string, object>' [C:\Users\yolan\source\repos\AiDotNet\src\AiDotNet.csproj::TargetFramework=net6.0]
C:\Users\yolan\source\repos\AiDotNet\src\Pipeline\PipelineSteps.cs(125,21): error CS1061: 'PipelineContext<double, Tensor<double>, Tensor<double>>' does not contain a definition for 'Labels' and no accessible extension method 'Labels' accepting a first argument of type 'PipelineContext<double, Tensor<double>, Tensor<double>>' could be found (are you missing a using directive or an assembly reference?) [C:\Users\yolan\source\repos\AiDotNet\src\AiDotNet.csproj::TargetFramework=net6.0]
C:\Users\yolan\source\repos\AiDotNet\src\Pipeline\PipelineSteps.cs(132,21): error CS1501: No overload for method 'this' takes 2 arguments [C:\Users\yolan\source\repos\AiDotNet\src\AiDotNet.csproj::TargetFramework=net6.0]
C:\Users\yolan\source\repos\AiDotNet\src\Pipeline\PipelineSteps.cs(134,25): error CS1061: 'PipelineContext<double, Tensor<double>, Tensor<double>>' does not contain a definition for 'Labels' and no accessible extension method 'Labels' accepting a first argument of type 'PipelineContext<double, Tensor<double>, Tensor<double>>' could be found (are you missing a using directive or an assembly reference?) [C:\Users\yolan\source\repos\AiDotNet\src\AiDotNet.csproj::TargetFramework=net6.0]
C:\Users\yolan\source\repos\AiDotNet\src\Pipeline\MLPipelineBuilder.cs(91,23): error CS1503: Argument 1: cannot convert from 'AiDotNet.Pipeline.DataSplittingStep' to 'AiDotNet.Interfaces.IPipelineStep<double, AiDotNet.LinearAlgebra.Tensor<double>, AiDotNet.LinearAlgebra.Tensor<double>>' [C:\Users\yolan\source\repos\AiDotNet\src\AiDotNet.csproj::TargetFramework=net6.0]
C:\Users\yolan\source\repos\AiDotNet\src\Pipeline\MLPipelineBuilder.cs(102,23): error CS1503: Argument 1: cannot convert from 'AiDotNet.Pipeline.DataAugmentationStep' to 'AiDotNet.Interfaces.IPipelineStep<double, AiDotNet.LinearAlgebra.Tensor<double>, AiDotNet.LinearAlgebra.Tensor<double>>' [C:\Users\yolan\source\repos\AiDotNet\src\AiDotNet.csproj::TargetFramework=net6.0]
C:\Users\yolan\source\repos\AiDotNet\src\Pipeline\PipelineOrchestrator.cs(280,56): error CS0121: The call is ambiguous between the following methods or properties: 'System.Linq.LinqExtensions.LastOrDefault<T>(System.Collections.Generic.IEnumerable<T>)' and 'System.Linq.Enumerable.LastOrDefault<TSource>(System.Collections.Generic.IEnumerable<TSource>)' [C:\Users\yolan\source\repos\AiDotNet\src\AiDotNet.csproj::TargetFramework=net6.0]
C:\Users\yolan\source\repos\AiDotNet\src\MultimodalAI\EarlyFusionMultimodal.cs(71,31): error CS8602: Dereference of a possibly null reference. [C:\Users\yolan\source\repos\AiDotNet\src\AiDotNet.csproj::TargetFramework=net6.0]
C:\Users\yolan\source\repos\AiDotNet\src\Pipeline\MLPipelineBuilder.cs(111,23): error CS1503: Argument 1: cannot convert from 'AiDotNet.Pipeline.NormalizationStep' to 'AiDotNet.Interfaces.IPipelineStep<double, AiDotNet.LinearAlgebra.Tensor<double>, AiDotNet.LinearAlgebra.Tensor<double>>' [C:\Users\yolan\source\repos\AiDotNet\src\AiDotNet.csproj::TargetFramework=net6.0]
C:\Users\yolan\source\repos\AiDotNet\src\Pipeline\MLPipelineBuilder.cs(123,23): error CS1503: Argument 1: cannot convert from 'AiDotNet.Pipeline.ModelTrainingStep' to 'AiDotNet.Interfaces.IPipelineStep<double, AiDotNet.LinearAlgebra.Tensor<double>, AiDotNet.LinearAlgebra.Tensor<double>>' [C:\Users\yolan\source\repos\AiDotNet\src\AiDotNet.csproj::TargetFramework=net6.0]
C:\Users\yolan\source\repos\AiDotNet\src\Pipeline\MLPipelineBuilder.cs(135,23): error CS1503: Argument 1: cannot convert from 'AiDotNet.Pipeline.ModelTrainingStep' to 'AiDotNet.Interfaces.IPipelineStep<double, AiDotNet.LinearAlgebra.Tensor<double>, AiDotNet.LinearAlgebra.Tensor<double>>' [C:\Users\yolan\source\repos\AiDotNet\src\AiDotNet.csproj::TargetFramework=net6.0]
C:\Users\yolan\source\repos\AiDotNet\src\Pipeline\MLPipelineBuilder.cs(147,23): error CS1503: Argument 1: cannot convert from 'AiDotNet.Pipeline.ModelTrainingStep' to 'AiDotNet.Interfaces.IPipelineStep<double, AiDotNet.LinearAlgebra.Tensor<double>, AiDotNet.LinearAlgebra.Tensor<double>>' [C:\Users\yolan\source\repos\AiDotNet\src\AiDotNet.csproj::TargetFramework=net6.0]
C:\Users\yolan\source\repos\AiDotNet\src\MultimodalAI\CrossAttentionMultimodal.cs(110,32): error CS8602: Dereference of a possibly null reference. [C:\Users\yolan\source\repos\AiDotNet\src\AiDotNet.csproj::TargetFramework=net6.0]
C:\Users\yolan\source\repos\AiDotNet\src\MultimodalAI\LateFusionMultimodal.cs(105,31): error CS8602: Dereference of a possibly null reference. [C:\Users\yolan\source\repos\AiDotNet\src\AiDotNet.csproj::TargetFramework=net6.0]
C:\Users\yolan\source\repos\AiDotNet\src\Pipeline\MLPipelineBuilder.cs(158,23): error CS1503: Argument 1: cannot convert from 'AiDotNet.Pipeline.ModelTrainingStep' to 'AiDotNet.Interfaces.IPipelineStep<double, AiDotNet.LinearAlgebra.Tensor<double>, AiDotNet.LinearAlgebra.Tensor<double>>' [C:\Users\yolan\source\repos\AiDotNet\src\AiDotNet.csproj::TargetFramework=net6.0]
C:\Users\yolan\source\repos\AiDotNet\src\Pipeline\Steps\DataValidationStep.cs(295,57): error CS0117: 'StatisticsHelper<double>' does not contain a definition for 'StandardDeviation' [C:\Users\yolan\source\repos\AiDotNet\src\AiDotNet.csproj::TargetFramework=net6.0]
C:\Users\yolan\source\repos\AiDotNet\src\Pipeline\MLPipelineBuilder.cs(167,23): error CS1503: Argument 1: cannot convert from 'AiDotNet.Pipeline.CrossValidationStep' to 'AiDotNet.Interfaces.IPipelineStep<double, AiDotNet.LinearAlgebra.Tensor<double>, AiDotNet.LinearAlgebra.Tensor<double>>' [C:\Users\yolan\source\repos\AiDotNet\src\AiDotNet.csproj::TargetFramework=net6.0]
C:\Users\yolan\source\repos\AiDotNet\src\Pipeline\PipelineResult.cs(268,32): error CS0121: The call is ambiguous between the following methods or properties: 'System.Linq.LinqExtensions.ToDictionary<TSource, TKey, TValue>(System.Collections.Generic.IEnumerable<TSource>, System.Func<TSource, TKey>, System.Func<TSource, TValue>)' and 'System.Linq.Enumerable.ToDictionary<TSource, TKey, TElement>(System.Collections.Generic.IEnumerable<TSource>, System.Func<TSource, TKey>, System.Func<TSource, TElement>)' [C:\Users\yolan\source\repos\AiDotNet\src\AiDotNet.csproj::TargetFramework=net6.0]
C:\Users\yolan\source\repos\AiDotNet\src\Pipeline\MLPipelineBuilder.cs(176,23): error CS1503: Argument 1: cannot convert from 'AiDotNet.Pipeline.EvaluationStep' to 'AiDotNet.Interfaces.IPipelineStep<double, AiDotNet.LinearAlgebra.Tensor<double>, AiDotNet.LinearAlgebra.Tensor<double>>' [C:\Users\yolan\source\repos\AiDotNet\src\AiDotNet.csproj::TargetFramework=net6.0]
C:\Users\yolan\source\repos\AiDotNet\src\Pipeline\MLPipelineBuilder.cs(187,23): error CS1503: Argument 1: cannot convert from 'AiDotNet.Pipeline.HyperparameterTuningStep' to 'AiDotNet.Interfaces.IPipelineStep<double, AiDotNet.LinearAlgebra.Tensor<double>, AiDotNet.LinearAlgebra.Tensor<double>>' [C:\Users\yolan\source\repos\AiDotNet\src\AiDotNet.csproj::TargetFramework=net6.0]
C:\Users\yolan\source\repos\AiDotNet\src\Pipeline\MLPipelineBuilder.cs(196,23): error CS1503: Argument 1: cannot convert from 'AiDotNet.Pipeline.InterpretabilityStep' to 'AiDotNet.Interfaces.IPipelineStep<double, AiDotNet.LinearAlgebra.Tensor<double>, AiDotNet.LinearAlgebra.Tensor<double>>' [C:\Users\yolan\source\repos\AiDotNet\src\AiDotNet.csproj::TargetFramework=net6.0]
C:\Users\yolan\source\repos\AiDotNet\src\Pipeline\MLPipelineBuilder.cs(205,23): error CS1503: Argument 1: cannot convert from 'AiDotNet.Pipeline.ModelCompressionStep' to 'AiDotNet.Interfaces.IPipelineStep<double, AiDotNet.LinearAlgebra.Tensor<double>, AiDotNet.LinearAlgebra.Tensor<double>>' [C:\Users\yolan\source\repos\AiDotNet\src\AiDotNet.csproj::TargetFramework=net6.0]
C:\Users\yolan\source\repos\AiDotNet\src\Pipeline\MLPipelineBuilder.cs(217,23): error CS1503: Argument 1: cannot convert from 'AiDotNet.Pipeline.DeploymentStep' to 'AiDotNet.Interfaces.IPipelineStep<double, AiDotNet.LinearAlgebra.Tensor<double>, AiDotNet.LinearAlgebra.Tensor<double>>' [C:\Users\yolan\source\repos\AiDotNet\src\AiDotNet.csproj::TargetFramework=net6.0]
C:\Users\yolan\source\repos\AiDotNet\src\Pipeline\MLPipelineBuilder.cs(228,23): error CS1503: Argument 1: cannot convert from 'AiDotNet.Pipeline.MonitoringStep' to 'AiDotNet.Interfaces.IPipelineStep<double, AiDotNet.LinearAlgebra.Tensor<double>, AiDotNet.LinearAlgebra.Tensor<double>>' [C:\Users\yolan\source\repos\AiDotNet\src\AiDotNet.csproj::TargetFramework=net6.0]
C:\Users\yolan\source\repos\AiDotNet\src\Pipeline\MLPipelineBuilder.cs(237,23): error CS1503: Argument 1: cannot convert from 'AiDotNet.Pipeline.ABTestingStep' to 'AiDotNet.Interfaces.IPipelineStep<double, AiDotNet.LinearAlgebra.Tensor<double>, AiDotNet.LinearAlgebra.Tensor<double>>' [C:\Users\yolan\source\repos\AiDotNet\src\AiDotNet.csproj::TargetFramework=net6.0]
C:\Users\yolan\source\repos\AiDotNet\src\MultimodalAI\EarlyFusionMultimodal.cs(123,44): error CS8602: Dereference of a possibly null reference. [C:\Users\yolan\source\repos\AiDotNet\src\AiDotNet.csproj::TargetFramework=net6.0]
C:\Users\yolan\source\repos\AiDotNet\src\Pipeline\PipelineResult.cs(297,32): error CS0121: The call is ambiguous between the following methods or properties: 'System.Linq.LinqExtensions.ToDictionary<TSource, TKey, TValue>(System.Collections.Generic.IEnumerable<TSource>, System.Func<TSource, TKey>, System.Func<TSource, TValue>)' and 'System.Linq.Enumerable.ToDictionary<TSource, TKey, TElement>(System.Collections.Generic.IEnumerable<TSource>, System.Func<TSource, TKey>, System.Func<TSource, TElement>)' [C:\Users\yolan\source\repos\AiDotNet\src\AiDotNet.csproj::TargetFramework=net6.0]
C:\Users\yolan\source\repos\AiDotNet\src\Pipeline\MLPipelineBuilder.cs(265,75): error CS1503: Argument 1: cannot convert from 'AiDotNet.Pipeline.PipelineConfiguration' to 'System.Collections.Generic.List<AiDotNet.Interfaces.IPipelineStep<double, AiDotNet.LinearAlgebra.Tensor<double>, AiDotNet.LinearAlgebra.Tensor<double>>>' [C:\Users\yolan\source\repos\AiDotNet\src\AiDotNet.csproj::TargetFramework=net6.0]
C:\Users\yolan\source\repos\AiDotNet\src\Pipeline\MLPipelineBuilder.cs(265,90): error CS1503: Argument 2: cannot convert from 'System.Collections.Generic.List<AiDotNet.Interfaces.IPipelineStep<double, AiDotNet.LinearAlgebra.Tensor<double>, AiDotNet.LinearAlgebra.Tensor<double>>>' to 'AiDotNet.Pipeline.PipelineConfiguration' [C:\Users\yolan\source\repos\AiDotNet\src\AiDotNet.csproj::TargetFramework=net6.0]
C:\Users\yolan\source\repos\AiDotNet\src\Pipeline\MLPipelineBuilder.cs(274,20): error CS0029: Cannot implicitly convert type 'AiDotNet.Pipeline.PipelineExecutionResult<double, AiDotNet.LinearAlgebra.Matrix<double>, AiDotNet.LinearAlgebra.Vector<double>>' to 'AiDotNet.Pipeline.PipelineResult' [C:\Users\yolan\source\repos\AiDotNet\src\AiDotNet.csproj::TargetFramework=net6.0]
C:\Users\yolan\source\repos\AiDotNet\src\Pipeline\MLPipelineBuilder.cs(283,29): error CS1061: 'MLPipeline<double, Matrix<double>, Vector<double>>' does not contain a definition for 'Run' and no accessible extension method 'Run' accepting a first argument of type 'MLPipeline<double, Matrix<double>, Vector<double>>' could be found (are you missing a using directive or an assembly reference?) [C:\Users\yolan\source\repos\AiDotNet\src\AiDotNet.csproj::TargetFramework=net6.0]
C:\Users\yolan\source\repos\AiDotNet\src\MultimodalAI\LateFusionMultimodal.cs(153,80): error CS8625: Cannot convert null literal to non-nullable reference type. [C:\Users\yolan\source\repos\AiDotNet\src\AiDotNet.csproj::TargetFramework=net6.0]
C:\Users\yolan\source\repos\AiDotNet\src\MultimodalAI\LateFusionMultimodal.cs(161,34): error CS8602: Dereference of a possibly null reference. [C:\Users\yolan\source\repos\AiDotNet\src\AiDotNet.csproj::TargetFramework=net6.0]
C:\Users\yolan\source\repos\AiDotNet\src\MultimodalAI\LateFusionMultimodal.cs(208,20): error CS0266: Cannot implicitly convert type 'AiDotNet.MultimodalAI.LateFusionMultimodal' to 'AiDotNet.Interfaces.IFullModel<double, System.Collections.Generic.Dictionary<string, object>, AiDotNet.LinearAlgebra.Vector<double>>'. An explicit conversion exists (are you missing a cast?) [C:\Users\yolan\source\repos\AiDotNet\src\AiDotNet.csproj::TargetFramework=net6.0]
C:\Users\yolan\source\repos\AiDotNet\src\MultimodalAI\EarlyFusionMultimodal.cs(198,20): error CS0266: Cannot implicitly convert type 'AiDotNet.MultimodalAI.EarlyFusionMultimodal' to 'AiDotNet.Interfaces.IFullModel<double, System.Collections.Generic.Dictionary<string, object>, AiDotNet.LinearAlgebra.Vector<double>>'. An explicit conversion exists (are you missing a cast?) [C:\Users\yolan\source\repos\AiDotNet\src\AiDotNet.csproj::TargetFramework=net6.0]
C:\Users\yolan\source\repos\AiDotNet\src\MultimodalAI\EarlyFusionMultimodal.cs(238,67): error CS1503: Argument 1: cannot convert from 'int[]' to 'AiDotNet.NeuralNetworks.NeuralNetworkArchitecture<double>' [C:\Users\yolan\source\repos\AiDotNet\src\AiDotNet.csproj::TargetFramework=net6.0]
C:\Users\yolan\source\repos\AiDotNet\src\Pipeline\Steps\CachingStep.cs(353,24): error CS0104: 'JsonSerializer' is an ambiguous reference between 'Newtonsoft.Json.JsonSerializer' and 'System.Text.Json.JsonSerializer' [C:\Users\yolan\source\repos\AiDotNet\src\AiDotNet.csproj::TargetFramework=net6.0]
C:\Users\yolan\source\repos\AiDotNet\src\Pipeline\Steps\CachingStep.cs(363,20): error CS0104: 'JsonSerializer' is an ambiguous reference between 'Newtonsoft.Json.JsonSerializer' and 'System.Text.Json.JsonSerializer' [C:\Users\yolan\source\repos\AiDotNet\src\AiDotNet.csproj::TargetFramework=net6.0]
C:\Users\yolan\source\repos\AiDotNet\src\MultimodalAI\LateFusionMultimodal.cs(249,43): error CS0121: The call is ambiguous between the following methods or properties: 'System.Linq.LinqExtensions.ToDictionary<TSource, TKey, TValue>(System.Collections.Generic.IEnumerable<TSource>, System.Func<TSource, TKey>, System.Func<TSource, TValue>)' and 'System.Linq.Enumerable.ToDictionary<TSource, TKey, TElement>(System.Collections.Generic.IEnumerable<TSource>, System.Func<TSource, TKey>, System.Func<TSource, TElement>)' [C:\Users\yolan\source\repos\AiDotNet\src\AiDotNet.csproj::TargetFramework=net6.0]
C:\Users\yolan\source\repos\AiDotNet\src\MultimodalAI\CrossAttentionMultimodal.cs(359,72): error CS1503: Argument 1: cannot convert from 'int[]' to 'AiDotNet.NeuralNetworks.NeuralNetworkArchitecture<double>' [C:\Users\yolan\source\repos\AiDotNet\src\AiDotNet.csproj::TargetFramework=net6.0]
C:\Users\yolan\source\repos\AiDotNet\src\MultimodalAI\CrossAttentionMultimodal.cs(389,20): error CS0266: Cannot implicitly convert type 'AiDotNet.MultimodalAI.CrossAttentionMultimodal' to 'AiDotNet.Interfaces.IFullModel<double, System.Collections.Generic.Dictionary<string, object>, AiDotNet.LinearAlgebra.Vector<double>>'. An explicit conversion exists (are you missing a cast?) [C:\Users\yolan\source\repos\AiDotNet\src\AiDotNet.csproj::TargetFramework=net6.0]
C:\Users\yolan\source\repos\AiDotNet\src\NeuralNetworks\DiffusionModels\LatentDiffusionModel.cs(31,20): error CS1503: Argument 1: cannot convert from 'int' to 'AiDotNet.NeuralNetworks.NeuralNetworkArchitecture<double>' [C:\Users\yolan\source\repos\AiDotNet\src\AiDotNet.csproj::TargetFramework=net6.0]
C:\Users\yolan\source\repos\AiDotNet\src\NeuralNetworks\DiffusionModels\LatentDiffusionModel.cs(31,31): error CS1503: Argument 2: cannot convert from 'double' to 'int' [C:\Users\yolan\source\repos\AiDotNet\src\AiDotNet.csproj::TargetFramework=net6.0]
C:\Users\yolan\source\repos\AiDotNet\src\NeuralNetworks\DiffusionModels\LatentDiffusionModel.cs(31,47): error CS1503: Argument 4: cannot convert from 'string' to 'double' [C:\Users\yolan\source\repos\AiDotNet\src\AiDotNet.csproj::TargetFramework=net6.0]
C:\Users\yolan\source\repos\AiDotNet\src\NeuralNetworks\DiffusionModels\LatentDiffusionModel.cs(74,47): error CS0122: 'DiffusionModel.timesteps' is inaccessible due to its protection level [C:\Users\yolan\source\repos\AiDotNet\src\AiDotNet.csproj::TargetFramework=net6.0]
C:\Users\yolan\source\repos\AiDotNet\src\NeuralNetworks\DiffusionModels\LatentDiffusionModel.cs(80,43): error CS8600: Converting null literal or possible null value to non-nullable type. [C:\Users\yolan\source\repos\AiDotNet\src\AiDotNet.csproj::TargetFramework=net6.0]
C:\Users\yolan\source\repos\AiDotNet\src\NeuralNetworks\DiffusionModels\LatentDiffusionModel.cs(89,70): error CS8604: Possible null reference argument for parameter 'conditioning' in 'Tensor<double> LatentDiffusionModel.ReverseStepConditional(Tensor<double> x, int t, Tensor<double> conditioning, Random random)'. [C:\Users\yolan\source\repos\AiDotNet\src\AiDotNet.csproj::TargetFramework=net6.0]
C:\Users\yolan\source\repos\AiDotNet\src\NeuralNetworks\DiffusionModels\LatentDiffusionModel.cs(107,68): error CS8604: Possible null reference argument for parameter 'conditioning' in 'Tensor<double> LatentDiffusionModel.GenerateConditional(int[] shape, Tensor<double> conditioning, int? seed)'. [C:\Users\yolan\source\repos\AiDotNet\src\AiDotNet.csproj::TargetFramework=net6.0]
C:\Users\yolan\source\repos\AiDotNet\src\NeuralNetworks\DiffusionModels\LatentDiffusionModel.cs(139,26): error CS0122: 'DiffusionModel.GenerateNoise(int[], Random)' is inaccessible due to its protection level [C:\Users\yolan\source\repos\AiDotNet\src\AiDotNet.csproj::TargetFramework=net6.0]
C:\Users\yolan\source\repos\AiDotNet\src\NeuralNetworks\DiffusionModels\LatentDiffusionModel.cs(145,26): error CS0122: 'DiffusionModel.timesteps' is inaccessible due to its protection level [C:\Users\yolan\source\repos\AiDotNet\src\AiDotNet.csproj::TargetFramework=net6.0]
C:\Users\yolan\source\repos\AiDotNet\src\NeuralNetworks\DiffusionModels\LatentDiffusionModel.cs(162,68): error CS8625: Cannot convert null literal to non-nullable reference type. [C:\Users\yolan\source\repos\AiDotNet\src\AiDotNet.csproj::TargetFramework=net6.0]
C:\Users\yolan\source\repos\AiDotNet\src\NeuralNetworks\DiffusionModels\LatentDiffusionModel.cs(180,41): error CS0122: 'DiffusionModel.noisePredictor' is inaccessible due to its protection level [C:\Users\yolan\source\repos\AiDotNet\src\AiDotNet.csproj::TargetFramework=net6.0]
C:\Users\yolan\source\repos\AiDotNet\src\NeuralNetworks\DiffusionModels\LatentDiffusionModel.cs(185,20): error CS0122: 'DiffusionModel.PredictNoise(Tensor<double>, Tensor<double>)' is inaccessible due to its protection level [C:\Users\yolan\source\repos\AiDotNet\src\AiDotNet.csproj::TargetFramework=net6.0]
C:\Users\yolan\source\repos\AiDotNet\src\NeuralNetworks\DiffusionModels\LatentDiffusionModel.cs(197,32): error CS0122: 'DiffusionModel.posteriorVariance' is inaccessible due to its protection level [C:\Users\yolan\source\repos\AiDotNet\src\AiDotNet.csproj::TargetFramework=net6.0]
C:\Users\yolan\source\repos\AiDotNet\src\NeuralNetworks\DiffusionModels\LatentDiffusionModel.cs(198,29): error CS0122: 'DiffusionModel.GenerateNoise(int[], Random)' is inaccessible due to its protection level [C:\Users\yolan\source\repos\AiDotNet\src\AiDotNet.csproj::TargetFramework=net6.0]
C:\Users\yolan\source\repos\AiDotNet\src\NeuralNetworks\DiffusionModels\LatentDiffusionModel.cs(210,24): error CS0122: 'DiffusionModel.betas' is inaccessible due to its protection level [C:\Users\yolan\source\repos\AiDotNet\src\AiDotNet.csproj::TargetFramework=net6.0]
C:\Users\yolan\source\repos\AiDotNet\src\NeuralNetworks\DiffusionModels\LatentDiffusionModel.cs(211,25): error CS0122: 'DiffusionModel.alphas' is inaccessible due to its protection level [C:\Users\yolan\source\repos\AiDotNet\src\AiDotNet.csproj::TargetFramework=net6.0]
C:\Users\yolan\source\repos\AiDotNet\src\NeuralNetworks\DiffusionModels\LatentDiffusionModel.cs(212,32): error CS0122: 'DiffusionModel.alphasCumprod' is inaccessible due to its protection level [C:\Users\yolan\source\repos\AiDotNet\src\AiDotNet.csproj::TargetFramework=net6.0]
C:\Users\yolan\source\repos\AiDotNet\src\NeuralNetworks\DiffusionModels\LatentDiffusionModel.cs(213,37): error CS0122: 'DiffusionModel.sqrtOneMinusAlphasCumprod' is inaccessible due to its protection level [C:\Users\yolan\source\repos\AiDotNet\src\AiDotNet.csproj::TargetFramework=net6.0]
C:\Users\yolan\source\repos\AiDotNet\src\NeuralNetworks\DiffusionModels\LatentDiffusionModel.cs(216,28): error CS1503: Argument 1: cannot convert from 'double' to 'AiDotNet.LinearAlgebra.Tensor<double>' [C:\Users\yolan\source\repos\AiDotNet\src\AiDotNet.csproj::TargetFramework=net6.0]
C:\Users\yolan\source\repos\AiDotNet\src\NeuralNetworks\DiffusionModels\LatentDiffusionModel.cs(232,49): error CS1503: Argument 1: cannot convert from 'double' to 'AiDotNet.LinearAlgebra.Tensor<double>' [C:\Users\yolan\source\repos\AiDotNet\src\AiDotNet.csproj::TargetFramework=net6.0]
C:\Users\yolan\source\repos\AiDotNet\src\NeuralNetworks\DiffusionModels\LatentDiffusionModel.cs(266,81): error CS1503: Argument 1: cannot convert from 'int' to 'AiDotNet.LinearAlgebra.Tensor<double>' [C:\Users\yolan\source\repos\AiDotNet\src\AiDotNet.csproj::TargetFramework=net6.0]
C:\Users\yolan\source\repos\AiDotNet\src\NeuralNetworks\DiffusionModels\LatentDiffusionModel.cs(273,19): error CS0122: 'DiffusionModel.PredictNoise(Tensor<double>, Tensor<double>)' is inaccessible due to its protection level [C:\Users\yolan\source\repos\AiDotNet\src\AiDotNet.csproj::TargetFramework=net6.0]
C:\Users\yolan\source\repos\AiDotNet\src\NeuralNetworks\DiffusionModels\FlowMatchingModel.cs(49,13): error CS0118: 'ModelCategory' is a type but is used like a variable [C:\Users\yolan\source\repos\AiDotNet\src\AiDotNet.csproj::TargetFramework=net6.0]
C:\Users\yolan\source\repos\AiDotNet\src\ProductionMonitoring\ProductionMonitorBase.cs(157,24): error CS0029: Cannot implicitly convert type 'System.Threading.Tasks.Task<AiDotNet.Interfaces.MonitoringMetricsCollection>' to 'AiDotNet.Interfaces.MonitoringMetricsCollection' [C:\Users\yolan\source\repos\AiDotNet\src\AiDotNet.csproj::TargetFramework=net6.0]
C:\Users\yolan\source\repos\AiDotNet\src\ProductionMonitoring\ProductionMonitorBase.cs(139,64): error CS1998: This async method lacks 'await' operators and will run synchronously. Consider using the 'await' operator to await non-blocking API calls, or 'await Task.Run(...)' to do CPU-bound work on a background thread. [C:\Users\yolan\source\repos\AiDotNet\src\AiDotNet.csproj::TargetFramework=net6.0]
C:\Users\yolan\source\repos\AiDotNet\src\NeuralNetworks\DiffusionModels\FlowMatchingModel.cs(86,40): error CS1503: Argument 1: cannot convert from 'int[]' to 'int' [C:\Users\yolan\source\repos\AiDotNet\src\AiDotNet.csproj::TargetFramework=net6.0]
C:\Users\yolan\source\repos\AiDotNet\src\NeuralNetworks\DiffusionModels\FlowMatchingModel.cs(108,21): error CS1929: 'NeuralNetworkBase<double>' does not contain a definition for 'Backward' and the best extension method overload 'NeuralNetworkExtensions.Backward<Tensor<double>>(NeuralNetwork<Tensor<double>>, Tensor<double>)' requires a receiver of type 'AiDotNet.NeuralNetworks.NeuralNetwork<AiDotNet.LinearAlgebra.Tensor<double>>' [C:\Users\yolan\source\repos\AiDotNet\src\AiDotNet.csproj::TargetFramework=net6.0]
C:\Users\yolan\source\repos\AiDotNet\src\NeuralNetworks\DiffusionModels\FlowMatchingModel.cs(109,31): error CS1501: No overload for method 'Step' takes 2 arguments [C:\Users\yolan\source\repos\AiDotNet\src\AiDotNet.csproj::TargetFramework=net6.0]
C:\Users\yolan\source\repos\AiDotNet\src\NeuralNetworks\DiffusionModels\FlowMatchingModel.cs(283,40): error CS1503: Argument 1: cannot convert from 'int[]' to 'int' [C:\Users\yolan\source\repos\AiDotNet\src\AiDotNet.csproj::TargetFramework=net6.0]
C:\Users\yolan\source\repos\AiDotNet\src\NeuralNetworks\DiffusionModels\FlowMatchingModel.cs(288,27): error CS1503: Argument 1: cannot convert from '(AiDotNet.LinearAlgebra.Tensor<double>, ?)' to '(AiDotNet.LinearAlgebra.Tensor<double>, AiDotNet.LinearAlgebra.Tensor<double>)' [C:\Users\yolan\source\repos\AiDotNet\src\AiDotNet.csproj::TargetFramework=net6.0]
C:\Users\yolan\source\repos\AiDotNet\src\NeuralNetworks\DiffusionModels\FlowMatchingModel.cs(334,21): error CS1929: 'NeuralNetworkBase<double>' does not contain a definition for 'Backward' and the best extension method overload 'NeuralNetworkExtensions.Backward<Tensor<double>>(NeuralNetwork<Tensor<double>>, Tensor<double>)' requires a receiver of type 'AiDotNet.NeuralNetworks.NeuralNetwork<AiDotNet.LinearAlgebra.Tensor<double>>' [C:\Users\yolan\source\repos\AiDotNet\src\AiDotNet.csproj::TargetFramework=net6.0]
C:\Users\yolan\source\repos\AiDotNet\src\NeuralNetworks\DiffusionModels\FlowMatchingModel.cs(335,31): error CS1501: No overload for method 'Step' takes 2 arguments [C:\Users\yolan\source\repos\AiDotNet\src\AiDotNet.csproj::TargetFramework=net6.0]
C:\Users\yolan\source\repos\AiDotNet\src\NeuralNetworks\DiffusionModels\DDIMModel.cs(25,20): error CS1503: Argument 1: cannot convert from 'int' to 'AiDotNet.NeuralNetworks.NeuralNetworkArchitecture<double>' [C:\Users\yolan\source\repos\AiDotNet\src\AiDotNet.csproj::TargetFramework=net6.0]
C:\Users\yolan\source\repos\AiDotNet\src\NeuralNetworks\DiffusionModels\DDIMModel.cs(25,31): error CS1503: Argument 2: cannot convert from 'double' to 'int' [C:\Users\yolan\source\repos\AiDotNet\src\AiDotNet.csproj::TargetFramework=net6.0]
C:\Users\yolan\source\repos\AiDotNet\src\NeuralNetworks\DiffusionModels\DDIMModel.cs(25,51): error CS1503: Argument 4: cannot convert from 'string' to 'double' [C:\Users\yolan\source\repos\AiDotNet\src\AiDotNet.csproj::TargetFramework=net6.0]
C:\Users\yolan\source\repos\AiDotNet\src\NeuralNetworks\DiffusionModels\DDIMModel.cs(39,26): error CS0122: 'DiffusionModel.GenerateNoise(int[], Random)' is inaccessible due to its protection level [C:\Users\yolan\source\repos\AiDotNet\src\AiDotNet.csproj::TargetFramework=net6.0]
C:\Users\yolan\source\repos\AiDotNet\src\NeuralNetworks\DiffusionModels\DDIMModel.cs(42,54): error CS0122: 'DiffusionModel.timesteps' is inaccessible due to its protection level [C:\Users\yolan\source\repos\AiDotNet\src\AiDotNet.csproj::TargetFramework=net6.0]
C:\Users\yolan\source\repos\AiDotNet\src\ProductionMonitoring\ProductionMonitorBase.cs(237,47): error CS8629: Nullable value type may be null. [C:\Users\yolan\source\repos\AiDotNet\src\AiDotNet.csproj::TargetFramework=net6.0]
C:\Users\yolan\source\repos\AiDotNet\src\NeuralNetworks\DiffusionModels\DDIMModel.cs(62,34): error CS0122: 'DiffusionModel.PredictNoise(Tensor<double>, Tensor<double>)' is inaccessible due to its protection level [C:\Users\yolan\source\repos\AiDotNet\src\AiDotNet.csproj::TargetFramework=net6.0]
C:\Users\yolan\source\repos\AiDotNet\src\NeuralNetworks\DiffusionModels\DDIMModel.cs(65,32): error CS0122: 'DiffusionModel.alphasCumprod' is inaccessible due to its protection level [C:\Users\yolan\source\repos\AiDotNet\src\AiDotNet.csproj::TargetFramework=net6.0]
C:\Users\yolan\source\repos\AiDotNet\src\NeuralNetworks\DiffusionModels\DDIMModel.cs(66,48): error CS0122: 'DiffusionModel.alphasCumprod' is inaccessible due to its protection level [C:\Users\yolan\source\repos\AiDotNet\src\AiDotNet.csproj::TargetFramework=net6.0]
C:\Users\yolan\source\repos\AiDotNet\src\NeuralNetworks\DiffusionModels\DDIMModel.cs(70,34): error CS1503: Argument 1: cannot convert from 'double' to 'AiDotNet.LinearAlgebra.Tensor<double>' [C:\Users\yolan\source\repos\AiDotNet\src\AiDotNet.csproj::TargetFramework=net6.0]
C:\Users\yolan\source\repos\AiDotNet\src\NeuralNetworks\DiffusionModels\DDIMModel.cs(87,29): error CS0122: 'DiffusionModel.GenerateNoise(int[], Random)' is inaccessible due to its protection level [C:\Users\yolan\source\repos\AiDotNet\src\AiDotNet.csproj::TargetFramework=net6.0]
C:\Users\yolan\source\repos\AiDotNet\src\NeuralNetworks\DiffusionModels\ConsistencyModel.cs(135,44): error CS1503: Argument 1: cannot convert from 'int[]' to 'int' [C:\Users\yolan\source\repos\AiDotNet\src\AiDotNet.csproj::TargetFramework=net6.0]
C:\Users\yolan\source\repos\AiDotNet\src\NeuralNetworks\DiffusionModels\ConsistencyModel.cs(161,21): error CS1929: 'NeuralNetworkBase<double>' does not contain a definition for 'Backward' and the best extension method overload 'NeuralNetworkExtensions.Backward<Tensor<double>>(NeuralNetwork<Tensor<double>>, Tensor<double>)' requires a receiver of type 'AiDotNet.NeuralNetworks.NeuralNetwork<AiDotNet.LinearAlgebra.Tensor<double>>' [C:\Users\yolan\source\repos\AiDotNet\src\AiDotNet.csproj::TargetFramework=net6.0]
C:\Users\yolan\source\repos\AiDotNet\src\NeuralNetworks\DiffusionModels\ConsistencyModel.cs(162,31): error CS1501: No overload for method 'Step' takes 2 arguments [C:\Users\yolan\source\repos\AiDotNet\src\AiDotNet.csproj::TargetFramework=net6.0]
C:\Users\yolan\source\repos\AiDotNet\src\NeuralNetworks\DiffusionModels\ConsistencyModel.cs(183,44): error CS1503: Argument 1: cannot convert from 'int[]' to 'int' [C:\Users\yolan\source\repos\AiDotNet\src\AiDotNet.csproj::TargetFramework=net6.0]
C:\Users\yolan\source\repos\AiDotNet\src\NeuralNetworks\DiffusionModels\ConsistencyModel.cs(211,68): error CS1061: 'Tensor<double>' does not contain a definition for 'Detach' and no accessible extension method 'Detach' accepting a first argument of type 'Tensor<double>' could be found (are you missing a using directive or an assembly reference?) [C:\Users\yolan\source\repos\AiDotNet\src\AiDotNet.csproj::TargetFramework=net6.0]
C:\Users\yolan\source\repos\AiDotNet\src\NeuralNetworks\DiffusionModels\ConsistencyModel.cs(212,21): error CS1929: 'NeuralNetworkBase<double>' does not contain a definition for 'Backward' and the best extension method overload 'NeuralNetworkExtensions.Backward<Tensor<double>>(NeuralNetwork<Tensor<double>>, Tensor<double>)' requires a receiver of type 'AiDotNet.NeuralNetworks.NeuralNetwork<AiDotNet.LinearAlgebra.Tensor<double>>' [C:\Users\yolan\source\repos\AiDotNet\src\AiDotNet.csproj::TargetFramework=net6.0]
C:\Users\yolan\source\repos\AiDotNet\src\NeuralNetworks\DiffusionModels\ConsistencyModel.cs(213,31): error CS1501: No overload for method 'Step' takes 2 arguments [C:\Users\yolan\source\repos\AiDotNet\src\AiDotNet.csproj::TargetFramework=net6.0]
C:\Users\yolan\source\repos\AiDotNet\src\ProductionMonitoring\PerformanceMonitor.cs(163,58): error CS1998: This async method lacks 'await' operators and will run synchronously. Consider using the 'await' operator to await non-blocking API calls, or 'await Task.Run(...)' to do CPU-bound work on a background thread. [C:\Users\yolan\source\repos\AiDotNet\src\AiDotNet.csproj::TargetFramework=net6.0]
C:\Users\yolan\source\repos\AiDotNet\src\ProductionMonitoring\PerformanceMonitor.cs(481,36): error CS1998: This async method lacks 'await' operators and will run synchronously. Consider using the 'await' operator to await non-blocking API calls, or 'await Task.Run(...)' to do CPU-bound work on a background thread. [C:\Users\yolan\source\repos\AiDotNet\src\AiDotNet.csproj::TargetFramework=net6.0]
C:\Users\yolan\source\repos\AiDotNet\src\Reasoning\ReasoningModelBase.cs(125,45): error CS0121: The call is ambiguous between the following methods or properties: 'System.Linq.LinqExtensions.LastOrDefault<T>(System.Collections.Generic.IEnumerable<T>)' and 'System.Linq.Enumerable.LastOrDefault<TSource>(System.Collections.Generic.IEnumerable<TSource>)' [C:\Users\yolan\source\repos\AiDotNet\src\AiDotNet.csproj::TargetFramework=net6.0]
C:\Users\yolan\source\repos\AiDotNet\src\Reasoning\ReasoningModelBase.cs(135,20): error CS8619: Nullability of reference types in value of type '?' doesn't match target type 'Tensor<T>'. [C:\Users\yolan\source\repos\AiDotNet\src\AiDotNet.csproj::TargetFramework=net6.0]
C:\Users\yolan\source\repos\AiDotNet\src\Reasoning\IterativeRefinementModel.cs(277,56): error CS0121: The call is ambiguous between the following methods or properties: 'System.Linq.LinqExtensions.LastOrDefault<T>(System.Collections.Generic.IEnumerable<T>)' and 'System.Linq.Enumerable.LastOrDefault<TSource>(System.Collections.Generic.IEnumerable<TSource>)' [C:\Users\yolan\source\repos\AiDotNet\src\AiDotNet.csproj::TargetFramework=net6.0]
C:\Users\yolan\source\repos\AiDotNet\src\TimeSeries\InterventionAnalysisModel.cs(567,37): error CS0121: The call is ambiguous between the following methods or properties: 'System.Linq.LinqExtensions.ToDictionary<TSource, TKey, TValue>(System.Collections.Generic.IEnumerable<TSource>, System.Func<TSource, TKey>, System.Func<TSource, TValue>)' and 'System.Linq.Enumerable.ToDictionary<TSource, TKey, TElement>(System.Collections.Generic.IEnumerable<TSource>, System.Func<TSource, TKey>, System.Func<TSource, TElement>)' [C:\Users\yolan\source\repos\AiDotNet\src\AiDotNet.csproj::TargetFramework=net6.0]
C:\Users\yolan\source\repos\AiDotNet\src\DecompositionMethods\TimeSeriesDecomposition\HodrickPrescottDecomposition.cs(68,47): error CS0426: The type name 'Matrix<>' does not exist in the type 'HodrickPrescottAlgorithmType' [C:\Users\yolan\source\repos\AiDotNet\src\AiDotNet.csproj::TargetFramework=net6.0]
C:\Users\yolan\source\repos\AiDotNet\src\Deployment\Techniques\ModelQuantizer.cs(425,63): error CS1503: Argument 1: cannot convert from 'AiDotNet.Interfaces.ILayer<double>' to 'AiDotNet.Interfaces.ILayer' [C:\Users\yolan\source\repos\AiDotNet\src\AiDotNet.csproj::TargetFramework=net6.0]
C:\Users\yolan\source\repos\AiDotNet\src\Deployment\Techniques\ModelQuantizer.cs(430,45): error CS0121: The call is ambiguous between the following methods or properties: 'NeuralNetworkArchitecture<T>.NeuralNetworkArchitecture(NetworkComplexity, NeuralNetworkTaskType?, bool, List<ILayer<T>>?, bool, bool, string?)' and 'NeuralNetworkArchitecture<T>.NeuralNetworkArchitecture(NetworkComplexity)' [C:\Users\yolan\source\repos\AiDotNet\src\AiDotNet.csproj::TargetFramework=net6.0]
C:\Users\yolan\source\repos\AiDotNet\src\Deployment\Techniques\ModelQuantizer.cs(432,17): error CS0200: Property or indexer 'NeuralNetworkArchitecture<double>.Layers' cannot be assigned to -- it is read only [C:\Users\yolan\source\repos\AiDotNet\src\AiDotNet.csproj::TargetFramework=net6.0]
C:\Users\yolan\source\repos\AiDotNet\src\Deployment\Techniques\ModelQuantizer.cs(433,17): error CS0117: 'NeuralNetworkArchitecture<double>' does not contain a definition for 'LossFunction' [C:\Users\yolan\source\repos\AiDotNet\src\AiDotNet.csproj::TargetFramework=net6.0]
C:\Users\yolan\source\repos\AiDotNet\src\Deployment\Techniques\ModelQuantizer.cs(433,45): error CS1061: 'NeuralNetworkArchitecture<double>' does not contain a definition for 'LossFunction' and no accessible extension method 'LossFunction' accepting a first argument of type 'NeuralNetworkArchitecture<double>' could be found (are you missing a using directive or an assembly reference?) [C:\Users\yolan\source\repos\AiDotNet\src\AiDotNet.csproj::TargetFramework=net6.0]
C:\Users\yolan\source\repos\AiDotNet\src\Deployment\Techniques\ModelQuantizer.cs(434,17): error CS0117: 'NeuralNetworkArchitecture<double>' does not contain a definition for 'Optimizer' [C:\Users\yolan\source\repos\AiDotNet\src\AiDotNet.csproj::TargetFramework=net6.0]
C:\Users\yolan\source\repos\AiDotNet\src\Deployment\Techniques\ModelQuantizer.cs(434,42): error CS1061: 'NeuralNetworkArchitecture<double>' does not contain a definition for 'Optimizer' and no accessible extension method 'Optimizer' accepting a first argument of type 'NeuralNetworkArchitecture<double>' could be found (are you missing a using directive or an assembly reference?) [C:\Users\yolan\source\repos\AiDotNet\src\AiDotNet.csproj::TargetFramework=net6.0]
C:\Users\yolan\source\repos\AiDotNet\src\Deployment\Techniques\ModelQuantizer.cs(437,20): error CS0266: Cannot implicitly convert type 'AiDotNet.Interfaces.INeuralNetworkModel<double>' to 'AiDotNet.Interfaces.IFullModel<T, TInput, TOutput>'. An explicit conversion exists (are you missing a cast?) [C:\Users\yolan\source\repos\AiDotNet\src\AiDotNet.csproj::TargetFramework=net6.0]
C:\Users\yolan\source\repos\AiDotNet\src\Deployment\Techniques\ModelQuantizer.cs(423,35): error CS8602: Dereference of a possibly null reference. [C:\Users\yolan\source\repos\AiDotNet\src\AiDotNet.csproj::TargetFramework=net6.0]
C:\Users\yolan\source\repos\AiDotNet\src\FederatedLearning\Privacy\DifferentialPrivacy.cs(122,37): error CS1501: No overload for method 'NextGaussian' takes 2 arguments [C:\Users\yolan\source\repos\AiDotNet\src\AiDotNet.csproj::TargetFramework=net6.0]
C:\Users\yolan\source\repos\AiDotNet\src\FederatedLearning\Privacy\DifferentialPrivacy.cs(208,44): error CS1501: No overload for method 'NextGaussian' takes 2 arguments [C:\Users\yolan\source\repos\AiDotNet\src\AiDotNet.csproj::TargetFramework=net6.0]
C:\Users\yolan\source\repos\AiDotNet\src\FederatedLearning\Privacy\DifferentialPrivacy.cs(209,44): error CS1501: No overload for method 'NextGaussian' takes 2 arguments [C:\Users\yolan\source\repos\AiDotNet\src\AiDotNet.csproj::TargetFramework=net6.0]
C:\Users\yolan\source\repos\AiDotNet\src\Deployment\Techniques\ModelQuantizer.cs(56,47): error CS8600: Converting null literal or possible null value to non-nullable type. [C:\Users\yolan\source\repos\AiDotNet\src\AiDotNet.csproj::TargetFramework=net6.0]
C:\Users\yolan\source\repos\AiDotNet\src\Deployment\Techniques\ModelQuantizer.cs(63,80): error CS8604: Possible null reference argument for parameter 'calibrationData' in 'Task<IFullModel<T, TInput, TOutput>> IQuantizationStrategy<T, TInput, TOutput>.QuantizeAsync(IFullModel<T, TInput, TOutput> model, QuantizationConfig config, CalibrationData calibrationData)'. [C:\Users\yolan\source\repos\AiDotNet\src\AiDotNet.csproj::TargetFramework=net6.0]
C:\Users\yolan\source\repos\AiDotNet\src\Deployment\Techniques\ModelQuantizer.cs(125,73): error CS1503: Argument 1: cannot convert from 'AiDotNet.Interfaces.ILayer<double>' to 'AiDotNet.Interfaces.ILayer' [C:\Users\yolan\source\repos\AiDotNet\src\AiDotNet.csproj::TargetFramework=net6.0]
C:\Users\yolan\source\repos\AiDotNet\src\Deployment\Techniques\ModelQuantizer.cs(130,45): error CS0121: The call is ambiguous between the following methods or properties: 'NeuralNetworkArchitecture<T>.NeuralNetworkArchitecture(NetworkComplexity, NeuralNetworkTaskType?, bool, List<ILayer<T>>?, bool, bool, string?)' and 'NeuralNetworkArchitecture<T>.NeuralNetworkArchitecture(NetworkComplexity)' [C:\Users\yolan\source\repos\AiDotNet\src\AiDotNet.csproj::TargetFramework=net6.0]
C:\Users\yolan\source\repos\AiDotNet\src\Deployment\Techniques\ModelQuantizer.cs(132,17): error CS0200: Property or indexer 'NeuralNetworkArchitecture<double>.Layers' cannot be assigned to -- it is read only [C:\Users\yolan\source\repos\AiDotNet\src\AiDotNet.csproj::TargetFramework=net6.0]
C:\Users\yolan\source\repos\AiDotNet\src\Deployment\Techniques\ModelQuantizer.cs(133,17): error CS0117: 'NeuralNetworkArchitecture<double>' does not contain a definition for 'LossFunction' [C:\Users\yolan\source\repos\AiDotNet\src\AiDotNet.csproj::TargetFramework=net6.0]
C:\Users\yolan\source\repos\AiDotNet\src\Deployment\Techniques\ModelQuantizer.cs(133,45): error CS1061: 'NeuralNetworkArchitecture<double>' does not contain a definition for 'LossFunction' and no accessible extension method 'LossFunction' accepting a first argument of type 'NeuralNetworkArchitecture<double>' could be found (are you missing a using directive or an assembly reference?) [C:\Users\yolan\source\repos\AiDotNet\src\AiDotNet.csproj::TargetFramework=net6.0]
C:\Users\yolan\source\repos\AiDotNet\src\Deployment\Techniques\ModelQuantizer.cs(134,17): error CS0117: 'NeuralNetworkArchitecture<double>' does not contain a definition for 'Optimizer' [C:\Users\yolan\source\repos\AiDotNet\src\AiDotNet.csproj::TargetFramework=net6.0]
C:\Users\yolan\source\repos\AiDotNet\src\Deployment\Techniques\ModelQuantizer.cs(134,42): error CS1061: 'NeuralNetworkArchitecture<double>' does not contain a definition for 'Optimizer' and no accessible extension method 'Optimizer' accepting a first argument of type 'NeuralNetworkArchitecture<double>' could be found (are you missing a using directive or an assembly reference?) [C:\Users\yolan\source\repos\AiDotNet\src\AiDotNet.csproj::TargetFramework=net6.0]
C:\Users\yolan\source\repos\AiDotNet\src\Deployment\Techniques\ModelQuantizer.cs(138,20): error CS0308: The non-generic method 'ModelQuantizer<T, TInput, TOutput>.CreateQuantizedModel(IFullModel<T, TInput, TOutput>, NeuralNetworkArchitecture<double>)' cannot be used with type arguments [C:\Users\yolan\source\repos\AiDotNet\src\AiDotNet.csproj::TargetFramework=net6.0]
C:\Users\yolan\source\repos\AiDotNet\src\Deployment\Techniques\ModelQuantizer.cs(117,35): error CS8602: Dereference of a possibly null reference. [C:\Users\yolan\source\repos\AiDotNet\src\AiDotNet.csproj::TargetFramework=net6.0]
C:\Users\yolan\source\repos\AiDotNet\src\Deployment\Techniques\ModelQuantizer.cs(210,68): error CS1503: Argument 1: cannot convert from 'int' to 'string' [C:\Users\yolan\source\repos\AiDotNet\src\AiDotNet.csproj::TargetFramework=net6.0]
C:\Users\yolan\source\repos\AiDotNet\src\Deployment\Techniques\ModelQuantizer.cs(212,55): error CS1503: Argument 1: cannot convert from 'int' to 'string' [C:\Users\yolan\source\repos\AiDotNet\src\AiDotNet.csproj::TargetFramework=net6.0]
C:\Users\yolan\source\repos\AiDotNet\src\Deployment\Techniques\ModelQuantizer.cs(213,55): error CS1503: Argument 1: cannot convert from 'int' to 'string' [C:\Users\yolan\source\repos\AiDotNet\src\AiDotNet.csproj::TargetFramework=net6.0]
C:\Users\yolan\source\repos\AiDotNet\src\Deployment\Techniques\ModelQuantizer.cs(217,55): error CS1503: Argument 1: cannot convert from 'int' to 'string' [C:\Users\yolan\source\repos\AiDotNet\src\AiDotNet.csproj::TargetFramework=net6.0]
C:\Users\yolan\source\repos\AiDotNet\src\Deployment\Techniques\ModelQuantizer.cs(217,103): error CS1503: Argument 1: cannot convert from 'int' to 'string' [C:\Users\yolan\source\repos\AiDotNet\src\AiDotNet.csproj::TargetFramework=net6.0]
C:\Users\yolan\source\repos\AiDotNet\src\Deployment\Techniques\ModelQuantizer.cs(218,55): error CS1503: Argument 1: cannot convert from 'int' to 'string' [C:\Users\yolan\source\repos\AiDotNet\src\AiDotNet.csproj::TargetFramework=net6.0]
C:\Users\yolan\source\repos\AiDotNet\src\Deployment\Techniques\ModelQuantizer.cs(218,103): error CS1503: Argument 1: cannot convert from 'int' to 'string' [C:\Users\yolan\source\repos\AiDotNet\src\AiDotNet.csproj::TargetFramework=net6.0]
C:\Users\yolan\source\repos\AiDotNet\src\Deployment\Techniques\ModelQuantizer.cs(222,69): error CS1503: Argument 1: cannot convert from 'int' to 'string' [C:\Users\yolan\source\repos\AiDotNet\src\AiDotNet.csproj::TargetFramework=net6.0]
C:\Users\yolan\source\repos\AiDotNet\src\Deployment\Techniques\ModelQuantizer.cs(224,56): error CS1503: Argument 1: cannot convert from 'int' to 'string' [C:\Users\yolan\source\repos\AiDotNet\src\AiDotNet.csproj::TargetFramework=net6.0]
C:\Users\yolan\source\repos\AiDotNet\src\Deployment\Techniques\ModelQuantizer.cs(228,72): error CS1503: Argument 1: cannot convert from 'int' to 'string' [C:\Users\yolan\source\repos\AiDotNet\src\AiDotNet.csproj::TargetFramework=net6.0]
C:\Users\yolan\source\repos\AiDotNet\src\Deployment\CloudOptimizers\GCPOptimizer.cs(29,13): error CS0191: A readonly field cannot be assigned to (except in a constructor or init-only setter of the type in which the field is defined or a variable initializer) [C:\Users\yolan\source\repos\AiDotNet\src\AiDotNet.csproj::TargetFramework=net6.0]
C:\Users\yolan\source\repos\AiDotNet\src\Deployment\Techniques\ModelQuantizer.cs(283,35): error CS8604: Possible null reference argument for parameter 'source' in 'int Enumerable.Sum<ILayer<double>>(IEnumerable<ILayer<double>> source, Func<ILayer<double>, int> selector)'. [C:\Users\yolan\source\repos\AiDotNet\src\AiDotNet.csproj::TargetFramework=net6.0]
C:\Users\yolan\source\repos\AiDotNet\src\Deployment\EdgeOptimizers\MobileOptimizer.cs(29,13): error CS0191: A readonly field cannot be assigned to (except in a constructor or init-only setter of the type in which the field is defined or a variable initializer) [C:\Users\yolan\source\repos\AiDotNet\src\AiDotNet.csproj::TargetFramework=net6.0]
C:\Users\yolan\source\repos\AiDotNet\src\Deployment\CloudOptimizers\AWSOptimizer.cs(29,13): error CS0191: A readonly field cannot be assigned to (except in a constructor or init-only setter of the type in which the field is defined or a variable initializer) [C:\Users\yolan\source\repos\AiDotNet\src\AiDotNet.csproj::TargetFramework=net6.0]
C:\Users\yolan\source\repos\AiDotNet\src\FederatedLearning\Client\FederatedClient.cs(86,88): error CS1503: Argument 1: cannot convert from 'AiDotNet.Models.Options.AdamOptimizerOptions<double, AiDotNet.LinearAlgebra.Matrix<double>, AiDotNet.LinearAlgebra.Vector<double>>' to 'AiDotNet.Interfaces.IFullModel<double, AiDotNet.LinearAlgebra.Matrix<double>, AiDotNet.LinearAlgebra.Vector<double>>' [C:\Users\yolan\source\repos\AiDotNet\src\AiDotNet.csproj::TargetFramework=net6.0]
C:\Users\yolan\source\repos\AiDotNet\src\Deployment\EdgeOptimizers\IoTOptimizer.cs(29,13): error CS0191: A readonly field cannot be assigned to (except in a constructor or init-only setter of the type in which the field is defined or a variable initializer) [C:\Users\yolan\source\repos\AiDotNet\src\AiDotNet.csproj::TargetFramework=net6.0]
C:\Users\yolan\source\repos\AiDotNet\src\ProductionMonitoring\AlertManager.cs(128,22): error CS0121: The call is ambiguous between the following methods or properties: 'System.Linq.LinqExtensions.ToDictionary<TSource, TKey, TValue>(System.Collections.Generic.IEnumerable<TSource>, System.Func<TSource, TKey>, System.Func<TSource, TValue>)' and 'System.Linq.Enumerable.ToDictionary<TSource, TKey, TElement>(System.Collections.Generic.IEnumerable<TSource>, System.Func<TSource, TKey>, System.Func<TSource, TElement>)' [C:\Users\yolan\source\repos\AiDotNet\src\AiDotNet.csproj::TargetFramework=net6.0]
C:\Users\yolan\source\repos\AiDotNet\src\ProductionMonitoring\AlertManager.cs(130,22): error CS0121: The call is ambiguous between the following methods or properties: 'System.Linq.LinqExtensions.ToDictionary<TSource, TKey, TValue>(System.Collections.Generic.IEnumerable<TSource>, System.Func<TSource, TKey>, System.Func<TSource, TValue>)' and 'System.Linq.Enumerable.ToDictionary<TSource, TKey, TElement>(System.Collections.Generic.IEnumerable<TSource>, System.Func<TSource, TKey>, System.Func<TSource, TElement>)' [C:\Users\yolan\source\repos\AiDotNet\src\AiDotNet.csproj::TargetFramework=net6.0]
C:\Users\yolan\source\repos\AiDotNet\src\ProductionMonitoring\AlertManager.cs(140,22): error CS0121: The call is ambiguous between the following methods or properties: 'System.Linq.LinqExtensions.ToDictionary<TSource, TKey, TValue>(System.Collections.Generic.IEnumerable<TSource>, System.Func<TSource, TKey>, System.Func<TSource, TValue>)' and 'System.Linq.Enumerable.ToDictionary<TSource, TKey, TElement>(System.Collections.Generic.IEnumerable<TSource>, System.Func<TSource, TKey>, System.Func<TSource, TElement>)' [C:\Users\yolan\source\repos\AiDotNet\src\AiDotNet.csproj::TargetFramework=net6.0]
C:\Users\yolan\source\repos\AiDotNet\src\ProductionMonitoring\AlertManager.cs(141,50): error CS0121: The call is ambiguous between the following methods or properties: 'System.Linq.LinqExtensions.LastOrDefault<T>(System.Collections.Generic.IEnumerable<T>)' and 'System.Linq.Enumerable.LastOrDefault<TSource>(System.Collections.Generic.IEnumerable<TSource>)' [C:\Users\yolan\source\repos\AiDotNet\src\AiDotNet.csproj::TargetFramework=net6.0]
C:\Users\yolan\source\repos\AiDotNet\src\ProductionMonitoring\AlertManager.cs(132,34): error CS8629: Nullable value type may be null. [C:\Users\yolan\source\repos\AiDotNet\src\AiDotNet.csproj::TargetFramework=net6.0]
C:\Users\yolan\source\repos\AiDotNet\src\Deployment\CloudOptimizers\GCPOptimizer.cs(525,38): error CS0826: No best type found for implicitly-typed array [C:\Users\yolan\source\repos\AiDotNet\src\AiDotNet.csproj::TargetFramework=net6.0]
C:\Users\yolan\source\repos\AiDotNet\src\FederatedLearning\Client\FederatedClient.cs(200,46): error CS1501: No overload for method 'GetRows' takes 2 arguments [C:\Users\yolan\source\repos\AiDotNet\src\AiDotNet.csproj::TargetFramework=net6.0]
C:\Users\yolan\source\repos\AiDotNet\src\Deployment\EdgeOptimizers\IoTOptimizer.cs(128,85): error CS8604: Possible null reference argument for parameter 'powerMode' in 'Task<IModel<TInput, TOutput, TMetadata>> IoTOptimizer<TInput, TOutput, TMetadata>.OptimizeForPowerConsumptionAsync(IModel<TInput, TOutput, TMetadata> model, string powerMode)'. [C:\Users\yolan\source\repos\AiDotNet\src\AiDotNet.csproj::TargetFramework=net6.0]
C:\Users\yolan\source\repos\AiDotNet\src\FederatedLearning\MetaLearning\MAMLFederated.cs(69,17): error CS0117: 'GradientDescentOptimizerOptions<double, Matrix<double>, Vector<double>>' does not contain a definition for 'LearningRate' [C:\Users\yolan\source\repos\AiDotNet\src\AiDotNet.csproj::TargetFramework=net6.0]
C:\Users\yolan\source\repos\AiDotNet\src\FederatedLearning\MetaLearning\MAMLFederated.cs(72,88): error CS1503: Argument 1: cannot convert from 'AiDotNet.Models.Options.AdamOptimizerOptions<double, AiDotNet.LinearAlgebra.Matrix<double>, AiDotNet.LinearAlgebra.Vector<double>>' to 'AiDotNet.Interfaces.IFullModel<double, AiDotNet.LinearAlgebra.Matrix<double>, AiDotNet.LinearAlgebra.Vector<double>>' [C:\Users\yolan\source\repos\AiDotNet\src\AiDotNet.csproj::TargetFramework=net6.0]
C:\Users\yolan\source\repos\AiDotNet\src\Deployment\EdgeOptimizers\MobileOptimizer.cs(199,42): error CS8601: Possible null reference assignment. [C:\Users\yolan\source\repos\AiDotNet\src\AiDotNet.csproj::TargetFramework=net6.0]
C:\Users\yolan\source\repos\AiDotNet\src\Deployment\EdgeOptimizers\MobileOptimizer.cs(230,61): error CS8604: Possible null reference argument for parameter 'platform' in 'string MobileOptimizer<TInput, TOutput, TMetadata>.GenerateIntegrationGuide(string platform)'. [C:\Users\yolan\source\repos\AiDotNet\src\AiDotNet.csproj::TargetFramework=net6.0]
C:\Users\yolan\source\repos\AiDotNet\src\FederatedLearning\Client\FederatedClient.cs(230,84): error CS1503: Argument 1: cannot convert from 'AiDotNet.LinearAlgebra.Vector<double>' to 'AiDotNet.LinearAlgebra.Matrix<double>' [C:\Users\yolan\source\repos\AiDotNet\src\AiDotNet.csproj::TargetFramework=net6.0]
C:\Users\yolan\source\repos\AiDotNet\src\Deployment\ModelOptimizer.cs(120,35): error CS8604: Possible null reference argument for parameter 'source' in 'int Enumerable.Sum<ILayer<double>>(IEnumerable<ILayer<double>> source, Func<ILayer<double>, int> selector)'. [C:\Users\yolan\source\repos\AiDotNet\src\AiDotNet.csproj::TargetFramework=net6.0]
C:\Users\yolan\source\repos\AiDotNet\src\ProductionMonitoring\AlertManager.cs(161,39): error CS8601: Possible null reference assignment. [C:\Users\yolan\source\repos\AiDotNet\src\AiDotNet.csproj::TargetFramework=net6.0]
C:\Users\yolan\source\repos\AiDotNet\src\FederatedLearning\Client\FederatedClient.cs(271,77): error CS1061: 'IOptimizer<double, Matrix<double>, Vector<double>>' does not contain a definition for 'CalculateUpdate' and no accessible extension method 'CalculateUpdate' accepting a first argument of type 'IOptimizer<double, Matrix<double>, Vector<double>>' could be found (are you missing a using directive or an assembly reference?) [C:\Users\yolan\source\repos\AiDotNet\src\AiDotNet.csproj::TargetFramework=net6.0]
C:\Users\yolan\source\repos\AiDotNet\src\Deployment\CloudOptimizers\AzureOptimizer.cs(29,13): error CS0191: A readonly field cannot be assigned to (except in a constructor or init-only setter of the type in which the field is defined or a variable initializer) [C:\Users\yolan\source\repos\AiDotNet\src\AiDotNet.csproj::TargetFramework=net6.0]
C:\Users\yolan\source\repos\AiDotNet\src\FederatedLearning\Client\FederatedClient.cs(425,40): error CS1501: No overload for method 'NextGaussian' takes 2 arguments [C:\Users\yolan\source\repos\AiDotNet\src\AiDotNet.csproj::TargetFramework=net6.0]
C:\Users\yolan\source\repos\AiDotNet\src\ProductionMonitoring\AlertManager.cs(183,61): error CS8601: Possible null reference assignment. [C:\Users\yolan\source\repos\AiDotNet\src\AiDotNet.csproj::TargetFramework=net6.0]
C:\Users\yolan\source\repos\AiDotNet\src\Deployment\ModelOptimizer.cs(137,29): error CS8604: Possible null reference argument for parameter 'source' in 'int Enumerable.Sum<ILayer<double>>(IEnumerable<ILayer<double>> source, Func<ILayer<double>, int> selector)'. [C:\Users\yolan\source\repos\AiDotNet\src\AiDotNet.csproj::TargetFramework=net6.0]
C:\Users\yolan\source\repos\AiDotNet\src\FederatedLearning\MetaLearning\MAMLFederated.cs(115,24): error CS8619: Nullability of reference types in value of type '(string clientId, ClientMetaResult?)' doesn't match target type '(string clientId, ClientMetaResult result)'. [C:\Users\yolan\source\repos\AiDotNet\src\AiDotNet.csproj::TargetFramework=net6.0]
C:\Users\yolan\source\repos\AiDotNet\src\FederatedLearning\Communication\CommunicationManager.cs(95,41): error CS0104: 'JsonSerializer' is an ambiguous reference between 'Newtonsoft.Json.JsonSerializer' and 'System.Text.Json.JsonSerializer' [C:\Users\yolan\source\repos\AiDotNet\src\AiDotNet.csproj::TargetFramework=net6.0]
C:\Users\yolan\source\repos\AiDotNet\src\ProductionMonitoring\ConceptDriftDetector.cs(108,58): error CS1998: This async method lacks 'await' operators and will run synchronously. Consider using the 'await' operator to await non-blocking API calls, or 'await Task.Run(...)' to do CPU-bound work on a background thread. [C:\Users\yolan\source\repos\AiDotNet\src\AiDotNet.csproj::TargetFramework=net6.0]
C:\Users\yolan\source\repos\AiDotNet\src\Deployment\Techniques\ModelPruner.cs(125,61): error CS1503: Argument 1: cannot convert from 'AiDotNet.Interfaces.ILayer<T>' to 'AiDotNet.Interfaces.ILayer' [C:\Users\yolan\source\repos\AiDotNet\src\AiDotNet.csproj::TargetFramework=net6.0]
C:\Users\yolan\source\repos\AiDotNet\src\Deployment\Techniques\ModelPruner.cs(123,39): error CS8602: Dereference of a possibly null reference. [C:\Users\yolan\source\repos\AiDotNet\src\AiDotNet.csproj::TargetFramework=net6.0]
C:\Users\yolan\source\repos\AiDotNet\src\FederatedLearning\MetaLearning\MAMLFederated.cs(187,59): error CS1061: 'IOptimizer<double, Matrix<double>, Vector<double>>' does not contain a definition for 'CalculateUpdate' and no accessible extension method 'CalculateUpdate' accepting a first argument of type 'IOptimizer<double, Matrix<double>, Vector<double>>' could be found (are you missing a using directive or an assembly reference?) [C:\Users\yolan\source\repos\AiDotNet\src\AiDotNet.csproj::TargetFramework=net6.0]
C:\Users\yolan\source\repos\AiDotNet\src\FederatedLearning\MetaLearning\MAMLFederated.cs(244,65): error CS1061: 'IGradientModel<double>' does not contain a definition for 'ComputeGradients' and no accessible extension method 'ComputeGradients' accepting a first argument of type 'IGradientModel<double>' could be found (are you missing a using directive or an assembly reference?) [C:\Users\yolan\source\repos\AiDotNet\src\AiDotNet.csproj::TargetFramework=net6.0]
C:\Users\yolan\source\repos\AiDotNet\src\ProductionMonitoring\ModelHealthScorer.cs(90,41): error CS0121: The call is ambiguous between the following methods or properties: 'System.Linq.LinqExtensions.ToDictionary<TSource, TKey, TValue>(System.Collections.Generic.IEnumerable<TSource>, System.Func<TSource, TKey>, System.Func<TSource, TValue>)' and 'System.Linq.Enumerable.ToDictionary<TSource, TKey, TElement>(System.Collections.Generic.IEnumerable<TSource>, System.Func<TSource, TKey>, System.Func<TSource, TElement>)' [C:\Users\yolan\source\repos\AiDotNet\src\AiDotNet.csproj::TargetFramework=net6.0]
C:\Users\yolan\source\repos\AiDotNet\src\Deployment\Techniques\ModelPruner.cs(153,35): error CS8602: Dereference of a possibly null reference. [C:\Users\yolan\source\repos\AiDotNet\src\AiDotNet.csproj::TargetFramework=net6.0]
C:\Users\yolan\source\repos\AiDotNet\src\FederatedLearning\Communication\CommunicationManager.cs(136,31): error CS0104: 'JsonSerializer' is an ambiguous reference between 'Newtonsoft.Json.JsonSerializer' and 'System.Text.Json.JsonSerializer' [C:\Users\yolan\source\repos\AiDotNet\src\AiDotNet.csproj::TargetFramework=net6.0]
C:\Users\yolan\source\repos\AiDotNet\src\FederatedLearning\Communication\CommunicationManager.cs(133,28): error CS8603: Possible null reference return. [C:\Users\yolan\source\repos\AiDotNet\src\AiDotNet.csproj::TargetFramework=net6.0]
C:\Users\yolan\source\repos\AiDotNet\src\FederatedLearning\Communication\CommunicationManager.cs(162,24): error CS8603: Possible null reference return. [C:\Users\yolan\source\repos\AiDotNet\src\AiDotNet.csproj::TargetFramework=net6.0]
C:\Users\yolan\source\repos\AiDotNet\src\FederatedLearning\Communication\CommunicationManager.cs(167,24): error CS8603: Possible null reference return. [C:\Users\yolan\source\repos\AiDotNet\src\AiDotNet.csproj::TargetFramework=net6.0]
C:\Users\yolan\source\repos\AiDotNet\src\Deployment\Techniques\ModelPruner.cs(175,33): error CS0266: Cannot implicitly convert type 'AiDotNet.Interfaces.IFullModel<T, TInput, TOutput>' to 'AiDotNet.Interfaces.IFullModel<double, AiDotNet.LinearAlgebra.Matrix<double>, AiDotNet.LinearAlgebra.Vector<double>>'. An explicit conversion exists (are you missing a cast?) [C:\Users\yolan\source\repos\AiDotNet\src\AiDotNet.csproj::TargetFramework=net6.0]
C:\Users\yolan\source\repos\AiDotNet\src\Deployment\Techniques\ModelPruner.cs(187,73): error CS1503: Argument 1: cannot convert from 'AiDotNet.Interfaces.ILayer<T>' to 'AiDotNet.Interfaces.ILayer' [C:\Users\yolan\source\repos\AiDotNet\src\AiDotNet.csproj::TargetFramework=net6.0]
C:\Users\yolan\source\repos\AiDotNet\src\Deployment\Techniques\ModelPruner.cs(199,20): error CS0029: Cannot implicitly convert type 'AiDotNet.Deployment.Techniques.SparseModel<double, AiDotNet.LinearAlgebra.Matrix<double>, AiDotNet.LinearAlgebra.Vector<double>>' to 'AiDotNet.Deployment.Techniques.SparseModel<T, TInput, TOutput>' [C:\Users\yolan\source\repos\AiDotNet\src\AiDotNet.csproj::TargetFramework=net6.0]
C:\Users\yolan\source\repos\AiDotNet\src\Deployment\Techniques\ModelPruner.cs(184,39): error CS8602: Dereference of a possibly null reference. [C:\Users\yolan\source\repos\AiDotNet\src\AiDotNet.csproj::TargetFramework=net6.0]
C:\Users\yolan\source\repos\AiDotNet\src\FederatedLearning\Communication\CommunicationManager.cs(206,41): error CS0104: 'JsonSerializer' is an ambiguous reference between 'Newtonsoft.Json.JsonSerializer' and 'System.Text.Json.JsonSerializer' [C:\Users\yolan\source\repos\AiDotNet\src\AiDotNet.csproj::TargetFramework=net6.0]
C:\Users\yolan\source\repos\AiDotNet\src\ProductionMonitoring\AlertManager.cs(325,34): error CS1998: This async method lacks 'await' operators and will run synchronously. Consider using the 'await' operator to await non-blocking API calls, or 'await Task.Run(...)' to do CPU-bound work on a background thread. [C:\Users\yolan\source\repos\AiDotNet\src\AiDotNet.csproj::TargetFramework=net6.0]
C:\Users\yolan\source\repos\AiDotNet\src\ProductionMonitoring\AlertManager.cs(391,24): error CS8603: Possible null reference return. [C:\Users\yolan\source\repos\AiDotNet\src\AiDotNet.csproj::TargetFramework=net6.0]
C:\Users\yolan\source\repos\AiDotNet\src\ProductionMonitoring\AlertManager.cs(393,20): error CS8603: Possible null reference return. [C:\Users\yolan\source\repos\AiDotNet\src\AiDotNet.csproj::TargetFramework=net6.0]
C:\Users\yolan\source\repos\AiDotNet\src\FederatedLearning\Communication\CommunicationManager.cs(246,31): error CS0104: 'JsonSerializer' is an ambiguous reference between 'Newtonsoft.Json.JsonSerializer' and 'System.Text.Json.JsonSerializer' [C:\Users\yolan\source\repos\AiDotNet\src\AiDotNet.csproj::TargetFramework=net6.0]
C:\Users\yolan\source\repos\AiDotNet\src\FederatedLearning\Communication\CommunicationManager.cs(243,28): error CS8603: Possible null reference return. [C:\Users\yolan\source\repos\AiDotNet\src\AiDotNet.csproj::TargetFramework=net6.0]
C:\Users\yolan\source\repos\AiDotNet\src\FederatedLearning\Communication\CommunicationManager.cs(272,24): error CS8603: Possible null reference return. [C:\Users\yolan\source\repos\AiDotNet\src\AiDotNet.csproj::TargetFramework=net6.0]
C:\Users\yolan\source\repos\AiDotNet\src\FederatedLearning\Communication\CommunicationManager.cs(277,24): error CS8603: Possible null reference return. [C:\Users\yolan\source\repos\AiDotNet\src\AiDotNet.csproj::TargetFramework=net6.0]
C:\Users\yolan\source\repos\AiDotNet\src\Deployment\EdgeOptimizers\IoTOptimizer.cs(284,43): error CS8604: Possible null reference argument for parameter 'key' in 'IoTDeviceProfile Dictionary<string, IoTDeviceProfile>.this[string key]'. [C:\Users\yolan\source\repos\AiDotNet\src\AiDotNet.csproj::TargetFramework=net6.0]
C:\Users\yolan\source\repos\AiDotNet\src\FederatedLearning\MetaLearning\MAMLFederated.cs(389,51): error CS1061: 'IOptimizer<double, Matrix<double>, Vector<double>>' does not contain a definition for 'CalculateUpdate' and no accessible extension method 'CalculateUpdate' accepting a first argument of type 'IOptimizer<double, Matrix<double>, Vector<double>>' could be found (are you missing a using directive or an assembly reference?) [C:\Users\yolan\source\repos\AiDotNet\src\AiDotNet.csproj::TargetFramework=net6.0]
C:\Users\yolan\source\repos\AiDotNet\src\FederatedLearning\Communication\CommunicationManager.cs(301,41): error CS0104: 'JsonSerializer' is an ambiguous reference between 'Newtonsoft.Json.JsonSerializer' and 'System.Text.Json.JsonSerializer' [C:\Users\yolan\source\repos\AiDotNet\src\AiDotNet.csproj::TargetFramework=net6.0]
C:\Users\yolan\source\repos\AiDotNet\src\Deployment\Techniques\ModelPruner.cs(250,24): error CS8604: Possible null reference argument for parameter 'source' in 'long Enumerable.Sum<ILayer<T>>(IEnumerable<ILayer<T>> source, Func<ILayer<T>, long> selector)'. [C:\Users\yolan\source\repos\AiDotNet\src\AiDotNet.csproj::TargetFramework=net6.0]
C:\Users\yolan\source\repos\AiDotNet\src\ProductionMonitoring\ModelHealthScorer.cs(133,48): error CS1998: This async method lacks 'await' operators and will run synchronously. Consider using the 'await' operator to await non-blocking API calls, or 'await Task.Run(...)' to do CPU-bound work on a background thread. [C:\Users\yolan\source\repos\AiDotNet\src\AiDotNet.csproj::TargetFramework=net6.0]
C:\Users\yolan\source\repos\AiDotNet\src\FederatedLearning\MetaLearning\MAMLFederated.cs(448,84): error CS1503: Argument 1: cannot convert from 'AiDotNet.LinearAlgebra.Vector<double>' to 'AiDotNet.LinearAlgebra.Matrix<double>' [C:\Users\yolan\source\repos\AiDotNet\src\AiDotNet.csproj::TargetFramework=net6.0]
C:\Users\yolan\source\repos\AiDotNet\src\ProductionMonitoring\ModelHealthScorer.cs(196,58): error CS1998: This async method lacks 'await' operators and will run synchronously. Consider using the 'await' operator to await non-blocking API calls, or 'await Task.Run(...)' to do CPU-bound work on a background thread. [C:\Users\yolan\source\repos\AiDotNet\src\AiDotNet.csproj::TargetFramework=net6.0]
C:\Users\yolan\source\repos\AiDotNet\src\ProductionMonitoring\ModelHealthScorer.cs(211,58): error CS1998: This async method lacks 'await' operators and will run synchronously. Consider using the 'await' operator to await non-blocking API calls, or 'await Task.Run(...)' to do CPU-bound work on a background thread. [C:\Users\yolan\source\repos\AiDotNet\src\AiDotNet.csproj::TargetFramework=net6.0]
C:\Users\yolan\source\repos\AiDotNet\src\FederatedLearning\MetaLearning\MAMLFederated.cs(470,62): error CS1503: Argument 1: cannot convert from 'AiDotNet.LinearAlgebra.Vector<double>' to 'AiDotNet.LinearAlgebra.Matrix<double>' [C:\Users\yolan\source\repos\AiDotNet\src\AiDotNet.csproj::TargetFramework=net6.0]
C:\Users\yolan\source\repos\AiDotNet\src\FederatedLearning\Communication\CommunicationManager.cs(368,41): error CS0104: 'JsonSerializer' is an ambiguous reference between 'Newtonsoft.Json.JsonSerializer' and 'System.Text.Json.JsonSerializer' [C:\Users\yolan\source\repos\AiDotNet\src\AiDotNet.csproj::TargetFramework=net6.0]
C:\Users\yolan\source\repos\AiDotNet\src\FederatedLearning\MetaLearning\MAMLFederated.cs(568,64): error CS1503: Argument 4: cannot convert from 'AiDotNet.FederatedLearning.PrivacySettings' to 'AiDotNet.FederatedLearning.Privacy.PrivacySettings' [C:\Users\yolan\source\repos\AiDotNet\src\AiDotNet.csproj::TargetFramework=net6.0]
C:\Users\yolan\source\repos\AiDotNet\src\FederatedLearning\Communication\CommunicationManager.cs(436,28): error CS8603: Possible null reference return. [C:\Users\yolan\source\repos\AiDotNet\src\AiDotNet.csproj::TargetFramework=net6.0]
C:\Users\yolan\source\repos\AiDotNet\src\FederatedLearning\Communication\CommunicationManager.cs(448,24): error CS8603: Possible null reference return. [C:\Users\yolan\source\repos\AiDotNet\src\AiDotNet.csproj::TargetFramework=net6.0]
C:\Users\yolan\source\repos\AiDotNet\src\Deployment\Techniques\ModelPruner.cs(361,74): error CS0119: 'Extensions.Value<U>(IEnumerable<JToken>)' is a method, which is not valid in the given context [C:\Users\yolan\source\repos\AiDotNet\src\AiDotNet.csproj::TargetFramework=net6.0]
C:\Users\yolan\source\repos\AiDotNet\src\Deployment\EdgeOptimizers\IoTOptimizer.cs(1125,39): error CS8625: Cannot convert null literal to non-nullable reference type. [C:\Users\yolan\source\repos\AiDotNet\src\AiDotNet.csproj::TargetFramework=net6.0]
C:\Users\yolan\source\repos\AiDotNet\src\Deployment\EdgeOptimizers\IoTOptimizer.cs(1335,43): error CS8604: Possible null reference argument for parameter 'key' in 'IoTDeviceProfile Dictionary<string, IoTDeviceProfile>.this[string key]'. [C:\Users\yolan\source\repos\AiDotNet\src\AiDotNet.csproj::TargetFramework=net6.0]
C:\Users\yolan\source\repos\AiDotNet\src\Deployment\EdgeOptimizers\IoTOptimizer.cs(1359,43): error CS8604: Possible null reference argument for parameter 'key' in 'IoTDeviceProfile Dictionary<string, IoTDeviceProfile>.this[string key]'. [C:\Users\yolan\source\repos\AiDotNet\src\AiDotNet.csproj::TargetFramework=net6.0]
C:\Users\yolan\source\repos\AiDotNet\src\ProductionMonitoring\ModelHealthScorer.cs(418,36): error CS1998: This async method lacks 'await' operators and will run synchronously. Consider using the 'await' operator to await non-blocking API calls, or 'await Task.Run(...)' to do CPU-bound work on a background thread. [C:\Users\yolan\source\repos\AiDotNet\src\AiDotNet.csproj::TargetFramework=net6.0]
C:\Users\yolan\source\repos\AiDotNet\src\ProductionMonitoring\ModelHealthScorer.cs(443,36): error CS1998: This async method lacks 'await' operators and will run synchronously. Consider using the 'await' operator to await non-blocking API calls, or 'await Task.Run(...)' to do CPU-bound work on a background thread. [C:\Users\yolan\source\repos\AiDotNet\src\AiDotNet.csproj::TargetFramework=net6.0]
C:\Users\yolan\source\repos\AiDotNet\src\ProductionMonitoring\ModelHealthScorer.cs(466,36): error CS1998: This async method lacks 'await' operators and will run synchronously. Consider using the 'await' operator to await non-blocking API calls, or 'await Task.Run(...)' to do CPU-bound work on a background thread. [C:\Users\yolan\source\repos\AiDotNet\src\AiDotNet.csproj::TargetFramework=net6.0]
C:\Users\yolan\source\repos\AiDotNet\src\ProductionMonitoring\ModelHealthScorer.cs(487,36): error CS1998: This async method lacks 'await' operators and will run synchronously. Consider using the 'await' operator to await non-blocking API calls, or 'await Task.Run(...)' to do CPU-bound work on a background thread. [C:\Users\yolan\source\repos\AiDotNet\src\AiDotNet.csproj::TargetFramework=net6.0]
C:\Users\yolan\source\repos\AiDotNet\src\ProductionMonitoring\ModelHealthScorer.cs(506,36): error CS1998: This async method lacks 'await' operators and will run synchronously. Consider using the 'await' operator to await non-blocking API calls, or 'await Task.Run(...)' to do CPU-bound work on a background thread. [C:\Users\yolan\source\repos\AiDotNet\src\AiDotNet.csproj::TargetFramework=net6.0]
C:\Users\yolan\source\repos\AiDotNet\src\ProductionMonitoring\ModelHealthScorer.cs(761,28): error CS1998: This async method lacks 'await' operators and will run synchronously. Consider using the 'await' operator to await non-blocking API calls, or 'await Task.Run(...)' to do CPU-bound work on a background thread. [C:\Users\yolan\source\repos\AiDotNet\src\AiDotNet.csproj::TargetFramework=net6.0]
C:\Users\yolan\source\repos\AiDotNet\src\Pipeline\PipelineSteps.cs(27,28): error CS0414: The field 'DataLoadingStep.loadedData' is assigned but its value is never used [C:\Users\yolan\source\repos\AiDotNet\src\AiDotNet.csproj::TargetFramework=net6.0]
C:\Users\yolan\source\repos\AiDotNet\src\Examples\FederatedLearningExample.cs(360,40): error CS8603: Possible null reference return. [C:\Users\yolan\source\repos\AiDotNet\src\AiDotNet.csproj::TargetFramework=net462]
C:\Users\yolan\source\repos\AiDotNet\src\Examples\FederatedLearningExample.cs(365,24): error CS8603: Possible null reference return. [C:\Users\yolan\source\repos\AiDotNet\src\AiDotNet.csproj::TargetFramework=net462]
C:\Users\yolan\source\repos\AiDotNet\src\Examples\FederatedLearningExample.cs(368,22): error CS8600: Converting null literal or possible null value to non-nullable type. [C:\Users\yolan\source\repos\AiDotNet\src\AiDotNet.csproj::TargetFramework=net462]
C:\Users\yolan\source\repos\AiDotNet\src\Examples\FederatedLearningExample.cs(373,20): error CS8603: Possible null reference return. [C:\Users\yolan\source\repos\AiDotNet\src\AiDotNet.csproj::TargetFramework=net462]
C:\Users\yolan\source\repos\AiDotNet\src\AutoML\RandomSearchAutoML.cs(171,47): error CS1061: 'KeyValuePair<string, ParameterRange>' does not contain a definition for 'Deconstruct' and no accessible extension method 'Deconstruct' accepting a first argument of type 'KeyValuePair<string, ParameterRange>' could be found (are you missing a using directive or an assembly reference?) [C:\Users\yolan\source\repos\AiDotNet\src\AiDotNet.csproj::TargetFramework=net462]
C:\Users\yolan\source\repos\AiDotNet\src\AutoML\RandomSearchAutoML.cs(171,47): error CS8129: No suitable 'Deconstruct' instance or extension method was found for type 'KeyValuePair<string, ParameterRange>', with 2 out parameters and a void return type. [C:\Users\yolan\source\repos\AiDotNet\src\AiDotNet.csproj::TargetFramework=net462]
C:\Users\yolan\source\repos\AiDotNet\src\AutoML\RandomSearchAutoML.cs(171,31): error CS8130: Cannot infer the type of implicitly-typed deconstruction variable 'name'. [C:\Users\yolan\source\repos\AiDotNet\src\AiDotNet.csproj::TargetFramework=net462]
C:\Users\yolan\source\repos\AiDotNet\src\AutoML\RandomSearchAutoML.cs(171,37): error CS8130: Cannot infer the type of implicitly-typed deconstruction variable 'range'. [C:\Users\yolan\source\repos\AiDotNet\src\AiDotNet.csproj::TargetFramework=net462]
C:\Users\yolan\source\repos\AiDotNet\src\AutoML\RandomSearchAutoML.cs(178,47): error CS1061: 'KeyValuePair<string, ParameterRange>' does not contain a definition for 'Deconstruct' and no accessible extension method 'Deconstruct' accepting a first argument of type 'KeyValuePair<string, ParameterRange>' could be found (are you missing a using directive or an assembly reference?) [C:\Users\yolan\source\repos\AiDotNet\src\AiDotNet.csproj::TargetFramework=net462]
C:\Users\yolan\source\repos\AiDotNet\src\AutoML\RandomSearchAutoML.cs(178,47): error CS8129: No suitable 'Deconstruct' instance or extension method was found for type 'KeyValuePair<string, ParameterRange>', with 2 out parameters and a void return type. [C:\Users\yolan\source\repos\AiDotNet\src\AiDotNet.csproj::TargetFramework=net462]
C:\Users\yolan\source\repos\AiDotNet\src\AutoML\RandomSearchAutoML.cs(178,31): error CS8130: Cannot infer the type of implicitly-typed deconstruction variable 'name'. [C:\Users\yolan\source\repos\AiDotNet\src\AiDotNet.csproj::TargetFramework=net462]
C:\Users\yolan\source\repos\AiDotNet\src\AutoML\RandomSearchAutoML.cs(178,37): error CS8130: Cannot infer the type of implicitly-typed deconstruction variable 'range'. [C:\Users\yolan\source\repos\AiDotNet\src\AiDotNet.csproj::TargetFramework=net462]
C:\Users\yolan\source\repos\AiDotNet\src\AutoML\RandomSearchAutoML.cs(224,43): error CS1061: 'KeyValuePair<string, ParameterRange>' does not contain a definition for 'Deconstruct' and no accessible extension method 'Deconstruct' accepting a first argument of type 'KeyValuePair<string, ParameterRange>' could be found (are you missing a using directive or an assembly reference?) [C:\Users\yolan\source\repos\AiDotNet\src\AiDotNet.csproj::TargetFramework=net462]
C:\Users\yolan\source\repos\AiDotNet\src\AutoML\RandomSearchAutoML.cs(224,43): error CS8129: No suitable 'Deconstruct' instance or extension method was found for type 'KeyValuePair<string, ParameterRange>', with 2 out parameters and a void return type. [C:\Users\yolan\source\repos\AiDotNet\src\AiDotNet.csproj::TargetFramework=net462]
C:\Users\yolan\source\repos\AiDotNet\src\AutoML\RandomSearchAutoML.cs(224,27): error CS8130: Cannot infer the type of implicitly-typed deconstruction variable 'name'. [C:\Users\yolan\source\repos\AiDotNet\src\AiDotNet.csproj::TargetFramework=net462]
C:\Users\yolan\source\repos\AiDotNet\src\AutoML\RandomSearchAutoML.cs(224,33): error CS8130: Cannot infer the type of implicitly-typed deconstruction variable 'range'. [C:\Users\yolan\source\repos\AiDotNet\src\AiDotNet.csproj::TargetFramework=net462]
C:\Users\yolan\source\repos\AiDotNet\src\AutoML\RandomSearchAutoML.cs(260,20): error CS0029: Cannot implicitly convert type 'void' to 'AiDotNet.Interfaces.IFullModel<T, TInput, TOutput>' [C:\Users\yolan\source\repos\AiDotNet\src\AiDotNet.csproj::TargetFramework=net462]
C:\Users\yolan\source\repos\AiDotNet\src\PredictionModelBuilder.cs(776,13): error CS8604: Possible null reference argument for parameter 'args' in 'void ILogging.Debug(string message, params object[] args)'. [C:\Users\yolan\source\repos\AiDotNet\src\AiDotNet.csproj::TargetFramework=net462]
C:\Users\yolan\source\repos\AiDotNet\src\PredictionModelBuilder.cs(776,38): error CS8604: Possible null reference argument for parameter 'args' in 'void ILogging.Debug(string message, params object[] args)'. [C:\Users\yolan\source\repos\AiDotNet\src\AiDotNet.csproj::TargetFramework=net462]
C:\Users\yolan\source\repos\AiDotNet\src\ProductionMonitoring\RetrainingRecommender.cs(175,58): error CS1998: This async method lacks 'await' operators and will run synchronously. Consider using the 'await' operator to await non-blocking API calls, or 'await Task.Run(...)' to do CPU-bound work on a background thread. [C:\Users\yolan\source\repos\AiDotNet\src\AiDotNet.csproj::TargetFramework=net462]
C:\Users\yolan\source\repos\AiDotNet\src\PredictionModelBuilder.cs(859,13): error CS8604: Possible null reference argument for parameter 'args' in 'void ILogging.Debug(string message, params object[] args)'. [C:\Users\yolan\source\repos\AiDotNet\src\AiDotNet.csproj::TargetFramework=net462]
C:\Users\yolan\source\repos\AiDotNet\src\ProductionMonitoring\RetrainingRecommender.cs(187,58): error CS1998: This async method lacks 'await' operators and will run synchronously. Consider using the 'await' operator to await non-blocking API calls, or 'await Task.Run(...)' to do CPU-bound work on a background thread. [C:\Users\yolan\source\repos\AiDotNet\src\AiDotNet.csproj::TargetFramework=net462]
C:\Users\yolan\source\repos\AiDotNet\src\PredictionModelBuilder.cs(932,25): error CS8604: Possible null reference argument for parameter 'args' in 'void ILogging.Information(string message, params object[] args)'. [C:\Users\yolan\source\repos\AiDotNet\src\AiDotNet.csproj::TargetFramework=net462]
C:\Users\yolan\source\repos\AiDotNet\src\PredictionModelBuilder.cs(932,38): error CS8604: Possible null reference argument for parameter 'args' in 'void ILogging.Information(string message, params object[] args)'. [C:\Users\yolan\source\repos\AiDotNet\src\AiDotNet.csproj::TargetFramework=net462]
C:\Users\yolan\source\repos\AiDotNet\src\ReinforcementLearning\Tournament\Results\TournamentResult.cs(106,45): error CS0121: The call is ambiguous between the following methods or properties: 'System.Linq.LinqExtensions.ToDictionary<TSource, TKey, TValue>(System.Collections.Generic.IEnumerable<TSource>, System.Func<TSource, TKey>, System.Func<TSource, TValue>)' and 'System.Linq.Enumerable.ToDictionary<TSource, TKey, TElement>(System.Collections.Generic.IEnumerable<TSource>, System.Func<TSource, TKey>, System.Func<TSource, TElement>)' [C:\Users\yolan\source\repos\AiDotNet\src\AiDotNet.csproj::TargetFramework=net462]
C:\Users\yolan\source\repos\AiDotNet\src\ReinforcementLearning\Tournament\Results\TournamentResult.cs(111,41): error CS0121: The call is ambiguous between the following methods or properties: 'System.Linq.LinqExtensions.ToDictionary<TSource, TKey, TValue>(System.Collections.Generic.IEnumerable<TSource>, System.Func<TSource, TKey>, System.Func<TSource, TValue>)' and 'System.Linq.Enumerable.ToDictionary<TSource, TKey, TElement>(System.Collections.Generic.IEnumerable<TSource>, System.Func<TSource, TKey>, System.Func<TSource, TElement>)' [C:\Users\yolan\source\repos\AiDotNet\src\AiDotNet.csproj::TargetFramework=net462]
C:\Users\yolan\source\repos\AiDotNet\src\ReinforcementLearning\Tournament\Results\TournamentResult.cs(116,33): error CS0121: The call is ambiguous between the following methods or properties: 'System.Linq.LinqExtensions.ToDictionary<TSource, TKey, TValue>(System.Collections.Generic.IEnumerable<TSource>, System.Func<TSource, TKey>, System.Func<TSource, TValue>)' and 'System.Linq.Enumerable.ToDictionary<TSource, TKey, TElement>(System.Collections.Generic.IEnumerable<TSource>, System.Func<TSource, TKey>, System.Func<TSource, TElement>)' [C:\Users\yolan\source\repos\AiDotNet\src\AiDotNet.csproj::TargetFramework=net462]
C:\Users\yolan\source\repos\AiDotNet\src\PredictionModelBuilder.cs(1065,42): error CS1061: 'IMultimodalModel<T, TInput, TOutput>' does not contain a definition for 'AddModality' and no accessible extension method 'AddModality' accepting a first argument of type 'IMultimodalModel<T, TInput, TOutput>' could be found (are you missing a using directive or an assembly reference?) [C:\Users\yolan\source\repos\AiDotNet\src\AiDotNet.csproj::TargetFramework=net462]
C:\Users\yolan\source\repos\AiDotNet\src\PredictionModelBuilder.cs(1068,34): error CS1061: 'IMultimodalModel<T, TInput, TOutput>' does not contain a definition for 'SetFusionStrategy' and no accessible extension method 'SetFusionStrategy' accepting a first argument of type 'IMultimodalModel<T, TInput, TOutput>' could be found (are you missing a using directive or an assembly reference?) [C:\Users\yolan\source\repos\AiDotNet\src\AiDotNet.csproj::TargetFramework=net462]
C:\Users\yolan\source\repos\AiDotNet\src\PredictionModelBuilder.cs(1080,38): error CS1061: 'IFoundationModel<T, TInput, TOutput>' does not contain a definition for 'ConfigureFineTuning' and no accessible extension method 'ConfigureFineTuning' accepting a first argument of type 'IFoundationModel<T, TInput, TOutput>' could be found (are you missing a using directive or an assembly reference?) [C:\Users\yolan\source\repos\AiDotNet\src\AiDotNet.csproj::TargetFramework=net462]
C:\Users\yolan\source\repos\AiDotNet\src\PredictionModelBuilder.cs(1098,34): error CS1061: 'IAutoMLModel<T, TInput, TOutput>' does not contain a definition for 'ConfigureSearchSpace' and no accessible extension method 'ConfigureSearchSpace' accepting a first argument of type 'IAutoMLModel<T, TInput, TOutput>' could be found (are you missing a using directive or an assembly reference?) [C:\Users\yolan\source\repos\AiDotNet\src\AiDotNet.csproj::TargetFramework=net462]
C:\Users\yolan\source\repos\AiDotNet\src\PredictionModelBuilder.cs(1102,34): error CS1061: 'IAutoMLModel<T, TInput, TOutput>' does not contain a definition for 'SetTimeLimit' and no accessible extension method 'SetTimeLimit' accepting a first argument of type 'IAutoMLModel<T, TInput, TOutput>' could be found (are you missing a using directive or an assembly reference?) [C:\Users\yolan\source\repos\AiDotNet\src\AiDotNet.csproj::TargetFramework=net462]
C:\Users\yolan\source\repos\AiDotNet\src\PredictionModelBuilder.cs(1106,34): error CS1061: 'IAutoMLModel<T, TInput, TOutput>' does not contain a definition for 'SetTrialLimit' and no accessible extension method 'SetTrialLimit' accepting a first argument of type 'IAutoMLModel<T, TInput, TOutput>' could be found (are you missing a using directive or an assembly reference?) [C:\Users\yolan\source\repos\AiDotNet\src\AiDotNet.csproj::TargetFramework=net462]
C:\Users\yolan\source\repos\AiDotNet\src\PredictionModelBuilder.cs(1110,34): error CS1061: 'IAutoMLModel<T, TInput, TOutput>' does not contain a definition for 'EnableNAS' and no accessible extension method 'EnableNAS' accepting a first argument of type 'IAutoMLModel<T, TInput, TOutput>' could be found (are you missing a using directive or an assembly reference?) [C:\Users\yolan\source\repos\AiDotNet\src\AiDotNet.csproj::TargetFramework=net462]
C:\Users\yolan\source\repos\AiDotNet\src\PredictionModelBuilder.cs(1114,38): error CS1061: 'IAutoMLModel<T, TInput, TOutput>' does not contain a definition for 'SearchBestModel' and no accessible extension method 'SearchBestModel' accepting a first argument of type 'IAutoMLModel<T, TInput, TOutput>' could be found (are you missing a using directive or an assembly reference?) [C:\Users\yolan\source\repos\AiDotNet\src\AiDotNet.csproj::TargetFramework=net462]
C:\Users\yolan\source\repos\AiDotNet\src\PredictionModelBuilder.cs(1140,37): error CS1061: 'IInterpretableModel<T, TInput, TOutput>' does not contain a definition for 'SetBaseModel' and no accessible extension method 'SetBaseModel' accepting a first argument of type 'IInterpretableModel<T, TInput, TOutput>' could be found (are you missing a using directive or an assembly reference?) [C:\Users\yolan\source\repos\AiDotNet\src\AiDotNet.csproj::TargetFramework=net462]
C:\Users\yolan\source\repos\AiDotNet\src\PredictionModelBuilder.cs(1145,45): error CS1061: 'IInterpretableModel<T, TInput, TOutput>' does not contain a definition for 'EnableMethod' and no accessible extension method 'EnableMethod' accepting a first argument of type 'IInterpretableModel<T, TInput, TOutput>' could be found (are you missing a using directive or an assembly reference?) [C:\Users\yolan\source\repos\AiDotNet\src\AiDotNet.csproj::TargetFramework=net462]
C:\Users\yolan\source\repos\AiDotNet\src\PredictionModelBuilder.cs(1150,41): error CS1061: 'IInterpretableModel<T, TInput, TOutput>' does not contain a definition for 'ConfigureFairness' and no accessible extension method 'ConfigureFairness' accepting a first argument of type 'IInterpretableModel<T, TInput, TOutput>' could be found (are you missing a using directive or an assembly reference?) [C:\Users\yolan\source\repos\AiDotNet\src\AiDotNet.csproj::TargetFramework=net462]
C:\Users\yolan\source\repos\AiDotNet\src\PredictionModelBuilder.cs(1152,25): error CS0266: Cannot implicitly convert type 'AiDotNet.Interfaces.IInterpretableModel<T, TInput, TOutput>' to 'AiDotNet.Interfaces.IFullModel<T, TInput, TOutput>'. An explicit conversion exists (are you missing a cast?) [C:\Users\yolan\source\repos\AiDotNet\src\AiDotNet.csproj::TargetFramework=net462]
C:\Users\yolan\source\repos\AiDotNet\src\PredictionModelBuilder.cs(1161,40): error CS1061: 'IProductionMonitor<T, TInput, TOutput>' does not contain a definition for 'ConfigureDriftDetection' and no accessible extension method 'ConfigureDriftDetection' accepting a first argument of type 'IProductionMonitor<T, TInput, TOutput>' could be found (are you missing a using directive or an assembly reference?) [C:\Users\yolan\source\repos\AiDotNet\src\AiDotNet.csproj::TargetFramework=net462]
C:\Users\yolan\source\repos\AiDotNet\src\PredictionModelBuilder.cs(1165,40): error CS1061: 'IProductionMonitor<T, TInput, TOutput>' does not contain a definition for 'ConfigureRetraining' and no accessible extension method 'ConfigureRetraining' accepting a first argument of type 'IProductionMonitor<T, TInput, TOutput>' could be found (are you missing a using directive or an assembly reference?) [C:\Users\yolan\source\repos\AiDotNet\src\AiDotNet.csproj::TargetFramework=net462]
C:\Users\yolan\source\repos\AiDotNet\src\PredictionModelBuilder.cs(1210,57): error CS1061: 'IPipelineStep<T, TInput, TOutput>' does not contain a definition for 'FitTransform' and no accessible extension method 'FitTransform' accepting a first argument of type 'IPipelineStep<T, TInput, TOutput>' could be found (are you missing a using directive or an assembly reference?) [C:\Users\yolan\source\repos\AiDotNet\src\AiDotNet.csproj::TargetFramework=net462]
C:\Users\yolan\source\repos\AiDotNet\src\Pipeline\Steps\ParallelProcessingStep.cs(339,60): error CS0117: 'StatisticsHelper<double>' does not contain a definition for 'Variance' [C:\Users\yolan\source\repos\AiDotNet\src\AiDotNet.csproj::TargetFramework=net462]
C:\Users\yolan\source\repos\AiDotNet\src\PredictionModelBuilder.cs(1485,17): error CS0019: Operator '!=' cannot be applied to operands of type 'T' and '<null>' [C:\Users\yolan\source\repos\AiDotNet\src\AiDotNet.csproj::TargetFramework=net462]
C:\Users\yolan\source\repos\AiDotNet\src\MultimodalAI\MultimodalModelBase.cs(134,24): error CS7036: There is no argument given that corresponds to the required parameter 'inputs' of 'ModelStats<double, Matrix<double>, Vector<double>>.ModelStats(ModelStatsInputs<double, Matrix<double>, Vector<double>>, ModelType, ModelStatsOptions?)' [C:\Users\yolan\source\repos\AiDotNet\src\AiDotNet.csproj::TargetFramework=net462]
C:\Users\yolan\source\repos\AiDotNet\src\MultimodalAI\MultimodalModelBase.cs(136,17): error CS0117: 'ModelStats<double, Matrix<double>, Vector<double>>' does not contain a definition for 'Name' [C:\Users\yolan\source\repos\AiDotNet\src\AiDotNet.csproj::TargetFramework=net462]
C:\Users\yolan\source\repos\AiDotNet\src\MultimodalAI\MultimodalModelBase.cs(137,17): error CS0117: 'ModelStats<double, Matrix<double>, Vector<double>>' does not contain a definition for 'Type' [C:\Users\yolan\source\repos\AiDotNet\src\AiDotNet.csproj::TargetFramework=net462]
C:\Users\yolan\source\repos\AiDotNet\src\MultimodalAI\MultimodalModelBase.cs(138,17): error CS0117: 'ModelStats<double, Matrix<double>, Vector<double>>' does not contain a definition for 'Timestamp' [C:\Users\yolan\source\repos\AiDotNet\src\AiDotNet.csproj::TargetFramework=net462]
C:\Users\yolan\source\repos\AiDotNet\src\ProductionMonitoring\RetrainingRecommender.cs(317,48): error CS1998: This async method lacks 'await' operators and will run synchronously. Consider using the 'await' operator to await non-blocking API calls, or 'await Task.Run(...)' to do CPU-bound work on a background thread. [C:\Users\yolan\source\repos\AiDotNet\src\AiDotNet.csproj::TargetFramework=net462]
C:\Users\yolan\source\repos\AiDotNet\src\MultimodalAI\MultimodalData.cs(111,20): error CS8603: Possible null reference return. [C:\Users\yolan\source\repos\AiDotNet\src\AiDotNet.csproj::TargetFramework=net462]
C:\Users\yolan\source\repos\AiDotNet\src\ProductionMonitoring\RetrainingRecommender.cs(396,53): error CS0121: The call is ambiguous between the following methods or properties: 'System.Linq.LinqExtensions.LastOrDefault<T>(System.Collections.Generic.IEnumerable<T>)' and 'System.Linq.Enumerable.LastOrDefault<TSource>(System.Collections.Generic.IEnumerable<TSource>)' [C:\Users\yolan\source\repos\AiDotNet\src\AiDotNet.csproj::TargetFramework=net462]
C:\Users\yolan\source\repos\AiDotNet\src\MultimodalAI\LateFusionMultimodal.cs(105,31): error CS8602: Dereference of a possibly null reference. [C:\Users\yolan\source\repos\AiDotNet\src\AiDotNet.csproj::TargetFramework=net462]
C:\Users\yolan\source\repos\AiDotNet\src\ProductionMonitoring\RetrainingRecommender.cs(430,54): error CS1998: This async method lacks 'await' operators and will run synchronously. Consider using the 'await' operator to await non-blocking API calls, or 'await Task.Run(...)' to do CPU-bound work on a background thread. [C:\Users\yolan\source\repos\AiDotNet\src\AiDotNet.csproj::TargetFramework=net462]
C:\Users\yolan\source\repos\AiDotNet\src\MultimodalAI\LateFusionMultimodal.cs(153,80): error CS8625: Cannot convert null literal to non-nullable reference type. [C:\Users\yolan\source\repos\AiDotNet\src\AiDotNet.csproj::TargetFramework=net462]
C:\Users\yolan\source\repos\AiDotNet\src\MultimodalAI\LateFusionMultimodal.cs(161,34): error CS8602: Dereference of a possibly null reference. [C:\Users\yolan\source\repos\AiDotNet\src\AiDotNet.csproj::TargetFramework=net462]
C:\Users\yolan\source\repos\AiDotNet\src\MultimodalAI\LateFusionMultimodal.cs(208,20): error CS0266: Cannot implicitly convert type 'AiDotNet.MultimodalAI.LateFusionMultimodal' to 'AiDotNet.Interfaces.IFullModel<double, System.Collections.Generic.Dictionary<string, object>, AiDotNet.LinearAlgebra.Vector<double>>'. An explicit conversion exists (are you missing a cast?) [C:\Users\yolan\source\repos\AiDotNet\src\AiDotNet.csproj::TargetFramework=net462]
C:\Users\yolan\source\repos\AiDotNet\src\MultimodalAI\LateFusionMultimodal.cs(249,43): error CS0121: The call is ambiguous between the following methods or properties: 'System.Linq.LinqExtensions.ToDictionary<TSource, TKey, TValue>(System.Collections.Generic.IEnumerable<TSource>, System.Func<TSource, TKey>, System.Func<TSource, TValue>)' and 'System.Linq.Enumerable.ToDictionary<TSource, TKey, TElement>(System.Collections.Generic.IEnumerable<TSource>, System.Func<TSource, TKey>, System.Func<TSource, TElement>)' [C:\Users\yolan\source\repos\AiDotNet\src\AiDotNet.csproj::TargetFramework=net462]
C:\Users\yolan\source\repos\AiDotNet\src\NeuralNetworks\VisionTransformer.cs(731,49): error CS1061: 'LayerType' does not contain a definition for 'Attention' and no accessible extension method 'Attention' accepting a first argument of type 'LayerType' could be found (are you missing a using directive or an assembly reference?) [C:\Users\yolan\source\repos\AiDotNet\src\AiDotNet.csproj::TargetFramework=net462]
C:\Users\yolan\source\repos\AiDotNet\src\ProductionMonitoring\RetrainingRecommender.cs(533,18): error CS0121: The call is ambiguous between the following methods or properties: 'System.Linq.LinqExtensions.ToDictionary<TSource, TKey, TValue>(System.Collections.Generic.IEnumerable<TSource>, System.Func<TSource, TKey>, System.Func<TSource, TValue>)' and 'System.Linq.Enumerable.ToDictionary<TSource, TKey, TElement>(System.Collections.Generic.IEnumerable<TSource>, System.Func<TSource, TKey>, System.Func<TSource, TElement>)' [C:\Users\yolan\source\repos\AiDotNet\src\AiDotNet.csproj::TargetFramework=net462]
C:\Users\yolan\source\repos\AiDotNet\src\NeuralNetworks\VisionTransformer.cs(99,40): error CS1501: No overload for method 'Repeat' takes 3 arguments [C:\Users\yolan\source\repos\AiDotNet\src\AiDotNet.csproj::TargetFramework=net462]
C:\Users\yolan\source\repos\AiDotNet\src\NeuralNetworks\VisionTransformer.cs(100,45): error CS1503: Argument 1: cannot convert from 'AiDotNet.LinearAlgebra.Vector<T>' to 'AiDotNet.LinearAlgebra.Tensor<double>' [C:\Users\yolan\source\repos\AiDotNet\src\AiDotNet.csproj::TargetFramework=net462]
C:\Users\yolan\source\repos\AiDotNet\src\NeuralNetworks\VisionTransformer.cs(162,40): error CS1501: No overload for method 'Repeat' takes 3 arguments [C:\Users\yolan\source\repos\AiDotNet\src\AiDotNet.csproj::TargetFramework=net462]
C:\Users\yolan\source\repos\AiDotNet\src\NeuralNetworks\VisionTransformer.cs(163,45): error CS1503: Argument 1: cannot convert from 'AiDotNet.LinearAlgebra.Vector<T>' to 'AiDotNet.LinearAlgebra.Tensor<double>' [C:\Users\yolan\source\repos\AiDotNet\src\AiDotNet.csproj::TargetFramework=net462]
C:\Users\yolan\source\repos\AiDotNet\src\Deployment\Techniques\ModelQuantizer.cs(856,17): error CS8602: Dereference of a possibly null reference. [C:\Users\yolan\source\repos\AiDotNet\src\AiDotNet.csproj::TargetFramework=net462]
C:\Users\yolan\source\repos\AiDotNet\src\Deployment\Techniques\ModelQuantizer.cs(868,33): error CS8602: Dereference of a possibly null reference. [C:\Users\yolan\source\repos\AiDotNet\src\AiDotNet.csproj::TargetFramework=net462]
C:\Users\yolan\source\repos\AiDotNet\src\Deployment\Techniques\ModelQuantizer.cs(883,35): error CS8602: Dereference of a possibly null reference. [C:\Users\yolan\source\repos\AiDotNet\src\AiDotNet.csproj::TargetFramework=net462]
C:\Users\yolan\source\repos\AiDotNet\src\Deployment\Techniques\ModelQuantizer.cs(896,26): error CS8602: Dereference of a possibly null reference. [C:\Users\yolan\source\repos\AiDotNet\src\AiDotNet.csproj::TargetFramework=net462]
C:\Users\yolan\source\repos\AiDotNet\src\Deployment\Techniques\ModelQuantizer.cs(914,45): error CS1061: 'ILayer<double>' does not contain a definition for 'GetParameterCount' and no accessible extension method 'GetParameterCount' accepting a first argument of type 'ILayer<double>' could be found (are you missing a using directive or an assembly reference?) [C:\Users\yolan\source\repos\AiDotNet\src\AiDotNet.csproj::TargetFramework=net462]
C:\Users\yolan\source\repos\AiDotNet\src\Deployment\Techniques\ModelQuantizer.cs(912,35): error CS8602: Dereference of a possibly null reference. [C:\Users\yolan\source\repos\AiDotNet\src\AiDotNet.csproj::TargetFramework=net462]
C:\Users\yolan\source\repos\AiDotNet\src\Pipeline\Steps\DataValidationStep.cs(85,61): error CS0117: 'StatisticsHelper<double>' does not contain a definition for 'Mean' [C:\Users\yolan\source\repos\AiDotNet\src\AiDotNet.csproj::TargetFramework=net462]
C:\Users\yolan\source\repos\AiDotNet\src\Pipeline\Steps\DataValidationStep.cs(86,63): error CS0117: 'StatisticsHelper<double>' does not contain a definition for 'StandardDeviation' [C:\Users\yolan\source\repos\AiDotNet\src\AiDotNet.csproj::TargetFramework=net462]
C:\Users\yolan\source\repos\AiDotNet\src\Deployment\Techniques\ModelQuantizer.cs(968,36): error CS8602: Dereference of a possibly null reference. [C:\Users\yolan\source\repos\AiDotNet\src\AiDotNet.csproj::TargetFramework=net462]
C:\Users\yolan\source\repos\AiDotNet\src\Deployment\Techniques\ModelQuantizer.cs(977,26): error CS8602: Dereference of a possibly null reference. [C:\Users\yolan\source\repos\AiDotNet\src\AiDotNet.csproj::TargetFramework=net462]
C:\Users\yolan\source\repos\AiDotNet\src\Deployment\Techniques\ModelQuantizer.cs(989,33): error CS8602: Dereference of a possibly null reference. [C:\Users\yolan\source\repos\AiDotNet\src\AiDotNet.csproj::TargetFramework=net462]
C:\Users\yolan\source\repos\AiDotNet\src\ProductionMonitoring\RetrainingRecommender.cs(810,49): error CS1061: 'List<ProductionMonitorBase.PredictionRecord>' does not contain a definition for 'TakeLast' and no accessible extension method 'TakeLast' accepting a first argument of type 'List<ProductionMonitorBase.PredictionRecord>' could be found (are you missing a using directive or an assembly reference?) [C:\Users\yolan\source\repos\AiDotNet\src\AiDotNet.csproj::TargetFramework=net462]
C:\Users\yolan\source\repos\AiDotNet\src\ProductionMonitoring\RetrainingRecommender.cs(811,94): error CS0030: Cannot convert type 'method' to 'double' [C:\Users\yolan\source\repos\AiDotNet\src\AiDotNet.csproj::TargetFramework=net462]
C:\Users\yolan\source\repos\AiDotNet\src\ProductionMonitoring\RetrainingRecommender.cs(812,83): error CS0030: Cannot convert type 'method' to 'double' [C:\Users\yolan\source\repos\AiDotNet\src\AiDotNet.csproj::TargetFramework=net462]
C:\Users\yolan\source\repos\AiDotNet\src\ProductionMonitoring\RetrainingRecommender.cs(804,36): error CS1998: This async method lacks 'await' operators and will run synchronously. Consider using the 'await' operator to await non-blocking API calls, or 'await Task.Run(...)' to do CPU-bound work on a background thread. [C:\Users\yolan\source\repos\AiDotNet\src\AiDotNet.csproj::TargetFramework=net462]
C:\Users\yolan\source\repos\AiDotNet\src\NeuralNetworks\VisionTransformer.cs(435,91): error CS1503: Argument 2: cannot convert from 'double[]' to 'AiDotNet.LinearAlgebra.Vector<double>' [C:\Users\yolan\source\repos\AiDotNet\src\AiDotNet.csproj::TargetFramework=net462]
C:\Users\yolan\source\repos\AiDotNet\src\NeuralNetworks\VisionTransformer.cs(444,71): error CS1503: Argument 2: cannot convert from 'double[]' to 'AiDotNet.LinearAlgebra.Vector<double>' [C:\Users\yolan\source\repos\AiDotNet\src\AiDotNet.csproj::TargetFramework=net462]
C:\Users\yolan\source\repos\AiDotNet\src\ProductionMonitoring\RetrainingRecommender.cs(824,50): error CS1061: 'List<PerformanceMetrics>' does not contain a definition for 'TakeLast' and no accessible extension method 'TakeLast' accepting a first argument of type 'List<PerformanceMetrics>' could be found (are you missing a using directive or an assembly reference?) [C:\Users\yolan\source\repos\AiDotNet\src\AiDotNet.csproj::TargetFramework=net462]
C:\Users\yolan\source\repos\AiDotNet\src\MultimodalAI\EarlyFusionMultimodal.cs(71,31): error CS8602: Dereference of a possibly null reference. [C:\Users\yolan\source\repos\AiDotNet\src\AiDotNet.csproj::TargetFramework=net462]
C:\Users\yolan\source\repos\AiDotNet\src\Reasoning\ReasoningModelBase.cs(125,45): error CS0121: The call is ambiguous between the following methods or properties: 'System.Linq.LinqExtensions.LastOrDefault<T>(System.Collections.Generic.IEnumerable<T>)' and 'System.Linq.Enumerable.LastOrDefault<TSource>(System.Collections.Generic.IEnumerable<TSource>)' [C:\Users\yolan\source\repos\AiDotNet\src\AiDotNet.csproj::TargetFramework=net462]
C:\Users\yolan\source\repos\AiDotNet\src\Reasoning\ReasoningModelBase.cs(135,20): error CS8619: Nullability of reference types in value of type '?' doesn't match target type 'Tensor<T>'. [C:\Users\yolan\source\repos\AiDotNet\src\AiDotNet.csproj::TargetFramework=net462]
C:\Users\yolan\source\repos\AiDotNet\src\Pipeline\Steps\DataValidationStep.cs(295,57): error CS0117: 'StatisticsHelper<double>' does not contain a definition for 'StandardDeviation' [C:\Users\yolan\source\repos\AiDotNet\src\AiDotNet.csproj::TargetFramework=net462]
C:\Users\yolan\source\repos\AiDotNet\src\MultimodalAI\EarlyFusionMultimodal.cs(123,44): error CS8602: Dereference of a possibly null reference. [C:\Users\yolan\source\repos\AiDotNet\src\AiDotNet.csproj::TargetFramework=net462]
C:\Users\yolan\source\repos\AiDotNet\src\FederatedLearning\Server\FederatedServer.cs(337,45): error CS1061: 'List<double>' does not contain a definition for 'TakeLast' and no accessible extension method 'TakeLast' accepting a first argument of type 'List<double>' could be found (are you missing a using directive or an assembly reference?) [C:\Users\yolan\source\repos\AiDotNet\src\AiDotNet.csproj::TargetFramework=net462]
C:\Users\yolan\source\repos\AiDotNet\src\FederatedLearning\Server\FederatedServer.cs(370,81): error CS1503: Argument 4: cannot convert from 'AiDotNet.FederatedLearning.PrivacySettings' to 'AiDotNet.FederatedLearning.Privacy.PrivacySettings' [C:\Users\yolan\source\repos\AiDotNet\src\AiDotNet.csproj::TargetFramework=net462]
C:\Users\yolan\source\repos\AiDotNet\src\MultimodalAI\EarlyFusionMultimodal.cs(198,20): error CS0266: Cannot implicitly convert type 'AiDotNet.MultimodalAI.EarlyFusionMultimodal' to 'AiDotNet.Interfaces.IFullModel<double, System.Collections.Generic.Dictionary<string, object>, AiDotNet.LinearAlgebra.Vector<double>>'. An explicit conversion exists (are you missing a cast?) [C:\Users\yolan\source\repos\AiDotNet\src\AiDotNet.csproj::TargetFramework=net462]
C:\Users\yolan\source\repos\AiDotNet\src\Deployment\Techniques\ModelQuantizer.cs(425,63): error CS1503: Argument 1: cannot convert from 'AiDotNet.Interfaces.ILayer<double>' to 'AiDotNet.Interfaces.ILayer' [C:\Users\yolan\source\repos\AiDotNet\src\AiDotNet.csproj::TargetFramework=net462]
C:\Users\yolan\source\repos\AiDotNet\src\Deployment\Techniques\ModelQuantizer.cs(430,45): error CS0121: The call is ambiguous between the following methods or properties: 'NeuralNetworkArchitecture<T>.NeuralNetworkArchitecture(NetworkComplexity, NeuralNetworkTaskType?, bool, List<ILayer<T>>?, bool, bool, string?)' and 'NeuralNetworkArchitecture<T>.NeuralNetworkArchitecture(NetworkComplexity)' [C:\Users\yolan\source\repos\AiDotNet\src\AiDotNet.csproj::TargetFramework=net462]
C:\Users\yolan\source\repos\AiDotNet\src\Deployment\Techniques\ModelQuantizer.cs(432,17): error CS0200: Property or indexer 'NeuralNetworkArchitecture<double>.Layers' cannot be assigned to -- it is read only [C:\Users\yolan\source\repos\AiDotNet\src\AiDotNet.csproj::TargetFramework=net462]
C:\Users\yolan\source\repos\AiDotNet\src\Deployment\Techniques\ModelQuantizer.cs(433,17): error CS0117: 'NeuralNetworkArchitecture<double>' does not contain a definition for 'LossFunction' [C:\Users\yolan\source\repos\AiDotNet\src\AiDotNet.csproj::TargetFramework=net462]
C:\Users\yolan\source\repos\AiDotNet\src\Deployment\Techniques\ModelQuantizer.cs(433,45): error CS1061: 'NeuralNetworkArchitecture<double>' does not contain a definition for 'LossFunction' and no accessible extension method 'LossFunction' accepting a first argument of type 'NeuralNetworkArchitecture<double>' could be found (are you missing a using directive or an assembly reference?) [C:\Users\yolan\source\repos\AiDotNet\src\AiDotNet.csproj::TargetFramework=net462]
C:\Users\yolan\source\repos\AiDotNet\src\Deployment\Techniques\ModelQuantizer.cs(434,17): error CS0117: 'NeuralNetworkArchitecture<double>' does not contain a definition for 'Optimizer' [C:\Users\yolan\source\repos\AiDotNet\src\AiDotNet.csproj::TargetFramework=net462]
C:\Users\yolan\source\repos\AiDotNet\src\Deployment\Techniques\ModelQuantizer.cs(434,42): error CS1061: 'NeuralNetworkArchitecture<double>' does not contain a definition for 'Optimizer' and no accessible extension method 'Optimizer' accepting a first argument of type 'NeuralNetworkArchitecture<double>' could be found (are you missing a using directive or an assembly reference?) [C:\Users\yolan\source\repos\AiDotNet\src\AiDotNet.csproj::TargetFramework=net462]
C:\Users\yolan\source\repos\AiDotNet\src\Deployment\Techniques\ModelQuantizer.cs(437,20): error CS0266: Cannot implicitly convert type 'AiDotNet.Interfaces.INeuralNetworkModel<double>' to 'AiDotNet.Interfaces.IFullModel<T, TInput, TOutput>'. An explicit conversion exists (are you missing a cast?) [C:\Users\yolan\source\repos\AiDotNet\src\AiDotNet.csproj::TargetFramework=net462]
C:\Users\yolan\source\repos\AiDotNet\src\Deployment\Techniques\ModelQuantizer.cs(423,35): error CS8602: Dereference of a possibly null reference. [C:\Users\yolan\source\repos\AiDotNet\src\AiDotNet.csproj::TargetFramework=net462]
C:\Users\yolan\source\repos\AiDotNet\src\MultimodalAI\EarlyFusionMultimodal.cs(238,67): error CS1503: Argument 1: cannot convert from 'int[]' to 'AiDotNet.NeuralNetworks.NeuralNetworkArchitecture<double>' [C:\Users\yolan\source\repos\AiDotNet\src\AiDotNet.csproj::TargetFramework=net462]
C:\Users\yolan\source\repos\AiDotNet\src\FitDetectors\ShapleyValueFitDetector.cs(69,50): error CS0121: The call is ambiguous between the following methods or properties: 'System.Linq.LinqExtensions.ToDictionary<TSource, TKey, TValue>(System.Collections.Generic.IEnumerable<TSource>, System.Func<TSource, TKey>, System.Func<TSource, TValue>)' and 'System.Linq.Enumerable.ToDictionary<TSource, TKey, TElement>(System.Collections.Generic.IEnumerable<TSource>, System.Func<TSource, TKey>, System.Func<TSource, TElement>)' [C:\Users\yolan\source\repos\AiDotNet\src\AiDotNet.csproj::TargetFramework=net462]
C:\Users\yolan\source\repos\AiDotNet\src\Statistics\ErrorStats.cs(851,36): error CS0121: The call is ambiguous between the following methods or properties: 'System.Linq.LinqExtensions.ToDictionary<TSource, TKey, TValue>(System.Collections.Generic.IEnumerable<TSource>, System.Func<TSource, TKey>, System.Func<TSource, TValue>)' and 'System.Linq.Enumerable.ToDictionary<TSource, TKey, TElement>(System.Collections.Generic.IEnumerable<TSource>, System.Func<TSource, TKey>, System.Func<TSource, TElement>)' [C:\Users\yolan\source\repos\AiDotNet\src\AiDotNet.csproj::TargetFramework=net462]
C:\Users\yolan\source\repos\AiDotNet\src\MultimodalAI\CrossAttentionMultimodal.cs(110,32): error CS8602: Dereference of a possibly null reference. [C:\Users\yolan\source\repos\AiDotNet\src\AiDotNet.csproj::TargetFramework=net462]
C:\Users\yolan\source\repos\AiDotNet\src\FederatedLearning\Privacy\DifferentialPrivacy.cs(122,37): error CS1501: No overload for method 'NextGaussian' takes 2 arguments [C:\Users\yolan\source\repos\AiDotNet\src\AiDotNet.csproj::TargetFramework=net462]
C:\Users\yolan\source\repos\AiDotNet\src\Deployment\Techniques\ModelQuantizer.cs(56,47): error CS8600: Converting null literal or possible null value to non-nullable type. [C:\Users\yolan\source\repos\AiDotNet\src\AiDotNet.csproj::TargetFramework=net462]
C:\Users\yolan\source\repos\AiDotNet\src\Deployment\Techniques\ModelQuantizer.cs(63,80): error CS8604: Possible null reference argument for parameter 'calibrationData' in 'Task<IFullModel<T, TInput, TOutput>> IQuantizationStrategy<T, TInput, TOutput>.QuantizeAsync(IFullModel<T, TInput, TOutput> model, QuantizationConfig config, CalibrationData calibrationData)'. [C:\Users\yolan\source\repos\AiDotNet\src\AiDotNet.csproj::TargetFramework=net462]
C:\Users\yolan\source\repos\AiDotNet\src\Deployment\Techniques\ModelQuantizer.cs(86,46): error CS1061: 'KeyValuePair<string, IQuantizationStrategy<T, TInput, TOutput>>' does not contain a definition for 'Deconstruct' and no accessible extension method 'Deconstruct' accepting a first argument of type 'KeyValuePair<string, IQuantizationStrategy<T, TInput, TOutput>>' could be found (are you missing a using directive or an assembly reference?) [C:\Users\yolan\source\repos\AiDotNet\src\AiDotNet.csproj::TargetFramework=net462]
C:\Users\yolan\source\repos\AiDotNet\src\Deployment\Techniques\ModelQuantizer.cs(86,46): error CS8129: No suitable 'Deconstruct' instance or extension method was found for type 'KeyValuePair<string, IQuantizationStrategy<T, TInput, TOutput>>', with 2 out parameters and a void return type. [C:\Users\yolan\source\repos\AiDotNet\src\AiDotNet.csproj::TargetFramework=net462]
C:\Users\yolan\source\repos\AiDotNet\src\Deployment\Techniques\ModelQuantizer.cs(86,27): error CS8130: Cannot infer the type of implicitly-typed deconstruction variable 'name'. [C:\Users\yolan\source\repos\AiDotNet\src\AiDotNet.csproj::TargetFramework=net462]
C:\Users\yolan\source\repos\AiDotNet\src\Deployment\Techniques\ModelQuantizer.cs(86,33): error CS8130: Cannot infer the type of implicitly-typed deconstruction variable 'strategy'. [C:\Users\yolan\source\repos\AiDotNet\src\AiDotNet.csproj::TargetFramework=net462]
C:\Users\yolan\source\repos\AiDotNet\src\Deployment\Techniques\ModelQuantizer.cs(125,73): error CS1503: Argument 1: cannot convert from 'AiDotNet.Interfaces.ILayer<double>' to 'AiDotNet.Interfaces.ILayer' [C:\Users\yolan\source\repos\AiDotNet\src\AiDotNet.csproj::TargetFramework=net462]
C:\Users\yolan\source\repos\AiDotNet\src\Deployment\Techniques\ModelQuantizer.cs(130,45): error CS0121: The call is ambiguous between the following methods or properties: 'NeuralNetworkArchitecture<T>.NeuralNetworkArchitecture(NetworkComplexity, NeuralNetworkTaskType?, bool, List<ILayer<T>>?, bool, bool, string?)' and 'NeuralNetworkArchitecture<T>.NeuralNetworkArchitecture(NetworkComplexity)' [C:\Users\yolan\source\repos\AiDotNet\src\AiDotNet.csproj::TargetFramework=net462]
C:\Users\yolan\source\repos\AiDotNet\src\Deployment\Techniques\ModelQuantizer.cs(132,17): error CS0200: Property or indexer 'NeuralNetworkArchitecture<double>.Layers' cannot be assigned to -- it is read only [C:\Users\yolan\source\repos\AiDotNet\src\AiDotNet.csproj::TargetFramework=net462]
C:\Users\yolan\source\repos\AiDotNet\src\Deployment\Techniques\ModelQuantizer.cs(133,17): error CS0117: 'NeuralNetworkArchitecture<double>' does not contain a definition for 'LossFunction' [C:\Users\yolan\source\repos\AiDotNet\src\AiDotNet.csproj::TargetFramework=net462]
C:\Users\yolan\source\repos\AiDotNet\src\Deployment\Techniques\ModelQuantizer.cs(133,45): error CS1061: 'NeuralNetworkArchitecture<double>' does not contain a definition for 'LossFunction' and no accessible extension method 'LossFunction' accepting a first argument of type 'NeuralNetworkArchitecture<double>' could be found (are you missing a using directive or an assembly reference?) [C:\Users\yolan\source\repos\AiDotNet\src\AiDotNet.csproj::TargetFramework=net462]
C:\Users\yolan\source\repos\AiDotNet\src\Deployment\Techniques\ModelQuantizer.cs(134,17): error CS0117: 'NeuralNetworkArchitecture<double>' does not contain a definition for 'Optimizer' [C:\Users\yolan\source\repos\AiDotNet\src\AiDotNet.csproj::TargetFramework=net462]
C:\Users\yolan\source\repos\AiDotNet\src\Deployment\Techniques\ModelQuantizer.cs(134,42): error CS1061: 'NeuralNetworkArchitecture<double>' does not contain a definition for 'Optimizer' and no accessible extension method 'Optimizer' accepting a first argument of type 'NeuralNetworkArchitecture<double>' could be found (are you missing a using directive or an assembly reference?) [C:\Users\yolan\source\repos\AiDotNet\src\AiDotNet.csproj::TargetFramework=net462]
C:\Users\yolan\source\repos\AiDotNet\src\Deployment\Techniques\ModelQuantizer.cs(138,20): error CS0308: The non-generic method 'ModelQuantizer<T, TInput, TOutput>.CreateQuantizedModel(IFullModel<T, TInput, TOutput>, NeuralNetworkArchitecture<double>)' cannot be used with type arguments [C:\Users\yolan\source\repos\AiDotNet\src\AiDotNet.csproj::TargetFramework=net462]
C:\Users\yolan\source\repos\AiDotNet\src\Deployment\Techniques\ModelQuantizer.cs(117,35): error CS8602: Dereference of a possibly null reference. [C:\Users\yolan\source\repos\AiDotNet\src\AiDotNet.csproj::TargetFramework=net462]
C:\Users\yolan\source\repos\AiDotNet\src\FederatedLearning\Privacy\DifferentialPrivacy.cs(208,44): error CS1501: No overload for method 'NextGaussian' takes 2 arguments [C:\Users\yolan\source\repos\AiDotNet\src\AiDotNet.csproj::TargetFramework=net462]
C:\Users\yolan\source\repos\AiDotNet\src\FederatedLearning\Privacy\DifferentialPrivacy.cs(209,44): error CS1501: No overload for method 'NextGaussian' takes 2 arguments [C:\Users\yolan\source\repos\AiDotNet\src\AiDotNet.csproj::TargetFramework=net462]
C:\Users\yolan\source\repos\AiDotNet\src\FitDetectors\ShapleyValueFitDetector.cs(288,14): error CS0121: The call is ambiguous between the following methods or properties: 'System.Linq.LinqExtensions.ToDictionary<TSource, TKey, TValue>(System.Collections.Generic.IEnumerable<TSource>, System.Func<TSource, TKey>, System.Func<TSource, TValue>)' and 'System.Linq.Enumerable.ToDictionary<TSource, TKey, TElement>(System.Collections.Generic.IEnumerable<TSource>, System.Func<TSource, TKey>, System.Func<TSource, TElement>)' [C:\Users\yolan\source\repos\AiDotNet\src\AiDotNet.csproj::TargetFramework=net462]
C:\Users\yolan\source\repos\AiDotNet\src\MultimodalAI\CrossAttentionMultimodal.cs(359,72): error CS1503: Argument 1: cannot convert from 'int[]' to 'AiDotNet.NeuralNetworks.NeuralNetworkArchitecture<double>' [C:\Users\yolan\source\repos\AiDotNet\src\AiDotNet.csproj::TargetFramework=net462]
C:\Users\yolan\source\repos\AiDotNet\src\Pipeline\Steps\CachingStep.cs(353,24): error CS0104: 'JsonSerializer' is an ambiguous reference between 'Newtonsoft.Json.JsonSerializer' and 'System.Text.Json.JsonSerializer' [C:\Users\yolan\source\repos\AiDotNet\src\AiDotNet.csproj::TargetFramework=net462]
C:\Users\yolan\source\repos\AiDotNet\src\Pipeline\Steps\CachingStep.cs(363,20): error CS0104: 'JsonSerializer' is an ambiguous reference between 'Newtonsoft.Json.JsonSerializer' and 'System.Text.Json.JsonSerializer' [C:\Users\yolan\source\repos\AiDotNet\src\AiDotNet.csproj::TargetFramework=net462]
C:\Users\yolan\source\repos\AiDotNet\src\MultimodalAI\CrossAttentionMultimodal.cs(389,20): error CS0266: Cannot implicitly convert type 'AiDotNet.MultimodalAI.CrossAttentionMultimodal' to 'AiDotNet.Interfaces.IFullModel<double, System.Collections.Generic.Dictionary<string, object>, AiDotNet.LinearAlgebra.Vector<double>>'. An explicit conversion exists (are you missing a cast?) [C:\Users\yolan\source\repos\AiDotNet\src\AiDotNet.csproj::TargetFramework=net462]
C:\Users\yolan\source\repos\AiDotNet\src\ProductionMonitoring\ProductionMonitorBase.cs(157,24): error CS0029: Cannot implicitly convert type 'System.Threading.Tasks.Task<AiDotNet.Interfaces.MonitoringMetricsCollection>' to 'AiDotNet.Interfaces.MonitoringMetricsCollection' [C:\Users\yolan\source\repos\AiDotNet\src\AiDotNet.csproj::TargetFramework=net462]
C:\Users\yolan\source\repos\AiDotNet\src\ProductionMonitoring\ProductionMonitorBase.cs(139,64): error CS1998: This async method lacks 'await' operators and will run synchronously. Consider using the 'await' operator to await non-blocking API calls, or 'await Task.Run(...)' to do CPU-bound work on a background thread. [C:\Users\yolan\source\repos\AiDotNet\src\AiDotNet.csproj::TargetFramework=net462]
C:\Users\yolan\source\repos\AiDotNet\src\Deployment\Techniques\ModelQuantizer.cs(205,61): error CS1061: 'KeyValuePair<int, Tensor<double>>' does not contain a definition for 'Deconstruct' and no accessible extension method 'Deconstruct' accepting a first argument of type 'KeyValuePair<int, Tensor<double>>' could be found (are you missing a using directive or an assembly reference?) [C:\Users\yolan\source\repos\AiDotNet\src\AiDotNet.csproj::TargetFramework=net462]
C:\Users\yolan\source\repos\AiDotNet\src\Deployment\Techniques\ModelQuantizer.cs(205,61): error CS8129: No suitable 'Deconstruct' instance or extension method was found for type 'KeyValuePair<int, Tensor<double>>', with 2 out parameters and a void return type. [C:\Users\yolan\source\repos\AiDotNet\src\AiDotNet.csproj::TargetFramework=net462]
C:\Users\yolan\source\repos\AiDotNet\src\Deployment\Techniques\ModelQuantizer.cs(205,35): error CS8130: Cannot infer the type of implicitly-typed deconstruction variable 'layerName'. [C:\Users\yolan\source\repos\AiDotNet\src\AiDotNet.csproj::TargetFramework=net462]
C:\Users\yolan\source\repos\AiDotNet\src\Deployment\Techniques\ModelQuantizer.cs(205,46): error CS8130: Cannot infer the type of implicitly-typed deconstruction variable 'activation'. [C:\Users\yolan\source\repos\AiDotNet\src\AiDotNet.csproj::TargetFramework=net462]
C:\Users\yolan\source\repos\AiDotNet\src\Reasoning\IterativeRefinementModel.cs(277,56): error CS0121: The call is ambiguous between the following methods or properties: 'System.Linq.LinqExtensions.LastOrDefault<T>(System.Collections.Generic.IEnumerable<T>)' and 'System.Linq.Enumerable.LastOrDefault<TSource>(System.Collections.Generic.IEnumerable<TSource>)' [C:\Users\yolan\source\repos\AiDotNet\src\AiDotNet.csproj::TargetFramework=net462]
C:\Users\yolan\source\repos\AiDotNet\src\Deployment\Techniques\ModelPruner.cs(125,61): error CS1503: Argument 1: cannot convert from 'AiDotNet.Interfaces.ILayer<T>' to 'AiDotNet.Interfaces.ILayer' [C:\Users\yolan\source\repos\AiDotNet\src\AiDotNet.csproj::TargetFramework=net462]
C:\Users\yolan\source\repos\AiDotNet\src\Deployment\Techniques\ModelPruner.cs(123,39): error CS8602: Dereference of a possibly null reference. [C:\Users\yolan\source\repos\AiDotNet\src\AiDotNet.csproj::TargetFramework=net462]
C:\Users\yolan\source\repos\AiDotNet\src\Deployment\Techniques\ModelPruner.cs(153,35): error CS8602: Dereference of a possibly null reference. [C:\Users\yolan\source\repos\AiDotNet\src\AiDotNet.csproj::TargetFramework=net462]
C:\Users\yolan\source\repos\AiDotNet\src\Deployment\Techniques\ModelPruner.cs(175,33): error CS0266: Cannot implicitly convert type 'AiDotNet.Interfaces.IFullModel<T, TInput, TOutput>' to 'AiDotNet.Interfaces.IFullModel<double, AiDotNet.LinearAlgebra.Matrix<double>, AiDotNet.LinearAlgebra.Vector<double>>'. An explicit conversion exists (are you missing a cast?) [C:\Users\yolan\source\repos\AiDotNet\src\AiDotNet.csproj::TargetFramework=net462]
C:\Users\yolan\source\repos\AiDotNet\src\Deployment\Techniques\ModelPruner.cs(187,73): error CS1503: Argument 1: cannot convert from 'AiDotNet.Interfaces.ILayer<T>' to 'AiDotNet.Interfaces.ILayer' [C:\Users\yolan\source\repos\AiDotNet\src\AiDotNet.csproj::TargetFramework=net462]
C:\Users\yolan\source\repos\AiDotNet\src\Deployment\Techniques\ModelPruner.cs(199,20): error CS0029: Cannot implicitly convert type 'AiDotNet.Deployment.Techniques.SparseModel<double, AiDotNet.LinearAlgebra.Matrix<double>, AiDotNet.LinearAlgebra.Vector<double>>' to 'AiDotNet.Deployment.Techniques.SparseModel<T, TInput, TOutput>' [C:\Users\yolan\source\repos\AiDotNet\src\AiDotNet.csproj::TargetFramework=net462]
C:\Users\yolan\source\repos\AiDotNet\src\Deployment\Techniques\ModelPruner.cs(184,39): error CS8602: Dereference of a possibly null reference. [C:\Users\yolan\source\repos\AiDotNet\src\AiDotNet.csproj::TargetFramework=net462]
C:\Users\yolan\source\repos\AiDotNet\src\FederatedLearning\MetaLearning\MAMLFederated.cs(69,17): error CS0117: 'GradientDescentOptimizerOptions<double, Matrix<double>, Vector<double>>' does not contain a definition for 'LearningRate' [C:\Users\yolan\source\repos\AiDotNet\src\AiDotNet.csproj::TargetFramework=net462]
C:\Users\yolan\source\repos\AiDotNet\src\FederatedLearning\MetaLearning\MAMLFederated.cs(72,88): error CS1503: Argument 1: cannot convert from 'AiDotNet.Models.Options.AdamOptimizerOptions<double, AiDotNet.LinearAlgebra.Matrix<double>, AiDotNet.LinearAlgebra.Vector<double>>' to 'AiDotNet.Interfaces.IFullModel<double, AiDotNet.LinearAlgebra.Matrix<double>, AiDotNet.LinearAlgebra.Vector<double>>' [C:\Users\yolan\source\repos\AiDotNet\src\AiDotNet.csproj::TargetFramework=net462]
C:\Users\yolan\source\repos\AiDotNet\src\Pipeline\PipelineSteps.cs(1815,59): error CS1061: 'EnsembleConfig' does not contain a definition for 'EnsembleType' and no accessible extension method 'EnsembleType' accepting a first argument of type 'EnsembleConfig' could be found (are you missing a using directive or an assembly reference?) [C:\Users\yolan\source\repos\AiDotNet\src\AiDotNet.csproj::TargetFramework=net462]
C:\Users\yolan\source\repos\AiDotNet\src\Deployment\Techniques\ModelPruner.cs(361,74): error CS0119: 'Extensions.Value<U>(IEnumerable<JToken>)' is a method, which is not valid in the given context [C:\Users\yolan\source\repos\AiDotNet\src\AiDotNet.csproj::TargetFramework=net462]
C:\Users\yolan\source\repos\AiDotNet\src\ProductionMonitoring\ProductionMonitorBase.cs(237,47): error CS8629: Nullable value type may be null. [C:\Users\yolan\source\repos\AiDotNet\src\AiDotNet.csproj::TargetFramework=net462]
C:\Users\yolan\source\repos\AiDotNet\src\FederatedLearning\MetaLearning\MAMLFederated.cs(115,24): error CS8619: Nullability of reference types in value of type '(string clientId, ClientMetaResult?)' doesn't match target type '(string clientId, ClientMetaResult result)'. [C:\Users\yolan\source\repos\AiDotNet\src\AiDotNet.csproj::TargetFramework=net462]
C:\Users\yolan\source\repos\AiDotNet\src\FederatedLearning\MetaLearning\MAMLFederated.cs(187,59): error CS1061: 'IOptimizer<double, Matrix<double>, Vector<double>>' does not contain a definition for 'CalculateUpdate' and no accessible extension method 'CalculateUpdate' accepting a first argument of type 'IOptimizer<double, Matrix<double>, Vector<double>>' could be found (are you missing a using directive or an assembly reference?) [C:\Users\yolan\source\repos\AiDotNet\src\AiDotNet.csproj::TargetFramework=net462]
C:\Users\yolan\source\repos\AiDotNet\src\FederatedLearning\MetaLearning\MAMLFederated.cs(244,65): error CS1061: 'IGradientModel<double>' does not contain a definition for 'ComputeGradients' and no accessible extension method 'ComputeGradients' accepting a first argument of type 'IGradientModel<double>' could be found (are you missing a using directive or an assembly reference?) [C:\Users\yolan\source\repos\AiDotNet\src\AiDotNet.csproj::TargetFramework=net462]
C:\Users\yolan\source\repos\AiDotNet\src\Deployment\EdgeOptimizers\MobileOptimizer.cs(29,13): error CS0191: A readonly field cannot be assigned to (except in a constructor or init-only setter of the type in which the field is defined or a variable initializer) [C:\Users\yolan\source\repos\AiDotNet\src\AiDotNet.csproj::TargetFramework=net462]
C:\Users\yolan\source\repos\AiDotNet\src\ProductionMonitoring\PerformanceMonitor.cs(163,58): error CS1998: This async method lacks 'await' operators and will run synchronously. Consider using the 'await' operator to await non-blocking API calls, or 'await Task.Run(...)' to do CPU-bound work on a background thread. [C:\Users\yolan\source\repos\AiDotNet\src\AiDotNet.csproj::TargetFramework=net462]
C:\Users\yolan\source\repos\AiDotNet\src\FederatedLearning\MetaLearning\MAMLFederated.cs(389,51): error CS1061: 'IOptimizer<double, Matrix<double>, Vector<double>>' does not contain a definition for 'CalculateUpdate' and no accessible extension method 'CalculateUpdate' accepting a first argument of type 'IOptimizer<double, Matrix<double>, Vector<double>>' could be found (are you missing a using directive or an assembly reference?) [C:\Users\yolan\source\repos\AiDotNet\src\AiDotNet.csproj::TargetFramework=net462]
C:\Users\yolan\source\repos\AiDotNet\src\FederatedLearning\MetaLearning\MAMLFederated.cs(448,84): error CS1503: Argument 1: cannot convert from 'AiDotNet.LinearAlgebra.Vector<double>' to 'AiDotNet.LinearAlgebra.Matrix<double>' [C:\Users\yolan\source\repos\AiDotNet\src\AiDotNet.csproj::TargetFramework=net462]
C:\Users\yolan\source\repos\AiDotNet\src\FederatedLearning\MetaLearning\MAMLFederated.cs(470,62): error CS1503: Argument 1: cannot convert from 'AiDotNet.LinearAlgebra.Vector<double>' to 'AiDotNet.LinearAlgebra.Matrix<double>' [C:\Users\yolan\source\repos\AiDotNet\src\AiDotNet.csproj::TargetFramework=net462]
C:\Users\yolan\source\repos\AiDotNet\src\AutoML\HyperparameterSpace.cs(145,43): error CS1061: 'KeyValuePair<string, ParameterRange>' does not contain a definition for 'Deconstruct' and no accessible extension method 'Deconstruct' accepting a first argument of type 'KeyValuePair<string, ParameterRange>' could be found (are you missing a using directive or an assembly reference?) [C:\Users\yolan\source\repos\AiDotNet\src\AiDotNet.csproj::TargetFramework=net462]
C:\Users\yolan\source\repos\AiDotNet\src\AutoML\HyperparameterSpace.cs(145,43): error CS8129: No suitable 'Deconstruct' instance or extension method was found for type 'KeyValuePair<string, ParameterRange>', with 2 out parameters and a void return type. [C:\Users\yolan\source\repos\AiDotNet\src\AiDotNet.csproj::TargetFramework=net462]
C:\Users\yolan\source\repos\AiDotNet\src\AutoML\HyperparameterSpace.cs(145,27): error CS8130: Cannot infer the type of implicitly-typed deconstruction variable 'name'. [C:\Users\yolan\source\repos\AiDotNet\src\AiDotNet.csproj::TargetFramework=net462]
C:\Users\yolan\source\repos\AiDotNet\src\AutoML\HyperparameterSpace.cs(145,33): error CS8130: Cannot infer the type of implicitly-typed deconstruction variable 'range'. [C:\Users\yolan\source\repos\AiDotNet\src\AiDotNet.csproj::TargetFramework=net462]
C:\Users\yolan\source\repos\AiDotNet\src\AutoML\HyperparameterSpace.cs(162,43): error CS1061: 'KeyValuePair<string, ParameterRange>' does not contain a definition for 'Deconstruct' and no accessible extension method 'Deconstruct' accepting a first argument of type 'KeyValuePair<string, ParameterRange>' could be found (are you missing a using directive or an assembly reference?) [C:\Users\yolan\source\repos\AiDotNet\src\AiDotNet.csproj::TargetFramework=net462]
C:\Users\yolan\source\repos\AiDotNet\src\AutoML\HyperparameterSpace.cs(162,43): error CS8129: No suitable 'Deconstruct' instance or extension method was found for type 'KeyValuePair<string, ParameterRange>', with 2 out parameters and a void return type. [C:\Users\yolan\source\repos\AiDotNet\src\AiDotNet.csproj::TargetFramework=net462]
C:\Users\yolan\source\repos\AiDotNet\src\AutoML\HyperparameterSpace.cs(162,27): error CS8130: Cannot infer the type of implicitly-typed deconstruction variable 'name'. [C:\Users\yolan\source\repos\AiDotNet\src\AiDotNet.csproj::TargetFramework=net462]
C:\Users\yolan\source\repos\AiDotNet\src\AutoML\HyperparameterSpace.cs(162,33): error CS8130: Cannot infer the type of implicitly-typed deconstruction variable 'range'. [C:\Users\yolan\source\repos\AiDotNet\src\AiDotNet.csproj::TargetFramework=net462]
C:\Users\yolan\source\repos\AiDotNet\src\AutoML\HyperparameterSpace.cs(177,43): error CS1061: 'KeyValuePair<string, object>' does not contain a definition for 'Deconstruct' and no accessible extension method 'Deconstruct' accepting a first argument of type 'KeyValuePair<string, object>' could be found (are you missing a using directive or an assembly reference?) [C:\Users\yolan\source\repos\AiDotNet\src\AiDotNet.csproj::TargetFramework=net462]
C:\Users\yolan\source\repos\AiDotNet\src\AutoML\HyperparameterSpace.cs(177,43): error CS8129: No suitable 'Deconstruct' instance or extension method was found for type 'KeyValuePair<string, object>', with 2 out parameters and a void return type. [C:\Users\yolan\source\repos\AiDotNet\src\AiDotNet.csproj::TargetFramework=net462]
C:\Users\yolan\source\repos\AiDotNet\src\AutoML\HyperparameterSpace.cs(177,27): error CS8130: Cannot infer the type of implicitly-typed deconstruction variable 'name'. [C:\Users\yolan\source\repos\AiDotNet\src\AiDotNet.csproj::TargetFramework=net462]
C:\Users\yolan\source\repos\AiDotNet\src\AutoML\HyperparameterSpace.cs(177,33): error CS8130: Cannot infer the type of implicitly-typed deconstruction variable 'value'. [C:\Users\yolan\source\repos\AiDotNet\src\AiDotNet.csproj::TargetFramework=net462]
C:\Users\yolan\source\repos\AiDotNet\src\FederatedLearning\MetaLearning\MAMLFederated.cs(568,64): error CS1503: Argument 4: cannot convert from 'AiDotNet.FederatedLearning.PrivacySettings' to 'AiDotNet.FederatedLearning.Privacy.PrivacySettings' [C:\Users\yolan\source\repos\AiDotNet\src\AiDotNet.csproj::TargetFramework=net462]
C:\Users\yolan\source\repos\AiDotNet\src\ProductionMonitoring\PerformanceMonitor.cs(487,49): error CS1061: 'List<ProductionMonitorBase.PredictionRecord>' does not contain a definition for 'TakeLast' and no accessible extension method 'TakeLast' accepting a first argument of type 'List<ProductionMonitorBase.PredictionRecord>' could be found (are you missing a using directive or an assembly reference?) [C:\Users\yolan\source\repos\AiDotNet\src\AiDotNet.csproj::TargetFramework=net462]
C:\Users\yolan\source\repos\AiDotNet\src\ProductionMonitoring\PerformanceMonitor.cs(494,54): error CS0030: Cannot convert type 'method' to 'double' [C:\Users\yolan\source\repos\AiDotNet\src\AiDotNet.csproj::TargetFramework=net462]
C:\Users\yolan\source\repos\AiDotNet\src\ProductionMonitoring\PerformanceMonitor.cs(495,52): error CS0030: Cannot convert type 'method' to 'double' [C:\Users\yolan\source\repos\AiDotNet\src\AiDotNet.csproj::TargetFramework=net462]
C:\Users\yolan\source\repos\AiDotNet\src\ProductionMonitoring\PerformanceMonitor.cs(481,36): error CS1998: This async method lacks 'await' operators and will run synchronously. Consider using the 'await' operator to await non-blocking API calls, or 'await Task.Run(...)' to do CPU-bound work on a background thread. [C:\Users\yolan\source\repos\AiDotNet\src\AiDotNet.csproj::TargetFramework=net462]
C:\Users\yolan\source\repos\AiDotNet\src\AutoML\NeuralArchitectureSearch.cs(308,102): error CS1061: 'List<double>' does not contain a definition for 'TakeLast' and no accessible extension method 'TakeLast' accepting a first argument of type 'List<double>' could be found (are you missing a using directive or an assembly reference?) [C:\Users\yolan\source\repos\AiDotNet\src\AiDotNet.csproj::TargetFramework=net462]
C:\Users\yolan\source\repos\AiDotNet\src\AutoML\NeuralArchitectureSearch.cs(319,84): error CS1739: The best overload for 'AdamOptimizer' does not have a parameter named 'learningRate' [C:\Users\yolan\source\repos\AiDotNet\src\AiDotNet.csproj::TargetFramework=net462]
C:\Users\yolan\source\repos\AiDotNet\src\AutoML\NeuralArchitectureSearch.cs(320,79): error CS1739: The best overload for 'AdamOptimizer' does not have a parameter named 'learningRate' [C:\Users\yolan\source\repos\AiDotNet\src\AiDotNet.csproj::TargetFramework=net462]
C:\Users\yolan\source\repos\AiDotNet\src\AutoML\NeuralArchitectureSearch.cs(327,39): error CS1501: No overload for method 'Step' takes 2 arguments [C:\Users\yolan\source\repos\AiDotNet\src\AiDotNet.csproj::TargetFramework=net462]
C:\Users\yolan\source\repos\AiDotNet\src\AutoML\NeuralArchitectureSearch.cs(332,34): error CS1501: No overload for method 'Step' takes 2 arguments [C:\Users\yolan\source\repos\AiDotNet\src\AiDotNet.csproj::TargetFramework=net462]
C:\Users\yolan\source\repos\AiDotNet\src\Deployment\EdgeOptimizers\MobileOptimizer.cs(232,24): error CS0117: 'File' does not contain a definition for 'WriteAllTextAsync' [C:\Users\yolan\source\repos\AiDotNet\src\AiDotNet.csproj::TargetFramework=net462]
C:\Users\yolan\source\repos\AiDotNet\src\Deployment\EdgeOptimizers\MobileOptimizer.cs(238,24): error CS0117: 'File' does not contain a definition for 'WriteAllTextAsync' [C:\Users\yolan\source\repos\AiDotNet\src\AiDotNet.csproj::TargetFramework=net462]
C:\Users\yolan\source\repos\AiDotNet\src\AutoML\NeuralArchitectureSearch.cs(380,31): error CS1061: 'BayesianOptimizationAutoML<T, Tensor<T>, Tensor<T>>' does not contain a definition for 'Search' and no accessible extension method 'Search' accepting a first argument of type 'BayesianOptimizationAutoML<T, Tensor<T>, Tensor<T>>' could be found (are you missing a using directive or an assembly reference?) [C:\Users\yolan\source\repos\AiDotNet\src\AiDotNet.csproj::TargetFramework=net462]
C:\Users\yolan\source\repos\AiDotNet\src\AutoML\NeuralArchitectureSearch.cs(383,45): error CS1061: 'BayesianOptimizationAutoML<T, Tensor<T>, Tensor<T>>' does not contain a definition for 'GetResults' and no accessible extension method 'GetResults' accepting a first argument of type 'BayesianOptimizationAutoML<T, Tensor<T>, Tensor<T>>' could be found (are you missing a using directive or an assembly reference?) [C:\Users\yolan\source\repos\AiDotNet\src\AiDotNet.csproj::TargetFramework=net462]
C:\Users\yolan\source\repos\AiDotNet\src\Deployment\EdgeOptimizers\MobileOptimizer.cs(257,24): error CS0117: 'File' does not contain a definition for 'WriteAllTextAsync' [C:\Users\yolan\source\repos\AiDotNet\src\AiDotNet.csproj::TargetFramework=net462]
C:\Users\yolan\source\repos\AiDotNet\src\Deployment\EdgeOptimizers\MobileOptimizer.cs(262,24): error CS0117: 'File' does not contain a definition for 'WriteAllTextAsync' [C:\Users\yolan\source\repos\AiDotNet\src\AiDotNet.csproj::TargetFramework=net462]
C:\Users\yolan\source\repos\AiDotNet\src\Deployment\EdgeOptimizers\MobileOptimizer.cs(267,24): error CS0117: 'File' does not contain a definition for 'WriteAllTextAsync' [C:\Users\yolan\source\repos\AiDotNet\src\AiDotNet.csproj::TargetFramework=net462]
C:\Users\yolan\source\repos\AiDotNet\src\Deployment\EdgeOptimizers\MobileOptimizer.cs(272,24): error CS0117: 'File' does not contain a definition for 'WriteAllTextAsync' [C:\Users\yolan\source\repos\AiDotNet\src\AiDotNet.csproj::TargetFramework=net462]
C:\Users\yolan\source\repos\AiDotNet\src\AutoML\GridSearchAutoML.cs(189,43): error CS1061: 'KeyValuePair<string, ParameterRange>' does not contain a definition for 'Deconstruct' and no accessible extension method 'Deconstruct' accepting a first argument of type 'KeyValuePair<string, ParameterRange>' could be found (are you missing a using directive or an assembly reference?) [C:\Users\yolan\source\repos\AiDotNet\src\AiDotNet.csproj::TargetFramework=net462]
C:\Users\yolan\source\repos\AiDotNet\src\AutoML\GridSearchAutoML.cs(189,43): error CS8129: No suitable 'Deconstruct' instance or extension method was found for type 'KeyValuePair<string, ParameterRange>', with 2 out parameters and a void return type. [C:\Users\yolan\source\repos\AiDotNet\src\AiDotNet.csproj::TargetFramework=net462]
C:\Users\yolan\source\repos\AiDotNet\src\AutoML\GridSearchAutoML.cs(189,27): error CS8130: Cannot infer the type of implicitly-typed deconstruction variable 'name'. [C:\Users\yolan\source\repos\AiDotNet\src\AiDotNet.csproj::TargetFramework=net462]
C:\Users\yolan\source\repos\AiDotNet\src\AutoML\GridSearchAutoML.cs(189,33): error CS8130: Cannot infer the type of implicitly-typed deconstruction variable 'range'. [C:\Users\yolan\source\repos\AiDotNet\src\AiDotNet.csproj::TargetFramework=net462]
C:\Users\yolan\source\repos\AiDotNet\src\AutoML\GridSearchAutoML.cs(225,20): error CS0029: Cannot implicitly convert type 'void' to 'AiDotNet.Interfaces.IFullModel<T, TInput, TOutput>' [C:\Users\yolan\source\repos\AiDotNet\src\AiDotNet.csproj::TargetFramework=net462]
C:\Users\yolan\source\repos\AiDotNet\src\Deployment\EdgeOptimizers\MobileOptimizer.cs(284,24): error CS0117: 'File' does not contain a definition for 'WriteAllTextAsync' [C:\Users\yolan\source\repos\AiDotNet\src\AiDotNet.csproj::TargetFramework=net462]
C:\Users\yolan\source\repos\AiDotNet\src\Deployment\EdgeOptimizers\MobileOptimizer.cs(289,24): error CS0117: 'File' does not contain a definition for 'WriteAllTextAsync' [C:\Users\yolan\source\repos\AiDotNet\src\AiDotNet.csproj::TargetFramework=net462]
C:\Users\yolan\source\repos\AiDotNet\src\Deployment\EdgeOptimizers\MobileOptimizer.cs(294,24): error CS0117: 'File' does not contain a definition for 'WriteAllTextAsync' [C:\Users\yolan\source\repos\AiDotNet\src\AiDotNet.csproj::TargetFramework=net462]
C:\Users\yolan\source\repos\AiDotNet\src\Deployment\EdgeOptimizers\MobileOptimizer.cs(299,24): error CS0117: 'File' does not contain a definition for 'WriteAllTextAsync' [C:\Users\yolan\source\repos\AiDotNet\src\AiDotNet.csproj::TargetFramework=net462]
C:\Users\yolan\source\repos\AiDotNet\src\AutoML\NeuralArchitectureSearch.cs(403,76): error CS1739: The best overload for 'AdamOptimizer' does not have a parameter named 'learningRate' [C:\Users\yolan\source\repos\AiDotNet\src\AiDotNet.csproj::TargetFramework=net462]
C:\Users\yolan\source\repos\AiDotNet\src\AutoML\NeuralArchitectureSearch.cs(408,81): error CS1503: Argument 4: cannot convert from 'AiDotNet.Optimizers.AdamOptimizer<T, AiDotNet.LinearAlgebra.Tensor<T>, AiDotNet.LinearAlgebra.Tensor<T>>' to 'AiDotNet.Interfaces.IOptimizer<double, AiDotNet.LinearAlgebra.Tensor<double>, AiDotNet.LinearAlgebra.Tensor<double>>' [C:\Users\yolan\source\repos\AiDotNet\src\AiDotNet.csproj::TargetFramework=net462]
C:\Users\yolan\source\repos\AiDotNet\src\AutoML\BayesianOptimizationAutoML.cs(244,43): error CS1061: 'KeyValuePair<string, ParameterRange>' does not contain a definition for 'Deconstruct' and no accessible extension method 'Deconstruct' accepting a first argument of type 'KeyValuePair<string, ParameterRange>' could be found (are you missing a using directive or an assembly reference?) [C:\Users\yolan\source\repos\AiDotNet\src\AiDotNet.csproj::TargetFramework=net462]
C:\Users\yolan\source\repos\AiDotNet\src\AutoML\BayesianOptimizationAutoML.cs(244,43): error CS8129: No suitable 'Deconstruct' instance or extension method was found for type 'KeyValuePair<string, ParameterRange>', with 2 out parameters and a void return type. [C:\Users\yolan\source\repos\AiDotNet\src\AiDotNet.csproj::TargetFramework=net462]
C:\Users\yolan\source\repos\AiDotNet\src\AutoML\BayesianOptimizationAutoML.cs(244,27): error CS8130: Cannot infer the type of implicitly-typed deconstruction variable 'name'. [C:\Users\yolan\source\repos\AiDotNet\src\AiDotNet.csproj::TargetFramework=net462]
C:\Users\yolan\source\repos\AiDotNet\src\AutoML\BayesianOptimizationAutoML.cs(244,33): error CS8130: Cannot infer the type of implicitly-typed deconstruction variable 'range'. [C:\Users\yolan\source\repos\AiDotNet\src\AiDotNet.csproj::TargetFramework=net462]
C:\Users\yolan\source\repos\AiDotNet\src\AutoML\NeuralArchitectureSearch.cs(439,31): error CS7036: There is no argument given that corresponds to the required parameter 'architecture' of 'NeuralNetwork<T>.NeuralNetwork(NeuralNetworkArchitecture<T>, ILossFunction<T>?)' [C:\Users\yolan\source\repos\AiDotNet\src\AiDotNet.csproj::TargetFramework=net462]
C:\Users\yolan\source\repos\AiDotNet\src\AutoML\NeuralArchitectureSearch.cs(466,20): error CS0266: Cannot implicitly convert type 'AiDotNet.NeuralNetworks.NeuralNetwork<T>' to 'AiDotNet.Interfaces.INeuralNetworkModel<double>'. An explicit conversion exists (are you missing a cast?) [C:\Users\yolan\source\repos\AiDotNet\src\AiDotNet.csproj::TargetFramework=net462]
C:\Users\yolan\source\repos\AiDotNet\src\AutoML\GridSearchAutoML.cs(310,47): error CS1061: 'KeyValuePair<string, ParameterRange>' does not contain a definition for 'Deconstruct' and no accessible extension method 'Deconstruct' accepting a first argument of type 'KeyValuePair<string, ParameterRange>' could be found (are you missing a using directive or an assembly reference?) [C:\Users\yolan\source\repos\AiDotNet\src\AiDotNet.csproj::TargetFramework=net462]
C:\Users\yolan\source\repos\AiDotNet\src\AutoML\GridSearchAutoML.cs(310,47): error CS8129: No suitable 'Deconstruct' instance or extension method was found for type 'KeyValuePair<string, ParameterRange>', with 2 out parameters and a void return type. [C:\Users\yolan\source\repos\AiDotNet\src\AiDotNet.csproj::TargetFramework=net462]
C:\Users\yolan\source\repos\AiDotNet\src\AutoML\GridSearchAutoML.cs(310,31): error CS8130: Cannot infer the type of implicitly-typed deconstruction variable 'name'. [C:\Users\yolan\source\repos\AiDotNet\src\AiDotNet.csproj::TargetFramework=net462]
C:\Users\yolan\source\repos\AiDotNet\src\AutoML\GridSearchAutoML.cs(310,37): error CS8130: Cannot infer the type of implicitly-typed deconstruction variable 'range'. [C:\Users\yolan\source\repos\AiDotNet\src\AiDotNet.csproj::TargetFramework=net462]
C:\Users\yolan\source\repos\AiDotNet\src\AutoML\GridSearchAutoML.cs(317,47): error CS1061: 'KeyValuePair<string, ParameterRange>' does not contain a definition for 'Deconstruct' and no accessible extension method 'Deconstruct' accepting a first argument of type 'KeyValuePair<string, ParameterRange>' could be found (are you missing a using directive or an assembly reference?) [C:\Users\yolan\source\repos\AiDotNet\src\AiDotNet.csproj::TargetFramework=net462]
C:\Users\yolan\source\repos\AiDotNet\src\AutoML\GridSearchAutoML.cs(317,47): error CS8129: No suitable 'Deconstruct' instance or extension method was found for type 'KeyValuePair<string, ParameterRange>', with 2 out parameters and a void return type. [C:\Users\yolan\source\repos\AiDotNet\src\AiDotNet.csproj::TargetFramework=net462]
C:\Users\yolan\source\repos\AiDotNet\src\AutoML\GridSearchAutoML.cs(317,31): error CS8130: Cannot infer the type of implicitly-typed deconstruction variable 'name'. [C:\Users\yolan\source\repos\AiDotNet\src\AiDotNet.csproj::TargetFramework=net462]
C:\Users\yolan\source\repos\AiDotNet\src\AutoML\GridSearchAutoML.cs(317,37): error CS8130: Cannot infer the type of implicitly-typed deconstruction variable 'range'. [C:\Users\yolan\source\repos\AiDotNet\src\AiDotNet.csproj::TargetFramework=net462]
C:\Users\yolan\source\repos\AiDotNet\src\AutoML\BayesianOptimizationAutoML.cs(500,42): error CS1061: 'KeyValuePair<string, object>' does not contain a definition for 'Deconstruct' and no accessible extension method 'Deconstruct' accepting a first argument of type 'KeyValuePair<string, object>' could be found (are you missing a using directive or an assembly reference?) [C:\Users\yolan\source\repos\AiDotNet\src\AiDotNet.csproj::TargetFramework=net462]
C:\Users\yolan\source\repos\AiDotNet\src\AutoML\BayesianOptimizationAutoML.cs(500,42): error CS8129: No suitable 'Deconstruct' instance or extension method was found for type 'KeyValuePair<string, object>', with 2 out parameters and a void return type. [C:\Users\yolan\source\repos\AiDotNet\src\AiDotNet.csproj::TargetFramework=net462]
C:\Users\yolan\source\repos\AiDotNet\src\AutoML\BayesianOptimizationAutoML.cs(500,27): error CS8130: Cannot infer the type of implicitly-typed deconstruction variable 'key'. [C:\Users\yolan\source\repos\AiDotNet\src\AiDotNet.csproj::TargetFramework=net462]
C:\Users\yolan\source\repos\AiDotNet\src\AutoML\BayesianOptimizationAutoML.cs(500,32): error CS8130: Cannot infer the type of implicitly-typed deconstruction variable 'value'. [C:\Users\yolan\source\repos\AiDotNet\src\AiDotNet.csproj::TargetFramework=net462]
C:\Users\yolan\source\repos\AiDotNet\src\AutoML\BayesianOptimizationAutoML.cs(546,43): error CS1061: 'KeyValuePair<string, ParameterRange>' does not contain a definition for 'Deconstruct' and no accessible extension method 'Deconstruct' accepting a first argument of type 'KeyValuePair<string, ParameterRange>' could be found (are you missing a using directive or an assembly reference?) [C:\Users\yolan\source\repos\AiDotNet\src\AiDotNet.csproj::TargetFramework=net462]
C:\Users\yolan\source\repos\AiDotNet\src\AutoML\BayesianOptimizationAutoML.cs(546,43): error CS8129: No suitable 'Deconstruct' instance or extension method was found for type 'KeyValuePair<string, ParameterRange>', with 2 out parameters and a void return type. [C:\Users\yolan\source\repos\AiDotNet\src\AiDotNet.csproj::TargetFramework=net462]
C:\Users\yolan\source\repos\AiDotNet\src\AutoML\BayesianOptimizationAutoML.cs(546,27): error CS8130: Cannot infer the type of implicitly-typed deconstruction variable 'name'. [C:\Users\yolan\source\repos\AiDotNet\src\AiDotNet.csproj::TargetFramework=net462]
C:\Users\yolan\source\repos\AiDotNet\src\AutoML\BayesianOptimizationAutoML.cs(546,33): error CS8130: Cannot infer the type of implicitly-typed deconstruction variable 'range'. [C:\Users\yolan\source\repos\AiDotNet\src\AiDotNet.csproj::TargetFramework=net462]
C:\Users\yolan\source\repos\AiDotNet\src\AutoML\BayesianOptimizationAutoML.cs(582,20): error CS0029: Cannot implicitly convert type 'void' to 'AiDotNet.Interfaces.IFullModel<T, TInput, TOutput>' [C:\Users\yolan\source\repos\AiDotNet\src\AiDotNet.csproj::TargetFramework=net462]
C:\Users\yolan\source\repos\AiDotNet\src\Deployment\EdgeOptimizers\IoTOptimizer.cs(29,13): error CS0191: A readonly field cannot be assigned to (except in a constructor or init-only setter of the type in which the field is defined or a variable initializer) [C:\Users\yolan\source\repos\AiDotNet\src\AiDotNet.csproj::TargetFramework=net462]
C:\Users\yolan\source\repos\AiDotNet\src\FederatedLearning\Communication\CommunicationManager.cs(95,41): error CS0104: 'JsonSerializer' is an ambiguous reference between 'Newtonsoft.Json.JsonSerializer' and 'System.Text.Json.JsonSerializer' [C:\Users\yolan\source\repos\AiDotNet\src\AiDotNet.csproj::TargetFramework=net462]
C:\Users\yolan\source\repos\AiDotNet\src\FederatedLearning\Communication\CommunicationManager.cs(136,31): error CS0104: 'JsonSerializer' is an ambiguous reference between 'Newtonsoft.Json.JsonSerializer' and 'System.Text.Json.JsonSerializer' [C:\Users\yolan\source\repos\AiDotNet\src\AiDotNet.csproj::TargetFramework=net462]
C:\Users\yolan\source\repos\AiDotNet\src\FederatedLearning\Communication\CommunicationManager.cs(133,28): error CS8603: Possible null reference return. [C:\Users\yolan\source\repos\AiDotNet\src\AiDotNet.csproj::TargetFramework=net462]
C:\Users\yolan\source\repos\AiDotNet\src\FederatedLearning\Communication\CommunicationManager.cs(162,24): error CS8603: Possible null reference return. [C:\Users\yolan\source\repos\AiDotNet\src\AiDotNet.csproj::TargetFramework=net462]
C:\Users\yolan\source\repos\AiDotNet\src\FederatedLearning\Communication\CommunicationManager.cs(167,24): error CS8603: Possible null reference return. [C:\Users\yolan\source\repos\AiDotNet\src\AiDotNet.csproj::TargetFramework=net462]
C:\Users\yolan\source\repos\AiDotNet\src\FederatedLearning\Communication\CommunicationManager.cs(206,41): error CS0104: 'JsonSerializer' is an ambiguous reference between 'Newtonsoft.Json.JsonSerializer' and 'System.Text.Json.JsonSerializer' [C:\Users\yolan\source\repos\AiDotNet\src\AiDotNet.csproj::TargetFramework=net462]
C:\Users\yolan\source\repos\AiDotNet\src\FederatedLearning\Communication\CommunicationManager.cs(246,31): error CS0104: 'JsonSerializer' is an ambiguous reference between 'Newtonsoft.Json.JsonSerializer' and 'System.Text.Json.JsonSerializer' [C:\Users\yolan\source\repos\AiDotNet\src\AiDotNet.csproj::TargetFramework=net462]
C:\Users\yolan\source\repos\AiDotNet\src\FederatedLearning\Communication\CommunicationManager.cs(243,28): error CS8603: Possible null reference return. [C:\Users\yolan\source\repos\AiDotNet\src\AiDotNet.csproj::TargetFramework=net462]
C:\Users\yolan\source\repos\AiDotNet\src\FederatedLearning\Communication\CommunicationManager.cs(272,24): error CS8603: Possible null reference return. [C:\Users\yolan\source\repos\AiDotNet\src\AiDotNet.csproj::TargetFramework=net462]
C:\Users\yolan\source\repos\AiDotNet\src\FederatedLearning\Communication\CommunicationManager.cs(277,24): error CS8603: Possible null reference return. [C:\Users\yolan\source\repos\AiDotNet\src\AiDotNet.csproj::TargetFramework=net462]
C:\Users\yolan\source\repos\AiDotNet\src\FederatedLearning\Communication\CommunicationManager.cs(301,41): error CS0104: 'JsonSerializer' is an ambiguous reference between 'Newtonsoft.Json.JsonSerializer' and 'System.Text.Json.JsonSerializer' [C:\Users\yolan\source\repos\AiDotNet\src\AiDotNet.csproj::TargetFramework=net462]
C:\Users\yolan\source\repos\AiDotNet\src\FederatedLearning\Communication\CommunicationManager.cs(368,41): error CS0104: 'JsonSerializer' is an ambiguous reference between 'Newtonsoft.Json.JsonSerializer' and 'System.Text.Json.JsonSerializer' [C:\Users\yolan\source\repos\AiDotNet\src\AiDotNet.csproj::TargetFramework=net462]
C:\Users\yolan\source\repos\AiDotNet\src\FederatedLearning\Communication\CommunicationManager.cs(436,28): error CS8603: Possible null reference return. [C:\Users\yolan\source\repos\AiDotNet\src\AiDotNet.csproj::TargetFramework=net462]
C:\Users\yolan\source\repos\AiDotNet\src\FederatedLearning\Communication\CommunicationManager.cs(448,24): error CS8603: Possible null reference return. [C:\Users\yolan\source\repos\AiDotNet\src\AiDotNet.csproj::TargetFramework=net462]
C:\Users\yolan\source\repos\AiDotNet\src\AutoML\AutoMLModelBase.cs(511,67): error CS8978: 'T' cannot be made nullable. [C:\Users\yolan\source\repos\AiDotNet\src\AiDotNet.csproj::TargetFramework=net462]
C:\Users\yolan\source\repos\AiDotNet\src\AutoML\AutoMLModelBase.cs(512,75): error CS8978: 'T' cannot be made nullable. [C:\Users\yolan\source\repos\AiDotNet\src\AiDotNet.csproj::TargetFramework=net462]
C:\Users\yolan\source\repos\AiDotNet\src\AutoML\AutoMLModelBase.cs(513,79): error CS8978: 'T' cannot be made nullable. [C:\Users\yolan\source\repos\AiDotNet\src\AiDotNet.csproj::TargetFramework=net462]
C:\Users\yolan\source\repos\AiDotNet\src\AutoML\AutoMLModelBase.cs(514,76): error CS8978: 'T' cannot be made nullable. [C:\Users\yolan\source\repos\AiDotNet\src\AiDotNet.csproj::TargetFramework=net462]
C:\Users\yolan\source\repos\AiDotNet\src\AutoML\AutoMLModelBase.cs(515,72): error CS8978: 'T' cannot be made nullable. [C:\Users\yolan\source\repos\AiDotNet\src\AiDotNet.csproj::TargetFramework=net462]
C:\Users\yolan\source\repos\AiDotNet\src\AutoML\AutoMLModelBase.cs(516,66): error CS8978: 'T' cannot be made nullable. [C:\Users\yolan\source\repos\AiDotNet\src\AiDotNet.csproj::TargetFramework=net462]
C:\Users\yolan\source\repos\AiDotNet\src\AutoML\AutoMLModelBase.cs(517,68): error CS8978: 'T' cannot be made nullable. [C:\Users\yolan\source\repos\AiDotNet\src\AiDotNet.csproj::TargetFramework=net462]
C:\Users\yolan\source\repos\AiDotNet\src\AutoML\AutoMLModelBase.cs(518,65): error CS8978: 'T' cannot be made nullable. [C:\Users\yolan\source\repos\AiDotNet\src\AiDotNet.csproj::TargetFramework=net462]
C:\Users\yolan\source\repos\AiDotNet\src\AutoML\AutoMLModelBase.cs(519,62): error CS8978: 'T' cannot be made nullable. [C:\Users\yolan\source\repos\AiDotNet\src\AiDotNet.csproj::TargetFramework=net462]
C:\Users\yolan\source\repos\AiDotNet\src\FederatedLearning\Client\FederatedClient.cs(86,88): error CS1503: Argument 1: cannot convert from 'AiDotNet.Models.Options.AdamOptimizerOptions<double, AiDotNet.LinearAlgebra.Matrix<double>, AiDotNet.LinearAlgebra.Vector<double>>' to 'AiDotNet.Interfaces.IFullModel<double, AiDotNet.LinearAlgebra.Matrix<double>, AiDotNet.LinearAlgebra.Vector<double>>' [C:\Users\yolan\source\repos\AiDotNet\src\AiDotNet.csproj::TargetFramework=net462]
C:\Users\yolan\source\repos\AiDotNet\src\Deployment\EdgeOptimizers\IoTOptimizer.cs(350,28): error CS0117: 'File' does not contain a definition for 'WriteAllTextAsync' [C:\Users\yolan\source\repos\AiDotNet\src\AiDotNet.csproj::TargetFramework=net462]
C:\Users\yolan\source\repos\AiDotNet\src\Deployment\EdgeOptimizers\IoTOptimizer.cs(372,24): error CS0117: 'File' does not contain a definition for 'WriteAllTextAsync' [C:\Users\yolan\source\repos\AiDotNet\src\AiDotNet.csproj::TargetFramework=net462]
C:\Users\yolan\source\repos\AiDotNet\src\Deployment\EdgeOptimizers\IoTOptimizer.cs(376,24): error CS0117: 'File' does not contain a definition for 'WriteAllTextAsync' [C:\Users\yolan\source\repos\AiDotNet\src\AiDotNet.csproj::TargetFramework=net462]
C:\Users\yolan\source\repos\AiDotNet\src\Deployment\EdgeOptimizers\IoTOptimizer.cs(380,24): error CS0117: 'File' does not contain a definition for 'WriteAllTextAsync' [C:\Users\yolan\source\repos\AiDotNet\src\AiDotNet.csproj::TargetFramework=net462]
C:\Users\yolan\source\repos\AiDotNet\src\Deployment\EdgeOptimizers\IoTOptimizer.cs(384,24): error CS0117: 'File' does not contain a definition for 'WriteAllTextAsync' [C:\Users\yolan\source\repos\AiDotNet\src\AiDotNet.csproj::TargetFramework=net462]
C:\Users\yolan\source\repos\AiDotNet\src\Deployment\EdgeOptimizers\IoTOptimizer.cs(392,28): error CS0117: 'File' does not contain a definition for 'WriteAllTextAsync' [C:\Users\yolan\source\repos\AiDotNet\src\AiDotNet.csproj::TargetFramework=net462]
C:\Users\yolan\source\repos\AiDotNet\src\Deployment\EdgeOptimizers\IoTOptimizer.cs(397,28): error CS0117: 'File' does not contain a definition for 'WriteAllTextAsync' [C:\Users\yolan\source\repos\AiDotNet\src\AiDotNet.csproj::TargetFramework=net462]
C:\Users\yolan\source\repos\AiDotNet\src\Deployment\EdgeOptimizers\IoTOptimizer.cs(400,28): error CS0117: 'File' does not contain a definition for 'WriteAllTextAsync' [C:\Users\yolan\source\repos\AiDotNet\src\AiDotNet.csproj::TargetFramework=net462]
C:\Users\yolan\source\repos\AiDotNet\src\Deployment\EdgeOptimizers\IoTOptimizer.cs(408,24): error CS0117: 'File' does not contain a definition for 'WriteAllTextAsync' [C:\Users\yolan\source\repos\AiDotNet\src\AiDotNet.csproj::TargetFramework=net462]
C:\Users\yolan\source\repos\AiDotNet\src\Deployment\EdgeOptimizers\IoTOptimizer.cs(412,24): error CS0117: 'File' does not contain a definition for 'WriteAllTextAsync' [C:\Users\yolan\source\repos\AiDotNet\src\AiDotNet.csproj::TargetFramework=net462]
C:\Users\yolan\source\repos\AiDotNet\src\Deployment\EdgeOptimizers\IoTOptimizer.cs(416,24): error CS0117: 'File' does not contain a definition for 'WriteAllTextAsync' [C:\Users\yolan\source\repos\AiDotNet\src\AiDotNet.csproj::TargetFramework=net462]
C:\Users\yolan\source\repos\AiDotNet\src\Deployment\EdgeOptimizers\IoTOptimizer.cs(420,24): error CS0117: 'File' does not contain a definition for 'WriteAllTextAsync' [C:\Users\yolan\source\repos\AiDotNet\src\AiDotNet.csproj::TargetFramework=net462]
C:\Users\yolan\source\repos\AiDotNet\src\Pipeline\PipelineSteps.cs(858,23): error CS0144: Cannot create an instance of the abstract type or interface 'ProductionMonitorBase' [C:\Users\yolan\source\repos\AiDotNet\src\AiDotNet.csproj::TargetFramework=net462]
C:\Users\yolan\source\repos\AiDotNet\src\Deployment\EdgeOptimizers\IoTOptimizer.cs(427,24): error CS0117: 'File' does not contain a definition for 'WriteAllTextAsync' [C:\Users\yolan\source\repos\AiDotNet\src\AiDotNet.csproj::TargetFramework=net462]
C:\Users\yolan\source\repos\AiDotNet\src\Deployment\EdgeOptimizers\IoTOptimizer.cs(431,24): error CS0117: 'File' does not contain a definition for 'WriteAllTextAsync' [C:\Users\yolan\source\repos\AiDotNet\src\AiDotNet.csproj::TargetFramework=net462]
C:\Users\yolan\source\repos\AiDotNet\src\Deployment\EdgeOptimizers\IoTOptimizer.cs(435,24): error CS0117: 'File' does not contain a definition for 'WriteAllTextAsync' [C:\Users\yolan\source\repos\AiDotNet\src\AiDotNet.csproj::TargetFramework=net462]
C:\Users\yolan\source\repos\AiDotNet\src\Deployment\EdgeOptimizers\IoTOptimizer.cs(439,24): error CS0117: 'File' does not contain a definition for 'WriteAllTextAsync' [C:\Users\yolan\source\repos\AiDotNet\src\AiDotNet.csproj::TargetFramework=net462]
C:\Users\yolan\source\repos\AiDotNet\src\FederatedLearning\Client\FederatedClient.cs(200,46): error CS1501: No overload for method 'GetRows' takes 2 arguments [C:\Users\yolan\source\repos\AiDotNet\src\AiDotNet.csproj::TargetFramework=net462]
C:\Users\yolan\source\repos\AiDotNet\src\FederatedLearning\Client\FederatedClient.cs(230,84): error CS1503: Argument 1: cannot convert from 'AiDotNet.LinearAlgebra.Vector<double>' to 'AiDotNet.LinearAlgebra.Matrix<double>' [C:\Users\yolan\source\repos\AiDotNet\src\AiDotNet.csproj::TargetFramework=net462]
C:\Users\yolan\source\repos\AiDotNet\src\FederatedLearning\Client\FederatedClient.cs(271,77): error CS1061: 'IOptimizer<double, Matrix<double>, Vector<double>>' does not contain a definition for 'CalculateUpdate' and no accessible extension method 'CalculateUpdate' accepting a first argument of type 'IOptimizer<double, Matrix<double>, Vector<double>>' could be found (are you missing a using directive or an assembly reference?) [C:\Users\yolan\source\repos\AiDotNet\src\AiDotNet.csproj::TargetFramework=net462]
C:\Users\yolan\source\repos\AiDotNet\src\Deployment\EdgeOptimizers\IoTOptimizer.cs(1125,39): error CS8625: Cannot convert null literal to non-nullable reference type. [C:\Users\yolan\source\repos\AiDotNet\src\AiDotNet.csproj::TargetFramework=net462]
C:\Users\yolan\source\repos\AiDotNet\src\Compression\Hardware\InferenceOptimizer.cs(87,51): error CS0117: 'Vector<double>' does not contain a definition for 'IsHardwareAccelerated' [C:\Users\yolan\source\repos\AiDotNet\src\AiDotNet.csproj::TargetFramework=net462]
C:\Users\yolan\source\repos\AiDotNet\src\FederatedLearning\Client\FederatedClient.cs(425,40): error CS1501: No overload for method 'NextGaussian' takes 2 arguments [C:\Users\yolan\source\repos\AiDotNet\src\AiDotNet.csproj::TargetFramework=net462]
C:\Users\yolan\source\repos\AiDotNet\src\Deployment\CloudOptimizers\GCPOptimizer.cs(29,13): error CS0191: A readonly field cannot be assigned to (except in a constructor or init-only setter of the type in which the field is defined or a variable initializer) [C:\Users\yolan\source\repos\AiDotNet\src\AiDotNet.csproj::TargetFramework=net462]
C:\Users\yolan\source\repos\AiDotNet\src\Compression\Hardware\InferenceOptimizer.cs(359,63): error CS0117: 'Vector<double>' does not contain a definition for 'IsHardwareAccelerated' [C:\Users\yolan\source\repos\AiDotNet\src\AiDotNet.csproj::TargetFramework=net462]
C:\Users\yolan\source\repos\AiDotNet\src\ProductionMonitoring\ModelHealthScorer.cs(90,41): error CS0121: The call is ambiguous between the following methods or properties: 'System.Linq.LinqExtensions.ToDictionary<TSource, TKey, TValue>(System.Collections.Generic.IEnumerable<TSource>, System.Func<TSource, TKey>, System.Func<TSource, TValue>)' and 'System.Linq.Enumerable.ToDictionary<TSource, TKey, TElement>(System.Collections.Generic.IEnumerable<TSource>, System.Func<TSource, TKey>, System.Func<TSource, TElement>)' [C:\Users\yolan\source\repos\AiDotNet\src\AiDotNet.csproj::TargetFramework=net462]
C:\Users\yolan\source\repos\AiDotNet\src\Pipeline\PipelineSteps.cs(783,17): error CS0117: 'DeploymentInfo' does not contain a definition for 'DeploymentId' [C:\Users\yolan\source\repos\AiDotNet\src\AiDotNet.csproj::TargetFramework=net462]
C:\Users\yolan\source\repos\AiDotNet\src\Pipeline\PipelineSteps.cs(784,17): error CS0117: 'DeploymentInfo' does not contain a definition for 'Target' [C:\Users\yolan\source\repos\AiDotNet\src\AiDotNet.csproj::TargetFramework=net462]
C:\Users\yolan\source\repos\AiDotNet\src\Pipeline\PipelineSteps.cs(787,17): error CS0117: 'DeploymentInfo' does not contain a definition for 'Metadata' [C:\Users\yolan\source\repos\AiDotNet\src\AiDotNet.csproj::TargetFramework=net462]
C:\Users\yolan\source\repos\AiDotNet\src\Pipeline\PipelineSteps.cs(813,22): error CS0104: 'DeploymentTarget' is an ambiguous reference between 'AiDotNet.Deployment.DeploymentTarget' and 'AiDotNet.Enums.DeploymentTarget' [C:\Users\yolan\source\repos\AiDotNet\src\AiDotNet.csproj::TargetFramework=net462]
C:\Users\yolan\source\repos\AiDotNet\src\Pipeline\PipelineSteps.cs(815,22): error CS0104: 'DeploymentTarget' is an ambiguous reference between 'AiDotNet.Deployment.DeploymentTarget' and 'AiDotNet.Enums.DeploymentTarget' [C:\Users\yolan\source\repos\AiDotNet\src\AiDotNet.csproj::TargetFramework=net462]
C:\Users\yolan\source\repos\AiDotNet\src\Pipeline\PipelineSteps.cs(817,22): error CS0104: 'DeploymentTarget' is an ambiguous reference between 'AiDotNet.Deployment.DeploymentTarget' and 'AiDotNet.Enums.DeploymentTarget' [C:\Users\yolan\source\repos\AiDotNet\src\AiDotNet.csproj::TargetFramework=net462]
C:\Users\yolan\source\repos\AiDotNet\src\Pipeline\PipelineSteps.cs(820,28): error CS0144: Cannot create an instance of the abstract type or interface 'ModelOptimizer<Matrix<double>, Vector<double>, ModelMetaData<double>>' [C:\Users\yolan\source\repos\AiDotNet\src\AiDotNet.csproj::TargetFramework=net462]
C:\Users\yolan\source\repos\AiDotNet\src\Deployment\CloudOptimizers\GCPOptimizer.cs(216,24): error CS0117: 'File' does not contain a definition for 'WriteAllTextAsync' [C:\Users\yolan\source\repos\AiDotNet\src\AiDotNet.csproj::TargetFramework=net462]
C:\Users\yolan\source\repos\AiDotNet\src\Deployment\CloudOptimizers\GCPOptimizer.cs(222,24): error CS0117: 'File' does not contain a definition for 'WriteAllTextAsync' [C:\Users\yolan\source\repos\AiDotNet\src\AiDotNet.csproj::TargetFramework=net462]
C:\Users\yolan\source\repos\AiDotNet\src\Deployment\CloudOptimizers\GCPOptimizer.cs(228,24): error CS0117: 'File' does not contain a definition for 'WriteAllTextAsync' [C:\Users\yolan\source\repos\AiDotNet\src\AiDotNet.csproj::TargetFramework=net462]
C:\Users\yolan\source\repos\AiDotNet\src\Deployment\CloudOptimizers\GCPOptimizer.cs(234,24): error CS0117: 'File' does not contain a definition for 'WriteAllTextAsync' [C:\Users\yolan\source\repos\AiDotNet\src\AiDotNet.csproj::TargetFramework=net462]
C:\Users\yolan\source\repos\AiDotNet\src\Deployment\CloudOptimizers\GCPOptimizer.cs(241,28): error CS0117: 'File' does not contain a definition for 'WriteAllTextAsync' [C:\Users\yolan\source\repos\AiDotNet\src\AiDotNet.csproj::TargetFramework=net462]
C:\Users\yolan\source\repos\AiDotNet\src\Pipeline\PipelineSteps.cs(835,28): error CS0144: Cannot create an instance of the abstract type or interface 'ModelOptimizer<Matrix<double>, Vector<double>, ModelMetaData<double>>' [C:\Users\yolan\source\repos\AiDotNet\src\AiDotNet.csproj::TargetFramework=net462]
C:\Users\yolan\source\repos\AiDotNet\src\Deployment\CloudOptimizers\GCPOptimizer.cs(525,38): error CS0826: No best type found for implicitly-typed array [C:\Users\yolan\source\repos\AiDotNet\src\AiDotNet.csproj::TargetFramework=net462]
C:\Users\yolan\source\repos\AiDotNet\src\ProductionMonitoring\ModelHealthScorer.cs(133,48): error CS1998: This async method lacks 'await' operators and will run synchronously. Consider using the 'await' operator to await non-blocking API calls, or 'await Task.Run(...)' to do CPU-bound work on a background thread. [C:\Users\yolan\source\repos\AiDotNet\src\AiDotNet.csproj::TargetFramework=net462]
C:\Users\yolan\source\repos\AiDotNet\src\ProductionMonitoring\ModelHealthScorer.cs(196,58): error CS1998: This async method lacks 'await' operators and will run synchronously. Consider using the 'await' operator to await non-blocking API calls, or 'await Task.Run(...)' to do CPU-bound work on a background thread. [C:\Users\yolan\source\repos\AiDotNet\src\AiDotNet.csproj::TargetFramework=net462]
C:\Users\yolan\source\repos\AiDotNet\src\ProductionMonitoring\ModelHealthScorer.cs(211,58): error CS1998: This async method lacks 'await' operators and will run synchronously. Consider using the 'await' operator to await non-blocking API calls, or 'await Task.Run(...)' to do CPU-bound work on a background thread. [C:\Users\yolan\source\repos\AiDotNet\src\AiDotNet.csproj::TargetFramework=net462]
C:\Users\yolan\source\repos\AiDotNet\src\FederatedLearning\Aggregation\SecureAggregation.cs(396,51): error CS1061: 'Dictionary<string, Vector<double>>.KeyCollection' does not contain a definition for 'ToHashSet' and no accessible extension method 'ToHashSet' accepting a first argument of type 'Dictionary<string, Vector<double>>.KeyCollection' could be found (are you missing a using directive or an assembly reference?) [C:\Users\yolan\source\repos\AiDotNet\src\AiDotNet.csproj::TargetFramework=net462]
C:\Users\yolan\source\repos\AiDotNet\src\Deployment\CloudOptimizers\AzureOptimizer.cs(29,13): error CS0191: A readonly field cannot be assigned to (except in a constructor or init-only setter of the type in which the field is defined or a variable initializer) [C:\Users\yolan\source\repos\AiDotNet\src\AiDotNet.csproj::TargetFramework=net462]
C:\Users\yolan\source\repos\AiDotNet\src\Pipeline\PipelineSteps.cs(629,24): error CS7036: There is no argument given that corresponds to the required parameter 'architecture' of 'NeuralNetwork<double>.NeuralNetwork(NeuralNetworkArchitecture<double>, ILossFunction<double>?)' [C:\Users\yolan\source\repos\AiDotNet\src\AiDotNet.csproj::TargetFramework=net462]
C:\Users\yolan\source\repos\AiDotNet\src\Deployment\CloudOptimizers\AzureOptimizer.cs(213,24): error CS0117: 'File' does not contain a definition for 'WriteAllTextAsync' [C:\Users\yolan\source\repos\AiDotNet\src\AiDotNet.csproj::TargetFramework=net462]
C:\Users\yolan\source\repos\AiDotNet\src\Deployment\CloudOptimizers\AzureOptimizer.cs(219,24): error CS0117: 'File' does not contain a definition for 'WriteAllTextAsync' [C:\Users\yolan\source\repos\AiDotNet\src\AiDotNet.csproj::TargetFramework=net462]
C:\Users\yolan\source\repos\AiDotNet\src\Deployment\CloudOptimizers\AzureOptimizer.cs(225,24): error CS0117: 'File' does not contain a definition for 'WriteAllTextAsync' [C:\Users\yolan\source\repos\AiDotNet\src\AiDotNet.csproj::TargetFramework=net462]
C:\Users\yolan\source\repos\AiDotNet\src\Deployment\CloudOptimizers\AzureOptimizer.cs(379,24): error CS0117: 'File' does not contain a definition for 'WriteAllTextAsync' [C:\Users\yolan\source\repos\AiDotNet\src\AiDotNet.csproj::TargetFramework=net462]
C:\Users\yolan\source\repos\AiDotNet\src\Deployment\CloudOptimizers\AzureOptimizer.cs(400,24): error CS0117: 'File' does not contain a definition for 'WriteAllTextAsync' [C:\Users\yolan\source\repos\AiDotNet\src\AiDotNet.csproj::TargetFramework=net462]
C:\Users\yolan\source\repos\AiDotNet\src\Deployment\CloudOptimizers\AzureOptimizer.cs(406,24): error CS0117: 'File' does not contain a definition for 'WriteAllTextAsync' [C:\Users\yolan\source\repos\AiDotNet\src\AiDotNet.csproj::TargetFramework=net462]
C:\Users\yolan\source\repos\AiDotNet\src\Pipeline\PipelineSteps.cs(570,17): error CS0117: 'BayesianOptimizationAutoML<double, Matrix<double>, Vector<double>>' does not contain a definition for 'TimeLimit' [C:\Users\yolan\source\repos\AiDotNet\src\AiDotNet.csproj::TargetFramework=net462]
C:\Users\yolan\source\repos\AiDotNet\src\Pipeline\PipelineSteps.cs(571,17): error CS0117: 'BayesianOptimizationAutoML<double, Matrix<double>, Vector<double>>' does not contain a definition for 'TrialLimit' [C:\Users\yolan\source\repos\AiDotNet\src\AiDotNet.csproj::TargetFramework=net462]
C:\Users\yolan\source\repos\AiDotNet\src\Pipeline\PipelineSteps.cs(577,24): error CS1061: 'BayesianOptimizationAutoML<double, Matrix<double>, Vector<double>>' does not contain a definition for 'SetModelsToTry' and no accessible extension method 'SetModelsToTry' accepting a first argument of type 'BayesianOptimizationAutoML<double, Matrix<double>, Vector<double>>' could be found (are you missing a using directive or an assembly reference?) [C:\Users\yolan\source\repos\AiDotNet\src\AiDotNet.csproj::TargetFramework=net462]
C:\Users\yolan\source\repos\AiDotNet\src\ProductionMonitoring\ModelHealthScorer.cs(424,49): error CS1061: 'List<ProductionMonitorBase.PredictionRecord>' does not contain a definition for 'TakeLast' and no accessible extension method 'TakeLast' accepting a first argument of type 'List<ProductionMonitorBase.PredictionRecord>' could be found (are you missing a using directive or an assembly reference?) [C:\Users\yolan\source\repos\AiDotNet\src\AiDotNet.csproj::TargetFramework=net462]
C:\Users\yolan\source\repos\AiDotNet\src\ProductionMonitoring\ModelHealthScorer.cs(435,59): error CS0030: Cannot convert type 'method' to 'double' [C:\Users\yolan\source\repos\AiDotNet\src\AiDotNet.csproj::TargetFramework=net462]
C:\Users\yolan\source\repos\AiDotNet\src\ProductionMonitoring\ModelHealthScorer.cs(436,54): error CS0030: Cannot convert type 'method' to 'double' [C:\Users\yolan\source\repos\AiDotNet\src\AiDotNet.csproj::TargetFramework=net462]
C:\Users\yolan\source\repos\AiDotNet\src\ProductionMonitoring\ModelHealthScorer.cs(437,58): error CS0030: Cannot convert type 'method' to 'double' [C:\Users\yolan\source\repos\AiDotNet\src\AiDotNet.csproj::TargetFramework=net462]
C:\Users\yolan\source\repos\AiDotNet\src\ProductionMonitoring\ModelHealthScorer.cs(418,36): error CS1998: This async method lacks 'await' operators and will run synchronously. Consider using the 'await' operator to await non-blocking API calls, or 'await Task.Run(...)' to do CPU-bound work on a background thread. [C:\Users\yolan\source\repos\AiDotNet\src\AiDotNet.csproj::TargetFramework=net462]
C:\Users\yolan\source\repos\AiDotNet\src\FederatedLearning\Aggregation\FederatedAveraging.cs(335,51): error CS1061: 'Dictionary<string, Vector<double>>.KeyCollection' does not contain a definition for 'ToHashSet' and no accessible extension method 'ToHashSet' accepting a first argument of type 'Dictionary<string, Vector<double>>.KeyCollection' could be found (are you missing a using directive or an assembly reference?) [C:\Users\yolan\source\repos\AiDotNet\src\AiDotNet.csproj::TargetFramework=net462]
C:\Users\yolan\source\repos\AiDotNet\src\ProductionMonitoring\ModelHealthScorer.cs(443,36): error CS1998: This async method lacks 'await' operators and will run synchronously. Consider using the 'await' operator to await non-blocking API calls, or 'await Task.Run(...)' to do CPU-bound work on a background thread. [C:\Users\yolan\source\repos\AiDotNet\src\AiDotNet.csproj::TargetFramework=net462]
C:\Users\yolan\source\repos\AiDotNet\src\ProductionMonitoring\ModelHealthScorer.cs(472,50): error CS1061: 'List<PerformanceMetrics>' does not contain a definition for 'TakeLast' and no accessible extension method 'TakeLast' accepting a first argument of type 'List<PerformanceMetrics>' could be found (are you missing a using directive or an assembly reference?) [C:\Users\yolan\source\repos\AiDotNet\src\AiDotNet.csproj::TargetFramework=net462]
C:\Users\yolan\source\repos\AiDotNet\src\ProductionMonitoring\ModelHealthScorer.cs(466,36): error CS1998: This async method lacks 'await' operators and will run synchronously. Consider using the 'await' operator to await non-blocking API calls, or 'await Task.Run(...)' to do CPU-bound work on a background thread. [C:\Users\yolan\source\repos\AiDotNet\src\AiDotNet.csproj::TargetFramework=net462]
C:\Users\yolan\source\repos\AiDotNet\src\ProductionMonitoring\ModelHealthScorer.cs(487,36): error CS1998: This async method lacks 'await' operators and will run synchronously. Consider using the 'await' operator to await non-blocking API calls, or 'await Task.Run(...)' to do CPU-bound work on a background thread. [C:\Users\yolan\source\repos\AiDotNet\src\AiDotNet.csproj::TargetFramework=net462]
C:\Users\yolan\source\repos\AiDotNet\src\ProductionMonitoring\ModelHealthScorer.cs(506,36): error CS1998: This async method lacks 'await' operators and will run synchronously. Consider using the 'await' operator to await non-blocking API calls, or 'await Task.Run(...)' to do CPU-bound work on a background thread. [C:\Users\yolan\source\repos\AiDotNet\src\AiDotNet.csproj::TargetFramework=net462]
C:\Users\yolan\source\repos\AiDotNet\src\ProductionMonitoring\ModelHealthScorer.cs(636,45): error CS1061: 'List<ModelHealthScorer.HealthCheckResult>' does not contain a definition for 'TakeLast' and no accessible extension method 'TakeLast' accepting a first argument of type 'List<ModelHealthScorer.HealthCheckResult>' could be found (are you missing a using directive or an assembly reference?) [C:\Users\yolan\source\repos\AiDotNet\src\AiDotNet.csproj::TargetFramework=net462]
C:\Users\yolan\source\repos\AiDotNet\src\ProductionMonitoring\ModelHealthScorer.cs(675,69): error CS1061: 'List<ModelHealthScorer.HealthCheckResult>' does not contain a definition for 'TakeLast' and no accessible extension method 'TakeLast' accepting a first argument of type 'List<ModelHealthScorer.HealthCheckResult>' could be found (are you missing a using directive or an assembly reference?) [C:\Users\yolan\source\repos\AiDotNet\src\AiDotNet.csproj::TargetFramework=net462]
C:\Users\yolan\source\repos\AiDotNet\src\ProductionMonitoring\ModelHealthScorer.cs(761,28): error CS1998: This async method lacks 'await' operators and will run synchronously. Consider using the 'await' operator to await non-blocking API calls, or 'await Task.Run(...)' to do CPU-bound work on a background thread. [C:\Users\yolan\source\repos\AiDotNet\src\AiDotNet.csproj::TargetFramework=net462]
C:\Users\yolan\source\repos\AiDotNet\src\ProductionMonitoring\DataDriftDetector.cs(500,60): error CS1061: 'List<ProductionMonitorBase.PredictionRecord>' does not contain a definition for 'TakeLast' and no accessible extension method 'TakeLast' accepting a first argument of type 'List<ProductionMonitorBase.PredictionRecord>' could be found (are you missing a using directive or an assembly reference?) [C:\Users\yolan\source\repos\AiDotNet\src\AiDotNet.csproj::TargetFramework=net462]
C:\Users\yolan\source\repos\AiDotNet\src\ProductionMonitoring\DataDriftDetector.cs(503,134): error CS0030: Cannot convert type 'method' to 'double' [C:\Users\yolan\source\repos\AiDotNet\src\AiDotNet.csproj::TargetFramework=net462]
C:\Users\yolan\source\repos\AiDotNet\src\ProductionMonitoring\DataDriftDetector.cs(528,57): error CS1061: 'List<PerformanceMetrics>' does not contain a definition for 'TakeLast' and no accessible extension method 'TakeLast' accepting a first argument of type 'List<PerformanceMetrics>' could be found (are you missing a using directive or an assembly reference?) [C:\Users\yolan\source\repos\AiDotNet\src\AiDotNet.csproj::TargetFramework=net462]
C:\Users\yolan\source\repos\AiDotNet\src\ProductionMonitoring\ConceptDriftDetector.cs(108,58): error CS1998: This async method lacks 'await' operators and will run synchronously. Consider using the 'await' operator to await non-blocking API calls, or 'await Task.Run(...)' to do CPU-bound work on a background thread. [C:\Users\yolan\source\repos\AiDotNet\src\AiDotNet.csproj::TargetFramework=net462]
C:\Users\yolan\source\repos\AiDotNet\src\ProductionMonitoring\AlertManager.cs(128,22): error CS0121: The call is ambiguous between the following methods or properties: 'System.Linq.LinqExtensions.ToDictionary<TSource, TKey, TValue>(System.Collections.Generic.IEnumerable<TSource>, System.Func<TSource, TKey>, System.Func<TSource, TValue>)' and 'System.Linq.Enumerable.ToDictionary<TSource, TKey, TElement>(System.Collections.Generic.IEnumerable<TSource>, System.Func<TSource, TKey>, System.Func<TSource, TElement>)' [C:\Users\yolan\source\repos\AiDotNet\src\AiDotNet.csproj::TargetFramework=net462]
C:\Users\yolan\source\repos\AiDotNet\src\ProductionMonitoring\AlertManager.cs(130,22): error CS0121: The call is ambiguous between the following methods or properties: 'System.Linq.LinqExtensions.ToDictionary<TSource, TKey, TValue>(System.Collections.Generic.IEnumerable<TSource>, System.Func<TSource, TKey>, System.Func<TSource, TValue>)' and 'System.Linq.Enumerable.ToDictionary<TSource, TKey, TElement>(System.Collections.Generic.IEnumerable<TSource>, System.Func<TSource, TKey>, System.Func<TSource, TElement>)' [C:\Users\yolan\source\repos\AiDotNet\src\AiDotNet.csproj::TargetFramework=net462]
C:\Users\yolan\source\repos\AiDotNet\src\ProductionMonitoring\AlertManager.cs(140,22): error CS0121: The call is ambiguous between the following methods or properties: 'System.Linq.LinqExtensions.ToDictionary<TSource, TKey, TValue>(System.Collections.Generic.IEnumerable<TSource>, System.Func<TSource, TKey>, System.Func<TSource, TValue>)' and 'System.Linq.Enumerable.ToDictionary<TSource, TKey, TElement>(System.Collections.Generic.IEnumerable<TSource>, System.Func<TSource, TKey>, System.Func<TSource, TElement>)' [C:\Users\yolan\source\repos\AiDotNet\src\AiDotNet.csproj::TargetFramework=net462]
C:\Users\yolan\source\repos\AiDotNet\src\ProductionMonitoring\AlertManager.cs(141,50): error CS0121: The call is ambiguous between the following methods or properties: 'System.Linq.LinqExtensions.LastOrDefault<T>(System.Collections.Generic.IEnumerable<T>)' and 'System.Linq.Enumerable.LastOrDefault<TSource>(System.Collections.Generic.IEnumerable<TSource>)' [C:\Users\yolan\source\repos\AiDotNet\src\AiDotNet.csproj::TargetFramework=net462]
C:\Users\yolan\source\repos\AiDotNet\src\ProductionMonitoring\AlertManager.cs(132,34): error CS8629: Nullable value type may be null. [C:\Users\yolan\source\repos\AiDotNet\src\AiDotNet.csproj::TargetFramework=net462]
C:\Users\yolan\source\repos\AiDotNet\src\ProductionMonitoring\AlertManager.cs(161,39): error CS8601: Possible null reference assignment. [C:\Users\yolan\source\repos\AiDotNet\src\AiDotNet.csproj::TargetFramework=net462]
C:\Users\yolan\source\repos\AiDotNet\src\ProductionMonitoring\AlertManager.cs(183,61): error CS8601: Possible null reference assignment. [C:\Users\yolan\source\repos\AiDotNet\src\AiDotNet.csproj::TargetFramework=net462]
C:\Users\yolan\source\repos\AiDotNet\src\ProductionMonitoring\AlertManager.cs(325,34): error CS1998: This async method lacks 'await' operators and will run synchronously. Consider using the 'await' operator to await non-blocking API calls, or 'await Task.Run(...)' to do CPU-bound work on a background thread. [C:\Users\yolan\source\repos\AiDotNet\src\AiDotNet.csproj::TargetFramework=net462]
C:\Users\yolan\source\repos\AiDotNet\src\ProductionMonitoring\AlertManager.cs(391,24): error CS8603: Possible null reference return. [C:\Users\yolan\source\repos\AiDotNet\src\AiDotNet.csproj::TargetFramework=net462]
C:\Users\yolan\source\repos\AiDotNet\src\ProductionMonitoring\AlertManager.cs(393,20): error CS8603: Possible null reference return. [C:\Users\yolan\source\repos\AiDotNet\src\AiDotNet.csproj::TargetFramework=net462]
C:\Users\yolan\source\repos\AiDotNet\src\DecompositionMethods\TimeSeriesDecomposition\HodrickPrescottDecomposition.cs(68,47): error CS0426: The type name 'Matrix<>' does not exist in the type 'HodrickPrescottAlgorithmType' [C:\Users\yolan\source\repos\AiDotNet\src\AiDotNet.csproj::TargetFramework=net462]
C:\Users\yolan\source\repos\AiDotNet\src\TimeSeries\InterventionAnalysisModel.cs(567,37): error CS0121: The call is ambiguous between the following methods or properties: 'System.Linq.LinqExtensions.ToDictionary<TSource, TKey, TValue>(System.Collections.Generic.IEnumerable<TSource>, System.Func<TSource, TKey>, System.Func<TSource, TValue>)' and 'System.Linq.Enumerable.ToDictionary<TSource, TKey, TElement>(System.Collections.Generic.IEnumerable<TSource>, System.Func<TSource, TKey>, System.Func<TSource, TElement>)' [C:\Users\yolan\source\repos\AiDotNet\src\AiDotNet.csproj::TargetFramework=net462]
C:\Users\yolan\source\repos\AiDotNet\src\Examples\FederatedLearningExample.cs(170,41): error CS1501: No overload for method 'NextGaussian' takes 2 arguments [C:\Users\yolan\source\repos\AiDotNet\src\AiDotNet.csproj::TargetFramework=net462]
C:\Users\yolan\source\repos\AiDotNet\src\Examples\ModernAIExample.cs(76,37): error CS1503: Argument 1: cannot convert from 'AiDotNet.Interfaces.FineTuningConfig' to 'AiDotNet.Models.Options.FineTuningOptions<double>' [C:\Users\yolan\source\repos\AiDotNet\src\AiDotNet.csproj::TargetFramework=net462]
C:\Users\yolan\source\repos\AiDotNet\src\Examples\ModernAIExample.cs(111,36): error CS1503: Argument 1: cannot convert from 'AiDotNet.Examples.CLIPMultimodalModel<double>' to 'AiDotNet.Interfaces.IMultimodalModel<double, AiDotNet.Examples.MultimodalInput<double>, AiDotNet.LinearAlgebra.Vector<double>>' [C:\Users\yolan\source\repos\AiDotNet\src\AiDotNet.csproj::TargetFramework=net462]
C:\Users\yolan\source\repos\AiDotNet\src\Examples\ModernAIExample.cs(159,49): error CS1061: 'IInterpretableModel<double, Matrix<double>, Vector<double>>' does not contain a definition for 'GetFeatureImportance' and no accessible extension method 'GetFeatureImportance' accepting a first argument of type 'IInterpretableModel<double, Matrix<double>, Vector<double>>' could be found (are you missing a using directive or an assembly reference?) [C:\Users\yolan\source\repos\AiDotNet\src\AiDotNet.csproj::TargetFramework=net462]
C:\Users\yolan\source\repos\AiDotNet\src\Examples\FederatedLearningExample.cs(231,43): error CS0121: The call is ambiguous between the following methods or properties: 'System.Linq.LinqExtensions.ToDictionary<TSource, TKey, TValue>(System.Collections.Generic.IEnumerable<TSource>, System.Func<TSource, TKey>, System.Func<TSource, TValue>)' and 'System.Linq.Enumerable.ToDictionary<TSource, TKey, TElement>(System.Collections.Generic.IEnumerable<TSource>, System.Func<TSource, TKey>, System.Func<TSource, TElement>)' [C:\Users\yolan\source\repos\AiDotNet\src\AiDotNet.csproj::TargetFramework=net462]
C:\Users\yolan\source\repos\AiDotNet\src\Examples\FederatedLearningExample.cs(235,17): error CS0104: 'FederatedAggregationStrategy' is an ambiguous reference between 'AiDotNet.Enums.FederatedAggregationStrategy' and 'AiDotNet.FederatedLearning.FederatedAggregationStrategy' [C:\Users\yolan\source\repos\AiDotNet\src\AiDotNet.csproj::TargetFramework=net462]
C:\Users\yolan\source\repos\AiDotNet\src\Examples\ComprehensiveModernAIExample.cs(118,27): error CS7036: There is no argument given that corresponds to the required parameter 'architecture' of 'VisionTransformer.VisionTransformer(NeuralNetworkArchitecture<double>, int, int, int, int, int, int, int, double, ILossFunction<double>?, double)' [C:\Users\yolan\source\repos\AiDotNet\src\AiDotNet.csproj::TargetFramework=net462]
C:\Users\yolan\source\repos\AiDotNet\src\Examples\ComprehensiveModernAIExample.cs(113,35): error CS1998: This async method lacks 'await' operators and will run synchronously. Consider using the 'await' operator to await non-blocking API calls, or 'await Task.Run(...)' to do CPU-bound work on a background thread. [C:\Users\yolan\source\repos\AiDotNet\src\AiDotNet.csproj::TargetFramework=net462]
C:\Users\yolan\source\repos\AiDotNet\src\Examples\ModernAIExample.cs(203,38): error CS1061: 'IProductionMonitor<double, Matrix<double>, Vector<double>>' does not contain a definition for 'CheckDataDrift' and no accessible extension method 'CheckDataDrift' accepting a first argument of type 'IProductionMonitor<double, Matrix<double>, Vector<double>>' could be found (are you missing a using directive or an assembly reference?) [C:\Users\yolan\source\repos\AiDotNet\src\AiDotNet.csproj::TargetFramework=net462]
C:\Users\yolan\source\repos\AiDotNet\src\Examples\ModernAIExample.cs(206,25): error CS1061: 'IProductionMonitor<double, Matrix<double>, Vector<double>>' does not contain a definition for 'ShouldRetrain' and no accessible extension method 'ShouldRetrain' accepting a first argument of type 'IProductionMonitor<double, Matrix<double>, Vector<double>>' could be found (are you missing a using directive or an assembly reference?) [C:\Users\yolan\source\repos\AiDotNet\src\AiDotNet.csproj::TargetFramework=net462]
C:\Users\yolan\source\repos\AiDotNet\src\Examples\ModernAIExample.cs(236,35): error CS7036: There is no argument given that corresponds to the required parameter 'architecture' of 'NeuralNetworkModel<double>.NeuralNetworkModel(NeuralNetworkArchitecture<double>)' [C:\Users\yolan\source\repos\AiDotNet\src\AiDotNet.csproj::TargetFramework=net462]
C:\Users\yolan\source\repos\AiDotNet\src\Examples\ModernAIExample.cs(244,34): error CS7036: There is no argument given that corresponds to the required parameter 'architecture' of 'NeuralNetworkModel<double>.NeuralNetworkModel(NeuralNetworkArchitecture<double>)' [C:\Users\yolan\source\repos\AiDotNet\src\AiDotNet.csproj::TargetFramework=net462]
C:\Users\yolan\source\repos\AiDotNet\src\Examples\ModernAIExample.cs(308,21): error CS1061: 'IPredictionModelBuilder<double, Matrix<double>, Vector<double>>' does not contain a definition for 'SetModel' and no accessible extension method 'SetModel' accepting a first argument of type 'IPredictionModelBuilder<double, Matrix<double>, Vector<double>>' could be found (are you missing a using directive or an assembly reference?) [C:\Users\yolan\source\repos\AiDotNet\src\AiDotNet.csproj::TargetFramework=net462]
C:\Users\yolan\source\repos\AiDotNet\src\Examples\ModernAIExample.cs(309,44): error CS7036: There is no argument given that corresponds to the required parameter 'model' of 'GradientDescentOptimizer<double, Matrix<double>, Vector<double>>.GradientDescentOptimizer(IFullModel<double, Matrix<double>, Vector<double>>, GradientDescentOptimizerOptions<double, Matrix<double>, Vector<double>>?)' [C:\Users\yolan\source\repos\AiDotNet\src\AiDotNet.csproj::TargetFramework=net462]
C:\Users\yolan\source\repos\AiDotNet\src\Examples\ModernAIExample.cs(312,21): error CS1061: 'IPredictionModelBuilder<double, Matrix<double>, Vector<double>>' does not contain a definition for 'SetModel' and no accessible extension method 'SetModel' accepting a first argument of type 'IPredictionModelBuilder<double, Matrix<double>, Vector<double>>' could be found (are you missing a using directive or an assembly reference?) [C:\Users\yolan\source\repos\AiDotNet\src\AiDotNet.csproj::TargetFramework=net462]
C:\Users\yolan\source\repos\AiDotNet\src\Examples\ModernAIExample.cs(313,44): error CS7036: There is no argument given that corresponds to the required parameter 'model' of 'AdamOptimizer<double, Matrix<double>, Vector<double>>.AdamOptimizer(IFullModel<double, Matrix<double>, Vector<double>>, AdamOptimizerOptions<double, Matrix<double>, Vector<double>>?)' [C:\Users\yolan\source\repos\AiDotNet\src\AiDotNet.csproj::TargetFramework=net462]
C:\Users\yolan\source\repos\AiDotNet\src\Examples\ComprehensiveModernAIExample.cs(151,28): error CS7036: There is no argument given that corresponds to the required parameter 'architecture' of 'DiffusionModel.DiffusionModel(NeuralNetworkArchitecture<double>, int, double, double, ILossFunction<double>?, double)' [C:\Users\yolan\source\repos\AiDotNet\src\AiDotNet.csproj::TargetFramework=net462]
C:\Users\yolan\source\repos\AiDotNet\src\Examples\ComprehensiveModernAIExample.cs(216,32): error CS7036: There is no argument given that corresponds to the required parameter 'architecture' of 'ScoreSDE.ScoreSDE(NeuralNetworkArchitecture<double>, INeuralNetworkModel<double>, ScoreSDE.SDEType, double, double, double, ISolver, ILossFunction<double>?, double)' [C:\Users\yolan\source\repos\AiDotNet\src\AiDotNet.csproj::TargetFramework=net462]
C:\Users\yolan\source\repos\AiDotNet\src\Examples\ComprehensiveModernAIExample.cs(240,35): error CS7036: There is no argument given that corresponds to the required parameter 'architecture' of 'ConsistencyModel.ConsistencyModel(NeuralNetworkArchitecture<double>, INeuralNetworkModel<double>, double, double, int, double, ConsistencyModel.ScheduleType, bool, ILossFunction<double>?, double)' [C:\Users\yolan\source\repos\AiDotNet\src\AiDotNet.csproj::TargetFramework=net462]
C:\Users\yolan\source\repos\AiDotNet\src\Examples\ComprehensiveModernAIExample.cs(266,36): error CS7036: There is no argument given that corresponds to the required parameter 'architecture' of 'FlowMatchingModel.FlowMatchingModel(NeuralNetworkArchitecture<double>, INeuralNetworkModel<double>, FlowMatchingModel.FlowType, double, bool, int, ILossFunction<double>?, double)' [C:\Users\yolan\source\repos\AiDotNet\src\AiDotNet.csproj::TargetFramework=net462]
C:\Users\yolan\source\repos\AiDotNet\src\Examples\ComprehensiveModernAIExample.cs(285,87): error CS1739: The best overload for 'AdamOptimizer' does not have a parameter named 'learningRate' [C:\Users\yolan\source\repos\AiDotNet\src\AiDotNet.csproj::TargetFramework=net462]
C:\Users\yolan\source\repos\AiDotNet\src\Examples\ComprehensiveModernAIExample.cs(366,90): error CS1061: 'Dictionary<string, double>' does not contain a definition for 'GetValueOrDefault' and no accessible extension method 'GetValueOrDefault' accepting a first argument of type 'Dictionary<string, double>' could be found (are you missing a using directive or an assembly reference?) [C:\Users\yolan\source\repos\AiDotNet\src\AiDotNet.csproj::TargetFramework=net462]
C:\Users\yolan\source\repos\AiDotNet\src\Examples\AutoMLExample.cs(268,48): error CS1061: 'KeyValuePair<string, object>' does not contain a definition for 'Deconstruct' and no accessible extension method 'Deconstruct' accepting a first argument of type 'KeyValuePair<string, object>' could be found (are you missing a using directive or an assembly reference?) [C:\Users\yolan\source\repos\AiDotNet\src\AiDotNet.csproj::TargetFramework=net462]
C:\Users\yolan\source\repos\AiDotNet\src\Examples\AutoMLExample.cs(268,48): error CS8129: No suitable 'Deconstruct' instance or extension method was found for type 'KeyValuePair<string, object>', with 2 out parameters and a void return type. [C:\Users\yolan\source\repos\AiDotNet\src\AiDotNet.csproj::TargetFramework=net462]
C:\Users\yolan\source\repos\AiDotNet\src\Examples\AutoMLExample.cs(268,31): error CS8130: Cannot infer the type of implicitly-typed deconstruction variable 'param'. [C:\Users\yolan\source\repos\AiDotNet\src\AiDotNet.csproj::TargetFramework=net462]
C:\Users\yolan\source\repos\AiDotNet\src\Examples\AutoMLExample.cs(268,38): error CS8130: Cannot infer the type of implicitly-typed deconstruction variable 'value'. [C:\Users\yolan\source\repos\AiDotNet\src\AiDotNet.csproj::TargetFramework=net462]
C:\Users\yolan\source\repos\AiDotNet\src\Examples\ComprehensiveModernAIExample.cs(377,29): error CS7036: There is no argument given that corresponds to the required parameter 'architecture' of 'NeuralNetwork<double>.NeuralNetwork(NeuralNetworkArchitecture<double>, ILossFunction<double>?)' [C:\Users\yolan\source\repos\AiDotNet\src\AiDotNet.csproj::TargetFramework=net462]
C:\Users\yolan\source\repos\AiDotNet\src\Examples\ComprehensiveModernAIExample.cs(407,37): error CS0305: Using the generic type 'MobileOptimizer<TInput, TOutput, TMetadata>' requires 3 type arguments [C:\Users\yolan\source\repos\AiDotNet\src\AiDotNet.csproj::TargetFramework=net462]
C:\Users\yolan\source\repos\AiDotNet\src\Examples\ComprehensiveModernAIExample.cs(437,35): error CS1998: This async method lacks 'await' operators and will run synchronously. Consider using the 'await' operator to await non-blocking API calls, or 'await Task.Run(...)' to do CPU-bound work on a background thread. [C:\Users\yolan\source\repos\AiDotNet\src\AiDotNet.csproj::TargetFramework=net462]
C:\Users\yolan\source\repos\AiDotNet\src\Examples\ComprehensiveModernAIExample.cs(457,28): error CS7036: There is no argument given that corresponds to the required parameter 'architecture' of 'NeuralNetwork<double>.NeuralNetwork(NeuralNetworkArchitecture<double>, ILossFunction<double>?)' [C:\Users\yolan\source\repos\AiDotNet\src\AiDotNet.csproj::TargetFramework=net462]
C:\Users\yolan\source\repos\AiDotNet\src\Examples\ComprehensiveModernAIExample.cs(485,28): error CS7036: There is no argument given that corresponds to the required parameter 'architecture' of 'NeuralNetwork<double>.NeuralNetwork(NeuralNetworkArchitecture<double>, ILossFunction<double>?)' [C:\Users\yolan\source\repos\AiDotNet\src\AiDotNet.csproj::TargetFramework=net462]
C:\Users\yolan\source\repos\AiDotNet\src\Examples\ComprehensiveModernAIExample.cs(495,32): error CS7036: There is no argument given that corresponds to the required parameter 'architecture' of 'NeuralNetwork<double>.NeuralNetwork(NeuralNetworkArchitecture<double>, ILossFunction<double>?)' [C:\Users\yolan\source\repos\AiDotNet\src\AiDotNet.csproj::TargetFramework=net462]
C:\Users\yolan\source\repos\AiDotNet\src\Examples\ComprehensiveModernAIExample.cs(505,38): error CS7036: There is no argument given that corresponds to the required parameter 'architecture' of 'NeuralNetwork<double>.NeuralNetwork(NeuralNetworkArchitecture<double>, ILossFunction<double>?)' [C:\Users\yolan\source\repos\AiDotNet\src\AiDotNet.csproj::TargetFramework=net462]
C:\Users\yolan\source\repos\AiDotNet\src\Examples\ComprehensiveModernAIExample.cs(515,35): error CS7036: There is no argument given that corresponds to the required parameter 'architecture' of 'NeuralNetwork<double>.NeuralNetwork(NeuralNetworkArchitecture<double>, ILossFunction<double>?)' [C:\Users\yolan\source\repos\AiDotNet\src\AiDotNet.csproj::TargetFramework=net462]
C:\Users\yolan\source\repos\AiDotNet\src\NeuralNetworks\DiffusionModels\ScoreSDE.cs(51,13): error CS0118: 'ModelCategory' is a type but is used like a variable [C:\Users\yolan\source\repos\AiDotNet\src\AiDotNet.csproj::TargetFramework=net462]
C:\Users\yolan\source\repos\AiDotNet\src\NeuralNetworks\DiffusionModel.cs(134,40): error CS1503: Argument 1: cannot convert from 'double' to 'AiDotNet.LinearAlgebra.Tensor<double>' [C:\Users\yolan\source\repos\AiDotNet\src\AiDotNet.csproj::TargetFramework=net462]
C:\Users\yolan\source\repos\AiDotNet\src\NeuralNetworks\DiffusionModel.cs(195,44): error CS1503: Argument 1: cannot convert from 'int[]' to 'int' [C:\Users\yolan\source\repos\AiDotNet\src\AiDotNet.csproj::TargetFramework=net462]
C:\Users\yolan\source\repos\AiDotNet\src\NeuralNetworks\DiffusionModel.cs(211,21): error CS1929: 'NeuralNetworkBase<double>' does not contain a definition for 'Backward' and the best extension method overload 'NeuralNetworkExtensions.Backward<Tensor<double>>(NeuralNetwork<Tensor<double>>, Tensor<double>)' requires a receiver of type 'AiDotNet.NeuralNetworks.NeuralNetwork<AiDotNet.LinearAlgebra.Tensor<double>>' [C:\Users\yolan\source\repos\AiDotNet\src\AiDotNet.csproj::TargetFramework=net462]
C:\Users\yolan\source\repos\AiDotNet\src\NeuralNetworks\DiffusionModel.cs(212,31): error CS1501: No overload for method 'Step' takes 2 arguments [C:\Users\yolan\source\repos\AiDotNet\src\AiDotNet.csproj::TargetFramework=net462]
C:\Users\yolan\source\repos\AiDotNet\src\NeuralNetworks\DiffusionModels\ScoreSDE.cs(194,40): error CS1503: Argument 1: cannot convert from 'int[]' to 'int' [C:\Users\yolan\source\repos\AiDotNet\src\AiDotNet.csproj::TargetFramework=net462]
C:\Users\yolan\source\repos\AiDotNet\src\NeuralNetworks\DiffusionModels\ScoreSDE.cs(215,21): error CS1929: 'NeuralNetworkBase<double>' does not contain a definition for 'Backward' and the best extension method overload 'NeuralNetworkExtensions.Backward<Tensor<double>>(NeuralNetwork<Tensor<double>>, Tensor<double>)' requires a receiver of type 'AiDotNet.NeuralNetworks.NeuralNetwork<AiDotNet.LinearAlgebra.Tensor<double>>' [C:\Users\yolan\source\repos\AiDotNet\src\AiDotNet.csproj::TargetFramework=net462]
C:\Users\yolan\source\repos\AiDotNet\src\NeuralNetworks\DiffusionModels\ScoreSDE.cs(216,31): error CS1501: No overload for method 'Step' takes 2 arguments [C:\Users\yolan\source\repos\AiDotNet\src\AiDotNet.csproj::TargetFramework=net462]
C:\Users\yolan\source\repos\AiDotNet\src\NeuralNetworks\DiffusionModels\ScoreSDE.cs(226,91): error CS0117: 'Tensor<double>' does not contain a definition for 'Zeros' [C:\Users\yolan\source\repos\AiDotNet\src\AiDotNet.csproj::TargetFramework=net462]
C:\Users\yolan\source\repos\AiDotNet\src\NeuralNetworks\DiffusionModels\ScoreSDE.cs(313,70): error CS0117: 'Tensor<double>' does not contain a definition for 'Zeros' [C:\Users\yolan\source\repos\AiDotNet\src\AiDotNet.csproj::TargetFramework=net462]
C:\Users\yolan\source\repos\AiDotNet\src\Deployment\CloudOptimizers\AWSOptimizer.cs(29,13): error CS0191: A readonly field cannot be assigned to (except in a constructor or init-only setter of the type in which the field is defined or a variable initializer) [C:\Users\yolan\source\repos\AiDotNet\src\AiDotNet.csproj::TargetFramework=net462]
C:\Users\yolan\source\repos\AiDotNet\src\Pipeline\PipelineSteps.cs(481,41): error CS1061: 'PredictionModelBuilder<double, Matrix<double>, Vector<double>>' does not contain a definition for 'BuildModel' and no accessible extension method 'BuildModel' accepting a first argument of type 'PredictionModelBuilder<double, Matrix<double>, Vector<double>>' could be found (are you missing a using directive or an assembly reference?) [C:\Users\yolan\source\repos\AiDotNet\src\AiDotNet.csproj::TargetFramework=net462]
C:\Users\yolan\source\repos\AiDotNet\src\NeuralNetworks\DiffusionModels\LatentDiffusionModel.cs(31,20): error CS1503: Argument 1: cannot convert from 'int' to 'AiDotNet.NeuralNetworks.NeuralNetworkArchitecture<double>' [C:\Users\yolan\source\repos\AiDotNet\src\AiDotNet.csproj::TargetFramework=net462]
C:\Users\yolan\source\repos\AiDotNet\src\NeuralNetworks\DiffusionModels\LatentDiffusionModel.cs(31,31): error CS1503: Argument 2: cannot convert from 'double' to 'int' [C:\Users\yolan\source\repos\AiDotNet\src\AiDotNet.csproj::TargetFramework=net462]
C:\Users\yolan\source\repos\AiDotNet\src\NeuralNetworks\DiffusionModels\LatentDiffusionModel.cs(31,47): error CS1503: Argument 4: cannot convert from 'string' to 'double' [C:\Users\yolan\source\repos\AiDotNet\src\AiDotNet.csproj::TargetFramework=net462]
C:\Users\yolan\source\repos\AiDotNet\src\Deployment\CloudOptimizers\AWSOptimizer.cs(193,24): error CS0117: 'File' does not contain a definition for 'WriteAllTextAsync' [C:\Users\yolan\source\repos\AiDotNet\src\AiDotNet.csproj::TargetFramework=net462]
C:\Users\yolan\source\repos\AiDotNet\src\Deployment\CloudOptimizers\AWSOptimizer.cs(199,24): error CS0117: 'File' does not contain a definition for 'WriteAllTextAsync' [C:\Users\yolan\source\repos\AiDotNet\src\AiDotNet.csproj::TargetFramework=net462]
C:\Users\yolan\source\repos\AiDotNet\src\Deployment\CloudOptimizers\AWSOptimizer.cs(205,24): error CS0117: 'File' does not contain a definition for 'WriteAllTextAsync' [C:\Users\yolan\source\repos\AiDotNet\src\AiDotNet.csproj::TargetFramework=net462]
C:\Users\yolan\source\repos\AiDotNet\src\NeuralNetworks\DiffusionModels\LatentDiffusionModel.cs(74,47): error CS0122: 'DiffusionModel.timesteps' is inaccessible due to its protection level [C:\Users\yolan\source\repos\AiDotNet\src\AiDotNet.csproj::TargetFramework=net462]
C:\Users\yolan\source\repos\AiDotNet\src\NeuralNetworks\DiffusionModels\LatentDiffusionModel.cs(80,43): error CS8600: Converting null literal or possible null value to non-nullable type. [C:\Users\yolan\source\repos\AiDotNet\src\AiDotNet.csproj::TargetFramework=net462]
C:\Users\yolan\source\repos\AiDotNet\src\NeuralNetworks\DiffusionModels\LatentDiffusionModel.cs(89,70): error CS8604: Possible null reference argument for parameter 'conditioning' in 'Tensor<double> LatentDiffusionModel.ReverseStepConditional(Tensor<double> x, int t, Tensor<double> conditioning, Random random)'. [C:\Users\yolan\source\repos\AiDotNet\src\AiDotNet.csproj::TargetFramework=net462]
C:\Users\yolan\source\repos\AiDotNet\src\Pipeline\PipelineConfigurations.cs(141,54): error CS8625: Cannot convert null literal to non-nullable reference type. [C:\Users\yolan\source\repos\AiDotNet\src\AiDotNet.csproj::TargetFramework=net462]
C:\Users\yolan\source\repos\AiDotNet\src\Pipeline\PipelineConfigurations.cs(71,83): error CS1061: 'OptimizationMode' does not contain a definition for 'Balanced' and no accessible extension method 'Balanced' accepting a first argument of type 'OptimizationMode' could be found (are you missing a using directive or an assembly reference?) [C:\Users\yolan\source\repos\AiDotNet\src\AiDotNet.csproj::TargetFramework=net462]
C:\Users\yolan\source\repos\AiDotNet\src\NeuralNetworks\DiffusionModels\LatentDiffusionModel.cs(107,68): error CS8604: Possible null reference argument for parameter 'conditioning' in 'Tensor<double> LatentDiffusionModel.GenerateConditional(int[] shape, Tensor<double> conditioning, int? seed)'. [C:\Users\yolan\source\repos\AiDotNet\src\AiDotNet.csproj::TargetFramework=net462]
C:\Users\yolan\source\repos\AiDotNet\src\NeuralNetworks\DiffusionModels\LatentDiffusionModel.cs(139,26): error CS0122: 'DiffusionModel.GenerateNoise(int[], Random)' is inaccessible due to its protection level [C:\Users\yolan\source\repos\AiDotNet\src\AiDotNet.csproj::TargetFramework=net462]
C:\Users\yolan\source\repos\AiDotNet\src\NeuralNetworks\DiffusionModels\LatentDiffusionModel.cs(145,26): error CS0122: 'DiffusionModel.timesteps' is inaccessible due to its protection level [C:\Users\yolan\source\repos\AiDotNet\src\AiDotNet.csproj::TargetFramework=net462]
C:\Users\yolan\source\repos\AiDotNet\src\Pipeline\MLPipeline.cs(46,32): error CS1061: 'IPipelineStep<double, Tensor<double>, Tensor<double>>' does not contain a definition for 'ExecuteAsync' and no accessible extension method 'ExecuteAsync' accepting a first argument of type 'IPipelineStep<double, Tensor<double>, Tensor<double>>' could be found (are you missing a using directive or an assembly reference?) [C:\Users\yolan\source\repos\AiDotNet\src\AiDotNet.csproj::TargetFramework=net462]
C:\Users\yolan\source\repos\AiDotNet\src\NeuralNetworks\DiffusionModels\LatentDiffusionModel.cs(162,68): error CS8625: Cannot convert null literal to non-nullable reference type. [C:\Users\yolan\source\repos\AiDotNet\src\AiDotNet.csproj::TargetFramework=net462]
C:\Users\yolan\source\repos\AiDotNet\src\Pipeline\MLPipelineBuilder.cs(50,23): error CS1503: Argument 1: cannot convert from 'AiDotNet.Pipeline.DataLoadingStep' to 'AiDotNet.Interfaces.IPipelineStep<double, AiDotNet.LinearAlgebra.Tensor<double>, AiDotNet.LinearAlgebra.Tensor<double>>' [C:\Users\yolan\source\repos\AiDotNet\src\AiDotNet.csproj::TargetFramework=net462]
C:\Users\yolan\source\repos\AiDotNet\src\NeuralNetworks\NeuralNetworkBase.cs(1470,57): error CS1503: Argument 2: cannot convert from 'AiDotNet.Enums.ActivationFunction' to 'int' [C:\Users\yolan\source\repos\AiDotNet\src\AiDotNet.csproj::TargetFramework=net462]
C:\Users\yolan\source\repos\AiDotNet\src\NeuralNetworks\DiffusionModels\LatentDiffusionModel.cs(180,41): error CS0122: 'DiffusionModel.noisePredictor' is inaccessible due to its protection level [C:\Users\yolan\source\repos\AiDotNet\src\AiDotNet.csproj::TargetFramework=net462]
C:\Users\yolan\source\repos\AiDotNet\src\NeuralNetworks\DiffusionModels\LatentDiffusionModel.cs(185,20): error CS0122: 'DiffusionModel.PredictNoise(Tensor<double>, Tensor<double>)' is inaccessible due to its protection level [C:\Users\yolan\source\repos\AiDotNet\src\AiDotNet.csproj::TargetFramework=net462]
C:\Users\yolan\source\repos\AiDotNet\src\NeuralNetworks\NeuralNetworkBase.cs(1483,25): error CS1729: 'ConvolutionalLayer<T>' does not contain a constructor that takes 4 arguments [C:\Users\yolan\source\repos\AiDotNet\src\AiDotNet.csproj::TargetFramework=net462]
C:\Users\yolan\source\repos\AiDotNet\src\Pipeline\MLPipelineBuilder.cs(60,23): error CS1503: Argument 1: cannot convert from 'AiDotNet.Pipeline.DataLoadingStep' to 'AiDotNet.Interfaces.IPipelineStep<double, AiDotNet.LinearAlgebra.Tensor<double>, AiDotNet.LinearAlgebra.Tensor<double>>' [C:\Users\yolan\source\repos\AiDotNet\src\AiDotNet.csproj::TargetFramework=net462]
C:\Users\yolan\source\repos\AiDotNet\src\Pipeline\MLPipelineBuilder.cs(71,23): error CS1503: Argument 1: cannot convert from 'AiDotNet.Pipeline.DataCleaningStep' to 'AiDotNet.Interfaces.IPipelineStep<double, AiDotNet.LinearAlgebra.Tensor<double>, AiDotNet.LinearAlgebra.Tensor<double>>' [C:\Users\yolan\source\repos\AiDotNet\src\AiDotNet.csproj::TargetFramework=net462]
C:\Users\yolan\source\repos\AiDotNet\src\NeuralNetworks\DiffusionModels\LatentDiffusionModel.cs(197,32): error CS0122: 'DiffusionModel.posteriorVariance' is inaccessible due to its protection level [C:\Users\yolan\source\repos\AiDotNet\src\AiDotNet.csproj::TargetFramework=net462]
C:\Users\yolan\source\repos\AiDotNet\src\NeuralNetworks\DiffusionModels\LatentDiffusionModel.cs(198,29): error CS0122: 'DiffusionModel.GenerateNoise(int[], Random)' is inaccessible due to its protection level [C:\Users\yolan\source\repos\AiDotNet\src\AiDotNet.csproj::TargetFramework=net462]
C:\Users\yolan\source\repos\AiDotNet\src\Pipeline\PipelineResult.cs(268,32): error CS0121: The call is ambiguous between the following methods or properties: 'System.Linq.LinqExtensions.ToDictionary<TSource, TKey, TValue>(System.Collections.Generic.IEnumerable<TSource>, System.Func<TSource, TKey>, System.Func<TSource, TValue>)' and 'System.Linq.Enumerable.ToDictionary<TSource, TKey, TElement>(System.Collections.Generic.IEnumerable<TSource>, System.Func<TSource, TKey>, System.Func<TSource, TElement>)' [C:\Users\yolan\source\repos\AiDotNet\src\AiDotNet.csproj::TargetFramework=net462]
C:\Users\yolan\source\repos\AiDotNet\src\NeuralNetworks\NeuralNetworkBase.cs(1492,25): error CS1729: 'LSTMLayer<T>' does not contain a constructor that takes 2 arguments [C:\Users\yolan\source\repos\AiDotNet\src\AiDotNet.csproj::TargetFramework=net462]
C:\Users\yolan\source\repos\AiDotNet\src\Pipeline\MLPipelineBuilder.cs(82,23): error CS1503: Argument 1: cannot convert from 'AiDotNet.Pipeline.FeatureEngineeringStep' to 'AiDotNet.Interfaces.IPipelineStep<double, AiDotNet.LinearAlgebra.Tensor<double>, AiDotNet.LinearAlgebra.Tensor<double>>' [C:\Users\yolan\source\repos\AiDotNet\src\AiDotNet.csproj::TargetFramework=net462]
C:\Users\yolan\source\repos\AiDotNet\src\Pipeline\MLPipelineBuilder.cs(91,23): error CS1503: Argument 1: cannot convert from 'AiDotNet.Pipeline.DataSplittingStep' to 'AiDotNet.Interfaces.IPipelineStep<double, AiDotNet.LinearAlgebra.Tensor<double>, AiDotNet.LinearAlgebra.Tensor<double>>' [C:\Users\yolan\source\repos\AiDotNet\src\AiDotNet.csproj::TargetFramework=net462]
C:\Users\yolan\source\repos\AiDotNet\src\NeuralNetworks\NeuralNetworkBase.cs(1510,25): error CS7036: There is no argument given that corresponds to the required parameter 'featureSize' of 'BatchNormalizationLayer<T>.BatchNormalizationLayer(int, double, double)' [C:\Users\yolan\source\repos\AiDotNet\src\AiDotNet.csproj::TargetFramework=net462]
C:\Users\yolan\source\repos\AiDotNet\src\Pipeline\PipelineSteps.cs(109,36): error CS0117: 'File' does not contain a definition for 'ReadAllLinesAsync' [C:\Users\yolan\source\repos\AiDotNet\src\AiDotNet.csproj::TargetFramework=net462]
C:\Users\yolan\source\repos\AiDotNet\src\Pipeline\PipelineSteps.cs(124,28): error CS0029: Cannot implicitly convert type 'AiDotNet.LinearAlgebra.Tensor<double>' to 'System.Collections.Generic.Dictionary<string, object>' [C:\Users\yolan\source\repos\AiDotNet\src\AiDotNet.csproj::TargetFramework=net462]
C:\Users\yolan\source\repos\AiDotNet\src\Pipeline\PipelineSteps.cs(125,21): error CS1061: 'PipelineContext<double, Tensor<double>, Tensor<double>>' does not contain a definition for 'Labels' and no accessible extension method 'Labels' accepting a first argument of type 'PipelineContext<double, Tensor<double>, Tensor<double>>' could be found (are you missing a using directive or an assembly reference?) [C:\Users\yolan\source\repos\AiDotNet\src\AiDotNet.csproj::TargetFramework=net462]
C:\Users\yolan\source\repos\AiDotNet\src\Pipeline\PipelineSteps.cs(132,21): error CS1501: No overload for method 'this' takes 2 arguments [C:\Users\yolan\source\repos\AiDotNet\src\AiDotNet.csproj::TargetFramework=net462]
C:\Users\yolan\source\repos\AiDotNet\src\Pipeline\PipelineSteps.cs(134,25): error CS1061: 'PipelineContext<double, Tensor<double>, Tensor<double>>' does not contain a definition for 'Labels' and no accessible extension method 'Labels' accepting a first argument of type 'PipelineContext<double, Tensor<double>, Tensor<double>>' could be found (are you missing a using directive or an assembly reference?) [C:\Users\yolan\source\repos\AiDotNet\src\AiDotNet.csproj::TargetFramework=net462]
C:\Users\yolan\source\repos\AiDotNet\src\NeuralNetworks\DiffusionModels\LatentDiffusionModel.cs(210,24): error CS0122: 'DiffusionModel.betas' is inaccessible due to its protection level [C:\Users\yolan\source\repos\AiDotNet\src\AiDotNet.csproj::TargetFramework=net462]
C:\Users\yolan\source\repos\AiDotNet\src\NeuralNetworks\DiffusionModels\LatentDiffusionModel.cs(211,25): error CS0122: 'DiffusionModel.alphas' is inaccessible due to its protection level [C:\Users\yolan\source\repos\AiDotNet\src\AiDotNet.csproj::TargetFramework=net462]
C:\Users\yolan\source\repos\AiDotNet\src\NeuralNetworks\DiffusionModels\LatentDiffusionModel.cs(212,32): error CS0122: 'DiffusionModel.alphasCumprod' is inaccessible due to its protection level [C:\Users\yolan\source\repos\AiDotNet\src\AiDotNet.csproj::TargetFramework=net462]
C:\Users\yolan\source\repos\AiDotNet\src\NeuralNetworks\DiffusionModels\LatentDiffusionModel.cs(213,37): error CS0122: 'DiffusionModel.sqrtOneMinusAlphasCumprod' is inaccessible due to its protection level [C:\Users\yolan\source\repos\AiDotNet\src\AiDotNet.csproj::TargetFramework=net462]
C:\Users\yolan\source\repos\AiDotNet\src\NeuralNetworks\DiffusionModels\LatentDiffusionModel.cs(216,28): error CS1503: Argument 1: cannot convert from 'double' to 'AiDotNet.LinearAlgebra.Tensor<double>' [C:\Users\yolan\source\repos\AiDotNet\src\AiDotNet.csproj::TargetFramework=net462]
C:\Users\yolan\source\repos\AiDotNet\src\Pipeline\PipelineOrchestrator.cs(280,56): error CS0121: The call is ambiguous between the following methods or properties: 'System.Linq.LinqExtensions.LastOrDefault<T>(System.Collections.Generic.IEnumerable<T>)' and 'System.Linq.Enumerable.LastOrDefault<TSource>(System.Collections.Generic.IEnumerable<TSource>)' [C:\Users\yolan\source\repos\AiDotNet\src\AiDotNet.csproj::TargetFramework=net462]
C:\Users\yolan\source\repos\AiDotNet\src\NeuralNetworks\NeuralNetworkBase.cs(1519,25): error CS7036: There is no argument given that corresponds to the required parameter 'poolSize' of 'MaxPoolingLayer<T>.MaxPoolingLayer(int[], int, int)' [C:\Users\yolan\source\repos\AiDotNet\src\AiDotNet.csproj::TargetFramework=net462]
C:\Users\yolan\source\repos\AiDotNet\src\Pipeline\MLPipelineBuilder.cs(102,23): error CS1503: Argument 1: cannot convert from 'AiDotNet.Pipeline.DataAugmentationStep' to 'AiDotNet.Interfaces.IPipelineStep<double, AiDotNet.LinearAlgebra.Tensor<double>, AiDotNet.LinearAlgebra.Tensor<double>>' [C:\Users\yolan\source\repos\AiDotNet\src\AiDotNet.csproj::TargetFramework=net462]
C:\Users\yolan\source\repos\AiDotNet\src\Pipeline\MLPipelineBuilder.cs(111,23): error CS1503: Argument 1: cannot convert from 'AiDotNet.Pipeline.NormalizationStep' to 'AiDotNet.Interfaces.IPipelineStep<double, AiDotNet.LinearAlgebra.Tensor<double>, AiDotNet.LinearAlgebra.Tensor<double>>' [C:\Users\yolan\source\repos\AiDotNet\src\AiDotNet.csproj::TargetFramework=net462]
C:\Users\yolan\source\repos\AiDotNet\src\NeuralNetworks\DiffusionModels\LatentDiffusionModel.cs(232,49): error CS1503: Argument 1: cannot convert from 'double' to 'AiDotNet.LinearAlgebra.Tensor<double>' [C:\Users\yolan\source\repos\AiDotNet\src\AiDotNet.csproj::TargetFramework=net462]
C:\Users\yolan\source\repos\AiDotNet\src\Pipeline\PipelineResult.cs(297,32): error CS0121: The call is ambiguous between the following methods or properties: 'System.Linq.LinqExtensions.ToDictionary<TSource, TKey, TValue>(System.Collections.Generic.IEnumerable<TSource>, System.Func<TSource, TKey>, System.Func<TSource, TValue>)' and 'System.Linq.Enumerable.ToDictionary<TSource, TKey, TElement>(System.Collections.Generic.IEnumerable<TSource>, System.Func<TSource, TKey>, System.Func<TSource, TElement>)' [C:\Users\yolan\source\repos\AiDotNet\src\AiDotNet.csproj::TargetFramework=net462]
C:\Users\yolan\source\repos\AiDotNet\src\NeuralNetworks\DiffusionModels\LatentDiffusionModel.cs(266,81): error CS1503: Argument 1: cannot convert from 'int' to 'AiDotNet.LinearAlgebra.Tensor<double>' [C:\Users\yolan\source\repos\AiDotNet\src\AiDotNet.csproj::TargetFramework=net462]
C:\Users\yolan\source\repos\AiDotNet\src\Pipeline\MLPipelineBuilder.cs(123,23): error CS1503: Argument 1: cannot convert from 'AiDotNet.Pipeline.ModelTrainingStep' to 'AiDotNet.Interfaces.IPipelineStep<double, AiDotNet.LinearAlgebra.Tensor<double>, AiDotNet.LinearAlgebra.Tensor<double>>' [C:\Users\yolan\source\repos\AiDotNet\src\AiDotNet.csproj::TargetFramework=net462]
C:\Users\yolan\source\repos\AiDotNet\src\Pipeline\MLPipelineBuilder.cs(135,23): error CS1503: Argument 1: cannot convert from 'AiDotNet.Pipeline.ModelTrainingStep' to 'AiDotNet.Interfaces.IPipelineStep<double, AiDotNet.LinearAlgebra.Tensor<double>, AiDotNet.LinearAlgebra.Tensor<double>>' [C:\Users\yolan\source\repos\AiDotNet\src\AiDotNet.csproj::TargetFramework=net462]
C:\Users\yolan\source\repos\AiDotNet\src\NeuralNetworks\DiffusionModels\LatentDiffusionModel.cs(273,19): error CS0122: 'DiffusionModel.PredictNoise(Tensor<double>, Tensor<double>)' is inaccessible due to its protection level [C:\Users\yolan\source\repos\AiDotNet\src\AiDotNet.csproj::TargetFramework=net462]
C:\Users\yolan\source\repos\AiDotNet\src\Pipeline\MLPipelineBuilder.cs(147,23): error CS1503: Argument 1: cannot convert from 'AiDotNet.Pipeline.ModelTrainingStep' to 'AiDotNet.Interfaces.IPipelineStep<double, AiDotNet.LinearAlgebra.Tensor<double>, AiDotNet.LinearAlgebra.Tensor<double>>' [C:\Users\yolan\source\repos\AiDotNet\src\AiDotNet.csproj::TargetFramework=net462]
C:\Users\yolan\source\repos\AiDotNet\src\NeuralNetworks\DiffusionModels\FlowMatchingModel.cs(49,13): error CS0118: 'ModelCategory' is a type but is used like a variable [C:\Users\yolan\source\repos\AiDotNet\src\AiDotNet.csproj::TargetFramework=net462]
C:\Users\yolan\source\repos\AiDotNet\src\Pipeline\MLPipelineBuilder.cs(158,23): error CS1503: Argument 1: cannot convert from 'AiDotNet.Pipeline.ModelTrainingStep' to 'AiDotNet.Interfaces.IPipelineStep<double, AiDotNet.LinearAlgebra.Tensor<double>, AiDotNet.LinearAlgebra.Tensor<double>>' [C:\Users\yolan\source\repos\AiDotNet\src\AiDotNet.csproj::TargetFramework=net462]
C:\Users\yolan\source\repos\AiDotNet\src\Pipeline\MLPipelineBuilder.cs(167,23): error CS1503: Argument 1: cannot convert from 'AiDotNet.Pipeline.CrossValidationStep' to 'AiDotNet.Interfaces.IPipelineStep<double, AiDotNet.LinearAlgebra.Tensor<double>, AiDotNet.LinearAlgebra.Tensor<double>>' [C:\Users\yolan\source\repos\AiDotNet\src\AiDotNet.csproj::TargetFramework=net462]
C:\Users\yolan\source\repos\AiDotNet\src\Pipeline\MLPipelineBuilder.cs(176,23): error CS1503: Argument 1: cannot convert from 'AiDotNet.Pipeline.EvaluationStep' to 'AiDotNet.Interfaces.IPipelineStep<double, AiDotNet.LinearAlgebra.Tensor<double>, AiDotNet.LinearAlgebra.Tensor<double>>' [C:\Users\yolan\source\repos\AiDotNet\src\AiDotNet.csproj::TargetFramework=net462]
C:\Users\yolan\source\repos\AiDotNet\src\Pipeline\MLPipelineBuilder.cs(187,23): error CS1503: Argument 1: cannot convert from 'AiDotNet.Pipeline.HyperparameterTuningStep' to 'AiDotNet.Interfaces.IPipelineStep<double, AiDotNet.LinearAlgebra.Tensor<double>, AiDotNet.LinearAlgebra.Tensor<double>>' [C:\Users\yolan\source\repos\AiDotNet\src\AiDotNet.csproj::TargetFramework=net462]
C:\Users\yolan\source\repos\AiDotNet\src\Pipeline\MLPipelineBuilder.cs(196,23): error CS1503: Argument 1: cannot convert from 'AiDotNet.Pipeline.InterpretabilityStep' to 'AiDotNet.Interfaces.IPipelineStep<double, AiDotNet.LinearAlgebra.Tensor<double>, AiDotNet.LinearAlgebra.Tensor<double>>' [C:\Users\yolan\source\repos\AiDotNet\src\AiDotNet.csproj::TargetFramework=net462]
C:\Users\yolan\source\repos\AiDotNet\src\Pipeline\MLPipelineBuilder.cs(205,23): error CS1503: Argument 1: cannot convert from 'AiDotNet.Pipeline.ModelCompressionStep' to 'AiDotNet.Interfaces.IPipelineStep<double, AiDotNet.LinearAlgebra.Tensor<double>, AiDotNet.LinearAlgebra.Tensor<double>>' [C:\Users\yolan\source\repos\AiDotNet\src\AiDotNet.csproj::TargetFramework=net462]
C:\Users\yolan\source\repos\AiDotNet\src\Pipeline\MLPipelineBuilder.cs(217,23): error CS1503: Argument 1: cannot convert from 'AiDotNet.Pipeline.DeploymentStep' to 'AiDotNet.Interfaces.IPipelineStep<double, AiDotNet.LinearAlgebra.Tensor<double>, AiDotNet.LinearAlgebra.Tensor<double>>' [C:\Users\yolan\source\repos\AiDotNet\src\AiDotNet.csproj::TargetFramework=net462]
C:\Users\yolan\source\repos\AiDotNet\src\Pipeline\MLPipelineBuilder.cs(228,23): error CS1503: Argument 1: cannot convert from 'AiDotNet.Pipeline.MonitoringStep' to 'AiDotNet.Interfaces.IPipelineStep<double, AiDotNet.LinearAlgebra.Tensor<double>, AiDotNet.LinearAlgebra.Tensor<double>>' [C:\Users\yolan\source\repos\AiDotNet\src\AiDotNet.csproj::TargetFramework=net462]
C:\Users\yolan\source\repos\AiDotNet\src\NeuralNetworks\DiffusionModels\FlowMatchingModel.cs(86,40): error CS1503: Argument 1: cannot convert from 'int[]' to 'int' [C:\Users\yolan\source\repos\AiDotNet\src\AiDotNet.csproj::TargetFramework=net462]
C:\Users\yolan\source\repos\AiDotNet\src\NeuralNetworks\DiffusionModels\FlowMatchingModel.cs(108,21): error CS1929: 'NeuralNetworkBase<double>' does not contain a definition for 'Backward' and the best extension method overload 'NeuralNetworkExtensions.Backward<Tensor<double>>(NeuralNetwork<Tensor<double>>, Tensor<double>)' requires a receiver of type 'AiDotNet.NeuralNetworks.NeuralNetwork<AiDotNet.LinearAlgebra.Tensor<double>>' [C:\Users\yolan\source\repos\AiDotNet\src\AiDotNet.csproj::TargetFramework=net462]
C:\Users\yolan\source\repos\AiDotNet\src\NeuralNetworks\DiffusionModels\FlowMatchingModel.cs(109,31): error CS1501: No overload for method 'Step' takes 2 arguments [C:\Users\yolan\source\repos\AiDotNet\src\AiDotNet.csproj::TargetFramework=net462]
C:\Users\yolan\source\repos\AiDotNet\src\Pipeline\MLPipelineBuilder.cs(237,23): error CS1503: Argument 1: cannot convert from 'AiDotNet.Pipeline.ABTestingStep' to 'AiDotNet.Interfaces.IPipelineStep<double, AiDotNet.LinearAlgebra.Tensor<double>, AiDotNet.LinearAlgebra.Tensor<double>>' [C:\Users\yolan\source\repos\AiDotNet\src\AiDotNet.csproj::TargetFramework=net462]
C:\Users\yolan\source\repos\AiDotNet\src\Pipeline\MLPipelineBuilder.cs(265,75): error CS1503: Argument 1: cannot convert from 'AiDotNet.Pipeline.PipelineConfiguration' to 'System.Collections.Generic.List<AiDotNet.Interfaces.IPipelineStep<double, AiDotNet.LinearAlgebra.Tensor<double>, AiDotNet.LinearAlgebra.Tensor<double>>>' [C:\Users\yolan\source\repos\AiDotNet\src\AiDotNet.csproj::TargetFramework=net462]
C:\Users\yolan\source\repos\AiDotNet\src\Pipeline\MLPipelineBuilder.cs(265,90): error CS1503: Argument 2: cannot convert from 'System.Collections.Generic.List<AiDotNet.Interfaces.IPipelineStep<double, AiDotNet.LinearAlgebra.Tensor<double>, AiDotNet.LinearAlgebra.Tensor<double>>>' to 'AiDotNet.Pipeline.PipelineConfiguration' [C:\Users\yolan\source\repos\AiDotNet\src\AiDotNet.csproj::TargetFramework=net462]
C:\Users\yolan\source\repos\AiDotNet\src\Pipeline\MLPipelineBuilder.cs(274,20): error CS0029: Cannot implicitly convert type 'AiDotNet.Pipeline.PipelineExecutionResult<double, AiDotNet.LinearAlgebra.Matrix<double>, AiDotNet.LinearAlgebra.Vector<double>>' to 'AiDotNet.Pipeline.PipelineResult' [C:\Users\yolan\source\repos\AiDotNet\src\AiDotNet.csproj::TargetFramework=net462]
C:\Users\yolan\source\repos\AiDotNet\src\Pipeline\MLPipelineBuilder.cs(283,29): error CS1061: 'MLPipeline<double, Matrix<double>, Vector<double>>' does not contain a definition for 'Run' and no accessible extension method 'Run' accepting a first argument of type 'MLPipeline<double, Matrix<double>, Vector<double>>' could be found (are you missing a using directive or an assembly reference?) [C:\Users\yolan\source\repos\AiDotNet\src\AiDotNet.csproj::TargetFramework=net462]
C:\Users\yolan\source\repos\AiDotNet\src\Pipeline\PipelineBranch.cs(389,38): error CS1061: 'Dictionary<string, object>' does not contain a definition for 'GetValueOrDefault' and no accessible extension method 'GetValueOrDefault' accepting a first argument of type 'Dictionary<string, object>' could be found (are you missing a using directive or an assembly reference?) [C:\Users\yolan\source\repos\AiDotNet\src\AiDotNet.csproj::TargetFramework=net462]
C:\Users\yolan\source\repos\AiDotNet\src\Pipeline\PipelineBranch.cs(519,40): error CS1061: 'Dictionary<string, object>' does not contain a definition for 'GetValueOrDefault' and no accessible extension method 'GetValueOrDefault' accepting a first argument of type 'Dictionary<string, object>' could be found (are you missing a using directive or an assembly reference?) [C:\Users\yolan\source\repos\AiDotNet\src\AiDotNet.csproj::TargetFramework=net462]
C:\Users\yolan\source\repos\AiDotNet\src\Pipeline\PipelineBranch.cs(543,41): error CS1061: 'Dictionary<string, object>' does not contain a definition for 'GetValueOrDefault' and no accessible extension method 'GetValueOrDefault' accepting a first argument of type 'Dictionary<string, object>' could be found (are you missing a using directive or an assembly reference?) [C:\Users\yolan\source\repos\AiDotNet\src\AiDotNet.csproj::TargetFramework=net462]
C:\Users\yolan\source\repos\AiDotNet\src\NeuralNetworks\DiffusionModels\FlowMatchingModel.cs(283,40): error CS1503: Argument 1: cannot convert from 'int[]' to 'int' [C:\Users\yolan\source\repos\AiDotNet\src\AiDotNet.csproj::TargetFramework=net462]
C:\Users\yolan\source\repos\AiDotNet\src\NeuralNetworks\DiffusionModels\FlowMatchingModel.cs(288,27): error CS1503: Argument 1: cannot convert from '(AiDotNet.LinearAlgebra.Tensor<double>, ?)' to '(AiDotNet.LinearAlgebra.Tensor<double>, AiDotNet.LinearAlgebra.Tensor<double>)' [C:\Users\yolan\source\repos\AiDotNet\src\AiDotNet.csproj::TargetFramework=net462]
C:\Users\yolan\source\repos\AiDotNet\src\NeuralNetworks\DiffusionModels\FlowMatchingModel.cs(334,21): error CS1929: 'NeuralNetworkBase<double>' does not contain a definition for 'Backward' and the best extension method overload 'NeuralNetworkExtensions.Backward<Tensor<double>>(NeuralNetwork<Tensor<double>>, Tensor<double>)' requires a receiver of type 'AiDotNet.NeuralNetworks.NeuralNetwork<AiDotNet.LinearAlgebra.Tensor<double>>' [C:\Users\yolan\source\repos\AiDotNet\src\AiDotNet.csproj::TargetFramework=net462]
C:\Users\yolan\source\repos\AiDotNet\src\NeuralNetworks\DiffusionModels\FlowMatchingModel.cs(335,31): error CS1501: No overload for method 'Step' takes 2 arguments [C:\Users\yolan\source\repos\AiDotNet\src\AiDotNet.csproj::TargetFramework=net462]
C:\Users\yolan\source\repos\AiDotNet\src\NeuralNetworks\DiffusionModels\DDIMModel.cs(25,20): error CS1503: Argument 1: cannot convert from 'int' to 'AiDotNet.NeuralNetworks.NeuralNetworkArchitecture<double>' [C:\Users\yolan\source\repos\AiDotNet\src\AiDotNet.csproj::TargetFramework=net462]
C:\Users\yolan\source\repos\AiDotNet\src\NeuralNetworks\DiffusionModels\DDIMModel.cs(25,31): error CS1503: Argument 2: cannot convert from 'double' to 'int' [C:\Users\yolan\source\repos\AiDotNet\src\AiDotNet.csproj::TargetFramework=net462]
C:\Users\yolan\source\repos\AiDotNet\src\NeuralNetworks\DiffusionModels\DDIMModel.cs(25,51): error CS1503: Argument 4: cannot convert from 'string' to 'double' [C:\Users\yolan\source\repos\AiDotNet\src\AiDotNet.csproj::TargetFramework=net462]
C:\Users\yolan\source\repos\AiDotNet\src\NeuralNetworks\DiffusionModels\DDIMModel.cs(39,26): error CS0122: 'DiffusionModel.GenerateNoise(int[], Random)' is inaccessible due to its protection level [C:\Users\yolan\source\repos\AiDotNet\src\AiDotNet.csproj::TargetFramework=net462]
C:\Users\yolan\source\repos\AiDotNet\src\NeuralNetworks\DiffusionModels\DDIMModel.cs(42,54): error CS0122: 'DiffusionModel.timesteps' is inaccessible due to its protection level [C:\Users\yolan\source\repos\AiDotNet\src\AiDotNet.csproj::TargetFramework=net462]
C:\Users\yolan\source\repos\AiDotNet\src\NeuralNetworks\DiffusionModels\DDIMModel.cs(62,34): error CS0122: 'DiffusionModel.PredictNoise(Tensor<double>, Tensor<double>)' is inaccessible due to its protection level [C:\Users\yolan\source\repos\AiDotNet\src\AiDotNet.csproj::TargetFramework=net462]
C:\Users\yolan\source\repos\AiDotNet\src\NeuralNetworks\DiffusionModels\DDIMModel.cs(65,32): error CS0122: 'DiffusionModel.alphasCumprod' is inaccessible due to its protection level [C:\Users\yolan\source\repos\AiDotNet\src\AiDotNet.csproj::TargetFramework=net462]
C:\Users\yolan\source\repos\AiDotNet\src\NeuralNetworks\DiffusionModels\DDIMModel.cs(66,48): error CS0122: 'DiffusionModel.alphasCumprod' is inaccessible due to its protection level [C:\Users\yolan\source\repos\AiDotNet\src\AiDotNet.csproj::TargetFramework=net462]
C:\Users\yolan\source\repos\AiDotNet\src\NeuralNetworks\DiffusionModels\DDIMModel.cs(70,34): error CS1503: Argument 1: cannot convert from 'double' to 'AiDotNet.LinearAlgebra.Tensor<double>' [C:\Users\yolan\source\repos\AiDotNet\src\AiDotNet.csproj::TargetFramework=net462]
C:\Users\yolan\source\repos\AiDotNet\src\NeuralNetworks\DiffusionModels\DDIMModel.cs(87,29): error CS0122: 'DiffusionModel.GenerateNoise(int[], Random)' is inaccessible due to its protection level [C:\Users\yolan\source\repos\AiDotNet\src\AiDotNet.csproj::TargetFramework=net462]
C:\Users\yolan\source\repos\AiDotNet\src\NeuralNetworks\DiffusionModels\ConsistencyModel.cs(135,44): error CS1503: Argument 1: cannot convert from 'int[]' to 'int' [C:\Users\yolan\source\repos\AiDotNet\src\AiDotNet.csproj::TargetFramework=net462]
C:\Users\yolan\source\repos\AiDotNet\src\NeuralNetworks\DiffusionModels\ConsistencyModel.cs(161,21): error CS1929: 'NeuralNetworkBase<double>' does not contain a definition for 'Backward' and the best extension method overload 'NeuralNetworkExtensions.Backward<Tensor<double>>(NeuralNetwork<Tensor<double>>, Tensor<double>)' requires a receiver of type 'AiDotNet.NeuralNetworks.NeuralNetwork<AiDotNet.LinearAlgebra.Tensor<double>>' [C:\Users\yolan\source\repos\AiDotNet\src\AiDotNet.csproj::TargetFramework=net462]
C:\Users\yolan\source\repos\AiDotNet\src\NeuralNetworks\DiffusionModels\ConsistencyModel.cs(162,31): error CS1501: No overload for method 'Step' takes 2 arguments [C:\Users\yolan\source\repos\AiDotNet\src\AiDotNet.csproj::TargetFramework=net462]
C:\Users\yolan\source\repos\AiDotNet\src\NeuralNetworks\DiffusionModels\ConsistencyModel.cs(183,44): error CS1503: Argument 1: cannot convert from 'int[]' to 'int' [C:\Users\yolan\source\repos\AiDotNet\src\AiDotNet.csproj::TargetFramework=net462]
C:\Users\yolan\source\repos\AiDotNet\src\NeuralNetworks\DiffusionModels\ConsistencyModel.cs(211,68): error CS1061: 'Tensor<double>' does not contain a definition for 'Detach' and no accessible extension method 'Detach' accepting a first argument of type 'Tensor<double>' could be found (are you missing a using directive or an assembly reference?) [C:\Users\yolan\source\repos\AiDotNet\src\AiDotNet.csproj::TargetFramework=net462]
C:\Users\yolan\source\repos\AiDotNet\src\NeuralNetworks\DiffusionModels\ConsistencyModel.cs(212,21): error CS1929: 'NeuralNetworkBase<double>' does not contain a definition for 'Backward' and the best extension method overload 'NeuralNetworkExtensions.Backward<Tensor<double>>(NeuralNetwork<Tensor<double>>, Tensor<double>)' requires a receiver of type 'AiDotNet.NeuralNetworks.NeuralNetwork<AiDotNet.LinearAlgebra.Tensor<double>>' [C:\Users\yolan\source\repos\AiDotNet\src\AiDotNet.csproj::TargetFramework=net462]
C:\Users\yolan\source\repos\AiDotNet\src\NeuralNetworks\DiffusionModels\ConsistencyModel.cs(213,31): error CS1501: No overload for method 'Step' takes 2 arguments [C:\Users\yolan\source\repos\AiDotNet\src\AiDotNet.csproj::TargetFramework=net462]
C:\Users\yolan\source\repos\AiDotNet\src\Pipeline\PipelineSteps.cs(27,28): error CS0414: The field 'DataLoadingStep.loadedData' is assigned but its value is never used [C:\Users\yolan\source\repos\AiDotNet\src\AiDotNet.csproj::TargetFramework=net462]
    4 Warning(s)
    1185 Error(s)

Time Elapsed 00:02:35.97
