  Determining projects to restore...
  All projects are up-to-date for restore.
  AiDotNetBenchmarkTests -> C:\Users\cheat\source\repos\worktrees\pr-481-1763014665\AiDotNetBenchmarkTests\bin\Debug\net8.0\AiDotNetBenchmarkTests.dll
  AiDotNetBenchmarkTests -> C:\Users\cheat\source\repos\worktrees\pr-481-1763014665\AiDotNetBenchmarkTests\bin\Debug\net462\AiDotNetBenchmarkTests.exe
C:\Users\cheat\source\repos\worktrees\pr-481-1763014665\src\NeuralNetworks\FeedForwardNeuralNetwork.cs(320,44): error CS1061: 'NeuralNetworkArchitecture<T>' does not contain a definition for 'NeuralNetworkTaskType' and no accessible extension method 'NeuralNetworkTaskType' accepting a first argument of type 'NeuralNetworkArchitecture<T>' could be found (are you missing a using directive or an assembly reference?) [C:\Users\cheat\source\repos\worktrees\pr-481-1763014665\src\AiDotNet.csproj::TargetFramework=net462]
C:\Users\cheat\source\repos\worktrees\pr-481-1763014665\src\Models\NeuralNetworkModel.cs(669,44): error CS1061: 'NeuralNetworkArchitecture<T>' does not contain a definition for 'NeuralNetworkTaskType' and no accessible extension method 'NeuralNetworkTaskType' accepting a first argument of type 'NeuralNetworkArchitecture<T>' could be found (are you missing a using directive or an assembly reference?) [C:\Users\cheat\source\repos\worktrees\pr-481-1763014665\src\AiDotNet.csproj::TargetFramework=net462]
C:\Users\cheat\source\repos\worktrees\pr-481-1763014665\src\Models\Options\TRPOOptions.cs(52,68): error CS0246: The type or namespace name 'MeanSquaredError<>' could not be found (are you missing a using directive or an assembly reference?) [C:\Users\cheat\source\repos\worktrees\pr-481-1763014665\src\AiDotNet.csproj::TargetFramework=net462]
C:\Users\cheat\source\repos\worktrees\pr-481-1763014665\src\NeuralNetworks\NeuralNetwork.cs(324,44): error CS1061: 'NeuralNetworkArchitecture<T>' does not contain a definition for 'NeuralNetworkTaskType' and no accessible extension method 'NeuralNetworkTaskType' accepting a first argument of type 'NeuralNetworkArchitecture<T>' could be found (are you missing a using directive or an assembly reference?) [C:\Users\cheat\source\repos\worktrees\pr-481-1763014665\src\AiDotNet.csproj::TargetFramework=net462]
C:\Users\cheat\source\repos\worktrees\pr-481-1763014665\src\Models\Options\TBATSModelOptions.cs(206,50): error CS0029: Cannot implicitly convert type 'System.Collections.Generic.List<int>' to 'int[]' [C:\Users\cheat\source\repos\worktrees\pr-481-1763014665\src\AiDotNet.csproj::TargetFramework=net462]
C:\Users\cheat\source\repos\worktrees\pr-481-1763014665\src\Models\Options\STLDecompositionOptions.cs(688,45): error CS0029: Cannot implicitly convert type 'System.Collections.Generic.List<int>' to 'System.DateTime[]' [C:\Users\cheat\source\repos\worktrees\pr-481-1763014665\src\AiDotNet.csproj::TargetFramework=net462]
C:\Users\cheat\source\repos\worktrees\pr-481-1763014665\src\Models\Options\STLDecompositionOptions.cs(985,61): error CS0029: Cannot implicitly convert type 'System.Collections.Generic.List<int>' to 'System.Collections.Generic.Dictionary<System.DateTime, T>' [C:\Users\cheat\source\repos\worktrees\pr-481-1763014665\src\AiDotNet.csproj::TargetFramework=net462]
C:\Users\cheat\source\repos\worktrees\pr-481-1763014665\src\NeuralNetworks\MixtureOfExpertsNeuralNetwork.cs(457,44): error CS1061: 'NeuralNetworkArchitecture<T>' does not contain a definition for 'NeuralNetworkTaskType' and no accessible extension method 'NeuralNetworkTaskType' accepting a first argument of type 'NeuralNetworkArchitecture<T>' could be found (are you missing a using directive or an assembly reference?) [C:\Users\cheat\source\repos\worktrees\pr-481-1763014665\src\AiDotNet.csproj::TargetFramework=net462]
C:\Users\cheat\source\repos\worktrees\pr-481-1763014665\src\Models\Options\A2COptions.cs(36,67): error CS0246: The type or namespace name 'MeanSquaredError<>' could not be found (are you missing a using directive or an assembly reference?) [C:\Users\cheat\source\repos\worktrees\pr-481-1763014665\src\AiDotNet.csproj::TargetFramework=net462]
C:\Users\cheat\source\repos\worktrees\pr-481-1763014665\src\Models\Options\SACOptions.cs(139,63): error CS0246: The type or namespace name 'MeanSquaredError<>' could not be found (are you missing a using directive or an assembly reference?) [C:\Users\cheat\source\repos\worktrees\pr-481-1763014665\src\AiDotNet.csproj::TargetFramework=net462]
C:\Users\cheat\source\repos\worktrees\pr-481-1763014665\src\Models\Options\ProphetOptions.cs(161,52): error CS0029: Cannot implicitly convert type 'System.Collections.Generic.List<int>' to 'System.Collections.Generic.List<System.DateTime>' [C:\Users\cheat\source\repos\worktrees\pr-481-1763014665\src\AiDotNet.csproj::TargetFramework=net462]
C:\Users\cheat\source\repos\worktrees\pr-481-1763014665\src\Models\Options\ProphetOptions.cs(653,49): error CS0029: Cannot implicitly convert type 'System.Collections.Generic.List<int>' to 'System.Collections.Generic.List<T>' [C:\Users\cheat\source\repos\worktrees\pr-481-1763014665\src\AiDotNet.csproj::TargetFramework=net462]
C:\Users\cheat\source\repos\worktrees\pr-481-1763014665\src\Models\Options\PPOOptions.cs(142,67): error CS0246: The type or namespace name 'MeanSquaredError<>' could not be found (are you missing a using directive or an assembly reference?) [C:\Users\cheat\source\repos\worktrees\pr-481-1763014665\src\AiDotNet.csproj::TargetFramework=net462]
C:\Users\cheat\source\repos\worktrees\pr-481-1763014665\src\Models\Options\InterventionAnalysisOptions.cs(116,65): error CS0029: Cannot implicitly convert type 'System.Collections.Generic.List<int>' to 'System.Collections.Generic.List<AiDotNet.Models.InterventionInfo>' [C:\Users\cheat\source\repos\worktrees\pr-481-1763014665\src\AiDotNet.csproj::TargetFramework=net462]
C:\Users\cheat\source\repos\worktrees\pr-481-1763014665\src\Models\Options\IQLOptions.cs(48,63): error CS0246: The type or namespace name 'MeanSquaredError<>' could not be found (are you missing a using directive or an assembly reference?) [C:\Users\cheat\source\repos\worktrees\pr-481-1763014665\src\AiDotNet.csproj::TargetFramework=net462]
C:\Users\cheat\source\repos\worktrees\pr-481-1763014665\src\Models\Options\EnsembleFitDetectorOptions.cs(35,57): error CS0029: Cannot implicitly convert type 'System.Collections.Generic.List<int>' to 'System.Collections.Generic.List<double>' [C:\Users\cheat\source\repos\worktrees\pr-481-1763014665\src\AiDotNet.csproj::TargetFramework=net462]
C:\Users\cheat\source\repos\worktrees\pr-481-1763014665\src\Models\Options\DQNOptions.cs(22,62): error CS0246: The type or namespace name 'MeanSquaredError<>' could not be found (are you missing a using directive or an assembly reference?) [C:\Users\cheat\source\repos\worktrees\pr-481-1763014665\src\AiDotNet.csproj::TargetFramework=net462]
C:\Users\cheat\source\repos\worktrees\pr-481-1763014665\src\Models\Options\DuelingDQNOptions.cs(15,62): error CS0246: The type or namespace name 'MeanSquaredError<>' could not be found (are you missing a using directive or an assembly reference?) [C:\Users\cheat\source\repos\worktrees\pr-481-1763014665\src\AiDotNet.csproj::TargetFramework=net462]
C:\Users\cheat\source\repos\worktrees\pr-481-1763014665\src\Models\Options\DoubleDQNOptions.cs(15,62): error CS0246: The type or namespace name 'MeanSquaredError<>' could not be found (are you missing a using directive or an assembly reference?) [C:\Users\cheat\source\repos\worktrees\pr-481-1763014665\src\AiDotNet.csproj::TargetFramework=net462]
C:\Users\cheat\source\repos\worktrees\pr-481-1763014665\src\Models\Options\CQLOptions.cs(52,63): error CS0246: The type or namespace name 'MeanSquaredError<>' could not be found (are you missing a using directive or an assembly reference?) [C:\Users\cheat\source\repos\worktrees\pr-481-1763014665\src\AiDotNet.csproj::TargetFramework=net462]
C:\Users\cheat\source\repos\worktrees\pr-481-1763014665\src\Models\Options\A3COptions.cs(46,68): error CS0246: The type or namespace name 'MeanSquaredError<>' could not be found (are you missing a using directive or an assembly reference?) [C:\Users\cheat\source\repos\worktrees\pr-481-1763014665\src\AiDotNet.csproj::TargetFramework=net462]
C:\Users\cheat\source\repos\worktrees\pr-481-1763014665\src\PredictionModelBuilder.cs(690,13): error CS1739: The best overload for 'OptimizationResult' does not have a parameter named 'bestModel' [C:\Users\cheat\source\repos\worktrees\pr-481-1763014665\src\AiDotNet.csproj::TargetFramework=net462]
C:\Users\cheat\source\repos\worktrees\pr-481-1763014665\src\PredictionModelBuilder.cs(590,66): error CS1998: This async method lacks 'await' operators and will run synchronously. Consider using the 'await' operator to await non-blocking API calls, or 'await Task.Run(...)' to do CPU-bound work on a background thread. [C:\Users\cheat\source\repos\worktrees\pr-481-1763014665\src\AiDotNet.csproj::TargetFramework=net462]
C:\Users\cheat\source\repos\worktrees\pr-481-1763014665\src\ReinforcementLearning\Environments\CartPoleEnvironment.cs(167,9): error CS0191: A readonly field cannot be assigned to (except in a constructor or init-only setter of the type in which the field is defined or a variable initializer) [C:\Users\cheat\source\repos\worktrees\pr-481-1763014665\src\AiDotNet.csproj::TargetFramework=net462]
C:\Users\cheat\source\repos\worktrees\pr-481-1763014665\src\ReinforcementLearning\Agents\WorldModels\WorldModelsAgent.cs(57,62): error CS1729: 'DeepReinforcementLearningAgentBase<T>' does not contain a constructor that takes 2 arguments [C:\Users\cheat\source\repos\worktrees\pr-481-1763014665\src\AiDotNet.csproj::TargetFramework=net462]
C:\Users\cheat\source\repos\worktrees\pr-481-1763014665\src\ReinforcementLearning\Agents\WorldModels\WorldModelsAgent.cs(57,12): error CS8618: Non-nullable field '_vaeEncoder' must contain a non-null value when exiting constructor. Consider adding the 'required' modifier or declaring the field as nullable. [C:\Users\cheat\source\repos\worktrees\pr-481-1763014665\src\AiDotNet.csproj::TargetFramework=net462]
C:\Users\cheat\source\repos\worktrees\pr-481-1763014665\src\ReinforcementLearning\Agents\WorldModels\WorldModelsAgent.cs(57,12): error CS8618: Non-nullable field '_vaeDecoder' must contain a non-null value when exiting constructor. Consider adding the 'required' modifier or declaring the field as nullable. [C:\Users\cheat\source\repos\worktrees\pr-481-1763014665\src\AiDotNet.csproj::TargetFramework=net462]
C:\Users\cheat\source\repos\worktrees\pr-481-1763014665\src\ReinforcementLearning\Agents\WorldModels\WorldModelsAgent.cs(57,12): error CS8618: Non-nullable field '_rnnNetwork' must contain a non-null value when exiting constructor. Consider adding the 'required' modifier or declaring the field as nullable. [C:\Users\cheat\source\repos\worktrees\pr-481-1763014665\src\AiDotNet.csproj::TargetFramework=net462]
C:\Users\cheat\source\repos\worktrees\pr-481-1763014665\src\ReinforcementLearning\Agents\WorldModels\WorldModelsAgent.cs(57,12): error CS8618: Non-nullable field '_rnnHiddenState' must contain a non-null value when exiting constructor. Consider adding the 'required' modifier or declaring the field as nullable. [C:\Users\cheat\source\repos\worktrees\pr-481-1763014665\src\AiDotNet.csproj::TargetFramework=net462]
C:\Users\cheat\source\repos\worktrees\pr-481-1763014665\src\ReinforcementLearning\Agents\WorldModels\WorldModelsAgent.cs(57,12): error CS8618: Non-nullable field '_controllerWeights' must contain a non-null value when exiting constructor. Consider adding the 'required' modifier or declaring the field as nullable. [C:\Users\cheat\source\repos\worktrees\pr-481-1763014665\src\AiDotNet.csproj::TargetFramework=net462]
C:\Users\cheat\source\repos\worktrees\pr-481-1763014665\src\ReinforcementLearning\Agents\WorldModels\WorldModelsAgent.cs(57,12): error CS8618: Non-nullable field '_replayBuffer' must contain a non-null value when exiting constructor. Consider adding the 'required' modifier or declaring the field as nullable. [C:\Users\cheat\source\repos\worktrees\pr-481-1763014665\src\AiDotNet.csproj::TargetFramework=net462]
C:\Users\cheat\source\repos\worktrees\pr-481-1763014665\src\ReinforcementLearning\Agents\WorldModels\WorldModelsAgent.cs(100,27): error CS7036: There is no argument given that corresponds to the required parameter 'architecture' of 'NeuralNetwork<T>.NeuralNetwork(NeuralNetworkArchitecture<T>, ILossFunction<T>?)' [C:\Users\cheat\source\repos\worktrees\pr-481-1763014665\src\AiDotNet.csproj::TargetFramework=net462]
C:\Users\cheat\source\repos\worktrees\pr-481-1763014665\src\ReinforcementLearning\Agents\WorldModels\WorldModelsAgent.cs(106,21): error CS7036: There is no argument given that corresponds to the required parameter 'units' of 'NeuralNetworkBase<T>.AddLayer(LayerType, int, ActivationFunction)' [C:\Users\cheat\source\repos\worktrees\pr-481-1763014665\src\AiDotNet.csproj::TargetFramework=net462]
C:\Users\cheat\source\repos\worktrees\pr-481-1763014665\src\ReinforcementLearning\Agents\WorldModels\WorldModelsAgent.cs(107,57): error CS0246: The type or namespace name 'ReLU<>' could not be found (are you missing a using directive or an assembly reference?) [C:\Users\cheat\source\repos\worktrees\pr-481-1763014665\src\AiDotNet.csproj::TargetFramework=net462]
C:\Users\cheat\source\repos\worktrees\pr-481-1763014665\src\ReinforcementLearning\Agents\WorldModels\WorldModelsAgent.cs(107,34): error CS1729: 'ActivationLayer<T>' does not contain a constructor that takes 1 arguments [C:\Users\cheat\source\repos\worktrees\pr-481-1763014665\src\AiDotNet.csproj::TargetFramework=net462]
C:\Users\cheat\source\repos\worktrees\pr-481-1763014665\src\ReinforcementLearning\Agents\WorldModels\WorldModelsAgent.cs(111,17): error CS7036: There is no argument given that corresponds to the required parameter 'units' of 'NeuralNetworkBase<T>.AddLayer(LayerType, int, ActivationFunction)' [C:\Users\cheat\source\repos\worktrees\pr-481-1763014665\src\AiDotNet.csproj::TargetFramework=net462]
C:\Users\cheat\source\repos\worktrees\pr-481-1763014665\src\ReinforcementLearning\Agents\WorldModels\WorldModelsAgent.cs(118,27): error CS7036: There is no argument given that corresponds to the required parameter 'architecture' of 'NeuralNetwork<T>.NeuralNetwork(NeuralNetworkArchitecture<T>, ILossFunction<T>?)' [C:\Users\cheat\source\repos\worktrees\pr-481-1763014665\src\AiDotNet.csproj::TargetFramework=net462]
C:\Users\cheat\source\repos\worktrees\pr-481-1763014665\src\ReinforcementLearning\Agents\WorldModels\WorldModelsAgent.cs(127,21): error CS7036: There is no argument given that corresponds to the required parameter 'units' of 'NeuralNetworkBase<T>.AddLayer(LayerType, int, ActivationFunction)' [C:\Users\cheat\source\repos\worktrees\pr-481-1763014665\src\AiDotNet.csproj::TargetFramework=net462]
C:\Users\cheat\source\repos\worktrees\pr-481-1763014665\src\ReinforcementLearning\Agents\WorldModels\WorldModelsAgent.cs(128,57): error CS0246: The type or namespace name 'ReLU<>' could not be found (are you missing a using directive or an assembly reference?) [C:\Users\cheat\source\repos\worktrees\pr-481-1763014665\src\AiDotNet.csproj::TargetFramework=net462]
C:\Users\cheat\source\repos\worktrees\pr-481-1763014665\src\ReinforcementLearning\Agents\WorldModels\WorldModelsAgent.cs(128,34): error CS1729: 'ActivationLayer<T>' does not contain a constructor that takes 1 arguments [C:\Users\cheat\source\repos\worktrees\pr-481-1763014665\src\AiDotNet.csproj::TargetFramework=net462]
C:\Users\cheat\source\repos\worktrees\pr-481-1763014665\src\ReinforcementLearning\Agents\WorldModels\WorldModelsAgent.cs(132,17): error CS7036: There is no argument given that corresponds to the required parameter 'units' of 'NeuralNetworkBase<T>.AddLayer(LayerType, int, ActivationFunction)' [C:\Users\cheat\source\repos\worktrees\pr-481-1763014665\src\AiDotNet.csproj::TargetFramework=net462]
C:\Users\cheat\source\repos\worktrees\pr-481-1763014665\src\ReinforcementLearning\Agents\WorldModels\WorldModelsAgent.cs(133,53): error CS0246: The type or namespace name 'Sigmoid<>' could not be found (are you missing a using directive or an assembly reference?) [C:\Users\cheat\source\repos\worktrees\pr-481-1763014665\src\AiDotNet.csproj::TargetFramework=net462]
C:\Users\cheat\source\repos\worktrees\pr-481-1763014665\src\ReinforcementLearning\Agents\WorldModels\WorldModelsAgent.cs(133,30): error CS1729: 'ActivationLayer<T>' does not contain a constructor that takes 1 arguments [C:\Users\cheat\source\repos\worktrees\pr-481-1763014665\src\AiDotNet.csproj::TargetFramework=net462]
C:\Users\cheat\source\repos\worktrees\pr-481-1763014665\src\ReinforcementLearning\Agents\WorldModels\WorldModelsAgent.cs(141,27): error CS7036: There is no argument given that corresponds to the required parameter 'architecture' of 'NeuralNetwork<T>.NeuralNetwork(NeuralNetworkArchitecture<T>, ILossFunction<T>?)' [C:\Users\cheat\source\repos\worktrees\pr-481-1763014665\src\AiDotNet.csproj::TargetFramework=net462]
C:\Users\cheat\source\repos\worktrees\pr-481-1763014665\src\ReinforcementLearning\Agents\WorldModels\WorldModelsAgent.cs(144,17): error CS7036: There is no argument given that corresponds to the required parameter 'units' of 'NeuralNetworkBase<T>.AddLayer(LayerType, int, ActivationFunction)' [C:\Users\cheat\source\repos\worktrees\pr-481-1763014665\src\AiDotNet.csproj::TargetFramework=net462]
C:\Users\cheat\source\repos\worktrees\pr-481-1763014665\src\ReinforcementLearning\Agents\WorldModels\WorldModelsAgent.cs(145,53): error CS0246: The type or namespace name 'Tanh<>' could not be found (are you missing a using directive or an assembly reference?) [C:\Users\cheat\source\repos\worktrees\pr-481-1763014665\src\AiDotNet.csproj::TargetFramework=net462]
C:\Users\cheat\source\repos\worktrees\pr-481-1763014665\src\ReinforcementLearning\Agents\WorldModels\WorldModelsAgent.cs(145,30): error CS1729: 'ActivationLayer<T>' does not contain a constructor that takes 1 arguments [C:\Users\cheat\source\repos\worktrees\pr-481-1763014665\src\AiDotNet.csproj::TargetFramework=net462]
C:\Users\cheat\source\repos\worktrees\pr-481-1763014665\src\ReinforcementLearning\Agents\WorldModels\WorldModelsAgent.cs(146,17): error CS7036: There is no argument given that corresponds to the required parameter 'units' of 'NeuralNetworkBase<T>.AddLayer(LayerType, int, ActivationFunction)' [C:\Users\cheat\source\repos\worktrees\pr-481-1763014665\src\AiDotNet.csproj::TargetFramework=net462]
C:\Users\cheat\source\repos\worktrees\pr-481-1763014665\src\ReinforcementLearning\Agents\WorldModels\WorldModelsAgent.cs(159,41): error CS1061: 'NeuralNetwork<T>' does not contain a definition for 'Forward' and no accessible extension method 'Forward' accepting a first argument of type 'NeuralNetwork<T>' could be found (are you missing a using directive or an assembly reference?) [C:\Users\cheat\source\repos\worktrees\pr-481-1763014665\src\AiDotNet.csproj::TargetFramework=net462]
C:\Users\cheat\source\repos\worktrees\pr-481-1763014665\src\ReinforcementLearning\Agents\WorldModels\WorldModelsAgent.cs(179,45): error CS1503: Argument 1: cannot convert from 'AiDotNet.LinearAlgebra.Vector<T>' to 'AiDotNet.LinearAlgebra.Tensor<T>' [C:\Users\cheat\source\repos\worktrees\pr-481-1763014665\src\AiDotNet.csproj::TargetFramework=net462]
C:\Users\cheat\source\repos\worktrees\pr-481-1763014665\src\ReinforcementLearning\Agents\WorldModels\WorldModelsAgent.cs(193,23): error CS1501: No overload for method 'Add' takes 5 arguments [C:\Users\cheat\source\repos\worktrees\pr-481-1763014665\src\AiDotNet.csproj::TargetFramework=net462]
C:\Users\cheat\source\repos\worktrees\pr-481-1763014665\src\ReinforcementLearning\Agents\WorldModels\WorldModelsAgent.cs(236,45): error CS1061: 'NeuralNetwork<T>' does not contain a definition for 'Forward' and no accessible extension method 'Forward' accepting a first argument of type 'NeuralNetwork<T>' could be found (are you missing a using directive or an assembly reference?) [C:\Users\cheat\source\repos\worktrees\pr-481-1763014665\src\AiDotNet.csproj::TargetFramework=net462]
C:\Users\cheat\source\repos\worktrees\pr-481-1763014665\src\ReinforcementLearning\Agents\WorldModels\WorldModelsAgent.cs(244,46): error CS1061: 'NeuralNetwork<T>' does not contain a definition for 'Forward' and no accessible extension method 'Forward' accepting a first argument of type 'NeuralNetwork<T>' could be found (are you missing a using directive or an assembly reference?) [C:\Users\cheat\source\repos\worktrees\pr-481-1763014665\src\AiDotNet.csproj::TargetFramework=net462]
C:\Users\cheat\source\repos\worktrees\pr-481-1763014665\src\ReinforcementLearning\Agents\WorldModels\WorldModelsAgent.cs(274,39): error CS1503: Argument 1: cannot convert from 'AiDotNet.LinearAlgebra.Vector<T>' to 'AiDotNet.LinearAlgebra.Tensor<T>' [C:\Users\cheat\source\repos\worktrees\pr-481-1763014665\src\AiDotNet.csproj::TargetFramework=net462]
C:\Users\cheat\source\repos\worktrees\pr-481-1763014665\src\ReinforcementLearning\Agents\WorldModels\WorldModelsAgent.cs(275,42): error CS1503: Argument 1: cannot convert from 'T' to 'AiDotNet.LinearAlgebra.Vector<T>' [C:\Users\cheat\source\repos\worktrees\pr-481-1763014665\src\AiDotNet.csproj::TargetFramework=net462]
C:\Users\cheat\source\repos\worktrees\pr-481-1763014665\src\ReinforcementLearning\Agents\WorldModels\WorldModelsAgent.cs(277,42): error CS1503: Argument 1: cannot convert from 'T' to 'AiDotNet.LinearAlgebra.Vector<T>' [C:\Users\cheat\source\repos\worktrees\pr-481-1763014665\src\AiDotNet.csproj::TargetFramework=net462]
C:\Users\cheat\source\repos\worktrees\pr-481-1763014665\src\ReinforcementLearning\Agents\WorldModels\WorldModelsAgent.cs(291,57): error CS1061: 'NeuralNetwork<T>' does not contain a definition for 'Forward' and no accessible extension method 'Forward' accepting a first argument of type 'NeuralNetwork<T>' could be found (are you missing a using directive or an assembly reference?) [C:\Users\cheat\source\repos\worktrees\pr-481-1763014665\src\AiDotNet.csproj::TargetFramework=net462]
C:\Users\cheat\source\repos\worktrees\pr-481-1763014665\src\ReinforcementLearning\Agents\WorldModels\WorldModelsAgent.cs(292,54): error CS1061: 'NeuralNetwork<T>' does not contain a definition for 'Forward' and no accessible extension method 'Forward' accepting a first argument of type 'NeuralNetwork<T>' could be found (are you missing a using directive or an assembly reference?) [C:\Users\cheat\source\repos\worktrees\pr-481-1763014665\src\AiDotNet.csproj::TargetFramework=net462]
C:\Users\cheat\source\repos\worktrees\pr-481-1763014665\src\ReinforcementLearning\Agents\WorldModels\WorldModelsAgent.cs(296,49): error CS1503: Argument 1: cannot convert from 'AiDotNet.LinearAlgebra.Vector<T>' to 'AiDotNet.LinearAlgebra.Tensor<T>' [C:\Users\cheat\source\repos\worktrees\pr-481-1763014665\src\AiDotNet.csproj::TargetFramework=net462]
C:\Users\cheat\source\repos\worktrees\pr-481-1763014665\src\ReinforcementLearning\Agents\WorldModels\WorldModelsAgent.cs(322,39): error CS1503: Argument 1: cannot convert from 'AiDotNet.LinearAlgebra.Vector<T>' to 'AiDotNet.LinearAlgebra.Tensor<T>' [C:\Users\cheat\source\repos\worktrees\pr-481-1763014665\src\AiDotNet.csproj::TargetFramework=net462]
C:\Users\cheat\source\repos\worktrees\pr-481-1763014665\src\ReinforcementLearning\Agents\WorldModels\WorldModelsAgent.cs(323,42): error CS1503: Argument 1: cannot convert from 'T' to 'AiDotNet.LinearAlgebra.Vector<T>' [C:\Users\cheat\source\repos\worktrees\pr-481-1763014665\src\AiDotNet.csproj::TargetFramework=net462]
C:\Users\cheat\source\repos\worktrees\pr-481-1763014665\src\ReinforcementLearning\Agents\WorldModels\WorldModelsAgent.cs(436,25): error CS0029: Cannot implicitly convert type 'string' to 'AiDotNet.Enums.ModelType' [C:\Users\cheat\source\repos\worktrees\pr-481-1763014665\src\AiDotNet.csproj::TargetFramework=net462]
C:\Users\cheat\source\repos\worktrees\pr-481-1763014665\src\ReinforcementLearning\Agents\WorldModels\WorldModelsAgent.cs(505,41): error CS1061: 'ILossFunction<T>' does not contain a definition for 'ComputeGradient' and no accessible extension method 'ComputeGradient' accepting a first argument of type 'ILossFunction<T>' could be found (are you missing a using directive or an assembly reference?) [C:\Users\cheat\source\repos\worktrees\pr-481-1763014665\src\AiDotNet.csproj::TargetFramework=net462]
C:\Users\cheat\source\repos\worktrees\pr-481-1763014665\src\ReinforcementLearning\Agents\WorldModels\WorldModelsAgent.cs(513,25): error CS1061: 'INeuralNetwork<T>' does not contain a definition for 'Backpropagate' and no accessible extension method 'Backpropagate' accepting a first argument of type 'INeuralNetwork<T>' could be found (are you missing a using directive or an assembly reference?) [C:\Users\cheat\source\repos\worktrees\pr-481-1763014665\src\AiDotNet.csproj::TargetFramework=net462]
C:\Users\cheat\source\repos\worktrees\pr-481-1763014665\src\ReinforcementLearning\Agents\WorldModels\WorldModelsAgent.cs(514,42): error CS1503: Argument 1: cannot convert from 'T' to 'AiDotNet.LinearAlgebra.Vector<T>' [C:\Users\cheat\source\repos\worktrees\pr-481-1763014665\src\AiDotNet.csproj::TargetFramework=net462]
C:\Users\cheat\source\repos\worktrees\pr-481-1763014665\src\ReinforcementLearning\Agents\TRPO\TRPOAgent.cs(51,12): error CS8618: Non-nullable field '_policyNetwork' must contain a non-null value when exiting constructor. Consider adding the 'required' modifier or declaring the field as nullable. [C:\Users\cheat\source\repos\worktrees\pr-481-1763014665\src\AiDotNet.csproj::TargetFramework=net462]
C:\Users\cheat\source\repos\worktrees\pr-481-1763014665\src\ReinforcementLearning\Agents\TRPO\TRPOAgent.cs(51,12): error CS8618: Non-nullable field '_oldPolicyNetwork' must contain a non-null value when exiting constructor. Consider adding the 'required' modifier or declaring the field as nullable. [C:\Users\cheat\source\repos\worktrees\pr-481-1763014665\src\AiDotNet.csproj::TargetFramework=net462]
C:\Users\cheat\source\repos\worktrees\pr-481-1763014665\src\ReinforcementLearning\Agents\TRPO\TRPOAgent.cs(51,12): error CS8618: Non-nullable field '_valueNetwork' must contain a non-null value when exiting constructor. Consider adding the 'required' modifier or declaring the field as nullable. [C:\Users\cheat\source\repos\worktrees\pr-481-1763014665\src\AiDotNet.csproj::TargetFramework=net462]
C:\Users\cheat\source\repos\worktrees\pr-481-1763014665\src\ReinforcementLearning\Agents\TRPO\TRPOAgent.cs(86,32): error CS1729: 'NeuralNetworkArchitecture<T>' does not contain a constructor that takes 0 arguments [C:\Users\cheat\source\repos\worktrees\pr-481-1763014665\src\AiDotNet.csproj::TargetFramework=net462]
C:\Users\cheat\source\repos\worktrees\pr-481-1763014665\src\ReinforcementLearning\Agents\TRPO\TRPOAgent.cs(88,13): error CS0200: Property or indexer 'NeuralNetworkArchitecture<T>.TaskType' cannot be assigned to -- it is read only [C:\Users\cheat\source\repos\worktrees\pr-481-1763014665\src\AiDotNet.csproj::TargetFramework=net462]
C:\Users\cheat\source\repos\worktrees\pr-481-1763014665\src\ReinforcementLearning\Agents\TRPO\TRPOAgent.cs(106,32): error CS1061: 'DenseLayer<T>' does not contain a definition for 'GetWeights' and no accessible extension method 'GetWeights' accepting a first argument of type 'DenseLayer<T>' could be found (are you missing a using directive or an assembly reference?) [C:\Users\cheat\source\repos\worktrees\pr-481-1763014665\src\AiDotNet.csproj::TargetFramework=net462]
C:\Users\cheat\source\repos\worktrees\pr-481-1763014665\src\ReinforcementLearning\Agents\TRPO\TRPOAgent.cs(113,9): error CS0200: Property or indexer 'NeuralNetworkArchitecture<T>.Layers' cannot be assigned to -- it is read only [C:\Users\cheat\source\repos\worktrees\pr-481-1763014665\src\AiDotNet.csproj::TargetFramework=net462]
C:\Users\cheat\source\repos\worktrees\pr-481-1763014665\src\ReinforcementLearning\Agents\TRPO\TRPOAgent.cs(119,32): error CS1729: 'NeuralNetworkArchitecture<T>' does not contain a constructor that takes 0 arguments [C:\Users\cheat\source\repos\worktrees\pr-481-1763014665\src\AiDotNet.csproj::TargetFramework=net462]
C:\Users\cheat\source\repos\worktrees\pr-481-1763014665\src\ReinforcementLearning\Agents\TRPO\TRPOAgent.cs(121,13): error CS0200: Property or indexer 'NeuralNetworkArchitecture<T>.TaskType' cannot be assigned to -- it is read only [C:\Users\cheat\source\repos\worktrees\pr-481-1763014665\src\AiDotNet.csproj::TargetFramework=net462]
C:\Users\cheat\source\repos\worktrees\pr-481-1763014665\src\ReinforcementLearning\Agents\TRPO\TRPOAgent.cs(131,9): error CS0200: Property or indexer 'NeuralNetworkArchitecture<T>.Layers' cannot be assigned to -- it is read only [C:\Users\cheat\source\repos\worktrees\pr-481-1763014665\src\AiDotNet.csproj::TargetFramework=net462]
C:\Users\cheat\source\repos\worktrees\pr-481-1763014665\src\ReinforcementLearning\Agents\TRPO\TRPOAgent.cs(137,51): error CS1503: Argument 1: cannot convert from 'AiDotNet.LinearAlgebra.Vector<T>' to 'AiDotNet.LinearAlgebra.Tensor<T>' [C:\Users\cheat\source\repos\worktrees\pr-481-1763014665\src\AiDotNet.csproj::TargetFramework=net462]
C:\Users\cheat\source\repos\worktrees\pr-481-1763014665\src\ReinforcementLearning\Agents\TRPO\TRPOAgent.cs(171,41): error CS1503: Argument 1: cannot convert from 'AiDotNet.LinearAlgebra.Tensor<T>' to 'AiDotNet.LinearAlgebra.Vector<T>' [C:\Users\cheat\source\repos\worktrees\pr-481-1763014665\src\AiDotNet.csproj::TargetFramework=net462]
C:\Users\cheat\source\repos\worktrees\pr-481-1763014665\src\ReinforcementLearning\Agents\TRPO\TRPOAgent.cs(242,18): error CS8132: Cannot deconstruct a tuple of '5' elements into '4' variables. [C:\Users\cheat\source\repos\worktrees\pr-481-1763014665\src\AiDotNet.csproj::TargetFramework=net462]
C:\Users\cheat\source\repos\worktrees\pr-481-1763014665\src\ReinforcementLearning\Agents\TRPO\TRPOAgent.cs(247,46): error CS1503: Argument 1: cannot convert from 'AiDotNet.LinearAlgebra.Vector<T>' to 'AiDotNet.LinearAlgebra.Tensor<T>' [C:\Users\cheat\source\repos\worktrees\pr-481-1763014665\src\AiDotNet.csproj::TargetFramework=net462]
C:\Users\cheat\source\repos\worktrees\pr-481-1763014665\src\ReinforcementLearning\Agents\TRPO\TRPOAgent.cs(309,60): error CS1503: Argument 1: cannot convert from 'AiDotNet.LinearAlgebra.Vector<T>' to 'AiDotNet.LinearAlgebra.Tensor<T>' [C:\Users\cheat\source\repos\worktrees\pr-481-1763014665\src\AiDotNet.csproj::TargetFramework=net462]
C:\Users\cheat\source\repos\worktrees\pr-481-1763014665\src\ReinforcementLearning\Agents\TRPO\TRPOAgent.cs(315,31): error CS1061: 'INeuralNetwork<T>' does not contain a definition for 'Backpropagate' and no accessible extension method 'Backpropagate' accepting a first argument of type 'INeuralNetwork<T>' could be found (are you missing a using directive or an assembly reference?) [C:\Users\cheat\source\repos\worktrees\pr-481-1763014665\src\AiDotNet.csproj::TargetFramework=net462]
C:\Users\cheat\source\repos\worktrees\pr-481-1763014665\src\ReinforcementLearning\Agents\TRPO\TRPOAgent.cs(316,48): error CS1503: Argument 1: cannot convert from 'T' to 'AiDotNet.LinearAlgebra.Vector<T>' [C:\Users\cheat\source\repos\worktrees\pr-481-1763014665\src\AiDotNet.csproj::TargetFramework=net462]
C:\Users\cheat\source\repos\worktrees\pr-481-1763014665\src\ReinforcementLearning\Agents\TRPO\TRPOAgent.cs(334,55): error CS1503: Argument 1: cannot convert from 'AiDotNet.LinearAlgebra.Vector<T>' to 'AiDotNet.LinearAlgebra.Tensor<T>' [C:\Users\cheat\source\repos\worktrees\pr-481-1763014665\src\AiDotNet.csproj::TargetFramework=net462]
C:\Users\cheat\source\repos\worktrees\pr-481-1763014665\src\ReinforcementLearning\Agents\TRPO\TRPOAgent.cs(335,61): error CS1503: Argument 1: cannot convert from 'AiDotNet.LinearAlgebra.Vector<T>' to 'AiDotNet.LinearAlgebra.Tensor<T>' [C:\Users\cheat\source\repos\worktrees\pr-481-1763014665\src\AiDotNet.csproj::TargetFramework=net462]
C:\Users\cheat\source\repos\worktrees\pr-481-1763014665\src\ReinforcementLearning\Agents\TRPO\TRPOAgent.cs(338,32): error CS1503: Argument 1: cannot convert from 'AiDotNet.LinearAlgebra.Tensor<T>' to 'AiDotNet.LinearAlgebra.Vector<T>' [C:\Users\cheat\source\repos\worktrees\pr-481-1763014665\src\AiDotNet.csproj::TargetFramework=net462]
C:\Users\cheat\source\repos\worktrees\pr-481-1763014665\src\ReinforcementLearning\Agents\TRPO\TRPOAgent.cs(338,46): error CS1503: Argument 2: cannot convert from 'AiDotNet.LinearAlgebra.Tensor<T>' to 'AiDotNet.LinearAlgebra.Vector<T>' [C:\Users\cheat\source\repos\worktrees\pr-481-1763014665\src\AiDotNet.csproj::TargetFramework=net462]
C:\Users\cheat\source\repos\worktrees\pr-481-1763014665\src\ReinforcementLearning\Agents\TRPO\TRPOAgent.cs(345,62): error CS1503: Argument 1: cannot convert from 'AiDotNet.LinearAlgebra.Tensor<T>' to 'AiDotNet.LinearAlgebra.Vector<T>' [C:\Users\cheat\source\repos\worktrees\pr-481-1763014665\src\AiDotNet.csproj::TargetFramework=net462]
C:\Users\cheat\source\repos\worktrees\pr-481-1763014665\src\ReinforcementLearning\Agents\TRPO\TRPOAgent.cs(345,76): error CS1503: Argument 2: cannot convert from 'AiDotNet.LinearAlgebra.Tensor<T>' to 'AiDotNet.LinearAlgebra.Vector<T>' [C:\Users\cheat\source\repos\worktrees\pr-481-1763014665\src\AiDotNet.csproj::TargetFramework=net462]
C:\Users\cheat\source\repos\worktrees\pr-481-1763014665\src\ReinforcementLearning\Agents\TRPO\TRPOAgent.cs(348,64): error CS1503: Argument 1: cannot convert from 'AiDotNet.LinearAlgebra.Tensor<T>' to 'AiDotNet.LinearAlgebra.Vector<T>' [C:\Users\cheat\source\repos\worktrees\pr-481-1763014665\src\AiDotNet.csproj::TargetFramework=net462]
C:\Users\cheat\source\repos\worktrees\pr-481-1763014665\src\ReinforcementLearning\Agents\TRPO\TRPOAgent.cs(349,32): error CS1061: 'INeuralNetwork<T>' does not contain a definition for 'Backpropagate' and no accessible extension method 'Backpropagate' accepting a first argument of type 'INeuralNetwork<T>' could be found (are you missing a using directive or an assembly reference?) [C:\Users\cheat\source\repos\worktrees\pr-481-1763014665\src\AiDotNet.csproj::TargetFramework=net462]
C:\Users\cheat\source\repos\worktrees\pr-481-1763014665\src\ReinforcementLearning\Agents\TRPO\TRPOAgent.cs(575,25): error CS0029: Cannot implicitly convert type 'string' to 'AiDotNet.Enums.ModelType' [C:\Users\cheat\source\repos\worktrees\pr-481-1763014665\src\AiDotNet.csproj::TargetFramework=net462]
C:\Users\cheat\source\repos\worktrees\pr-481-1763014665\src\ReinforcementLearning\Agents\TRPO\TRPOAgent.cs(674,51): error CS1503: Argument 1: cannot convert from 'AiDotNet.LinearAlgebra.Matrix<T>' to 'AiDotNet.LinearAlgebra.Vector<T>' [C:\Users\cheat\source\repos\worktrees\pr-481-1763014665\src\AiDotNet.csproj::TargetFramework=net462]
C:\Users\cheat\source\repos\worktrees\pr-481-1763014665\src\ReinforcementLearning\Agents\TRPO\TRPOAgent.cs(674,88): error CS1503: Argument 2: cannot convert from 'AiDotNet.LinearAlgebra.Matrix<T>' to 'AiDotNet.LinearAlgebra.Vector<T>' [C:\Users\cheat\source\repos\worktrees\pr-481-1763014665\src\AiDotNet.csproj::TargetFramework=net462]
C:\Users\cheat\source\repos\worktrees\pr-481-1763014665\src\ReinforcementLearning\Agents\TRPO\TRPOAgent.cs(676,67): error CS1503: Argument 1: cannot convert from 'AiDotNet.LinearAlgebra.Matrix<T>' to 'AiDotNet.LinearAlgebra.Vector<T>' [C:\Users\cheat\source\repos\worktrees\pr-481-1763014665\src\AiDotNet.csproj::TargetFramework=net462]
C:\Users\cheat\source\repos\worktrees\pr-481-1763014665\src\ReinforcementLearning\Agents\TRPO\TRPOAgent.cs(676,104): error CS1503: Argument 2: cannot convert from 'AiDotNet.LinearAlgebra.Matrix<T>' to 'AiDotNet.LinearAlgebra.Vector<T>' [C:\Users\cheat\source\repos\worktrees\pr-481-1763014665\src\AiDotNet.csproj::TargetFramework=net462]
C:\Users\cheat\source\repos\worktrees\pr-481-1763014665\src\ReinforcementLearning\Agents\TRPO\TRPOAgent.cs(677,53): error CS1061: 'Vector<T>' does not contain a definition for 'GetRow' and no accessible extension method 'GetRow' accepting a first argument of type 'Vector<T>' could be found (are you missing a using directive or an assembly reference?) [C:\Users\cheat\source\repos\worktrees\pr-481-1763014665\src\AiDotNet.csproj::TargetFramework=net462]
C:\Users\cheat\source\repos\worktrees\pr-481-1763014665\src\ReinforcementLearning\Agents\TRPO\TRPOAgent.cs(683,24): error CS1061: 'INeuralNetwork<T>' does not contain a definition for 'Backpropagate' and no accessible extension method 'Backpropagate' accepting a first argument of type 'INeuralNetwork<T>' could be found (are you missing a using directive or an assembly reference?) [C:\Users\cheat\source\repos\worktrees\pr-481-1763014665\src\AiDotNet.csproj::TargetFramework=net462]
C:\Users\cheat\source\repos\worktrees\pr-481-1763014665\src\ReinforcementLearning\Agents\TRPO\TRPOAgent.cs(684,41): error CS1503: Argument 1: cannot convert from 'T' to 'AiDotNet.LinearAlgebra.Vector<T>' [C:\Users\cheat\source\repos\worktrees\pr-481-1763014665\src\AiDotNet.csproj::TargetFramework=net462]
C:\Users\cheat\source\repos\worktrees\pr-481-1763014665\src\ReinforcementLearning\Agents\TD3\TD3Agent.cs(57,46): error CS1729: 'DeepReinforcementLearningAgentBase<T>' does not contain a constructor that takes 2 arguments [C:\Users\cheat\source\repos\worktrees\pr-481-1763014665\src\AiDotNet.csproj::TargetFramework=net462]
C:\Users\cheat\source\repos\worktrees\pr-481-1763014665\src\ReinforcementLearning\Agents\TD3\TD3Agent.cs(57,12): error CS8618: Non-nullable field '_actorNetwork' must contain a non-null value when exiting constructor. Consider adding the 'required' modifier or declaring the field as nullable. [C:\Users\cheat\source\repos\worktrees\pr-481-1763014665\src\AiDotNet.csproj::TargetFramework=net462]
C:\Users\cheat\source\repos\worktrees\pr-481-1763014665\src\ReinforcementLearning\Agents\TD3\TD3Agent.cs(57,12): error CS8618: Non-nullable field '_targetActorNetwork' must contain a non-null value when exiting constructor. Consider adding the 'required' modifier or declaring the field as nullable. [C:\Users\cheat\source\repos\worktrees\pr-481-1763014665\src\AiDotNet.csproj::TargetFramework=net462]
C:\Users\cheat\source\repos\worktrees\pr-481-1763014665\src\ReinforcementLearning\Agents\TD3\TD3Agent.cs(57,12): error CS8618: Non-nullable field '_critic1Network' must contain a non-null value when exiting constructor. Consider adding the 'required' modifier or declaring the field as nullable. [C:\Users\cheat\source\repos\worktrees\pr-481-1763014665\src\AiDotNet.csproj::TargetFramework=net462]
C:\Users\cheat\source\repos\worktrees\pr-481-1763014665\src\ReinforcementLearning\Agents\TD3\TD3Agent.cs(57,12): error CS8618: Non-nullable field '_critic2Network' must contain a non-null value when exiting constructor. Consider adding the 'required' modifier or declaring the field as nullable. [C:\Users\cheat\source\repos\worktrees\pr-481-1763014665\src\AiDotNet.csproj::TargetFramework=net462]
C:\Users\cheat\source\repos\worktrees\pr-481-1763014665\src\ReinforcementLearning\Agents\TD3\TD3Agent.cs(57,12): error CS8618: Non-nullable field '_targetCritic1Network' must contain a non-null value when exiting constructor. Consider adding the 'required' modifier or declaring the field as nullable. [C:\Users\cheat\source\repos\worktrees\pr-481-1763014665\src\AiDotNet.csproj::TargetFramework=net462]
C:\Users\cheat\source\repos\worktrees\pr-481-1763014665\src\ReinforcementLearning\Agents\TD3\TD3Agent.cs(57,12): error CS8618: Non-nullable field '_targetCritic2Network' must contain a non-null value when exiting constructor. Consider adding the 'required' modifier or declaring the field as nullable. [C:\Users\cheat\source\repos\worktrees\pr-481-1763014665\src\AiDotNet.csproj::TargetFramework=net462]
C:\Users\cheat\source\repos\worktrees\pr-481-1763014665\src\ReinforcementLearning\Agents\TD3\TD3Agent.cs(57,12): error CS8618: Non-nullable field '_replayBuffer' must contain a non-null value when exiting constructor. Consider adding the 'required' modifier or declaring the field as nullable. [C:\Users\cheat\source\repos\worktrees\pr-481-1763014665\src\AiDotNet.csproj::TargetFramework=net462]
C:\Users\cheat\source\repos\worktrees\pr-481-1763014665\src\ReinforcementLearning\Agents\TD3\TD3Agent.cs(88,27): error CS7036: There is no argument given that corresponds to the required parameter 'architecture' of 'NeuralNetwork<T>.NeuralNetwork(NeuralNetworkArchitecture<T>, ILossFunction<T>?)' [C:\Users\cheat\source\repos\worktrees\pr-481-1763014665\src\AiDotNet.csproj::TargetFramework=net462]
C:\Users\cheat\source\repos\worktrees\pr-481-1763014665\src\ReinforcementLearning\Agents\TD3\TD3Agent.cs(93,21): error CS7036: There is no argument given that corresponds to the required parameter 'units' of 'NeuralNetworkBase<T>.AddLayer(LayerType, int, ActivationFunction)' [C:\Users\cheat\source\repos\worktrees\pr-481-1763014665\src\AiDotNet.csproj::TargetFramework=net462]
C:\Users\cheat\source\repos\worktrees\pr-481-1763014665\src\ReinforcementLearning\Agents\TD3\TD3Agent.cs(94,57): error CS0246: The type or namespace name 'ReLU<>' could not be found (are you missing a using directive or an assembly reference?) [C:\Users\cheat\source\repos\worktrees\pr-481-1763014665\src\AiDotNet.csproj::TargetFramework=net462]
C:\Users\cheat\source\repos\worktrees\pr-481-1763014665\src\ReinforcementLearning\Agents\TD3\TD3Agent.cs(94,34): error CS1729: 'ActivationLayer<T>' does not contain a constructor that takes 1 arguments [C:\Users\cheat\source\repos\worktrees\pr-481-1763014665\src\AiDotNet.csproj::TargetFramework=net462]
C:\Users\cheat\source\repos\worktrees\pr-481-1763014665\src\ReinforcementLearning\Agents\TD3\TD3Agent.cs(98,17): error CS7036: There is no argument given that corresponds to the required parameter 'units' of 'NeuralNetworkBase<T>.AddLayer(LayerType, int, ActivationFunction)' [C:\Users\cheat\source\repos\worktrees\pr-481-1763014665\src\AiDotNet.csproj::TargetFramework=net462]
C:\Users\cheat\source\repos\worktrees\pr-481-1763014665\src\ReinforcementLearning\Agents\TD3\TD3Agent.cs(99,53): error CS0246: The type or namespace name 'Tanh<>' could not be found (are you missing a using directive or an assembly reference?) [C:\Users\cheat\source\repos\worktrees\pr-481-1763014665\src\AiDotNet.csproj::TargetFramework=net462]
C:\Users\cheat\source\repos\worktrees\pr-481-1763014665\src\ReinforcementLearning\Agents\TD3\TD3Agent.cs(99,30): error CS1729: 'ActivationLayer<T>' does not contain a constructor that takes 1 arguments [C:\Users\cheat\source\repos\worktrees\pr-481-1763014665\src\AiDotNet.csproj::TargetFramework=net462]
C:\Users\cheat\source\repos\worktrees\pr-481-1763014665\src\ReinforcementLearning\Agents\TD3\TD3Agent.cs(106,27): error CS7036: There is no argument given that corresponds to the required parameter 'architecture' of 'NeuralNetwork<T>.NeuralNetwork(NeuralNetworkArchitecture<T>, ILossFunction<T>?)' [C:\Users\cheat\source\repos\worktrees\pr-481-1763014665\src\AiDotNet.csproj::TargetFramework=net462]
C:\Users\cheat\source\repos\worktrees\pr-481-1763014665\src\ReinforcementLearning\Agents\TD3\TD3Agent.cs(112,21): error CS7036: There is no argument given that corresponds to the required parameter 'units' of 'NeuralNetworkBase<T>.AddLayer(LayerType, int, ActivationFunction)' [C:\Users\cheat\source\repos\worktrees\pr-481-1763014665\src\AiDotNet.csproj::TargetFramework=net462]
C:\Users\cheat\source\repos\worktrees\pr-481-1763014665\src\ReinforcementLearning\Agents\TD3\TD3Agent.cs(113,57): error CS0246: The type or namespace name 'ReLU<>' could not be found (are you missing a using directive or an assembly reference?) [C:\Users\cheat\source\repos\worktrees\pr-481-1763014665\src\AiDotNet.csproj::TargetFramework=net462]
C:\Users\cheat\source\repos\worktrees\pr-481-1763014665\src\ReinforcementLearning\Agents\TD3\TD3Agent.cs(113,34): error CS1729: 'ActivationLayer<T>' does not contain a constructor that takes 1 arguments [C:\Users\cheat\source\repos\worktrees\pr-481-1763014665\src\AiDotNet.csproj::TargetFramework=net462]
C:\Users\cheat\source\repos\worktrees\pr-481-1763014665\src\ReinforcementLearning\Agents\TD3\TD3Agent.cs(117,17): error CS7036: There is no argument given that corresponds to the required parameter 'units' of 'NeuralNetworkBase<T>.AddLayer(LayerType, int, ActivationFunction)' [C:\Users\cheat\source\repos\worktrees\pr-481-1763014665\src\AiDotNet.csproj::TargetFramework=net462]
C:\Users\cheat\source\repos\worktrees\pr-481-1763014665\src\ReinforcementLearning\Agents\TD3\TD3Agent.cs(129,44): error CS1503: Argument 1: cannot convert from 'AiDotNet.LinearAlgebra.Vector<T>' to 'AiDotNet.LinearAlgebra.Tensor<T>' [C:\Users\cheat\source\repos\worktrees\pr-481-1763014665\src\AiDotNet.csproj::TargetFramework=net462]
C:\Users\cheat\source\repos\worktrees\pr-481-1763014665\src\ReinforcementLearning\Agents\TD3\TD3Agent.cs(142,16): error CS0029: Cannot implicitly convert type 'AiDotNet.LinearAlgebra.Tensor<T>' to 'AiDotNet.LinearAlgebra.Vector<T>' [C:\Users\cheat\source\repos\worktrees\pr-481-1763014665\src\AiDotNet.csproj::TargetFramework=net462]
C:\Users\cheat\source\repos\worktrees\pr-481-1763014665\src\ReinforcementLearning\Agents\TD3\TD3Agent.cs(147,23): error CS1501: No overload for method 'Add' takes 5 arguments [C:\Users\cheat\source\repos\worktrees\pr-481-1763014665\src\AiDotNet.csproj::TargetFramework=net462]
C:\Users\cheat\source\repos\worktrees\pr-481-1763014665\src\ReinforcementLearning\Agents\TD3\TD3Agent.cs(161,38): error CS1503: Argument 1: cannot convert from 'System.Collections.Generic.List<AiDotNet.ReinforcementLearning.ReplayBuffers.Experience<T>>' to 'System.Collections.Generic.List<(AiDotNet.LinearAlgebra.Vector<T> state, AiDotNet.LinearAlgebra.Vector<T> action, T reward, AiDotNet.LinearAlgebra.Vector<T> nextState, bool done)>' [C:\Users\cheat\source\repos\worktrees\pr-481-1763014665\src\AiDotNet.csproj::TargetFramework=net462]
C:\Users\cheat\source\repos\worktrees\pr-481-1763014665\src\ReinforcementLearning\Agents\TD3\TD3Agent.cs(166,25): error CS1503: Argument 1: cannot convert from 'System.Collections.Generic.List<AiDotNet.ReinforcementLearning.ReplayBuffers.Experience<T>>' to 'System.Collections.Generic.List<(AiDotNet.LinearAlgebra.Vector<T> state, AiDotNet.LinearAlgebra.Vector<T> action, T reward, AiDotNet.LinearAlgebra.Vector<T> nextState, bool done)>' [C:\Users\cheat\source\repos\worktrees\pr-481-1763014665\src\AiDotNet.csproj::TargetFramework=net462]
C:\Users\cheat\source\repos\worktrees\pr-481-1763014665\src\ReinforcementLearning\Agents\TD3\TD3Agent.cs(184,58): error CS1503: Argument 1: cannot convert from 'AiDotNet.LinearAlgebra.Vector<T>' to 'AiDotNet.LinearAlgebra.Tensor<T>' [C:\Users\cheat\source\repos\worktrees\pr-481-1763014665\src\AiDotNet.csproj::TargetFramework=net462]
C:\Users\cheat\source\repos\worktrees\pr-481-1763014665\src\ReinforcementLearning\Agents\TD3\TD3Agent.cs(196,80): error CS1503: Argument 2: cannot convert from 'AiDotNet.LinearAlgebra.Tensor<T>' to 'AiDotNet.LinearAlgebra.Vector<T>' [C:\Users\cheat\source\repos\worktrees\pr-481-1763014665\src\AiDotNet.csproj::TargetFramework=net462]
C:\Users\cheat\source\repos\worktrees\pr-481-1763014665\src\ReinforcementLearning\Agents\TD3\TD3Agent.cs(199,58): error CS1503: Argument 1: cannot convert from 'AiDotNet.LinearAlgebra.Vector<T>' to 'AiDotNet.LinearAlgebra.Tensor<T>' [C:\Users\cheat\source\repos\worktrees\pr-481-1763014665\src\AiDotNet.csproj::TargetFramework=net462]
C:\Users\cheat\source\repos\worktrees\pr-481-1763014665\src\ReinforcementLearning\Agents\TD3\TD3Agent.cs(200,58): error CS1503: Argument 1: cannot convert from 'AiDotNet.LinearAlgebra.Vector<T>' to 'AiDotNet.LinearAlgebra.Tensor<T>' [C:\Users\cheat\source\repos\worktrees\pr-481-1763014665\src\AiDotNet.csproj::TargetFramework=net462]
C:\Users\cheat\source\repos\worktrees\pr-481-1763014665\src\ReinforcementLearning\Agents\TD3\TD3Agent.cs(207,38): error CS1061: '(Vector<T> state, Vector<T> action, T reward, Vector<T> nextState, bool done)' does not contain a definition for 'Reward' and no accessible extension method 'Reward' accepting a first argument of type '(Vector<T> state, Vector<T> action, T reward, Vector<T> nextState, bool done)' could be found (are you missing a using directive or an assembly reference?) [C:\Users\cheat\source\repos\worktrees\pr-481-1763014665\src\AiDotNet.csproj::TargetFramework=net462]
C:\Users\cheat\source\repos\worktrees\pr-481-1763014665\src\ReinforcementLearning\Agents\TD3\TD3Agent.cs(212,50): error CS1061: '(Vector<T> state, Vector<T> action, T reward, Vector<T> nextState, bool done)' does not contain a definition for 'Reward' and no accessible extension method 'Reward' accepting a first argument of type '(Vector<T> state, Vector<T> action, T reward, Vector<T> nextState, bool done)' could be found (are you missing a using directive or an assembly reference?) [C:\Users\cheat\source\repos\worktrees\pr-481-1763014665\src\AiDotNet.csproj::TargetFramework=net462]
C:\Users\cheat\source\repos\worktrees\pr-481-1763014665\src\ReinforcementLearning\Agents\TD3\TD3Agent.cs(216,83): error CS1061: '(Vector<T> state, Vector<T> action, T reward, Vector<T> nextState, bool done)' does not contain a definition for 'Action' and no accessible extension method 'Action' accepting a first argument of type '(Vector<T> state, Vector<T> action, T reward, Vector<T> nextState, bool done)' could be found (are you missing a using directive or an assembly reference?) [C:\Users\cheat\source\repos\worktrees\pr-481-1763014665\src\AiDotNet.csproj::TargetFramework=net462]
C:\Users\cheat\source\repos\worktrees\pr-481-1763014665\src\ReinforcementLearning\Agents\TD3\TD3Agent.cs(219,51): error CS1503: Argument 1: cannot convert from 'AiDotNet.LinearAlgebra.Vector<T>' to 'AiDotNet.LinearAlgebra.Tensor<T>' [C:\Users\cheat\source\repos\worktrees\pr-481-1763014665\src\AiDotNet.csproj::TargetFramework=net462]
C:\Users\cheat\source\repos\worktrees\pr-481-1763014665\src\ReinforcementLearning\Agents\TD3\TD3Agent.cs(223,43): error CS1503: Argument 1: cannot convert from 'AiDotNet.LinearAlgebra.Vector<T>' to 'AiDotNet.LinearAlgebra.Tensor<T>' [C:\Users\cheat\source\repos\worktrees\pr-481-1763014665\src\AiDotNet.csproj::TargetFramework=net462]
C:\Users\cheat\source\repos\worktrees\pr-481-1763014665\src\ReinforcementLearning\Agents\TD3\TD3Agent.cs(224,46): error CS1503: Argument 1: cannot convert from 'T' to 'AiDotNet.LinearAlgebra.Vector<T>' [C:\Users\cheat\source\repos\worktrees\pr-481-1763014665\src\AiDotNet.csproj::TargetFramework=net462]
C:\Users\cheat\source\repos\worktrees\pr-481-1763014665\src\ReinforcementLearning\Agents\TD3\TD3Agent.cs(227,51): error CS1503: Argument 1: cannot convert from 'AiDotNet.LinearAlgebra.Vector<T>' to 'AiDotNet.LinearAlgebra.Tensor<T>' [C:\Users\cheat\source\repos\worktrees\pr-481-1763014665\src\AiDotNet.csproj::TargetFramework=net462]
C:\Users\cheat\source\repos\worktrees\pr-481-1763014665\src\ReinforcementLearning\Agents\TD3\TD3Agent.cs(231,43): error CS1503: Argument 1: cannot convert from 'AiDotNet.LinearAlgebra.Vector<T>' to 'AiDotNet.LinearAlgebra.Tensor<T>' [C:\Users\cheat\source\repos\worktrees\pr-481-1763014665\src\AiDotNet.csproj::TargetFramework=net462]
C:\Users\cheat\source\repos\worktrees\pr-481-1763014665\src\ReinforcementLearning\Agents\TD3\TD3Agent.cs(232,46): error CS1503: Argument 1: cannot convert from 'T' to 'AiDotNet.LinearAlgebra.Vector<T>' [C:\Users\cheat\source\repos\worktrees\pr-481-1763014665\src\AiDotNet.csproj::TargetFramework=net462]
C:\Users\cheat\source\repos\worktrees\pr-481-1763014665\src\ReinforcementLearning\Agents\TD3\TD3Agent.cs(248,48): error CS1503: Argument 1: cannot convert from 'AiDotNet.LinearAlgebra.Vector<T>' to 'AiDotNet.LinearAlgebra.Tensor<T>' [C:\Users\cheat\source\repos\worktrees\pr-481-1763014665\src\AiDotNet.csproj::TargetFramework=net462]
C:\Users\cheat\source\repos\worktrees\pr-481-1763014665\src\ReinforcementLearning\Agents\TD3\TD3Agent.cs(251,72): error CS1503: Argument 2: cannot convert from 'AiDotNet.LinearAlgebra.Tensor<T>' to 'AiDotNet.LinearAlgebra.Vector<T>' [C:\Users\cheat\source\repos\worktrees\pr-481-1763014665\src\AiDotNet.csproj::TargetFramework=net462]
C:\Users\cheat\source\repos\worktrees\pr-481-1763014665\src\ReinforcementLearning\Agents\TD3\TD3Agent.cs(254,50): error CS1503: Argument 1: cannot convert from 'AiDotNet.LinearAlgebra.Vector<T>' to 'AiDotNet.LinearAlgebra.Tensor<T>' [C:\Users\cheat\source\repos\worktrees\pr-481-1763014665\src\AiDotNet.csproj::TargetFramework=net462]
C:\Users\cheat\source\repos\worktrees\pr-481-1763014665\src\ReinforcementLearning\Agents\TD3\TD3Agent.cs(261,64): error CS1503: Argument 1: cannot convert from 'AiDotNet.LinearAlgebra.Vector<T>' to 'AiDotNet.LinearAlgebra.Tensor<T>' [C:\Users\cheat\source\repos\worktrees\pr-481-1763014665\src\AiDotNet.csproj::TargetFramework=net462]
C:\Users\cheat\source\repos\worktrees\pr-481-1763014665\src\ReinforcementLearning\Agents\TD3\TD3Agent.cs(271,41): error CS1503: Argument 1: cannot convert from 'AiDotNet.LinearAlgebra.Vector<T>' to 'AiDotNet.LinearAlgebra.Tensor<T>' [C:\Users\cheat\source\repos\worktrees\pr-481-1763014665\src\AiDotNet.csproj::TargetFramework=net462]
C:\Users\cheat\source\repos\worktrees\pr-481-1763014665\src\ReinforcementLearning\Agents\TD3\TD3Agent.cs(272,44): error CS1503: Argument 1: cannot convert from 'T' to 'AiDotNet.LinearAlgebra.Vector<T>' [C:\Users\cheat\source\repos\worktrees\pr-481-1763014665\src\AiDotNet.csproj::TargetFramework=net462]
C:\Users\cheat\source\repos\worktrees\pr-481-1763014665\src\ReinforcementLearning\Agents\TD3\TD3Agent.cs(285,35): error CS1061: 'NeuralNetwork<T>' does not contain a definition for 'GetLayers' and no accessible extension method 'GetLayers' accepting a first argument of type 'NeuralNetwork<T>' could be found (are you missing a using directive or an assembly reference?) [C:\Users\cheat\source\repos\worktrees\pr-481-1763014665\src\AiDotNet.csproj::TargetFramework=net462]
C:\Users\cheat\source\repos\worktrees\pr-481-1763014665\src\ReinforcementLearning\Agents\TD3\TD3Agent.cs(286,35): error CS1061: 'NeuralNetwork<T>' does not contain a definition for 'GetLayers' and no accessible extension method 'GetLayers' accepting a first argument of type 'NeuralNetwork<T>' could be found (are you missing a using directive or an assembly reference?) [C:\Users\cheat\source\repos\worktrees\pr-481-1763014665\src\AiDotNet.csproj::TargetFramework=net462]
C:\Users\cheat\source\repos\worktrees\pr-481-1763014665\src\ReinforcementLearning\Agents\TD3\TD3Agent.cs(292,49): error CS1061: 'DenseLayer<T>' does not contain a definition for 'GetWeights' and no accessible extension method 'GetWeights' accepting a first argument of type 'DenseLayer<T>' could be found (are you missing a using directive or an assembly reference?) [C:\Users\cheat\source\repos\worktrees\pr-481-1763014665\src\AiDotNet.csproj::TargetFramework=net462]
C:\Users\cheat\source\repos\worktrees\pr-481-1763014665\src\ReinforcementLearning\Agents\TD3\TD3Agent.cs(293,48): error CS1061: 'DenseLayer<T>' does not contain a definition for 'GetBiases' and no accessible extension method 'GetBiases' accepting a first argument of type 'DenseLayer<T>' could be found (are you missing a using directive or an assembly reference?) [C:\Users\cheat\source\repos\worktrees\pr-481-1763014665\src\AiDotNet.csproj::TargetFramework=net462]
C:\Users\cheat\source\repos\worktrees\pr-481-1763014665\src\ReinforcementLearning\Agents\TD3\TD3Agent.cs(294,49): error CS1061: 'DenseLayer<T>' does not contain a definition for 'GetWeights' and no accessible extension method 'GetWeights' accepting a first argument of type 'DenseLayer<T>' could be found (are you missing a using directive or an assembly reference?) [C:\Users\cheat\source\repos\worktrees\pr-481-1763014665\src\AiDotNet.csproj::TargetFramework=net462]
C:\Users\cheat\source\repos\worktrees\pr-481-1763014665\src\ReinforcementLearning\Agents\TD3\TD3Agent.cs(295,48): error CS1061: 'DenseLayer<T>' does not contain a definition for 'GetBiases' and no accessible extension method 'GetBiases' accepting a first argument of type 'DenseLayer<T>' could be found (are you missing a using directive or an assembly reference?) [C:\Users\cheat\source\repos\worktrees\pr-481-1763014665\src\AiDotNet.csproj::TargetFramework=net462]
C:\Users\cheat\source\repos\worktrees\pr-481-1763014665\src\ReinforcementLearning\Agents\TD3\TD3Agent.cs(310,26): error CS0136: A local or parameter named 'i' cannot be declared in this scope because that name is used in an enclosing local scope to define a local or parameter [C:\Users\cheat\source\repos\worktrees\pr-481-1763014665\src\AiDotNet.csproj::TargetFramework=net462]
C:\Users\cheat\source\repos\worktrees\pr-481-1763014665\src\ReinforcementLearning\Agents\TD3\TD3Agent.cs(318,29): error CS1061: 'DenseLayer<T>' does not contain a definition for 'SetBiases' and no accessible extension method 'SetBiases' accepting a first argument of type 'DenseLayer<T>' could be found (are you missing a using directive or an assembly reference?) [C:\Users\cheat\source\repos\worktrees\pr-481-1763014665\src\AiDotNet.csproj::TargetFramework=net462]
C:\Users\cheat\source\repos\worktrees\pr-481-1763014665\src\ReinforcementLearning\Agents\TD3\TD3Agent.cs(325,35): error CS1061: 'NeuralNetwork<T>' does not contain a definition for 'GetLayers' and no accessible extension method 'GetLayers' accepting a first argument of type 'NeuralNetwork<T>' could be found (are you missing a using directive or an assembly reference?) [C:\Users\cheat\source\repos\worktrees\pr-481-1763014665\src\AiDotNet.csproj::TargetFramework=net462]
C:\Users\cheat\source\repos\worktrees\pr-481-1763014665\src\ReinforcementLearning\Agents\TD3\TD3Agent.cs(326,35): error CS1061: 'NeuralNetwork<T>' does not contain a definition for 'GetLayers' and no accessible extension method 'GetLayers' accepting a first argument of type 'NeuralNetwork<T>' could be found (are you missing a using directive or an assembly reference?) [C:\Users\cheat\source\repos\worktrees\pr-481-1763014665\src\AiDotNet.csproj::TargetFramework=net462]
C:\Users\cheat\source\repos\worktrees\pr-481-1763014665\src\ReinforcementLearning\Agents\TD3\TD3Agent.cs(332,52): error CS1061: 'DenseLayer<T>' does not contain a definition for 'GetWeights' and no accessible extension method 'GetWeights' accepting a first argument of type 'DenseLayer<T>' could be found (are you missing a using directive or an assembly reference?) [C:\Users\cheat\source\repos\worktrees\pr-481-1763014665\src\AiDotNet.csproj::TargetFramework=net462]
C:\Users\cheat\source\repos\worktrees\pr-481-1763014665\src\ReinforcementLearning\Agents\TD3\TD3Agent.cs(333,51): error CS1061: 'DenseLayer<T>' does not contain a definition for 'GetBiases' and no accessible extension method 'GetBiases' accepting a first argument of type 'DenseLayer<T>' could be found (are you missing a using directive or an assembly reference?) [C:\Users\cheat\source\repos\worktrees\pr-481-1763014665\src\AiDotNet.csproj::TargetFramework=net462]
C:\Users\cheat\source\repos\worktrees\pr-481-1763014665\src\ReinforcementLearning\Agents\TD3\TD3Agent.cs(333,29): error CS1061: 'DenseLayer<T>' does not contain a definition for 'SetBiases' and no accessible extension method 'SetBiases' accepting a first argument of type 'DenseLayer<T>' could be found (are you missing a using directive or an assembly reference?) [C:\Users\cheat\source\repos\worktrees\pr-481-1763014665\src\AiDotNet.csproj::TargetFramework=net462]
C:\Users\cheat\source\repos\worktrees\pr-481-1763014665\src\ReinforcementLearning\Agents\TD3\TD3Agent.cs(467,16): error CS0029: Cannot implicitly convert type '(AiDotNet.LinearAlgebra.Vector<T>, T Zero)' to 'AiDotNet.LinearAlgebra.Vector<T>' [C:\Users\cheat\source\repos\worktrees\pr-481-1763014665\src\AiDotNet.csproj::TargetFramework=net462]
C:\Users\cheat\source\repos\worktrees\pr-481-1763014665\src\ReinforcementLearning\Agents\TabularQLearning\TabularQLearningAgent.cs(176,25): error CS0029: Cannot implicitly convert type 'string' to 'AiDotNet.Enums.ModelType' [C:\Users\cheat\source\repos\worktrees\pr-481-1763014665\src\AiDotNet.csproj::TargetFramework=net462]
C:\Users\cheat\source\repos\worktrees\pr-481-1763014665\src\ReinforcementLearning\Agents\SARSA\SARSAAgent.cs(184,25): error CS0029: Cannot implicitly convert type 'string' to 'AiDotNet.Enums.ModelType' [C:\Users\cheat\source\repos\worktrees\pr-481-1763014665\src\AiDotNet.csproj::TargetFramework=net462]
C:\Users\cheat\source\repos\worktrees\pr-481-1763014665\src\ReinforcementLearning\Agents\A2C\A2CAgent.cs(53,32): error CS0246: The type or namespace name 'MeanSquaredError<>' could not be found (are you missing a using directive or an assembly reference?) [C:\Users\cheat\source\repos\worktrees\pr-481-1763014665\src\AiDotNet.csproj::TargetFramework=net462]
C:\Users\cheat\source\repos\worktrees\pr-481-1763014665\src\ReinforcementLearning\Agents\SAC\SACAgent.cs(111,104): error CS0246: The type or namespace name 'LinearActivation<>' could not be found (are you missing a using directive or an assembly reference?) [C:\Users\cheat\source\repos\worktrees\pr-481-1763014665\src\AiDotNet.csproj::TargetFramework=net462]
C:\Users\cheat\source\repos\worktrees\pr-481-1763014665\src\ReinforcementLearning\Agents\SAC\SACAgent.cs(113,32): error CS1729: 'NeuralNetworkArchitecture<T>' does not contain a constructor that takes 0 arguments [C:\Users\cheat\source\repos\worktrees\pr-481-1763014665\src\AiDotNet.csproj::TargetFramework=net462]
C:\Users\cheat\source\repos\worktrees\pr-481-1763014665\src\ReinforcementLearning\Agents\SAC\SACAgent.cs(115,13): error CS0200: Property or indexer 'NeuralNetworkArchitecture<T>.Layers' cannot be assigned to -- it is read only [C:\Users\cheat\source\repos\worktrees\pr-481-1763014665\src\AiDotNet.csproj::TargetFramework=net462]
C:\Users\cheat\source\repos\worktrees\pr-481-1763014665\src\ReinforcementLearning\Agents\SAC\SACAgent.cs(116,13): error CS0200: Property or indexer 'NeuralNetworkArchitecture<T>.TaskType' cannot be assigned to -- it is read only [C:\Users\cheat\source\repos\worktrees\pr-481-1763014665\src\AiDotNet.csproj::TargetFramework=net462]
C:\Users\cheat\source\repos\worktrees\pr-481-1763014665\src\ReinforcementLearning\Agents\SAC\SACAgent.cs(136,79): error CS0246: The type or namespace name 'LinearActivation<>' could not be found (are you missing a using directive or an assembly reference?) [C:\Users\cheat\source\repos\worktrees\pr-481-1763014665\src\AiDotNet.csproj::TargetFramework=net462]
C:\Users\cheat\source\repos\worktrees\pr-481-1763014665\src\ReinforcementLearning\Agents\SAC\SACAgent.cs(138,32): error CS1729: 'NeuralNetworkArchitecture<T>' does not contain a constructor that takes 0 arguments [C:\Users\cheat\source\repos\worktrees\pr-481-1763014665\src\AiDotNet.csproj::TargetFramework=net462]
C:\Users\cheat\source\repos\worktrees\pr-481-1763014665\src\ReinforcementLearning\Agents\SAC\SACAgent.cs(140,13): error CS0200: Property or indexer 'NeuralNetworkArchitecture<T>.Layers' cannot be assigned to -- it is read only [C:\Users\cheat\source\repos\worktrees\pr-481-1763014665\src\AiDotNet.csproj::TargetFramework=net462]
C:\Users\cheat\source\repos\worktrees\pr-481-1763014665\src\ReinforcementLearning\Agents\SAC\SACAgent.cs(141,13): error CS0200: Property or indexer 'NeuralNetworkArchitecture<T>.TaskType' cannot be assigned to -- it is read only [C:\Users\cheat\source\repos\worktrees\pr-481-1763014665\src\AiDotNet.csproj::TargetFramework=net462]
C:\Users\cheat\source\repos\worktrees\pr-481-1763014665\src\ReinforcementLearning\Agents\SAC\SACAgent.cs(150,51): error CS1503: Argument 1: cannot convert from 'AiDotNet.LinearAlgebra.Vector<T>' to 'AiDotNet.LinearAlgebra.Tensor<T>' [C:\Users\cheat\source\repos\worktrees\pr-481-1763014665\src\AiDotNet.csproj::TargetFramework=net462]
C:\Users\cheat\source\repos\worktrees\pr-481-1763014665\src\ReinforcementLearning\Agents\SAC\SACAgent.cs(151,40): error CS1503: Argument 1: cannot convert from 'AiDotNet.LinearAlgebra.Tensor<T>' to 'AiDotNet.LinearAlgebra.Vector<T>' [C:\Users\cheat\source\repos\worktrees\pr-481-1763014665\src\AiDotNet.csproj::TargetFramework=net462]
C:\Users\cheat\source\repos\worktrees\pr-481-1763014665\src\ReinforcementLearning\Agents\A3C\A3CAgent.cs(48,12): error CS8618: Non-nullable field '_globalPolicyNetwork' must contain a non-null value when exiting constructor. Consider adding the 'required' modifier or declaring the field as nullable. [C:\Users\cheat\source\repos\worktrees\pr-481-1763014665\src\AiDotNet.csproj::TargetFramework=net462]
C:\Users\cheat\source\repos\worktrees\pr-481-1763014665\src\ReinforcementLearning\Agents\A3C\A3CAgent.cs(48,12): error CS8618: Non-nullable field '_globalValueNetwork' must contain a non-null value when exiting constructor. Consider adding the 'required' modifier or declaring the field as nullable. [C:\Users\cheat\source\repos\worktrees\pr-481-1763014665\src\AiDotNet.csproj::TargetFramework=net462]
C:\Users\cheat\source\repos\worktrees\pr-481-1763014665\src\ReinforcementLearning\Agents\A3C\A3CAgent.cs(78,32): error CS1729: 'NeuralNetworkArchitecture<T>' does not contain a constructor that takes 0 arguments [C:\Users\cheat\source\repos\worktrees\pr-481-1763014665\src\AiDotNet.csproj::TargetFramework=net462]
C:\Users\cheat\source\repos\worktrees\pr-481-1763014665\src\ReinforcementLearning\Agents\A3C\A3CAgent.cs(80,13): error CS0200: Property or indexer 'NeuralNetworkArchitecture<T>.TaskType' cannot be assigned to -- it is read only [C:\Users\cheat\source\repos\worktrees\pr-481-1763014665\src\AiDotNet.csproj::TargetFramework=net462]
C:\Users\cheat\source\repos\worktrees\pr-481-1763014665\src\ReinforcementLearning\Agents\A3C\A3CAgent.cs(98,32): error CS1061: 'DenseLayer<T>' does not contain a definition for 'GetWeights' and no accessible extension method 'GetWeights' accepting a first argument of type 'DenseLayer<T>' could be found (are you missing a using directive or an assembly reference?) [C:\Users\cheat\source\repos\worktrees\pr-481-1763014665\src\AiDotNet.csproj::TargetFramework=net462]
C:\Users\cheat\source\repos\worktrees\pr-481-1763014665\src\ReinforcementLearning\Agents\A3C\A3CAgent.cs(105,9): error CS0200: Property or indexer 'NeuralNetworkArchitecture<T>.Layers' cannot be assigned to -- it is read only [C:\Users\cheat\source\repos\worktrees\pr-481-1763014665\src\AiDotNet.csproj::TargetFramework=net462]
C:\Users\cheat\source\repos\worktrees\pr-481-1763014665\src\ReinforcementLearning\Agents\A3C\A3CAgent.cs(111,32): error CS1729: 'NeuralNetworkArchitecture<T>' does not contain a constructor that takes 0 arguments [C:\Users\cheat\source\repos\worktrees\pr-481-1763014665\src\AiDotNet.csproj::TargetFramework=net462]
C:\Users\cheat\source\repos\worktrees\pr-481-1763014665\src\ReinforcementLearning\Agents\A3C\A3CAgent.cs(113,13): error CS0200: Property or indexer 'NeuralNetworkArchitecture<T>.TaskType' cannot be assigned to -- it is read only [C:\Users\cheat\source\repos\worktrees\pr-481-1763014665\src\AiDotNet.csproj::TargetFramework=net462]
C:\Users\cheat\source\repos\worktrees\pr-481-1763014665\src\ReinforcementLearning\Agents\A3C\A3CAgent.cs(123,9): error CS0200: Property or indexer 'NeuralNetworkArchitecture<T>.Layers' cannot be assigned to -- it is read only [C:\Users\cheat\source\repos\worktrees\pr-481-1763014665\src\AiDotNet.csproj::TargetFramework=net462]
C:\Users\cheat\source\repos\worktrees\pr-481-1763014665\src\ReinforcementLearning\Agents\A2C\A2CAgent.cs(79,88): error CS0246: The type or namespace name 'LinearActivation<>' could not be found (are you missing a using directive or an assembly reference?) [C:\Users\cheat\source\repos\worktrees\pr-481-1763014665\src\AiDotNet.csproj::TargetFramework=net462]
C:\Users\cheat\source\repos\worktrees\pr-481-1763014665\src\ReinforcementLearning\Agents\A2C\A2CAgent.cs(81,41): error CS1729: 'NeuralNetworkArchitecture<T>' does not contain a constructor that takes 0 arguments [C:\Users\cheat\source\repos\worktrees\pr-481-1763014665\src\AiDotNet.csproj::TargetFramework=net462]
C:\Users\cheat\source\repos\worktrees\pr-481-1763014665\src\ReinforcementLearning\Agents\A2C\A2CAgent.cs(83,13): error CS0200: Property or indexer 'NeuralNetworkArchitecture<T>.Layers' cannot be assigned to -- it is read only [C:\Users\cheat\source\repos\worktrees\pr-481-1763014665\src\AiDotNet.csproj::TargetFramework=net462]
C:\Users\cheat\source\repos\worktrees\pr-481-1763014665\src\ReinforcementLearning\Agents\A2C\A2CAgent.cs(84,13): error CS0200: Property or indexer 'NeuralNetworkArchitecture<T>.TaskType' cannot be assigned to -- it is read only [C:\Users\cheat\source\repos\worktrees\pr-481-1763014665\src\AiDotNet.csproj::TargetFramework=net462]
C:\Users\cheat\source\repos\worktrees\pr-481-1763014665\src\ReinforcementLearning\Agents\A2C\A2CAgent.cs(99,79): error CS0246: The type or namespace name 'LinearActivation<>' could not be found (are you missing a using directive or an assembly reference?) [C:\Users\cheat\source\repos\worktrees\pr-481-1763014665\src\AiDotNet.csproj::TargetFramework=net462]
C:\Users\cheat\source\repos\worktrees\pr-481-1763014665\src\ReinforcementLearning\Agents\A2C\A2CAgent.cs(101,41): error CS1729: 'NeuralNetworkArchitecture<T>' does not contain a constructor that takes 0 arguments [C:\Users\cheat\source\repos\worktrees\pr-481-1763014665\src\AiDotNet.csproj::TargetFramework=net462]
C:\Users\cheat\source\repos\worktrees\pr-481-1763014665\src\ReinforcementLearning\Agents\A2C\A2CAgent.cs(103,13): error CS0200: Property or indexer 'NeuralNetworkArchitecture<T>.Layers' cannot be assigned to -- it is read only [C:\Users\cheat\source\repos\worktrees\pr-481-1763014665\src\AiDotNet.csproj::TargetFramework=net462]
C:\Users\cheat\source\repos\worktrees\pr-481-1763014665\src\ReinforcementLearning\Agents\A2C\A2CAgent.cs(104,13): error CS0200: Property or indexer 'NeuralNetworkArchitecture<T>.TaskType' cannot be assigned to -- it is read only [C:\Users\cheat\source\repos\worktrees\pr-481-1763014665\src\AiDotNet.csproj::TargetFramework=net462]
C:\Users\cheat\source\repos\worktrees\pr-481-1763014665\src\ReinforcementLearning\Agents\A2C\A2CAgent.cs(111,51): error CS1503: Argument 1: cannot convert from 'AiDotNet.LinearAlgebra.Vector<T>' to 'AiDotNet.LinearAlgebra.Tensor<T>' [C:\Users\cheat\source\repos\worktrees\pr-481-1763014665\src\AiDotNet.csproj::TargetFramework=net462]
C:\Users\cheat\source\repos\worktrees\pr-481-1763014665\src\ReinforcementLearning\Agents\A2C\A2CAgent.cs(115,43): error CS1503: Argument 1: cannot convert from 'AiDotNet.LinearAlgebra.Tensor<T>' to 'AiDotNet.LinearAlgebra.Vector<T>' [C:\Users\cheat\source\repos\worktrees\pr-481-1763014665\src\AiDotNet.csproj::TargetFramework=net462]
C:\Users\cheat\source\repos\worktrees\pr-481-1763014665\src\ReinforcementLearning\Agents\A2C\A2CAgent.cs(119,41): error CS1503: Argument 1: cannot convert from 'AiDotNet.LinearAlgebra.Tensor<T>' to 'AiDotNet.LinearAlgebra.Vector<T>' [C:\Users\cheat\source\repos\worktrees\pr-481-1763014665\src\AiDotNet.csproj::TargetFramework=net462]
C:\Users\cheat\source\repos\worktrees\pr-481-1763014665\src\ReinforcementLearning\Agents\A3C\A3CAgent.cs(133,57): error CS1503: Argument 1: cannot convert from 'AiDotNet.LinearAlgebra.Vector<T>' to 'AiDotNet.LinearAlgebra.Tensor<T>' [C:\Users\cheat\source\repos\worktrees\pr-481-1763014665\src\AiDotNet.csproj::TargetFramework=net462]
C:\Users\cheat\source\repos\worktrees\pr-481-1763014665\src\ReinforcementLearning\Agents\A2C\A2CAgent.cs(161,43): error CS1503: Argument 1: cannot convert from 'AiDotNet.LinearAlgebra.Vector<T>' to 'AiDotNet.LinearAlgebra.Tensor<T>' [C:\Users\cheat\source\repos\worktrees\pr-481-1763014665\src\AiDotNet.csproj::TargetFramework=net462]
C:\Users\cheat\source\repos\worktrees\pr-481-1763014665\src\ReinforcementLearning\Agents\A3C\A3CAgent.cs(252,40): error CS1061: 'INeuralNetwork<T>' does not contain a definition for 'Forward' and no accessible extension method 'Forward' accepting a first argument of type 'INeuralNetwork<T>' could be found (are you missing a using directive or an assembly reference?) [C:\Users\cheat\source\repos\worktrees\pr-481-1763014665\src\AiDotNet.csproj::TargetFramework=net462]
C:\Users\cheat\source\repos\worktrees\pr-481-1763014665\src\ReinforcementLearning\Agents\A3C\A3CAgent.cs(255,32): error CS1503: Argument 1: cannot convert from '(AiDotNet.LinearAlgebra.Vector<T>, AiDotNet.LinearAlgebra.Vector<T>, T, bool, ?)' to '(AiDotNet.LinearAlgebra.Vector<T> state, AiDotNet.LinearAlgebra.Vector<T> action, T reward, bool done, T value)' [C:\Users\cheat\source\repos\worktrees\pr-481-1763014665\src\AiDotNet.csproj::TargetFramework=net462]
C:\Users\cheat\source\repos\worktrees\pr-481-1763014665\src\ReinforcementLearning\Agents\A2C\A2CAgent.cs(168,51): error CS1503: Argument 1: cannot convert from 'AiDotNet.LinearAlgebra.Vector<T>' to 'AiDotNet.LinearAlgebra.Tensor<T>' [C:\Users\cheat\source\repos\worktrees\pr-481-1763014665\src\AiDotNet.csproj::TargetFramework=net462]
C:\Users\cheat\source\repos\worktrees\pr-481-1763014665\src\ReinforcementLearning\Agents\A2C\A2CAgent.cs(193,33): error CS1503: Argument 1: cannot convert from 'AiDotNet.LinearAlgebra.Tensor<T>' to 'AiDotNet.LinearAlgebra.Vector<T>' [C:\Users\cheat\source\repos\worktrees\pr-481-1763014665\src\AiDotNet.csproj::TargetFramework=net462]
C:\Users\cheat\source\repos\worktrees\pr-481-1763014665\src\ReinforcementLearning\Agents\A3C\A3CAgent.cs(280,35): error CS1061: 'INeuralNetwork<T>' does not contain a definition for 'Forward' and no accessible extension method 'Forward' accepting a first argument of type 'INeuralNetwork<T>' could be found (are you missing a using directive or an assembly reference?) [C:\Users\cheat\source\repos\worktrees\pr-481-1763014665\src\AiDotNet.csproj::TargetFramework=net462]
C:\Users\cheat\source\repos\worktrees\pr-481-1763014665\src\ReinforcementLearning\Agents\A3C\A3CAgent.cs(294,38): error CS1061: 'INeuralNetwork<T>' does not contain a definition for 'Forward' and no accessible extension method 'Forward' accepting a first argument of type 'INeuralNetwork<T>' could be found (are you missing a using directive or an assembly reference?) [C:\Users\cheat\source\repos\worktrees\pr-481-1763014665\src\AiDotNet.csproj::TargetFramework=net462]
C:\Users\cheat\source\repos\worktrees\pr-481-1763014665\src\ReinforcementLearning\Agents\A2C\A2CAgent.cs(231,56): error CS1503: Argument 1: cannot convert from 'AiDotNet.LinearAlgebra.Vector<T>' to 'AiDotNet.LinearAlgebra.Tensor<T>' [C:\Users\cheat\source\repos\worktrees\pr-481-1763014665\src\AiDotNet.csproj::TargetFramework=net462]
C:\Users\cheat\source\repos\worktrees\pr-481-1763014665\src\ReinforcementLearning\Agents\A2C\A2CAgent.cs(264,55): error CS1503: Argument 1: cannot convert from 'AiDotNet.LinearAlgebra.Vector<T>' to 'AiDotNet.LinearAlgebra.Tensor<T>' [C:\Users\cheat\source\repos\worktrees\pr-481-1763014665\src\AiDotNet.csproj::TargetFramework=net462]
C:\Users\cheat\source\repos\worktrees\pr-481-1763014665\src\ReinforcementLearning\Agents\A2C\A2CAgent.cs(265,62): error CS1503: Argument 1: cannot convert from 'AiDotNet.LinearAlgebra.Tensor<T>' to 'AiDotNet.LinearAlgebra.Vector<T>' [C:\Users\cheat\source\repos\worktrees\pr-481-1763014665\src\AiDotNet.csproj::TargetFramework=net462]
C:\Users\cheat\source\repos\worktrees\pr-481-1763014665\src\ReinforcementLearning\Agents\A2C\A2CAgent.cs(266,42): error CS1503: Argument 1: cannot convert from 'AiDotNet.LinearAlgebra.Vector<T>' to 'AiDotNet.LinearAlgebra.Tensor<T>' [C:\Users\cheat\source\repos\worktrees\pr-481-1763014665\src\AiDotNet.csproj::TargetFramework=net462]
C:\Users\cheat\source\repos\worktrees\pr-481-1763014665\src\ReinforcementLearning\Agents\A2C\A2CAgent.cs(269,56): error CS1503: Argument 1: cannot convert from 'AiDotNet.LinearAlgebra.Vector<T>' to 'AiDotNet.LinearAlgebra.Tensor<T>' [C:\Users\cheat\source\repos\worktrees\pr-481-1763014665\src\AiDotNet.csproj::TargetFramework=net462]
C:\Users\cheat\source\repos\worktrees\pr-481-1763014665\src\ReinforcementLearning\Agents\A2C\A2CAgent.cs(275,41): error CS1503: Argument 1: cannot convert from 'AiDotNet.LinearAlgebra.Vector<T>' to 'AiDotNet.LinearAlgebra.Tensor<T>' [C:\Users\cheat\source\repos\worktrees\pr-481-1763014665\src\AiDotNet.csproj::TargetFramework=net462]
C:\Users\cheat\source\repos\worktrees\pr-481-1763014665\src\ReinforcementLearning\Agents\A3C\A3CAgent.cs(358,44): error CS1061: 'INeuralNetwork<T>' does not contain a definition for 'Forward' and no accessible extension method 'Forward' accepting a first argument of type 'INeuralNetwork<T>' could be found (are you missing a using directive or an assembly reference?) [C:\Users\cheat\source\repos\worktrees\pr-481-1763014665\src\AiDotNet.csproj::TargetFramework=net462]
C:\Users\cheat\source\repos\worktrees\pr-481-1763014665\src\ReinforcementLearning\Agents\A3C\A3CAgent.cs(360,25): error CS1061: 'INeuralNetwork<T>' does not contain a definition for 'Backpropagate' and no accessible extension method 'Backpropagate' accepting a first argument of type 'INeuralNetwork<T>' could be found (are you missing a using directive or an assembly reference?) [C:\Users\cheat\source\repos\worktrees\pr-481-1763014665\src\AiDotNet.csproj::TargetFramework=net462]
C:\Users\cheat\source\repos\worktrees\pr-481-1763014665\src\ReinforcementLearning\Agents\A3C\A3CAgent.cs(363,45): error CS1061: 'INeuralNetwork<T>' does not contain a definition for 'Forward' and no accessible extension method 'Forward' accepting a first argument of type 'INeuralNetwork<T>' could be found (are you missing a using directive or an assembly reference?) [C:\Users\cheat\source\repos\worktrees\pr-481-1763014665\src\AiDotNet.csproj::TargetFramework=net462]
C:\Users\cheat\source\repos\worktrees\pr-481-1763014665\src\ReinforcementLearning\Agents\A3C\A3CAgent.cs(369,24): error CS1061: 'INeuralNetwork<T>' does not contain a definition for 'Backpropagate' and no accessible extension method 'Backpropagate' accepting a first argument of type 'INeuralNetwork<T>' could be found (are you missing a using directive or an assembly reference?) [C:\Users\cheat\source\repos\worktrees\pr-481-1763014665\src\AiDotNet.csproj::TargetFramework=net462]
C:\Users\cheat\source\repos\worktrees\pr-481-1763014665\src\ReinforcementLearning\Agents\A3C\A3CAgent.cs(373,33): error CS0103: The name '_policyNetwork' does not exist in the current context [C:\Users\cheat\source\repos\worktrees\pr-481-1763014665\src\AiDotNet.csproj::TargetFramework=net462]
C:\Users\cheat\source\repos\worktrees\pr-481-1763014665\src\ReinforcementLearning\Agents\A3C\A3CAgent.cs(373,62): error CS0103: The name '_a3cOptions' does not exist in the current context [C:\Users\cheat\source\repos\worktrees\pr-481-1763014665\src\AiDotNet.csproj::TargetFramework=net462]
C:\Users\cheat\source\repos\worktrees\pr-481-1763014665\src\ReinforcementLearning\Agents\A3C\A3CAgent.cs(374,33): error CS0103: The name '_valueNetwork' does not exist in the current context [C:\Users\cheat\source\repos\worktrees\pr-481-1763014665\src\AiDotNet.csproj::TargetFramework=net462]
C:\Users\cheat\source\repos\worktrees\pr-481-1763014665\src\ReinforcementLearning\Agents\A3C\A3CAgent.cs(374,60): error CS0103: The name '_a3cOptions' does not exist in the current context [C:\Users\cheat\source\repos\worktrees\pr-481-1763014665\src\AiDotNet.csproj::TargetFramework=net462]
C:\Users\cheat\source\repos\worktrees\pr-481-1763014665\src\ReinforcementLearning\Agents\A2C\A2CAgent.cs(336,36): error CS1061: 'NeuralNetwork<T>' does not contain a definition for 'GetFlattenedGradients' and no accessible extension method 'GetFlattenedGradients' accepting a first argument of type 'NeuralNetwork<T>' could be found (are you missing a using directive or an assembly reference?) [C:\Users\cheat\source\repos\worktrees\pr-481-1763014665\src\AiDotNet.csproj::TargetFramework=net462]
C:\Users\cheat\source\repos\worktrees\pr-481-1763014665\src\ReinforcementLearning\Agents\SAC\SACAgent.cs(258,59): error CS1503: Argument 1: cannot convert from 'AiDotNet.LinearAlgebra.Vector<T>' to 'AiDotNet.LinearAlgebra.Tensor<T>' [C:\Users\cheat\source\repos\worktrees\pr-481-1763014665\src\AiDotNet.csproj::TargetFramework=net462]
C:\Users\cheat\source\repos\worktrees\pr-481-1763014665\src\ReinforcementLearning\Agents\SAC\SACAgent.cs(259,58): error CS1503: Argument 1: cannot convert from 'AiDotNet.LinearAlgebra.Tensor<T>' to 'AiDotNet.LinearAlgebra.Vector<T>' [C:\Users\cheat\source\repos\worktrees\pr-481-1763014665\src\AiDotNet.csproj::TargetFramework=net462]
C:\Users\cheat\source\repos\worktrees\pr-481-1763014665\src\ReinforcementLearning\Agents\SAC\SACAgent.cs(265,53): error CS1503: Argument 1: cannot convert from 'AiDotNet.LinearAlgebra.Vector<T>' to 'AiDotNet.LinearAlgebra.Tensor<T>' [C:\Users\cheat\source\repos\worktrees\pr-481-1763014665\src\AiDotNet.csproj::TargetFramework=net462]
C:\Users\cheat\source\repos\worktrees\pr-481-1763014665\src\ReinforcementLearning\Agents\SAC\SACAgent.cs(266,53): error CS1503: Argument 1: cannot convert from 'AiDotNet.LinearAlgebra.Vector<T>' to 'AiDotNet.LinearAlgebra.Tensor<T>' [C:\Users\cheat\source\repos\worktrees\pr-481-1763014665\src\AiDotNet.csproj::TargetFramework=net462]
C:\Users\cheat\source\repos\worktrees\pr-481-1763014665\src\ReinforcementLearning\Agents\SAC\SACAgent.cs(289,45): error CS1503: Argument 1: cannot convert from 'AiDotNet.LinearAlgebra.Vector<T>' to 'AiDotNet.LinearAlgebra.Tensor<T>' [C:\Users\cheat\source\repos\worktrees\pr-481-1763014665\src\AiDotNet.csproj::TargetFramework=net462]
C:\Users\cheat\source\repos\worktrees\pr-481-1763014665\src\ReinforcementLearning\Agents\SAC\SACAgent.cs(295,45): error CS1503: Argument 1: cannot convert from 'AiDotNet.LinearAlgebra.Vector<T>' to 'AiDotNet.LinearAlgebra.Tensor<T>' [C:\Users\cheat\source\repos\worktrees\pr-481-1763014665\src\AiDotNet.csproj::TargetFramework=net462]
C:\Users\cheat\source\repos\worktrees\pr-481-1763014665\src\ReinforcementLearning\Agents\SAC\SACAgent.cs(302,52): error CS1061: 'ILossFunction<T>' does not contain a definition for 'ComputeGradient' and no accessible extension method 'ComputeGradient' accepting a first argument of type 'ILossFunction<T>' could be found (are you missing a using directive or an assembly reference?) [C:\Users\cheat\source\repos\worktrees\pr-481-1763014665\src\AiDotNet.csproj::TargetFramework=net462]
C:\Users\cheat\source\repos\worktrees\pr-481-1763014665\src\ReinforcementLearning\Agents\SAC\SACAgent.cs(306,52): error CS1061: 'ILossFunction<T>' does not contain a definition for 'ComputeGradient' and no accessible extension method 'ComputeGradient' accepting a first argument of type 'ILossFunction<T>' could be found (are you missing a using directive or an assembly reference?) [C:\Users\cheat\source\repos\worktrees\pr-481-1763014665\src\AiDotNet.csproj::TargetFramework=net462]
C:\Users\cheat\source\repos\worktrees\pr-481-1763014665\src\ReinforcementLearning\Agents\A2C\A2CAgent.cs(350,35): error CS1061: 'NeuralNetwork<T>' does not contain a definition for 'GetFlattenedGradients' and no accessible extension method 'GetFlattenedGradients' accepting a first argument of type 'NeuralNetwork<T>' could be found (are you missing a using directive or an assembly reference?) [C:\Users\cheat\source\repos\worktrees\pr-481-1763014665\src\AiDotNet.csproj::TargetFramework=net462]
C:\Users\cheat\source\repos\worktrees\pr-481-1763014665\src\ReinforcementLearning\Agents\A2C\A2CAgent.cs(363,51): error CS1503: Argument 1: cannot convert from 'AiDotNet.LinearAlgebra.Vector<T>' to 'AiDotNet.LinearAlgebra.Tensor<T>' [C:\Users\cheat\source\repos\worktrees\pr-481-1763014665\src\AiDotNet.csproj::TargetFramework=net462]
C:\Users\cheat\source\repos\worktrees\pr-481-1763014665\src\ReinforcementLearning\Agents\A2C\A2CAgent.cs(379,33): error CS1503: Argument 1: cannot convert from 'AiDotNet.LinearAlgebra.Tensor<T>' to 'AiDotNet.LinearAlgebra.Vector<T>' [C:\Users\cheat\source\repos\worktrees\pr-481-1763014665\src\AiDotNet.csproj::TargetFramework=net462]
C:\Users\cheat\source\repos\worktrees\pr-481-1763014665\src\ReinforcementLearning\Agents\SAC\SACAgent.cs(324,55): error CS1503: Argument 1: cannot convert from 'AiDotNet.LinearAlgebra.Vector<T>' to 'AiDotNet.LinearAlgebra.Tensor<T>' [C:\Users\cheat\source\repos\worktrees\pr-481-1763014665\src\AiDotNet.csproj::TargetFramework=net462]
C:\Users\cheat\source\repos\worktrees\pr-481-1763014665\src\ReinforcementLearning\Agents\SAC\SACAgent.cs(325,50): error CS1503: Argument 1: cannot convert from 'AiDotNet.LinearAlgebra.Tensor<T>' to 'AiDotNet.LinearAlgebra.Vector<T>' [C:\Users\cheat\source\repos\worktrees\pr-481-1763014665\src\AiDotNet.csproj::TargetFramework=net462]
C:\Users\cheat\source\repos\worktrees\pr-481-1763014665\src\ReinforcementLearning\Agents\SAC\SACAgent.cs(329,41): error CS1503: Argument 1: cannot convert from 'AiDotNet.LinearAlgebra.Vector<T>' to 'AiDotNet.LinearAlgebra.Tensor<T>' [C:\Users\cheat\source\repos\worktrees\pr-481-1763014665\src\AiDotNet.csproj::TargetFramework=net462]
C:\Users\cheat\source\repos\worktrees\pr-481-1763014665\src\ReinforcementLearning\Agents\SAC\SACAgent.cs(330,41): error CS1503: Argument 1: cannot convert from 'AiDotNet.LinearAlgebra.Vector<T>' to 'AiDotNet.LinearAlgebra.Tensor<T>' [C:\Users\cheat\source\repos\worktrees\pr-481-1763014665\src\AiDotNet.csproj::TargetFramework=net462]
C:\Users\cheat\source\repos\worktrees\pr-481-1763014665\src\ReinforcementLearning\Agents\SAC\SACAgent.cs(345,17): error CS1503: Argument 1: cannot convert from 'AiDotNet.LinearAlgebra.Tensor<T>' to 'AiDotNet.LinearAlgebra.Vector<T>' [C:\Users\cheat\source\repos\worktrees\pr-481-1763014665\src\AiDotNet.csproj::TargetFramework=net462]
C:\Users\cheat\source\repos\worktrees\pr-481-1763014665\src\ReinforcementLearning\Agents\SAC\SACAgent.cs(347,42): error CS1503: Argument 1: cannot convert from 'AiDotNet.LinearAlgebra.Vector<T>' to 'AiDotNet.LinearAlgebra.Tensor<T>' [C:\Users\cheat\source\repos\worktrees\pr-481-1763014665\src\AiDotNet.csproj::TargetFramework=net462]
C:\Users\cheat\source\repos\worktrees\pr-481-1763014665\src\ReinforcementLearning\Agents\AdvancedRL\TabularActorCriticAgent.cs(170,37): error CS1503: Argument 1: cannot convert from 'AiDotNet.LinearAlgebra.Matrix<T>' to 'AiDotNet.LinearAlgebra.Vector<T>' [C:\Users\cheat\source\repos\worktrees\pr-481-1763014665\src\AiDotNet.csproj::TargetFramework=net462]
C:\Users\cheat\source\repos\worktrees\pr-481-1763014665\src\ReinforcementLearning\Agents\AdvancedRL\TabularActorCriticAgent.cs(170,68): error CS1503: Argument 2: cannot convert from 'AiDotNet.LinearAlgebra.Matrix<T>' to 'AiDotNet.LinearAlgebra.Vector<T>' [C:\Users\cheat\source\repos\worktrees\pr-481-1763014665\src\AiDotNet.csproj::TargetFramework=net462]
C:\Users\cheat\source\repos\worktrees\pr-481-1763014665\src\ReinforcementLearning\Agents\AdvancedRL\TabularActorCriticAgent.cs(171,43): error CS1503: Argument 1: cannot convert from 'AiDotNet.LinearAlgebra.Matrix<T>' to 'AiDotNet.LinearAlgebra.Vector<T>' [C:\Users\cheat\source\repos\worktrees\pr-481-1763014665\src\AiDotNet.csproj::TargetFramework=net462]
C:\Users\cheat\source\repos\worktrees\pr-481-1763014665\src\ReinforcementLearning\Agents\AdvancedRL\TabularActorCriticAgent.cs(171,74): error CS1503: Argument 2: cannot convert from 'AiDotNet.LinearAlgebra.Matrix<T>' to 'AiDotNet.LinearAlgebra.Vector<T>' [C:\Users\cheat\source\repos\worktrees\pr-481-1763014665\src\AiDotNet.csproj::TargetFramework=net462]
C:\Users\cheat\source\repos\worktrees\pr-481-1763014665\src\ReinforcementLearning\Agents\AdvancedRL\LinearQLearningAgent.cs(189,37): error CS1503: Argument 1: cannot convert from 'AiDotNet.LinearAlgebra.Matrix<T>' to 'AiDotNet.LinearAlgebra.Vector<T>' [C:\Users\cheat\source\repos\worktrees\pr-481-1763014665\src\AiDotNet.csproj::TargetFramework=net462]
C:\Users\cheat\source\repos\worktrees\pr-481-1763014665\src\ReinforcementLearning\Agents\AdvancedRL\LinearQLearningAgent.cs(189,68): error CS1503: Argument 2: cannot convert from 'AiDotNet.LinearAlgebra.Matrix<T>' to 'AiDotNet.LinearAlgebra.Vector<T>' [C:\Users\cheat\source\repos\worktrees\pr-481-1763014665\src\AiDotNet.csproj::TargetFramework=net462]
C:\Users\cheat\source\repos\worktrees\pr-481-1763014665\src\ReinforcementLearning\Agents\AdvancedRL\LinearQLearningAgent.cs(190,43): error CS1503: Argument 1: cannot convert from 'AiDotNet.LinearAlgebra.Matrix<T>' to 'AiDotNet.LinearAlgebra.Vector<T>' [C:\Users\cheat\source\repos\worktrees\pr-481-1763014665\src\AiDotNet.csproj::TargetFramework=net462]
C:\Users\cheat\source\repos\worktrees\pr-481-1763014665\src\ReinforcementLearning\Agents\AdvancedRL\LinearQLearningAgent.cs(190,74): error CS1503: Argument 2: cannot convert from 'AiDotNet.LinearAlgebra.Matrix<T>' to 'AiDotNet.LinearAlgebra.Vector<T>' [C:\Users\cheat\source\repos\worktrees\pr-481-1763014665\src\AiDotNet.csproj::TargetFramework=net462]
C:\Users\cheat\source\repos\worktrees\pr-481-1763014665\src\ReinforcementLearning\Agents\SAC\SACAgent.cs(424,55): error CS1503: Argument 1: cannot convert from 'AiDotNet.LinearAlgebra.Vector<T>' to 'AiDotNet.LinearAlgebra.Tensor<T>' [C:\Users\cheat\source\repos\worktrees\pr-481-1763014665\src\AiDotNet.csproj::TargetFramework=net462]
C:\Users\cheat\source\repos\worktrees\pr-481-1763014665\src\ReinforcementLearning\Agents\SAC\SACAgent.cs(425,45): error CS1503: Argument 1: cannot convert from 'AiDotNet.LinearAlgebra.Tensor<T>' to 'AiDotNet.LinearAlgebra.Vector<T>' [C:\Users\cheat\source\repos\worktrees\pr-481-1763014665\src\AiDotNet.csproj::TargetFramework=net462]
C:\Users\cheat\source\repos\worktrees\pr-481-1763014665\src\ReinforcementLearning\Agents\SAC\SACAgent.cs(471,29): error CS1061: 'NeuralNetwork<T>' does not contain a definition for 'GetFlattenedGradients' and no accessible extension method 'GetFlattenedGradients' accepting a first argument of type 'NeuralNetwork<T>' could be found (are you missing a using directive or an assembly reference?) [C:\Users\cheat\source\repos\worktrees\pr-481-1763014665\src\AiDotNet.csproj::TargetFramework=net462]
C:\Users\cheat\source\repos\worktrees\pr-481-1763014665\src\ReinforcementLearning\Agents\CQL\CQLAgent.cs(55,46): error CS1729: 'DeepReinforcementLearningAgentBase<T>' does not contain a constructor that takes 2 arguments [C:\Users\cheat\source\repos\worktrees\pr-481-1763014665\src\AiDotNet.csproj::TargetFramework=net462]
C:\Users\cheat\source\repos\worktrees\pr-481-1763014665\src\ReinforcementLearning\Agents\CQL\CQLAgent.cs(55,12): error CS8618: Non-nullable field '_policyNetwork' must contain a non-null value when exiting constructor. Consider adding the 'required' modifier or declaring the field as nullable. [C:\Users\cheat\source\repos\worktrees\pr-481-1763014665\src\AiDotNet.csproj::TargetFramework=net462]
C:\Users\cheat\source\repos\worktrees\pr-481-1763014665\src\ReinforcementLearning\Agents\CQL\CQLAgent.cs(55,12): error CS8618: Non-nullable field '_q1Network' must contain a non-null value when exiting constructor. Consider adding the 'required' modifier or declaring the field as nullable. [C:\Users\cheat\source\repos\worktrees\pr-481-1763014665\src\AiDotNet.csproj::TargetFramework=net462]
C:\Users\cheat\source\repos\worktrees\pr-481-1763014665\src\ReinforcementLearning\Agents\CQL\CQLAgent.cs(55,12): error CS8618: Non-nullable field '_q2Network' must contain a non-null value when exiting constructor. Consider adding the 'required' modifier or declaring the field as nullable. [C:\Users\cheat\source\repos\worktrees\pr-481-1763014665\src\AiDotNet.csproj::TargetFramework=net462]
C:\Users\cheat\source\repos\worktrees\pr-481-1763014665\src\ReinforcementLearning\Agents\CQL\CQLAgent.cs(55,12): error CS8618: Non-nullable field '_targetQ1Network' must contain a non-null value when exiting constructor. Consider adding the 'required' modifier or declaring the field as nullable. [C:\Users\cheat\source\repos\worktrees\pr-481-1763014665\src\AiDotNet.csproj::TargetFramework=net462]
C:\Users\cheat\source\repos\worktrees\pr-481-1763014665\src\ReinforcementLearning\Agents\CQL\CQLAgent.cs(55,12): error CS8618: Non-nullable field '_targetQ2Network' must contain a non-null value when exiting constructor. Consider adding the 'required' modifier or declaring the field as nullable. [C:\Users\cheat\source\repos\worktrees\pr-481-1763014665\src\AiDotNet.csproj::TargetFramework=net462]
C:\Users\cheat\source\repos\worktrees\pr-481-1763014665\src\ReinforcementLearning\Agents\CQL\CQLAgent.cs(55,12): error CS8618: Non-nullable field '_offlineBuffer' must contain a non-null value when exiting constructor. Consider adding the 'required' modifier or declaring the field as nullable. [C:\Users\cheat\source\repos\worktrees\pr-481-1763014665\src\AiDotNet.csproj::TargetFramework=net462]
C:\Users\cheat\source\repos\worktrees\pr-481-1763014665\src\ReinforcementLearning\Agents\A2C\A2CAgent.cs(631,24): error CS1061: 'INumericOperations<T>' does not contain a definition for 'Compare' and no accessible extension method 'Compare' accepting a first argument of type 'INumericOperations<T>' could be found (are you missing a using directive or an assembly reference?) [C:\Users\cheat\source\repos\worktrees\pr-481-1763014665\src\AiDotNet.csproj::TargetFramework=net462]
C:\Users\cheat\source\repos\worktrees\pr-481-1763014665\src\ReinforcementLearning\Agents\AdvancedRL\LinearSARSAAgent.cs(195,37): error CS1503: Argument 1: cannot convert from 'AiDotNet.LinearAlgebra.Matrix<T>' to 'AiDotNet.LinearAlgebra.Vector<T>' [C:\Users\cheat\source\repos\worktrees\pr-481-1763014665\src\AiDotNet.csproj::TargetFramework=net462]
C:\Users\cheat\source\repos\worktrees\pr-481-1763014665\src\ReinforcementLearning\Agents\AdvancedRL\LinearSARSAAgent.cs(195,68): error CS1503: Argument 2: cannot convert from 'AiDotNet.LinearAlgebra.Matrix<T>' to 'AiDotNet.LinearAlgebra.Vector<T>' [C:\Users\cheat\source\repos\worktrees\pr-481-1763014665\src\AiDotNet.csproj::TargetFramework=net462]
C:\Users\cheat\source\repos\worktrees\pr-481-1763014665\src\ReinforcementLearning\Agents\AdvancedRL\LinearSARSAAgent.cs(196,43): error CS1503: Argument 1: cannot convert from 'AiDotNet.LinearAlgebra.Matrix<T>' to 'AiDotNet.LinearAlgebra.Vector<T>' [C:\Users\cheat\source\repos\worktrees\pr-481-1763014665\src\AiDotNet.csproj::TargetFramework=net462]
C:\Users\cheat\source\repos\worktrees\pr-481-1763014665\src\ReinforcementLearning\Agents\AdvancedRL\LinearSARSAAgent.cs(196,74): error CS1503: Argument 2: cannot convert from 'AiDotNet.LinearAlgebra.Matrix<T>' to 'AiDotNet.LinearAlgebra.Vector<T>' [C:\Users\cheat\source\repos\worktrees\pr-481-1763014665\src\AiDotNet.csproj::TargetFramework=net462]
C:\Users\cheat\source\repos\worktrees\pr-481-1763014665\src\ReinforcementLearning\Agents\CQL\CQLAgent.cs(83,27): error CS7036: There is no argument given that corresponds to the required parameter 'architecture' of 'NeuralNetwork<T>.NeuralNetwork(NeuralNetworkArchitecture<T>, ILossFunction<T>?)' [C:\Users\cheat\source\repos\worktrees\pr-481-1763014665\src\AiDotNet.csproj::TargetFramework=net462]
C:\Users\cheat\source\repos\worktrees\pr-481-1763014665\src\ReinforcementLearning\Agents\CQL\CQLAgent.cs(88,21): error CS7036: There is no argument given that corresponds to the required parameter 'units' of 'NeuralNetworkBase<T>.AddLayer(LayerType, int, ActivationFunction)' [C:\Users\cheat\source\repos\worktrees\pr-481-1763014665\src\AiDotNet.csproj::TargetFramework=net462]
C:\Users\cheat\source\repos\worktrees\pr-481-1763014665\src\ReinforcementLearning\Agents\CQL\CQLAgent.cs(89,57): error CS0246: The type or namespace name 'ReLU<>' could not be found (are you missing a using directive or an assembly reference?) [C:\Users\cheat\source\repos\worktrees\pr-481-1763014665\src\AiDotNet.csproj::TargetFramework=net462]
C:\Users\cheat\source\repos\worktrees\pr-481-1763014665\src\ReinforcementLearning\Agents\CQL\CQLAgent.cs(89,34): error CS1729: 'ActivationLayer<T>' does not contain a constructor that takes 1 arguments [C:\Users\cheat\source\repos\worktrees\pr-481-1763014665\src\AiDotNet.csproj::TargetFramework=net462]
C:\Users\cheat\source\repos\worktrees\pr-481-1763014665\src\ReinforcementLearning\Agents\CQL\CQLAgent.cs(94,17): error CS7036: There is no argument given that corresponds to the required parameter 'units' of 'NeuralNetworkBase<T>.AddLayer(LayerType, int, ActivationFunction)' [C:\Users\cheat\source\repos\worktrees\pr-481-1763014665\src\AiDotNet.csproj::TargetFramework=net462]
C:\Users\cheat\source\repos\worktrees\pr-481-1763014665\src\ReinforcementLearning\Agents\Bandits\EpsilonGreedyBanditAgent.cs(107,218): error CS1503: Argument 1: cannot convert from 'AiDotNet.LinearAlgebra.Matrix<T>' to 'AiDotNet.LinearAlgebra.Vector<T>' [C:\Users\cheat\source\repos\worktrees\pr-481-1763014665\src\AiDotNet.csproj::TargetFramework=net462]
C:\Users\cheat\source\repos\worktrees\pr-481-1763014665\src\ReinforcementLearning\Agents\Bandits\EpsilonGreedyBanditAgent.cs(107,249): error CS1503: Argument 2: cannot convert from 'AiDotNet.LinearAlgebra.Matrix<T>' to 'AiDotNet.LinearAlgebra.Vector<T>' [C:\Users\cheat\source\repos\worktrees\pr-481-1763014665\src\AiDotNet.csproj::TargetFramework=net462]
C:\Users\cheat\source\repos\worktrees\pr-481-1763014665\src\ReinforcementLearning\Agents\Bandits\EpsilonGreedyBanditAgent.cs(107,317): error CS1503: Argument 1: cannot convert from 'AiDotNet.LinearAlgebra.Matrix<T>' to 'AiDotNet.LinearAlgebra.Vector<T>' [C:\Users\cheat\source\repos\worktrees\pr-481-1763014665\src\AiDotNet.csproj::TargetFramework=net462]
C:\Users\cheat\source\repos\worktrees\pr-481-1763014665\src\ReinforcementLearning\Agents\Bandits\EpsilonGreedyBanditAgent.cs(107,348): error CS1503: Argument 2: cannot convert from 'AiDotNet.LinearAlgebra.Matrix<T>' to 'AiDotNet.LinearAlgebra.Vector<T>' [C:\Users\cheat\source\repos\worktrees\pr-481-1763014665\src\AiDotNet.csproj::TargetFramework=net462]
C:\Users\cheat\source\repos\worktrees\pr-481-1763014665\src\ReinforcementLearning\Agents\CQL\CQLAgent.cs(101,27): error CS7036: There is no argument given that corresponds to the required parameter 'architecture' of 'NeuralNetwork<T>.NeuralNetwork(NeuralNetworkArchitecture<T>, ILossFunction<T>?)' [C:\Users\cheat\source\repos\worktrees\pr-481-1763014665\src\AiDotNet.csproj::TargetFramework=net462]
C:\Users\cheat\source\repos\worktrees\pr-481-1763014665\src\ReinforcementLearning\Agents\CQL\CQLAgent.cs(107,21): error CS7036: There is no argument given that corresponds to the required parameter 'units' of 'NeuralNetworkBase<T>.AddLayer(LayerType, int, ActivationFunction)' [C:\Users\cheat\source\repos\worktrees\pr-481-1763014665\src\AiDotNet.csproj::TargetFramework=net462]
C:\Users\cheat\source\repos\worktrees\pr-481-1763014665\src\ReinforcementLearning\Agents\CQL\CQLAgent.cs(108,57): error CS0246: The type or namespace name 'ReLU<>' could not be found (are you missing a using directive or an assembly reference?) [C:\Users\cheat\source\repos\worktrees\pr-481-1763014665\src\AiDotNet.csproj::TargetFramework=net462]
C:\Users\cheat\source\repos\worktrees\pr-481-1763014665\src\ReinforcementLearning\Agents\CQL\CQLAgent.cs(108,34): error CS1729: 'ActivationLayer<T>' does not contain a constructor that takes 1 arguments [C:\Users\cheat\source\repos\worktrees\pr-481-1763014665\src\AiDotNet.csproj::TargetFramework=net462]
C:\Users\cheat\source\repos\worktrees\pr-481-1763014665\src\ReinforcementLearning\Agents\CQL\CQLAgent.cs(112,17): error CS7036: There is no argument given that corresponds to the required parameter 'units' of 'NeuralNetworkBase<T>.AddLayer(LayerType, int, ActivationFunction)' [C:\Users\cheat\source\repos\worktrees\pr-481-1763014665\src\AiDotNet.csproj::TargetFramework=net462]
C:\Users\cheat\source\repos\worktrees\pr-481-1763014665\src\ReinforcementLearning\Agents\Bandits\UCBBanditAgent.cs(127,218): error CS1503: Argument 1: cannot convert from 'AiDotNet.LinearAlgebra.Matrix<T>' to 'AiDotNet.LinearAlgebra.Vector<T>' [C:\Users\cheat\source\repos\worktrees\pr-481-1763014665\src\AiDotNet.csproj::TargetFramework=net462]
C:\Users\cheat\source\repos\worktrees\pr-481-1763014665\src\ReinforcementLearning\Agents\Bandits\UCBBanditAgent.cs(127,249): error CS1503: Argument 2: cannot convert from 'AiDotNet.LinearAlgebra.Matrix<T>' to 'AiDotNet.LinearAlgebra.Vector<T>' [C:\Users\cheat\source\repos\worktrees\pr-481-1763014665\src\AiDotNet.csproj::TargetFramework=net462]
C:\Users\cheat\source\repos\worktrees\pr-481-1763014665\src\ReinforcementLearning\Agents\Bandits\UCBBanditAgent.cs(127,317): error CS1503: Argument 1: cannot convert from 'AiDotNet.LinearAlgebra.Matrix<T>' to 'AiDotNet.LinearAlgebra.Vector<T>' [C:\Users\cheat\source\repos\worktrees\pr-481-1763014665\src\AiDotNet.csproj::TargetFramework=net462]
C:\Users\cheat\source\repos\worktrees\pr-481-1763014665\src\ReinforcementLearning\Agents\Bandits\UCBBanditAgent.cs(127,348): error CS1503: Argument 2: cannot convert from 'AiDotNet.LinearAlgebra.Matrix<T>' to 'AiDotNet.LinearAlgebra.Vector<T>' [C:\Users\cheat\source\repos\worktrees\pr-481-1763014665\src\AiDotNet.csproj::TargetFramework=net462]
C:\Users\cheat\source\repos\worktrees\pr-481-1763014665\src\ReinforcementLearning\Agents\CQL\CQLAgent.cs(129,28): error CS1501: No overload for method 'Add' takes 5 arguments [C:\Users\cheat\source\repos\worktrees\pr-481-1763014665\src\AiDotNet.csproj::TargetFramework=net462]
C:\Users\cheat\source\repos\worktrees\pr-481-1763014665\src\ReinforcementLearning\Agents\A3C\A3CAgent.cs(383,13): error CS0103: The name '_a3cOptions' does not exist in the current context [C:\Users\cheat\source\repos\worktrees\pr-481-1763014665\src\AiDotNet.csproj::TargetFramework=net462]
C:\Users\cheat\source\repos\worktrees\pr-481-1763014665\src\ReinforcementLearning\Agents\DecisionTransformer\DecisionTransformerAgent.cs(50,12): error CS8618: Non-nullable field '_transformerNetwork' must contain a non-null value when exiting constructor. Consider adding the 'required' modifier or declaring the field as nullable. [C:\Users\cheat\source\repos\worktrees\pr-481-1763014665\src\AiDotNet.csproj::TargetFramework=net462]
C:\Users\cheat\source\repos\worktrees\pr-481-1763014665\src\ReinforcementLearning\Agents\CQL\CQLAgent.cs(135,51): error CS1503: Argument 1: cannot convert from 'AiDotNet.LinearAlgebra.Vector<T>' to 'AiDotNet.LinearAlgebra.Tensor<T>' [C:\Users\cheat\source\repos\worktrees\pr-481-1763014665\src\AiDotNet.csproj::TargetFramework=net462]
C:\Users\cheat\source\repos\worktrees\pr-481-1763014665\src\ReinforcementLearning\Agents\CQL\CQLAgent.cs(177,24): error CS1501: No overload for method 'Add' takes 5 arguments [C:\Users\cheat\source\repos\worktrees\pr-481-1763014665\src\AiDotNet.csproj::TargetFramework=net462]
C:\Users\cheat\source\repos\worktrees\pr-481-1763014665\src\ReinforcementLearning\Agents\Bandits\GradientBanditAgent.cs(177,218): error CS1503: Argument 1: cannot convert from 'AiDotNet.LinearAlgebra.Matrix<T>' to 'AiDotNet.LinearAlgebra.Vector<T>' [C:\Users\cheat\source\repos\worktrees\pr-481-1763014665\src\AiDotNet.csproj::TargetFramework=net462]
C:\Users\cheat\source\repos\worktrees\pr-481-1763014665\src\ReinforcementLearning\Agents\Bandits\GradientBanditAgent.cs(177,249): error CS1503: Argument 2: cannot convert from 'AiDotNet.LinearAlgebra.Matrix<T>' to 'AiDotNet.LinearAlgebra.Vector<T>' [C:\Users\cheat\source\repos\worktrees\pr-481-1763014665\src\AiDotNet.csproj::TargetFramework=net462]
C:\Users\cheat\source\repos\worktrees\pr-481-1763014665\src\ReinforcementLearning\Agents\Bandits\GradientBanditAgent.cs(177,317): error CS1503: Argument 1: cannot convert from 'AiDotNet.LinearAlgebra.Matrix<T>' to 'AiDotNet.LinearAlgebra.Vector<T>' [C:\Users\cheat\source\repos\worktrees\pr-481-1763014665\src\AiDotNet.csproj::TargetFramework=net462]
C:\Users\cheat\source\repos\worktrees\pr-481-1763014665\src\ReinforcementLearning\Agents\Bandits\GradientBanditAgent.cs(177,348): error CS1503: Argument 2: cannot convert from 'AiDotNet.LinearAlgebra.Matrix<T>' to 'AiDotNet.LinearAlgebra.Vector<T>' [C:\Users\cheat\source\repos\worktrees\pr-481-1763014665\src\AiDotNet.csproj::TargetFramework=net462]
C:\Users\cheat\source\repos\worktrees\pr-481-1763014665\src\ReinforcementLearning\Agents\CQL\CQLAgent.cs(192,35): error CS1503: Argument 1: cannot convert from 'System.Collections.Generic.List<AiDotNet.ReinforcementLearning.ReplayBuffers.Experience<T>>' to 'System.Collections.Generic.List<(AiDotNet.LinearAlgebra.Vector<T> state, AiDotNet.LinearAlgebra.Vector<T> action, T reward, AiDotNet.LinearAlgebra.Vector<T> nextState, bool done)>' [C:\Users\cheat\source\repos\worktrees\pr-481-1763014665\src\AiDotNet.csproj::TargetFramework=net462]
C:\Users\cheat\source\repos\worktrees\pr-481-1763014665\src\ReinforcementLearning\Agents\CQL\CQLAgent.cs(196,37): error CS1503: Argument 1: cannot convert from 'System.Collections.Generic.List<AiDotNet.ReinforcementLearning.ReplayBuffers.Experience<T>>' to 'System.Collections.Generic.List<(AiDotNet.LinearAlgebra.Vector<T> state, AiDotNet.LinearAlgebra.Vector<T> action, T reward, AiDotNet.LinearAlgebra.Vector<T> nextState, bool done)>' [C:\Users\cheat\source\repos\worktrees\pr-481-1763014665\src\AiDotNet.csproj::TargetFramework=net462]
C:\Users\cheat\source\repos\worktrees\pr-481-1763014665\src\ReinforcementLearning\Agents\CQL\CQLAgent.cs(202,31): error CS1503: Argument 1: cannot convert from 'System.Collections.Generic.List<AiDotNet.ReinforcementLearning.ReplayBuffers.Experience<T>>' to 'System.Collections.Generic.List<(AiDotNet.LinearAlgebra.Vector<T> state, AiDotNet.LinearAlgebra.Vector<T> action, T reward, AiDotNet.LinearAlgebra.Vector<T> nextState, bool done)>' [C:\Users\cheat\source\repos\worktrees\pr-481-1763014665\src\AiDotNet.csproj::TargetFramework=net462]
C:\Users\cheat\source\repos\worktrees\pr-481-1763014665\src\ReinforcementLearning\Agents\DecisionTransformer\DecisionTransformerAgent.cs(73,32): error CS1729: 'NeuralNetworkArchitecture<T>' does not contain a constructor that takes 0 arguments [C:\Users\cheat\source\repos\worktrees\pr-481-1763014665\src\AiDotNet.csproj::TargetFramework=net462]
C:\Users\cheat\source\repos\worktrees\pr-481-1763014665\src\ReinforcementLearning\Agents\DecisionTransformer\DecisionTransformerAgent.cs(75,13): error CS0200: Property or indexer 'NeuralNetworkArchitecture<T>.TaskType' cannot be assigned to -- it is read only [C:\Users\cheat\source\repos\worktrees\pr-481-1763014665\src\AiDotNet.csproj::TargetFramework=net462]
C:\Users\cheat\source\repos\worktrees\pr-481-1763014665\src\ReinforcementLearning\Agents\DecisionTransformer\DecisionTransformerAgent.cs(91,28): error CS1061: 'DenseLayer<T>' does not contain a definition for 'GetWeights' and no accessible extension method 'GetWeights' accepting a first argument of type 'DenseLayer<T>' could be found (are you missing a using directive or an assembly reference?) [C:\Users\cheat\source\repos\worktrees\pr-481-1763014665\src\AiDotNet.csproj::TargetFramework=net462]
C:\Users\cheat\source\repos\worktrees\pr-481-1763014665\src\ReinforcementLearning\Agents\DecisionTransformer\DecisionTransformerAgent.cs(97,9): error CS0200: Property or indexer 'NeuralNetworkArchitecture<T>.Layers' cannot be assigned to -- it is read only [C:\Users\cheat\source\repos\worktrees\pr-481-1763014665\src\AiDotNet.csproj::TargetFramework=net462]
C:\Users\cheat\source\repos\worktrees\pr-481-1763014665\src\ReinforcementLearning\Agents\DDPG\DDPGAgent.cs(117,32): error CS1729: 'NeuralNetworkArchitecture<T>' does not contain a constructor that takes 0 arguments [C:\Users\cheat\source\repos\worktrees\pr-481-1763014665\src\AiDotNet.csproj::TargetFramework=net462]
C:\Users\cheat\source\repos\worktrees\pr-481-1763014665\src\ReinforcementLearning\Agents\DDPG\DDPGAgent.cs(119,13): error CS0200: Property or indexer 'NeuralNetworkArchitecture<T>.Layers' cannot be assigned to -- it is read only [C:\Users\cheat\source\repos\worktrees\pr-481-1763014665\src\AiDotNet.csproj::TargetFramework=net462]
C:\Users\cheat\source\repos\worktrees\pr-481-1763014665\src\ReinforcementLearning\Agents\DDPG\DDPGAgent.cs(120,13): error CS0200: Property or indexer 'NeuralNetworkArchitecture<T>.TaskType' cannot be assigned to -- it is read only [C:\Users\cheat\source\repos\worktrees\pr-481-1763014665\src\AiDotNet.csproj::TargetFramework=net462]
C:\Users\cheat\source\repos\worktrees\pr-481-1763014665\src\ReinforcementLearning\Agents\A3C\A3CAgent.cs(467,39): error CS1061: 'INeuralNetwork<T>' does not contain a definition for 'GetFlattenedGradients' and no accessible extension method 'GetFlattenedGradients' accepting a first argument of type 'INeuralNetwork<T>' could be found (are you missing a using directive or an assembly reference?) [C:\Users\cheat\source\repos\worktrees\pr-481-1763014665\src\AiDotNet.csproj::TargetFramework=net462]
C:\Users\cheat\source\repos\worktrees\pr-481-1763014665\src\ReinforcementLearning\Agents\DDPG\DDPGAgent.cs(140,79): error CS0246: The type or namespace name 'LinearActivation<>' could not be found (are you missing a using directive or an assembly reference?) [C:\Users\cheat\source\repos\worktrees\pr-481-1763014665\src\AiDotNet.csproj::TargetFramework=net462]
C:\Users\cheat\source\repos\worktrees\pr-481-1763014665\src\ReinforcementLearning\Agents\DDPG\DDPGAgent.cs(142,32): error CS1729: 'NeuralNetworkArchitecture<T>' does not contain a constructor that takes 0 arguments [C:\Users\cheat\source\repos\worktrees\pr-481-1763014665\src\AiDotNet.csproj::TargetFramework=net462]
C:\Users\cheat\source\repos\worktrees\pr-481-1763014665\src\ReinforcementLearning\Agents\DDPG\DDPGAgent.cs(144,13): error CS0200: Property or indexer 'NeuralNetworkArchitecture<T>.Layers' cannot be assigned to -- it is read only [C:\Users\cheat\source\repos\worktrees\pr-481-1763014665\src\AiDotNet.csproj::TargetFramework=net462]
C:\Users\cheat\source\repos\worktrees\pr-481-1763014665\src\ReinforcementLearning\Agents\DDPG\DDPGAgent.cs(145,13): error CS0200: Property or indexer 'NeuralNetworkArchitecture<T>.TaskType' cannot be assigned to -- it is read only [C:\Users\cheat\source\repos\worktrees\pr-481-1763014665\src\AiDotNet.csproj::TargetFramework=net462]
C:\Users\cheat\source\repos\worktrees\pr-481-1763014665\src\ReinforcementLearning\Agents\AdvancedRL\LSTDAgent.cs(168,28): error CS1061: 'INumericOperations<T>' does not contain a definition for 'Compare' and no accessible extension method 'Compare' accepting a first argument of type 'INumericOperations<T>' could be found (are you missing a using directive or an assembly reference?) [C:\Users\cheat\source\repos\worktrees\pr-481-1763014665\src\AiDotNet.csproj::TargetFramework=net462]
C:\Users\cheat\source\repos\worktrees\pr-481-1763014665\src\ReinforcementLearning\Agents\DDPG\DDPGAgent.cs(154,44): error CS1503: Argument 1: cannot convert from 'AiDotNet.LinearAlgebra.Vector<T>' to 'AiDotNet.LinearAlgebra.Tensor<T>' [C:\Users\cheat\source\repos\worktrees\pr-481-1763014665\src\AiDotNet.csproj::TargetFramework=net462]
C:\Users\cheat\source\repos\worktrees\pr-481-1763014665\src\ReinforcementLearning\Agents\DDPG\DDPGAgent.cs(170,16): error CS0029: Cannot implicitly convert type 'AiDotNet.LinearAlgebra.Tensor<T>' to 'AiDotNet.LinearAlgebra.Vector<T>' [C:\Users\cheat\source\repos\worktrees\pr-481-1763014665\src\AiDotNet.csproj::TargetFramework=net462]
C:\Users\cheat\source\repos\worktrees\pr-481-1763014665\src\ReinforcementLearning\Agents\DDPG\DDPGAgent.cs(176,31): error CS0104: 'Experience<>' is an ambiguous reference between 'AiDotNet.NeuralNetworks.Experience<T>' and 'AiDotNet.ReinforcementLearning.ReplayBuffers.Experience<T>' [C:\Users\cheat\source\repos\worktrees\pr-481-1763014665\src\AiDotNet.csproj::TargetFramework=net462]
C:\Users\cheat\source\repos\worktrees\pr-481-1763014665\src\ReinforcementLearning\Agents\CQL\CQLAgent.cs(223,58): error CS1503: Argument 1: cannot convert from 'AiDotNet.LinearAlgebra.Vector<T>' to 'AiDotNet.LinearAlgebra.Tensor<T>' [C:\Users\cheat\source\repos\worktrees\pr-481-1763014665\src\AiDotNet.csproj::TargetFramework=net462]
C:\Users\cheat\source\repos\worktrees\pr-481-1763014665\src\ReinforcementLearning\Agents\CQL\CQLAgent.cs(224,58): error CS1503: Argument 1: cannot convert from 'AiDotNet.LinearAlgebra.Vector<T>' to 'AiDotNet.LinearAlgebra.Tensor<T>' [C:\Users\cheat\source\repos\worktrees\pr-481-1763014665\src\AiDotNet.csproj::TargetFramework=net462]
C:\Users\cheat\source\repos\worktrees\pr-481-1763014665\src\ReinforcementLearning\Agents\CQL\CQLAgent.cs(233,38): error CS1061: '(Vector<T> state, Vector<T> action, T reward, Vector<T> nextState, bool done)' does not contain a definition for 'Reward' and no accessible extension method 'Reward' accepting a first argument of type '(Vector<T> state, Vector<T> action, T reward, Vector<T> nextState, bool done)' could be found (are you missing a using directive or an assembly reference?) [C:\Users\cheat\source\repos\worktrees\pr-481-1763014665\src\AiDotNet.csproj::TargetFramework=net462]
C:\Users\cheat\source\repos\worktrees\pr-481-1763014665\src\ReinforcementLearning\Agents\CQL\CQLAgent.cs(238,50): error CS1061: '(Vector<T> state, Vector<T> action, T reward, Vector<T> nextState, bool done)' does not contain a definition for 'Reward' and no accessible extension method 'Reward' accepting a first argument of type '(Vector<T> state, Vector<T> action, T reward, Vector<T> nextState, bool done)' could be found (are you missing a using directive or an assembly reference?) [C:\Users\cheat\source\repos\worktrees\pr-481-1763014665\src\AiDotNet.csproj::TargetFramework=net462]
C:\Users\cheat\source\repos\worktrees\pr-481-1763014665\src\ReinforcementLearning\Agents\CQL\CQLAgent.cs(242,83): error CS1061: '(Vector<T> state, Vector<T> action, T reward, Vector<T> nextState, bool done)' does not contain a definition for 'Action' and no accessible extension method 'Action' accepting a first argument of type '(Vector<T> state, Vector<T> action, T reward, Vector<T> nextState, bool done)' could be found (are you missing a using directive or an assembly reference?) [C:\Users\cheat\source\repos\worktrees\pr-481-1763014665\src\AiDotNet.csproj::TargetFramework=net462]
C:\Users\cheat\source\repos\worktrees\pr-481-1763014665\src\ReinforcementLearning\Agents\CQL\CQLAgent.cs(243,46): error CS1503: Argument 1: cannot convert from 'AiDotNet.LinearAlgebra.Vector<T>' to 'AiDotNet.LinearAlgebra.Tensor<T>' [C:\Users\cheat\source\repos\worktrees\pr-481-1763014665\src\AiDotNet.csproj::TargetFramework=net462]
C:\Users\cheat\source\repos\worktrees\pr-481-1763014665\src\ReinforcementLearning\Agents\CQL\CQLAgent.cs(244,46): error CS1503: Argument 1: cannot convert from 'AiDotNet.LinearAlgebra.Vector<T>' to 'AiDotNet.LinearAlgebra.Tensor<T>' [C:\Users\cheat\source\repos\worktrees\pr-481-1763014665\src\AiDotNet.csproj::TargetFramework=net462]
C:\Users\cheat\source\repos\worktrees\pr-481-1763014665\src\ReinforcementLearning\Agents\CQL\CQLAgent.cs(247,77): error CS1061: '(Vector<T> state, Vector<T> action, T reward, Vector<T> nextState, bool done)' does not contain a definition for 'Action' and no accessible extension method 'Action' accepting a first argument of type '(Vector<T> state, Vector<T> action, T reward, Vector<T> nextState, bool done)' could be found (are you missing a using directive or an assembly reference?) [C:\Users\cheat\source\repos\worktrees\pr-481-1763014665\src\AiDotNet.csproj::TargetFramework=net462]
C:\Users\cheat\source\repos\worktrees\pr-481-1763014665\src\ReinforcementLearning\Agents\CQL\CQLAgent.cs(265,38): error CS1503: Argument 1: cannot convert from 'AiDotNet.LinearAlgebra.Vector<T>' to 'AiDotNet.LinearAlgebra.Tensor<T>' [C:\Users\cheat\source\repos\worktrees\pr-481-1763014665\src\AiDotNet.csproj::TargetFramework=net462]
C:\Users\cheat\source\repos\worktrees\pr-481-1763014665\src\ReinforcementLearning\Agents\CQL\CQLAgent.cs(266,41): error CS1503: Argument 1: cannot convert from 'T' to 'AiDotNet.LinearAlgebra.Vector<T>' [C:\Users\cheat\source\repos\worktrees\pr-481-1763014665\src\AiDotNet.csproj::TargetFramework=net462]
C:\Users\cheat\source\repos\worktrees\pr-481-1763014665\src\ReinforcementLearning\Agents\CQL\CQLAgent.cs(274,38): error CS1503: Argument 1: cannot convert from 'AiDotNet.LinearAlgebra.Vector<T>' to 'AiDotNet.LinearAlgebra.Tensor<T>' [C:\Users\cheat\source\repos\worktrees\pr-481-1763014665\src\AiDotNet.csproj::TargetFramework=net462]
C:\Users\cheat\source\repos\worktrees\pr-481-1763014665\src\ReinforcementLearning\Agents\CQL\CQLAgent.cs(275,41): error CS1503: Argument 1: cannot convert from 'T' to 'AiDotNet.LinearAlgebra.Vector<T>' [C:\Users\cheat\source\repos\worktrees\pr-481-1763014665\src\AiDotNet.csproj::TargetFramework=net462]
C:\Users\cheat\source\repos\worktrees\pr-481-1763014665\src\ReinforcementLearning\Agents\DecisionTransformer\DecisionTransformerAgent.cs(168,56): error CS1503: Argument 1: cannot convert from 'AiDotNet.LinearAlgebra.Vector<T>' to 'AiDotNet.LinearAlgebra.Tensor<T>' [C:\Users\cheat\source\repos\worktrees\pr-481-1763014665\src\AiDotNet.csproj::TargetFramework=net462]
C:\Users\cheat\source\repos\worktrees\pr-481-1763014665\src\ReinforcementLearning\Agents\DecisionTransformer\DecisionTransformerAgent.cs(171,37): error CS1503: Argument 1: cannot convert from 'AiDotNet.LinearAlgebra.Tensor<T>' to 'AiDotNet.LinearAlgebra.Vector<T>' [C:\Users\cheat\source\repos\worktrees\pr-481-1763014665\src\AiDotNet.csproj::TargetFramework=net462]
C:\Users\cheat\source\repos\worktrees\pr-481-1763014665\src\ReinforcementLearning\Agents\DecisionTransformer\DecisionTransformerAgent.cs(173,16): error CS0029: Cannot implicitly convert type 'AiDotNet.LinearAlgebra.Tensor<T>' to 'AiDotNet.LinearAlgebra.Vector<T>' [C:\Users\cheat\source\repos\worktrees\pr-481-1763014665\src\AiDotNet.csproj::TargetFramework=net462]
C:\Users\cheat\source\repos\worktrees\pr-481-1763014665\src\ReinforcementLearning\Agents\CQL\CQLAgent.cs(301,47): error CS1503: Argument 1: cannot convert from 'AiDotNet.LinearAlgebra.Vector<T>' to 'AiDotNet.LinearAlgebra.Tensor<T>' [C:\Users\cheat\source\repos\worktrees\pr-481-1763014665\src\AiDotNet.csproj::TargetFramework=net462]
C:\Users\cheat\source\repos\worktrees\pr-481-1763014665\src\ReinforcementLearning\Agents\CQL\CQLAgent.cs(302,47): error CS1503: Argument 1: cannot convert from 'AiDotNet.LinearAlgebra.Vector<T>' to 'AiDotNet.LinearAlgebra.Tensor<T>' [C:\Users\cheat\source\repos\worktrees\pr-481-1763014665\src\AiDotNet.csproj::TargetFramework=net462]
C:\Users\cheat\source\repos\worktrees\pr-481-1763014665\src\ReinforcementLearning\Agents\DDPG\DDPGAgent.cs(214,58): error CS1503: Argument 1: cannot convert from 'AiDotNet.LinearAlgebra.Vector<T>' to 'AiDotNet.LinearAlgebra.Tensor<T>' [C:\Users\cheat\source\repos\worktrees\pr-481-1763014665\src\AiDotNet.csproj::TargetFramework=net462]
C:\Users\cheat\source\repos\worktrees\pr-481-1763014665\src\ReinforcementLearning\Agents\DDPG\DDPGAgent.cs(215,73): error CS1503: Argument 2: cannot convert from 'AiDotNet.LinearAlgebra.Tensor<T>' to 'AiDotNet.LinearAlgebra.Vector<T>' [C:\Users\cheat\source\repos\worktrees\pr-481-1763014665\src\AiDotNet.csproj::TargetFramework=net462]
C:\Users\cheat\source\repos\worktrees\pr-481-1763014665\src\ReinforcementLearning\Agents\DDPG\DDPGAgent.cs(216,54): error CS1503: Argument 1: cannot convert from 'AiDotNet.LinearAlgebra.Vector<T>' to 'AiDotNet.LinearAlgebra.Tensor<T>' [C:\Users\cheat\source\repos\worktrees\pr-481-1763014665\src\AiDotNet.csproj::TargetFramework=net462]
C:\Users\cheat\source\repos\worktrees\pr-481-1763014665\src\ReinforcementLearning\Agents\DDPG\DDPGAgent.cs(230,51): error CS1503: Argument 1: cannot convert from 'AiDotNet.LinearAlgebra.Vector<T>' to 'AiDotNet.LinearAlgebra.Tensor<T>' [C:\Users\cheat\source\repos\worktrees\pr-481-1763014665\src\AiDotNet.csproj::TargetFramework=net462]
C:\Users\cheat\source\repos\worktrees\pr-481-1763014665\src\ReinforcementLearning\Agents\DDPG\DDPGAgent.cs(239,56): error CS1061: 'ILossFunction<T>' does not contain a definition for 'ComputeGradient' and no accessible extension method 'ComputeGradient' accepting a first argument of type 'ILossFunction<T>' could be found (are you missing a using directive or an assembly reference?) [C:\Users\cheat\source\repos\worktrees\pr-481-1763014665\src\AiDotNet.csproj::TargetFramework=net462]
C:\Users\cheat\source\repos\worktrees\pr-481-1763014665\src\ReinforcementLearning\Agents\DDPG\DDPGAgent.cs(256,48): error CS1503: Argument 1: cannot convert from 'AiDotNet.LinearAlgebra.Vector<T>' to 'AiDotNet.LinearAlgebra.Tensor<T>' [C:\Users\cheat\source\repos\worktrees\pr-481-1763014665\src\AiDotNet.csproj::TargetFramework=net462]
C:\Users\cheat\source\repos\worktrees\pr-481-1763014665\src\ReinforcementLearning\Agents\DDPG\DDPGAgent.cs(259,65): error CS1503: Argument 2: cannot convert from 'AiDotNet.LinearAlgebra.Tensor<T>' to 'AiDotNet.LinearAlgebra.Vector<T>' [C:\Users\cheat\source\repos\worktrees\pr-481-1763014665\src\AiDotNet.csproj::TargetFramework=net462]
C:\Users\cheat\source\repos\worktrees\pr-481-1763014665\src\ReinforcementLearning\Agents\DDPG\DDPGAgent.cs(260,44): error CS1503: Argument 1: cannot convert from 'AiDotNet.LinearAlgebra.Vector<T>' to 'AiDotNet.LinearAlgebra.Tensor<T>' [C:\Users\cheat\source\repos\worktrees\pr-481-1763014665\src\AiDotNet.csproj::TargetFramework=net462]
C:\Users\cheat\source\repos\worktrees\pr-481-1763014665\src\ReinforcementLearning\Agents\DDPG\DDPGAgent.cs(269,60): error CS1503: Argument 1: cannot convert from 'AiDotNet.LinearAlgebra.Tensor<T>' to 'AiDotNet.LinearAlgebra.Vector<T>' [C:\Users\cheat\source\repos\worktrees\pr-481-1763014665\src\AiDotNet.csproj::TargetFramework=net462]
C:\Users\cheat\source\repos\worktrees\pr-481-1763014665\src\ReinforcementLearning\Agents\DDPG\DDPGAgent.cs(270,41): error CS1503: Argument 1: cannot convert from 'AiDotNet.LinearAlgebra.Vector<T>' to 'AiDotNet.LinearAlgebra.Tensor<T>' [C:\Users\cheat\source\repos\worktrees\pr-481-1763014665\src\AiDotNet.csproj::TargetFramework=net462]
C:\Users\cheat\source\repos\worktrees\pr-481-1763014665\src\ReinforcementLearning\Agents\DecisionTransformer\DecisionTransformerAgent.cs(219,63): error CS1503: Argument 1: cannot convert from 'AiDotNet.LinearAlgebra.Vector<T>' to 'AiDotNet.LinearAlgebra.Tensor<T>' [C:\Users\cheat\source\repos\worktrees\pr-481-1763014665\src\AiDotNet.csproj::TargetFramework=net462]
C:\Users\cheat\source\repos\worktrees\pr-481-1763014665\src\ReinforcementLearning\Agents\DecisionTransformer\DecisionTransformerAgent.cs(238,33): error CS1061: 'INeuralNetwork<T>' does not contain a definition for 'Backpropagate' and no accessible extension method 'Backpropagate' accepting a first argument of type 'INeuralNetwork<T>' could be found (are you missing a using directive or an assembly reference?) [C:\Users\cheat\source\repos\worktrees\pr-481-1763014665\src\AiDotNet.csproj::TargetFramework=net462]
C:\Users\cheat\source\repos\worktrees\pr-481-1763014665\src\ReinforcementLearning\Agents\DecisionTransformer\DecisionTransformerAgent.cs(239,50): error CS1503: Argument 1: cannot convert from 'T' to 'AiDotNet.LinearAlgebra.Vector<T>' [C:\Users\cheat\source\repos\worktrees\pr-481-1763014665\src\AiDotNet.csproj::TargetFramework=net462]
C:\Users\cheat\source\repos\worktrees\pr-481-1763014665\src\ReinforcementLearning\Agents\CQL\CQLAgent.cs(325,46): error CS1503: Argument 1: cannot convert from 'AiDotNet.LinearAlgebra.Vector<T>' to 'AiDotNet.LinearAlgebra.Tensor<T>' [C:\Users\cheat\source\repos\worktrees\pr-481-1763014665\src\AiDotNet.csproj::TargetFramework=net462]
C:\Users\cheat\source\repos\worktrees\pr-481-1763014665\src\ReinforcementLearning\Agents\CQL\CQLAgent.cs(326,46): error CS1503: Argument 1: cannot convert from 'AiDotNet.LinearAlgebra.Vector<T>' to 'AiDotNet.LinearAlgebra.Tensor<T>' [C:\Users\cheat\source\repos\worktrees\pr-481-1763014665\src\AiDotNet.csproj::TargetFramework=net462]
C:\Users\cheat\source\repos\worktrees\pr-481-1763014665\src\ReinforcementLearning\Agents\CQL\CQLAgent.cs(337,55): error CS1503: Argument 1: cannot convert from 'AiDotNet.LinearAlgebra.Vector<T>' to 'AiDotNet.LinearAlgebra.Tensor<T>' [C:\Users\cheat\source\repos\worktrees\pr-481-1763014665\src\AiDotNet.csproj::TargetFramework=net462]
C:\Users\cheat\source\repos\worktrees\pr-481-1763014665\src\ReinforcementLearning\Agents\CQL\CQLAgent.cs(349,42): error CS1503: Argument 1: cannot convert from 'AiDotNet.LinearAlgebra.Vector<T>' to 'AiDotNet.LinearAlgebra.Tensor<T>' [C:\Users\cheat\source\repos\worktrees\pr-481-1763014665\src\AiDotNet.csproj::TargetFramework=net462]
C:\Users\cheat\source\repos\worktrees\pr-481-1763014665\src\ReinforcementLearning\Agents\CQL\CQLAgent.cs(350,45): error CS1503: Argument 1: cannot convert from 'T' to 'AiDotNet.LinearAlgebra.Vector<T>' [C:\Users\cheat\source\repos\worktrees\pr-481-1763014665\src\AiDotNet.csproj::TargetFramework=net462]
C:\Users\cheat\source\repos\worktrees\pr-481-1763014665\src\ReinforcementLearning\Agents\AdvancedRL\LSTDAgent.cs(314,37): error CS1503: Argument 1: cannot convert from 'AiDotNet.LinearAlgebra.Matrix<T>' to 'AiDotNet.LinearAlgebra.Vector<T>' [C:\Users\cheat\source\repos\worktrees\pr-481-1763014665\src\AiDotNet.csproj::TargetFramework=net462]
C:\Users\cheat\source\repos\worktrees\pr-481-1763014665\src\ReinforcementLearning\Agents\AdvancedRL\LSTDAgent.cs(314,68): error CS1503: Argument 2: cannot convert from 'AiDotNet.LinearAlgebra.Matrix<T>' to 'AiDotNet.LinearAlgebra.Vector<T>' [C:\Users\cheat\source\repos\worktrees\pr-481-1763014665\src\AiDotNet.csproj::TargetFramework=net462]
C:\Users\cheat\source\repos\worktrees\pr-481-1763014665\src\ReinforcementLearning\Agents\AdvancedRL\LSTDAgent.cs(315,43): error CS1503: Argument 1: cannot convert from 'AiDotNet.LinearAlgebra.Matrix<T>' to 'AiDotNet.LinearAlgebra.Vector<T>' [C:\Users\cheat\source\repos\worktrees\pr-481-1763014665\src\AiDotNet.csproj::TargetFramework=net462]
C:\Users\cheat\source\repos\worktrees\pr-481-1763014665\src\ReinforcementLearning\Agents\AdvancedRL\LSTDAgent.cs(315,74): error CS1503: Argument 2: cannot convert from 'AiDotNet.LinearAlgebra.Matrix<T>' to 'AiDotNet.LinearAlgebra.Vector<T>' [C:\Users\cheat\source\repos\worktrees\pr-481-1763014665\src\AiDotNet.csproj::TargetFramework=net462]
C:\Users\cheat\source\repos\worktrees\pr-481-1763014665\src\ReinforcementLearning\Agents\Bandits\ThompsonSamplingAgent.cs(148,218): error CS1503: Argument 1: cannot convert from 'AiDotNet.LinearAlgebra.Matrix<T>' to 'AiDotNet.LinearAlgebra.Vector<T>' [C:\Users\cheat\source\repos\worktrees\pr-481-1763014665\src\AiDotNet.csproj::TargetFramework=net462]
C:\Users\cheat\source\repos\worktrees\pr-481-1763014665\src\ReinforcementLearning\Agents\Bandits\ThompsonSamplingAgent.cs(148,249): error CS1503: Argument 2: cannot convert from 'AiDotNet.LinearAlgebra.Matrix<T>' to 'AiDotNet.LinearAlgebra.Vector<T>' [C:\Users\cheat\source\repos\worktrees\pr-481-1763014665\src\AiDotNet.csproj::TargetFramework=net462]
C:\Users\cheat\source\repos\worktrees\pr-481-1763014665\src\ReinforcementLearning\Agents\Bandits\ThompsonSamplingAgent.cs(148,317): error CS1503: Argument 1: cannot convert from 'AiDotNet.LinearAlgebra.Matrix<T>' to 'AiDotNet.LinearAlgebra.Vector<T>' [C:\Users\cheat\source\repos\worktrees\pr-481-1763014665\src\AiDotNet.csproj::TargetFramework=net462]
C:\Users\cheat\source\repos\worktrees\pr-481-1763014665\src\ReinforcementLearning\Agents\Bandits\ThompsonSamplingAgent.cs(148,348): error CS1503: Argument 2: cannot convert from 'AiDotNet.LinearAlgebra.Matrix<T>' to 'AiDotNet.LinearAlgebra.Vector<T>' [C:\Users\cheat\source\repos\worktrees\pr-481-1763014665\src\AiDotNet.csproj::TargetFramework=net462]
C:\Users\cheat\source\repos\worktrees\pr-481-1763014665\src\ReinforcementLearning\Agents\DecisionTransformer\DecisionTransformerAgent.cs(294,25): error CS0029: Cannot implicitly convert type 'string' to 'AiDotNet.Enums.ModelType' [C:\Users\cheat\source\repos\worktrees\pr-481-1763014665\src\AiDotNet.csproj::TargetFramework=net462]
C:\Users\cheat\source\repos\worktrees\pr-481-1763014665\src\ReinforcementLearning\Agents\DoubleQLearning\DoubleQLearningAgent.cs(211,25): error CS0029: Cannot implicitly convert type 'string' to 'AiDotNet.Enums.ModelType' [C:\Users\cheat\source\repos\worktrees\pr-481-1763014665\src\AiDotNet.csproj::TargetFramework=net462]
C:\Users\cheat\source\repos\worktrees\pr-481-1763014665\src\ReinforcementLearning\Agents\DDPG\DDPGAgent.cs(336,29): error CS1061: 'NeuralNetwork<T>' does not contain a definition for 'GetFlattenedGradients' and no accessible extension method 'GetFlattenedGradients' accepting a first argument of type 'NeuralNetwork<T>' could be found (are you missing a using directive or an assembly reference?) [C:\Users\cheat\source\repos\worktrees\pr-481-1763014665\src\AiDotNet.csproj::TargetFramework=net462]
C:\Users\cheat\source\repos\worktrees\pr-481-1763014665\src\ReinforcementLearning\Agents\CQL\CQLAgent.cs(370,35): error CS1061: 'NeuralNetwork<T>' does not contain a definition for 'GetLayers' and no accessible extension method 'GetLayers' accepting a first argument of type 'NeuralNetwork<T>' could be found (are you missing a using directive or an assembly reference?) [C:\Users\cheat\source\repos\worktrees\pr-481-1763014665\src\AiDotNet.csproj::TargetFramework=net462]
C:\Users\cheat\source\repos\worktrees\pr-481-1763014665\src\ReinforcementLearning\Agents\CQL\CQLAgent.cs(371,35): error CS1061: 'NeuralNetwork<T>' does not contain a definition for 'GetLayers' and no accessible extension method 'GetLayers' accepting a first argument of type 'NeuralNetwork<T>' could be found (are you missing a using directive or an assembly reference?) [C:\Users\cheat\source\repos\worktrees\pr-481-1763014665\src\AiDotNet.csproj::TargetFramework=net462]
C:\Users\cheat\source\repos\worktrees\pr-481-1763014665\src\ReinforcementLearning\Agents\CQL\CQLAgent.cs(377,49): error CS1061: 'DenseLayer<T>' does not contain a definition for 'GetWeights' and no accessible extension method 'GetWeights' accepting a first argument of type 'DenseLayer<T>' could be found (are you missing a using directive or an assembly reference?) [C:\Users\cheat\source\repos\worktrees\pr-481-1763014665\src\AiDotNet.csproj::TargetFramework=net462]
C:\Users\cheat\source\repos\worktrees\pr-481-1763014665\src\ReinforcementLearning\Agents\CQL\CQLAgent.cs(378,48): error CS1061: 'DenseLayer<T>' does not contain a definition for 'GetBiases' and no accessible extension method 'GetBiases' accepting a first argument of type 'DenseLayer<T>' could be found (are you missing a using directive or an assembly reference?) [C:\Users\cheat\source\repos\worktrees\pr-481-1763014665\src\AiDotNet.csproj::TargetFramework=net462]
C:\Users\cheat\source\repos\worktrees\pr-481-1763014665\src\ReinforcementLearning\Agents\CQL\CQLAgent.cs(379,49): error CS1061: 'DenseLayer<T>' does not contain a definition for 'GetWeights' and no accessible extension method 'GetWeights' accepting a first argument of type 'DenseLayer<T>' could be found (are you missing a using directive or an assembly reference?) [C:\Users\cheat\source\repos\worktrees\pr-481-1763014665\src\AiDotNet.csproj::TargetFramework=net462]
C:\Users\cheat\source\repos\worktrees\pr-481-1763014665\src\ReinforcementLearning\Agents\CQL\CQLAgent.cs(380,48): error CS1061: 'DenseLayer<T>' does not contain a definition for 'GetBiases' and no accessible extension method 'GetBiases' accepting a first argument of type 'DenseLayer<T>' could be found (are you missing a using directive or an assembly reference?) [C:\Users\cheat\source\repos\worktrees\pr-481-1763014665\src\AiDotNet.csproj::TargetFramework=net462]
C:\Users\cheat\source\repos\worktrees\pr-481-1763014665\src\ReinforcementLearning\Agents\CQL\CQLAgent.cs(394,26): error CS0136: A local or parameter named 'i' cannot be declared in this scope because that name is used in an enclosing local scope to define a local or parameter [C:\Users\cheat\source\repos\worktrees\pr-481-1763014665\src\AiDotNet.csproj::TargetFramework=net462]
C:\Users\cheat\source\repos\worktrees\pr-481-1763014665\src\ReinforcementLearning\Agents\CQL\CQLAgent.cs(402,29): error CS1061: 'DenseLayer<T>' does not contain a definition for 'SetBiases' and no accessible extension method 'SetBiases' accepting a first argument of type 'DenseLayer<T>' could be found (are you missing a using directive or an assembly reference?) [C:\Users\cheat\source\repos\worktrees\pr-481-1763014665\src\AiDotNet.csproj::TargetFramework=net462]
C:\Users\cheat\source\repos\worktrees\pr-481-1763014665\src\ReinforcementLearning\Agents\DecisionTransformer\DecisionTransformerAgent.cs(334,41): error CS1061: 'ILossFunction<T>' does not contain a definition for 'ComputeGradient' and no accessible extension method 'ComputeGradient' accepting a first argument of type 'ILossFunction<T>' could be found (are you missing a using directive or an assembly reference?) [C:\Users\cheat\source\repos\worktrees\pr-481-1763014665\src\AiDotNet.csproj::TargetFramework=net462]
C:\Users\cheat\source\repos\worktrees\pr-481-1763014665\src\ReinforcementLearning\Agents\DecisionTransformer\DecisionTransformerAgent.cs(340,29): error CS1061: 'INeuralNetwork<T>' does not contain a definition for 'Backpropagate' and no accessible extension method 'Backpropagate' accepting a first argument of type 'INeuralNetwork<T>' could be found (are you missing a using directive or an assembly reference?) [C:\Users\cheat\source\repos\worktrees\pr-481-1763014665\src\AiDotNet.csproj::TargetFramework=net462]
C:\Users\cheat\source\repos\worktrees\pr-481-1763014665\src\ReinforcementLearning\Agents\DecisionTransformer\DecisionTransformerAgent.cs(341,46): error CS1503: Argument 1: cannot convert from 'T' to 'AiDotNet.LinearAlgebra.Vector<T>' [C:\Users\cheat\source\repos\worktrees\pr-481-1763014665\src\AiDotNet.csproj::TargetFramework=net462]
C:\Users\cheat\source\repos\worktrees\pr-481-1763014665\src\ReinforcementLearning\Agents\CQL\CQLAgent.cs(409,35): error CS1061: 'NeuralNetwork<T>' does not contain a definition for 'GetLayers' and no accessible extension method 'GetLayers' accepting a first argument of type 'NeuralNetwork<T>' could be found (are you missing a using directive or an assembly reference?) [C:\Users\cheat\source\repos\worktrees\pr-481-1763014665\src\AiDotNet.csproj::TargetFramework=net462]
C:\Users\cheat\source\repos\worktrees\pr-481-1763014665\src\ReinforcementLearning\Agents\CQL\CQLAgent.cs(410,35): error CS1061: 'NeuralNetwork<T>' does not contain a definition for 'GetLayers' and no accessible extension method 'GetLayers' accepting a first argument of type 'NeuralNetwork<T>' could be found (are you missing a using directive or an assembly reference?) [C:\Users\cheat\source\repos\worktrees\pr-481-1763014665\src\AiDotNet.csproj::TargetFramework=net462]
C:\Users\cheat\source\repos\worktrees\pr-481-1763014665\src\ReinforcementLearning\Agents\CQL\CQLAgent.cs(416,52): error CS1061: 'DenseLayer<T>' does not contain a definition for 'GetWeights' and no accessible extension method 'GetWeights' accepting a first argument of type 'DenseLayer<T>' could be found (are you missing a using directive or an assembly reference?) [C:\Users\cheat\source\repos\worktrees\pr-481-1763014665\src\AiDotNet.csproj::TargetFramework=net462]
C:\Users\cheat\source\repos\worktrees\pr-481-1763014665\src\ReinforcementLearning\Agents\CQL\CQLAgent.cs(417,51): error CS1061: 'DenseLayer<T>' does not contain a definition for 'GetBiases' and no accessible extension method 'GetBiases' accepting a first argument of type 'DenseLayer<T>' could be found (are you missing a using directive or an assembly reference?) [C:\Users\cheat\source\repos\worktrees\pr-481-1763014665\src\AiDotNet.csproj::TargetFramework=net462]
C:\Users\cheat\source\repos\worktrees\pr-481-1763014665\src\ReinforcementLearning\Agents\CQL\CQLAgent.cs(417,29): error CS1061: 'DenseLayer<T>' does not contain a definition for 'SetBiases' and no accessible extension method 'SetBiases' accepting a first argument of type 'DenseLayer<T>' could be found (are you missing a using directive or an assembly reference?) [C:\Users\cheat\source\repos\worktrees\pr-481-1763014665\src\AiDotNet.csproj::TargetFramework=net462]
C:\Users\cheat\source\repos\worktrees\pr-481-1763014665\src\ReinforcementLearning\Agents\CQL\CQLAgent.cs(533,16): error CS0029: Cannot implicitly convert type '(AiDotNet.LinearAlgebra.Vector<T>, T Zero)' to 'AiDotNet.LinearAlgebra.Vector<T>' [C:\Users\cheat\source\repos\worktrees\pr-481-1763014665\src\AiDotNet.csproj::TargetFramework=net462]
C:\Users\cheat\source\repos\worktrees\pr-481-1763014665\src\ReinforcementLearning\Agents\DQN\DQNAgent.cs(118,100): error CS0246: The type or namespace name 'LinearActivation<>' could not be found (are you missing a using directive or an assembly reference?) [C:\Users\cheat\source\repos\worktrees\pr-481-1763014665\src\AiDotNet.csproj::TargetFramework=net462]
C:\Users\cheat\source\repos\worktrees\pr-481-1763014665\src\ReinforcementLearning\Agents\DQN\DQNAgent.cs(121,32): error CS1729: 'NeuralNetworkArchitecture<T>' does not contain a constructor that takes 0 arguments [C:\Users\cheat\source\repos\worktrees\pr-481-1763014665\src\AiDotNet.csproj::TargetFramework=net462]
C:\Users\cheat\source\repos\worktrees\pr-481-1763014665\src\ReinforcementLearning\Agents\DQN\DQNAgent.cs(123,13): error CS0200: Property or indexer 'NeuralNetworkArchitecture<T>.Layers' cannot be assigned to -- it is read only [C:\Users\cheat\source\repos\worktrees\pr-481-1763014665\src\AiDotNet.csproj::TargetFramework=net462]
C:\Users\cheat\source\repos\worktrees\pr-481-1763014665\src\ReinforcementLearning\Agents\DQN\DQNAgent.cs(124,13): error CS0200: Property or indexer 'NeuralNetworkArchitecture<T>.TaskType' cannot be assigned to -- it is read only [C:\Users\cheat\source\repos\worktrees\pr-481-1763014665\src\AiDotNet.csproj::TargetFramework=net462]
C:\Users\cheat\source\repos\worktrees\pr-481-1763014665\src\ReinforcementLearning\Agents\Dreamer\DreamerAgent.cs(59,12): error CS8618: Non-nullable field '_representationNetwork' must contain a non-null value when exiting constructor. Consider adding the 'required' modifier or declaring the field as nullable. [C:\Users\cheat\source\repos\worktrees\pr-481-1763014665\src\AiDotNet.csproj::TargetFramework=net462]
C:\Users\cheat\source\repos\worktrees\pr-481-1763014665\src\ReinforcementLearning\Agents\Dreamer\DreamerAgent.cs(59,12): error CS8618: Non-nullable field '_dynamicsNetwork' must contain a non-null value when exiting constructor. Consider adding the 'required' modifier or declaring the field as nullable. [C:\Users\cheat\source\repos\worktrees\pr-481-1763014665\src\AiDotNet.csproj::TargetFramework=net462]
C:\Users\cheat\source\repos\worktrees\pr-481-1763014665\src\ReinforcementLearning\Agents\Dreamer\DreamerAgent.cs(59,12): error CS8618: Non-nullable field '_rewardNetwork' must contain a non-null value when exiting constructor. Consider adding the 'required' modifier or declaring the field as nullable. [C:\Users\cheat\source\repos\worktrees\pr-481-1763014665\src\AiDotNet.csproj::TargetFramework=net462]
C:\Users\cheat\source\repos\worktrees\pr-481-1763014665\src\ReinforcementLearning\Agents\Dreamer\DreamerAgent.cs(59,12): error CS8618: Non-nullable field '_continueNetwork' must contain a non-null value when exiting constructor. Consider adding the 'required' modifier or declaring the field as nullable. [C:\Users\cheat\source\repos\worktrees\pr-481-1763014665\src\AiDotNet.csproj::TargetFramework=net462]
C:\Users\cheat\source\repos\worktrees\pr-481-1763014665\src\ReinforcementLearning\Agents\Dreamer\DreamerAgent.cs(59,12): error CS8618: Non-nullable field '_actorNetwork' must contain a non-null value when exiting constructor. Consider adding the 'required' modifier or declaring the field as nullable. [C:\Users\cheat\source\repos\worktrees\pr-481-1763014665\src\AiDotNet.csproj::TargetFramework=net462]
C:\Users\cheat\source\repos\worktrees\pr-481-1763014665\src\ReinforcementLearning\Agents\Dreamer\DreamerAgent.cs(59,12): error CS8618: Non-nullable field '_valueNetwork' must contain a non-null value when exiting constructor. Consider adding the 'required' modifier or declaring the field as nullable. [C:\Users\cheat\source\repos\worktrees\pr-481-1763014665\src\AiDotNet.csproj::TargetFramework=net462]
C:\Users\cheat\source\repos\worktrees\pr-481-1763014665\src\ReinforcementLearning\Agents\Dreamer\DreamerAgent.cs(59,12): error CS8618: Non-nullable field '_replayBuffer' must contain a non-null value when exiting constructor. Consider adding the 'required' modifier or declaring the field as nullable. [C:\Users\cheat\source\repos\worktrees\pr-481-1763014665\src\AiDotNet.csproj::TargetFramework=net462]
C:\Users\cheat\source\repos\worktrees\pr-481-1763014665\src\ReinforcementLearning\Agents\REINFORCE\REINFORCEAgent.cs(59,32): error CS0246: The type or namespace name 'MeanSquaredError<>' could not be found (are you missing a using directive or an assembly reference?) [C:\Users\cheat\source\repos\worktrees\pr-481-1763014665\src\AiDotNet.csproj::TargetFramework=net462]
C:\Users\cheat\source\repos\worktrees\pr-481-1763014665\src\ReinforcementLearning\Agents\DQN\DQNAgent.cs(144,41): error CS1503: Argument 1: cannot convert from 'AiDotNet.LinearAlgebra.Vector<T>' to 'AiDotNet.LinearAlgebra.Tensor<T>' [C:\Users\cheat\source\repos\worktrees\pr-481-1763014665\src\AiDotNet.csproj::TargetFramework=net462]
C:\Users\cheat\source\repos\worktrees\pr-481-1763014665\src\ReinforcementLearning\Agents\DQN\DQNAgent.cs(145,33): error CS1503: Argument 1: cannot convert from 'AiDotNet.LinearAlgebra.Tensor<T>' to 'AiDotNet.LinearAlgebra.Vector<T>' [C:\Users\cheat\source\repos\worktrees\pr-481-1763014665\src\AiDotNet.csproj::TargetFramework=net462]
C:\Users\cheat\source\repos\worktrees\pr-481-1763014665\src\ReinforcementLearning\Agents\DQN\DQNAgent.cs(155,30): error CS0104: 'Experience<>' is an ambiguous reference between 'AiDotNet.NeuralNetworks.Experience<T>' and 'AiDotNet.ReinforcementLearning.ReplayBuffers.Experience<T>' [C:\Users\cheat\source\repos\worktrees\pr-481-1763014665\src\AiDotNet.csproj::TargetFramework=net462]
C:\Users\cheat\source\repos\worktrees\pr-481-1763014665\src\ReinforcementLearning\Agents\REINFORCE\REINFORCEAgent.cs(85,88): error CS0246: The type or namespace name 'LinearActivation<>' could not be found (are you missing a using directive or an assembly reference?) [C:\Users\cheat\source\repos\worktrees\pr-481-1763014665\src\AiDotNet.csproj::TargetFramework=net462]
C:\Users\cheat\source\repos\worktrees\pr-481-1763014665\src\ReinforcementLearning\Agents\REINFORCE\REINFORCEAgent.cs(87,41): error CS1729: 'NeuralNetworkArchitecture<T>' does not contain a constructor that takes 0 arguments [C:\Users\cheat\source\repos\worktrees\pr-481-1763014665\src\AiDotNet.csproj::TargetFramework=net462]
C:\Users\cheat\source\repos\worktrees\pr-481-1763014665\src\ReinforcementLearning\Agents\REINFORCE\REINFORCEAgent.cs(89,13): error CS0200: Property or indexer 'NeuralNetworkArchitecture<T>.Layers' cannot be assigned to -- it is read only [C:\Users\cheat\source\repos\worktrees\pr-481-1763014665\src\AiDotNet.csproj::TargetFramework=net462]
C:\Users\cheat\source\repos\worktrees\pr-481-1763014665\src\ReinforcementLearning\Agents\REINFORCE\REINFORCEAgent.cs(90,13): error CS0200: Property or indexer 'NeuralNetworkArchitecture<T>.TaskType' cannot be assigned to -- it is read only [C:\Users\cheat\source\repos\worktrees\pr-481-1763014665\src\AiDotNet.csproj::TargetFramework=net462]
C:\Users\cheat\source\repos\worktrees\pr-481-1763014665\src\ReinforcementLearning\Agents\DuelingDQN\DuelingDQNAgent.cs(81,13): error CS1503: Argument 3: cannot convert from 'System.Collections.Generic.List<int>' to 'int[]' [C:\Users\cheat\source\repos\worktrees\pr-481-1763014665\src\AiDotNet.csproj::TargetFramework=net462]
C:\Users\cheat\source\repos\worktrees\pr-481-1763014665\src\ReinforcementLearning\Agents\DuelingDQN\DuelingDQNAgent.cs(82,13): error CS1503: Argument 4: cannot convert from 'System.Collections.Generic.List<int>' to 'int[]' [C:\Users\cheat\source\repos\worktrees\pr-481-1763014665\src\AiDotNet.csproj::TargetFramework=net462]
C:\Users\cheat\source\repos\worktrees\pr-481-1763014665\src\ReinforcementLearning\Agents\DuelingDQN\DuelingDQNAgent.cs(83,13): error CS1503: Argument 5: cannot convert from 'System.Collections.Generic.List<int>' to 'int[]' [C:\Users\cheat\source\repos\worktrees\pr-481-1763014665\src\AiDotNet.csproj::TargetFramework=net462]
C:\Users\cheat\source\repos\worktrees\pr-481-1763014665\src\ReinforcementLearning\Agents\DuelingDQN\DuelingDQNAgent.cs(90,13): error CS1503: Argument 3: cannot convert from 'System.Collections.Generic.List<int>' to 'int[]' [C:\Users\cheat\source\repos\worktrees\pr-481-1763014665\src\AiDotNet.csproj::TargetFramework=net462]
C:\Users\cheat\source\repos\worktrees\pr-481-1763014665\src\ReinforcementLearning\Agents\DuelingDQN\DuelingDQNAgent.cs(91,13): error CS1503: Argument 4: cannot convert from 'System.Collections.Generic.List<int>' to 'int[]' [C:\Users\cheat\source\repos\worktrees\pr-481-1763014665\src\AiDotNet.csproj::TargetFramework=net462]
C:\Users\cheat\source\repos\worktrees\pr-481-1763014665\src\ReinforcementLearning\Agents\DuelingDQN\DuelingDQNAgent.cs(92,13): error CS1503: Argument 5: cannot convert from 'System.Collections.Generic.List<int>' to 'int[]' [C:\Users\cheat\source\repos\worktrees\pr-481-1763014665\src\AiDotNet.csproj::TargetFramework=net462]
C:\Users\cheat\source\repos\worktrees\pr-481-1763014665\src\ReinforcementLearning\Agents\Dreamer\DreamerAgent.cs(97,27): error CS7036: There is no argument given that corresponds to the required parameter 'architecture' of 'NeuralNetwork<T>.NeuralNetwork(NeuralNetworkArchitecture<T>, ILossFunction<T>?)' [C:\Users\cheat\source\repos\worktrees\pr-481-1763014665\src\AiDotNet.csproj::TargetFramework=net462]
C:\Users\cheat\source\repos\worktrees\pr-481-1763014665\src\ReinforcementLearning\Agents\Dreamer\DreamerAgent.cs(102,21): error CS7036: There is no argument given that corresponds to the required parameter 'units' of 'NeuralNetworkBase<T>.AddLayer(LayerType, int, ActivationFunction)' [C:\Users\cheat\source\repos\worktrees\pr-481-1763014665\src\AiDotNet.csproj::TargetFramework=net462]
C:\Users\cheat\source\repos\worktrees\pr-481-1763014665\src\ReinforcementLearning\Agents\Dreamer\DreamerAgent.cs(103,57): error CS0246: The type or namespace name 'ReLU<>' could not be found (are you missing a using directive or an assembly reference?) [C:\Users\cheat\source\repos\worktrees\pr-481-1763014665\src\AiDotNet.csproj::TargetFramework=net462]
C:\Users\cheat\source\repos\worktrees\pr-481-1763014665\src\ReinforcementLearning\Agents\Dreamer\DreamerAgent.cs(103,34): error CS1729: 'ActivationLayer<T>' does not contain a constructor that takes 1 arguments [C:\Users\cheat\source\repos\worktrees\pr-481-1763014665\src\AiDotNet.csproj::TargetFramework=net462]
C:\Users\cheat\source\repos\worktrees\pr-481-1763014665\src\ReinforcementLearning\Agents\Dreamer\DreamerAgent.cs(107,17): error CS7036: There is no argument given that corresponds to the required parameter 'units' of 'NeuralNetworkBase<T>.AddLayer(LayerType, int, ActivationFunction)' [C:\Users\cheat\source\repos\worktrees\pr-481-1763014665\src\AiDotNet.csproj::TargetFramework=net462]
C:\Users\cheat\source\repos\worktrees\pr-481-1763014665\src\ReinforcementLearning\Agents\REINFORCE\REINFORCEAgent.cs(97,51): error CS1503: Argument 1: cannot convert from 'AiDotNet.LinearAlgebra.Vector<T>' to 'AiDotNet.LinearAlgebra.Tensor<T>' [C:\Users\cheat\source\repos\worktrees\pr-481-1763014665\src\AiDotNet.csproj::TargetFramework=net462]
C:\Users\cheat\source\repos\worktrees\pr-481-1763014665\src\ReinforcementLearning\Agents\REINFORCE\REINFORCEAgent.cs(101,43): error CS1503: Argument 1: cannot convert from 'AiDotNet.LinearAlgebra.Tensor<T>' to 'AiDotNet.LinearAlgebra.Vector<T>' [C:\Users\cheat\source\repos\worktrees\pr-481-1763014665\src\AiDotNet.csproj::TargetFramework=net462]
C:\Users\cheat\source\repos\worktrees\pr-481-1763014665\src\ReinforcementLearning\Agents\REINFORCE\REINFORCEAgent.cs(105,41): error CS1503: Argument 1: cannot convert from 'AiDotNet.LinearAlgebra.Tensor<T>' to 'AiDotNet.LinearAlgebra.Vector<T>' [C:\Users\cheat\source\repos\worktrees\pr-481-1763014665\src\AiDotNet.csproj::TargetFramework=net462]
C:\Users\cheat\source\repos\worktrees\pr-481-1763014665\src\ReinforcementLearning\Agents\DuelingDQN\DuelingDQNAgent.cs(413,85): error CS0246: The type or namespace name 'LinearActivation<>' could not be found (are you missing a using directive or an assembly reference?) [C:\Users\cheat\source\repos\worktrees\pr-481-1763014665\src\AiDotNet.csproj::TargetFramework=net462]
C:\Users\cheat\source\repos\worktrees\pr-481-1763014665\src\ReinforcementLearning\Agents\DuelingDQN\DuelingDQNAgent.cs(422,98): error CS0246: The type or namespace name 'LinearActivation<>' could not be found (are you missing a using directive or an assembly reference?) [C:\Users\cheat\source\repos\worktrees\pr-481-1763014665\src\AiDotNet.csproj::TargetFramework=net462]
C:\Users\cheat\source\repos\worktrees\pr-481-1763014665\src\ReinforcementLearning\Agents\DuelingDQN\DuelingDQNAgent.cs(110,33): error CS1061: 'DuelingNetwork<T>' does not contain a definition for 'Predict' and no accessible extension method 'Predict' accepting a first argument of type 'DuelingNetwork<T>' could be found (are you missing a using directive or an assembly reference?) [C:\Users\cheat\source\repos\worktrees\pr-481-1763014665\src\AiDotNet.csproj::TargetFramework=net462]
C:\Users\cheat\source\repos\worktrees\pr-481-1763014665\src\ReinforcementLearning\Agents\DuelingDQN\DuelingDQNAgent.cs(121,31): error CS0104: 'Experience<>' is an ambiguous reference between 'AiDotNet.NeuralNetworks.Experience<T>' and 'AiDotNet.ReinforcementLearning.ReplayBuffers.Experience<T>' [C:\Users\cheat\source\repos\worktrees\pr-481-1763014665\src\AiDotNet.csproj::TargetFramework=net462]
C:\Users\cheat\source\repos\worktrees\pr-481-1763014665\src\ReinforcementLearning\Agents\DuelingDQN\DuelingDQNAgent.cs(431,42): error CS1503: Argument 1: cannot convert from 'AiDotNet.LinearAlgebra.Vector<T>' to 'AiDotNet.LinearAlgebra.Tensor<T>' [C:\Users\cheat\source\repos\worktrees\pr-481-1763014665\src\AiDotNet.csproj::TargetFramework=net462]
C:\Users\cheat\source\repos\worktrees\pr-481-1763014665\src\ReinforcementLearning\Agents\DuelingDQN\DuelingDQNAgent.cs(439,41): error CS1503: Argument 1: cannot convert from 'AiDotNet.LinearAlgebra.Vector<T>' to 'AiDotNet.LinearAlgebra.Tensor<T>' [C:\Users\cheat\source\repos\worktrees\pr-481-1763014665\src\AiDotNet.csproj::TargetFramework=net462]
C:\Users\cheat\source\repos\worktrees\pr-481-1763014665\src\ReinforcementLearning\Agents\DuelingDQN\DuelingDQNAgent.cs(448,45): error CS1503: Argument 1: cannot convert from 'AiDotNet.LinearAlgebra.Vector<T>' to 'AiDotNet.LinearAlgebra.Tensor<T>' [C:\Users\cheat\source\repos\worktrees\pr-481-1763014665\src\AiDotNet.csproj::TargetFramework=net462]
C:\Users\cheat\source\repos\worktrees\pr-481-1763014665\src\ReinforcementLearning\Agents\DQN\DQNAgent.cs(189,58): error CS1503: Argument 1: cannot convert from 'AiDotNet.LinearAlgebra.Vector<T>' to 'AiDotNet.LinearAlgebra.Tensor<T>' [C:\Users\cheat\source\repos\worktrees\pr-481-1763014665\src\AiDotNet.csproj::TargetFramework=net462]
C:\Users\cheat\source\repos\worktrees\pr-481-1763014665\src\ReinforcementLearning\Agents\DQN\DQNAgent.cs(190,36): error CS1503: Argument 1: cannot convert from 'AiDotNet.LinearAlgebra.Tensor<T>' to 'AiDotNet.LinearAlgebra.Vector<T>' [C:\Users\cheat\source\repos\worktrees\pr-481-1763014665\src\AiDotNet.csproj::TargetFramework=net462]
C:\Users\cheat\source\repos\worktrees\pr-481-1763014665\src\ReinforcementLearning\Agents\DQN\DQNAgent.cs(196,52): error CS1503: Argument 1: cannot convert from 'AiDotNet.LinearAlgebra.Vector<T>' to 'AiDotNet.LinearAlgebra.Tensor<T>' [C:\Users\cheat\source\repos\worktrees\pr-481-1763014665\src\AiDotNet.csproj::TargetFramework=net462]
C:\Users\cheat\source\repos\worktrees\pr-481-1763014665\src\ReinforcementLearning\Agents\DQN\DQNAgent.cs(204,51): error CS1503: Argument 1: cannot convert from 'AiDotNet.LinearAlgebra.Tensor<T>' to 'AiDotNet.LinearAlgebra.Vector<T>' [C:\Users\cheat\source\repos\worktrees\pr-481-1763014665\src\AiDotNet.csproj::TargetFramework=net462]
C:\Users\cheat\source\repos\worktrees\pr-481-1763014665\src\ReinforcementLearning\Agents\DQN\DQNAgent.cs(204,67): error CS1503: Argument 2: cannot convert from 'AiDotNet.LinearAlgebra.Tensor<T>' to 'AiDotNet.LinearAlgebra.Vector<T>' [C:\Users\cheat\source\repos\worktrees\pr-481-1763014665\src\AiDotNet.csproj::TargetFramework=net462]
C:\Users\cheat\source\repos\worktrees\pr-481-1763014665\src\ReinforcementLearning\Agents\DQN\DQNAgent.cs(208,42): error CS1061: 'ILossFunction<T>' does not contain a definition for 'ComputeGradient' and no accessible extension method 'ComputeGradient' accepting a first argument of type 'ILossFunction<T>' could be found (are you missing a using directive or an assembly reference?) [C:\Users\cheat\source\repos\worktrees\pr-481-1763014665\src\AiDotNet.csproj::TargetFramework=net462]
C:\Users\cheat\source\repos\worktrees\pr-481-1763014665\src\ReinforcementLearning\Agents\DQN\DQNAgent.cs(213,44): error CS1061: 'NeuralNetwork<T>' does not contain a definition for 'GetFlattenedGradients' and no accessible extension method 'GetFlattenedGradients' accepting a first argument of type 'NeuralNetwork<T>' could be found (are you missing a using directive or an assembly reference?) [C:\Users\cheat\source\repos\worktrees\pr-481-1763014665\src\AiDotNet.csproj::TargetFramework=net462]
C:\Users\cheat\source\repos\worktrees\pr-481-1763014665\src\ReinforcementLearning\Agents\DoubleDQN\DoubleDQNAgent.cs(109,97): error CS0246: The type or namespace name 'LinearActivation<>' could not be found (are you missing a using directive or an assembly reference?) [C:\Users\cheat\source\repos\worktrees\pr-481-1763014665\src\AiDotNet.csproj::TargetFramework=net462]
C:\Users\cheat\source\repos\worktrees\pr-481-1763014665\src\ReinforcementLearning\Agents\DoubleDQN\DoubleDQNAgent.cs(111,32): error CS1729: 'NeuralNetworkArchitecture<T>' does not contain a constructor that takes 0 arguments [C:\Users\cheat\source\repos\worktrees\pr-481-1763014665\src\AiDotNet.csproj::TargetFramework=net462]
C:\Users\cheat\source\repos\worktrees\pr-481-1763014665\src\ReinforcementLearning\Agents\DoubleDQN\DoubleDQNAgent.cs(113,13): error CS0200: Property or indexer 'NeuralNetworkArchitecture<T>.Layers' cannot be assigned to -- it is read only [C:\Users\cheat\source\repos\worktrees\pr-481-1763014665\src\AiDotNet.csproj::TargetFramework=net462]
C:\Users\cheat\source\repos\worktrees\pr-481-1763014665\src\ReinforcementLearning\Agents\DoubleDQN\DoubleDQNAgent.cs(114,13): error CS0200: Property or indexer 'NeuralNetworkArchitecture<T>.TaskType' cannot be assigned to -- it is read only [C:\Users\cheat\source\repos\worktrees\pr-481-1763014665\src\AiDotNet.csproj::TargetFramework=net462]
C:\Users\cheat\source\repos\worktrees\pr-481-1763014665\src\ReinforcementLearning\Agents\DuelingDQN\DuelingDQNAgent.cs(149,51): error CS1061: 'DuelingNetwork<T>' does not contain a definition for 'Predict' and no accessible extension method 'Predict' accepting a first argument of type 'DuelingNetwork<T>' could be found (are you missing a using directive or an assembly reference?) [C:\Users\cheat\source\repos\worktrees\pr-481-1763014665\src\AiDotNet.csproj::TargetFramework=net462]
C:\Users\cheat\source\repos\worktrees\pr-481-1763014665\src\ReinforcementLearning\Agents\DuelingDQN\DuelingDQNAgent.cs(153,56): error CS1061: 'DuelingNetwork<T>' does not contain a definition for 'Predict' and no accessible extension method 'Predict' accepting a first argument of type 'DuelingNetwork<T>' could be found (are you missing a using directive or an assembly reference?) [C:\Users\cheat\source\repos\worktrees\pr-481-1763014665\src\AiDotNet.csproj::TargetFramework=net462]
C:\Users\cheat\source\repos\worktrees\pr-481-1763014665\src\ReinforcementLearning\Agents\DuelingDQN\DuelingDQNAgent.cs(160,44): error CS1061: 'DuelingNetwork<T>' does not contain a definition for 'Predict' and no accessible extension method 'Predict' accepting a first argument of type 'DuelingNetwork<T>' could be found (are you missing a using directive or an assembly reference?) [C:\Users\cheat\source\repos\worktrees\pr-481-1763014665\src\AiDotNet.csproj::TargetFramework=net462]
C:\Users\cheat\source\repos\worktrees\pr-481-1763014665\src\ReinforcementLearning\Agents\DuelingDQN\DuelingDQNAgent.cs(170,42): error CS1061: 'ILossFunction<T>' does not contain a definition for 'ComputeGradient' and no accessible extension method 'ComputeGradient' accepting a first argument of type 'ILossFunction<T>' could be found (are you missing a using directive or an assembly reference?) [C:\Users\cheat\source\repos\worktrees\pr-481-1763014665\src\AiDotNet.csproj::TargetFramework=net462]
C:\Users\cheat\source\repos\worktrees\pr-481-1763014665\src\ReinforcementLearning\Agents\DuelingDQN\DuelingDQNAgent.cs(171,23): error CS1061: 'DuelingNetwork<T>' does not contain a definition for 'Backpropagate' and no accessible extension method 'Backpropagate' accepting a first argument of type 'DuelingNetwork<T>' could be found (are you missing a using directive or an assembly reference?) [C:\Users\cheat\source\repos\worktrees\pr-481-1763014665\src\AiDotNet.csproj::TargetFramework=net462]
C:\Users\cheat\source\repos\worktrees\pr-481-1763014665\src\ReinforcementLearning\Agents\DuelingDQN\DuelingDQNAgent.cs(174,23): error CS1061: 'DuelingNetwork<T>' does not contain a definition for 'UpdateParameters' and no accessible extension method 'UpdateParameters' accepting a first argument of type 'DuelingNetwork<T>' could be found (are you missing a using directive or an assembly reference?) [C:\Users\cheat\source\repos\worktrees\pr-481-1763014665\src\AiDotNet.csproj::TargetFramework=net462]
C:\Users\cheat\source\repos\worktrees\pr-481-1763014665\src\ReinforcementLearning\Agents\DoubleDQN\DoubleDQNAgent.cs(131,41): error CS1503: Argument 1: cannot convert from 'AiDotNet.LinearAlgebra.Vector<T>' to 'AiDotNet.LinearAlgebra.Tensor<T>' [C:\Users\cheat\source\repos\worktrees\pr-481-1763014665\src\AiDotNet.csproj::TargetFramework=net462]
C:\Users\cheat\source\repos\worktrees\pr-481-1763014665\src\ReinforcementLearning\Agents\DoubleDQN\DoubleDQNAgent.cs(132,33): error CS1503: Argument 1: cannot convert from 'AiDotNet.LinearAlgebra.Tensor<T>' to 'AiDotNet.LinearAlgebra.Vector<T>' [C:\Users\cheat\source\repos\worktrees\pr-481-1763014665\src\AiDotNet.csproj::TargetFramework=net462]
C:\Users\cheat\source\repos\worktrees\pr-481-1763014665\src\ReinforcementLearning\Agents\DoubleDQN\DoubleDQNAgent.cs(142,31): error CS0104: 'Experience<>' is an ambiguous reference between 'AiDotNet.NeuralNetworks.Experience<T>' and 'AiDotNet.ReinforcementLearning.ReplayBuffers.Experience<T>' [C:\Users\cheat\source\repos\worktrees\pr-481-1763014665\src\AiDotNet.csproj::TargetFramework=net462]
C:\Users\cheat\source\repos\worktrees\pr-481-1763014665\src\ReinforcementLearning\Agents\Dreamer\DreamerAgent.cs(114,27): error CS7036: There is no argument given that corresponds to the required parameter 'architecture' of 'NeuralNetwork<T>.NeuralNetwork(NeuralNetworkArchitecture<T>, ILossFunction<T>?)' [C:\Users\cheat\source\repos\worktrees\pr-481-1763014665\src\AiDotNet.csproj::TargetFramework=net462]
C:\Users\cheat\source\repos\worktrees\pr-481-1763014665\src\ReinforcementLearning\Agents\Dreamer\DreamerAgent.cs(119,21): error CS7036: There is no argument given that corresponds to the required parameter 'units' of 'NeuralNetworkBase<T>.AddLayer(LayerType, int, ActivationFunction)' [C:\Users\cheat\source\repos\worktrees\pr-481-1763014665\src\AiDotNet.csproj::TargetFramework=net462]
C:\Users\cheat\source\repos\worktrees\pr-481-1763014665\src\ReinforcementLearning\Agents\Dreamer\DreamerAgent.cs(120,57): error CS0246: The type or namespace name 'ReLU<>' could not be found (are you missing a using directive or an assembly reference?) [C:\Users\cheat\source\repos\worktrees\pr-481-1763014665\src\AiDotNet.csproj::TargetFramework=net462]
C:\Users\cheat\source\repos\worktrees\pr-481-1763014665\src\ReinforcementLearning\Agents\Dreamer\DreamerAgent.cs(120,34): error CS1729: 'ActivationLayer<T>' does not contain a constructor that takes 1 arguments [C:\Users\cheat\source\repos\worktrees\pr-481-1763014665\src\AiDotNet.csproj::TargetFramework=net462]
C:\Users\cheat\source\repos\worktrees\pr-481-1763014665\src\ReinforcementLearning\Agents\Dreamer\DreamerAgent.cs(124,17): error CS7036: There is no argument given that corresponds to the required parameter 'units' of 'NeuralNetworkBase<T>.AddLayer(LayerType, int, ActivationFunction)' [C:\Users\cheat\source\repos\worktrees\pr-481-1763014665\src\AiDotNet.csproj::TargetFramework=net462]
C:\Users\cheat\source\repos\worktrees\pr-481-1763014665\src\ReinforcementLearning\Agents\Dreamer\DreamerAgent.cs(125,53): error CS0246: The type or namespace name 'Tanh<>' could not be found (are you missing a using directive or an assembly reference?) [C:\Users\cheat\source\repos\worktrees\pr-481-1763014665\src\AiDotNet.csproj::TargetFramework=net462]
C:\Users\cheat\source\repos\worktrees\pr-481-1763014665\src\ReinforcementLearning\Agents\Dreamer\DreamerAgent.cs(125,30): error CS1729: 'ActivationLayer<T>' does not contain a constructor that takes 1 arguments [C:\Users\cheat\source\repos\worktrees\pr-481-1763014665\src\AiDotNet.csproj::TargetFramework=net462]
C:\Users\cheat\source\repos\worktrees\pr-481-1763014665\src\ReinforcementLearning\Agents\AdvancedRL\LSPIAgent.cs(170,28): error CS1061: 'INumericOperations<T>' does not contain a definition for 'Compare' and no accessible extension method 'Compare' accepting a first argument of type 'INumericOperations<T>' could be found (are you missing a using directive or an assembly reference?) [C:\Users\cheat\source\repos\worktrees\pr-481-1763014665\src\AiDotNet.csproj::TargetFramework=net462]
C:\Users\cheat\source\repos\worktrees\pr-481-1763014665\src\ReinforcementLearning\Agents\DynamicProgramming\ValueIterationAgent.cs(130,23): error CS1061: 'INumericOperations<T>' does not contain a definition for 'Compare' and no accessible extension method 'Compare' accepting a first argument of type 'INumericOperations<T>' could be found (are you missing a using directive or an assembly reference?) [C:\Users\cheat\source\repos\worktrees\pr-481-1763014665\src\AiDotNet.csproj::TargetFramework=net462]
C:\Users\cheat\source\repos\worktrees\pr-481-1763014665\src\ReinforcementLearning\Agents\DynamicProgramming\ValueIterationAgent.cs(121,36): error CS1061: 'INumericOperations<T>' does not contain a definition for 'Compare' and no accessible extension method 'Compare' accepting a first argument of type 'INumericOperations<T>' could be found (are you missing a using directive or an assembly reference?) [C:\Users\cheat\source\repos\worktrees\pr-481-1763014665\src\AiDotNet.csproj::TargetFramework=net462]
C:\Users\cheat\source\repos\worktrees\pr-481-1763014665\src\ReinforcementLearning\Agents\Dreamer\DreamerAgent.cs(138,58): error CS1503: Argument 1: cannot convert from 'AiDotNet.LinearAlgebra.Vector<T>' to 'AiDotNet.LinearAlgebra.Tensor<T>' [C:\Users\cheat\source\repos\worktrees\pr-481-1763014665\src\AiDotNet.csproj::TargetFramework=net462]
C:\Users\cheat\source\repos\worktrees\pr-481-1763014665\src\ReinforcementLearning\Agents\Dreamer\DreamerAgent.cs(154,16): error CS0029: Cannot implicitly convert type 'AiDotNet.LinearAlgebra.Tensor<T>' to 'AiDotNet.LinearAlgebra.Vector<T>' [C:\Users\cheat\source\repos\worktrees\pr-481-1763014665\src\AiDotNet.csproj::TargetFramework=net462]
C:\Users\cheat\source\repos\worktrees\pr-481-1763014665\src\ReinforcementLearning\Agents\Dreamer\DreamerAgent.cs(159,23): error CS1501: No overload for method 'Add' takes 5 arguments [C:\Users\cheat\source\repos\worktrees\pr-481-1763014665\src\AiDotNet.csproj::TargetFramework=net462]
C:\Users\cheat\source\repos\worktrees\pr-481-1763014665\src\ReinforcementLearning\Agents\Dreamer\DreamerAgent.cs(172,44): error CS1503: Argument 1: cannot convert from 'System.Collections.Generic.List<AiDotNet.ReinforcementLearning.ReplayBuffers.Experience<T>>' to 'System.Collections.Generic.List<(AiDotNet.LinearAlgebra.Vector<T> observation, AiDotNet.LinearAlgebra.Vector<T> action, T reward, AiDotNet.LinearAlgebra.Vector<T> nextObservation, bool done)>' [C:\Users\cheat\source\repos\worktrees\pr-481-1763014665\src\AiDotNet.csproj::TargetFramework=net462]
C:\Users\cheat\source\repos\worktrees\pr-481-1763014665\src\ReinforcementLearning\Agents\DoubleDQN\DoubleDQNAgent.cs(170,59): error CS1503: Argument 1: cannot convert from 'AiDotNet.LinearAlgebra.Vector<T>' to 'AiDotNet.LinearAlgebra.Tensor<T>' [C:\Users\cheat\source\repos\worktrees\pr-481-1763014665\src\AiDotNet.csproj::TargetFramework=net462]
C:\Users\cheat\source\repos\worktrees\pr-481-1763014665\src\ReinforcementLearning\Agents\DoubleDQN\DoubleDQNAgent.cs(171,46): error CS1503: Argument 1: cannot convert from 'AiDotNet.LinearAlgebra.Tensor<T>' to 'AiDotNet.LinearAlgebra.Vector<T>' [C:\Users\cheat\source\repos\worktrees\pr-481-1763014665\src\AiDotNet.csproj::TargetFramework=net462]
C:\Users\cheat\source\repos\worktrees\pr-481-1763014665\src\ReinforcementLearning\Agents\DoubleDQN\DoubleDQNAgent.cs(174,64): error CS1503: Argument 1: cannot convert from 'AiDotNet.LinearAlgebra.Vector<T>' to 'AiDotNet.LinearAlgebra.Tensor<T>' [C:\Users\cheat\source\repos\worktrees\pr-481-1763014665\src\AiDotNet.csproj::TargetFramework=net462]
C:\Users\cheat\source\repos\worktrees\pr-481-1763014665\src\ReinforcementLearning\Agents\DoubleDQN\DoubleDQNAgent.cs(181,52): error CS1503: Argument 1: cannot convert from 'AiDotNet.LinearAlgebra.Vector<T>' to 'AiDotNet.LinearAlgebra.Tensor<T>' [C:\Users\cheat\source\repos\worktrees\pr-481-1763014665\src\AiDotNet.csproj::TargetFramework=net462]
C:\Users\cheat\source\repos\worktrees\pr-481-1763014665\src\ReinforcementLearning\Agents\DoubleDQN\DoubleDQNAgent.cs(187,51): error CS1503: Argument 1: cannot convert from 'AiDotNet.LinearAlgebra.Tensor<T>' to 'AiDotNet.LinearAlgebra.Vector<T>' [C:\Users\cheat\source\repos\worktrees\pr-481-1763014665\src\AiDotNet.csproj::TargetFramework=net462]
C:\Users\cheat\source\repos\worktrees\pr-481-1763014665\src\ReinforcementLearning\Agents\DoubleDQN\DoubleDQNAgent.cs(187,67): error CS1503: Argument 2: cannot convert from 'AiDotNet.LinearAlgebra.Tensor<T>' to 'AiDotNet.LinearAlgebra.Vector<T>' [C:\Users\cheat\source\repos\worktrees\pr-481-1763014665\src\AiDotNet.csproj::TargetFramework=net462]
C:\Users\cheat\source\repos\worktrees\pr-481-1763014665\src\ReinforcementLearning\Agents\DoubleDQN\DoubleDQNAgent.cs(190,42): error CS1061: 'ILossFunction<T>' does not contain a definition for 'ComputeGradient' and no accessible extension method 'ComputeGradient' accepting a first argument of type 'ILossFunction<T>' could be found (are you missing a using directive or an assembly reference?) [C:\Users\cheat\source\repos\worktrees\pr-481-1763014665\src\AiDotNet.csproj::TargetFramework=net462]
C:\Users\cheat\source\repos\worktrees\pr-481-1763014665\src\ReinforcementLearning\Agents\DoubleDQN\DoubleDQNAgent.cs(194,44): error CS1061: 'NeuralNetwork<T>' does not contain a definition for 'GetFlattenedGradients' and no accessible extension method 'GetFlattenedGradients' accepting a first argument of type 'NeuralNetwork<T>' could be found (are you missing a using directive or an assembly reference?) [C:\Users\cheat\source\repos\worktrees\pr-481-1763014665\src\AiDotNet.csproj::TargetFramework=net462]
C:\Users\cheat\source\repos\worktrees\pr-481-1763014665\src\ReinforcementLearning\Agents\DQN\DQNAgent.cs(357,40): error CS1503: Argument 1: cannot convert from 'AiDotNet.LinearAlgebra.Vector<T>' to 'AiDotNet.LinearAlgebra.Tensor<T>' [C:\Users\cheat\source\repos\worktrees\pr-481-1763014665\src\AiDotNet.csproj::TargetFramework=net462]
C:\Users\cheat\source\repos\worktrees\pr-481-1763014665\src\ReinforcementLearning\Agents\DQN\DQNAgent.cs(358,44): error CS1503: Argument 1: cannot convert from 'AiDotNet.LinearAlgebra.Tensor<T>' to 'AiDotNet.LinearAlgebra.Vector<T>' [C:\Users\cheat\source\repos\worktrees\pr-481-1763014665\src\AiDotNet.csproj::TargetFramework=net462]
C:\Users\cheat\source\repos\worktrees\pr-481-1763014665\src\ReinforcementLearning\Agents\DQN\DQNAgent.cs(359,29): error CS1061: 'ILossFunction<T>' does not contain a definition for 'ComputeGradient' and no accessible extension method 'ComputeGradient' accepting a first argument of type 'ILossFunction<T>' could be found (are you missing a using directive or an assembly reference?) [C:\Users\cheat\source\repos\worktrees\pr-481-1763014665\src\AiDotNet.csproj::TargetFramework=net462]
C:\Users\cheat\source\repos\worktrees\pr-481-1763014665\src\ReinforcementLearning\Agents\DQN\DQNAgent.cs(362,40): error CS1061: 'NeuralNetwork<T>' does not contain a definition for 'GetFlattenedGradients' and no accessible extension method 'GetFlattenedGradients' accepting a first argument of type 'NeuralNetwork<T>' could be found (are you missing a using directive or an assembly reference?) [C:\Users\cheat\source\repos\worktrees\pr-481-1763014665\src\AiDotNet.csproj::TargetFramework=net462]
C:\Users\cheat\source\repos\worktrees\pr-481-1763014665\src\ReinforcementLearning\Agents\IQL\IQLAgent.cs(58,46): error CS1729: 'DeepReinforcementLearningAgentBase<T>' does not contain a constructor that takes 2 arguments [C:\Users\cheat\source\repos\worktrees\pr-481-1763014665\src\AiDotNet.csproj::TargetFramework=net462]
C:\Users\cheat\source\repos\worktrees\pr-481-1763014665\src\ReinforcementLearning\Agents\IQL\IQLAgent.cs(58,12): error CS8618: Non-nullable field '_policyNetwork' must contain a non-null value when exiting constructor. Consider adding the 'required' modifier or declaring the field as nullable. [C:\Users\cheat\source\repos\worktrees\pr-481-1763014665\src\AiDotNet.csproj::TargetFramework=net462]
C:\Users\cheat\source\repos\worktrees\pr-481-1763014665\src\ReinforcementLearning\Agents\IQL\IQLAgent.cs(58,12): error CS8618: Non-nullable field '_valueNetwork' must contain a non-null value when exiting constructor. Consider adding the 'required' modifier or declaring the field as nullable. [C:\Users\cheat\source\repos\worktrees\pr-481-1763014665\src\AiDotNet.csproj::TargetFramework=net462]
C:\Users\cheat\source\repos\worktrees\pr-481-1763014665\src\ReinforcementLearning\Agents\IQL\IQLAgent.cs(58,12): error CS8618: Non-nullable field '_q1Network' must contain a non-null value when exiting constructor. Consider adding the 'required' modifier or declaring the field as nullable. [C:\Users\cheat\source\repos\worktrees\pr-481-1763014665\src\AiDotNet.csproj::TargetFramework=net462]
C:\Users\cheat\source\repos\worktrees\pr-481-1763014665\src\ReinforcementLearning\Agents\IQL\IQLAgent.cs(58,12): error CS8618: Non-nullable field '_q2Network' must contain a non-null value when exiting constructor. Consider adding the 'required' modifier or declaring the field as nullable. [C:\Users\cheat\source\repos\worktrees\pr-481-1763014665\src\AiDotNet.csproj::TargetFramework=net462]
C:\Users\cheat\source\repos\worktrees\pr-481-1763014665\src\ReinforcementLearning\Agents\IQL\IQLAgent.cs(58,12): error CS8618: Non-nullable field '_targetValueNetwork' must contain a non-null value when exiting constructor. Consider adding the 'required' modifier or declaring the field as nullable. [C:\Users\cheat\source\repos\worktrees\pr-481-1763014665\src\AiDotNet.csproj::TargetFramework=net462]
C:\Users\cheat\source\repos\worktrees\pr-481-1763014665\src\ReinforcementLearning\Agents\IQL\IQLAgent.cs(58,12): error CS8618: Non-nullable field '_offlineBuffer' must contain a non-null value when exiting constructor. Consider adding the 'required' modifier or declaring the field as nullable. [C:\Users\cheat\source\repos\worktrees\pr-481-1763014665\src\AiDotNet.csproj::TargetFramework=net462]
C:\Users\cheat\source\repos\worktrees\pr-481-1763014665\src\ReinforcementLearning\Agents\MADDPG\MADDPGAgent.cs(54,12): error CS8618: Non-nullable field '_actorNetworks' must contain a non-null value when exiting constructor. Consider adding the 'required' modifier or declaring the field as nullable. [C:\Users\cheat\source\repos\worktrees\pr-481-1763014665\src\AiDotNet.csproj::TargetFramework=net462]
C:\Users\cheat\source\repos\worktrees\pr-481-1763014665\src\ReinforcementLearning\Agents\MADDPG\MADDPGAgent.cs(54,12): error CS8618: Non-nullable field '_targetActorNetworks' must contain a non-null value when exiting constructor. Consider adding the 'required' modifier or declaring the field as nullable. [C:\Users\cheat\source\repos\worktrees\pr-481-1763014665\src\AiDotNet.csproj::TargetFramework=net462]
C:\Users\cheat\source\repos\worktrees\pr-481-1763014665\src\ReinforcementLearning\Agents\MADDPG\MADDPGAgent.cs(54,12): error CS8618: Non-nullable field '_criticNetworks' must contain a non-null value when exiting constructor. Consider adding the 'required' modifier or declaring the field as nullable. [C:\Users\cheat\source\repos\worktrees\pr-481-1763014665\src\AiDotNet.csproj::TargetFramework=net462]
C:\Users\cheat\source\repos\worktrees\pr-481-1763014665\src\ReinforcementLearning\Agents\MADDPG\MADDPGAgent.cs(54,12): error CS8618: Non-nullable field '_targetCriticNetworks' must contain a non-null value when exiting constructor. Consider adding the 'required' modifier or declaring the field as nullable. [C:\Users\cheat\source\repos\worktrees\pr-481-1763014665\src\AiDotNet.csproj::TargetFramework=net462]
C:\Users\cheat\source\repos\worktrees\pr-481-1763014665\src\ReinforcementLearning\Agents\MADDPG\MADDPGAgent.cs(54,12): error CS8618: Non-nullable field '_replayBuffer' must contain a non-null value when exiting constructor. Consider adding the 'required' modifier or declaring the field as nullable. [C:\Users\cheat\source\repos\worktrees\pr-481-1763014665\src\AiDotNet.csproj::TargetFramework=net462]
C:\Users\cheat\source\repos\worktrees\pr-481-1763014665\src\ReinforcementLearning\Agents\DynamicProgramming\ValueIterationAgent.cs(215,25): error CS0029: Cannot implicitly convert type 'string' to 'AiDotNet.Enums.ModelType' [C:\Users\cheat\source\repos\worktrees\pr-481-1763014665\src\AiDotNet.csproj::TargetFramework=net462]
C:\Users\cheat\source\repos\worktrees\pr-481-1763014665\src\ReinforcementLearning\Agents\IQL\IQLAgent.cs(82,27): error CS7036: There is no argument given that corresponds to the required parameter 'architecture' of 'NeuralNetwork<T>.NeuralNetwork(NeuralNetworkArchitecture<T>, ILossFunction<T>?)' [C:\Users\cheat\source\repos\worktrees\pr-481-1763014665\src\AiDotNet.csproj::TargetFramework=net462]
C:\Users\cheat\source\repos\worktrees\pr-481-1763014665\src\ReinforcementLearning\Agents\IQL\IQLAgent.cs(87,21): error CS7036: There is no argument given that corresponds to the required parameter 'units' of 'NeuralNetworkBase<T>.AddLayer(LayerType, int, ActivationFunction)' [C:\Users\cheat\source\repos\worktrees\pr-481-1763014665\src\AiDotNet.csproj::TargetFramework=net462]
C:\Users\cheat\source\repos\worktrees\pr-481-1763014665\src\ReinforcementLearning\Agents\IQL\IQLAgent.cs(88,57): error CS0246: The type or namespace name 'ReLU<>' could not be found (are you missing a using directive or an assembly reference?) [C:\Users\cheat\source\repos\worktrees\pr-481-1763014665\src\AiDotNet.csproj::TargetFramework=net462]
C:\Users\cheat\source\repos\worktrees\pr-481-1763014665\src\ReinforcementLearning\Agents\IQL\IQLAgent.cs(88,34): error CS1729: 'ActivationLayer<T>' does not contain a constructor that takes 1 arguments [C:\Users\cheat\source\repos\worktrees\pr-481-1763014665\src\AiDotNet.csproj::TargetFramework=net462]
C:\Users\cheat\source\repos\worktrees\pr-481-1763014665\src\ReinforcementLearning\Agents\IQL\IQLAgent.cs(93,17): error CS7036: There is no argument given that corresponds to the required parameter 'units' of 'NeuralNetworkBase<T>.AddLayer(LayerType, int, ActivationFunction)' [C:\Users\cheat\source\repos\worktrees\pr-481-1763014665\src\AiDotNet.csproj::TargetFramework=net462]
C:\Users\cheat\source\repos\worktrees\pr-481-1763014665\src\ReinforcementLearning\Agents\IQL\IQLAgent.cs(100,27): error CS7036: There is no argument given that corresponds to the required parameter 'architecture' of 'NeuralNetwork<T>.NeuralNetwork(NeuralNetworkArchitecture<T>, ILossFunction<T>?)' [C:\Users\cheat\source\repos\worktrees\pr-481-1763014665\src\AiDotNet.csproj::TargetFramework=net462]
C:\Users\cheat\source\repos\worktrees\pr-481-1763014665\src\ReinforcementLearning\Agents\IQL\IQLAgent.cs(105,21): error CS7036: There is no argument given that corresponds to the required parameter 'units' of 'NeuralNetworkBase<T>.AddLayer(LayerType, int, ActivationFunction)' [C:\Users\cheat\source\repos\worktrees\pr-481-1763014665\src\AiDotNet.csproj::TargetFramework=net462]
C:\Users\cheat\source\repos\worktrees\pr-481-1763014665\src\ReinforcementLearning\Agents\IQL\IQLAgent.cs(106,57): error CS0246: The type or namespace name 'ReLU<>' could not be found (are you missing a using directive or an assembly reference?) [C:\Users\cheat\source\repos\worktrees\pr-481-1763014665\src\AiDotNet.csproj::TargetFramework=net462]
C:\Users\cheat\source\repos\worktrees\pr-481-1763014665\src\ReinforcementLearning\Agents\IQL\IQLAgent.cs(106,34): error CS1729: 'ActivationLayer<T>' does not contain a constructor that takes 1 arguments [C:\Users\cheat\source\repos\worktrees\pr-481-1763014665\src\AiDotNet.csproj::TargetFramework=net462]
C:\Users\cheat\source\repos\worktrees\pr-481-1763014665\src\ReinforcementLearning\Agents\IQL\IQLAgent.cs(110,17): error CS7036: There is no argument given that corresponds to the required parameter 'units' of 'NeuralNetworkBase<T>.AddLayer(LayerType, int, ActivationFunction)' [C:\Users\cheat\source\repos\worktrees\pr-481-1763014665\src\AiDotNet.csproj::TargetFramework=net462]
C:\Users\cheat\source\repos\worktrees\pr-481-1763014665\src\ReinforcementLearning\Agents\Dreamer\DreamerAgent.cs(189,73): error CS1061: '(Vector<T> observation, Vector<T> action, T reward, Vector<T> nextObservation, bool done)' does not contain a definition for 'State' and no accessible extension method 'State' accepting a first argument of type '(Vector<T> observation, Vector<T> action, T reward, Vector<T> nextObservation, bool done)' could be found (are you missing a using directive or an assembly reference?) [C:\Users\cheat\source\repos\worktrees\pr-481-1763014665\src\AiDotNet.csproj::TargetFramework=net462]
C:\Users\cheat\source\repos\worktrees\pr-481-1763014665\src\ReinforcementLearning\Agents\Dreamer\DreamerAgent.cs(190,77): error CS1061: '(Vector<T> observation, Vector<T> action, T reward, Vector<T> nextObservation, bool done)' does not contain a definition for 'NextState' and no accessible extension method 'NextState' accepting a first argument of type '(Vector<T> observation, Vector<T> action, T reward, Vector<T> nextObservation, bool done)' could be found (are you missing a using directive or an assembly reference?) [C:\Users\cheat\source\repos\worktrees\pr-481-1763014665\src\AiDotNet.csproj::TargetFramework=net462]
C:\Users\cheat\source\repos\worktrees\pr-481-1763014665\src\ReinforcementLearning\Agents\Dreamer\DreamerAgent.cs(193,76): error CS1061: '(Vector<T> observation, Vector<T> action, T reward, Vector<T> nextObservation, bool done)' does not contain a definition for 'Action' and no accessible extension method 'Action' accepting a first argument of type '(Vector<T> observation, Vector<T> action, T reward, Vector<T> nextObservation, bool done)' could be found (are you missing a using directive or an assembly reference?) [C:\Users\cheat\source\repos\worktrees\pr-481-1763014665\src\AiDotNet.csproj::TargetFramework=net462]
C:\Users\cheat\source\repos\worktrees\pr-481-1763014665\src\ReinforcementLearning\Agents\Dreamer\DreamerAgent.cs(194,64): error CS1503: Argument 1: cannot convert from 'AiDotNet.LinearAlgebra.Vector<T>' to 'AiDotNet.LinearAlgebra.Tensor<T>' [C:\Users\cheat\source\repos\worktrees\pr-481-1763014665\src\AiDotNet.csproj::TargetFramework=net462]
C:\Users\cheat\source\repos\worktrees\pr-481-1763014665\src\ReinforcementLearning\Agents\Dreamer\DreamerAgent.cs(206,57): error CS1061: '(Vector<T> observation, Vector<T> action, T reward, Vector<T> nextObservation, bool done)' does not contain a definition for 'Reward' and no accessible extension method 'Reward' accepting a first argument of type '(Vector<T> observation, Vector<T> action, T reward, Vector<T> nextObservation, bool done)' could be found (are you missing a using directive or an assembly reference?) [C:\Users\cheat\source\repos\worktrees\pr-481-1763014665\src\AiDotNet.csproj::TargetFramework=net462]
C:\Users\cheat\source\repos\worktrees\pr-481-1763014665\src\ReinforcementLearning\Agents\Dreamer\DreamerAgent.cs(226,30): error CS1061: 'INeuralNetwork<T>' does not contain a definition for 'Backpropagate' and no accessible extension method 'Backpropagate' accepting a first argument of type 'INeuralNetwork<T>' could be found (are you missing a using directive or an assembly reference?) [C:\Users\cheat\source\repos\worktrees\pr-481-1763014665\src\AiDotNet.csproj::TargetFramework=net462]
C:\Users\cheat\source\repos\worktrees\pr-481-1763014665\src\ReinforcementLearning\Agents\Dreamer\DreamerAgent.cs(227,47): error CS1503: Argument 1: cannot convert from 'T' to 'AiDotNet.LinearAlgebra.Vector<T>' [C:\Users\cheat\source\repos\worktrees\pr-481-1763014665\src\AiDotNet.csproj::TargetFramework=net462]
C:\Users\cheat\source\repos\worktrees\pr-481-1763014665\src\ReinforcementLearning\Agents\Dreamer\DreamerAgent.cs(231,28): error CS1061: 'INeuralNetwork<T>' does not contain a definition for 'Backpropagate' and no accessible extension method 'Backpropagate' accepting a first argument of type 'INeuralNetwork<T>' could be found (are you missing a using directive or an assembly reference?) [C:\Users\cheat\source\repos\worktrees\pr-481-1763014665\src\AiDotNet.csproj::TargetFramework=net462]
C:\Users\cheat\source\repos\worktrees\pr-481-1763014665\src\ReinforcementLearning\Agents\Dreamer\DreamerAgent.cs(232,45): error CS1503: Argument 1: cannot convert from 'T' to 'AiDotNet.LinearAlgebra.Vector<T>' [C:\Users\cheat\source\repos\worktrees\pr-481-1763014665\src\AiDotNet.csproj::TargetFramework=net462]
C:\Users\cheat\source\repos\worktrees\pr-481-1763014665\src\ReinforcementLearning\Agents\Dreamer\DreamerAgent.cs(236,30): error CS1061: 'INeuralNetwork<T>' does not contain a definition for 'Backpropagate' and no accessible extension method 'Backpropagate' accepting a first argument of type 'INeuralNetwork<T>' could be found (are you missing a using directive or an assembly reference?) [C:\Users\cheat\source\repos\worktrees\pr-481-1763014665\src\AiDotNet.csproj::TargetFramework=net462]
C:\Users\cheat\source\repos\worktrees\pr-481-1763014665\src\ReinforcementLearning\Agents\Dreamer\DreamerAgent.cs(237,47): error CS1503: Argument 1: cannot convert from 'T' to 'AiDotNet.LinearAlgebra.Vector<T>' [C:\Users\cheat\source\repos\worktrees\pr-481-1763014665\src\AiDotNet.csproj::TargetFramework=net462]
C:\Users\cheat\source\repos\worktrees\pr-481-1763014665\src\ReinforcementLearning\Agents\MuZero\MuZeroAgent.cs(51,52): error CS1729: 'DeepReinforcementLearningAgentBase<T>' does not contain a constructor that takes 2 arguments [C:\Users\cheat\source\repos\worktrees\pr-481-1763014665\src\AiDotNet.csproj::TargetFramework=net462]
C:\Users\cheat\source\repos\worktrees\pr-481-1763014665\src\ReinforcementLearning\Agents\MuZero\MuZeroAgent.cs(51,12): error CS8618: Non-nullable field '_representationNetwork' must contain a non-null value when exiting constructor. Consider adding the 'required' modifier or declaring the field as nullable. [C:\Users\cheat\source\repos\worktrees\pr-481-1763014665\src\AiDotNet.csproj::TargetFramework=net462]
C:\Users\cheat\source\repos\worktrees\pr-481-1763014665\src\ReinforcementLearning\Agents\MuZero\MuZeroAgent.cs(51,12): error CS8618: Non-nullable field '_dynamicsNetwork' must contain a non-null value when exiting constructor. Consider adding the 'required' modifier or declaring the field as nullable. [C:\Users\cheat\source\repos\worktrees\pr-481-1763014665\src\AiDotNet.csproj::TargetFramework=net462]
C:\Users\cheat\source\repos\worktrees\pr-481-1763014665\src\ReinforcementLearning\Agents\MuZero\MuZeroAgent.cs(51,12): error CS8618: Non-nullable field '_predictionNetwork' must contain a non-null value when exiting constructor. Consider adding the 'required' modifier or declaring the field as nullable. [C:\Users\cheat\source\repos\worktrees\pr-481-1763014665\src\AiDotNet.csproj::TargetFramework=net462]
C:\Users\cheat\source\repos\worktrees\pr-481-1763014665\src\ReinforcementLearning\Agents\MuZero\MuZeroAgent.cs(51,12): error CS8618: Non-nullable field '_replayBuffer' must contain a non-null value when exiting constructor. Consider adding the 'required' modifier or declaring the field as nullable. [C:\Users\cheat\source\repos\worktrees\pr-481-1763014665\src\AiDotNet.csproj::TargetFramework=net462]
C:\Users\cheat\source\repos\worktrees\pr-481-1763014665\src\ReinforcementLearning\Agents\IQL\IQLAgent.cs(117,27): error CS7036: There is no argument given that corresponds to the required parameter 'architecture' of 'NeuralNetwork<T>.NeuralNetwork(NeuralNetworkArchitecture<T>, ILossFunction<T>?)' [C:\Users\cheat\source\repos\worktrees\pr-481-1763014665\src\AiDotNet.csproj::TargetFramework=net462]
C:\Users\cheat\source\repos\worktrees\pr-481-1763014665\src\ReinforcementLearning\Agents\IQL\IQLAgent.cs(123,21): error CS7036: There is no argument given that corresponds to the required parameter 'units' of 'NeuralNetworkBase<T>.AddLayer(LayerType, int, ActivationFunction)' [C:\Users\cheat\source\repos\worktrees\pr-481-1763014665\src\AiDotNet.csproj::TargetFramework=net462]
C:\Users\cheat\source\repos\worktrees\pr-481-1763014665\src\ReinforcementLearning\Agents\IQL\IQLAgent.cs(124,57): error CS0246: The type or namespace name 'ReLU<>' could not be found (are you missing a using directive or an assembly reference?) [C:\Users\cheat\source\repos\worktrees\pr-481-1763014665\src\AiDotNet.csproj::TargetFramework=net462]
C:\Users\cheat\source\repos\worktrees\pr-481-1763014665\src\ReinforcementLearning\Agents\IQL\IQLAgent.cs(124,34): error CS1729: 'ActivationLayer<T>' does not contain a constructor that takes 1 arguments [C:\Users\cheat\source\repos\worktrees\pr-481-1763014665\src\AiDotNet.csproj::TargetFramework=net462]
C:\Users\cheat\source\repos\worktrees\pr-481-1763014665\src\ReinforcementLearning\Agents\IQL\IQLAgent.cs(128,17): error CS7036: There is no argument given that corresponds to the required parameter 'units' of 'NeuralNetworkBase<T>.AddLayer(LayerType, int, ActivationFunction)' [C:\Users\cheat\source\repos\worktrees\pr-481-1763014665\src\AiDotNet.csproj::TargetFramework=net462]
C:\Users\cheat\source\repos\worktrees\pr-481-1763014665\src\ReinforcementLearning\Agents\DynamicProgramming\ValueIterationAgent.cs(282,51): error CS1503: Argument 1: cannot convert from 'AiDotNet.LinearAlgebra.Matrix<T>' to 'AiDotNet.LinearAlgebra.Vector<T>' [C:\Users\cheat\source\repos\worktrees\pr-481-1763014665\src\AiDotNet.csproj::TargetFramework=net462]
C:\Users\cheat\source\repos\worktrees\pr-481-1763014665\src\ReinforcementLearning\Agents\DynamicProgramming\ValueIterationAgent.cs(282,88): error CS1503: Argument 2: cannot convert from 'AiDotNet.LinearAlgebra.Matrix<T>' to 'AiDotNet.LinearAlgebra.Vector<T>' [C:\Users\cheat\source\repos\worktrees\pr-481-1763014665\src\AiDotNet.csproj::TargetFramework=net462]
C:\Users\cheat\source\repos\worktrees\pr-481-1763014665\src\ReinforcementLearning\Agents\DynamicProgramming\ValueIterationAgent.cs(284,61): error CS1503: Argument 1: cannot convert from 'AiDotNet.LinearAlgebra.Matrix<T>' to 'AiDotNet.LinearAlgebra.Vector<T>' [C:\Users\cheat\source\repos\worktrees\pr-481-1763014665\src\AiDotNet.csproj::TargetFramework=net462]
C:\Users\cheat\source\repos\worktrees\pr-481-1763014665\src\ReinforcementLearning\Agents\DynamicProgramming\ValueIterationAgent.cs(284,98): error CS1503: Argument 2: cannot convert from 'AiDotNet.LinearAlgebra.Matrix<T>' to 'AiDotNet.LinearAlgebra.Vector<T>' [C:\Users\cheat\source\repos\worktrees\pr-481-1763014665\src\AiDotNet.csproj::TargetFramework=net462]
C:\Users\cheat\source\repos\worktrees\pr-481-1763014665\src\ReinforcementLearning\Agents\IQL\IQLAgent.cs(145,28): error CS1501: No overload for method 'Add' takes 5 arguments [C:\Users\cheat\source\repos\worktrees\pr-481-1763014665\src\AiDotNet.csproj::TargetFramework=net462]
C:\Users\cheat\source\repos\worktrees\pr-481-1763014665\src\ReinforcementLearning\Agents\DuelingDQN\DuelingDQNAgent.cs(259,26): error CS1061: 'DuelingNetwork<T>' does not contain a definition for 'GetParameters' and no accessible extension method 'GetParameters' accepting a first argument of type 'DuelingNetwork<T>' could be found (are you missing a using directive or an assembly reference?) [C:\Users\cheat\source\repos\worktrees\pr-481-1763014665\src\AiDotNet.csproj::TargetFramework=net462]
C:\Users\cheat\source\repos\worktrees\pr-481-1763014665\src\ReinforcementLearning\Agents\DuelingDQN\DuelingDQNAgent.cs(265,42): error CS1503: Argument 1: cannot convert from 'AiDotNet.LinearAlgebra.Vector<T>' to 'AiDotNet.LinearAlgebra.Matrix<T>' [C:\Users\cheat\source\repos\worktrees\pr-481-1763014665\src\AiDotNet.csproj::TargetFramework=net462]
C:\Users\cheat\source\repos\worktrees\pr-481-1763014665\src\ReinforcementLearning\Agents\MuZero\MuZeroAgent.cs(74,27): error CS7036: There is no argument given that corresponds to the required parameter 'architecture' of 'NeuralNetwork<T>.NeuralNetwork(NeuralNetworkArchitecture<T>, ILossFunction<T>?)' [C:\Users\cheat\source\repos\worktrees\pr-481-1763014665\src\AiDotNet.csproj::TargetFramework=net462]
C:\Users\cheat\source\repos\worktrees\pr-481-1763014665\src\ReinforcementLearning\Agents\MuZero\MuZeroAgent.cs(79,21): error CS7036: There is no argument given that corresponds to the required parameter 'units' of 'NeuralNetworkBase<T>.AddLayer(LayerType, int, ActivationFunction)' [C:\Users\cheat\source\repos\worktrees\pr-481-1763014665\src\AiDotNet.csproj::TargetFramework=net462]
C:\Users\cheat\source\repos\worktrees\pr-481-1763014665\src\ReinforcementLearning\Agents\MuZero\MuZeroAgent.cs(80,57): error CS0246: The type or namespace name 'ReLU<>' could not be found (are you missing a using directive or an assembly reference?) [C:\Users\cheat\source\repos\worktrees\pr-481-1763014665\src\AiDotNet.csproj::TargetFramework=net462]
C:\Users\cheat\source\repos\worktrees\pr-481-1763014665\src\ReinforcementLearning\Agents\MuZero\MuZeroAgent.cs(80,34): error CS1729: 'ActivationLayer<T>' does not contain a constructor that takes 1 arguments [C:\Users\cheat\source\repos\worktrees\pr-481-1763014665\src\AiDotNet.csproj::TargetFramework=net462]
C:\Users\cheat\source\repos\worktrees\pr-481-1763014665\src\ReinforcementLearning\Agents\MuZero\MuZeroAgent.cs(84,17): error CS7036: There is no argument given that corresponds to the required parameter 'units' of 'NeuralNetworkBase<T>.AddLayer(LayerType, int, ActivationFunction)' [C:\Users\cheat\source\repos\worktrees\pr-481-1763014665\src\AiDotNet.csproj::TargetFramework=net462]
C:\Users\cheat\source\repos\worktrees\pr-481-1763014665\src\ReinforcementLearning\Agents\Dreamer\DreamerAgent.cs(258,62): error CS1503: Argument 1: cannot convert from 'AiDotNet.LinearAlgebra.Vector<T>' to 'AiDotNet.LinearAlgebra.Tensor<T>' [C:\Users\cheat\source\repos\worktrees\pr-481-1763014665\src\AiDotNet.csproj::TargetFramework=net462]
C:\Users\cheat\source\repos\worktrees\pr-481-1763014665\src\ReinforcementLearning\Agents\Dreamer\DreamerAgent.cs(261,53): error CS1503: Argument 1: cannot convert from 'AiDotNet.LinearAlgebra.Tensor<T>' to 'AiDotNet.LinearAlgebra.Vector<T>' [C:\Users\cheat\source\repos\worktrees\pr-481-1763014665\src\AiDotNet.csproj::TargetFramework=net462]
C:\Users\cheat\source\repos\worktrees\pr-481-1763014665\src\ReinforcementLearning\Agents\Dreamer\DreamerAgent.cs(270,27): error CS1061: 'INeuralNetwork<T>' does not contain a definition for 'Backpropagate' and no accessible extension method 'Backpropagate' accepting a first argument of type 'INeuralNetwork<T>' could be found (are you missing a using directive or an assembly reference?) [C:\Users\cheat\source\repos\worktrees\pr-481-1763014665\src\AiDotNet.csproj::TargetFramework=net462]
C:\Users\cheat\source\repos\worktrees\pr-481-1763014665\src\ReinforcementLearning\Agents\Dreamer\DreamerAgent.cs(271,44): error CS1503: Argument 1: cannot convert from 'T' to 'AiDotNet.LinearAlgebra.Vector<T>' [C:\Users\cheat\source\repos\worktrees\pr-481-1763014665\src\AiDotNet.csproj::TargetFramework=net462]
C:\Users\cheat\source\repos\worktrees\pr-481-1763014665\src\ReinforcementLearning\Agents\Dreamer\DreamerAgent.cs(281,27): error CS1061: 'INeuralNetwork<T>' does not contain a definition for 'Backpropagate' and no accessible extension method 'Backpropagate' accepting a first argument of type 'INeuralNetwork<T>' could be found (are you missing a using directive or an assembly reference?) [C:\Users\cheat\source\repos\worktrees\pr-481-1763014665\src\AiDotNet.csproj::TargetFramework=net462]
C:\Users\cheat\source\repos\worktrees\pr-481-1763014665\src\ReinforcementLearning\Agents\Dreamer\DreamerAgent.cs(282,44): error CS1503: Argument 1: cannot convert from 'T' to 'AiDotNet.LinearAlgebra.Vector<T>' [C:\Users\cheat\source\repos\worktrees\pr-481-1763014665\src\AiDotNet.csproj::TargetFramework=net462]
C:\Users\cheat\source\repos\worktrees\pr-481-1763014665\src\ReinforcementLearning\Agents\MuZero\MuZeroAgent.cs(97,58): error CS1503: Argument 1: cannot convert from 'AiDotNet.LinearAlgebra.Vector<T>' to 'AiDotNet.LinearAlgebra.Tensor<T>' [C:\Users\cheat\source\repos\worktrees\pr-481-1763014665\src\AiDotNet.csproj::TargetFramework=net462]
C:\Users\cheat\source\repos\worktrees\pr-481-1763014665\src\ReinforcementLearning\Agents\MuZero\MuZeroAgent.cs(103,51): error CS1503: Argument 1: cannot convert from 'AiDotNet.LinearAlgebra.Tensor<T>' to 'AiDotNet.LinearAlgebra.Vector<T>' [C:\Users\cheat\source\repos\worktrees\pr-481-1763014665\src\AiDotNet.csproj::TargetFramework=net462]
C:\Users\cheat\source\repos\worktrees\pr-481-1763014665\src\ReinforcementLearning\Agents\MuZero\MuZeroAgent.cs(110,38): error CS1503: Argument 1: cannot convert from 'AiDotNet.LinearAlgebra.Tensor<T>' to 'AiDotNet.LinearAlgebra.Vector<T>' [C:\Users\cheat\source\repos\worktrees\pr-481-1763014665\src\AiDotNet.csproj::TargetFramework=net462]
C:\Users\cheat\source\repos\worktrees\pr-481-1763014665\src\ReinforcementLearning\Agents\EligibilityTraces\WatkinsQLambdaAgent.cs(123,218): error CS1503: Argument 1: cannot convert from 'AiDotNet.LinearAlgebra.Matrix<T>' to 'AiDotNet.LinearAlgebra.Vector<T>' [C:\Users\cheat\source\repos\worktrees\pr-481-1763014665\src\AiDotNet.csproj::TargetFramework=net462]
C:\Users\cheat\source\repos\worktrees\pr-481-1763014665\src\ReinforcementLearning\Agents\EligibilityTraces\WatkinsQLambdaAgent.cs(123,249): error CS1503: Argument 2: cannot convert from 'AiDotNet.LinearAlgebra.Matrix<T>' to 'AiDotNet.LinearAlgebra.Vector<T>' [C:\Users\cheat\source\repos\worktrees\pr-481-1763014665\src\AiDotNet.csproj::TargetFramework=net462]
C:\Users\cheat\source\repos\worktrees\pr-481-1763014665\src\ReinforcementLearning\Agents\EligibilityTraces\WatkinsQLambdaAgent.cs(123,317): error CS1503: Argument 1: cannot convert from 'AiDotNet.LinearAlgebra.Matrix<T>' to 'AiDotNet.LinearAlgebra.Vector<T>' [C:\Users\cheat\source\repos\worktrees\pr-481-1763014665\src\AiDotNet.csproj::TargetFramework=net462]
C:\Users\cheat\source\repos\worktrees\pr-481-1763014665\src\ReinforcementLearning\Agents\EligibilityTraces\WatkinsQLambdaAgent.cs(123,348): error CS1503: Argument 2: cannot convert from 'AiDotNet.LinearAlgebra.Matrix<T>' to 'AiDotNet.LinearAlgebra.Vector<T>' [C:\Users\cheat\source\repos\worktrees\pr-481-1763014665\src\AiDotNet.csproj::TargetFramework=net462]
C:\Users\cheat\source\repos\worktrees\pr-481-1763014665\src\ReinforcementLearning\Agents\Dreamer\DreamerAgent.cs(299,48): error CS1503: Argument 1: cannot convert from 'AiDotNet.LinearAlgebra.Vector<T>' to 'AiDotNet.LinearAlgebra.Tensor<T>' [C:\Users\cheat\source\repos\worktrees\pr-481-1763014665\src\AiDotNet.csproj::TargetFramework=net462]
C:\Users\cheat\source\repos\worktrees\pr-481-1763014665\src\ReinforcementLearning\Agents\Dreamer\DreamerAgent.cs(302,49): error CS1503: Argument 1: cannot convert from 'AiDotNet.LinearAlgebra.Vector<T>' to 'AiDotNet.LinearAlgebra.Tensor<T>' [C:\Users\cheat\source\repos\worktrees\pr-481-1763014665\src\AiDotNet.csproj::TargetFramework=net462]
C:\Users\cheat\source\repos\worktrees\pr-481-1763014665\src\ReinforcementLearning\Agents\Dreamer\DreamerAgent.cs(306,65): error CS1503: Argument 2: cannot convert from 'AiDotNet.LinearAlgebra.Tensor<T>' to 'AiDotNet.LinearAlgebra.Vector<T>' [C:\Users\cheat\source\repos\worktrees\pr-481-1763014665\src\AiDotNet.csproj::TargetFramework=net462]
C:\Users\cheat\source\repos\worktrees\pr-481-1763014665\src\ReinforcementLearning\Agents\Dreamer\DreamerAgent.cs(307,52): error CS1503: Argument 1: cannot convert from 'AiDotNet.LinearAlgebra.Vector<T>' to 'AiDotNet.LinearAlgebra.Tensor<T>' [C:\Users\cheat\source\repos\worktrees\pr-481-1763014665\src\AiDotNet.csproj::TargetFramework=net462]
C:\Users\cheat\source\repos\worktrees\pr-481-1763014665\src\ReinforcementLearning\Agents\Dreamer\DreamerAgent.cs(310,57): error CS1503: Argument 1: cannot convert from 'AiDotNet.LinearAlgebra.Vector<T>' to 'AiDotNet.LinearAlgebra.Tensor<T>' [C:\Users\cheat\source\repos\worktrees\pr-481-1763014665\src\AiDotNet.csproj::TargetFramework=net462]
C:\Users\cheat\source\repos\worktrees\pr-481-1763014665\src\ReinforcementLearning\Agents\Dreamer\DreamerAgent.cs(311,24): error CS1061: 'INumericOperations<T>' does not contain a definition for 'Compare' and no accessible extension method 'Compare' accepting a first argument of type 'INumericOperations<T>' could be found (are you missing a using directive or an assembly reference?) [C:\Users\cheat\source\repos\worktrees\pr-481-1763014665\src\AiDotNet.csproj::TargetFramework=net462]
C:\Users\cheat\source\repos\worktrees\pr-481-1763014665\src\ReinforcementLearning\Agents\DuelingDQN\DuelingDQNAgent.cs(303,32): error CS1061: 'DuelingNetwork<T>' does not contain a definition for 'Predict' and no accessible extension method 'Predict' accepting a first argument of type 'DuelingNetwork<T>' could be found (are you missing a using directive or an assembly reference?) [C:\Users\cheat\source\repos\worktrees\pr-481-1763014665\src\AiDotNet.csproj::TargetFramework=net462]
C:\Users\cheat\source\repos\worktrees\pr-481-1763014665\src\ReinforcementLearning\Agents\DuelingDQN\DuelingDQNAgent.cs(305,29): error CS1061: 'ILossFunction<T>' does not contain a definition for 'ComputeGradient' and no accessible extension method 'ComputeGradient' accepting a first argument of type 'ILossFunction<T>' could be found (are you missing a using directive or an assembly reference?) [C:\Users\cheat\source\repos\worktrees\pr-481-1763014665\src\AiDotNet.csproj::TargetFramework=net462]
C:\Users\cheat\source\repos\worktrees\pr-481-1763014665\src\ReinforcementLearning\Agents\DuelingDQN\DuelingDQNAgent.cs(307,19): error CS1061: 'DuelingNetwork<T>' does not contain a definition for 'Backpropagate' and no accessible extension method 'Backpropagate' accepting a first argument of type 'DuelingNetwork<T>' could be found (are you missing a using directive or an assembly reference?) [C:\Users\cheat\source\repos\worktrees\pr-481-1763014665\src\AiDotNet.csproj::TargetFramework=net462]
C:\Users\cheat\source\repos\worktrees\pr-481-1763014665\src\ReinforcementLearning\Agents\DuelingDQN\DuelingDQNAgent.cs(308,40): error CS1061: 'DuelingNetwork<T>' does not contain a definition for 'GetFlattenedGradients' and no accessible extension method 'GetFlattenedGradients' accepting a first argument of type 'DuelingNetwork<T>' could be found (are you missing a using directive or an assembly reference?) [C:\Users\cheat\source\repos\worktrees\pr-481-1763014665\src\AiDotNet.csproj::TargetFramework=net462]
C:\Users\cheat\source\repos\worktrees\pr-481-1763014665\src\ReinforcementLearning\Agents\IQL\IQLAgent.cs(151,51): error CS1503: Argument 1: cannot convert from 'AiDotNet.LinearAlgebra.Vector<T>' to 'AiDotNet.LinearAlgebra.Tensor<T>' [C:\Users\cheat\source\repos\worktrees\pr-481-1763014665\src\AiDotNet.csproj::TargetFramework=net462]
C:\Users\cheat\source\repos\worktrees\pr-481-1763014665\src\ReinforcementLearning\Agents\MuZero\MuZeroAgent.cs(122,57): error CS1503: Argument 1: cannot convert from 'AiDotNet.LinearAlgebra.Vector<T>' to 'AiDotNet.LinearAlgebra.Tensor<T>' [C:\Users\cheat\source\repos\worktrees\pr-481-1763014665\src\AiDotNet.csproj::TargetFramework=net462]
C:\Users\cheat\source\repos\worktrees\pr-481-1763014665\src\ReinforcementLearning\Agents\MuZero\MuZeroAgent.cs(123,35): error CS1503: Argument 1: cannot convert from 'AiDotNet.LinearAlgebra.Tensor<T>' to 'AiDotNet.LinearAlgebra.Vector<T>' [C:\Users\cheat\source\repos\worktrees\pr-481-1763014665\src\AiDotNet.csproj::TargetFramework=net462]
C:\Users\cheat\source\repos\worktrees\pr-481-1763014665\src\ReinforcementLearning\Agents\IQL\IQLAgent.cs(190,24): error CS1501: No overload for method 'Add' takes 5 arguments [C:\Users\cheat\source\repos\worktrees\pr-481-1763014665\src\AiDotNet.csproj::TargetFramework=net462]
C:\Users\cheat\source\repos\worktrees\pr-481-1763014665\src\ReinforcementLearning\Agents\DuelingDQN\DuelingDQNAgent.cs(316,39): error CS1061: 'DuelingNetwork<T>' does not contain a definition for 'GetParameters' and no accessible extension method 'GetParameters' accepting a first argument of type 'DuelingNetwork<T>' could be found (are you missing a using directive or an assembly reference?) [C:\Users\cheat\source\repos\worktrees\pr-481-1763014665\src\AiDotNet.csproj::TargetFramework=net462]
C:\Users\cheat\source\repos\worktrees\pr-481-1763014665\src\ReinforcementLearning\Agents\DuelingDQN\DuelingDQNAgent.cs(326,42): error CS1503: Argument 1: cannot convert from 'AiDotNet.LinearAlgebra.Vector<T>' to 'AiDotNet.LinearAlgebra.Matrix<T>' [C:\Users\cheat\source\repos\worktrees\pr-481-1763014665\src\AiDotNet.csproj::TargetFramework=net462]
C:\Users\cheat\source\repos\worktrees\pr-481-1763014665\src\ReinforcementLearning\Agents\DuelingDQN\DuelingDQNAgent.cs(332,35): error CS1061: 'DuelingNetwork<T>' does not contain a definition for 'GetParameters' and no accessible extension method 'GetParameters' accepting a first argument of type 'DuelingNetwork<T>' could be found (are you missing a using directive or an assembly reference?) [C:\Users\cheat\source\repos\worktrees\pr-481-1763014665\src\AiDotNet.csproj::TargetFramework=net462]
C:\Users\cheat\source\repos\worktrees\pr-481-1763014665\src\ReinforcementLearning\Agents\IQL\IQLAgent.cs(205,43): error CS1503: Argument 1: cannot convert from 'System.Collections.Generic.List<AiDotNet.ReinforcementLearning.ReplayBuffers.Experience<T>>' to 'System.Collections.Generic.List<(AiDotNet.LinearAlgebra.Vector<T> state, AiDotNet.LinearAlgebra.Vector<T> action, T reward, AiDotNet.LinearAlgebra.Vector<T> nextState, bool done)>' [C:\Users\cheat\source\repos\worktrees\pr-481-1763014665\src\AiDotNet.csproj::TargetFramework=net462]
C:\Users\cheat\source\repos\worktrees\pr-481-1763014665\src\ReinforcementLearning\Agents\IQL\IQLAgent.cs(209,36): error CS1503: Argument 1: cannot convert from 'System.Collections.Generic.List<AiDotNet.ReinforcementLearning.ReplayBuffers.Experience<T>>' to 'System.Collections.Generic.List<(AiDotNet.LinearAlgebra.Vector<T> state, AiDotNet.LinearAlgebra.Vector<T> action, T reward, AiDotNet.LinearAlgebra.Vector<T> nextState, bool done)>' [C:\Users\cheat\source\repos\worktrees\pr-481-1763014665\src\AiDotNet.csproj::TargetFramework=net462]
C:\Users\cheat\source\repos\worktrees\pr-481-1763014665\src\ReinforcementLearning\Agents\IQL\IQLAgent.cs(213,37): error CS1503: Argument 1: cannot convert from 'System.Collections.Generic.List<AiDotNet.ReinforcementLearning.ReplayBuffers.Experience<T>>' to 'System.Collections.Generic.List<(AiDotNet.LinearAlgebra.Vector<T> state, AiDotNet.LinearAlgebra.Vector<T> action, T reward, AiDotNet.LinearAlgebra.Vector<T> nextState, bool done)>' [C:\Users\cheat\source\repos\worktrees\pr-481-1763014665\src\AiDotNet.csproj::TargetFramework=net462]
C:\Users\cheat\source\repos\worktrees\pr-481-1763014665\src\ReinforcementLearning\Agents\DynamicProgramming\PolicyIterationAgent.cs(124,36): error CS1061: 'INumericOperations<T>' does not contain a definition for 'Compare' and no accessible extension method 'Compare' accepting a first argument of type 'INumericOperations<T>' could be found (are you missing a using directive or an assembly reference?) [C:\Users\cheat\source\repos\worktrees\pr-481-1763014665\src\AiDotNet.csproj::TargetFramework=net462]
C:\Users\cheat\source\repos\worktrees\pr-481-1763014665\src\ReinforcementLearning\Agents\DynamicProgramming\PolicyIterationAgent.cs(132,24): error CS1061: 'INumericOperations<T>' does not contain a definition for 'Compare' and no accessible extension method 'Compare' accepting a first argument of type 'INumericOperations<T>' could be found (are you missing a using directive or an assembly reference?) [C:\Users\cheat\source\repos\worktrees\pr-481-1763014665\src\AiDotNet.csproj::TargetFramework=net462]
C:\Users\cheat\source\repos\worktrees\pr-481-1763014665\src\ReinforcementLearning\Agents\Dreamer\DreamerAgent.cs(368,25): error CS0029: Cannot implicitly convert type 'string' to 'AiDotNet.Enums.ModelType' [C:\Users\cheat\source\repos\worktrees\pr-481-1763014665\src\AiDotNet.csproj::TargetFramework=net462]
C:\Users\cheat\source\repos\worktrees\pr-481-1763014665\src\ReinforcementLearning\Agents\IQL\IQLAgent.cs(231,83): error CS1061: '(Vector<T> state, Vector<T> action, T reward, Vector<T> nextState, bool done)' does not contain a definition for 'Action' and no accessible extension method 'Action' accepting a first argument of type '(Vector<T> state, Vector<T> action, T reward, Vector<T> nextState, bool done)' could be found (are you missing a using directive or an assembly reference?) [C:\Users\cheat\source\repos\worktrees\pr-481-1763014665\src\AiDotNet.csproj::TargetFramework=net462]
C:\Users\cheat\source\repos\worktrees\pr-481-1763014665\src\ReinforcementLearning\Agents\IQL\IQLAgent.cs(232,46): error CS1503: Argument 1: cannot convert from 'AiDotNet.LinearAlgebra.Vector<T>' to 'AiDotNet.LinearAlgebra.Tensor<T>' [C:\Users\cheat\source\repos\worktrees\pr-481-1763014665\src\AiDotNet.csproj::TargetFramework=net462]
C:\Users\cheat\source\repos\worktrees\pr-481-1763014665\src\ReinforcementLearning\Agents\IQL\IQLAgent.cs(233,46): error CS1503: Argument 1: cannot convert from 'AiDotNet.LinearAlgebra.Vector<T>' to 'AiDotNet.LinearAlgebra.Tensor<T>' [C:\Users\cheat\source\repos\worktrees\pr-481-1763014665\src\AiDotNet.csproj::TargetFramework=net462]
C:\Users\cheat\source\repos\worktrees\pr-481-1763014665\src\ReinforcementLearning\Agents\IQL\IQLAgent.cs(237,48): error CS1503: Argument 1: cannot convert from 'AiDotNet.LinearAlgebra.Vector<T>' to 'AiDotNet.LinearAlgebra.Tensor<T>' [C:\Users\cheat\source\repos\worktrees\pr-481-1763014665\src\AiDotNet.csproj::TargetFramework=net462]
C:\Users\cheat\source\repos\worktrees\pr-481-1763014665\src\ReinforcementLearning\Agents\IQL\IQLAgent.cs(246,38): error CS1061: 'INumericOperations<T>' does not contain a definition for 'Compare' and no accessible extension method 'Compare' accepting a first argument of type 'INumericOperations<T>' could be found (are you missing a using directive or an assembly reference?) [C:\Users\cheat\source\repos\worktrees\pr-481-1763014665\src\AiDotNet.csproj::TargetFramework=net462]
C:\Users\cheat\source\repos\worktrees\pr-481-1763014665\src\ReinforcementLearning\Agents\IQL\IQLAgent.cs(252,41): error CS1503: Argument 1: cannot convert from 'AiDotNet.LinearAlgebra.Vector<T>' to 'AiDotNet.LinearAlgebra.Tensor<T>' [C:\Users\cheat\source\repos\worktrees\pr-481-1763014665\src\AiDotNet.csproj::TargetFramework=net462]
C:\Users\cheat\source\repos\worktrees\pr-481-1763014665\src\ReinforcementLearning\Agents\IQL\IQLAgent.cs(253,44): error CS1503: Argument 1: cannot convert from 'T' to 'AiDotNet.LinearAlgebra.Vector<T>' [C:\Users\cheat\source\repos\worktrees\pr-481-1763014665\src\AiDotNet.csproj::TargetFramework=net462]
C:\Users\cheat\source\repos\worktrees\pr-481-1763014665\src\ReinforcementLearning\Agents\MADDPG\MADDPGAgent.cs(106,32): error CS1729: 'NeuralNetworkArchitecture<T>' does not contain a constructor that takes 0 arguments [C:\Users\cheat\source\repos\worktrees\pr-481-1763014665\src\AiDotNet.csproj::TargetFramework=net462]
C:\Users\cheat\source\repos\worktrees\pr-481-1763014665\src\ReinforcementLearning\Agents\MADDPG\MADDPGAgent.cs(108,13): error CS0200: Property or indexer 'NeuralNetworkArchitecture<T>.TaskType' cannot be assigned to -- it is read only [C:\Users\cheat\source\repos\worktrees\pr-481-1763014665\src\AiDotNet.csproj::TargetFramework=net462]
C:\Users\cheat\source\repos\worktrees\pr-481-1763014665\src\ReinforcementLearning\Agents\MADDPG\MADDPGAgent.cs(123,28): error CS1061: 'DenseLayer<T>' does not contain a definition for 'GetWeights' and no accessible extension method 'GetWeights' accepting a first argument of type 'DenseLayer<T>' could be found (are you missing a using directive or an assembly reference?) [C:\Users\cheat\source\repos\worktrees\pr-481-1763014665\src\AiDotNet.csproj::TargetFramework=net462]
C:\Users\cheat\source\repos\worktrees\pr-481-1763014665\src\ReinforcementLearning\Agents\MADDPG\MADDPGAgent.cs(129,9): error CS0200: Property or indexer 'NeuralNetworkArchitecture<T>.Layers' cannot be assigned to -- it is read only [C:\Users\cheat\source\repos\worktrees\pr-481-1763014665\src\AiDotNet.csproj::TargetFramework=net462]
C:\Users\cheat\source\repos\worktrees\pr-481-1763014665\src\ReinforcementLearning\Agents\IQL\IQLAgent.cs(263,34): error CS1061: 'INumericOperations<T>' does not contain a definition for 'Compare' and no accessible extension method 'Compare' accepting a first argument of type 'INumericOperations<T>' could be found (are you missing a using directive or an assembly reference?) [C:\Users\cheat\source\repos\worktrees\pr-481-1763014665\src\AiDotNet.csproj::TargetFramework=net462]
C:\Users\cheat\source\repos\worktrees\pr-481-1763014665\src\ReinforcementLearning\Agents\MADDPG\MADDPGAgent.cs(138,32): error CS1729: 'NeuralNetworkArchitecture<T>' does not contain a constructor that takes 0 arguments [C:\Users\cheat\source\repos\worktrees\pr-481-1763014665\src\AiDotNet.csproj::TargetFramework=net462]
C:\Users\cheat\source\repos\worktrees\pr-481-1763014665\src\ReinforcementLearning\Agents\MADDPG\MADDPGAgent.cs(140,13): error CS0200: Property or indexer 'NeuralNetworkArchitecture<T>.TaskType' cannot be assigned to -- it is read only [C:\Users\cheat\source\repos\worktrees\pr-481-1763014665\src\AiDotNet.csproj::TargetFramework=net462]
C:\Users\cheat\source\repos\worktrees\pr-481-1763014665\src\ReinforcementLearning\Agents\MADDPG\MADDPGAgent.cs(150,9): error CS0200: Property or indexer 'NeuralNetworkArchitecture<T>.Layers' cannot be assigned to -- it is read only [C:\Users\cheat\source\repos\worktrees\pr-481-1763014665\src\AiDotNet.csproj::TargetFramework=net462]
C:\Users\cheat\source\repos\worktrees\pr-481-1763014665\src\ReinforcementLearning\Agents\Dreamer\DreamerAgent.cs(437,41): error CS1061: 'ILossFunction<T>' does not contain a definition for 'ComputeGradient' and no accessible extension method 'ComputeGradient' accepting a first argument of type 'ILossFunction<T>' could be found (are you missing a using directive or an assembly reference?) [C:\Users\cheat\source\repos\worktrees\pr-481-1763014665\src\AiDotNet.csproj::TargetFramework=net462]
C:\Users\cheat\source\repos\worktrees\pr-481-1763014665\src\ReinforcementLearning\Agents\Dreamer\DreamerAgent.cs(445,25): error CS1061: 'INeuralNetwork<T>' does not contain a definition for 'Backpropagate' and no accessible extension method 'Backpropagate' accepting a first argument of type 'INeuralNetwork<T>' could be found (are you missing a using directive or an assembly reference?) [C:\Users\cheat\source\repos\worktrees\pr-481-1763014665\src\AiDotNet.csproj::TargetFramework=net462]
C:\Users\cheat\source\repos\worktrees\pr-481-1763014665\src\ReinforcementLearning\Agents\Dreamer\DreamerAgent.cs(446,42): error CS1503: Argument 1: cannot convert from 'T' to 'AiDotNet.LinearAlgebra.Vector<T>' [C:\Users\cheat\source\repos\worktrees\pr-481-1763014665\src\AiDotNet.csproj::TargetFramework=net462]
C:\Users\cheat\source\repos\worktrees\pr-481-1763014665\src\ReinforcementLearning\Agents\NStepSARSA\NStepSARSAAgent.cs(197,25): error CS0029: Cannot implicitly convert type 'string' to 'AiDotNet.Enums.ModelType' [C:\Users\cheat\source\repos\worktrees\pr-481-1763014665\src\AiDotNet.csproj::TargetFramework=net462]
C:\Users\cheat\source\repos\worktrees\pr-481-1763014665\src\ReinforcementLearning\Agents\MonteCarlo\OnPolicyMonteCarloAgent.cs(215,25): error CS0029: Cannot implicitly convert type 'string' to 'AiDotNet.Enums.ModelType' [C:\Users\cheat\source\repos\worktrees\pr-481-1763014665\src\AiDotNet.csproj::TargetFramework=net462]
C:\Users\cheat\source\repos\worktrees\pr-481-1763014665\src\ReinforcementLearning\Agents\PPO\PPOAgent.cs(63,32): error CS0246: The type or namespace name 'MeanSquaredError<>' could not be found (are you missing a using directive or an assembly reference?) [C:\Users\cheat\source\repos\worktrees\pr-481-1763014665\src\AiDotNet.csproj::TargetFramework=net462]
C:\Users\cheat\source\repos\worktrees\pr-481-1763014665\src\ReinforcementLearning\Agents\DynamicProgramming\PolicyIterationAgent.cs(253,25): error CS0029: Cannot implicitly convert type 'string' to 'AiDotNet.Enums.ModelType' [C:\Users\cheat\source\repos\worktrees\pr-481-1763014665\src\AiDotNet.csproj::TargetFramework=net462]
C:\Users\cheat\source\repos\worktrees\pr-481-1763014665\src\ReinforcementLearning\Agents\MADDPG\MADDPGAgent.cs(169,46): error CS1061: 'INeuralNetwork<T>' does not contain a definition for 'Forward' and no accessible extension method 'Forward' accepting a first argument of type 'INeuralNetwork<T>' could be found (are you missing a using directive or an assembly reference?) [C:\Users\cheat\source\repos\worktrees\pr-481-1763014665\src\AiDotNet.csproj::TargetFramework=net462]
C:\Users\cheat\source\repos\worktrees\pr-481-1763014665\src\ReinforcementLearning\Agents\IQL\IQLAgent.cs(288,38): error CS1061: '(Vector<T> state, Vector<T> action, T reward, Vector<T> nextState, bool done)' does not contain a definition for 'Reward' and no accessible extension method 'Reward' accepting a first argument of type '(Vector<T> state, Vector<T> action, T reward, Vector<T> nextState, bool done)' could be found (are you missing a using directive or an assembly reference?) [C:\Users\cheat\source\repos\worktrees\pr-481-1763014665\src\AiDotNet.csproj::TargetFramework=net462]
C:\Users\cheat\source\repos\worktrees\pr-481-1763014665\src\ReinforcementLearning\Agents\IQL\IQLAgent.cs(292,61): error CS1503: Argument 1: cannot convert from 'AiDotNet.LinearAlgebra.Vector<T>' to 'AiDotNet.LinearAlgebra.Tensor<T>' [C:\Users\cheat\source\repos\worktrees\pr-481-1763014665\src\AiDotNet.csproj::TargetFramework=net462]
C:\Users\cheat\source\repos\worktrees\pr-481-1763014665\src\ReinforcementLearning\Agents\IQL\IQLAgent.cs(293,50): error CS1061: '(Vector<T> state, Vector<T> action, T reward, Vector<T> nextState, bool done)' does not contain a definition for 'Reward' and no accessible extension method 'Reward' accepting a first argument of type '(Vector<T> state, Vector<T> action, T reward, Vector<T> nextState, bool done)' could be found (are you missing a using directive or an assembly reference?) [C:\Users\cheat\source\repos\worktrees\pr-481-1763014665\src\AiDotNet.csproj::TargetFramework=net462]
C:\Users\cheat\source\repos\worktrees\pr-481-1763014665\src\ReinforcementLearning\Agents\IQL\IQLAgent.cs(296,83): error CS1061: '(Vector<T> state, Vector<T> action, T reward, Vector<T> nextState, bool done)' does not contain a definition for 'Action' and no accessible extension method 'Action' accepting a first argument of type '(Vector<T> state, Vector<T> action, T reward, Vector<T> nextState, bool done)' could be found (are you missing a using directive or an assembly reference?) [C:\Users\cheat\source\repos\worktrees\pr-481-1763014665\src\AiDotNet.csproj::TargetFramework=net462]
C:\Users\cheat\source\repos\worktrees\pr-481-1763014665\src\ReinforcementLearning\Agents\IQL\IQLAgent.cs(299,46): error CS1503: Argument 1: cannot convert from 'AiDotNet.LinearAlgebra.Vector<T>' to 'AiDotNet.LinearAlgebra.Tensor<T>' [C:\Users\cheat\source\repos\worktrees\pr-481-1763014665\src\AiDotNet.csproj::TargetFramework=net462]
C:\Users\cheat\source\repos\worktrees\pr-481-1763014665\src\ReinforcementLearning\Agents\IQL\IQLAgent.cs(307,38): error CS1503: Argument 1: cannot convert from 'AiDotNet.LinearAlgebra.Vector<T>' to 'AiDotNet.LinearAlgebra.Tensor<T>' [C:\Users\cheat\source\repos\worktrees\pr-481-1763014665\src\AiDotNet.csproj::TargetFramework=net462]
C:\Users\cheat\source\repos\worktrees\pr-481-1763014665\src\ReinforcementLearning\Agents\IQL\IQLAgent.cs(308,41): error CS1503: Argument 1: cannot convert from 'T' to 'AiDotNet.LinearAlgebra.Vector<T>' [C:\Users\cheat\source\repos\worktrees\pr-481-1763014665\src\AiDotNet.csproj::TargetFramework=net462]
C:\Users\cheat\source\repos\worktrees\pr-481-1763014665\src\ReinforcementLearning\Agents\IQL\IQLAgent.cs(311,46): error CS1503: Argument 1: cannot convert from 'AiDotNet.LinearAlgebra.Vector<T>' to 'AiDotNet.LinearAlgebra.Tensor<T>' [C:\Users\cheat\source\repos\worktrees\pr-481-1763014665\src\AiDotNet.csproj::TargetFramework=net462]
C:\Users\cheat\source\repos\worktrees\pr-481-1763014665\src\ReinforcementLearning\Agents\IQL\IQLAgent.cs(319,38): error CS1503: Argument 1: cannot convert from 'AiDotNet.LinearAlgebra.Vector<T>' to 'AiDotNet.LinearAlgebra.Tensor<T>' [C:\Users\cheat\source\repos\worktrees\pr-481-1763014665\src\AiDotNet.csproj::TargetFramework=net462]
C:\Users\cheat\source\repos\worktrees\pr-481-1763014665\src\ReinforcementLearning\Agents\IQL\IQLAgent.cs(320,41): error CS1503: Argument 1: cannot convert from 'T' to 'AiDotNet.LinearAlgebra.Vector<T>' [C:\Users\cheat\source\repos\worktrees\pr-481-1763014665\src\AiDotNet.csproj::TargetFramework=net462]
C:\Users\cheat\source\repos\worktrees\pr-481-1763014665\src\ReinforcementLearning\Agents\MADDPG\MADDPGAgent.cs(214,23): error CS1501: No overload for method 'Add' takes 5 arguments [C:\Users\cheat\source\repos\worktrees\pr-481-1763014665\src\AiDotNet.csproj::TargetFramework=net462]
C:\Users\cheat\source\repos\worktrees\pr-481-1763014665\src\ReinforcementLearning\Agents\QMIX\QMIXAgent.cs(56,12): error CS8618: Non-nullable field '_agentNetworks' must contain a non-null value when exiting constructor. Consider adding the 'required' modifier or declaring the field as nullable. [C:\Users\cheat\source\repos\worktrees\pr-481-1763014665\src\AiDotNet.csproj::TargetFramework=net462]
C:\Users\cheat\source\repos\worktrees\pr-481-1763014665\src\ReinforcementLearning\Agents\QMIX\QMIXAgent.cs(56,12): error CS8618: Non-nullable field '_targetAgentNetworks' must contain a non-null value when exiting constructor. Consider adding the 'required' modifier or declaring the field as nullable. [C:\Users\cheat\source\repos\worktrees\pr-481-1763014665\src\AiDotNet.csproj::TargetFramework=net462]
C:\Users\cheat\source\repos\worktrees\pr-481-1763014665\src\ReinforcementLearning\Agents\QMIX\QMIXAgent.cs(56,12): error CS8618: Non-nullable field '_mixingNetwork' must contain a non-null value when exiting constructor. Consider adding the 'required' modifier or declaring the field as nullable. [C:\Users\cheat\source\repos\worktrees\pr-481-1763014665\src\AiDotNet.csproj::TargetFramework=net462]
C:\Users\cheat\source\repos\worktrees\pr-481-1763014665\src\ReinforcementLearning\Agents\QMIX\QMIXAgent.cs(56,12): error CS8618: Non-nullable field '_targetMixingNetwork' must contain a non-null value when exiting constructor. Consider adding the 'required' modifier or declaring the field as nullable. [C:\Users\cheat\source\repos\worktrees\pr-481-1763014665\src\AiDotNet.csproj::TargetFramework=net462]
C:\Users\cheat\source\repos\worktrees\pr-481-1763014665\src\ReinforcementLearning\Agents\QMIX\QMIXAgent.cs(56,12): error CS8618: Non-nullable field '_replayBuffer' must contain a non-null value when exiting constructor. Consider adding the 'required' modifier or declaring the field as nullable. [C:\Users\cheat\source\repos\worktrees\pr-481-1763014665\src\AiDotNet.csproj::TargetFramework=net462]
C:\Users\cheat\source\repos\worktrees\pr-481-1763014665\src\ReinforcementLearning\Agents\MADDPG\MADDPGAgent.cs(220,23): error CS1501: No overload for method 'Add' takes 5 arguments [C:\Users\cheat\source\repos\worktrees\pr-481-1763014665\src\AiDotNet.csproj::TargetFramework=net462]
C:\Users\cheat\source\repos\worktrees\pr-481-1763014665\src\ReinforcementLearning\Agents\Rainbow\RainbowDQNAgent.cs(53,12): error CS8618: Non-nullable field '_onlineNetwork' must contain a non-null value when exiting constructor. Consider adding the 'required' modifier or declaring the field as nullable. [C:\Users\cheat\source\repos\worktrees\pr-481-1763014665\src\AiDotNet.csproj::TargetFramework=net462]
C:\Users\cheat\source\repos\worktrees\pr-481-1763014665\src\ReinforcementLearning\Agents\Rainbow\RainbowDQNAgent.cs(53,12): error CS8618: Non-nullable field '_targetNetwork' must contain a non-null value when exiting constructor. Consider adding the 'required' modifier or declaring the field as nullable. [C:\Users\cheat\source\repos\worktrees\pr-481-1763014665\src\AiDotNet.csproj::TargetFramework=net462]
C:\Users\cheat\source\repos\worktrees\pr-481-1763014665\src\ReinforcementLearning\Agents\Rainbow\RainbowDQNAgent.cs(53,12): error CS8618: Non-nullable field '_replayBuffer' must contain a non-null value when exiting constructor. Consider adding the 'required' modifier or declaring the field as nullable. [C:\Users\cheat\source\repos\worktrees\pr-481-1763014665\src\AiDotNet.csproj::TargetFramework=net462]
C:\Users\cheat\source\repos\worktrees\pr-481-1763014665\src\ReinforcementLearning\Agents\MonteCarlo\OnPolicyMonteCarloAgent.cs(286,51): error CS1503: Argument 1: cannot convert from 'AiDotNet.LinearAlgebra.Matrix<T>' to 'AiDotNet.LinearAlgebra.Vector<T>' [C:\Users\cheat\source\repos\worktrees\pr-481-1763014665\src\AiDotNet.csproj::TargetFramework=net462]
C:\Users\cheat\source\repos\worktrees\pr-481-1763014665\src\ReinforcementLearning\Agents\MonteCarlo\OnPolicyMonteCarloAgent.cs(286,88): error CS1503: Argument 2: cannot convert from 'AiDotNet.LinearAlgebra.Matrix<T>' to 'AiDotNet.LinearAlgebra.Vector<T>' [C:\Users\cheat\source\repos\worktrees\pr-481-1763014665\src\AiDotNet.csproj::TargetFramework=net462]
C:\Users\cheat\source\repos\worktrees\pr-481-1763014665\src\ReinforcementLearning\Agents\MonteCarlo\OnPolicyMonteCarloAgent.cs(288,61): error CS1503: Argument 1: cannot convert from 'AiDotNet.LinearAlgebra.Matrix<T>' to 'AiDotNet.LinearAlgebra.Vector<T>' [C:\Users\cheat\source\repos\worktrees\pr-481-1763014665\src\AiDotNet.csproj::TargetFramework=net462]
C:\Users\cheat\source\repos\worktrees\pr-481-1763014665\src\ReinforcementLearning\Agents\MonteCarlo\OnPolicyMonteCarloAgent.cs(288,98): error CS1503: Argument 2: cannot convert from 'AiDotNet.LinearAlgebra.Matrix<T>' to 'AiDotNet.LinearAlgebra.Vector<T>' [C:\Users\cheat\source\repos\worktrees\pr-481-1763014665\src\AiDotNet.csproj::TargetFramework=net462]
C:\Users\cheat\source\repos\worktrees\pr-481-1763014665\src\ReinforcementLearning\Agents\DoubleDQN\DoubleDQNAgent.cs(330,40): error CS1503: Argument 1: cannot convert from 'AiDotNet.LinearAlgebra.Vector<T>' to 'AiDotNet.LinearAlgebra.Tensor<T>' [C:\Users\cheat\source\repos\worktrees\pr-481-1763014665\src\AiDotNet.csproj::TargetFramework=net462]
C:\Users\cheat\source\repos\worktrees\pr-481-1763014665\src\ReinforcementLearning\Agents\DoubleDQN\DoubleDQNAgent.cs(331,44): error CS1503: Argument 1: cannot convert from 'AiDotNet.LinearAlgebra.Tensor<T>' to 'AiDotNet.LinearAlgebra.Vector<T>' [C:\Users\cheat\source\repos\worktrees\pr-481-1763014665\src\AiDotNet.csproj::TargetFramework=net462]
C:\Users\cheat\source\repos\worktrees\pr-481-1763014665\src\ReinforcementLearning\Agents\DoubleDQN\DoubleDQNAgent.cs(332,29): error CS1061: 'ILossFunction<T>' does not contain a definition for 'ComputeGradient' and no accessible extension method 'ComputeGradient' accepting a first argument of type 'ILossFunction<T>' could be found (are you missing a using directive or an assembly reference?) [C:\Users\cheat\source\repos\worktrees\pr-481-1763014665\src\AiDotNet.csproj::TargetFramework=net462]
C:\Users\cheat\source\repos\worktrees\pr-481-1763014665\src\ReinforcementLearning\Agents\DoubleDQN\DoubleDQNAgent.cs(335,40): error CS1061: 'NeuralNetwork<T>' does not contain a definition for 'GetFlattenedGradients' and no accessible extension method 'GetFlattenedGradients' accepting a first argument of type 'NeuralNetwork<T>' could be found (are you missing a using directive or an assembly reference?) [C:\Users\cheat\source\repos\worktrees\pr-481-1763014665\src\AiDotNet.csproj::TargetFramework=net462]
C:\Users\cheat\source\repos\worktrees\pr-481-1763014665\src\ReinforcementLearning\Agents\DynamicProgramming\PolicyIterationAgent.cs(320,51): error CS1503: Argument 1: cannot convert from 'AiDotNet.LinearAlgebra.Matrix<T>' to 'AiDotNet.LinearAlgebra.Vector<T>' [C:\Users\cheat\source\repos\worktrees\pr-481-1763014665\src\AiDotNet.csproj::TargetFramework=net462]
C:\Users\cheat\source\repos\worktrees\pr-481-1763014665\src\ReinforcementLearning\Agents\DynamicProgramming\PolicyIterationAgent.cs(320,88): error CS1503: Argument 2: cannot convert from 'AiDotNet.LinearAlgebra.Matrix<T>' to 'AiDotNet.LinearAlgebra.Vector<T>' [C:\Users\cheat\source\repos\worktrees\pr-481-1763014665\src\AiDotNet.csproj::TargetFramework=net462]
C:\Users\cheat\source\repos\worktrees\pr-481-1763014665\src\ReinforcementLearning\Agents\DynamicProgramming\PolicyIterationAgent.cs(322,61): error CS1503: Argument 1: cannot convert from 'AiDotNet.LinearAlgebra.Matrix<T>' to 'AiDotNet.LinearAlgebra.Vector<T>' [C:\Users\cheat\source\repos\worktrees\pr-481-1763014665\src\AiDotNet.csproj::TargetFramework=net462]
C:\Users\cheat\source\repos\worktrees\pr-481-1763014665\src\ReinforcementLearning\Agents\DynamicProgramming\PolicyIterationAgent.cs(322,98): error CS1503: Argument 2: cannot convert from 'AiDotNet.LinearAlgebra.Matrix<T>' to 'AiDotNet.LinearAlgebra.Vector<T>' [C:\Users\cheat\source\repos\worktrees\pr-481-1763014665\src\AiDotNet.csproj::TargetFramework=net462]
C:\Users\cheat\source\repos\worktrees\pr-481-1763014665\src\ReinforcementLearning\Agents\MADDPG\MADDPGAgent.cs(237,50): error CS1503: Argument 2: cannot convert from 'System.Collections.Generic.List<AiDotNet.ReinforcementLearning.ReplayBuffers.Experience<T>>' to 'System.Collections.Generic.List<(AiDotNet.LinearAlgebra.Vector<T> state, AiDotNet.LinearAlgebra.Vector<T> action, T reward, AiDotNet.LinearAlgebra.Vector<T> nextState, bool done)>' [C:\Users\cheat\source\repos\worktrees\pr-481-1763014665\src\AiDotNet.csproj::TargetFramework=net462]
C:\Users\cheat\source\repos\worktrees\pr-481-1763014665\src\ReinforcementLearning\Agents\MADDPG\MADDPGAgent.cs(238,48): error CS1503: Argument 2: cannot convert from 'System.Collections.Generic.List<AiDotNet.ReinforcementLearning.ReplayBuffers.Experience<T>>' to 'System.Collections.Generic.List<(AiDotNet.LinearAlgebra.Vector<T> state, AiDotNet.LinearAlgebra.Vector<T> action, T reward, AiDotNet.LinearAlgebra.Vector<T> nextState, bool done)>' [C:\Users\cheat\source\repos\worktrees\pr-481-1763014665\src\AiDotNet.csproj::TargetFramework=net462]
C:\Users\cheat\source\repos\worktrees\pr-481-1763014665\src\ReinforcementLearning\Agents\MuZero\MuZeroAgent.cs(210,53): error CS1503: Argument 1: cannot convert from 'AiDotNet.LinearAlgebra.Vector<T>' to 'AiDotNet.LinearAlgebra.Tensor<T>' [C:\Users\cheat\source\repos\worktrees\pr-481-1763014665\src\AiDotNet.csproj::TargetFramework=net462]
C:\Users\cheat\source\repos\worktrees\pr-481-1763014665\src\ReinforcementLearning\Agents\MuZero\MuZeroAgent.cs(211,36): error CS1503: Argument 1: cannot convert from 'AiDotNet.LinearAlgebra.Tensor<T>' to 'AiDotNet.LinearAlgebra.Vector<T>' [C:\Users\cheat\source\repos\worktrees\pr-481-1763014665\src\AiDotNet.csproj::TargetFramework=net462]
C:\Users\cheat\source\repos\worktrees\pr-481-1763014665\src\ReinforcementLearning\Agents\IQL\IQLAgent.cs(335,83): error CS1061: '(Vector<T> state, Vector<T> action, T reward, Vector<T> nextState, bool done)' does not contain a definition for 'Action' and no accessible extension method 'Action' accepting a first argument of type '(Vector<T> state, Vector<T> action, T reward, Vector<T> nextState, bool done)' could be found (are you missing a using directive or an assembly reference?) [C:\Users\cheat\source\repos\worktrees\pr-481-1763014665\src\AiDotNet.csproj::TargetFramework=net462]
C:\Users\cheat\source\repos\worktrees\pr-481-1763014665\src\ReinforcementLearning\Agents\IQL\IQLAgent.cs(336,46): error CS1503: Argument 1: cannot convert from 'AiDotNet.LinearAlgebra.Vector<T>' to 'AiDotNet.LinearAlgebra.Tensor<T>' [C:\Users\cheat\source\repos\worktrees\pr-481-1763014665\src\AiDotNet.csproj::TargetFramework=net462]
C:\Users\cheat\source\repos\worktrees\pr-481-1763014665\src\ReinforcementLearning\Agents\IQL\IQLAgent.cs(337,46): error CS1503: Argument 1: cannot convert from 'AiDotNet.LinearAlgebra.Vector<T>' to 'AiDotNet.LinearAlgebra.Tensor<T>' [C:\Users\cheat\source\repos\worktrees\pr-481-1763014665\src\AiDotNet.csproj::TargetFramework=net462]
C:\Users\cheat\source\repos\worktrees\pr-481-1763014665\src\ReinforcementLearning\Agents\IQL\IQLAgent.cs(340,48): error CS1503: Argument 1: cannot convert from 'AiDotNet.LinearAlgebra.Vector<T>' to 'AiDotNet.LinearAlgebra.Tensor<T>' [C:\Users\cheat\source\repos\worktrees\pr-481-1763014665\src\AiDotNet.csproj::TargetFramework=net462]
C:\Users\cheat\source\repos\worktrees\pr-481-1763014665\src\ReinforcementLearning\Agents\IQL\IQLAgent.cs(352,56): error CS1061: '(Vector<T> state, Vector<T> action, T reward, Vector<T> nextState, bool done)' does not contain a definition for 'Action' and no accessible extension method 'Action' accepting a first argument of type '(Vector<T> state, Vector<T> action, T reward, Vector<T> nextState, bool done)' could be found (are you missing a using directive or an assembly reference?) [C:\Users\cheat\source\repos\worktrees\pr-481-1763014665\src\AiDotNet.csproj::TargetFramework=net462]
C:\Users\cheat\source\repos\worktrees\pr-481-1763014665\src\ReinforcementLearning\Agents\IQL\IQLAgent.cs(363,76): error CS1061: '(Vector<T> state, Vector<T> action, T reward, Vector<T> nextState, bool done)' does not contain a definition for 'Action' and no accessible extension method 'Action' accepting a first argument of type '(Vector<T> state, Vector<T> action, T reward, Vector<T> nextState, bool done)' could be found (are you missing a using directive or an assembly reference?) [C:\Users\cheat\source\repos\worktrees\pr-481-1763014665\src\AiDotNet.csproj::TargetFramework=net462]
C:\Users\cheat\source\repos\worktrees\pr-481-1763014665\src\ReinforcementLearning\Agents\IQL\IQLAgent.cs(367,42): error CS1503: Argument 1: cannot convert from 'AiDotNet.LinearAlgebra.Vector<T>' to 'AiDotNet.LinearAlgebra.Tensor<T>' [C:\Users\cheat\source\repos\worktrees\pr-481-1763014665\src\AiDotNet.csproj::TargetFramework=net462]
C:\Users\cheat\source\repos\worktrees\pr-481-1763014665\src\ReinforcementLearning\Agents\IQL\IQLAgent.cs(368,45): error CS1503: Argument 1: cannot convert from 'T' to 'AiDotNet.LinearAlgebra.Vector<T>' [C:\Users\cheat\source\repos\worktrees\pr-481-1763014665\src\AiDotNet.csproj::TargetFramework=net462]
C:\Users\cheat\source\repos\worktrees\pr-481-1763014665\src\ReinforcementLearning\Agents\PPO\PPOAgent.cs(98,108): error CS0246: The type or namespace name 'LinearActivation<>' could not be found (are you missing a using directive or an assembly reference?) [C:\Users\cheat\source\repos\worktrees\pr-481-1763014665\src\AiDotNet.csproj::TargetFramework=net462]
C:\Users\cheat\source\repos\worktrees\pr-481-1763014665\src\ReinforcementLearning\Agents\PPO\PPOAgent.cs(103,104): error CS0246: The type or namespace name 'LinearActivation<>' could not be found (are you missing a using directive or an assembly reference?) [C:\Users\cheat\source\repos\worktrees\pr-481-1763014665\src\AiDotNet.csproj::TargetFramework=net462]
C:\Users\cheat\source\repos\worktrees\pr-481-1763014665\src\ReinforcementLearning\Agents\PPO\PPOAgent.cs(106,32): error CS1729: 'NeuralNetworkArchitecture<T>' does not contain a constructor that takes 0 arguments [C:\Users\cheat\source\repos\worktrees\pr-481-1763014665\src\AiDotNet.csproj::TargetFramework=net462]
C:\Users\cheat\source\repos\worktrees\pr-481-1763014665\src\ReinforcementLearning\Agents\PPO\PPOAgent.cs(108,13): error CS0200: Property or indexer 'NeuralNetworkArchitecture<T>.Layers' cannot be assigned to -- it is read only [C:\Users\cheat\source\repos\worktrees\pr-481-1763014665\src\AiDotNet.csproj::TargetFramework=net462]
C:\Users\cheat\source\repos\worktrees\pr-481-1763014665\src\ReinforcementLearning\Agents\PPO\PPOAgent.cs(109,13): error CS0200: Property or indexer 'NeuralNetworkArchitecture<T>.TaskType' cannot be assigned to -- it is read only [C:\Users\cheat\source\repos\worktrees\pr-481-1763014665\src\AiDotNet.csproj::TargetFramework=net462]
C:\Users\cheat\source\repos\worktrees\pr-481-1763014665\src\ReinforcementLearning\Agents\MuZero\MuZeroAgent.cs(248,55): error CS1503: Argument 1: cannot convert from 'AiDotNet.LinearAlgebra.Vector<T>' to 'AiDotNet.LinearAlgebra.Tensor<T>' [C:\Users\cheat\source\repos\worktrees\pr-481-1763014665\src\AiDotNet.csproj::TargetFramework=net462]
C:\Users\cheat\source\repos\worktrees\pr-481-1763014665\src\ReinforcementLearning\Agents\MuZero\MuZeroAgent.cs(258,53): error CS1503: Argument 1: cannot convert from 'AiDotNet.LinearAlgebra.Vector<T>' to 'AiDotNet.LinearAlgebra.Tensor<T>' [C:\Users\cheat\source\repos\worktrees\pr-481-1763014665\src\AiDotNet.csproj::TargetFramework=net462]
C:\Users\cheat\source\repos\worktrees\pr-481-1763014665\src\ReinforcementLearning\Agents\MuZero\MuZeroAgent.cs(259,34): error CS1503: Argument 1: cannot convert from 'AiDotNet.LinearAlgebra.Tensor<T>' to 'AiDotNet.LinearAlgebra.Vector<T>' [C:\Users\cheat\source\repos\worktrees\pr-481-1763014665\src\AiDotNet.csproj::TargetFramework=net462]
C:\Users\cheat\source\repos\worktrees\pr-481-1763014665\src\ReinforcementLearning\Agents\PPO\PPOAgent.cs(128,79): error CS0246: The type or namespace name 'LinearActivation<>' could not be found (are you missing a using directive or an assembly reference?) [C:\Users\cheat\source\repos\worktrees\pr-481-1763014665\src\AiDotNet.csproj::TargetFramework=net462]
C:\Users\cheat\source\repos\worktrees\pr-481-1763014665\src\ReinforcementLearning\Agents\PPO\PPOAgent.cs(130,32): error CS1729: 'NeuralNetworkArchitecture<T>' does not contain a constructor that takes 0 arguments [C:\Users\cheat\source\repos\worktrees\pr-481-1763014665\src\AiDotNet.csproj::TargetFramework=net462]
C:\Users\cheat\source\repos\worktrees\pr-481-1763014665\src\ReinforcementLearning\Agents\PPO\PPOAgent.cs(132,13): error CS0200: Property or indexer 'NeuralNetworkArchitecture<T>.Layers' cannot be assigned to -- it is read only [C:\Users\cheat\source\repos\worktrees\pr-481-1763014665\src\AiDotNet.csproj::TargetFramework=net462]
C:\Users\cheat\source\repos\worktrees\pr-481-1763014665\src\ReinforcementLearning\Agents\PPO\PPOAgent.cs(133,13): error CS0200: Property or indexer 'NeuralNetworkArchitecture<T>.TaskType' cannot be assigned to -- it is read only [C:\Users\cheat\source\repos\worktrees\pr-481-1763014665\src\AiDotNet.csproj::TargetFramework=net462]
C:\Users\cheat\source\repos\worktrees\pr-481-1763014665\src\ReinforcementLearning\Agents\MADDPG\MADDPGAgent.cs(257,122): error CS1061: '(Vector<T> state, Vector<T> action, T reward, Vector<T> nextState, bool done)' does not contain a definition for 'Action' and no accessible extension method 'Action' accepting a first argument of type '(Vector<T> state, Vector<T> action, T reward, Vector<T> nextState, bool done)' could be found (are you missing a using directive or an assembly reference?) [C:\Users\cheat\source\repos\worktrees\pr-481-1763014665\src\AiDotNet.csproj::TargetFramework=net462]
C:\Users\cheat\source\repos\worktrees\pr-481-1763014665\src\ReinforcementLearning\Agents\MADDPG\MADDPGAgent.cs(257,58): error CS1061: 'INeuralNetwork<T>' does not contain a definition for 'Forward' and no accessible extension method 'Forward' accepting a first argument of type 'INeuralNetwork<T>' could be found (are you missing a using directive or an assembly reference?) [C:\Users\cheat\source\repos\worktrees\pr-481-1763014665\src\AiDotNet.csproj::TargetFramework=net462]
C:\Users\cheat\source\repos\worktrees\pr-481-1763014665\src\ReinforcementLearning\Agents\MADDPG\MADDPGAgent.cs(262,37): error CS1061: '(Vector<T> state, Vector<T> action, T reward, Vector<T> nextState, bool done)' does not contain a definition for 'Reward' and no accessible extension method 'Reward' accepting a first argument of type '(Vector<T> state, Vector<T> action, T reward, Vector<T> nextState, bool done)' could be found (are you missing a using directive or an assembly reference?) [C:\Users\cheat\source\repos\worktrees\pr-481-1763014665\src\AiDotNet.csproj::TargetFramework=net462]
C:\Users\cheat\source\repos\worktrees\pr-481-1763014665\src\ReinforcementLearning\Agents\MADDPG\MADDPGAgent.cs(266,48): error CS1061: '(Vector<T> state, Vector<T> action, T reward, Vector<T> nextState, bool done)' does not contain a definition for 'Reward' and no accessible extension method 'Reward' accepting a first argument of type '(Vector<T> state, Vector<T> action, T reward, Vector<T> nextState, bool done)' could be found (are you missing a using directive or an assembly reference?) [C:\Users\cheat\source\repos\worktrees\pr-481-1763014665\src\AiDotNet.csproj::TargetFramework=net462]
C:\Users\cheat\source\repos\worktrees\pr-481-1763014665\src\ReinforcementLearning\Agents\MADDPG\MADDPGAgent.cs(270,113): error CS1061: '(Vector<T> state, Vector<T> action, T reward, Vector<T> nextState, bool done)' does not contain a definition for 'Action' and no accessible extension method 'Action' accepting a first argument of type '(Vector<T> state, Vector<T> action, T reward, Vector<T> nextState, bool done)' could be found (are you missing a using directive or an assembly reference?) [C:\Users\cheat\source\repos\worktrees\pr-481-1763014665\src\AiDotNet.csproj::TargetFramework=net462]
C:\Users\cheat\source\repos\worktrees\pr-481-1763014665\src\ReinforcementLearning\Agents\MADDPG\MADDPGAgent.cs(270,53): error CS1061: 'INeuralNetwork<T>' does not contain a definition for 'Forward' and no accessible extension method 'Forward' accepting a first argument of type 'INeuralNetwork<T>' could be found (are you missing a using directive or an assembly reference?) [C:\Users\cheat\source\repos\worktrees\pr-481-1763014665\src\AiDotNet.csproj::TargetFramework=net462]
C:\Users\cheat\source\repos\worktrees\pr-481-1763014665\src\ReinforcementLearning\Agents\MADDPG\MADDPGAgent.cs(280,38): error CS1061: 'INeuralNetwork<T>' does not contain a definition for 'Backpropagate' and no accessible extension method 'Backpropagate' accepting a first argument of type 'INeuralNetwork<T>' could be found (are you missing a using directive or an assembly reference?) [C:\Users\cheat\source\repos\worktrees\pr-481-1763014665\src\AiDotNet.csproj::TargetFramework=net462]
C:\Users\cheat\source\repos\worktrees\pr-481-1763014665\src\ReinforcementLearning\Agents\MADDPG\MADDPGAgent.cs(281,55): error CS1503: Argument 1: cannot convert from 'T' to 'AiDotNet.LinearAlgebra.Vector<T>' [C:\Users\cheat\source\repos\worktrees\pr-481-1763014665\src\AiDotNet.csproj::TargetFramework=net462]
C:\Users\cheat\source\repos\worktrees\pr-481-1763014665\src\ReinforcementLearning\Agents\PPO\PPOAgent.cs(142,51): error CS1503: Argument 1: cannot convert from 'AiDotNet.LinearAlgebra.Vector<T>' to 'AiDotNet.LinearAlgebra.Tensor<T>' [C:\Users\cheat\source\repos\worktrees\pr-481-1763014665\src\AiDotNet.csproj::TargetFramework=net462]
C:\Users\cheat\source\repos\worktrees\pr-481-1763014665\src\ReinforcementLearning\Agents\PPO\PPOAgent.cs(147,43): error CS1503: Argument 1: cannot convert from 'AiDotNet.LinearAlgebra.Tensor<T>' to 'AiDotNet.LinearAlgebra.Vector<T>' [C:\Users\cheat\source\repos\worktrees\pr-481-1763014665\src\AiDotNet.csproj::TargetFramework=net462]
C:\Users\cheat\source\repos\worktrees\pr-481-1763014665\src\ReinforcementLearning\Agents\PPO\PPOAgent.cs(152,41): error CS1503: Argument 1: cannot convert from 'AiDotNet.LinearAlgebra.Tensor<T>' to 'AiDotNet.LinearAlgebra.Vector<T>' [C:\Users\cheat\source\repos\worktrees\pr-481-1763014665\src\AiDotNet.csproj::TargetFramework=net462]
C:\Users\cheat\source\repos\worktrees\pr-481-1763014665\src\ReinforcementLearning\Agents\IQL\IQLAgent.cs(376,42): error CS1061: 'NeuralNetwork<T>' does not contain a definition for 'GetLayers' and no accessible extension method 'GetLayers' accepting a first argument of type 'NeuralNetwork<T>' could be found (are you missing a using directive or an assembly reference?) [C:\Users\cheat\source\repos\worktrees\pr-481-1763014665\src\AiDotNet.csproj::TargetFramework=net462]
C:\Users\cheat\source\repos\worktrees\pr-481-1763014665\src\ReinforcementLearning\Agents\IQL\IQLAgent.cs(377,48): error CS1061: 'NeuralNetwork<T>' does not contain a definition for 'GetLayers' and no accessible extension method 'GetLayers' accepting a first argument of type 'NeuralNetwork<T>' could be found (are you missing a using directive or an assembly reference?) [C:\Users\cheat\source\repos\worktrees\pr-481-1763014665\src\AiDotNet.csproj::TargetFramework=net462]
C:\Users\cheat\source\repos\worktrees\pr-481-1763014665\src\ReinforcementLearning\Agents\IQL\IQLAgent.cs(383,49): error CS1061: 'DenseLayer<T>' does not contain a definition for 'GetWeights' and no accessible extension method 'GetWeights' accepting a first argument of type 'DenseLayer<T>' could be found (are you missing a using directive or an assembly reference?) [C:\Users\cheat\source\repos\worktrees\pr-481-1763014665\src\AiDotNet.csproj::TargetFramework=net462]
C:\Users\cheat\source\repos\worktrees\pr-481-1763014665\src\ReinforcementLearning\Agents\IQL\IQLAgent.cs(384,48): error CS1061: 'DenseLayer<T>' does not contain a definition for 'GetBiases' and no accessible extension method 'GetBiases' accepting a first argument of type 'DenseLayer<T>' could be found (are you missing a using directive or an assembly reference?) [C:\Users\cheat\source\repos\worktrees\pr-481-1763014665\src\AiDotNet.csproj::TargetFramework=net462]
C:\Users\cheat\source\repos\worktrees\pr-481-1763014665\src\ReinforcementLearning\Agents\IQL\IQLAgent.cs(385,49): error CS1061: 'DenseLayer<T>' does not contain a definition for 'GetWeights' and no accessible extension method 'GetWeights' accepting a first argument of type 'DenseLayer<T>' could be found (are you missing a using directive or an assembly reference?) [C:\Users\cheat\source\repos\worktrees\pr-481-1763014665\src\AiDotNet.csproj::TargetFramework=net462]
C:\Users\cheat\source\repos\worktrees\pr-481-1763014665\src\ReinforcementLearning\Agents\IQL\IQLAgent.cs(386,48): error CS1061: 'DenseLayer<T>' does not contain a definition for 'GetBiases' and no accessible extension method 'GetBiases' accepting a first argument of type 'DenseLayer<T>' could be found (are you missing a using directive or an assembly reference?) [C:\Users\cheat\source\repos\worktrees\pr-481-1763014665\src\AiDotNet.csproj::TargetFramework=net462]
C:\Users\cheat\source\repos\worktrees\pr-481-1763014665\src\ReinforcementLearning\Agents\IQL\IQLAgent.cs(400,26): error CS0136: A local or parameter named 'i' cannot be declared in this scope because that name is used in an enclosing local scope to define a local or parameter [C:\Users\cheat\source\repos\worktrees\pr-481-1763014665\src\AiDotNet.csproj::TargetFramework=net462]
C:\Users\cheat\source\repos\worktrees\pr-481-1763014665\src\ReinforcementLearning\Agents\IQL\IQLAgent.cs(408,29): error CS1061: 'DenseLayer<T>' does not contain a definition for 'SetBiases' and no accessible extension method 'SetBiases' accepting a first argument of type 'DenseLayer<T>' could be found (are you missing a using directive or an assembly reference?) [C:\Users\cheat\source\repos\worktrees\pr-481-1763014665\src\AiDotNet.csproj::TargetFramework=net462]
C:\Users\cheat\source\repos\worktrees\pr-481-1763014665\src\ReinforcementLearning\Agents\IQL\IQLAgent.cs(415,35): error CS1061: 'NeuralNetwork<T>' does not contain a definition for 'GetLayers' and no accessible extension method 'GetLayers' accepting a first argument of type 'NeuralNetwork<T>' could be found (are you missing a using directive or an assembly reference?) [C:\Users\cheat\source\repos\worktrees\pr-481-1763014665\src\AiDotNet.csproj::TargetFramework=net462]
C:\Users\cheat\source\repos\worktrees\pr-481-1763014665\src\ReinforcementLearning\Agents\IQL\IQLAgent.cs(416,35): error CS1061: 'NeuralNetwork<T>' does not contain a definition for 'GetLayers' and no accessible extension method 'GetLayers' accepting a first argument of type 'NeuralNetwork<T>' could be found (are you missing a using directive or an assembly reference?) [C:\Users\cheat\source\repos\worktrees\pr-481-1763014665\src\AiDotNet.csproj::TargetFramework=net462]
C:\Users\cheat\source\repos\worktrees\pr-481-1763014665\src\ReinforcementLearning\Agents\IQL\IQLAgent.cs(422,52): error CS1061: 'DenseLayer<T>' does not contain a definition for 'GetWeights' and no accessible extension method 'GetWeights' accepting a first argument of type 'DenseLayer<T>' could be found (are you missing a using directive or an assembly reference?) [C:\Users\cheat\source\repos\worktrees\pr-481-1763014665\src\AiDotNet.csproj::TargetFramework=net462]
C:\Users\cheat\source\repos\worktrees\pr-481-1763014665\src\ReinforcementLearning\Agents\IQL\IQLAgent.cs(423,51): error CS1061: 'DenseLayer<T>' does not contain a definition for 'GetBiases' and no accessible extension method 'GetBiases' accepting a first argument of type 'DenseLayer<T>' could be found (are you missing a using directive or an assembly reference?) [C:\Users\cheat\source\repos\worktrees\pr-481-1763014665\src\AiDotNet.csproj::TargetFramework=net462]
C:\Users\cheat\source\repos\worktrees\pr-481-1763014665\src\ReinforcementLearning\Agents\IQL\IQLAgent.cs(423,29): error CS1061: 'DenseLayer<T>' does not contain a definition for 'SetBiases' and no accessible extension method 'SetBiases' accepting a first argument of type 'DenseLayer<T>' could be found (are you missing a using directive or an assembly reference?) [C:\Users\cheat\source\repos\worktrees\pr-481-1763014665\src\AiDotNet.csproj::TargetFramework=net462]
C:\Users\cheat\source\repos\worktrees\pr-481-1763014665\src\ReinforcementLearning\Agents\MADDPG\MADDPGAgent.cs(302,50): error CS1061: 'INeuralNetwork<T>' does not contain a definition for 'Forward' and no accessible extension method 'Forward' accepting a first argument of type 'INeuralNetwork<T>' could be found (are you missing a using directive or an assembly reference?) [C:\Users\cheat\source\repos\worktrees\pr-481-1763014665\src\AiDotNet.csproj::TargetFramework=net462]
C:\Users\cheat\source\repos\worktrees\pr-481-1763014665\src\ReinforcementLearning\Agents\MADDPG\MADDPGAgent.cs(305,42): error CS1061: '(Vector<T> state, Vector<T> action, T reward, Vector<T> nextState, bool done)' does not contain a definition for 'Action' and no accessible extension method 'Action' accepting a first argument of type '(Vector<T> state, Vector<T> action, T reward, Vector<T> nextState, bool done)' could be found (are you missing a using directive or an assembly reference?) [C:\Users\cheat\source\repos\worktrees\pr-481-1763014665\src\AiDotNet.csproj::TargetFramework=net462]
C:\Users\cheat\source\repos\worktrees\pr-481-1763014665\src\ReinforcementLearning\Agents\MADDPG\MADDPGAgent.cs(312,51): error CS1061: 'INeuralNetwork<T>' does not contain a definition for 'Forward' and no accessible extension method 'Forward' accepting a first argument of type 'INeuralNetwork<T>' could be found (are you missing a using directive or an assembly reference?) [C:\Users\cheat\source\repos\worktrees\pr-481-1763014665\src\AiDotNet.csproj::TargetFramework=net462]
C:\Users\cheat\source\repos\worktrees\pr-481-1763014665\src\ReinforcementLearning\Agents\MADDPG\MADDPGAgent.cs(324,37): error CS1061: 'INeuralNetwork<T>' does not contain a definition for 'Backpropagate' and no accessible extension method 'Backpropagate' accepting a first argument of type 'INeuralNetwork<T>' could be found (are you missing a using directive or an assembly reference?) [C:\Users\cheat\source\repos\worktrees\pr-481-1763014665\src\AiDotNet.csproj::TargetFramework=net462]
C:\Users\cheat\source\repos\worktrees\pr-481-1763014665\src\ReinforcementLearning\Agents\MADDPG\MADDPGAgent.cs(325,54): error CS1503: Argument 1: cannot convert from 'T' to 'AiDotNet.LinearAlgebra.Vector<T>' [C:\Users\cheat\source\repos\worktrees\pr-481-1763014665\src\AiDotNet.csproj::TargetFramework=net462]
C:\Users\cheat\source\repos\worktrees\pr-481-1763014665\src\ReinforcementLearning\Agents\MuZero\MuZeroAgent.cs(286,23): error CS1501: No overload for method 'Add' takes 5 arguments [C:\Users\cheat\source\repos\worktrees\pr-481-1763014665\src\AiDotNet.csproj::TargetFramework=net462]
C:\Users\cheat\source\repos\worktrees\pr-481-1763014665\src\ReinforcementLearning\Agents\ReinforcementLearningAgentBase.cs(343,14): error CS8618: Non-nullable property 'LearningRate' must contain a non-null value when exiting constructor. Consider adding the 'required' modifier or declaring the property as nullable. [C:\Users\cheat\source\repos\worktrees\pr-481-1763014665\src\AiDotNet.csproj::TargetFramework=net462]
C:\Users\cheat\source\repos\worktrees\pr-481-1763014665\src\ReinforcementLearning\Agents\ReinforcementLearningAgentBase.cs(348,14): error CS8618: Non-nullable property 'DiscountFactor' must contain a non-null value when exiting constructor. Consider adding the 'required' modifier or declaring the property as nullable. [C:\Users\cheat\source\repos\worktrees\pr-481-1763014665\src\AiDotNet.csproj::TargetFramework=net462]
C:\Users\cheat\source\repos\worktrees\pr-481-1763014665\src\ReinforcementLearning\Agents\ReinforcementLearningAgentBase.cs(353,29): error CS8618: Non-nullable property 'LossFunction' must contain a non-null value when exiting constructor. Consider adding the 'required' modifier or declaring the property as nullable. [C:\Users\cheat\source\repos\worktrees\pr-481-1763014665\src\AiDotNet.csproj::TargetFramework=net462]
C:\Users\cheat\source\repos\worktrees\pr-481-1763014665\src\ReinforcementLearning\Agents\AdvancedRL\LSPIAgent.cs(345,37): error CS1503: Argument 1: cannot convert from 'AiDotNet.LinearAlgebra.Matrix<T>' to 'AiDotNet.LinearAlgebra.Vector<T>' [C:\Users\cheat\source\repos\worktrees\pr-481-1763014665\src\AiDotNet.csproj::TargetFramework=net462]
C:\Users\cheat\source\repos\worktrees\pr-481-1763014665\src\ReinforcementLearning\Agents\AdvancedRL\LSPIAgent.cs(345,68): error CS1503: Argument 2: cannot convert from 'AiDotNet.LinearAlgebra.Matrix<T>' to 'AiDotNet.LinearAlgebra.Vector<T>' [C:\Users\cheat\source\repos\worktrees\pr-481-1763014665\src\AiDotNet.csproj::TargetFramework=net462]
C:\Users\cheat\source\repos\worktrees\pr-481-1763014665\src\ReinforcementLearning\Agents\AdvancedRL\LSPIAgent.cs(346,43): error CS1503: Argument 1: cannot convert from 'AiDotNet.LinearAlgebra.Matrix<T>' to 'AiDotNet.LinearAlgebra.Vector<T>' [C:\Users\cheat\source\repos\worktrees\pr-481-1763014665\src\AiDotNet.csproj::TargetFramework=net462]
C:\Users\cheat\source\repos\worktrees\pr-481-1763014665\src\ReinforcementLearning\Agents\AdvancedRL\LSPIAgent.cs(346,74): error CS1503: Argument 2: cannot convert from 'AiDotNet.LinearAlgebra.Matrix<T>' to 'AiDotNet.LinearAlgebra.Vector<T>' [C:\Users\cheat\source\repos\worktrees\pr-481-1763014665\src\AiDotNet.csproj::TargetFramework=net462]
C:\Users\cheat\source\repos\worktrees\pr-481-1763014665\src\ReinforcementLearning\Agents\Rainbow\RainbowDQNAgent.cs(97,32): error CS1729: 'NeuralNetworkArchitecture<T>' does not contain a constructor that takes 0 arguments [C:\Users\cheat\source\repos\worktrees\pr-481-1763014665\src\AiDotNet.csproj::TargetFramework=net462]
C:\Users\cheat\source\repos\worktrees\pr-481-1763014665\src\ReinforcementLearning\Agents\Rainbow\RainbowDQNAgent.cs(99,13): error CS0200: Property or indexer 'NeuralNetworkArchitecture<T>.TaskType' cannot be assigned to -- it is read only [C:\Users\cheat\source\repos\worktrees\pr-481-1763014665\src\AiDotNet.csproj::TargetFramework=net462]
C:\Users\cheat\source\repos\worktrees\pr-481-1763014665\src\ReinforcementLearning\Agents\Rainbow\RainbowDQNAgent.cs(105,9): error CS0200: Property or indexer 'NeuralNetworkArchitecture<T>.Layers' cannot be assigned to -- it is read only [C:\Users\cheat\source\repos\worktrees\pr-481-1763014665\src\AiDotNet.csproj::TargetFramework=net462]
C:\Users\cheat\source\repos\worktrees\pr-481-1763014665\src\ReinforcementLearning\Agents\MADDPG\MADDPGAgent.cs(425,25): error CS0029: Cannot implicitly convert type 'string' to 'AiDotNet.Enums.ModelType' [C:\Users\cheat\source\repos\worktrees\pr-481-1763014665\src\AiDotNet.csproj::TargetFramework=net462]
C:\Users\cheat\source\repos\worktrees\pr-481-1763014665\src\ReinforcementLearning\Agents\REINFORCE\REINFORCEAgent.cs(154,51): error CS1503: Argument 1: cannot convert from 'AiDotNet.LinearAlgebra.Vector<T>' to 'AiDotNet.LinearAlgebra.Tensor<T>' [C:\Users\cheat\source\repos\worktrees\pr-481-1763014665\src\AiDotNet.csproj::TargetFramework=net462]
C:\Users\cheat\source\repos\worktrees\pr-481-1763014665\src\ReinforcementLearning\Agents\REINFORCE\REINFORCEAgent.cs(182,33): error CS1503: Argument 1: cannot convert from 'AiDotNet.LinearAlgebra.Tensor<T>' to 'AiDotNet.LinearAlgebra.Vector<T>' [C:\Users\cheat\source\repos\worktrees\pr-481-1763014665\src\AiDotNet.csproj::TargetFramework=net462]
C:\Users\cheat\source\repos\worktrees\pr-481-1763014665\src\ReinforcementLearning\Agents\MonteCarlo\FirstVisitMonteCarloAgent.cs(192,25): error CS0029: Cannot implicitly convert type 'string' to 'AiDotNet.Enums.ModelType' [C:\Users\cheat\source\repos\worktrees\pr-481-1763014665\src\AiDotNet.csproj::TargetFramework=net462]
C:\Users\cheat\source\repos\worktrees\pr-481-1763014665\src\ReinforcementLearning\Agents\MuZero\MuZeroAgent.cs(302,62): error CS1503: Argument 1: cannot convert from 'AiDotNet.LinearAlgebra.Vector<T>' to 'AiDotNet.LinearAlgebra.Tensor<T>' [C:\Users\cheat\source\repos\worktrees\pr-481-1763014665\src\AiDotNet.csproj::TargetFramework=net462]
C:\Users\cheat\source\repos\worktrees\pr-481-1763014665\src\ReinforcementLearning\Agents\MuZero\MuZeroAgent.cs(309,51): error CS1503: Argument 1: cannot convert from 'AiDotNet.LinearAlgebra.Tensor<T>' to 'AiDotNet.LinearAlgebra.Vector<T>' [C:\Users\cheat\source\repos\worktrees\pr-481-1763014665\src\AiDotNet.csproj::TargetFramework=net462]
C:\Users\cheat\source\repos\worktrees\pr-481-1763014665\src\ReinforcementLearning\Agents\MuZero\MuZeroAgent.cs(312,41): error CS1061: 'Experience<T>' does not contain a definition for 'done' and no accessible extension method 'done' accepting a first argument of type 'Experience<T>' could be found (are you missing a using directive or an assembly reference?) [C:\Users\cheat\source\repos\worktrees\pr-481-1763014665\src\AiDotNet.csproj::TargetFramework=net462]
C:\Users\cheat\source\repos\worktrees\pr-481-1763014665\src\ReinforcementLearning\Agents\MuZero\MuZeroAgent.cs(323,50): error CS1503: Argument 1: cannot convert from 'AiDotNet.LinearAlgebra.Vector<T>' to 'AiDotNet.LinearAlgebra.Tensor<T>' [C:\Users\cheat\source\repos\worktrees\pr-481-1763014665\src\AiDotNet.csproj::TargetFramework=net462]
C:\Users\cheat\source\repos\worktrees\pr-481-1763014665\src\ReinforcementLearning\Agents\MuZero\MuZeroAgent.cs(324,53): error CS1503: Argument 1: cannot convert from 'T' to 'AiDotNet.LinearAlgebra.Vector<T>' [C:\Users\cheat\source\repos\worktrees\pr-481-1763014665\src\AiDotNet.csproj::TargetFramework=net462]
C:\Users\cheat\source\repos\worktrees\pr-481-1763014665\src\ReinforcementLearning\Agents\MuZero\MuZeroAgent.cs(328,56): error CS1503: Argument 1: cannot convert from 'AiDotNet.LinearAlgebra.Tensor<T>' to 'AiDotNet.LinearAlgebra.Vector<T>' [C:\Users\cheat\source\repos\worktrees\pr-481-1763014665\src\AiDotNet.csproj::TargetFramework=net462]
C:\Users\cheat\source\repos\worktrees\pr-481-1763014665\src\ReinforcementLearning\Agents\MuZero\MuZeroAgent.cs(329,63): error CS1503: Argument 1: cannot convert from 'AiDotNet.LinearAlgebra.Vector<T>' to 'AiDotNet.LinearAlgebra.Tensor<T>' [C:\Users\cheat\source\repos\worktrees\pr-481-1763014665\src\AiDotNet.csproj::TargetFramework=net462]
C:\Users\cheat\source\repos\worktrees\pr-481-1763014665\src\ReinforcementLearning\Agents\MuZero\MuZeroAgent.cs(332,31): error CS0029: Cannot implicitly convert type 'AiDotNet.LinearAlgebra.Vector<T>' to 'AiDotNet.LinearAlgebra.Tensor<T>' [C:\Users\cheat\source\repos\worktrees\pr-481-1763014665\src\AiDotNet.csproj::TargetFramework=net462]
C:\Users\cheat\source\repos\worktrees\pr-481-1763014665\src\ReinforcementLearning\Agents\EligibilityTraces\SARSALambdaAgent.cs(17,12): error CS8618: Non-nullable field '_lastState' must contain a non-null value when exiting constructor. Consider adding the 'required' modifier or declaring the field as nullable. [C:\Users\cheat\source\repos\worktrees\pr-481-1763014665\src\AiDotNet.csproj::TargetFramework=net462]
C:\Users\cheat\source\repos\worktrees\pr-481-1763014665\src\ReinforcementLearning\Agents\QMIX\QMIXAgent.cs(106,32): error CS1729: 'NeuralNetworkArchitecture<T>' does not contain a constructor that takes 0 arguments [C:\Users\cheat\source\repos\worktrees\pr-481-1763014665\src\AiDotNet.csproj::TargetFramework=net462]
C:\Users\cheat\source\repos\worktrees\pr-481-1763014665\src\ReinforcementLearning\Agents\QMIX\QMIXAgent.cs(108,13): error CS0200: Property or indexer 'NeuralNetworkArchitecture<T>.TaskType' cannot be assigned to -- it is read only [C:\Users\cheat\source\repos\worktrees\pr-481-1763014665\src\AiDotNet.csproj::TargetFramework=net462]
C:\Users\cheat\source\repos\worktrees\pr-481-1763014665\src\ReinforcementLearning\Agents\QMIX\QMIXAgent.cs(114,9): error CS0200: Property or indexer 'NeuralNetworkArchitecture<T>.Layers' cannot be assigned to -- it is read only [C:\Users\cheat\source\repos\worktrees\pr-481-1763014665\src\AiDotNet.csproj::TargetFramework=net462]
C:\Users\cheat\source\repos\worktrees\pr-481-1763014665\src\ReinforcementLearning\Agents\Rainbow\RainbowDQNAgent.cs(139,45): error CS1503: Argument 1: cannot convert from 'AiDotNet.LinearAlgebra.Vector<T>' to 'AiDotNet.LinearAlgebra.Tensor<T>' [C:\Users\cheat\source\repos\worktrees\pr-481-1763014665\src\AiDotNet.csproj::TargetFramework=net462]
C:\Users\cheat\source\repos\worktrees\pr-481-1763014665\src\ReinforcementLearning\Agents\Rainbow\RainbowDQNAgent.cs(163,16): error CS0029: Cannot implicitly convert type 'AiDotNet.LinearAlgebra.Tensor<T>' to 'AiDotNet.LinearAlgebra.Vector<T>' [C:\Users\cheat\source\repos\worktrees\pr-481-1763014665\src\AiDotNet.csproj::TargetFramework=net462]
C:\Users\cheat\source\repos\worktrees\pr-481-1763014665\src\ReinforcementLearning\Agents\QMIX\QMIXAgent.cs(123,32): error CS1729: 'NeuralNetworkArchitecture<T>' does not contain a constructor that takes 0 arguments [C:\Users\cheat\source\repos\worktrees\pr-481-1763014665\src\AiDotNet.csproj::TargetFramework=net462]
C:\Users\cheat\source\repos\worktrees\pr-481-1763014665\src\ReinforcementLearning\Agents\QMIX\QMIXAgent.cs(125,13): error CS0200: Property or indexer 'NeuralNetworkArchitecture<T>.TaskType' cannot be assigned to -- it is read only [C:\Users\cheat\source\repos\worktrees\pr-481-1763014665\src\AiDotNet.csproj::TargetFramework=net462]
C:\Users\cheat\source\repos\worktrees\pr-481-1763014665\src\ReinforcementLearning\Agents\QMIX\QMIXAgent.cs(135,9): error CS0200: Property or indexer 'NeuralNetworkArchitecture<T>.Layers' cannot be assigned to -- it is read only [C:\Users\cheat\source\repos\worktrees\pr-481-1763014665\src\AiDotNet.csproj::TargetFramework=net462]
C:\Users\cheat\source\repos\worktrees\pr-481-1763014665\src\ReinforcementLearning\Agents\QMIX\QMIXAgent.cs(164,47): error CS1061: 'INeuralNetwork<T>' does not contain a definition for 'Forward' and no accessible extension method 'Forward' accepting a first argument of type 'INeuralNetwork<T>' could be found (are you missing a using directive or an assembly reference?) [C:\Users\cheat\source\repos\worktrees\pr-481-1763014665\src\AiDotNet.csproj::TargetFramework=net462]
C:\Users\cheat\source\repos\worktrees\pr-481-1763014665\src\ReinforcementLearning\Agents\DynamicProgramming\ModifiedPolicyIterationAgent.cs(229,25): error CS0029: Cannot implicitly convert type 'string' to 'AiDotNet.Enums.ModelType' [C:\Users\cheat\source\repos\worktrees\pr-481-1763014665\src\AiDotNet.csproj::TargetFramework=net462]
C:\Users\cheat\source\repos\worktrees\pr-481-1763014665\src\ReinforcementLearning\Agents\REINFORCE\REINFORCEAgent.cs(220,55): error CS1503: Argument 1: cannot convert from 'AiDotNet.LinearAlgebra.Vector<T>' to 'AiDotNet.LinearAlgebra.Tensor<T>' [C:\Users\cheat\source\repos\worktrees\pr-481-1763014665\src\AiDotNet.csproj::TargetFramework=net462]
C:\Users\cheat\source\repos\worktrees\pr-481-1763014665\src\ReinforcementLearning\Agents\REINFORCE\REINFORCEAgent.cs(223,17): error CS0103: The name '_options' does not exist in the current context [C:\Users\cheat\source\repos\worktrees\pr-481-1763014665\src\AiDotNet.csproj::TargetFramework=net462]
C:\Users\cheat\source\repos\worktrees\pr-481-1763014665\src\ReinforcementLearning\Agents\REINFORCE\REINFORCEAgent.cs(227,34): error CS0103: The name '_options' does not exist in the current context [C:\Users\cheat\source\repos\worktrees\pr-481-1763014665\src\AiDotNet.csproj::TargetFramework=net462]
C:\Users\cheat\source\repos\worktrees\pr-481-1763014665\src\ReinforcementLearning\Agents\REINFORCE\REINFORCEAgent.cs(250,46): error CS1503: Argument 1: cannot convert from 'AiDotNet.LinearAlgebra.Tensor<T>' to 'AiDotNet.LinearAlgebra.Vector<T>' [C:\Users\cheat\source\repos\worktrees\pr-481-1763014665\src\AiDotNet.csproj::TargetFramework=net462]
C:\Users\cheat\source\repos\worktrees\pr-481-1763014665\src\ReinforcementLearning\Agents\REINFORCE\REINFORCEAgent.cs(262,42): error CS1503: Argument 1: cannot convert from 'AiDotNet.LinearAlgebra.Vector<T>' to 'AiDotNet.LinearAlgebra.Tensor<T>' [C:\Users\cheat\source\repos\worktrees\pr-481-1763014665\src\AiDotNet.csproj::TargetFramework=net462]
C:\Users\cheat\source\repos\worktrees\pr-481-1763014665\src\ReinforcementLearning\Agents\MonteCarlo\MonteCarloExploringStartsAgent.cs(214,25): error CS0029: Cannot implicitly convert type 'string' to 'AiDotNet.Enums.ModelType' [C:\Users\cheat\source\repos\worktrees\pr-481-1763014665\src\AiDotNet.csproj::TargetFramework=net462]
C:\Users\cheat\source\repos\worktrees\pr-481-1763014665\src\ReinforcementLearning\Agents\QMIX\QMIXAgent.cs(195,23): error CS1501: No overload for method 'Add' takes 5 arguments [C:\Users\cheat\source\repos\worktrees\pr-481-1763014665\src\AiDotNet.csproj::TargetFramework=net462]
C:\Users\cheat\source\repos\worktrees\pr-481-1763014665\src\ReinforcementLearning\Agents\EligibilityTraces\QLambdaAgent.cs(114,218): error CS1503: Argument 1: cannot convert from 'AiDotNet.LinearAlgebra.Matrix<T>' to 'AiDotNet.LinearAlgebra.Vector<T>' [C:\Users\cheat\source\repos\worktrees\pr-481-1763014665\src\AiDotNet.csproj::TargetFramework=net462]
C:\Users\cheat\source\repos\worktrees\pr-481-1763014665\src\ReinforcementLearning\Agents\EligibilityTraces\QLambdaAgent.cs(114,249): error CS1503: Argument 2: cannot convert from 'AiDotNet.LinearAlgebra.Matrix<T>' to 'AiDotNet.LinearAlgebra.Vector<T>' [C:\Users\cheat\source\repos\worktrees\pr-481-1763014665\src\AiDotNet.csproj::TargetFramework=net462]
C:\Users\cheat\source\repos\worktrees\pr-481-1763014665\src\ReinforcementLearning\Agents\EligibilityTraces\QLambdaAgent.cs(114,317): error CS1503: Argument 1: cannot convert from 'AiDotNet.LinearAlgebra.Matrix<T>' to 'AiDotNet.LinearAlgebra.Vector<T>' [C:\Users\cheat\source\repos\worktrees\pr-481-1763014665\src\AiDotNet.csproj::TargetFramework=net462]
C:\Users\cheat\source\repos\worktrees\pr-481-1763014665\src\ReinforcementLearning\Agents\EligibilityTraces\QLambdaAgent.cs(114,348): error CS1503: Argument 2: cannot convert from 'AiDotNet.LinearAlgebra.Matrix<T>' to 'AiDotNet.LinearAlgebra.Vector<T>' [C:\Users\cheat\source\repos\worktrees\pr-481-1763014665\src\AiDotNet.csproj::TargetFramework=net462]
C:\Users\cheat\source\repos\worktrees\pr-481-1763014665\src\ReinforcementLearning\Agents\MADDPG\MADDPGAgent.cs(515,41): error CS1061: 'ILossFunction<T>' does not contain a definition for 'ComputeGradient' and no accessible extension method 'ComputeGradient' accepting a first argument of type 'ILossFunction<T>' could be found (are you missing a using directive or an assembly reference?) [C:\Users\cheat\source\repos\worktrees\pr-481-1763014665\src\AiDotNet.csproj::TargetFramework=net462]
C:\Users\cheat\source\repos\worktrees\pr-481-1763014665\src\ReinforcementLearning\Agents\QMIX\QMIXAgent.cs(204,23): error CS1501: No overload for method 'Add' takes 5 arguments [C:\Users\cheat\source\repos\worktrees\pr-481-1763014665\src\AiDotNet.csproj::TargetFramework=net462]
C:\Users\cheat\source\repos\worktrees\pr-481-1763014665\src\ReinforcementLearning\Agents\MuZero\MuZeroAgent.cs(410,25): error CS0029: Cannot implicitly convert type 'string' to 'AiDotNet.Enums.ModelType' [C:\Users\cheat\source\repos\worktrees\pr-481-1763014665\src\AiDotNet.csproj::TargetFramework=net462]
C:\Users\cheat\source\repos\worktrees\pr-481-1763014665\src\ReinforcementLearning\Agents\ExpectedSARSA\ExpectedSARSAAgent.cs(179,25): error CS0029: Cannot implicitly convert type 'string' to 'AiDotNet.Enums.ModelType' [C:\Users\cheat\source\repos\worktrees\pr-481-1763014665\src\AiDotNet.csproj::TargetFramework=net462]
C:\Users\cheat\source\repos\worktrees\pr-481-1763014665\src\ReinforcementLearning\Agents\ReinforcementLearningAgentBase.cs(304,81): error CS1061: 'List<T>' does not contain a definition for 'TakeLast' and no accessible extension method 'TakeLast' accepting a first argument of type 'List<T>' could be found (are you missing a using directive or an assembly reference?) [C:\Users\cheat\source\repos\worktrees\pr-481-1763014665\src\AiDotNet.csproj::TargetFramework=net462]
C:\Users\cheat\source\repos\worktrees\pr-481-1763014665\src\ReinforcementLearning\Agents\ReinforcementLearningAgentBase.cs(305,87): error CS1061: 'List<T>' does not contain a definition for 'TakeLast' and no accessible extension method 'TakeLast' accepting a first argument of type 'List<T>' could be found (are you missing a using directive or an assembly reference?) [C:\Users\cheat\source\repos\worktrees\pr-481-1763014665\src\AiDotNet.csproj::TargetFramework=net462]
C:\Users\cheat\source\repos\worktrees\pr-481-1763014665\src\ReinforcementLearning\Agents\PPO\PPOAgent.cs(210,49): error CS1503: Argument 1: cannot convert from 'AiDotNet.LinearAlgebra.Vector<T>' to 'AiDotNet.LinearAlgebra.Tensor<T>' [C:\Users\cheat\source\repos\worktrees\pr-481-1763014665\src\AiDotNet.csproj::TargetFramework=net462]
C:\Users\cheat\source\repos\worktrees\pr-481-1763014665\src\ReinforcementLearning\Agents\Planning\PrioritizedSweepingAgent.cs(185,218): error CS1503: Argument 1: cannot convert from 'AiDotNet.LinearAlgebra.Matrix<T>' to 'AiDotNet.LinearAlgebra.Vector<T>' [C:\Users\cheat\source\repos\worktrees\pr-481-1763014665\src\AiDotNet.csproj::TargetFramework=net462]
C:\Users\cheat\source\repos\worktrees\pr-481-1763014665\src\ReinforcementLearning\Agents\Planning\PrioritizedSweepingAgent.cs(185,249): error CS1503: Argument 2: cannot convert from 'AiDotNet.LinearAlgebra.Matrix<T>' to 'AiDotNet.LinearAlgebra.Vector<T>' [C:\Users\cheat\source\repos\worktrees\pr-481-1763014665\src\AiDotNet.csproj::TargetFramework=net462]
C:\Users\cheat\source\repos\worktrees\pr-481-1763014665\src\ReinforcementLearning\Agents\Planning\PrioritizedSweepingAgent.cs(185,317): error CS1503: Argument 1: cannot convert from 'AiDotNet.LinearAlgebra.Matrix<T>' to 'AiDotNet.LinearAlgebra.Vector<T>' [C:\Users\cheat\source\repos\worktrees\pr-481-1763014665\src\AiDotNet.csproj::TargetFramework=net462]
C:\Users\cheat\source\repos\worktrees\pr-481-1763014665\src\ReinforcementLearning\Agents\Planning\PrioritizedSweepingAgent.cs(185,348): error CS1503: Argument 2: cannot convert from 'AiDotNet.LinearAlgebra.Matrix<T>' to 'AiDotNet.LinearAlgebra.Vector<T>' [C:\Users\cheat\source\repos\worktrees\pr-481-1763014665\src\AiDotNet.csproj::TargetFramework=net462]
C:\Users\cheat\source\repos\worktrees\pr-481-1763014665\src\ReinforcementLearning\Agents\PPO\PPOAgent.cs(221,51): error CS1503: Argument 1: cannot convert from 'AiDotNet.LinearAlgebra.Vector<T>' to 'AiDotNet.LinearAlgebra.Tensor<T>' [C:\Users\cheat\source\repos\worktrees\pr-481-1763014665\src\AiDotNet.csproj::TargetFramework=net462]
C:\Users\cheat\source\repos\worktrees\pr-481-1763014665\src\ReinforcementLearning\Agents\PPO\PPOAgent.cs(225,45): error CS1503: Argument 1: cannot convert from 'AiDotNet.LinearAlgebra.Tensor<T>' to 'AiDotNet.LinearAlgebra.Vector<T>' [C:\Users\cheat\source\repos\worktrees\pr-481-1763014665\src\AiDotNet.csproj::TargetFramework=net462]
C:\Users\cheat\source\repos\worktrees\pr-481-1763014665\src\ReinforcementLearning\Agents\PPO\PPOAgent.cs(229,43): error CS1503: Argument 1: cannot convert from 'AiDotNet.LinearAlgebra.Tensor<T>' to 'AiDotNet.LinearAlgebra.Vector<T>' [C:\Users\cheat\source\repos\worktrees\pr-481-1763014665\src\AiDotNet.csproj::TargetFramework=net462]
C:\Users\cheat\source\repos\worktrees\pr-481-1763014665\src\ReinforcementLearning\Agents\REINFORCE\REINFORCEAgent.cs(321,36): error CS1061: 'NeuralNetwork<T>' does not contain a definition for 'GetFlattenedGradients' and no accessible extension method 'GetFlattenedGradients' accepting a first argument of type 'NeuralNetwork<T>' could be found (are you missing a using directive or an assembly reference?) [C:\Users\cheat\source\repos\worktrees\pr-481-1763014665\src\AiDotNet.csproj::TargetFramework=net462]
C:\Users\cheat\source\repos\worktrees\pr-481-1763014665\src\ReinforcementLearning\Agents\DynamicProgramming\ModifiedPolicyIterationAgent.cs(296,51): error CS1503: Argument 1: cannot convert from 'AiDotNet.LinearAlgebra.Matrix<T>' to 'AiDotNet.LinearAlgebra.Vector<T>' [C:\Users\cheat\source\repos\worktrees\pr-481-1763014665\src\AiDotNet.csproj::TargetFramework=net462]
C:\Users\cheat\source\repos\worktrees\pr-481-1763014665\src\ReinforcementLearning\Agents\DynamicProgramming\ModifiedPolicyIterationAgent.cs(296,88): error CS1503: Argument 2: cannot convert from 'AiDotNet.LinearAlgebra.Matrix<T>' to 'AiDotNet.LinearAlgebra.Vector<T>' [C:\Users\cheat\source\repos\worktrees\pr-481-1763014665\src\AiDotNet.csproj::TargetFramework=net462]
C:\Users\cheat\source\repos\worktrees\pr-481-1763014665\src\ReinforcementLearning\Agents\DynamicProgramming\ModifiedPolicyIterationAgent.cs(298,61): error CS1503: Argument 1: cannot convert from 'AiDotNet.LinearAlgebra.Matrix<T>' to 'AiDotNet.LinearAlgebra.Vector<T>' [C:\Users\cheat\source\repos\worktrees\pr-481-1763014665\src\AiDotNet.csproj::TargetFramework=net462]
C:\Users\cheat\source\repos\worktrees\pr-481-1763014665\src\ReinforcementLearning\Agents\DynamicProgramming\ModifiedPolicyIterationAgent.cs(298,98): error CS1503: Argument 2: cannot convert from 'AiDotNet.LinearAlgebra.Matrix<T>' to 'AiDotNet.LinearAlgebra.Vector<T>' [C:\Users\cheat\source\repos\worktrees\pr-481-1763014665\src\AiDotNet.csproj::TargetFramework=net462]
C:\Users\cheat\source\repos\worktrees\pr-481-1763014665\src\ReinforcementLearning\Agents\EligibilityTraces\SARSALambdaAgent.cs(130,56): error CS8625: Cannot convert null literal to non-nullable reference type. [C:\Users\cheat\source\repos\worktrees\pr-481-1763014665\src\AiDotNet.csproj::TargetFramework=net462]
C:\Users\cheat\source\repos\worktrees\pr-481-1763014665\src\ReinforcementLearning\Agents\MuZero\MuZeroAgent.cs(467,45): error CS0103: The name '_optimizer' does not exist in the current context [C:\Users\cheat\source\repos\worktrees\pr-481-1763014665\src\AiDotNet.csproj::TargetFramework=net462]
C:\Users\cheat\source\repos\worktrees\pr-481-1763014665\src\ReinforcementLearning\Agents\MuZero\MuZeroAgent.cs(467,20): error CS1729: 'MuZeroAgent<T>' does not contain a constructor that takes 2 arguments [C:\Users\cheat\source\repos\worktrees\pr-481-1763014665\src\AiDotNet.csproj::TargetFramework=net462]
C:\Users\cheat\source\repos\worktrees\pr-481-1763014665\src\ReinforcementLearning\Agents\MonteCarlo\MonteCarloExploringStartsAgent.cs(285,51): error CS1503: Argument 1: cannot convert from 'AiDotNet.LinearAlgebra.Matrix<T>' to 'AiDotNet.LinearAlgebra.Vector<T>' [C:\Users\cheat\source\repos\worktrees\pr-481-1763014665\src\AiDotNet.csproj::TargetFramework=net462]
C:\Users\cheat\source\repos\worktrees\pr-481-1763014665\src\ReinforcementLearning\Agents\MonteCarlo\MonteCarloExploringStartsAgent.cs(285,88): error CS1503: Argument 2: cannot convert from 'AiDotNet.LinearAlgebra.Matrix<T>' to 'AiDotNet.LinearAlgebra.Vector<T>' [C:\Users\cheat\source\repos\worktrees\pr-481-1763014665\src\AiDotNet.csproj::TargetFramework=net462]
C:\Users\cheat\source\repos\worktrees\pr-481-1763014665\src\ReinforcementLearning\Agents\MonteCarlo\MonteCarloExploringStartsAgent.cs(287,61): error CS1503: Argument 1: cannot convert from 'AiDotNet.LinearAlgebra.Matrix<T>' to 'AiDotNet.LinearAlgebra.Vector<T>' [C:\Users\cheat\source\repos\worktrees\pr-481-1763014665\src\AiDotNet.csproj::TargetFramework=net462]
C:\Users\cheat\source\repos\worktrees\pr-481-1763014665\src\ReinforcementLearning\Agents\MonteCarlo\MonteCarloExploringStartsAgent.cs(287,98): error CS1503: Argument 2: cannot convert from 'AiDotNet.LinearAlgebra.Matrix<T>' to 'AiDotNet.LinearAlgebra.Vector<T>' [C:\Users\cheat\source\repos\worktrees\pr-481-1763014665\src\AiDotNet.csproj::TargetFramework=net462]
C:\Users\cheat\source\repos\worktrees\pr-481-1763014665\src\ReinforcementLearning\Agents\Planning\DynaQAgent.cs(211,37): error CS1503: Argument 1: cannot convert from 'AiDotNet.LinearAlgebra.Matrix<T>' to 'AiDotNet.LinearAlgebra.Vector<T>' [C:\Users\cheat\source\repos\worktrees\pr-481-1763014665\src\AiDotNet.csproj::TargetFramework=net462]
C:\Users\cheat\source\repos\worktrees\pr-481-1763014665\src\ReinforcementLearning\Agents\Planning\DynaQAgent.cs(211,68): error CS1503: Argument 2: cannot convert from 'AiDotNet.LinearAlgebra.Matrix<T>' to 'AiDotNet.LinearAlgebra.Vector<T>' [C:\Users\cheat\source\repos\worktrees\pr-481-1763014665\src\AiDotNet.csproj::TargetFramework=net462]
C:\Users\cheat\source\repos\worktrees\pr-481-1763014665\src\ReinforcementLearning\Agents\Planning\DynaQAgent.cs(212,43): error CS1503: Argument 1: cannot convert from 'AiDotNet.LinearAlgebra.Matrix<T>' to 'AiDotNet.LinearAlgebra.Vector<T>' [C:\Users\cheat\source\repos\worktrees\pr-481-1763014665\src\AiDotNet.csproj::TargetFramework=net462]
C:\Users\cheat\source\repos\worktrees\pr-481-1763014665\src\ReinforcementLearning\Agents\Planning\DynaQAgent.cs(212,74): error CS1503: Argument 2: cannot convert from 'AiDotNet.LinearAlgebra.Matrix<T>' to 'AiDotNet.LinearAlgebra.Vector<T>' [C:\Users\cheat\source\repos\worktrees\pr-481-1763014665\src\AiDotNet.csproj::TargetFramework=net462]
C:\Users\cheat\source\repos\worktrees\pr-481-1763014665\src\ReinforcementLearning\Agents\MuZero\MuZeroAgent.cs(479,41): error CS1061: 'ILossFunction<T>' does not contain a definition for 'ComputeGradient' and no accessible extension method 'ComputeGradient' accepting a first argument of type 'ILossFunction<T>' could be found (are you missing a using directive or an assembly reference?) [C:\Users\cheat\source\repos\worktrees\pr-481-1763014665\src\AiDotNet.csproj::TargetFramework=net462]
C:\Users\cheat\source\repos\worktrees\pr-481-1763014665\src\ReinforcementLearning\Agents\Rainbow\RainbowDQNAgent.cs(254,37): error CS1061: '(Vector<T> state, Vector<T> action, T reward, Vector<T> nextState, bool done)' does not contain a definition for 'Reward' and no accessible extension method 'Reward' accepting a first argument of type '(Vector<T> state, Vector<T> action, T reward, Vector<T> nextState, bool done)' could be found (are you missing a using directive or an assembly reference?) [C:\Users\cheat\source\repos\worktrees\pr-481-1763014665\src\AiDotNet.csproj::TargetFramework=net462]
C:\Users\cheat\source\repos\worktrees\pr-481-1763014665\src\ReinforcementLearning\Agents\Rainbow\RainbowDQNAgent.cs(263,48): error CS1061: '(Vector<T> state, Vector<T> action, T reward, Vector<T> nextState, bool done)' does not contain a definition for 'Reward' and no accessible extension method 'Reward' accepting a first argument of type '(Vector<T> state, Vector<T> action, T reward, Vector<T> nextState, bool done)' could be found (are you missing a using directive or an assembly reference?) [C:\Users\cheat\source\repos\worktrees\pr-481-1763014665\src\AiDotNet.csproj::TargetFramework=net462]
C:\Users\cheat\source\repos\worktrees\pr-481-1763014665\src\ReinforcementLearning\Agents\Rainbow\RainbowDQNAgent.cs(268,49): error CS1061: '(Vector<T> state, Vector<T> action, T reward, Vector<T> nextState, bool done)' does not contain a definition for 'Action' and no accessible extension method 'Action' accepting a first argument of type '(Vector<T> state, Vector<T> action, T reward, Vector<T> nextState, bool done)' could be found (are you missing a using directive or an assembly reference?) [C:\Users\cheat\source\repos\worktrees\pr-481-1763014665\src\AiDotNet.csproj::TargetFramework=net462]
C:\Users\cheat\source\repos\worktrees\pr-481-1763014665\src\ReinforcementLearning\Agents\Rainbow\RainbowDQNAgent.cs(285,28): error CS1061: 'INeuralNetwork<T>' does not contain a definition for 'Backpropagate' and no accessible extension method 'Backpropagate' accepting a first argument of type 'INeuralNetwork<T>' could be found (are you missing a using directive or an assembly reference?) [C:\Users\cheat\source\repos\worktrees\pr-481-1763014665\src\AiDotNet.csproj::TargetFramework=net462]
C:\Users\cheat\source\repos\worktrees\pr-481-1763014665\src\ReinforcementLearning\Agents\Rainbow\RainbowDQNAgent.cs(286,45): error CS1503: Argument 1: cannot convert from 'T' to 'AiDotNet.LinearAlgebra.Vector<T>' [C:\Users\cheat\source\repos\worktrees\pr-481-1763014665\src\AiDotNet.csproj::TargetFramework=net462]
C:\Users\cheat\source\repos\worktrees\pr-481-1763014665\src\ReinforcementLearning\Agents\Planning\DynaQPlusAgent.cs(153,218): error CS1503: Argument 1: cannot convert from 'AiDotNet.LinearAlgebra.Matrix<T>' to 'AiDotNet.LinearAlgebra.Vector<T>' [C:\Users\cheat\source\repos\worktrees\pr-481-1763014665\src\AiDotNet.csproj::TargetFramework=net462]
C:\Users\cheat\source\repos\worktrees\pr-481-1763014665\src\ReinforcementLearning\Agents\Planning\DynaQPlusAgent.cs(153,249): error CS1503: Argument 2: cannot convert from 'AiDotNet.LinearAlgebra.Matrix<T>' to 'AiDotNet.LinearAlgebra.Vector<T>' [C:\Users\cheat\source\repos\worktrees\pr-481-1763014665\src\AiDotNet.csproj::TargetFramework=net462]
C:\Users\cheat\source\repos\worktrees\pr-481-1763014665\src\ReinforcementLearning\Agents\Planning\DynaQPlusAgent.cs(153,317): error CS1503: Argument 1: cannot convert from 'AiDotNet.LinearAlgebra.Matrix<T>' to 'AiDotNet.LinearAlgebra.Vector<T>' [C:\Users\cheat\source\repos\worktrees\pr-481-1763014665\src\AiDotNet.csproj::TargetFramework=net462]
C:\Users\cheat\source\repos\worktrees\pr-481-1763014665\src\ReinforcementLearning\Agents\Planning\DynaQPlusAgent.cs(153,348): error CS1503: Argument 2: cannot convert from 'AiDotNet.LinearAlgebra.Matrix<T>' to 'AiDotNet.LinearAlgebra.Vector<T>' [C:\Users\cheat\source\repos\worktrees\pr-481-1763014665\src\AiDotNet.csproj::TargetFramework=net462]
C:\Users\cheat\source\repos\worktrees\pr-481-1763014665\src\ReinforcementLearning\Agents\QMIX\QMIXAgent.cs(222,91): error CS1061: 'Experience<T>' does not contain a definition for 'state' and no accessible extension method 'state' accepting a first argument of type 'Experience<T>' could be found (are you missing a using directive or an assembly reference?) [C:\Users\cheat\source\repos\worktrees\pr-481-1763014665\src\AiDotNet.csproj::TargetFramework=net462]
C:\Users\cheat\source\repos\worktrees\pr-481-1763014665\src\ReinforcementLearning\Agents\QMIX\QMIXAgent.cs(223,88): error CS1061: 'Experience<T>' does not contain a definition for 'nextState' and no accessible extension method 'nextState' accepting a first argument of type 'Experience<T>' could be found (are you missing a using directive or an assembly reference?) [C:\Users\cheat\source\repos\worktrees\pr-481-1763014665\src\AiDotNet.csproj::TargetFramework=net462]
C:\Users\cheat\source\repos\worktrees\pr-481-1763014665\src\ReinforcementLearning\Agents\QMIX\QMIXAgent.cs(229,49): error CS1061: 'INeuralNetwork<T>' does not contain a definition for 'Forward' and no accessible extension method 'Forward' accepting a first argument of type 'INeuralNetwork<T>' could be found (are you missing a using directive or an assembly reference?) [C:\Users\cheat\source\repos\worktrees\pr-481-1763014665\src\AiDotNet.csproj::TargetFramework=net462]
C:\Users\cheat\source\repos\worktrees\pr-481-1763014665\src\ReinforcementLearning\Agents\QMIX\QMIXAgent.cs(236,48): error CS1503: Argument 1: cannot convert from 'AiDotNet.LinearAlgebra.Vector<T>' to 'AiDotNet.LinearAlgebra.Tensor<T>' [C:\Users\cheat\source\repos\worktrees\pr-481-1763014665\src\AiDotNet.csproj::TargetFramework=net462]
C:\Users\cheat\source\repos\worktrees\pr-481-1763014665\src\ReinforcementLearning\Agents\QMIX\QMIXAgent.cs(242,59): error CS1061: 'INeuralNetwork<T>' does not contain a definition for 'Forward' and no accessible extension method 'Forward' accepting a first argument of type 'INeuralNetwork<T>' could be found (are you missing a using directive or an assembly reference?) [C:\Users\cheat\source\repos\worktrees\pr-481-1763014665\src\AiDotNet.csproj::TargetFramework=net462]
C:\Users\cheat\source\repos\worktrees\pr-481-1763014665\src\ReinforcementLearning\Agents\QMIX\QMIXAgent.cs(247,60): error CS1503: Argument 1: cannot convert from 'AiDotNet.LinearAlgebra.Vector<T>' to 'AiDotNet.LinearAlgebra.Tensor<T>' [C:\Users\cheat\source\repos\worktrees\pr-481-1763014665\src\AiDotNet.csproj::TargetFramework=net462]
C:\Users\cheat\source\repos\worktrees\pr-481-1763014665\src\ReinforcementLearning\Agents\QMIX\QMIXAgent.cs(250,28): error CS1061: 'Experience<T>' does not contain a definition for 'done' and no accessible extension method 'done' accepting a first argument of type 'Experience<T>' could be found (are you missing a using directive or an assembly reference?) [C:\Users\cheat\source\repos\worktrees\pr-481-1763014665\src\AiDotNet.csproj::TargetFramework=net462]
C:\Users\cheat\source\repos\worktrees\pr-481-1763014665\src\ReinforcementLearning\Agents\QMIX\QMIXAgent.cs(267,28): error CS1061: 'INeuralNetwork<T>' does not contain a definition for 'Backpropagate' and no accessible extension method 'Backpropagate' accepting a first argument of type 'INeuralNetwork<T>' could be found (are you missing a using directive or an assembly reference?) [C:\Users\cheat\source\repos\worktrees\pr-481-1763014665\src\AiDotNet.csproj::TargetFramework=net462]
C:\Users\cheat\source\repos\worktrees\pr-481-1763014665\src\ReinforcementLearning\Agents\QMIX\QMIXAgent.cs(268,45): error CS1503: Argument 1: cannot convert from 'T' to 'AiDotNet.LinearAlgebra.Vector<T>' [C:\Users\cheat\source\repos\worktrees\pr-481-1763014665\src\AiDotNet.csproj::TargetFramework=net462]
C:\Users\cheat\source\repos\worktrees\pr-481-1763014665\src\ReinforcementLearning\Agents\QMIX\QMIXAgent.cs(277,35): error CS1061: 'INeuralNetwork<T>' does not contain a definition for 'Backpropagate' and no accessible extension method 'Backpropagate' accepting a first argument of type 'INeuralNetwork<T>' could be found (are you missing a using directive or an assembly reference?) [C:\Users\cheat\source\repos\worktrees\pr-481-1763014665\src\AiDotNet.csproj::TargetFramework=net462]
C:\Users\cheat\source\repos\worktrees\pr-481-1763014665\src\ReinforcementLearning\Agents\QMIX\QMIXAgent.cs(278,52): error CS1503: Argument 1: cannot convert from 'T' to 'AiDotNet.LinearAlgebra.Vector<T>' [C:\Users\cheat\source\repos\worktrees\pr-481-1763014665\src\AiDotNet.csproj::TargetFramework=net462]
C:\Users\cheat\source\repos\worktrees\pr-481-1763014665\src\ReinforcementLearning\Agents\Rainbow\RainbowDQNAgent.cs(305,30): error CS1061: 'INeuralNetwork<T>' does not contain a definition for 'Forward' and no accessible extension method 'Forward' accepting a first argument of type 'INeuralNetwork<T>' could be found (are you missing a using directive or an assembly reference?) [C:\Users\cheat\source\repos\worktrees\pr-481-1763014665\src\AiDotNet.csproj::TargetFramework=net462]
C:\Users\cheat\source\repos\worktrees\pr-481-1763014665\src\ReinforcementLearning\Agents\REINFORCE\REINFORCEAgent.cs(391,16): error CS0103: The name 'vector' does not exist in the current context [C:\Users\cheat\source\repos\worktrees\pr-481-1763014665\src\AiDotNet.csproj::TargetFramework=net462]
C:\Users\cheat\source\repos\worktrees\pr-481-1763014665\src\ReinforcementLearning\Agents\Rainbow\RainbowDQNAgent.cs(373,25): error CS0029: Cannot implicitly convert type 'string' to 'AiDotNet.Enums.ModelType' [C:\Users\cheat\source\repos\worktrees\pr-481-1763014665\src\AiDotNet.csproj::TargetFramework=net462]
C:\Users\cheat\source\repos\worktrees\pr-481-1763014665\src\ReinforcementLearning\Agents\MonteCarlo\OffPolicyMonteCarloAgent.cs(219,25): error CS0029: Cannot implicitly convert type 'string' to 'AiDotNet.Enums.ModelType' [C:\Users\cheat\source\repos\worktrees\pr-481-1763014665\src\AiDotNet.csproj::TargetFramework=net462]
C:\Users\cheat\source\repos\worktrees\pr-481-1763014665\src\ReinforcementLearning\Agents\EligibilityTraces\SARSALambdaAgent.cs(156,218): error CS1503: Argument 1: cannot convert from 'AiDotNet.LinearAlgebra.Matrix<T>' to 'AiDotNet.LinearAlgebra.Vector<T>' [C:\Users\cheat\source\repos\worktrees\pr-481-1763014665\src\AiDotNet.csproj::TargetFramework=net462]
C:\Users\cheat\source\repos\worktrees\pr-481-1763014665\src\ReinforcementLearning\Agents\EligibilityTraces\SARSALambdaAgent.cs(156,249): error CS1503: Argument 2: cannot convert from 'AiDotNet.LinearAlgebra.Matrix<T>' to 'AiDotNet.LinearAlgebra.Vector<T>' [C:\Users\cheat\source\repos\worktrees\pr-481-1763014665\src\AiDotNet.csproj::TargetFramework=net462]
C:\Users\cheat\source\repos\worktrees\pr-481-1763014665\src\ReinforcementLearning\Agents\EligibilityTraces\SARSALambdaAgent.cs(156,317): error CS1503: Argument 1: cannot convert from 'AiDotNet.LinearAlgebra.Matrix<T>' to 'AiDotNet.LinearAlgebra.Vector<T>' [C:\Users\cheat\source\repos\worktrees\pr-481-1763014665\src\AiDotNet.csproj::TargetFramework=net462]
C:\Users\cheat\source\repos\worktrees\pr-481-1763014665\src\ReinforcementLearning\Agents\EligibilityTraces\SARSALambdaAgent.cs(156,348): error CS1503: Argument 2: cannot convert from 'AiDotNet.LinearAlgebra.Matrix<T>' to 'AiDotNet.LinearAlgebra.Vector<T>' [C:\Users\cheat\source\repos\worktrees\pr-481-1763014665\src\AiDotNet.csproj::TargetFramework=net462]
C:\Users\cheat\source\repos\worktrees\pr-481-1763014665\src\ReinforcementLearning\Agents\Rainbow\RainbowDQNAgent.cs(438,51): error CS1503: Argument 1: cannot convert from 'AiDotNet.LinearAlgebra.Matrix<T>' to 'AiDotNet.LinearAlgebra.Vector<T>' [C:\Users\cheat\source\repos\worktrees\pr-481-1763014665\src\AiDotNet.csproj::TargetFramework=net462]
C:\Users\cheat\source\repos\worktrees\pr-481-1763014665\src\ReinforcementLearning\Agents\Rainbow\RainbowDQNAgent.cs(438,88): error CS1503: Argument 2: cannot convert from 'AiDotNet.LinearAlgebra.Matrix<T>' to 'AiDotNet.LinearAlgebra.Vector<T>' [C:\Users\cheat\source\repos\worktrees\pr-481-1763014665\src\AiDotNet.csproj::TargetFramework=net462]
C:\Users\cheat\source\repos\worktrees\pr-481-1763014665\src\ReinforcementLearning\Agents\Rainbow\RainbowDQNAgent.cs(440,67): error CS1503: Argument 1: cannot convert from 'AiDotNet.LinearAlgebra.Matrix<T>' to 'AiDotNet.LinearAlgebra.Vector<T>' [C:\Users\cheat\source\repos\worktrees\pr-481-1763014665\src\AiDotNet.csproj::TargetFramework=net462]
C:\Users\cheat\source\repos\worktrees\pr-481-1763014665\src\ReinforcementLearning\Agents\Rainbow\RainbowDQNAgent.cs(440,104): error CS1503: Argument 2: cannot convert from 'AiDotNet.LinearAlgebra.Matrix<T>' to 'AiDotNet.LinearAlgebra.Vector<T>' [C:\Users\cheat\source\repos\worktrees\pr-481-1763014665\src\AiDotNet.csproj::TargetFramework=net462]
C:\Users\cheat\source\repos\worktrees\pr-481-1763014665\src\ReinforcementLearning\Agents\Rainbow\RainbowDQNAgent.cs(441,53): error CS1061: 'Vector<T>' does not contain a definition for 'GetRow' and no accessible extension method 'GetRow' accepting a first argument of type 'Vector<T>' could be found (are you missing a using directive or an assembly reference?) [C:\Users\cheat\source\repos\worktrees\pr-481-1763014665\src\AiDotNet.csproj::TargetFramework=net462]
C:\Users\cheat\source\repos\worktrees\pr-481-1763014665\src\ReinforcementLearning\Agents\MonteCarlo\OffPolicyMonteCarloAgent.cs(290,51): error CS1503: Argument 1: cannot convert from 'AiDotNet.LinearAlgebra.Matrix<T>' to 'AiDotNet.LinearAlgebra.Vector<T>' [C:\Users\cheat\source\repos\worktrees\pr-481-1763014665\src\AiDotNet.csproj::TargetFramework=net462]
C:\Users\cheat\source\repos\worktrees\pr-481-1763014665\src\ReinforcementLearning\Agents\MonteCarlo\OffPolicyMonteCarloAgent.cs(290,88): error CS1503: Argument 2: cannot convert from 'AiDotNet.LinearAlgebra.Matrix<T>' to 'AiDotNet.LinearAlgebra.Vector<T>' [C:\Users\cheat\source\repos\worktrees\pr-481-1763014665\src\AiDotNet.csproj::TargetFramework=net462]
C:\Users\cheat\source\repos\worktrees\pr-481-1763014665\src\ReinforcementLearning\Agents\MonteCarlo\OffPolicyMonteCarloAgent.cs(292,61): error CS1503: Argument 1: cannot convert from 'AiDotNet.LinearAlgebra.Matrix<T>' to 'AiDotNet.LinearAlgebra.Vector<T>' [C:\Users\cheat\source\repos\worktrees\pr-481-1763014665\src\AiDotNet.csproj::TargetFramework=net462]
C:\Users\cheat\source\repos\worktrees\pr-481-1763014665\src\ReinforcementLearning\Agents\MonteCarlo\OffPolicyMonteCarloAgent.cs(292,98): error CS1503: Argument 2: cannot convert from 'AiDotNet.LinearAlgebra.Matrix<T>' to 'AiDotNet.LinearAlgebra.Vector<T>' [C:\Users\cheat\source\repos\worktrees\pr-481-1763014665\src\AiDotNet.csproj::TargetFramework=net462]
C:\Users\cheat\source\repos\worktrees\pr-481-1763014665\src\ReinforcementLearning\Agents\Rainbow\RainbowDQNAgent.cs(447,24): error CS1061: 'INeuralNetwork<T>' does not contain a definition for 'Backpropagate' and no accessible extension method 'Backpropagate' accepting a first argument of type 'INeuralNetwork<T>' could be found (are you missing a using directive or an assembly reference?) [C:\Users\cheat\source\repos\worktrees\pr-481-1763014665\src\AiDotNet.csproj::TargetFramework=net462]
C:\Users\cheat\source\repos\worktrees\pr-481-1763014665\src\ReinforcementLearning\Agents\Rainbow\RainbowDQNAgent.cs(448,41): error CS1503: Argument 1: cannot convert from 'T' to 'AiDotNet.LinearAlgebra.Vector<T>' [C:\Users\cheat\source\repos\worktrees\pr-481-1763014665\src\AiDotNet.csproj::TargetFramework=net462]
C:\Users\cheat\source\repos\worktrees\pr-481-1763014665\src\ReinforcementLearning\Agents\REINFORCE\REINFORCEAgent.cs(505,24): error CS1061: 'INumericOperations<T>' does not contain a definition for 'Compare' and no accessible extension method 'Compare' accepting a first argument of type 'INumericOperations<T>' could be found (are you missing a using directive or an assembly reference?) [C:\Users\cheat\source\repos\worktrees\pr-481-1763014665\src\AiDotNet.csproj::TargetFramework=net462]
C:\Users\cheat\source\repos\worktrees\pr-481-1763014665\src\ReinforcementLearning\Agents\PPO\PPOAgent.cs(403,53): error CS1503: Argument 1: cannot convert from 'AiDotNet.LinearAlgebra.Vector<T>' to 'AiDotNet.LinearAlgebra.Tensor<T>' [C:\Users\cheat\source\repos\worktrees\pr-481-1763014665\src\AiDotNet.csproj::TargetFramework=net462]
C:\Users\cheat\source\repos\worktrees\pr-481-1763014665\src\ReinforcementLearning\Agents\QMIX\QMIXAgent.cs(463,25): error CS0029: Cannot implicitly convert type 'string' to 'AiDotNet.Enums.ModelType' [C:\Users\cheat\source\repos\worktrees\pr-481-1763014665\src\AiDotNet.csproj::TargetFramework=net462]
C:\Users\cheat\source\repos\worktrees\pr-481-1763014665\src\ReinforcementLearning\Agents\PPO\PPOAgent.cs(436,51): error CS1503: Argument 1: cannot convert from 'AiDotNet.LinearAlgebra.Vector<T>' to 'AiDotNet.LinearAlgebra.Tensor<T>' [C:\Users\cheat\source\repos\worktrees\pr-481-1763014665\src\AiDotNet.csproj::TargetFramework=net462]
C:\Users\cheat\source\repos\worktrees\pr-481-1763014665\src\ReinforcementLearning\Agents\PPO\PPOAgent.cs(457,33): error CS1503: Argument 1: cannot convert from 'AiDotNet.LinearAlgebra.Tensor<T>' to 'AiDotNet.LinearAlgebra.Vector<T>' [C:\Users\cheat\source\repos\worktrees\pr-481-1763014665\src\AiDotNet.csproj::TargetFramework=net462]
C:\Users\cheat\source\repos\worktrees\pr-481-1763014665\src\ReinforcementLearning\Agents\PPO\PPOAgent.cs(487,36): error CS1503: Argument 1: cannot convert from 'AiDotNet.LinearAlgebra.Vector<T>' to 'AiDotNet.LinearAlgebra.Tensor<T>' [C:\Users\cheat\source\repos\worktrees\pr-481-1763014665\src\AiDotNet.csproj::TargetFramework=net462]
C:\Users\cheat\source\repos\worktrees\pr-481-1763014665\src\ReinforcementLearning\Agents\PPO\PPOAgent.cs(496,42): error CS1503: Argument 1: cannot convert from 'AiDotNet.LinearAlgebra.Vector<T>' to 'AiDotNet.LinearAlgebra.Tensor<T>' [C:\Users\cheat\source\repos\worktrees\pr-481-1763014665\src\AiDotNet.csproj::TargetFramework=net462]
C:\Users\cheat\source\repos\worktrees\pr-481-1763014665\src\ReinforcementLearning\Agents\PPO\PPOAgent.cs(500,36): error CS1061: 'NeuralNetwork<T>' does not contain a definition for 'GetFlattenedGradients' and no accessible extension method 'GetFlattenedGradients' accepting a first argument of type 'NeuralNetwork<T>' could be found (are you missing a using directive or an assembly reference?) [C:\Users\cheat\source\repos\worktrees\pr-481-1763014665\src\AiDotNet.csproj::TargetFramework=net462]
C:\Users\cheat\source\repos\worktrees\pr-481-1763014665\src\ReinforcementLearning\Agents\IQL\IQLAgent.cs(636,30): error CS1061: 'NeuralNetwork<T>' does not contain a definition for 'GetLayers' and no accessible extension method 'GetLayers' accepting a first argument of type 'NeuralNetwork<T>' could be found (are you missing a using directive or an assembly reference?) [C:\Users\cheat\source\repos\worktrees\pr-481-1763014665\src\AiDotNet.csproj::TargetFramework=net462]
C:\Users\cheat\source\repos\worktrees\pr-481-1763014665\src\ReinforcementLearning\Agents\IQL\IQLAgent.cs(642,42): error CS1061: 'DenseLayer<T>' does not contain a definition for 'GetWeights' and no accessible extension method 'GetWeights' accepting a first argument of type 'DenseLayer<T>' could be found (are you missing a using directive or an assembly reference?) [C:\Users\cheat\source\repos\worktrees\pr-481-1763014665\src\AiDotNet.csproj::TargetFramework=net462]
C:\Users\cheat\source\repos\worktrees\pr-481-1763014665\src\ReinforcementLearning\Agents\IQL\IQLAgent.cs(643,41): error CS1061: 'DenseLayer<T>' does not contain a definition for 'GetBiases' and no accessible extension method 'GetBiases' accepting a first argument of type 'DenseLayer<T>' could be found (are you missing a using directive or an assembly reference?) [C:\Users\cheat\source\repos\worktrees\pr-481-1763014665\src\AiDotNet.csproj::TargetFramework=net462]
C:\Users\cheat\source\repos\worktrees\pr-481-1763014665\src\ReinforcementLearning\Agents\QMIX\QMIXAgent.cs(544,51): error CS1503: Argument 1: cannot convert from 'AiDotNet.LinearAlgebra.Matrix<T>' to 'AiDotNet.LinearAlgebra.Vector<T>' [C:\Users\cheat\source\repos\worktrees\pr-481-1763014665\src\AiDotNet.csproj::TargetFramework=net462]
C:\Users\cheat\source\repos\worktrees\pr-481-1763014665\src\ReinforcementLearning\Agents\QMIX\QMIXAgent.cs(544,88): error CS1503: Argument 2: cannot convert from 'AiDotNet.LinearAlgebra.Matrix<T>' to 'AiDotNet.LinearAlgebra.Vector<T>' [C:\Users\cheat\source\repos\worktrees\pr-481-1763014665\src\AiDotNet.csproj::TargetFramework=net462]
C:\Users\cheat\source\repos\worktrees\pr-481-1763014665\src\ReinforcementLearning\Agents\QMIX\QMIXAgent.cs(546,67): error CS1503: Argument 1: cannot convert from 'AiDotNet.LinearAlgebra.Matrix<T>' to 'AiDotNet.LinearAlgebra.Vector<T>' [C:\Users\cheat\source\repos\worktrees\pr-481-1763014665\src\AiDotNet.csproj::TargetFramework=net462]
C:\Users\cheat\source\repos\worktrees\pr-481-1763014665\src\ReinforcementLearning\Agents\QMIX\QMIXAgent.cs(546,104): error CS1503: Argument 2: cannot convert from 'AiDotNet.LinearAlgebra.Matrix<T>' to 'AiDotNet.LinearAlgebra.Vector<T>' [C:\Users\cheat\source\repos\worktrees\pr-481-1763014665\src\AiDotNet.csproj::TargetFramework=net462]
C:\Users\cheat\source\repos\worktrees\pr-481-1763014665\src\ReinforcementLearning\Agents\QMIX\QMIXAgent.cs(547,53): error CS1061: 'Vector<T>' does not contain a definition for 'GetRow' and no accessible extension method 'GetRow' accepting a first argument of type 'Vector<T>' could be found (are you missing a using directive or an assembly reference?) [C:\Users\cheat\source\repos\worktrees\pr-481-1763014665\src\AiDotNet.csproj::TargetFramework=net462]
C:\Users\cheat\source\repos\worktrees\pr-481-1763014665\src\ReinforcementLearning\Agents\QMIX\QMIXAgent.cs(553,27): error CS1061: 'INeuralNetwork<T>' does not contain a definition for 'Backpropagate' and no accessible extension method 'Backpropagate' accepting a first argument of type 'INeuralNetwork<T>' could be found (are you missing a using directive or an assembly reference?) [C:\Users\cheat\source\repos\worktrees\pr-481-1763014665\src\AiDotNet.csproj::TargetFramework=net462]
C:\Users\cheat\source\repos\worktrees\pr-481-1763014665\src\ReinforcementLearning\Agents\QMIX\QMIXAgent.cs(554,44): error CS1503: Argument 1: cannot convert from 'T' to 'AiDotNet.LinearAlgebra.Vector<T>' [C:\Users\cheat\source\repos\worktrees\pr-481-1763014665\src\AiDotNet.csproj::TargetFramework=net462]
C:\Users\cheat\source\repos\worktrees\pr-481-1763014665\src\ReinforcementLearning\Agents\IQL\IQLAgent.cs(665,30): error CS1061: 'NeuralNetwork<T>' does not contain a definition for 'GetLayers' and no accessible extension method 'GetLayers' accepting a first argument of type 'NeuralNetwork<T>' could be found (are you missing a using directive or an assembly reference?) [C:\Users\cheat\source\repos\worktrees\pr-481-1763014665\src\AiDotNet.csproj::TargetFramework=net462]
C:\Users\cheat\source\repos\worktrees\pr-481-1763014665\src\ReinforcementLearning\Agents\IQL\IQLAgent.cs(672,42): error CS1061: 'DenseLayer<T>' does not contain a definition for 'GetWeights' and no accessible extension method 'GetWeights' accepting a first argument of type 'DenseLayer<T>' could be found (are you missing a using directive or an assembly reference?) [C:\Users\cheat\source\repos\worktrees\pr-481-1763014665\src\AiDotNet.csproj::TargetFramework=net462]
C:\Users\cheat\source\repos\worktrees\pr-481-1763014665\src\ReinforcementLearning\Agents\IQL\IQLAgent.cs(673,41): error CS1061: 'DenseLayer<T>' does not contain a definition for 'GetBiases' and no accessible extension method 'GetBiases' accepting a first argument of type 'DenseLayer<T>' could be found (are you missing a using directive or an assembly reference?) [C:\Users\cheat\source\repos\worktrees\pr-481-1763014665\src\AiDotNet.csproj::TargetFramework=net462]
C:\Users\cheat\source\repos\worktrees\pr-481-1763014665\src\ReinforcementLearning\Agents\IQL\IQLAgent.cs(689,28): error CS1061: 'DenseLayer<T>' does not contain a definition for 'SetBiases' and no accessible extension method 'SetBiases' accepting a first argument of type 'DenseLayer<T>' could be found (are you missing a using directive or an assembly reference?) [C:\Users\cheat\source\repos\worktrees\pr-481-1763014665\src\AiDotNet.csproj::TargetFramework=net462]
C:\Users\cheat\source\repos\worktrees\pr-481-1763014665\src\ReinforcementLearning\Agents\PPO\PPOAgent.cs(520,53): error CS1503: Argument 1: cannot convert from 'AiDotNet.LinearAlgebra.Vector<T>' to 'AiDotNet.LinearAlgebra.Tensor<T>' [C:\Users\cheat\source\repos\worktrees\pr-481-1763014665\src\AiDotNet.csproj::TargetFramework=net462]
C:\Users\cheat\source\repos\worktrees\pr-481-1763014665\src\ReinforcementLearning\Agents\PPO\PPOAgent.cs(526,54): error CS1061: 'ILossFunction<T>' does not contain a definition for 'ComputeGradient' and no accessible extension method 'ComputeGradient' accepting a first argument of type 'ILossFunction<T>' could be found (are you missing a using directive or an assembly reference?) [C:\Users\cheat\source\repos\worktrees\pr-481-1763014665\src\AiDotNet.csproj::TargetFramework=net462]
C:\Users\cheat\source\repos\worktrees\pr-481-1763014665\src\ReinforcementLearning\Agents\PPO\PPOAgent.cs(530,35): error CS1061: 'NeuralNetwork<T>' does not contain a definition for 'GetFlattenedGradients' and no accessible extension method 'GetFlattenedGradients' accepting a first argument of type 'NeuralNetwork<T>' could be found (are you missing a using directive or an assembly reference?) [C:\Users\cheat\source\repos\worktrees\pr-481-1763014665\src\AiDotNet.csproj::TargetFramework=net462]
C:\Users\cheat\source\repos\worktrees\pr-481-1763014665\src\ReinforcementLearning\Agents\IQL\IQLAgent.cs(699,30): error CS1061: 'NeuralNetwork<T>' does not contain a definition for 'GetLayers' and no accessible extension method 'GetLayers' accepting a first argument of type 'NeuralNetwork<T>' could be found (are you missing a using directive or an assembly reference?) [C:\Users\cheat\source\repos\worktrees\pr-481-1763014665\src\AiDotNet.csproj::TargetFramework=net462]
C:\Users\cheat\source\repos\worktrees\pr-481-1763014665\src\ReinforcementLearning\Agents\IQL\IQLAgent.cs(706,42): error CS1061: 'DenseLayer<T>' does not contain a definition for 'GetWeights' and no accessible extension method 'GetWeights' accepting a first argument of type 'DenseLayer<T>' could be found (are you missing a using directive or an assembly reference?) [C:\Users\cheat\source\repos\worktrees\pr-481-1763014665\src\AiDotNet.csproj::TargetFramework=net462]
C:\Users\cheat\source\repos\worktrees\pr-481-1763014665\src\ReinforcementLearning\Agents\IQL\IQLAgent.cs(707,41): error CS1061: 'DenseLayer<T>' does not contain a definition for 'GetBiases' and no accessible extension method 'GetBiases' accepting a first argument of type 'DenseLayer<T>' could be found (are you missing a using directive or an assembly reference?) [C:\Users\cheat\source\repos\worktrees\pr-481-1763014665\src\AiDotNet.csproj::TargetFramework=net462]
C:\Users\cheat\source\repos\worktrees\pr-481-1763014665\src\ReinforcementLearning\Agents\IQL\IQLAgent.cs(736,30): error CS1061: 'NeuralNetwork<T>' does not contain a definition for 'GetLayers' and no accessible extension method 'GetLayers' accepting a first argument of type 'NeuralNetwork<T>' could be found (are you missing a using directive or an assembly reference?) [C:\Users\cheat\source\repos\worktrees\pr-481-1763014665\src\AiDotNet.csproj::TargetFramework=net462]
C:\Users\cheat\source\repos\worktrees\pr-481-1763014665\src\ReinforcementLearning\Agents\IQL\IQLAgent.cs(763,28): error CS1061: 'DenseLayer<T>' does not contain a definition for 'SetBiases' and no accessible extension method 'SetBiases' accepting a first argument of type 'DenseLayer<T>' could be found (are you missing a using directive or an assembly reference?) [C:\Users\cheat\source\repos\worktrees\pr-481-1763014665\src\AiDotNet.csproj::TargetFramework=net462]
C:\Users\cheat\source\repos\worktrees\pr-481-1763014665\src\ReinforcementLearning\Environments\CartPoleEnvironment.cs(167,9): error CS0191: A readonly field cannot be assigned to (except in a constructor or init-only setter of the type in which the field is defined or a variable initializer) [C:\Users\cheat\source\repos\worktrees\pr-481-1763014665\src\AiDotNet.csproj::TargetFramework=net8.0]
C:\Users\cheat\source\repos\worktrees\pr-481-1763014665\src\PredictionModelBuilder.cs(690,13): error CS1739: The best overload for 'OptimizationResult' does not have a parameter named 'bestModel' [C:\Users\cheat\source\repos\worktrees\pr-481-1763014665\src\AiDotNet.csproj::TargetFramework=net8.0]
C:\Users\cheat\source\repos\worktrees\pr-481-1763014665\src\PredictionModelBuilder.cs(590,66): error CS1998: This async method lacks 'await' operators and will run synchronously. Consider using the 'await' operator to await non-blocking API calls, or 'await Task.Run(...)' to do CPU-bound work on a background thread. [C:\Users\cheat\source\repos\worktrees\pr-481-1763014665\src\AiDotNet.csproj::TargetFramework=net8.0]
C:\Users\cheat\source\repos\worktrees\pr-481-1763014665\src\ReinforcementLearning\Agents\WorldModels\WorldModelsAgent.cs(57,62): error CS1729: 'DeepReinforcementLearningAgentBase<T>' does not contain a constructor that takes 2 arguments [C:\Users\cheat\source\repos\worktrees\pr-481-1763014665\src\AiDotNet.csproj::TargetFramework=net8.0]
C:\Users\cheat\source\repos\worktrees\pr-481-1763014665\src\ReinforcementLearning\Agents\WorldModels\WorldModelsAgent.cs(57,12): error CS8618: Non-nullable field '_vaeEncoder' must contain a non-null value when exiting constructor. Consider adding the 'required' modifier or declaring the field as nullable. [C:\Users\cheat\source\repos\worktrees\pr-481-1763014665\src\AiDotNet.csproj::TargetFramework=net8.0]
C:\Users\cheat\source\repos\worktrees\pr-481-1763014665\src\ReinforcementLearning\Agents\WorldModels\WorldModelsAgent.cs(57,12): error CS8618: Non-nullable field '_vaeDecoder' must contain a non-null value when exiting constructor. Consider adding the 'required' modifier or declaring the field as nullable. [C:\Users\cheat\source\repos\worktrees\pr-481-1763014665\src\AiDotNet.csproj::TargetFramework=net8.0]
C:\Users\cheat\source\repos\worktrees\pr-481-1763014665\src\ReinforcementLearning\Agents\WorldModels\WorldModelsAgent.cs(57,12): error CS8618: Non-nullable field '_rnnNetwork' must contain a non-null value when exiting constructor. Consider adding the 'required' modifier or declaring the field as nullable. [C:\Users\cheat\source\repos\worktrees\pr-481-1763014665\src\AiDotNet.csproj::TargetFramework=net8.0]
C:\Users\cheat\source\repos\worktrees\pr-481-1763014665\src\ReinforcementLearning\Agents\WorldModels\WorldModelsAgent.cs(57,12): error CS8618: Non-nullable field '_rnnHiddenState' must contain a non-null value when exiting constructor. Consider adding the 'required' modifier or declaring the field as nullable. [C:\Users\cheat\source\repos\worktrees\pr-481-1763014665\src\AiDotNet.csproj::TargetFramework=net8.0]
C:\Users\cheat\source\repos\worktrees\pr-481-1763014665\src\ReinforcementLearning\Agents\WorldModels\WorldModelsAgent.cs(57,12): error CS8618: Non-nullable field '_controllerWeights' must contain a non-null value when exiting constructor. Consider adding the 'required' modifier or declaring the field as nullable. [C:\Users\cheat\source\repos\worktrees\pr-481-1763014665\src\AiDotNet.csproj::TargetFramework=net8.0]
C:\Users\cheat\source\repos\worktrees\pr-481-1763014665\src\ReinforcementLearning\Agents\WorldModels\WorldModelsAgent.cs(57,12): error CS8618: Non-nullable field '_replayBuffer' must contain a non-null value when exiting constructor. Consider adding the 'required' modifier or declaring the field as nullable. [C:\Users\cheat\source\repos\worktrees\pr-481-1763014665\src\AiDotNet.csproj::TargetFramework=net8.0]
C:\Users\cheat\source\repos\worktrees\pr-481-1763014665\src\ReinforcementLearning\Agents\WorldModels\WorldModelsAgent.cs(100,27): error CS7036: There is no argument given that corresponds to the required parameter 'architecture' of 'NeuralNetwork<T>.NeuralNetwork(NeuralNetworkArchitecture<T>, ILossFunction<T>?)' [C:\Users\cheat\source\repos\worktrees\pr-481-1763014665\src\AiDotNet.csproj::TargetFramework=net8.0]
C:\Users\cheat\source\repos\worktrees\pr-481-1763014665\src\ReinforcementLearning\Agents\WorldModels\WorldModelsAgent.cs(106,21): error CS7036: There is no argument given that corresponds to the required parameter 'units' of 'NeuralNetworkBase<T>.AddLayer(LayerType, int, ActivationFunction)' [C:\Users\cheat\source\repos\worktrees\pr-481-1763014665\src\AiDotNet.csproj::TargetFramework=net8.0]
C:\Users\cheat\source\repos\worktrees\pr-481-1763014665\src\ReinforcementLearning\Agents\WorldModels\WorldModelsAgent.cs(107,57): error CS0246: The type or namespace name 'ReLU<>' could not be found (are you missing a using directive or an assembly reference?) [C:\Users\cheat\source\repos\worktrees\pr-481-1763014665\src\AiDotNet.csproj::TargetFramework=net8.0]
C:\Users\cheat\source\repos\worktrees\pr-481-1763014665\src\ReinforcementLearning\Agents\WorldModels\WorldModelsAgent.cs(107,34): error CS1729: 'ActivationLayer<T>' does not contain a constructor that takes 1 arguments [C:\Users\cheat\source\repos\worktrees\pr-481-1763014665\src\AiDotNet.csproj::TargetFramework=net8.0]
C:\Users\cheat\source\repos\worktrees\pr-481-1763014665\src\ReinforcementLearning\Agents\WorldModels\WorldModelsAgent.cs(111,17): error CS7036: There is no argument given that corresponds to the required parameter 'units' of 'NeuralNetworkBase<T>.AddLayer(LayerType, int, ActivationFunction)' [C:\Users\cheat\source\repos\worktrees\pr-481-1763014665\src\AiDotNet.csproj::TargetFramework=net8.0]
C:\Users\cheat\source\repos\worktrees\pr-481-1763014665\src\ReinforcementLearning\Agents\WorldModels\WorldModelsAgent.cs(118,27): error CS7036: There is no argument given that corresponds to the required parameter 'architecture' of 'NeuralNetwork<T>.NeuralNetwork(NeuralNetworkArchitecture<T>, ILossFunction<T>?)' [C:\Users\cheat\source\repos\worktrees\pr-481-1763014665\src\AiDotNet.csproj::TargetFramework=net8.0]
C:\Users\cheat\source\repos\worktrees\pr-481-1763014665\src\ReinforcementLearning\Agents\WorldModels\WorldModelsAgent.cs(127,21): error CS7036: There is no argument given that corresponds to the required parameter 'units' of 'NeuralNetworkBase<T>.AddLayer(LayerType, int, ActivationFunction)' [C:\Users\cheat\source\repos\worktrees\pr-481-1763014665\src\AiDotNet.csproj::TargetFramework=net8.0]
C:\Users\cheat\source\repos\worktrees\pr-481-1763014665\src\ReinforcementLearning\Agents\WorldModels\WorldModelsAgent.cs(128,57): error CS0246: The type or namespace name 'ReLU<>' could not be found (are you missing a using directive or an assembly reference?) [C:\Users\cheat\source\repos\worktrees\pr-481-1763014665\src\AiDotNet.csproj::TargetFramework=net8.0]
C:\Users\cheat\source\repos\worktrees\pr-481-1763014665\src\ReinforcementLearning\Agents\WorldModels\WorldModelsAgent.cs(128,34): error CS1729: 'ActivationLayer<T>' does not contain a constructor that takes 1 arguments [C:\Users\cheat\source\repos\worktrees\pr-481-1763014665\src\AiDotNet.csproj::TargetFramework=net8.0]
C:\Users\cheat\source\repos\worktrees\pr-481-1763014665\src\ReinforcementLearning\Agents\WorldModels\WorldModelsAgent.cs(132,17): error CS7036: There is no argument given that corresponds to the required parameter 'units' of 'NeuralNetworkBase<T>.AddLayer(LayerType, int, ActivationFunction)' [C:\Users\cheat\source\repos\worktrees\pr-481-1763014665\src\AiDotNet.csproj::TargetFramework=net8.0]
C:\Users\cheat\source\repos\worktrees\pr-481-1763014665\src\ReinforcementLearning\Agents\WorldModels\WorldModelsAgent.cs(133,53): error CS0246: The type or namespace name 'Sigmoid<>' could not be found (are you missing a using directive or an assembly reference?) [C:\Users\cheat\source\repos\worktrees\pr-481-1763014665\src\AiDotNet.csproj::TargetFramework=net8.0]
C:\Users\cheat\source\repos\worktrees\pr-481-1763014665\src\ReinforcementLearning\Agents\WorldModels\WorldModelsAgent.cs(133,30): error CS1729: 'ActivationLayer<T>' does not contain a constructor that takes 1 arguments [C:\Users\cheat\source\repos\worktrees\pr-481-1763014665\src\AiDotNet.csproj::TargetFramework=net8.0]
C:\Users\cheat\source\repos\worktrees\pr-481-1763014665\src\ReinforcementLearning\Agents\WorldModels\WorldModelsAgent.cs(141,27): error CS7036: There is no argument given that corresponds to the required parameter 'architecture' of 'NeuralNetwork<T>.NeuralNetwork(NeuralNetworkArchitecture<T>, ILossFunction<T>?)' [C:\Users\cheat\source\repos\worktrees\pr-481-1763014665\src\AiDotNet.csproj::TargetFramework=net8.0]
C:\Users\cheat\source\repos\worktrees\pr-481-1763014665\src\ReinforcementLearning\Agents\WorldModels\WorldModelsAgent.cs(144,17): error CS7036: There is no argument given that corresponds to the required parameter 'units' of 'NeuralNetworkBase<T>.AddLayer(LayerType, int, ActivationFunction)' [C:\Users\cheat\source\repos\worktrees\pr-481-1763014665\src\AiDotNet.csproj::TargetFramework=net8.0]
C:\Users\cheat\source\repos\worktrees\pr-481-1763014665\src\ReinforcementLearning\Agents\WorldModels\WorldModelsAgent.cs(145,53): error CS0246: The type or namespace name 'Tanh<>' could not be found (are you missing a using directive or an assembly reference?) [C:\Users\cheat\source\repos\worktrees\pr-481-1763014665\src\AiDotNet.csproj::TargetFramework=net8.0]
C:\Users\cheat\source\repos\worktrees\pr-481-1763014665\src\ReinforcementLearning\Agents\WorldModels\WorldModelsAgent.cs(145,30): error CS1729: 'ActivationLayer<T>' does not contain a constructor that takes 1 arguments [C:\Users\cheat\source\repos\worktrees\pr-481-1763014665\src\AiDotNet.csproj::TargetFramework=net8.0]
C:\Users\cheat\source\repos\worktrees\pr-481-1763014665\src\ReinforcementLearning\Agents\WorldModels\WorldModelsAgent.cs(146,17): error CS7036: There is no argument given that corresponds to the required parameter 'units' of 'NeuralNetworkBase<T>.AddLayer(LayerType, int, ActivationFunction)' [C:\Users\cheat\source\repos\worktrees\pr-481-1763014665\src\AiDotNet.csproj::TargetFramework=net8.0]
C:\Users\cheat\source\repos\worktrees\pr-481-1763014665\src\ReinforcementLearning\Agents\WorldModels\WorldModelsAgent.cs(159,41): error CS1061: 'NeuralNetwork<T>' does not contain a definition for 'Forward' and no accessible extension method 'Forward' accepting a first argument of type 'NeuralNetwork<T>' could be found (are you missing a using directive or an assembly reference?) [C:\Users\cheat\source\repos\worktrees\pr-481-1763014665\src\AiDotNet.csproj::TargetFramework=net8.0]
C:\Users\cheat\source\repos\worktrees\pr-481-1763014665\src\ReinforcementLearning\Agents\WorldModels\WorldModelsAgent.cs(179,45): error CS1503: Argument 1: cannot convert from 'AiDotNet.LinearAlgebra.Vector<T>' to 'AiDotNet.LinearAlgebra.Tensor<T>' [C:\Users\cheat\source\repos\worktrees\pr-481-1763014665\src\AiDotNet.csproj::TargetFramework=net8.0]
C:\Users\cheat\source\repos\worktrees\pr-481-1763014665\src\ReinforcementLearning\Agents\WorldModels\WorldModelsAgent.cs(193,23): error CS1501: No overload for method 'Add' takes 5 arguments [C:\Users\cheat\source\repos\worktrees\pr-481-1763014665\src\AiDotNet.csproj::TargetFramework=net8.0]
C:\Users\cheat\source\repos\worktrees\pr-481-1763014665\src\ReinforcementLearning\Agents\WorldModels\WorldModelsAgent.cs(236,45): error CS1061: 'NeuralNetwork<T>' does not contain a definition for 'Forward' and no accessible extension method 'Forward' accepting a first argument of type 'NeuralNetwork<T>' could be found (are you missing a using directive or an assembly reference?) [C:\Users\cheat\source\repos\worktrees\pr-481-1763014665\src\AiDotNet.csproj::TargetFramework=net8.0]
C:\Users\cheat\source\repos\worktrees\pr-481-1763014665\src\ReinforcementLearning\Agents\WorldModels\WorldModelsAgent.cs(244,46): error CS1061: 'NeuralNetwork<T>' does not contain a definition for 'Forward' and no accessible extension method 'Forward' accepting a first argument of type 'NeuralNetwork<T>' could be found (are you missing a using directive or an assembly reference?) [C:\Users\cheat\source\repos\worktrees\pr-481-1763014665\src\AiDotNet.csproj::TargetFramework=net8.0]
C:\Users\cheat\source\repos\worktrees\pr-481-1763014665\src\ReinforcementLearning\Agents\WorldModels\WorldModelsAgent.cs(274,39): error CS1503: Argument 1: cannot convert from 'AiDotNet.LinearAlgebra.Vector<T>' to 'AiDotNet.LinearAlgebra.Tensor<T>' [C:\Users\cheat\source\repos\worktrees\pr-481-1763014665\src\AiDotNet.csproj::TargetFramework=net8.0]
C:\Users\cheat\source\repos\worktrees\pr-481-1763014665\src\ReinforcementLearning\Agents\WorldModels\WorldModelsAgent.cs(275,42): error CS1503: Argument 1: cannot convert from 'T' to 'AiDotNet.LinearAlgebra.Vector<T>' [C:\Users\cheat\source\repos\worktrees\pr-481-1763014665\src\AiDotNet.csproj::TargetFramework=net8.0]
C:\Users\cheat\source\repos\worktrees\pr-481-1763014665\src\ReinforcementLearning\Agents\WorldModels\WorldModelsAgent.cs(277,42): error CS1503: Argument 1: cannot convert from 'T' to 'AiDotNet.LinearAlgebra.Vector<T>' [C:\Users\cheat\source\repos\worktrees\pr-481-1763014665\src\AiDotNet.csproj::TargetFramework=net8.0]
C:\Users\cheat\source\repos\worktrees\pr-481-1763014665\src\ReinforcementLearning\Agents\WorldModels\WorldModelsAgent.cs(291,57): error CS1061: 'NeuralNetwork<T>' does not contain a definition for 'Forward' and no accessible extension method 'Forward' accepting a first argument of type 'NeuralNetwork<T>' could be found (are you missing a using directive or an assembly reference?) [C:\Users\cheat\source\repos\worktrees\pr-481-1763014665\src\AiDotNet.csproj::TargetFramework=net8.0]
C:\Users\cheat\source\repos\worktrees\pr-481-1763014665\src\ReinforcementLearning\Agents\WorldModels\WorldModelsAgent.cs(292,54): error CS1061: 'NeuralNetwork<T>' does not contain a definition for 'Forward' and no accessible extension method 'Forward' accepting a first argument of type 'NeuralNetwork<T>' could be found (are you missing a using directive or an assembly reference?) [C:\Users\cheat\source\repos\worktrees\pr-481-1763014665\src\AiDotNet.csproj::TargetFramework=net8.0]
C:\Users\cheat\source\repos\worktrees\pr-481-1763014665\src\ReinforcementLearning\Agents\WorldModels\WorldModelsAgent.cs(296,49): error CS1503: Argument 1: cannot convert from 'AiDotNet.LinearAlgebra.Vector<T>' to 'AiDotNet.LinearAlgebra.Tensor<T>' [C:\Users\cheat\source\repos\worktrees\pr-481-1763014665\src\AiDotNet.csproj::TargetFramework=net8.0]
C:\Users\cheat\source\repos\worktrees\pr-481-1763014665\src\ReinforcementLearning\Agents\WorldModels\WorldModelsAgent.cs(322,39): error CS1503: Argument 1: cannot convert from 'AiDotNet.LinearAlgebra.Vector<T>' to 'AiDotNet.LinearAlgebra.Tensor<T>' [C:\Users\cheat\source\repos\worktrees\pr-481-1763014665\src\AiDotNet.csproj::TargetFramework=net8.0]
C:\Users\cheat\source\repos\worktrees\pr-481-1763014665\src\ReinforcementLearning\Agents\WorldModels\WorldModelsAgent.cs(323,42): error CS1503: Argument 1: cannot convert from 'T' to 'AiDotNet.LinearAlgebra.Vector<T>' [C:\Users\cheat\source\repos\worktrees\pr-481-1763014665\src\AiDotNet.csproj::TargetFramework=net8.0]
C:\Users\cheat\source\repos\worktrees\pr-481-1763014665\src\ReinforcementLearning\Agents\WorldModels\WorldModelsAgent.cs(436,25): error CS0029: Cannot implicitly convert type 'string' to 'AiDotNet.Enums.ModelType' [C:\Users\cheat\source\repos\worktrees\pr-481-1763014665\src\AiDotNet.csproj::TargetFramework=net8.0]
C:\Users\cheat\source\repos\worktrees\pr-481-1763014665\src\ReinforcementLearning\Agents\WorldModels\WorldModelsAgent.cs(505,41): error CS1061: 'ILossFunction<T>' does not contain a definition for 'ComputeGradient' and no accessible extension method 'ComputeGradient' accepting a first argument of type 'ILossFunction<T>' could be found (are you missing a using directive or an assembly reference?) [C:\Users\cheat\source\repos\worktrees\pr-481-1763014665\src\AiDotNet.csproj::TargetFramework=net8.0]
C:\Users\cheat\source\repos\worktrees\pr-481-1763014665\src\ReinforcementLearning\Agents\WorldModels\WorldModelsAgent.cs(513,25): error CS1061: 'INeuralNetwork<T>' does not contain a definition for 'Backpropagate' and no accessible extension method 'Backpropagate' accepting a first argument of type 'INeuralNetwork<T>' could be found (are you missing a using directive or an assembly reference?) [C:\Users\cheat\source\repos\worktrees\pr-481-1763014665\src\AiDotNet.csproj::TargetFramework=net8.0]
C:\Users\cheat\source\repos\worktrees\pr-481-1763014665\src\ReinforcementLearning\Agents\WorldModels\WorldModelsAgent.cs(514,42): error CS1503: Argument 1: cannot convert from 'T' to 'AiDotNet.LinearAlgebra.Vector<T>' [C:\Users\cheat\source\repos\worktrees\pr-481-1763014665\src\AiDotNet.csproj::TargetFramework=net8.0]
C:\Users\cheat\source\repos\worktrees\pr-481-1763014665\src\Models\Options\TRPOOptions.cs(52,68): error CS0246: The type or namespace name 'MeanSquaredError<>' could not be found (are you missing a using directive or an assembly reference?) [C:\Users\cheat\source\repos\worktrees\pr-481-1763014665\src\AiDotNet.csproj::TargetFramework=net8.0]
C:\Users\cheat\source\repos\worktrees\pr-481-1763014665\src\Models\Options\TBATSModelOptions.cs(206,50): error CS0029: Cannot implicitly convert type 'System.Collections.Generic.List<int>' to 'int[]' [C:\Users\cheat\source\repos\worktrees\pr-481-1763014665\src\AiDotNet.csproj::TargetFramework=net8.0]
C:\Users\cheat\source\repos\worktrees\pr-481-1763014665\src\Models\NeuralNetworkModel.cs(669,44): error CS1061: 'NeuralNetworkArchitecture<T>' does not contain a definition for 'NeuralNetworkTaskType' and no accessible extension method 'NeuralNetworkTaskType' accepting a first argument of type 'NeuralNetworkArchitecture<T>' could be found (are you missing a using directive or an assembly reference?) [C:\Users\cheat\source\repos\worktrees\pr-481-1763014665\src\AiDotNet.csproj::TargetFramework=net8.0]
C:\Users\cheat\source\repos\worktrees\pr-481-1763014665\src\Models\Options\STLDecompositionOptions.cs(688,45): error CS0029: Cannot implicitly convert type 'System.Collections.Generic.List<int>' to 'System.DateTime[]' [C:\Users\cheat\source\repos\worktrees\pr-481-1763014665\src\AiDotNet.csproj::TargetFramework=net8.0]
C:\Users\cheat\source\repos\worktrees\pr-481-1763014665\src\Models\Options\STLDecompositionOptions.cs(985,61): error CS0029: Cannot implicitly convert type 'System.Collections.Generic.List<int>' to 'System.Collections.Generic.Dictionary<System.DateTime, T>' [C:\Users\cheat\source\repos\worktrees\pr-481-1763014665\src\AiDotNet.csproj::TargetFramework=net8.0]
C:\Users\cheat\source\repos\worktrees\pr-481-1763014665\src\Models\Options\SACOptions.cs(139,63): error CS0246: The type or namespace name 'MeanSquaredError<>' could not be found (are you missing a using directive or an assembly reference?) [C:\Users\cheat\source\repos\worktrees\pr-481-1763014665\src\AiDotNet.csproj::TargetFramework=net8.0]
C:\Users\cheat\source\repos\worktrees\pr-481-1763014665\src\ReinforcementLearning\Agents\TRPO\TRPOAgent.cs(51,12): error CS8618: Non-nullable field '_policyNetwork' must contain a non-null value when exiting constructor. Consider adding the 'required' modifier or declaring the field as nullable. [C:\Users\cheat\source\repos\worktrees\pr-481-1763014665\src\AiDotNet.csproj::TargetFramework=net8.0]
C:\Users\cheat\source\repos\worktrees\pr-481-1763014665\src\ReinforcementLearning\Agents\TRPO\TRPOAgent.cs(51,12): error CS8618: Non-nullable field '_oldPolicyNetwork' must contain a non-null value when exiting constructor. Consider adding the 'required' modifier or declaring the field as nullable. [C:\Users\cheat\source\repos\worktrees\pr-481-1763014665\src\AiDotNet.csproj::TargetFramework=net8.0]
C:\Users\cheat\source\repos\worktrees\pr-481-1763014665\src\ReinforcementLearning\Agents\TRPO\TRPOAgent.cs(51,12): error CS8618: Non-nullable field '_valueNetwork' must contain a non-null value when exiting constructor. Consider adding the 'required' modifier or declaring the field as nullable. [C:\Users\cheat\source\repos\worktrees\pr-481-1763014665\src\AiDotNet.csproj::TargetFramework=net8.0]
C:\Users\cheat\source\repos\worktrees\pr-481-1763014665\src\ReinforcementLearning\Agents\TRPO\TRPOAgent.cs(86,32): error CS1729: 'NeuralNetworkArchitecture<T>' does not contain a constructor that takes 0 arguments [C:\Users\cheat\source\repos\worktrees\pr-481-1763014665\src\AiDotNet.csproj::TargetFramework=net8.0]
C:\Users\cheat\source\repos\worktrees\pr-481-1763014665\src\ReinforcementLearning\Agents\TRPO\TRPOAgent.cs(88,13): error CS0200: Property or indexer 'NeuralNetworkArchitecture<T>.TaskType' cannot be assigned to -- it is read only [C:\Users\cheat\source\repos\worktrees\pr-481-1763014665\src\AiDotNet.csproj::TargetFramework=net8.0]
C:\Users\cheat\source\repos\worktrees\pr-481-1763014665\src\ReinforcementLearning\Agents\TRPO\TRPOAgent.cs(106,32): error CS1061: 'DenseLayer<T>' does not contain a definition for 'GetWeights' and no accessible extension method 'GetWeights' accepting a first argument of type 'DenseLayer<T>' could be found (are you missing a using directive or an assembly reference?) [C:\Users\cheat\source\repos\worktrees\pr-481-1763014665\src\AiDotNet.csproj::TargetFramework=net8.0]
C:\Users\cheat\source\repos\worktrees\pr-481-1763014665\src\ReinforcementLearning\Agents\TRPO\TRPOAgent.cs(113,9): error CS0200: Property or indexer 'NeuralNetworkArchitecture<T>.Layers' cannot be assigned to -- it is read only [C:\Users\cheat\source\repos\worktrees\pr-481-1763014665\src\AiDotNet.csproj::TargetFramework=net8.0]
C:\Users\cheat\source\repos\worktrees\pr-481-1763014665\src\ReinforcementLearning\Agents\TRPO\TRPOAgent.cs(119,32): error CS1729: 'NeuralNetworkArchitecture<T>' does not contain a constructor that takes 0 arguments [C:\Users\cheat\source\repos\worktrees\pr-481-1763014665\src\AiDotNet.csproj::TargetFramework=net8.0]
C:\Users\cheat\source\repos\worktrees\pr-481-1763014665\src\ReinforcementLearning\Agents\TRPO\TRPOAgent.cs(121,13): error CS0200: Property or indexer 'NeuralNetworkArchitecture<T>.TaskType' cannot be assigned to -- it is read only [C:\Users\cheat\source\repos\worktrees\pr-481-1763014665\src\AiDotNet.csproj::TargetFramework=net8.0]
C:\Users\cheat\source\repos\worktrees\pr-481-1763014665\src\ReinforcementLearning\Agents\TRPO\TRPOAgent.cs(131,9): error CS0200: Property or indexer 'NeuralNetworkArchitecture<T>.Layers' cannot be assigned to -- it is read only [C:\Users\cheat\source\repos\worktrees\pr-481-1763014665\src\AiDotNet.csproj::TargetFramework=net8.0]
C:\Users\cheat\source\repos\worktrees\pr-481-1763014665\src\Models\Options\ProphetOptions.cs(161,52): error CS0029: Cannot implicitly convert type 'System.Collections.Generic.List<int>' to 'System.Collections.Generic.List<System.DateTime>' [C:\Users\cheat\source\repos\worktrees\pr-481-1763014665\src\AiDotNet.csproj::TargetFramework=net8.0]
C:\Users\cheat\source\repos\worktrees\pr-481-1763014665\src\Models\Options\ProphetOptions.cs(653,49): error CS0029: Cannot implicitly convert type 'System.Collections.Generic.List<int>' to 'System.Collections.Generic.List<T>' [C:\Users\cheat\source\repos\worktrees\pr-481-1763014665\src\AiDotNet.csproj::TargetFramework=net8.0]
C:\Users\cheat\source\repos\worktrees\pr-481-1763014665\src\Models\Options\PPOOptions.cs(142,67): error CS0246: The type or namespace name 'MeanSquaredError<>' could not be found (are you missing a using directive or an assembly reference?) [C:\Users\cheat\source\repos\worktrees\pr-481-1763014665\src\AiDotNet.csproj::TargetFramework=net8.0]
C:\Users\cheat\source\repos\worktrees\pr-481-1763014665\src\ReinforcementLearning\Agents\TRPO\TRPOAgent.cs(137,51): error CS1503: Argument 1: cannot convert from 'AiDotNet.LinearAlgebra.Vector<T>' to 'AiDotNet.LinearAlgebra.Tensor<T>' [C:\Users\cheat\source\repos\worktrees\pr-481-1763014665\src\AiDotNet.csproj::TargetFramework=net8.0]
C:\Users\cheat\source\repos\worktrees\pr-481-1763014665\src\ReinforcementLearning\Agents\TRPO\TRPOAgent.cs(171,41): error CS1503: Argument 1: cannot convert from 'AiDotNet.LinearAlgebra.Tensor<T>' to 'AiDotNet.LinearAlgebra.Vector<T>' [C:\Users\cheat\source\repos\worktrees\pr-481-1763014665\src\AiDotNet.csproj::TargetFramework=net8.0]
C:\Users\cheat\source\repos\worktrees\pr-481-1763014665\src\ReinforcementLearning\Agents\TRPO\TRPOAgent.cs(242,18): error CS8132: Cannot deconstruct a tuple of '5' elements into '4' variables. [C:\Users\cheat\source\repos\worktrees\pr-481-1763014665\src\AiDotNet.csproj::TargetFramework=net8.0]
C:\Users\cheat\source\repos\worktrees\pr-481-1763014665\src\ReinforcementLearning\Agents\TRPO\TRPOAgent.cs(247,46): error CS1503: Argument 1: cannot convert from 'AiDotNet.LinearAlgebra.Vector<T>' to 'AiDotNet.LinearAlgebra.Tensor<T>' [C:\Users\cheat\source\repos\worktrees\pr-481-1763014665\src\AiDotNet.csproj::TargetFramework=net8.0]
C:\Users\cheat\source\repos\worktrees\pr-481-1763014665\src\ReinforcementLearning\Agents\TRPO\TRPOAgent.cs(309,60): error CS1503: Argument 1: cannot convert from 'AiDotNet.LinearAlgebra.Vector<T>' to 'AiDotNet.LinearAlgebra.Tensor<T>' [C:\Users\cheat\source\repos\worktrees\pr-481-1763014665\src\AiDotNet.csproj::TargetFramework=net8.0]
C:\Users\cheat\source\repos\worktrees\pr-481-1763014665\src\ReinforcementLearning\Agents\TRPO\TRPOAgent.cs(315,31): error CS1061: 'INeuralNetwork<T>' does not contain a definition for 'Backpropagate' and no accessible extension method 'Backpropagate' accepting a first argument of type 'INeuralNetwork<T>' could be found (are you missing a using directive or an assembly reference?) [C:\Users\cheat\source\repos\worktrees\pr-481-1763014665\src\AiDotNet.csproj::TargetFramework=net8.0]
C:\Users\cheat\source\repos\worktrees\pr-481-1763014665\src\ReinforcementLearning\Agents\TRPO\TRPOAgent.cs(316,48): error CS1503: Argument 1: cannot convert from 'T' to 'AiDotNet.LinearAlgebra.Vector<T>' [C:\Users\cheat\source\repos\worktrees\pr-481-1763014665\src\AiDotNet.csproj::TargetFramework=net8.0]
C:\Users\cheat\source\repos\worktrees\pr-481-1763014665\src\ReinforcementLearning\Agents\TRPO\TRPOAgent.cs(334,55): error CS1503: Argument 1: cannot convert from 'AiDotNet.LinearAlgebra.Vector<T>' to 'AiDotNet.LinearAlgebra.Tensor<T>' [C:\Users\cheat\source\repos\worktrees\pr-481-1763014665\src\AiDotNet.csproj::TargetFramework=net8.0]
C:\Users\cheat\source\repos\worktrees\pr-481-1763014665\src\ReinforcementLearning\Agents\TRPO\TRPOAgent.cs(335,61): error CS1503: Argument 1: cannot convert from 'AiDotNet.LinearAlgebra.Vector<T>' to 'AiDotNet.LinearAlgebra.Tensor<T>' [C:\Users\cheat\source\repos\worktrees\pr-481-1763014665\src\AiDotNet.csproj::TargetFramework=net8.0]
C:\Users\cheat\source\repos\worktrees\pr-481-1763014665\src\ReinforcementLearning\Agents\TRPO\TRPOAgent.cs(338,32): error CS1503: Argument 1: cannot convert from 'AiDotNet.LinearAlgebra.Tensor<T>' to 'AiDotNet.LinearAlgebra.Vector<T>' [C:\Users\cheat\source\repos\worktrees\pr-481-1763014665\src\AiDotNet.csproj::TargetFramework=net8.0]
C:\Users\cheat\source\repos\worktrees\pr-481-1763014665\src\ReinforcementLearning\Agents\TRPO\TRPOAgent.cs(338,46): error CS1503: Argument 2: cannot convert from 'AiDotNet.LinearAlgebra.Tensor<T>' to 'AiDotNet.LinearAlgebra.Vector<T>' [C:\Users\cheat\source\repos\worktrees\pr-481-1763014665\src\AiDotNet.csproj::TargetFramework=net8.0]
C:\Users\cheat\source\repos\worktrees\pr-481-1763014665\src\ReinforcementLearning\Agents\TRPO\TRPOAgent.cs(345,62): error CS1503: Argument 1: cannot convert from 'AiDotNet.LinearAlgebra.Tensor<T>' to 'AiDotNet.LinearAlgebra.Vector<T>' [C:\Users\cheat\source\repos\worktrees\pr-481-1763014665\src\AiDotNet.csproj::TargetFramework=net8.0]
C:\Users\cheat\source\repos\worktrees\pr-481-1763014665\src\ReinforcementLearning\Agents\TRPO\TRPOAgent.cs(345,76): error CS1503: Argument 2: cannot convert from 'AiDotNet.LinearAlgebra.Tensor<T>' to 'AiDotNet.LinearAlgebra.Vector<T>' [C:\Users\cheat\source\repos\worktrees\pr-481-1763014665\src\AiDotNet.csproj::TargetFramework=net8.0]
C:\Users\cheat\source\repos\worktrees\pr-481-1763014665\src\ReinforcementLearning\Agents\TRPO\TRPOAgent.cs(348,64): error CS1503: Argument 1: cannot convert from 'AiDotNet.LinearAlgebra.Tensor<T>' to 'AiDotNet.LinearAlgebra.Vector<T>' [C:\Users\cheat\source\repos\worktrees\pr-481-1763014665\src\AiDotNet.csproj::TargetFramework=net8.0]
C:\Users\cheat\source\repos\worktrees\pr-481-1763014665\src\ReinforcementLearning\Agents\TRPO\TRPOAgent.cs(349,32): error CS1061: 'INeuralNetwork<T>' does not contain a definition for 'Backpropagate' and no accessible extension method 'Backpropagate' accepting a first argument of type 'INeuralNetwork<T>' could be found (are you missing a using directive or an assembly reference?) [C:\Users\cheat\source\repos\worktrees\pr-481-1763014665\src\AiDotNet.csproj::TargetFramework=net8.0]
C:\Users\cheat\source\repos\worktrees\pr-481-1763014665\src\Models\Options\A2COptions.cs(36,67): error CS0246: The type or namespace name 'MeanSquaredError<>' could not be found (are you missing a using directive or an assembly reference?) [C:\Users\cheat\source\repos\worktrees\pr-481-1763014665\src\AiDotNet.csproj::TargetFramework=net8.0]
C:\Users\cheat\source\repos\worktrees\pr-481-1763014665\src\ReinforcementLearning\Agents\TRPO\TRPOAgent.cs(575,25): error CS0029: Cannot implicitly convert type 'string' to 'AiDotNet.Enums.ModelType' [C:\Users\cheat\source\repos\worktrees\pr-481-1763014665\src\AiDotNet.csproj::TargetFramework=net8.0]
C:\Users\cheat\source\repos\worktrees\pr-481-1763014665\src\Models\Options\A3COptions.cs(46,68): error CS0246: The type or namespace name 'MeanSquaredError<>' could not be found (are you missing a using directive or an assembly reference?) [C:\Users\cheat\source\repos\worktrees\pr-481-1763014665\src\AiDotNet.csproj::TargetFramework=net8.0]
C:\Users\cheat\source\repos\worktrees\pr-481-1763014665\src\ReinforcementLearning\Agents\TRPO\TRPOAgent.cs(674,51): error CS1503: Argument 1: cannot convert from 'AiDotNet.LinearAlgebra.Matrix<T>' to 'AiDotNet.LinearAlgebra.Vector<T>' [C:\Users\cheat\source\repos\worktrees\pr-481-1763014665\src\AiDotNet.csproj::TargetFramework=net8.0]
C:\Users\cheat\source\repos\worktrees\pr-481-1763014665\src\ReinforcementLearning\Agents\TRPO\TRPOAgent.cs(674,88): error CS1503: Argument 2: cannot convert from 'AiDotNet.LinearAlgebra.Matrix<T>' to 'AiDotNet.LinearAlgebra.Vector<T>' [C:\Users\cheat\source\repos\worktrees\pr-481-1763014665\src\AiDotNet.csproj::TargetFramework=net8.0]
C:\Users\cheat\source\repos\worktrees\pr-481-1763014665\src\ReinforcementLearning\Agents\TRPO\TRPOAgent.cs(676,67): error CS1503: Argument 1: cannot convert from 'AiDotNet.LinearAlgebra.Matrix<T>' to 'AiDotNet.LinearAlgebra.Vector<T>' [C:\Users\cheat\source\repos\worktrees\pr-481-1763014665\src\AiDotNet.csproj::TargetFramework=net8.0]
C:\Users\cheat\source\repos\worktrees\pr-481-1763014665\src\ReinforcementLearning\Agents\TRPO\TRPOAgent.cs(676,104): error CS1503: Argument 2: cannot convert from 'AiDotNet.LinearAlgebra.Matrix<T>' to 'AiDotNet.LinearAlgebra.Vector<T>' [C:\Users\cheat\source\repos\worktrees\pr-481-1763014665\src\AiDotNet.csproj::TargetFramework=net8.0]
C:\Users\cheat\source\repos\worktrees\pr-481-1763014665\src\ReinforcementLearning\Agents\TRPO\TRPOAgent.cs(677,53): error CS1061: 'Vector<T>' does not contain a definition for 'GetRow' and no accessible extension method 'GetRow' accepting a first argument of type 'Vector<T>' could be found (are you missing a using directive or an assembly reference?) [C:\Users\cheat\source\repos\worktrees\pr-481-1763014665\src\AiDotNet.csproj::TargetFramework=net8.0]
C:\Users\cheat\source\repos\worktrees\pr-481-1763014665\src\ReinforcementLearning\Agents\TRPO\TRPOAgent.cs(683,24): error CS1061: 'INeuralNetwork<T>' does not contain a definition for 'Backpropagate' and no accessible extension method 'Backpropagate' accepting a first argument of type 'INeuralNetwork<T>' could be found (are you missing a using directive or an assembly reference?) [C:\Users\cheat\source\repos\worktrees\pr-481-1763014665\src\AiDotNet.csproj::TargetFramework=net8.0]
C:\Users\cheat\source\repos\worktrees\pr-481-1763014665\src\ReinforcementLearning\Agents\TRPO\TRPOAgent.cs(684,41): error CS1503: Argument 1: cannot convert from 'T' to 'AiDotNet.LinearAlgebra.Vector<T>' [C:\Users\cheat\source\repos\worktrees\pr-481-1763014665\src\AiDotNet.csproj::TargetFramework=net8.0]
C:\Users\cheat\source\repos\worktrees\pr-481-1763014665\src\ReinforcementLearning\Agents\A2C\A2CAgent.cs(53,32): error CS0246: The type or namespace name 'MeanSquaredError<>' could not be found (are you missing a using directive or an assembly reference?) [C:\Users\cheat\source\repos\worktrees\pr-481-1763014665\src\AiDotNet.csproj::TargetFramework=net8.0]
C:\Users\cheat\source\repos\worktrees\pr-481-1763014665\src\ReinforcementLearning\Agents\A2C\A2CAgent.cs(79,88): error CS0246: The type or namespace name 'LinearActivation<>' could not be found (are you missing a using directive or an assembly reference?) [C:\Users\cheat\source\repos\worktrees\pr-481-1763014665\src\AiDotNet.csproj::TargetFramework=net8.0]
C:\Users\cheat\source\repos\worktrees\pr-481-1763014665\src\ReinforcementLearning\Agents\A2C\A2CAgent.cs(81,41): error CS1729: 'NeuralNetworkArchitecture<T>' does not contain a constructor that takes 0 arguments [C:\Users\cheat\source\repos\worktrees\pr-481-1763014665\src\AiDotNet.csproj::TargetFramework=net8.0]
C:\Users\cheat\source\repos\worktrees\pr-481-1763014665\src\ReinforcementLearning\Agents\A2C\A2CAgent.cs(83,13): error CS0200: Property or indexer 'NeuralNetworkArchitecture<T>.Layers' cannot be assigned to -- it is read only [C:\Users\cheat\source\repos\worktrees\pr-481-1763014665\src\AiDotNet.csproj::TargetFramework=net8.0]
C:\Users\cheat\source\repos\worktrees\pr-481-1763014665\src\ReinforcementLearning\Agents\A2C\A2CAgent.cs(84,13): error CS0200: Property or indexer 'NeuralNetworkArchitecture<T>.TaskType' cannot be assigned to -- it is read only [C:\Users\cheat\source\repos\worktrees\pr-481-1763014665\src\AiDotNet.csproj::TargetFramework=net8.0]
C:\Users\cheat\source\repos\worktrees\pr-481-1763014665\src\ReinforcementLearning\Agents\A2C\A2CAgent.cs(99,79): error CS0246: The type or namespace name 'LinearActivation<>' could not be found (are you missing a using directive or an assembly reference?) [C:\Users\cheat\source\repos\worktrees\pr-481-1763014665\src\AiDotNet.csproj::TargetFramework=net8.0]
C:\Users\cheat\source\repos\worktrees\pr-481-1763014665\src\ReinforcementLearning\Agents\A2C\A2CAgent.cs(101,41): error CS1729: 'NeuralNetworkArchitecture<T>' does not contain a constructor that takes 0 arguments [C:\Users\cheat\source\repos\worktrees\pr-481-1763014665\src\AiDotNet.csproj::TargetFramework=net8.0]
C:\Users\cheat\source\repos\worktrees\pr-481-1763014665\src\ReinforcementLearning\Agents\A2C\A2CAgent.cs(103,13): error CS0200: Property or indexer 'NeuralNetworkArchitecture<T>.Layers' cannot be assigned to -- it is read only [C:\Users\cheat\source\repos\worktrees\pr-481-1763014665\src\AiDotNet.csproj::TargetFramework=net8.0]
C:\Users\cheat\source\repos\worktrees\pr-481-1763014665\src\ReinforcementLearning\Agents\A2C\A2CAgent.cs(104,13): error CS0200: Property or indexer 'NeuralNetworkArchitecture<T>.TaskType' cannot be assigned to -- it is read only [C:\Users\cheat\source\repos\worktrees\pr-481-1763014665\src\AiDotNet.csproj::TargetFramework=net8.0]
C:\Users\cheat\source\repos\worktrees\pr-481-1763014665\src\ReinforcementLearning\Agents\TD3\TD3Agent.cs(57,46): error CS1729: 'DeepReinforcementLearningAgentBase<T>' does not contain a constructor that takes 2 arguments [C:\Users\cheat\source\repos\worktrees\pr-481-1763014665\src\AiDotNet.csproj::TargetFramework=net8.0]
C:\Users\cheat\source\repos\worktrees\pr-481-1763014665\src\ReinforcementLearning\Agents\TD3\TD3Agent.cs(57,12): error CS8618: Non-nullable field '_actorNetwork' must contain a non-null value when exiting constructor. Consider adding the 'required' modifier or declaring the field as nullable. [C:\Users\cheat\source\repos\worktrees\pr-481-1763014665\src\AiDotNet.csproj::TargetFramework=net8.0]
C:\Users\cheat\source\repos\worktrees\pr-481-1763014665\src\ReinforcementLearning\Agents\TD3\TD3Agent.cs(57,12): error CS8618: Non-nullable field '_targetActorNetwork' must contain a non-null value when exiting constructor. Consider adding the 'required' modifier or declaring the field as nullable. [C:\Users\cheat\source\repos\worktrees\pr-481-1763014665\src\AiDotNet.csproj::TargetFramework=net8.0]
C:\Users\cheat\source\repos\worktrees\pr-481-1763014665\src\ReinforcementLearning\Agents\TD3\TD3Agent.cs(57,12): error CS8618: Non-nullable field '_critic1Network' must contain a non-null value when exiting constructor. Consider adding the 'required' modifier or declaring the field as nullable. [C:\Users\cheat\source\repos\worktrees\pr-481-1763014665\src\AiDotNet.csproj::TargetFramework=net8.0]
C:\Users\cheat\source\repos\worktrees\pr-481-1763014665\src\ReinforcementLearning\Agents\TD3\TD3Agent.cs(57,12): error CS8618: Non-nullable field '_critic2Network' must contain a non-null value when exiting constructor. Consider adding the 'required' modifier or declaring the field as nullable. [C:\Users\cheat\source\repos\worktrees\pr-481-1763014665\src\AiDotNet.csproj::TargetFramework=net8.0]
C:\Users\cheat\source\repos\worktrees\pr-481-1763014665\src\ReinforcementLearning\Agents\TD3\TD3Agent.cs(57,12): error CS8618: Non-nullable field '_targetCritic1Network' must contain a non-null value when exiting constructor. Consider adding the 'required' modifier or declaring the field as nullable. [C:\Users\cheat\source\repos\worktrees\pr-481-1763014665\src\AiDotNet.csproj::TargetFramework=net8.0]
C:\Users\cheat\source\repos\worktrees\pr-481-1763014665\src\ReinforcementLearning\Agents\TD3\TD3Agent.cs(57,12): error CS8618: Non-nullable field '_targetCritic2Network' must contain a non-null value when exiting constructor. Consider adding the 'required' modifier or declaring the field as nullable. [C:\Users\cheat\source\repos\worktrees\pr-481-1763014665\src\AiDotNet.csproj::TargetFramework=net8.0]
C:\Users\cheat\source\repos\worktrees\pr-481-1763014665\src\ReinforcementLearning\Agents\TD3\TD3Agent.cs(57,12): error CS8618: Non-nullable field '_replayBuffer' must contain a non-null value when exiting constructor. Consider adding the 'required' modifier or declaring the field as nullable. [C:\Users\cheat\source\repos\worktrees\pr-481-1763014665\src\AiDotNet.csproj::TargetFramework=net8.0]
C:\Users\cheat\source\repos\worktrees\pr-481-1763014665\src\ReinforcementLearning\Agents\A2C\A2CAgent.cs(111,51): error CS1503: Argument 1: cannot convert from 'AiDotNet.LinearAlgebra.Vector<T>' to 'AiDotNet.LinearAlgebra.Tensor<T>' [C:\Users\cheat\source\repos\worktrees\pr-481-1763014665\src\AiDotNet.csproj::TargetFramework=net8.0]
C:\Users\cheat\source\repos\worktrees\pr-481-1763014665\src\ReinforcementLearning\Agents\A2C\A2CAgent.cs(115,43): error CS1503: Argument 1: cannot convert from 'AiDotNet.LinearAlgebra.Tensor<T>' to 'AiDotNet.LinearAlgebra.Vector<T>' [C:\Users\cheat\source\repos\worktrees\pr-481-1763014665\src\AiDotNet.csproj::TargetFramework=net8.0]
C:\Users\cheat\source\repos\worktrees\pr-481-1763014665\src\ReinforcementLearning\Agents\A2C\A2CAgent.cs(119,41): error CS1503: Argument 1: cannot convert from 'AiDotNet.LinearAlgebra.Tensor<T>' to 'AiDotNet.LinearAlgebra.Vector<T>' [C:\Users\cheat\source\repos\worktrees\pr-481-1763014665\src\AiDotNet.csproj::TargetFramework=net8.0]
C:\Users\cheat\source\repos\worktrees\pr-481-1763014665\src\ReinforcementLearning\Agents\A2C\A2CAgent.cs(161,43): error CS1503: Argument 1: cannot convert from 'AiDotNet.LinearAlgebra.Vector<T>' to 'AiDotNet.LinearAlgebra.Tensor<T>' [C:\Users\cheat\source\repos\worktrees\pr-481-1763014665\src\AiDotNet.csproj::TargetFramework=net8.0]
C:\Users\cheat\source\repos\worktrees\pr-481-1763014665\src\ReinforcementLearning\Agents\TD3\TD3Agent.cs(88,27): error CS7036: There is no argument given that corresponds to the required parameter 'architecture' of 'NeuralNetwork<T>.NeuralNetwork(NeuralNetworkArchitecture<T>, ILossFunction<T>?)' [C:\Users\cheat\source\repos\worktrees\pr-481-1763014665\src\AiDotNet.csproj::TargetFramework=net8.0]
C:\Users\cheat\source\repos\worktrees\pr-481-1763014665\src\ReinforcementLearning\Agents\TD3\TD3Agent.cs(93,21): error CS7036: There is no argument given that corresponds to the required parameter 'units' of 'NeuralNetworkBase<T>.AddLayer(LayerType, int, ActivationFunction)' [C:\Users\cheat\source\repos\worktrees\pr-481-1763014665\src\AiDotNet.csproj::TargetFramework=net8.0]
C:\Users\cheat\source\repos\worktrees\pr-481-1763014665\src\ReinforcementLearning\Agents\TD3\TD3Agent.cs(94,57): error CS0246: The type or namespace name 'ReLU<>' could not be found (are you missing a using directive or an assembly reference?) [C:\Users\cheat\source\repos\worktrees\pr-481-1763014665\src\AiDotNet.csproj::TargetFramework=net8.0]
C:\Users\cheat\source\repos\worktrees\pr-481-1763014665\src\ReinforcementLearning\Agents\TD3\TD3Agent.cs(94,34): error CS1729: 'ActivationLayer<T>' does not contain a constructor that takes 1 arguments [C:\Users\cheat\source\repos\worktrees\pr-481-1763014665\src\AiDotNet.csproj::TargetFramework=net8.0]
C:\Users\cheat\source\repos\worktrees\pr-481-1763014665\src\ReinforcementLearning\Agents\TD3\TD3Agent.cs(98,17): error CS7036: There is no argument given that corresponds to the required parameter 'units' of 'NeuralNetworkBase<T>.AddLayer(LayerType, int, ActivationFunction)' [C:\Users\cheat\source\repos\worktrees\pr-481-1763014665\src\AiDotNet.csproj::TargetFramework=net8.0]
C:\Users\cheat\source\repos\worktrees\pr-481-1763014665\src\ReinforcementLearning\Agents\TD3\TD3Agent.cs(99,53): error CS0246: The type or namespace name 'Tanh<>' could not be found (are you missing a using directive or an assembly reference?) [C:\Users\cheat\source\repos\worktrees\pr-481-1763014665\src\AiDotNet.csproj::TargetFramework=net8.0]
C:\Users\cheat\source\repos\worktrees\pr-481-1763014665\src\ReinforcementLearning\Agents\TD3\TD3Agent.cs(99,30): error CS1729: 'ActivationLayer<T>' does not contain a constructor that takes 1 arguments [C:\Users\cheat\source\repos\worktrees\pr-481-1763014665\src\AiDotNet.csproj::TargetFramework=net8.0]
C:\Users\cheat\source\repos\worktrees\pr-481-1763014665\src\ReinforcementLearning\Agents\A2C\A2CAgent.cs(168,51): error CS1503: Argument 1: cannot convert from 'AiDotNet.LinearAlgebra.Vector<T>' to 'AiDotNet.LinearAlgebra.Tensor<T>' [C:\Users\cheat\source\repos\worktrees\pr-481-1763014665\src\AiDotNet.csproj::TargetFramework=net8.0]
C:\Users\cheat\source\repos\worktrees\pr-481-1763014665\src\ReinforcementLearning\Agents\A2C\A2CAgent.cs(193,33): error CS1503: Argument 1: cannot convert from 'AiDotNet.LinearAlgebra.Tensor<T>' to 'AiDotNet.LinearAlgebra.Vector<T>' [C:\Users\cheat\source\repos\worktrees\pr-481-1763014665\src\AiDotNet.csproj::TargetFramework=net8.0]
C:\Users\cheat\source\repos\worktrees\pr-481-1763014665\src\ReinforcementLearning\Agents\A3C\A3CAgent.cs(48,12): error CS8618: Non-nullable field '_globalPolicyNetwork' must contain a non-null value when exiting constructor. Consider adding the 'required' modifier or declaring the field as nullable. [C:\Users\cheat\source\repos\worktrees\pr-481-1763014665\src\AiDotNet.csproj::TargetFramework=net8.0]
C:\Users\cheat\source\repos\worktrees\pr-481-1763014665\src\ReinforcementLearning\Agents\A3C\A3CAgent.cs(48,12): error CS8618: Non-nullable field '_globalValueNetwork' must contain a non-null value when exiting constructor. Consider adding the 'required' modifier or declaring the field as nullable. [C:\Users\cheat\source\repos\worktrees\pr-481-1763014665\src\AiDotNet.csproj::TargetFramework=net8.0]
C:\Users\cheat\source\repos\worktrees\pr-481-1763014665\src\ReinforcementLearning\Agents\A3C\A3CAgent.cs(78,32): error CS1729: 'NeuralNetworkArchitecture<T>' does not contain a constructor that takes 0 arguments [C:\Users\cheat\source\repos\worktrees\pr-481-1763014665\src\AiDotNet.csproj::TargetFramework=net8.0]
C:\Users\cheat\source\repos\worktrees\pr-481-1763014665\src\ReinforcementLearning\Agents\A3C\A3CAgent.cs(80,13): error CS0200: Property or indexer 'NeuralNetworkArchitecture<T>.TaskType' cannot be assigned to -- it is read only [C:\Users\cheat\source\repos\worktrees\pr-481-1763014665\src\AiDotNet.csproj::TargetFramework=net8.0]
C:\Users\cheat\source\repos\worktrees\pr-481-1763014665\src\ReinforcementLearning\Agents\A3C\A3CAgent.cs(98,32): error CS1061: 'DenseLayer<T>' does not contain a definition for 'GetWeights' and no accessible extension method 'GetWeights' accepting a first argument of type 'DenseLayer<T>' could be found (are you missing a using directive or an assembly reference?) [C:\Users\cheat\source\repos\worktrees\pr-481-1763014665\src\AiDotNet.csproj::TargetFramework=net8.0]
C:\Users\cheat\source\repos\worktrees\pr-481-1763014665\src\ReinforcementLearning\Agents\A3C\A3CAgent.cs(105,9): error CS0200: Property or indexer 'NeuralNetworkArchitecture<T>.Layers' cannot be assigned to -- it is read only [C:\Users\cheat\source\repos\worktrees\pr-481-1763014665\src\AiDotNet.csproj::TargetFramework=net8.0]
C:\Users\cheat\source\repos\worktrees\pr-481-1763014665\src\ReinforcementLearning\Agents\A3C\A3CAgent.cs(111,32): error CS1729: 'NeuralNetworkArchitecture<T>' does not contain a constructor that takes 0 arguments [C:\Users\cheat\source\repos\worktrees\pr-481-1763014665\src\AiDotNet.csproj::TargetFramework=net8.0]
C:\Users\cheat\source\repos\worktrees\pr-481-1763014665\src\ReinforcementLearning\Agents\A3C\A3CAgent.cs(113,13): error CS0200: Property or indexer 'NeuralNetworkArchitecture<T>.TaskType' cannot be assigned to -- it is read only [C:\Users\cheat\source\repos\worktrees\pr-481-1763014665\src\AiDotNet.csproj::TargetFramework=net8.0]
C:\Users\cheat\source\repos\worktrees\pr-481-1763014665\src\ReinforcementLearning\Agents\A3C\A3CAgent.cs(123,9): error CS0200: Property or indexer 'NeuralNetworkArchitecture<T>.Layers' cannot be assigned to -- it is read only [C:\Users\cheat\source\repos\worktrees\pr-481-1763014665\src\AiDotNet.csproj::TargetFramework=net8.0]
C:\Users\cheat\source\repos\worktrees\pr-481-1763014665\src\ReinforcementLearning\Agents\A2C\A2CAgent.cs(231,56): error CS1503: Argument 1: cannot convert from 'AiDotNet.LinearAlgebra.Vector<T>' to 'AiDotNet.LinearAlgebra.Tensor<T>' [C:\Users\cheat\source\repos\worktrees\pr-481-1763014665\src\AiDotNet.csproj::TargetFramework=net8.0]
C:\Users\cheat\source\repos\worktrees\pr-481-1763014665\src\ReinforcementLearning\Agents\A2C\A2CAgent.cs(264,55): error CS1503: Argument 1: cannot convert from 'AiDotNet.LinearAlgebra.Vector<T>' to 'AiDotNet.LinearAlgebra.Tensor<T>' [C:\Users\cheat\source\repos\worktrees\pr-481-1763014665\src\AiDotNet.csproj::TargetFramework=net8.0]
C:\Users\cheat\source\repos\worktrees\pr-481-1763014665\src\ReinforcementLearning\Agents\A2C\A2CAgent.cs(265,62): error CS1503: Argument 1: cannot convert from 'AiDotNet.LinearAlgebra.Tensor<T>' to 'AiDotNet.LinearAlgebra.Vector<T>' [C:\Users\cheat\source\repos\worktrees\pr-481-1763014665\src\AiDotNet.csproj::TargetFramework=net8.0]
C:\Users\cheat\source\repos\worktrees\pr-481-1763014665\src\ReinforcementLearning\Agents\A2C\A2CAgent.cs(266,42): error CS1503: Argument 1: cannot convert from 'AiDotNet.LinearAlgebra.Vector<T>' to 'AiDotNet.LinearAlgebra.Tensor<T>' [C:\Users\cheat\source\repos\worktrees\pr-481-1763014665\src\AiDotNet.csproj::TargetFramework=net8.0]
C:\Users\cheat\source\repos\worktrees\pr-481-1763014665\src\ReinforcementLearning\Agents\A2C\A2CAgent.cs(269,56): error CS1503: Argument 1: cannot convert from 'AiDotNet.LinearAlgebra.Vector<T>' to 'AiDotNet.LinearAlgebra.Tensor<T>' [C:\Users\cheat\source\repos\worktrees\pr-481-1763014665\src\AiDotNet.csproj::TargetFramework=net8.0]
C:\Users\cheat\source\repos\worktrees\pr-481-1763014665\src\ReinforcementLearning\Agents\A2C\A2CAgent.cs(275,41): error CS1503: Argument 1: cannot convert from 'AiDotNet.LinearAlgebra.Vector<T>' to 'AiDotNet.LinearAlgebra.Tensor<T>' [C:\Users\cheat\source\repos\worktrees\pr-481-1763014665\src\AiDotNet.csproj::TargetFramework=net8.0]
C:\Users\cheat\source\repos\worktrees\pr-481-1763014665\src\ReinforcementLearning\Agents\TD3\TD3Agent.cs(106,27): error CS7036: There is no argument given that corresponds to the required parameter 'architecture' of 'NeuralNetwork<T>.NeuralNetwork(NeuralNetworkArchitecture<T>, ILossFunction<T>?)' [C:\Users\cheat\source\repos\worktrees\pr-481-1763014665\src\AiDotNet.csproj::TargetFramework=net8.0]
C:\Users\cheat\source\repos\worktrees\pr-481-1763014665\src\ReinforcementLearning\Agents\TD3\TD3Agent.cs(112,21): error CS7036: There is no argument given that corresponds to the required parameter 'units' of 'NeuralNetworkBase<T>.AddLayer(LayerType, int, ActivationFunction)' [C:\Users\cheat\source\repos\worktrees\pr-481-1763014665\src\AiDotNet.csproj::TargetFramework=net8.0]
C:\Users\cheat\source\repos\worktrees\pr-481-1763014665\src\ReinforcementLearning\Agents\TD3\TD3Agent.cs(113,57): error CS0246: The type or namespace name 'ReLU<>' could not be found (are you missing a using directive or an assembly reference?) [C:\Users\cheat\source\repos\worktrees\pr-481-1763014665\src\AiDotNet.csproj::TargetFramework=net8.0]
C:\Users\cheat\source\repos\worktrees\pr-481-1763014665\src\ReinforcementLearning\Agents\TD3\TD3Agent.cs(113,34): error CS1729: 'ActivationLayer<T>' does not contain a constructor that takes 1 arguments [C:\Users\cheat\source\repos\worktrees\pr-481-1763014665\src\AiDotNet.csproj::TargetFramework=net8.0]
C:\Users\cheat\source\repos\worktrees\pr-481-1763014665\src\ReinforcementLearning\Agents\TD3\TD3Agent.cs(117,17): error CS7036: There is no argument given that corresponds to the required parameter 'units' of 'NeuralNetworkBase<T>.AddLayer(LayerType, int, ActivationFunction)' [C:\Users\cheat\source\repos\worktrees\pr-481-1763014665\src\AiDotNet.csproj::TargetFramework=net8.0]
C:\Users\cheat\source\repos\worktrees\pr-481-1763014665\src\ReinforcementLearning\Agents\A3C\A3CAgent.cs(133,57): error CS1503: Argument 1: cannot convert from 'AiDotNet.LinearAlgebra.Vector<T>' to 'AiDotNet.LinearAlgebra.Tensor<T>' [C:\Users\cheat\source\repos\worktrees\pr-481-1763014665\src\AiDotNet.csproj::TargetFramework=net8.0]
C:\Users\cheat\source\repos\worktrees\pr-481-1763014665\src\ReinforcementLearning\Agents\A2C\A2CAgent.cs(336,36): error CS1061: 'NeuralNetwork<T>' does not contain a definition for 'GetFlattenedGradients' and no accessible extension method 'GetFlattenedGradients' accepting a first argument of type 'NeuralNetwork<T>' could be found (are you missing a using directive or an assembly reference?) [C:\Users\cheat\source\repos\worktrees\pr-481-1763014665\src\AiDotNet.csproj::TargetFramework=net8.0]
C:\Users\cheat\source\repos\worktrees\pr-481-1763014665\src\ReinforcementLearning\Agents\TD3\TD3Agent.cs(129,44): error CS1503: Argument 1: cannot convert from 'AiDotNet.LinearAlgebra.Vector<T>' to 'AiDotNet.LinearAlgebra.Tensor<T>' [C:\Users\cheat\source\repos\worktrees\pr-481-1763014665\src\AiDotNet.csproj::TargetFramework=net8.0]
C:\Users\cheat\source\repos\worktrees\pr-481-1763014665\src\ReinforcementLearning\Agents\TD3\TD3Agent.cs(142,16): error CS0029: Cannot implicitly convert type 'AiDotNet.LinearAlgebra.Tensor<T>' to 'AiDotNet.LinearAlgebra.Vector<T>' [C:\Users\cheat\source\repos\worktrees\pr-481-1763014665\src\AiDotNet.csproj::TargetFramework=net8.0]
C:\Users\cheat\source\repos\worktrees\pr-481-1763014665\src\ReinforcementLearning\Agents\A2C\A2CAgent.cs(350,35): error CS1061: 'NeuralNetwork<T>' does not contain a definition for 'GetFlattenedGradients' and no accessible extension method 'GetFlattenedGradients' accepting a first argument of type 'NeuralNetwork<T>' could be found (are you missing a using directive or an assembly reference?) [C:\Users\cheat\source\repos\worktrees\pr-481-1763014665\src\AiDotNet.csproj::TargetFramework=net8.0]
C:\Users\cheat\source\repos\worktrees\pr-481-1763014665\src\ReinforcementLearning\Agents\TD3\TD3Agent.cs(147,23): error CS1501: No overload for method 'Add' takes 5 arguments [C:\Users\cheat\source\repos\worktrees\pr-481-1763014665\src\AiDotNet.csproj::TargetFramework=net8.0]
C:\Users\cheat\source\repos\worktrees\pr-481-1763014665\src\ReinforcementLearning\Agents\TD3\TD3Agent.cs(161,38): error CS1503: Argument 1: cannot convert from 'System.Collections.Generic.List<AiDotNet.ReinforcementLearning.ReplayBuffers.Experience<T>>' to 'System.Collections.Generic.List<(AiDotNet.LinearAlgebra.Vector<T> state, AiDotNet.LinearAlgebra.Vector<T> action, T reward, AiDotNet.LinearAlgebra.Vector<T> nextState, bool done)>' [C:\Users\cheat\source\repos\worktrees\pr-481-1763014665\src\AiDotNet.csproj::TargetFramework=net8.0]
C:\Users\cheat\source\repos\worktrees\pr-481-1763014665\src\ReinforcementLearning\Agents\TD3\TD3Agent.cs(166,25): error CS1503: Argument 1: cannot convert from 'System.Collections.Generic.List<AiDotNet.ReinforcementLearning.ReplayBuffers.Experience<T>>' to 'System.Collections.Generic.List<(AiDotNet.LinearAlgebra.Vector<T> state, AiDotNet.LinearAlgebra.Vector<T> action, T reward, AiDotNet.LinearAlgebra.Vector<T> nextState, bool done)>' [C:\Users\cheat\source\repos\worktrees\pr-481-1763014665\src\AiDotNet.csproj::TargetFramework=net8.0]
C:\Users\cheat\source\repos\worktrees\pr-481-1763014665\src\ReinforcementLearning\Agents\A2C\A2CAgent.cs(363,51): error CS1503: Argument 1: cannot convert from 'AiDotNet.LinearAlgebra.Vector<T>' to 'AiDotNet.LinearAlgebra.Tensor<T>' [C:\Users\cheat\source\repos\worktrees\pr-481-1763014665\src\AiDotNet.csproj::TargetFramework=net8.0]
C:\Users\cheat\source\repos\worktrees\pr-481-1763014665\src\ReinforcementLearning\Agents\A2C\A2CAgent.cs(379,33): error CS1503: Argument 1: cannot convert from 'AiDotNet.LinearAlgebra.Tensor<T>' to 'AiDotNet.LinearAlgebra.Vector<T>' [C:\Users\cheat\source\repos\worktrees\pr-481-1763014665\src\AiDotNet.csproj::TargetFramework=net8.0]
C:\Users\cheat\source\repos\worktrees\pr-481-1763014665\src\ReinforcementLearning\Agents\A3C\A3CAgent.cs(252,40): error CS1061: 'INeuralNetwork<T>' does not contain a definition for 'Forward' and no accessible extension method 'Forward' accepting a first argument of type 'INeuralNetwork<T>' could be found (are you missing a using directive or an assembly reference?) [C:\Users\cheat\source\repos\worktrees\pr-481-1763014665\src\AiDotNet.csproj::TargetFramework=net8.0]
C:\Users\cheat\source\repos\worktrees\pr-481-1763014665\src\ReinforcementLearning\Agents\A3C\A3CAgent.cs(255,32): error CS1503: Argument 1: cannot convert from '(AiDotNet.LinearAlgebra.Vector<T>, AiDotNet.LinearAlgebra.Vector<T>, T, bool, ?)' to '(AiDotNet.LinearAlgebra.Vector<T> state, AiDotNet.LinearAlgebra.Vector<T> action, T reward, bool done, T value)' [C:\Users\cheat\source\repos\worktrees\pr-481-1763014665\src\AiDotNet.csproj::TargetFramework=net8.0]
C:\Users\cheat\source\repos\worktrees\pr-481-1763014665\src\ReinforcementLearning\Agents\A3C\A3CAgent.cs(280,35): error CS1061: 'INeuralNetwork<T>' does not contain a definition for 'Forward' and no accessible extension method 'Forward' accepting a first argument of type 'INeuralNetwork<T>' could be found (are you missing a using directive or an assembly reference?) [C:\Users\cheat\source\repos\worktrees\pr-481-1763014665\src\AiDotNet.csproj::TargetFramework=net8.0]
C:\Users\cheat\source\repos\worktrees\pr-481-1763014665\src\ReinforcementLearning\Agents\A3C\A3CAgent.cs(294,38): error CS1061: 'INeuralNetwork<T>' does not contain a definition for 'Forward' and no accessible extension method 'Forward' accepting a first argument of type 'INeuralNetwork<T>' could be found (are you missing a using directive or an assembly reference?) [C:\Users\cheat\source\repos\worktrees\pr-481-1763014665\src\AiDotNet.csproj::TargetFramework=net8.0]
C:\Users\cheat\source\repos\worktrees\pr-481-1763014665\src\ReinforcementLearning\Agents\TD3\TD3Agent.cs(184,58): error CS1503: Argument 1: cannot convert from 'AiDotNet.LinearAlgebra.Vector<T>' to 'AiDotNet.LinearAlgebra.Tensor<T>' [C:\Users\cheat\source\repos\worktrees\pr-481-1763014665\src\AiDotNet.csproj::TargetFramework=net8.0]
C:\Users\cheat\source\repos\worktrees\pr-481-1763014665\src\ReinforcementLearning\Agents\TD3\TD3Agent.cs(196,80): error CS1503: Argument 2: cannot convert from 'AiDotNet.LinearAlgebra.Tensor<T>' to 'AiDotNet.LinearAlgebra.Vector<T>' [C:\Users\cheat\source\repos\worktrees\pr-481-1763014665\src\AiDotNet.csproj::TargetFramework=net8.0]
C:\Users\cheat\source\repos\worktrees\pr-481-1763014665\src\ReinforcementLearning\Agents\TD3\TD3Agent.cs(199,58): error CS1503: Argument 1: cannot convert from 'AiDotNet.LinearAlgebra.Vector<T>' to 'AiDotNet.LinearAlgebra.Tensor<T>' [C:\Users\cheat\source\repos\worktrees\pr-481-1763014665\src\AiDotNet.csproj::TargetFramework=net8.0]
C:\Users\cheat\source\repos\worktrees\pr-481-1763014665\src\ReinforcementLearning\Agents\TD3\TD3Agent.cs(200,58): error CS1503: Argument 1: cannot convert from 'AiDotNet.LinearAlgebra.Vector<T>' to 'AiDotNet.LinearAlgebra.Tensor<T>' [C:\Users\cheat\source\repos\worktrees\pr-481-1763014665\src\AiDotNet.csproj::TargetFramework=net8.0]
C:\Users\cheat\source\repos\worktrees\pr-481-1763014665\src\ReinforcementLearning\Agents\TD3\TD3Agent.cs(207,38): error CS1061: '(Vector<T> state, Vector<T> action, T reward, Vector<T> nextState, bool done)' does not contain a definition for 'Reward' and no accessible extension method 'Reward' accepting a first argument of type '(Vector<T> state, Vector<T> action, T reward, Vector<T> nextState, bool done)' could be found (are you missing a using directive or an assembly reference?) [C:\Users\cheat\source\repos\worktrees\pr-481-1763014665\src\AiDotNet.csproj::TargetFramework=net8.0]
C:\Users\cheat\source\repos\worktrees\pr-481-1763014665\src\ReinforcementLearning\Agents\TD3\TD3Agent.cs(212,50): error CS1061: '(Vector<T> state, Vector<T> action, T reward, Vector<T> nextState, bool done)' does not contain a definition for 'Reward' and no accessible extension method 'Reward' accepting a first argument of type '(Vector<T> state, Vector<T> action, T reward, Vector<T> nextState, bool done)' could be found (are you missing a using directive or an assembly reference?) [C:\Users\cheat\source\repos\worktrees\pr-481-1763014665\src\AiDotNet.csproj::TargetFramework=net8.0]
C:\Users\cheat\source\repos\worktrees\pr-481-1763014665\src\ReinforcementLearning\Agents\TD3\TD3Agent.cs(216,83): error CS1061: '(Vector<T> state, Vector<T> action, T reward, Vector<T> nextState, bool done)' does not contain a definition for 'Action' and no accessible extension method 'Action' accepting a first argument of type '(Vector<T> state, Vector<T> action, T reward, Vector<T> nextState, bool done)' could be found (are you missing a using directive or an assembly reference?) [C:\Users\cheat\source\repos\worktrees\pr-481-1763014665\src\AiDotNet.csproj::TargetFramework=net8.0]
C:\Users\cheat\source\repos\worktrees\pr-481-1763014665\src\ReinforcementLearning\Agents\TD3\TD3Agent.cs(219,51): error CS1503: Argument 1: cannot convert from 'AiDotNet.LinearAlgebra.Vector<T>' to 'AiDotNet.LinearAlgebra.Tensor<T>' [C:\Users\cheat\source\repos\worktrees\pr-481-1763014665\src\AiDotNet.csproj::TargetFramework=net8.0]
C:\Users\cheat\source\repos\worktrees\pr-481-1763014665\src\ReinforcementLearning\Agents\TD3\TD3Agent.cs(223,43): error CS1503: Argument 1: cannot convert from 'AiDotNet.LinearAlgebra.Vector<T>' to 'AiDotNet.LinearAlgebra.Tensor<T>' [C:\Users\cheat\source\repos\worktrees\pr-481-1763014665\src\AiDotNet.csproj::TargetFramework=net8.0]
C:\Users\cheat\source\repos\worktrees\pr-481-1763014665\src\ReinforcementLearning\Agents\TD3\TD3Agent.cs(224,46): error CS1503: Argument 1: cannot convert from 'T' to 'AiDotNet.LinearAlgebra.Vector<T>' [C:\Users\cheat\source\repos\worktrees\pr-481-1763014665\src\AiDotNet.csproj::TargetFramework=net8.0]
C:\Users\cheat\source\repos\worktrees\pr-481-1763014665\src\ReinforcementLearning\Agents\TD3\TD3Agent.cs(227,51): error CS1503: Argument 1: cannot convert from 'AiDotNet.LinearAlgebra.Vector<T>' to 'AiDotNet.LinearAlgebra.Tensor<T>' [C:\Users\cheat\source\repos\worktrees\pr-481-1763014665\src\AiDotNet.csproj::TargetFramework=net8.0]
C:\Users\cheat\source\repos\worktrees\pr-481-1763014665\src\ReinforcementLearning\Agents\TD3\TD3Agent.cs(231,43): error CS1503: Argument 1: cannot convert from 'AiDotNet.LinearAlgebra.Vector<T>' to 'AiDotNet.LinearAlgebra.Tensor<T>' [C:\Users\cheat\source\repos\worktrees\pr-481-1763014665\src\AiDotNet.csproj::TargetFramework=net8.0]
C:\Users\cheat\source\repos\worktrees\pr-481-1763014665\src\ReinforcementLearning\Agents\TD3\TD3Agent.cs(232,46): error CS1503: Argument 1: cannot convert from 'T' to 'AiDotNet.LinearAlgebra.Vector<T>' [C:\Users\cheat\source\repos\worktrees\pr-481-1763014665\src\AiDotNet.csproj::TargetFramework=net8.0]
C:\Users\cheat\source\repos\worktrees\pr-481-1763014665\src\ReinforcementLearning\Agents\TD3\TD3Agent.cs(248,48): error CS1503: Argument 1: cannot convert from 'AiDotNet.LinearAlgebra.Vector<T>' to 'AiDotNet.LinearAlgebra.Tensor<T>' [C:\Users\cheat\source\repos\worktrees\pr-481-1763014665\src\AiDotNet.csproj::TargetFramework=net8.0]
C:\Users\cheat\source\repos\worktrees\pr-481-1763014665\src\ReinforcementLearning\Agents\TD3\TD3Agent.cs(251,72): error CS1503: Argument 2: cannot convert from 'AiDotNet.LinearAlgebra.Tensor<T>' to 'AiDotNet.LinearAlgebra.Vector<T>' [C:\Users\cheat\source\repos\worktrees\pr-481-1763014665\src\AiDotNet.csproj::TargetFramework=net8.0]
C:\Users\cheat\source\repos\worktrees\pr-481-1763014665\src\ReinforcementLearning\Agents\TD3\TD3Agent.cs(254,50): error CS1503: Argument 1: cannot convert from 'AiDotNet.LinearAlgebra.Vector<T>' to 'AiDotNet.LinearAlgebra.Tensor<T>' [C:\Users\cheat\source\repos\worktrees\pr-481-1763014665\src\AiDotNet.csproj::TargetFramework=net8.0]
C:\Users\cheat\source\repos\worktrees\pr-481-1763014665\src\ReinforcementLearning\Agents\TD3\TD3Agent.cs(261,64): error CS1503: Argument 1: cannot convert from 'AiDotNet.LinearAlgebra.Vector<T>' to 'AiDotNet.LinearAlgebra.Tensor<T>' [C:\Users\cheat\source\repos\worktrees\pr-481-1763014665\src\AiDotNet.csproj::TargetFramework=net8.0]
C:\Users\cheat\source\repos\worktrees\pr-481-1763014665\src\ReinforcementLearning\Agents\TD3\TD3Agent.cs(271,41): error CS1503: Argument 1: cannot convert from 'AiDotNet.LinearAlgebra.Vector<T>' to 'AiDotNet.LinearAlgebra.Tensor<T>' [C:\Users\cheat\source\repos\worktrees\pr-481-1763014665\src\AiDotNet.csproj::TargetFramework=net8.0]
C:\Users\cheat\source\repos\worktrees\pr-481-1763014665\src\ReinforcementLearning\Agents\TD3\TD3Agent.cs(272,44): error CS1503: Argument 1: cannot convert from 'T' to 'AiDotNet.LinearAlgebra.Vector<T>' [C:\Users\cheat\source\repos\worktrees\pr-481-1763014665\src\AiDotNet.csproj::TargetFramework=net8.0]
C:\Users\cheat\source\repos\worktrees\pr-481-1763014665\src\ReinforcementLearning\Agents\A3C\A3CAgent.cs(358,44): error CS1061: 'INeuralNetwork<T>' does not contain a definition for 'Forward' and no accessible extension method 'Forward' accepting a first argument of type 'INeuralNetwork<T>' could be found (are you missing a using directive or an assembly reference?) [C:\Users\cheat\source\repos\worktrees\pr-481-1763014665\src\AiDotNet.csproj::TargetFramework=net8.0]
C:\Users\cheat\source\repos\worktrees\pr-481-1763014665\src\ReinforcementLearning\Agents\A3C\A3CAgent.cs(360,25): error CS1061: 'INeuralNetwork<T>' does not contain a definition for 'Backpropagate' and no accessible extension method 'Backpropagate' accepting a first argument of type 'INeuralNetwork<T>' could be found (are you missing a using directive or an assembly reference?) [C:\Users\cheat\source\repos\worktrees\pr-481-1763014665\src\AiDotNet.csproj::TargetFramework=net8.0]
C:\Users\cheat\source\repos\worktrees\pr-481-1763014665\src\ReinforcementLearning\Agents\A3C\A3CAgent.cs(363,45): error CS1061: 'INeuralNetwork<T>' does not contain a definition for 'Forward' and no accessible extension method 'Forward' accepting a first argument of type 'INeuralNetwork<T>' could be found (are you missing a using directive or an assembly reference?) [C:\Users\cheat\source\repos\worktrees\pr-481-1763014665\src\AiDotNet.csproj::TargetFramework=net8.0]
C:\Users\cheat\source\repos\worktrees\pr-481-1763014665\src\ReinforcementLearning\Agents\A3C\A3CAgent.cs(369,24): error CS1061: 'INeuralNetwork<T>' does not contain a definition for 'Backpropagate' and no accessible extension method 'Backpropagate' accepting a first argument of type 'INeuralNetwork<T>' could be found (are you missing a using directive or an assembly reference?) [C:\Users\cheat\source\repos\worktrees\pr-481-1763014665\src\AiDotNet.csproj::TargetFramework=net8.0]
C:\Users\cheat\source\repos\worktrees\pr-481-1763014665\src\ReinforcementLearning\Agents\A3C\A3CAgent.cs(373,33): error CS0103: The name '_policyNetwork' does not exist in the current context [C:\Users\cheat\source\repos\worktrees\pr-481-1763014665\src\AiDotNet.csproj::TargetFramework=net8.0]
C:\Users\cheat\source\repos\worktrees\pr-481-1763014665\src\ReinforcementLearning\Agents\A3C\A3CAgent.cs(373,62): error CS0103: The name '_a3cOptions' does not exist in the current context [C:\Users\cheat\source\repos\worktrees\pr-481-1763014665\src\AiDotNet.csproj::TargetFramework=net8.0]
C:\Users\cheat\source\repos\worktrees\pr-481-1763014665\src\ReinforcementLearning\Agents\A3C\A3CAgent.cs(374,33): error CS0103: The name '_valueNetwork' does not exist in the current context [C:\Users\cheat\source\repos\worktrees\pr-481-1763014665\src\AiDotNet.csproj::TargetFramework=net8.0]
C:\Users\cheat\source\repos\worktrees\pr-481-1763014665\src\ReinforcementLearning\Agents\A3C\A3CAgent.cs(374,60): error CS0103: The name '_a3cOptions' does not exist in the current context [C:\Users\cheat\source\repos\worktrees\pr-481-1763014665\src\AiDotNet.csproj::TargetFramework=net8.0]
C:\Users\cheat\source\repos\worktrees\pr-481-1763014665\src\ReinforcementLearning\Agents\TD3\TD3Agent.cs(285,35): error CS1061: 'NeuralNetwork<T>' does not contain a definition for 'GetLayers' and no accessible extension method 'GetLayers' accepting a first argument of type 'NeuralNetwork<T>' could be found (are you missing a using directive or an assembly reference?) [C:\Users\cheat\source\repos\worktrees\pr-481-1763014665\src\AiDotNet.csproj::TargetFramework=net8.0]
C:\Users\cheat\source\repos\worktrees\pr-481-1763014665\src\ReinforcementLearning\Agents\TD3\TD3Agent.cs(286,35): error CS1061: 'NeuralNetwork<T>' does not contain a definition for 'GetLayers' and no accessible extension method 'GetLayers' accepting a first argument of type 'NeuralNetwork<T>' could be found (are you missing a using directive or an assembly reference?) [C:\Users\cheat\source\repos\worktrees\pr-481-1763014665\src\AiDotNet.csproj::TargetFramework=net8.0]
C:\Users\cheat\source\repos\worktrees\pr-481-1763014665\src\ReinforcementLearning\Agents\TD3\TD3Agent.cs(292,49): error CS1061: 'DenseLayer<T>' does not contain a definition for 'GetWeights' and no accessible extension method 'GetWeights' accepting a first argument of type 'DenseLayer<T>' could be found (are you missing a using directive or an assembly reference?) [C:\Users\cheat\source\repos\worktrees\pr-481-1763014665\src\AiDotNet.csproj::TargetFramework=net8.0]
C:\Users\cheat\source\repos\worktrees\pr-481-1763014665\src\ReinforcementLearning\Agents\TD3\TD3Agent.cs(293,48): error CS1061: 'DenseLayer<T>' does not contain a definition for 'GetBiases' and no accessible extension method 'GetBiases' accepting a first argument of type 'DenseLayer<T>' could be found (are you missing a using directive or an assembly reference?) [C:\Users\cheat\source\repos\worktrees\pr-481-1763014665\src\AiDotNet.csproj::TargetFramework=net8.0]
C:\Users\cheat\source\repos\worktrees\pr-481-1763014665\src\ReinforcementLearning\Agents\TD3\TD3Agent.cs(294,49): error CS1061: 'DenseLayer<T>' does not contain a definition for 'GetWeights' and no accessible extension method 'GetWeights' accepting a first argument of type 'DenseLayer<T>' could be found (are you missing a using directive or an assembly reference?) [C:\Users\cheat\source\repos\worktrees\pr-481-1763014665\src\AiDotNet.csproj::TargetFramework=net8.0]
C:\Users\cheat\source\repos\worktrees\pr-481-1763014665\src\ReinforcementLearning\Agents\TD3\TD3Agent.cs(295,48): error CS1061: 'DenseLayer<T>' does not contain a definition for 'GetBiases' and no accessible extension method 'GetBiases' accepting a first argument of type 'DenseLayer<T>' could be found (are you missing a using directive or an assembly reference?) [C:\Users\cheat\source\repos\worktrees\pr-481-1763014665\src\AiDotNet.csproj::TargetFramework=net8.0]
C:\Users\cheat\source\repos\worktrees\pr-481-1763014665\src\ReinforcementLearning\Agents\TD3\TD3Agent.cs(310,26): error CS0136: A local or parameter named 'i' cannot be declared in this scope because that name is used in an enclosing local scope to define a local or parameter [C:\Users\cheat\source\repos\worktrees\pr-481-1763014665\src\AiDotNet.csproj::TargetFramework=net8.0]
C:\Users\cheat\source\repos\worktrees\pr-481-1763014665\src\ReinforcementLearning\Agents\TD3\TD3Agent.cs(318,29): error CS1061: 'DenseLayer<T>' does not contain a definition for 'SetBiases' and no accessible extension method 'SetBiases' accepting a first argument of type 'DenseLayer<T>' could be found (are you missing a using directive or an assembly reference?) [C:\Users\cheat\source\repos\worktrees\pr-481-1763014665\src\AiDotNet.csproj::TargetFramework=net8.0]
C:\Users\cheat\source\repos\worktrees\pr-481-1763014665\src\ReinforcementLearning\Agents\A3C\A3CAgent.cs(383,13): error CS0103: The name '_a3cOptions' does not exist in the current context [C:\Users\cheat\source\repos\worktrees\pr-481-1763014665\src\AiDotNet.csproj::TargetFramework=net8.0]
C:\Users\cheat\source\repos\worktrees\pr-481-1763014665\src\ReinforcementLearning\Agents\TD3\TD3Agent.cs(325,35): error CS1061: 'NeuralNetwork<T>' does not contain a definition for 'GetLayers' and no accessible extension method 'GetLayers' accepting a first argument of type 'NeuralNetwork<T>' could be found (are you missing a using directive or an assembly reference?) [C:\Users\cheat\source\repos\worktrees\pr-481-1763014665\src\AiDotNet.csproj::TargetFramework=net8.0]
C:\Users\cheat\source\repos\worktrees\pr-481-1763014665\src\ReinforcementLearning\Agents\TD3\TD3Agent.cs(326,35): error CS1061: 'NeuralNetwork<T>' does not contain a definition for 'GetLayers' and no accessible extension method 'GetLayers' accepting a first argument of type 'NeuralNetwork<T>' could be found (are you missing a using directive or an assembly reference?) [C:\Users\cheat\source\repos\worktrees\pr-481-1763014665\src\AiDotNet.csproj::TargetFramework=net8.0]
C:\Users\cheat\source\repos\worktrees\pr-481-1763014665\src\ReinforcementLearning\Agents\TD3\TD3Agent.cs(332,52): error CS1061: 'DenseLayer<T>' does not contain a definition for 'GetWeights' and no accessible extension method 'GetWeights' accepting a first argument of type 'DenseLayer<T>' could be found (are you missing a using directive or an assembly reference?) [C:\Users\cheat\source\repos\worktrees\pr-481-1763014665\src\AiDotNet.csproj::TargetFramework=net8.0]
C:\Users\cheat\source\repos\worktrees\pr-481-1763014665\src\ReinforcementLearning\Agents\TD3\TD3Agent.cs(333,51): error CS1061: 'DenseLayer<T>' does not contain a definition for 'GetBiases' and no accessible extension method 'GetBiases' accepting a first argument of type 'DenseLayer<T>' could be found (are you missing a using directive or an assembly reference?) [C:\Users\cheat\source\repos\worktrees\pr-481-1763014665\src\AiDotNet.csproj::TargetFramework=net8.0]
C:\Users\cheat\source\repos\worktrees\pr-481-1763014665\src\ReinforcementLearning\Agents\TD3\TD3Agent.cs(333,29): error CS1061: 'DenseLayer<T>' does not contain a definition for 'SetBiases' and no accessible extension method 'SetBiases' accepting a first argument of type 'DenseLayer<T>' could be found (are you missing a using directive or an assembly reference?) [C:\Users\cheat\source\repos\worktrees\pr-481-1763014665\src\AiDotNet.csproj::TargetFramework=net8.0]
C:\Users\cheat\source\repos\worktrees\pr-481-1763014665\src\ReinforcementLearning\Agents\A3C\A3CAgent.cs(467,39): error CS1061: 'INeuralNetwork<T>' does not contain a definition for 'GetFlattenedGradients' and no accessible extension method 'GetFlattenedGradients' accepting a first argument of type 'INeuralNetwork<T>' could be found (are you missing a using directive or an assembly reference?) [C:\Users\cheat\source\repos\worktrees\pr-481-1763014665\src\AiDotNet.csproj::TargetFramework=net8.0]
C:\Users\cheat\source\repos\worktrees\pr-481-1763014665\src\ReinforcementLearning\Agents\A2C\A2CAgent.cs(631,24): error CS1061: 'INumericOperations<T>' does not contain a definition for 'Compare' and no accessible extension method 'Compare' accepting a first argument of type 'INumericOperations<T>' could be found (are you missing a using directive or an assembly reference?) [C:\Users\cheat\source\repos\worktrees\pr-481-1763014665\src\AiDotNet.csproj::TargetFramework=net8.0]
C:\Users\cheat\source\repos\worktrees\pr-481-1763014665\src\ReinforcementLearning\Agents\TD3\TD3Agent.cs(467,16): error CS0029: Cannot implicitly convert type '(AiDotNet.LinearAlgebra.Vector<T>, T Zero)' to 'AiDotNet.LinearAlgebra.Vector<T>' [C:\Users\cheat\source\repos\worktrees\pr-481-1763014665\src\AiDotNet.csproj::TargetFramework=net8.0]
C:\Users\cheat\source\repos\worktrees\pr-481-1763014665\src\ReinforcementLearning\Agents\CQL\CQLAgent.cs(55,46): error CS1729: 'DeepReinforcementLearningAgentBase<T>' does not contain a constructor that takes 2 arguments [C:\Users\cheat\source\repos\worktrees\pr-481-1763014665\src\AiDotNet.csproj::TargetFramework=net8.0]
C:\Users\cheat\source\repos\worktrees\pr-481-1763014665\src\ReinforcementLearning\Agents\CQL\CQLAgent.cs(55,12): error CS8618: Non-nullable field '_policyNetwork' must contain a non-null value when exiting constructor. Consider adding the 'required' modifier or declaring the field as nullable. [C:\Users\cheat\source\repos\worktrees\pr-481-1763014665\src\AiDotNet.csproj::TargetFramework=net8.0]
C:\Users\cheat\source\repos\worktrees\pr-481-1763014665\src\ReinforcementLearning\Agents\CQL\CQLAgent.cs(55,12): error CS8618: Non-nullable field '_q1Network' must contain a non-null value when exiting constructor. Consider adding the 'required' modifier or declaring the field as nullable. [C:\Users\cheat\source\repos\worktrees\pr-481-1763014665\src\AiDotNet.csproj::TargetFramework=net8.0]
C:\Users\cheat\source\repos\worktrees\pr-481-1763014665\src\ReinforcementLearning\Agents\CQL\CQLAgent.cs(55,12): error CS8618: Non-nullable field '_q2Network' must contain a non-null value when exiting constructor. Consider adding the 'required' modifier or declaring the field as nullable. [C:\Users\cheat\source\repos\worktrees\pr-481-1763014665\src\AiDotNet.csproj::TargetFramework=net8.0]
C:\Users\cheat\source\repos\worktrees\pr-481-1763014665\src\ReinforcementLearning\Agents\CQL\CQLAgent.cs(55,12): error CS8618: Non-nullable field '_targetQ1Network' must contain a non-null value when exiting constructor. Consider adding the 'required' modifier or declaring the field as nullable. [C:\Users\cheat\source\repos\worktrees\pr-481-1763014665\src\AiDotNet.csproj::TargetFramework=net8.0]
C:\Users\cheat\source\repos\worktrees\pr-481-1763014665\src\ReinforcementLearning\Agents\CQL\CQLAgent.cs(55,12): error CS8618: Non-nullable field '_targetQ2Network' must contain a non-null value when exiting constructor. Consider adding the 'required' modifier or declaring the field as nullable. [C:\Users\cheat\source\repos\worktrees\pr-481-1763014665\src\AiDotNet.csproj::TargetFramework=net8.0]
C:\Users\cheat\source\repos\worktrees\pr-481-1763014665\src\ReinforcementLearning\Agents\CQL\CQLAgent.cs(55,12): error CS8618: Non-nullable field '_offlineBuffer' must contain a non-null value when exiting constructor. Consider adding the 'required' modifier or declaring the field as nullable. [C:\Users\cheat\source\repos\worktrees\pr-481-1763014665\src\AiDotNet.csproj::TargetFramework=net8.0]
C:\Users\cheat\source\repos\worktrees\pr-481-1763014665\src\ReinforcementLearning\Agents\Bandits\UCBBanditAgent.cs(127,218): error CS1503: Argument 1: cannot convert from 'AiDotNet.LinearAlgebra.Matrix<T>' to 'AiDotNet.LinearAlgebra.Vector<T>' [C:\Users\cheat\source\repos\worktrees\pr-481-1763014665\src\AiDotNet.csproj::TargetFramework=net8.0]
C:\Users\cheat\source\repos\worktrees\pr-481-1763014665\src\ReinforcementLearning\Agents\Bandits\UCBBanditAgent.cs(127,249): error CS1503: Argument 2: cannot convert from 'AiDotNet.LinearAlgebra.Matrix<T>' to 'AiDotNet.LinearAlgebra.Vector<T>' [C:\Users\cheat\source\repos\worktrees\pr-481-1763014665\src\AiDotNet.csproj::TargetFramework=net8.0]
C:\Users\cheat\source\repos\worktrees\pr-481-1763014665\src\ReinforcementLearning\Agents\Bandits\UCBBanditAgent.cs(127,317): error CS1503: Argument 1: cannot convert from 'AiDotNet.LinearAlgebra.Matrix<T>' to 'AiDotNet.LinearAlgebra.Vector<T>' [C:\Users\cheat\source\repos\worktrees\pr-481-1763014665\src\AiDotNet.csproj::TargetFramework=net8.0]
C:\Users\cheat\source\repos\worktrees\pr-481-1763014665\src\ReinforcementLearning\Agents\Bandits\UCBBanditAgent.cs(127,348): error CS1503: Argument 2: cannot convert from 'AiDotNet.LinearAlgebra.Matrix<T>' to 'AiDotNet.LinearAlgebra.Vector<T>' [C:\Users\cheat\source\repos\worktrees\pr-481-1763014665\src\AiDotNet.csproj::TargetFramework=net8.0]
C:\Users\cheat\source\repos\worktrees\pr-481-1763014665\src\ReinforcementLearning\Agents\AdvancedRL\LinearQLearningAgent.cs(189,37): error CS1503: Argument 1: cannot convert from 'AiDotNet.LinearAlgebra.Matrix<T>' to 'AiDotNet.LinearAlgebra.Vector<T>' [C:\Users\cheat\source\repos\worktrees\pr-481-1763014665\src\AiDotNet.csproj::TargetFramework=net8.0]
C:\Users\cheat\source\repos\worktrees\pr-481-1763014665\src\ReinforcementLearning\Agents\AdvancedRL\LinearQLearningAgent.cs(189,68): error CS1503: Argument 2: cannot convert from 'AiDotNet.LinearAlgebra.Matrix<T>' to 'AiDotNet.LinearAlgebra.Vector<T>' [C:\Users\cheat\source\repos\worktrees\pr-481-1763014665\src\AiDotNet.csproj::TargetFramework=net8.0]
C:\Users\cheat\source\repos\worktrees\pr-481-1763014665\src\ReinforcementLearning\Agents\AdvancedRL\LinearQLearningAgent.cs(190,43): error CS1503: Argument 1: cannot convert from 'AiDotNet.LinearAlgebra.Matrix<T>' to 'AiDotNet.LinearAlgebra.Vector<T>' [C:\Users\cheat\source\repos\worktrees\pr-481-1763014665\src\AiDotNet.csproj::TargetFramework=net8.0]
C:\Users\cheat\source\repos\worktrees\pr-481-1763014665\src\ReinforcementLearning\Agents\AdvancedRL\LinearQLearningAgent.cs(190,74): error CS1503: Argument 2: cannot convert from 'AiDotNet.LinearAlgebra.Matrix<T>' to 'AiDotNet.LinearAlgebra.Vector<T>' [C:\Users\cheat\source\repos\worktrees\pr-481-1763014665\src\AiDotNet.csproj::TargetFramework=net8.0]
C:\Users\cheat\source\repos\worktrees\pr-481-1763014665\src\ReinforcementLearning\Agents\CQL\CQLAgent.cs(83,27): error CS7036: There is no argument given that corresponds to the required parameter 'architecture' of 'NeuralNetwork<T>.NeuralNetwork(NeuralNetworkArchitecture<T>, ILossFunction<T>?)' [C:\Users\cheat\source\repos\worktrees\pr-481-1763014665\src\AiDotNet.csproj::TargetFramework=net8.0]
C:\Users\cheat\source\repos\worktrees\pr-481-1763014665\src\ReinforcementLearning\Agents\CQL\CQLAgent.cs(88,21): error CS7036: There is no argument given that corresponds to the required parameter 'units' of 'NeuralNetworkBase<T>.AddLayer(LayerType, int, ActivationFunction)' [C:\Users\cheat\source\repos\worktrees\pr-481-1763014665\src\AiDotNet.csproj::TargetFramework=net8.0]
C:\Users\cheat\source\repos\worktrees\pr-481-1763014665\src\ReinforcementLearning\Agents\CQL\CQLAgent.cs(89,57): error CS0246: The type or namespace name 'ReLU<>' could not be found (are you missing a using directive or an assembly reference?) [C:\Users\cheat\source\repos\worktrees\pr-481-1763014665\src\AiDotNet.csproj::TargetFramework=net8.0]
C:\Users\cheat\source\repos\worktrees\pr-481-1763014665\src\ReinforcementLearning\Agents\CQL\CQLAgent.cs(89,34): error CS1729: 'ActivationLayer<T>' does not contain a constructor that takes 1 arguments [C:\Users\cheat\source\repos\worktrees\pr-481-1763014665\src\AiDotNet.csproj::TargetFramework=net8.0]
C:\Users\cheat\source\repos\worktrees\pr-481-1763014665\src\ReinforcementLearning\Agents\CQL\CQLAgent.cs(94,17): error CS7036: There is no argument given that corresponds to the required parameter 'units' of 'NeuralNetworkBase<T>.AddLayer(LayerType, int, ActivationFunction)' [C:\Users\cheat\source\repos\worktrees\pr-481-1763014665\src\AiDotNet.csproj::TargetFramework=net8.0]
C:\Users\cheat\source\repos\worktrees\pr-481-1763014665\src\ReinforcementLearning\Agents\CQL\CQLAgent.cs(101,27): error CS7036: There is no argument given that corresponds to the required parameter 'architecture' of 'NeuralNetwork<T>.NeuralNetwork(NeuralNetworkArchitecture<T>, ILossFunction<T>?)' [C:\Users\cheat\source\repos\worktrees\pr-481-1763014665\src\AiDotNet.csproj::TargetFramework=net8.0]
C:\Users\cheat\source\repos\worktrees\pr-481-1763014665\src\ReinforcementLearning\Agents\CQL\CQLAgent.cs(107,21): error CS7036: There is no argument given that corresponds to the required parameter 'units' of 'NeuralNetworkBase<T>.AddLayer(LayerType, int, ActivationFunction)' [C:\Users\cheat\source\repos\worktrees\pr-481-1763014665\src\AiDotNet.csproj::TargetFramework=net8.0]
C:\Users\cheat\source\repos\worktrees\pr-481-1763014665\src\ReinforcementLearning\Agents\CQL\CQLAgent.cs(108,57): error CS0246: The type or namespace name 'ReLU<>' could not be found (are you missing a using directive or an assembly reference?) [C:\Users\cheat\source\repos\worktrees\pr-481-1763014665\src\AiDotNet.csproj::TargetFramework=net8.0]
C:\Users\cheat\source\repos\worktrees\pr-481-1763014665\src\ReinforcementLearning\Agents\CQL\CQLAgent.cs(108,34): error CS1729: 'ActivationLayer<T>' does not contain a constructor that takes 1 arguments [C:\Users\cheat\source\repos\worktrees\pr-481-1763014665\src\AiDotNet.csproj::TargetFramework=net8.0]
C:\Users\cheat\source\repos\worktrees\pr-481-1763014665\src\ReinforcementLearning\Agents\CQL\CQLAgent.cs(112,17): error CS7036: There is no argument given that corresponds to the required parameter 'units' of 'NeuralNetworkBase<T>.AddLayer(LayerType, int, ActivationFunction)' [C:\Users\cheat\source\repos\worktrees\pr-481-1763014665\src\AiDotNet.csproj::TargetFramework=net8.0]
C:\Users\cheat\source\repos\worktrees\pr-481-1763014665\src\ReinforcementLearning\Agents\CQL\CQLAgent.cs(129,28): error CS1501: No overload for method 'Add' takes 5 arguments [C:\Users\cheat\source\repos\worktrees\pr-481-1763014665\src\AiDotNet.csproj::TargetFramework=net8.0]
C:\Users\cheat\source\repos\worktrees\pr-481-1763014665\src\ReinforcementLearning\Agents\TabularQLearning\TabularQLearningAgent.cs(176,25): error CS0029: Cannot implicitly convert type 'string' to 'AiDotNet.Enums.ModelType' [C:\Users\cheat\source\repos\worktrees\pr-481-1763014665\src\AiDotNet.csproj::TargetFramework=net8.0]
C:\Users\cheat\source\repos\worktrees\pr-481-1763014665\src\ReinforcementLearning\Agents\Bandits\EpsilonGreedyBanditAgent.cs(107,218): error CS1503: Argument 1: cannot convert from 'AiDotNet.LinearAlgebra.Matrix<T>' to 'AiDotNet.LinearAlgebra.Vector<T>' [C:\Users\cheat\source\repos\worktrees\pr-481-1763014665\src\AiDotNet.csproj::TargetFramework=net8.0]
C:\Users\cheat\source\repos\worktrees\pr-481-1763014665\src\ReinforcementLearning\Agents\Bandits\EpsilonGreedyBanditAgent.cs(107,249): error CS1503: Argument 2: cannot convert from 'AiDotNet.LinearAlgebra.Matrix<T>' to 'AiDotNet.LinearAlgebra.Vector<T>' [C:\Users\cheat\source\repos\worktrees\pr-481-1763014665\src\AiDotNet.csproj::TargetFramework=net8.0]
C:\Users\cheat\source\repos\worktrees\pr-481-1763014665\src\ReinforcementLearning\Agents\Bandits\EpsilonGreedyBanditAgent.cs(107,317): error CS1503: Argument 1: cannot convert from 'AiDotNet.LinearAlgebra.Matrix<T>' to 'AiDotNet.LinearAlgebra.Vector<T>' [C:\Users\cheat\source\repos\worktrees\pr-481-1763014665\src\AiDotNet.csproj::TargetFramework=net8.0]
C:\Users\cheat\source\repos\worktrees\pr-481-1763014665\src\ReinforcementLearning\Agents\Bandits\EpsilonGreedyBanditAgent.cs(107,348): error CS1503: Argument 2: cannot convert from 'AiDotNet.LinearAlgebra.Matrix<T>' to 'AiDotNet.LinearAlgebra.Vector<T>' [C:\Users\cheat\source\repos\worktrees\pr-481-1763014665\src\AiDotNet.csproj::TargetFramework=net8.0]
C:\Users\cheat\source\repos\worktrees\pr-481-1763014665\src\ReinforcementLearning\Agents\AdvancedRL\LinearSARSAAgent.cs(195,37): error CS1503: Argument 1: cannot convert from 'AiDotNet.LinearAlgebra.Matrix<T>' to 'AiDotNet.LinearAlgebra.Vector<T>' [C:\Users\cheat\source\repos\worktrees\pr-481-1763014665\src\AiDotNet.csproj::TargetFramework=net8.0]
C:\Users\cheat\source\repos\worktrees\pr-481-1763014665\src\ReinforcementLearning\Agents\AdvancedRL\LinearSARSAAgent.cs(195,68): error CS1503: Argument 2: cannot convert from 'AiDotNet.LinearAlgebra.Matrix<T>' to 'AiDotNet.LinearAlgebra.Vector<T>' [C:\Users\cheat\source\repos\worktrees\pr-481-1763014665\src\AiDotNet.csproj::TargetFramework=net8.0]
C:\Users\cheat\source\repos\worktrees\pr-481-1763014665\src\ReinforcementLearning\Agents\AdvancedRL\LinearSARSAAgent.cs(196,43): error CS1503: Argument 1: cannot convert from 'AiDotNet.LinearAlgebra.Matrix<T>' to 'AiDotNet.LinearAlgebra.Vector<T>' [C:\Users\cheat\source\repos\worktrees\pr-481-1763014665\src\AiDotNet.csproj::TargetFramework=net8.0]
C:\Users\cheat\source\repos\worktrees\pr-481-1763014665\src\ReinforcementLearning\Agents\AdvancedRL\LinearSARSAAgent.cs(196,74): error CS1503: Argument 2: cannot convert from 'AiDotNet.LinearAlgebra.Matrix<T>' to 'AiDotNet.LinearAlgebra.Vector<T>' [C:\Users\cheat\source\repos\worktrees\pr-481-1763014665\src\AiDotNet.csproj::TargetFramework=net8.0]
C:\Users\cheat\source\repos\worktrees\pr-481-1763014665\src\ReinforcementLearning\Agents\Bandits\GradientBanditAgent.cs(177,218): error CS1503: Argument 1: cannot convert from 'AiDotNet.LinearAlgebra.Matrix<T>' to 'AiDotNet.LinearAlgebra.Vector<T>' [C:\Users\cheat\source\repos\worktrees\pr-481-1763014665\src\AiDotNet.csproj::TargetFramework=net8.0]
C:\Users\cheat\source\repos\worktrees\pr-481-1763014665\src\ReinforcementLearning\Agents\Bandits\GradientBanditAgent.cs(177,249): error CS1503: Argument 2: cannot convert from 'AiDotNet.LinearAlgebra.Matrix<T>' to 'AiDotNet.LinearAlgebra.Vector<T>' [C:\Users\cheat\source\repos\worktrees\pr-481-1763014665\src\AiDotNet.csproj::TargetFramework=net8.0]
C:\Users\cheat\source\repos\worktrees\pr-481-1763014665\src\ReinforcementLearning\Agents\Bandits\GradientBanditAgent.cs(177,317): error CS1503: Argument 1: cannot convert from 'AiDotNet.LinearAlgebra.Matrix<T>' to 'AiDotNet.LinearAlgebra.Vector<T>' [C:\Users\cheat\source\repos\worktrees\pr-481-1763014665\src\AiDotNet.csproj::TargetFramework=net8.0]
C:\Users\cheat\source\repos\worktrees\pr-481-1763014665\src\ReinforcementLearning\Agents\Bandits\GradientBanditAgent.cs(177,348): error CS1503: Argument 2: cannot convert from 'AiDotNet.LinearAlgebra.Matrix<T>' to 'AiDotNet.LinearAlgebra.Vector<T>' [C:\Users\cheat\source\repos\worktrees\pr-481-1763014665\src\AiDotNet.csproj::TargetFramework=net8.0]
C:\Users\cheat\source\repos\worktrees\pr-481-1763014665\src\ReinforcementLearning\Agents\AdvancedRL\LSPIAgent.cs(170,28): error CS1061: 'INumericOperations<T>' does not contain a definition for 'Compare' and no accessible extension method 'Compare' accepting a first argument of type 'INumericOperations<T>' could be found (are you missing a using directive or an assembly reference?) [C:\Users\cheat\source\repos\worktrees\pr-481-1763014665\src\AiDotNet.csproj::TargetFramework=net8.0]
C:\Users\cheat\source\repos\worktrees\pr-481-1763014665\src\ReinforcementLearning\Agents\CQL\CQLAgent.cs(135,51): error CS1503: Argument 1: cannot convert from 'AiDotNet.LinearAlgebra.Vector<T>' to 'AiDotNet.LinearAlgebra.Tensor<T>' [C:\Users\cheat\source\repos\worktrees\pr-481-1763014665\src\AiDotNet.csproj::TargetFramework=net8.0]
C:\Users\cheat\source\repos\worktrees\pr-481-1763014665\src\ReinforcementLearning\Agents\CQL\CQLAgent.cs(177,24): error CS1501: No overload for method 'Add' takes 5 arguments [C:\Users\cheat\source\repos\worktrees\pr-481-1763014665\src\AiDotNet.csproj::TargetFramework=net8.0]
C:\Users\cheat\source\repos\worktrees\pr-481-1763014665\src\ReinforcementLearning\Agents\CQL\CQLAgent.cs(192,35): error CS1503: Argument 1: cannot convert from 'System.Collections.Generic.List<AiDotNet.ReinforcementLearning.ReplayBuffers.Experience<T>>' to 'System.Collections.Generic.List<(AiDotNet.LinearAlgebra.Vector<T> state, AiDotNet.LinearAlgebra.Vector<T> action, T reward, AiDotNet.LinearAlgebra.Vector<T> nextState, bool done)>' [C:\Users\cheat\source\repos\worktrees\pr-481-1763014665\src\AiDotNet.csproj::TargetFramework=net8.0]
C:\Users\cheat\source\repos\worktrees\pr-481-1763014665\src\ReinforcementLearning\Agents\CQL\CQLAgent.cs(196,37): error CS1503: Argument 1: cannot convert from 'System.Collections.Generic.List<AiDotNet.ReinforcementLearning.ReplayBuffers.Experience<T>>' to 'System.Collections.Generic.List<(AiDotNet.LinearAlgebra.Vector<T> state, AiDotNet.LinearAlgebra.Vector<T> action, T reward, AiDotNet.LinearAlgebra.Vector<T> nextState, bool done)>' [C:\Users\cheat\source\repos\worktrees\pr-481-1763014665\src\AiDotNet.csproj::TargetFramework=net8.0]
C:\Users\cheat\source\repos\worktrees\pr-481-1763014665\src\ReinforcementLearning\Agents\CQL\CQLAgent.cs(202,31): error CS1503: Argument 1: cannot convert from 'System.Collections.Generic.List<AiDotNet.ReinforcementLearning.ReplayBuffers.Experience<T>>' to 'System.Collections.Generic.List<(AiDotNet.LinearAlgebra.Vector<T> state, AiDotNet.LinearAlgebra.Vector<T> action, T reward, AiDotNet.LinearAlgebra.Vector<T> nextState, bool done)>' [C:\Users\cheat\source\repos\worktrees\pr-481-1763014665\src\AiDotNet.csproj::TargetFramework=net8.0]
C:\Users\cheat\source\repos\worktrees\pr-481-1763014665\src\ReinforcementLearning\Agents\AdvancedRL\TabularActorCriticAgent.cs(170,37): error CS1503: Argument 1: cannot convert from 'AiDotNet.LinearAlgebra.Matrix<T>' to 'AiDotNet.LinearAlgebra.Vector<T>' [C:\Users\cheat\source\repos\worktrees\pr-481-1763014665\src\AiDotNet.csproj::TargetFramework=net8.0]
C:\Users\cheat\source\repos\worktrees\pr-481-1763014665\src\ReinforcementLearning\Agents\AdvancedRL\TabularActorCriticAgent.cs(170,68): error CS1503: Argument 2: cannot convert from 'AiDotNet.LinearAlgebra.Matrix<T>' to 'AiDotNet.LinearAlgebra.Vector<T>' [C:\Users\cheat\source\repos\worktrees\pr-481-1763014665\src\AiDotNet.csproj::TargetFramework=net8.0]
C:\Users\cheat\source\repos\worktrees\pr-481-1763014665\src\ReinforcementLearning\Agents\AdvancedRL\TabularActorCriticAgent.cs(171,43): error CS1503: Argument 1: cannot convert from 'AiDotNet.LinearAlgebra.Matrix<T>' to 'AiDotNet.LinearAlgebra.Vector<T>' [C:\Users\cheat\source\repos\worktrees\pr-481-1763014665\src\AiDotNet.csproj::TargetFramework=net8.0]
C:\Users\cheat\source\repos\worktrees\pr-481-1763014665\src\ReinforcementLearning\Agents\AdvancedRL\TabularActorCriticAgent.cs(171,74): error CS1503: Argument 2: cannot convert from 'AiDotNet.LinearAlgebra.Matrix<T>' to 'AiDotNet.LinearAlgebra.Vector<T>' [C:\Users\cheat\source\repos\worktrees\pr-481-1763014665\src\AiDotNet.csproj::TargetFramework=net8.0]
C:\Users\cheat\source\repos\worktrees\pr-481-1763014665\src\ReinforcementLearning\Agents\SARSA\SARSAAgent.cs(184,25): error CS0029: Cannot implicitly convert type 'string' to 'AiDotNet.Enums.ModelType' [C:\Users\cheat\source\repos\worktrees\pr-481-1763014665\src\AiDotNet.csproj::TargetFramework=net8.0]
C:\Users\cheat\source\repos\worktrees\pr-481-1763014665\src\ReinforcementLearning\Agents\AdvancedRL\LSPIAgent.cs(345,37): error CS1503: Argument 1: cannot convert from 'AiDotNet.LinearAlgebra.Matrix<T>' to 'AiDotNet.LinearAlgebra.Vector<T>' [C:\Users\cheat\source\repos\worktrees\pr-481-1763014665\src\AiDotNet.csproj::TargetFramework=net8.0]
C:\Users\cheat\source\repos\worktrees\pr-481-1763014665\src\ReinforcementLearning\Agents\AdvancedRL\LSPIAgent.cs(345,68): error CS1503: Argument 2: cannot convert from 'AiDotNet.LinearAlgebra.Matrix<T>' to 'AiDotNet.LinearAlgebra.Vector<T>' [C:\Users\cheat\source\repos\worktrees\pr-481-1763014665\src\AiDotNet.csproj::TargetFramework=net8.0]
C:\Users\cheat\source\repos\worktrees\pr-481-1763014665\src\ReinforcementLearning\Agents\AdvancedRL\LSPIAgent.cs(346,43): error CS1503: Argument 1: cannot convert from 'AiDotNet.LinearAlgebra.Matrix<T>' to 'AiDotNet.LinearAlgebra.Vector<T>' [C:\Users\cheat\source\repos\worktrees\pr-481-1763014665\src\AiDotNet.csproj::TargetFramework=net8.0]
C:\Users\cheat\source\repos\worktrees\pr-481-1763014665\src\ReinforcementLearning\Agents\AdvancedRL\LSPIAgent.cs(346,74): error CS1503: Argument 2: cannot convert from 'AiDotNet.LinearAlgebra.Matrix<T>' to 'AiDotNet.LinearAlgebra.Vector<T>' [C:\Users\cheat\source\repos\worktrees\pr-481-1763014665\src\AiDotNet.csproj::TargetFramework=net8.0]
C:\Users\cheat\source\repos\worktrees\pr-481-1763014665\src\ReinforcementLearning\Agents\CQL\CQLAgent.cs(223,58): error CS1503: Argument 1: cannot convert from 'AiDotNet.LinearAlgebra.Vector<T>' to 'AiDotNet.LinearAlgebra.Tensor<T>' [C:\Users\cheat\source\repos\worktrees\pr-481-1763014665\src\AiDotNet.csproj::TargetFramework=net8.0]
C:\Users\cheat\source\repos\worktrees\pr-481-1763014665\src\ReinforcementLearning\Agents\CQL\CQLAgent.cs(224,58): error CS1503: Argument 1: cannot convert from 'AiDotNet.LinearAlgebra.Vector<T>' to 'AiDotNet.LinearAlgebra.Tensor<T>' [C:\Users\cheat\source\repos\worktrees\pr-481-1763014665\src\AiDotNet.csproj::TargetFramework=net8.0]
C:\Users\cheat\source\repos\worktrees\pr-481-1763014665\src\ReinforcementLearning\Agents\CQL\CQLAgent.cs(233,38): error CS1061: '(Vector<T> state, Vector<T> action, T reward, Vector<T> nextState, bool done)' does not contain a definition for 'Reward' and no accessible extension method 'Reward' accepting a first argument of type '(Vector<T> state, Vector<T> action, T reward, Vector<T> nextState, bool done)' could be found (are you missing a using directive or an assembly reference?) [C:\Users\cheat\source\repos\worktrees\pr-481-1763014665\src\AiDotNet.csproj::TargetFramework=net8.0]
C:\Users\cheat\source\repos\worktrees\pr-481-1763014665\src\ReinforcementLearning\Agents\CQL\CQLAgent.cs(238,50): error CS1061: '(Vector<T> state, Vector<T> action, T reward, Vector<T> nextState, bool done)' does not contain a definition for 'Reward' and no accessible extension method 'Reward' accepting a first argument of type '(Vector<T> state, Vector<T> action, T reward, Vector<T> nextState, bool done)' could be found (are you missing a using directive or an assembly reference?) [C:\Users\cheat\source\repos\worktrees\pr-481-1763014665\src\AiDotNet.csproj::TargetFramework=net8.0]
C:\Users\cheat\source\repos\worktrees\pr-481-1763014665\src\ReinforcementLearning\Agents\CQL\CQLAgent.cs(242,83): error CS1061: '(Vector<T> state, Vector<T> action, T reward, Vector<T> nextState, bool done)' does not contain a definition for 'Action' and no accessible extension method 'Action' accepting a first argument of type '(Vector<T> state, Vector<T> action, T reward, Vector<T> nextState, bool done)' could be found (are you missing a using directive or an assembly reference?) [C:\Users\cheat\source\repos\worktrees\pr-481-1763014665\src\AiDotNet.csproj::TargetFramework=net8.0]
C:\Users\cheat\source\repos\worktrees\pr-481-1763014665\src\ReinforcementLearning\Agents\CQL\CQLAgent.cs(243,46): error CS1503: Argument 1: cannot convert from 'AiDotNet.LinearAlgebra.Vector<T>' to 'AiDotNet.LinearAlgebra.Tensor<T>' [C:\Users\cheat\source\repos\worktrees\pr-481-1763014665\src\AiDotNet.csproj::TargetFramework=net8.0]
C:\Users\cheat\source\repos\worktrees\pr-481-1763014665\src\ReinforcementLearning\Agents\CQL\CQLAgent.cs(244,46): error CS1503: Argument 1: cannot convert from 'AiDotNet.LinearAlgebra.Vector<T>' to 'AiDotNet.LinearAlgebra.Tensor<T>' [C:\Users\cheat\source\repos\worktrees\pr-481-1763014665\src\AiDotNet.csproj::TargetFramework=net8.0]
C:\Users\cheat\source\repos\worktrees\pr-481-1763014665\src\ReinforcementLearning\Agents\CQL\CQLAgent.cs(247,77): error CS1061: '(Vector<T> state, Vector<T> action, T reward, Vector<T> nextState, bool done)' does not contain a definition for 'Action' and no accessible extension method 'Action' accepting a first argument of type '(Vector<T> state, Vector<T> action, T reward, Vector<T> nextState, bool done)' could be found (are you missing a using directive or an assembly reference?) [C:\Users\cheat\source\repos\worktrees\pr-481-1763014665\src\AiDotNet.csproj::TargetFramework=net8.0]
C:\Users\cheat\source\repos\worktrees\pr-481-1763014665\src\ReinforcementLearning\Agents\CQL\CQLAgent.cs(265,38): error CS1503: Argument 1: cannot convert from 'AiDotNet.LinearAlgebra.Vector<T>' to 'AiDotNet.LinearAlgebra.Tensor<T>' [C:\Users\cheat\source\repos\worktrees\pr-481-1763014665\src\AiDotNet.csproj::TargetFramework=net8.0]
C:\Users\cheat\source\repos\worktrees\pr-481-1763014665\src\ReinforcementLearning\Agents\CQL\CQLAgent.cs(266,41): error CS1503: Argument 1: cannot convert from 'T' to 'AiDotNet.LinearAlgebra.Vector<T>' [C:\Users\cheat\source\repos\worktrees\pr-481-1763014665\src\AiDotNet.csproj::TargetFramework=net8.0]
C:\Users\cheat\source\repos\worktrees\pr-481-1763014665\src\ReinforcementLearning\Agents\CQL\CQLAgent.cs(274,38): error CS1503: Argument 1: cannot convert from 'AiDotNet.LinearAlgebra.Vector<T>' to 'AiDotNet.LinearAlgebra.Tensor<T>' [C:\Users\cheat\source\repos\worktrees\pr-481-1763014665\src\AiDotNet.csproj::TargetFramework=net8.0]
C:\Users\cheat\source\repos\worktrees\pr-481-1763014665\src\ReinforcementLearning\Agents\CQL\CQLAgent.cs(275,41): error CS1503: Argument 1: cannot convert from 'T' to 'AiDotNet.LinearAlgebra.Vector<T>' [C:\Users\cheat\source\repos\worktrees\pr-481-1763014665\src\AiDotNet.csproj::TargetFramework=net8.0]
C:\Users\cheat\source\repos\worktrees\pr-481-1763014665\src\ReinforcementLearning\Agents\Bandits\ThompsonSamplingAgent.cs(148,218): error CS1503: Argument 1: cannot convert from 'AiDotNet.LinearAlgebra.Matrix<T>' to 'AiDotNet.LinearAlgebra.Vector<T>' [C:\Users\cheat\source\repos\worktrees\pr-481-1763014665\src\AiDotNet.csproj::TargetFramework=net8.0]
C:\Users\cheat\source\repos\worktrees\pr-481-1763014665\src\ReinforcementLearning\Agents\Bandits\ThompsonSamplingAgent.cs(148,249): error CS1503: Argument 2: cannot convert from 'AiDotNet.LinearAlgebra.Matrix<T>' to 'AiDotNet.LinearAlgebra.Vector<T>' [C:\Users\cheat\source\repos\worktrees\pr-481-1763014665\src\AiDotNet.csproj::TargetFramework=net8.0]
C:\Users\cheat\source\repos\worktrees\pr-481-1763014665\src\ReinforcementLearning\Agents\Bandits\ThompsonSamplingAgent.cs(148,317): error CS1503: Argument 1: cannot convert from 'AiDotNet.LinearAlgebra.Matrix<T>' to 'AiDotNet.LinearAlgebra.Vector<T>' [C:\Users\cheat\source\repos\worktrees\pr-481-1763014665\src\AiDotNet.csproj::TargetFramework=net8.0]
C:\Users\cheat\source\repos\worktrees\pr-481-1763014665\src\ReinforcementLearning\Agents\Bandits\ThompsonSamplingAgent.cs(148,348): error CS1503: Argument 2: cannot convert from 'AiDotNet.LinearAlgebra.Matrix<T>' to 'AiDotNet.LinearAlgebra.Vector<T>' [C:\Users\cheat\source\repos\worktrees\pr-481-1763014665\src\AiDotNet.csproj::TargetFramework=net8.0]
C:\Users\cheat\source\repos\worktrees\pr-481-1763014665\src\ReinforcementLearning\Agents\CQL\CQLAgent.cs(301,47): error CS1503: Argument 1: cannot convert from 'AiDotNet.LinearAlgebra.Vector<T>' to 'AiDotNet.LinearAlgebra.Tensor<T>' [C:\Users\cheat\source\repos\worktrees\pr-481-1763014665\src\AiDotNet.csproj::TargetFramework=net8.0]
C:\Users\cheat\source\repos\worktrees\pr-481-1763014665\src\ReinforcementLearning\Agents\CQL\CQLAgent.cs(302,47): error CS1503: Argument 1: cannot convert from 'AiDotNet.LinearAlgebra.Vector<T>' to 'AiDotNet.LinearAlgebra.Tensor<T>' [C:\Users\cheat\source\repos\worktrees\pr-481-1763014665\src\AiDotNet.csproj::TargetFramework=net8.0]
C:\Users\cheat\source\repos\worktrees\pr-481-1763014665\src\Models\Options\IQLOptions.cs(48,63): error CS0246: The type or namespace name 'MeanSquaredError<>' could not be found (are you missing a using directive or an assembly reference?) [C:\Users\cheat\source\repos\worktrees\pr-481-1763014665\src\AiDotNet.csproj::TargetFramework=net8.0]
C:\Users\cheat\source\repos\worktrees\pr-481-1763014665\src\ReinforcementLearning\Agents\CQL\CQLAgent.cs(325,46): error CS1503: Argument 1: cannot convert from 'AiDotNet.LinearAlgebra.Vector<T>' to 'AiDotNet.LinearAlgebra.Tensor<T>' [C:\Users\cheat\source\repos\worktrees\pr-481-1763014665\src\AiDotNet.csproj::TargetFramework=net8.0]
C:\Users\cheat\source\repos\worktrees\pr-481-1763014665\src\ReinforcementLearning\Agents\CQL\CQLAgent.cs(326,46): error CS1503: Argument 1: cannot convert from 'AiDotNet.LinearAlgebra.Vector<T>' to 'AiDotNet.LinearAlgebra.Tensor<T>' [C:\Users\cheat\source\repos\worktrees\pr-481-1763014665\src\AiDotNet.csproj::TargetFramework=net8.0]
C:\Users\cheat\source\repos\worktrees\pr-481-1763014665\src\ReinforcementLearning\Agents\CQL\CQLAgent.cs(337,55): error CS1503: Argument 1: cannot convert from 'AiDotNet.LinearAlgebra.Vector<T>' to 'AiDotNet.LinearAlgebra.Tensor<T>' [C:\Users\cheat\source\repos\worktrees\pr-481-1763014665\src\AiDotNet.csproj::TargetFramework=net8.0]
C:\Users\cheat\source\repos\worktrees\pr-481-1763014665\src\ReinforcementLearning\Agents\CQL\CQLAgent.cs(349,42): error CS1503: Argument 1: cannot convert from 'AiDotNet.LinearAlgebra.Vector<T>' to 'AiDotNet.LinearAlgebra.Tensor<T>' [C:\Users\cheat\source\repos\worktrees\pr-481-1763014665\src\AiDotNet.csproj::TargetFramework=net8.0]
C:\Users\cheat\source\repos\worktrees\pr-481-1763014665\src\ReinforcementLearning\Agents\CQL\CQLAgent.cs(350,45): error CS1503: Argument 1: cannot convert from 'T' to 'AiDotNet.LinearAlgebra.Vector<T>' [C:\Users\cheat\source\repos\worktrees\pr-481-1763014665\src\AiDotNet.csproj::TargetFramework=net8.0]
C:\Users\cheat\source\repos\worktrees\pr-481-1763014665\src\Models\Options\InterventionAnalysisOptions.cs(116,65): error CS0029: Cannot implicitly convert type 'System.Collections.Generic.List<int>' to 'System.Collections.Generic.List<AiDotNet.Models.InterventionInfo>' [C:\Users\cheat\source\repos\worktrees\pr-481-1763014665\src\AiDotNet.csproj::TargetFramework=net8.0]
C:\Users\cheat\source\repos\worktrees\pr-481-1763014665\src\ReinforcementLearning\Agents\DDPG\DDPGAgent.cs(117,32): error CS1729: 'NeuralNetworkArchitecture<T>' does not contain a constructor that takes 0 arguments [C:\Users\cheat\source\repos\worktrees\pr-481-1763014665\src\AiDotNet.csproj::TargetFramework=net8.0]
C:\Users\cheat\source\repos\worktrees\pr-481-1763014665\src\ReinforcementLearning\Agents\DDPG\DDPGAgent.cs(119,13): error CS0200: Property or indexer 'NeuralNetworkArchitecture<T>.Layers' cannot be assigned to -- it is read only [C:\Users\cheat\source\repos\worktrees\pr-481-1763014665\src\AiDotNet.csproj::TargetFramework=net8.0]
C:\Users\cheat\source\repos\worktrees\pr-481-1763014665\src\ReinforcementLearning\Agents\DDPG\DDPGAgent.cs(120,13): error CS0200: Property or indexer 'NeuralNetworkArchitecture<T>.TaskType' cannot be assigned to -- it is read only [C:\Users\cheat\source\repos\worktrees\pr-481-1763014665\src\AiDotNet.csproj::TargetFramework=net8.0]
C:\Users\cheat\source\repos\worktrees\pr-481-1763014665\src\ReinforcementLearning\Agents\DDPG\DDPGAgent.cs(140,79): error CS0246: The type or namespace name 'LinearActivation<>' could not be found (are you missing a using directive or an assembly reference?) [C:\Users\cheat\source\repos\worktrees\pr-481-1763014665\src\AiDotNet.csproj::TargetFramework=net8.0]
C:\Users\cheat\source\repos\worktrees\pr-481-1763014665\src\ReinforcementLearning\Agents\DDPG\DDPGAgent.cs(142,32): error CS1729: 'NeuralNetworkArchitecture<T>' does not contain a constructor that takes 0 arguments [C:\Users\cheat\source\repos\worktrees\pr-481-1763014665\src\AiDotNet.csproj::TargetFramework=net8.0]
C:\Users\cheat\source\repos\worktrees\pr-481-1763014665\src\ReinforcementLearning\Agents\DDPG\DDPGAgent.cs(144,13): error CS0200: Property or indexer 'NeuralNetworkArchitecture<T>.Layers' cannot be assigned to -- it is read only [C:\Users\cheat\source\repos\worktrees\pr-481-1763014665\src\AiDotNet.csproj::TargetFramework=net8.0]
C:\Users\cheat\source\repos\worktrees\pr-481-1763014665\src\ReinforcementLearning\Agents\DDPG\DDPGAgent.cs(145,13): error CS0200: Property or indexer 'NeuralNetworkArchitecture<T>.TaskType' cannot be assigned to -- it is read only [C:\Users\cheat\source\repos\worktrees\pr-481-1763014665\src\AiDotNet.csproj::TargetFramework=net8.0]
C:\Users\cheat\source\repos\worktrees\pr-481-1763014665\src\ReinforcementLearning\Agents\DDPG\DDPGAgent.cs(154,44): error CS1503: Argument 1: cannot convert from 'AiDotNet.LinearAlgebra.Vector<T>' to 'AiDotNet.LinearAlgebra.Tensor<T>' [C:\Users\cheat\source\repos\worktrees\pr-481-1763014665\src\AiDotNet.csproj::TargetFramework=net8.0]
C:\Users\cheat\source\repos\worktrees\pr-481-1763014665\src\ReinforcementLearning\Agents\DDPG\DDPGAgent.cs(170,16): error CS0029: Cannot implicitly convert type 'AiDotNet.LinearAlgebra.Tensor<T>' to 'AiDotNet.LinearAlgebra.Vector<T>' [C:\Users\cheat\source\repos\worktrees\pr-481-1763014665\src\AiDotNet.csproj::TargetFramework=net8.0]
C:\Users\cheat\source\repos\worktrees\pr-481-1763014665\src\ReinforcementLearning\Agents\DDPG\DDPGAgent.cs(176,31): error CS0104: 'Experience<>' is an ambiguous reference between 'AiDotNet.NeuralNetworks.Experience<T>' and 'AiDotNet.ReinforcementLearning.ReplayBuffers.Experience<T>' [C:\Users\cheat\source\repos\worktrees\pr-481-1763014665\src\AiDotNet.csproj::TargetFramework=net8.0]
C:\Users\cheat\source\repos\worktrees\pr-481-1763014665\src\ReinforcementLearning\Agents\CQL\CQLAgent.cs(370,35): error CS1061: 'NeuralNetwork<T>' does not contain a definition for 'GetLayers' and no accessible extension method 'GetLayers' accepting a first argument of type 'NeuralNetwork<T>' could be found (are you missing a using directive or an assembly reference?) [C:\Users\cheat\source\repos\worktrees\pr-481-1763014665\src\AiDotNet.csproj::TargetFramework=net8.0]
C:\Users\cheat\source\repos\worktrees\pr-481-1763014665\src\ReinforcementLearning\Agents\CQL\CQLAgent.cs(371,35): error CS1061: 'NeuralNetwork<T>' does not contain a definition for 'GetLayers' and no accessible extension method 'GetLayers' accepting a first argument of type 'NeuralNetwork<T>' could be found (are you missing a using directive or an assembly reference?) [C:\Users\cheat\source\repos\worktrees\pr-481-1763014665\src\AiDotNet.csproj::TargetFramework=net8.0]
C:\Users\cheat\source\repos\worktrees\pr-481-1763014665\src\ReinforcementLearning\Agents\CQL\CQLAgent.cs(377,49): error CS1061: 'DenseLayer<T>' does not contain a definition for 'GetWeights' and no accessible extension method 'GetWeights' accepting a first argument of type 'DenseLayer<T>' could be found (are you missing a using directive or an assembly reference?) [C:\Users\cheat\source\repos\worktrees\pr-481-1763014665\src\AiDotNet.csproj::TargetFramework=net8.0]
C:\Users\cheat\source\repos\worktrees\pr-481-1763014665\src\ReinforcementLearning\Agents\CQL\CQLAgent.cs(378,48): error CS1061: 'DenseLayer<T>' does not contain a definition for 'GetBiases' and no accessible extension method 'GetBiases' accepting a first argument of type 'DenseLayer<T>' could be found (are you missing a using directive or an assembly reference?) [C:\Users\cheat\source\repos\worktrees\pr-481-1763014665\src\AiDotNet.csproj::TargetFramework=net8.0]
C:\Users\cheat\source\repos\worktrees\pr-481-1763014665\src\ReinforcementLearning\Agents\CQL\CQLAgent.cs(379,49): error CS1061: 'DenseLayer<T>' does not contain a definition for 'GetWeights' and no accessible extension method 'GetWeights' accepting a first argument of type 'DenseLayer<T>' could be found (are you missing a using directive or an assembly reference?) [C:\Users\cheat\source\repos\worktrees\pr-481-1763014665\src\AiDotNet.csproj::TargetFramework=net8.0]
C:\Users\cheat\source\repos\worktrees\pr-481-1763014665\src\ReinforcementLearning\Agents\CQL\CQLAgent.cs(380,48): error CS1061: 'DenseLayer<T>' does not contain a definition for 'GetBiases' and no accessible extension method 'GetBiases' accepting a first argument of type 'DenseLayer<T>' could be found (are you missing a using directive or an assembly reference?) [C:\Users\cheat\source\repos\worktrees\pr-481-1763014665\src\AiDotNet.csproj::TargetFramework=net8.0]
C:\Users\cheat\source\repos\worktrees\pr-481-1763014665\src\ReinforcementLearning\Agents\CQL\CQLAgent.cs(394,26): error CS0136: A local or parameter named 'i' cannot be declared in this scope because that name is used in an enclosing local scope to define a local or parameter [C:\Users\cheat\source\repos\worktrees\pr-481-1763014665\src\AiDotNet.csproj::TargetFramework=net8.0]
C:\Users\cheat\source\repos\worktrees\pr-481-1763014665\src\ReinforcementLearning\Agents\CQL\CQLAgent.cs(402,29): error CS1061: 'DenseLayer<T>' does not contain a definition for 'SetBiases' and no accessible extension method 'SetBiases' accepting a first argument of type 'DenseLayer<T>' could be found (are you missing a using directive or an assembly reference?) [C:\Users\cheat\source\repos\worktrees\pr-481-1763014665\src\AiDotNet.csproj::TargetFramework=net8.0]
C:\Users\cheat\source\repos\worktrees\pr-481-1763014665\src\ReinforcementLearning\Agents\CQL\CQLAgent.cs(409,35): error CS1061: 'NeuralNetwork<T>' does not contain a definition for 'GetLayers' and no accessible extension method 'GetLayers' accepting a first argument of type 'NeuralNetwork<T>' could be found (are you missing a using directive or an assembly reference?) [C:\Users\cheat\source\repos\worktrees\pr-481-1763014665\src\AiDotNet.csproj::TargetFramework=net8.0]
C:\Users\cheat\source\repos\worktrees\pr-481-1763014665\src\ReinforcementLearning\Agents\CQL\CQLAgent.cs(410,35): error CS1061: 'NeuralNetwork<T>' does not contain a definition for 'GetLayers' and no accessible extension method 'GetLayers' accepting a first argument of type 'NeuralNetwork<T>' could be found (are you missing a using directive or an assembly reference?) [C:\Users\cheat\source\repos\worktrees\pr-481-1763014665\src\AiDotNet.csproj::TargetFramework=net8.0]
C:\Users\cheat\source\repos\worktrees\pr-481-1763014665\src\ReinforcementLearning\Agents\CQL\CQLAgent.cs(416,52): error CS1061: 'DenseLayer<T>' does not contain a definition for 'GetWeights' and no accessible extension method 'GetWeights' accepting a first argument of type 'DenseLayer<T>' could be found (are you missing a using directive or an assembly reference?) [C:\Users\cheat\source\repos\worktrees\pr-481-1763014665\src\AiDotNet.csproj::TargetFramework=net8.0]
C:\Users\cheat\source\repos\worktrees\pr-481-1763014665\src\ReinforcementLearning\Agents\CQL\CQLAgent.cs(417,51): error CS1061: 'DenseLayer<T>' does not contain a definition for 'GetBiases' and no accessible extension method 'GetBiases' accepting a first argument of type 'DenseLayer<T>' could be found (are you missing a using directive or an assembly reference?) [C:\Users\cheat\source\repos\worktrees\pr-481-1763014665\src\AiDotNet.csproj::TargetFramework=net8.0]
C:\Users\cheat\source\repos\worktrees\pr-481-1763014665\src\ReinforcementLearning\Agents\CQL\CQLAgent.cs(417,29): error CS1061: 'DenseLayer<T>' does not contain a definition for 'SetBiases' and no accessible extension method 'SetBiases' accepting a first argument of type 'DenseLayer<T>' could be found (are you missing a using directive or an assembly reference?) [C:\Users\cheat\source\repos\worktrees\pr-481-1763014665\src\AiDotNet.csproj::TargetFramework=net8.0]
C:\Users\cheat\source\repos\worktrees\pr-481-1763014665\src\ReinforcementLearning\Agents\DDPG\DDPGAgent.cs(214,58): error CS1503: Argument 1: cannot convert from 'AiDotNet.LinearAlgebra.Vector<T>' to 'AiDotNet.LinearAlgebra.Tensor<T>' [C:\Users\cheat\source\repos\worktrees\pr-481-1763014665\src\AiDotNet.csproj::TargetFramework=net8.0]
C:\Users\cheat\source\repos\worktrees\pr-481-1763014665\src\ReinforcementLearning\Agents\DDPG\DDPGAgent.cs(215,73): error CS1503: Argument 2: cannot convert from 'AiDotNet.LinearAlgebra.Tensor<T>' to 'AiDotNet.LinearAlgebra.Vector<T>' [C:\Users\cheat\source\repos\worktrees\pr-481-1763014665\src\AiDotNet.csproj::TargetFramework=net8.0]
C:\Users\cheat\source\repos\worktrees\pr-481-1763014665\src\ReinforcementLearning\Agents\DDPG\DDPGAgent.cs(216,54): error CS1503: Argument 1: cannot convert from 'AiDotNet.LinearAlgebra.Vector<T>' to 'AiDotNet.LinearAlgebra.Tensor<T>' [C:\Users\cheat\source\repos\worktrees\pr-481-1763014665\src\AiDotNet.csproj::TargetFramework=net8.0]
C:\Users\cheat\source\repos\worktrees\pr-481-1763014665\src\ReinforcementLearning\Agents\DDPG\DDPGAgent.cs(230,51): error CS1503: Argument 1: cannot convert from 'AiDotNet.LinearAlgebra.Vector<T>' to 'AiDotNet.LinearAlgebra.Tensor<T>' [C:\Users\cheat\source\repos\worktrees\pr-481-1763014665\src\AiDotNet.csproj::TargetFramework=net8.0]
C:\Users\cheat\source\repos\worktrees\pr-481-1763014665\src\ReinforcementLearning\Agents\DDPG\DDPGAgent.cs(239,56): error CS1061: 'ILossFunction<T>' does not contain a definition for 'ComputeGradient' and no accessible extension method 'ComputeGradient' accepting a first argument of type 'ILossFunction<T>' could be found (are you missing a using directive or an assembly reference?) [C:\Users\cheat\source\repos\worktrees\pr-481-1763014665\src\AiDotNet.csproj::TargetFramework=net8.0]
C:\Users\cheat\source\repos\worktrees\pr-481-1763014665\src\ReinforcementLearning\Agents\DecisionTransformer\DecisionTransformerAgent.cs(50,12): error CS8618: Non-nullable field '_transformerNetwork' must contain a non-null value when exiting constructor. Consider adding the 'required' modifier or declaring the field as nullable. [C:\Users\cheat\source\repos\worktrees\pr-481-1763014665\src\AiDotNet.csproj::TargetFramework=net8.0]
C:\Users\cheat\source\repos\worktrees\pr-481-1763014665\src\ReinforcementLearning\Agents\DDPG\DDPGAgent.cs(256,48): error CS1503: Argument 1: cannot convert from 'AiDotNet.LinearAlgebra.Vector<T>' to 'AiDotNet.LinearAlgebra.Tensor<T>' [C:\Users\cheat\source\repos\worktrees\pr-481-1763014665\src\AiDotNet.csproj::TargetFramework=net8.0]
C:\Users\cheat\source\repos\worktrees\pr-481-1763014665\src\ReinforcementLearning\Agents\DDPG\DDPGAgent.cs(259,65): error CS1503: Argument 2: cannot convert from 'AiDotNet.LinearAlgebra.Tensor<T>' to 'AiDotNet.LinearAlgebra.Vector<T>' [C:\Users\cheat\source\repos\worktrees\pr-481-1763014665\src\AiDotNet.csproj::TargetFramework=net8.0]
C:\Users\cheat\source\repos\worktrees\pr-481-1763014665\src\ReinforcementLearning\Agents\DDPG\DDPGAgent.cs(260,44): error CS1503: Argument 1: cannot convert from 'AiDotNet.LinearAlgebra.Vector<T>' to 'AiDotNet.LinearAlgebra.Tensor<T>' [C:\Users\cheat\source\repos\worktrees\pr-481-1763014665\src\AiDotNet.csproj::TargetFramework=net8.0]
C:\Users\cheat\source\repos\worktrees\pr-481-1763014665\src\ReinforcementLearning\Agents\DDPG\DDPGAgent.cs(269,60): error CS1503: Argument 1: cannot convert from 'AiDotNet.LinearAlgebra.Tensor<T>' to 'AiDotNet.LinearAlgebra.Vector<T>' [C:\Users\cheat\source\repos\worktrees\pr-481-1763014665\src\AiDotNet.csproj::TargetFramework=net8.0]
C:\Users\cheat\source\repos\worktrees\pr-481-1763014665\src\ReinforcementLearning\Agents\DDPG\DDPGAgent.cs(270,41): error CS1503: Argument 1: cannot convert from 'AiDotNet.LinearAlgebra.Vector<T>' to 'AiDotNet.LinearAlgebra.Tensor<T>' [C:\Users\cheat\source\repos\worktrees\pr-481-1763014665\src\AiDotNet.csproj::TargetFramework=net8.0]
C:\Users\cheat\source\repos\worktrees\pr-481-1763014665\src\ReinforcementLearning\Agents\DDPG\DDPGAgent.cs(336,29): error CS1061: 'NeuralNetwork<T>' does not contain a definition for 'GetFlattenedGradients' and no accessible extension method 'GetFlattenedGradients' accepting a first argument of type 'NeuralNetwork<T>' could be found (are you missing a using directive or an assembly reference?) [C:\Users\cheat\source\repos\worktrees\pr-481-1763014665\src\AiDotNet.csproj::TargetFramework=net8.0]
C:\Users\cheat\source\repos\worktrees\pr-481-1763014665\src\ReinforcementLearning\Agents\SAC\SACAgent.cs(111,104): error CS0246: The type or namespace name 'LinearActivation<>' could not be found (are you missing a using directive or an assembly reference?) [C:\Users\cheat\source\repos\worktrees\pr-481-1763014665\src\AiDotNet.csproj::TargetFramework=net8.0]
C:\Users\cheat\source\repos\worktrees\pr-481-1763014665\src\ReinforcementLearning\Agents\SAC\SACAgent.cs(113,32): error CS1729: 'NeuralNetworkArchitecture<T>' does not contain a constructor that takes 0 arguments [C:\Users\cheat\source\repos\worktrees\pr-481-1763014665\src\AiDotNet.csproj::TargetFramework=net8.0]
C:\Users\cheat\source\repos\worktrees\pr-481-1763014665\src\ReinforcementLearning\Agents\SAC\SACAgent.cs(115,13): error CS0200: Property or indexer 'NeuralNetworkArchitecture<T>.Layers' cannot be assigned to -- it is read only [C:\Users\cheat\source\repos\worktrees\pr-481-1763014665\src\AiDotNet.csproj::TargetFramework=net8.0]
C:\Users\cheat\source\repos\worktrees\pr-481-1763014665\src\ReinforcementLearning\Agents\SAC\SACAgent.cs(116,13): error CS0200: Property or indexer 'NeuralNetworkArchitecture<T>.TaskType' cannot be assigned to -- it is read only [C:\Users\cheat\source\repos\worktrees\pr-481-1763014665\src\AiDotNet.csproj::TargetFramework=net8.0]
C:\Users\cheat\source\repos\worktrees\pr-481-1763014665\src\ReinforcementLearning\Agents\DecisionTransformer\DecisionTransformerAgent.cs(73,32): error CS1729: 'NeuralNetworkArchitecture<T>' does not contain a constructor that takes 0 arguments [C:\Users\cheat\source\repos\worktrees\pr-481-1763014665\src\AiDotNet.csproj::TargetFramework=net8.0]
C:\Users\cheat\source\repos\worktrees\pr-481-1763014665\src\ReinforcementLearning\Agents\DecisionTransformer\DecisionTransformerAgent.cs(75,13): error CS0200: Property or indexer 'NeuralNetworkArchitecture<T>.TaskType' cannot be assigned to -- it is read only [C:\Users\cheat\source\repos\worktrees\pr-481-1763014665\src\AiDotNet.csproj::TargetFramework=net8.0]
C:\Users\cheat\source\repos\worktrees\pr-481-1763014665\src\ReinforcementLearning\Agents\DecisionTransformer\DecisionTransformerAgent.cs(91,28): error CS1061: 'DenseLayer<T>' does not contain a definition for 'GetWeights' and no accessible extension method 'GetWeights' accepting a first argument of type 'DenseLayer<T>' could be found (are you missing a using directive or an assembly reference?) [C:\Users\cheat\source\repos\worktrees\pr-481-1763014665\src\AiDotNet.csproj::TargetFramework=net8.0]
C:\Users\cheat\source\repos\worktrees\pr-481-1763014665\src\ReinforcementLearning\Agents\DecisionTransformer\DecisionTransformerAgent.cs(97,9): error CS0200: Property or indexer 'NeuralNetworkArchitecture<T>.Layers' cannot be assigned to -- it is read only [C:\Users\cheat\source\repos\worktrees\pr-481-1763014665\src\AiDotNet.csproj::TargetFramework=net8.0]
C:\Users\cheat\source\repos\worktrees\pr-481-1763014665\src\ReinforcementLearning\Agents\SAC\SACAgent.cs(136,79): error CS0246: The type or namespace name 'LinearActivation<>' could not be found (are you missing a using directive or an assembly reference?) [C:\Users\cheat\source\repos\worktrees\pr-481-1763014665\src\AiDotNet.csproj::TargetFramework=net8.0]
C:\Users\cheat\source\repos\worktrees\pr-481-1763014665\src\ReinforcementLearning\Agents\SAC\SACAgent.cs(138,32): error CS1729: 'NeuralNetworkArchitecture<T>' does not contain a constructor that takes 0 arguments [C:\Users\cheat\source\repos\worktrees\pr-481-1763014665\src\AiDotNet.csproj::TargetFramework=net8.0]
C:\Users\cheat\source\repos\worktrees\pr-481-1763014665\src\ReinforcementLearning\Agents\SAC\SACAgent.cs(140,13): error CS0200: Property or indexer 'NeuralNetworkArchitecture<T>.Layers' cannot be assigned to -- it is read only [C:\Users\cheat\source\repos\worktrees\pr-481-1763014665\src\AiDotNet.csproj::TargetFramework=net8.0]
C:\Users\cheat\source\repos\worktrees\pr-481-1763014665\src\ReinforcementLearning\Agents\SAC\SACAgent.cs(141,13): error CS0200: Property or indexer 'NeuralNetworkArchitecture<T>.TaskType' cannot be assigned to -- it is read only [C:\Users\cheat\source\repos\worktrees\pr-481-1763014665\src\AiDotNet.csproj::TargetFramework=net8.0]
C:\Users\cheat\source\repos\worktrees\pr-481-1763014665\src\ReinforcementLearning\Agents\CQL\CQLAgent.cs(533,16): error CS0029: Cannot implicitly convert type '(AiDotNet.LinearAlgebra.Vector<T>, T Zero)' to 'AiDotNet.LinearAlgebra.Vector<T>' [C:\Users\cheat\source\repos\worktrees\pr-481-1763014665\src\AiDotNet.csproj::TargetFramework=net8.0]
C:\Users\cheat\source\repos\worktrees\pr-481-1763014665\src\ReinforcementLearning\Agents\SAC\SACAgent.cs(150,51): error CS1503: Argument 1: cannot convert from 'AiDotNet.LinearAlgebra.Vector<T>' to 'AiDotNet.LinearAlgebra.Tensor<T>' [C:\Users\cheat\source\repos\worktrees\pr-481-1763014665\src\AiDotNet.csproj::TargetFramework=net8.0]
C:\Users\cheat\source\repos\worktrees\pr-481-1763014665\src\ReinforcementLearning\Agents\SAC\SACAgent.cs(151,40): error CS1503: Argument 1: cannot convert from 'AiDotNet.LinearAlgebra.Tensor<T>' to 'AiDotNet.LinearAlgebra.Vector<T>' [C:\Users\cheat\source\repos\worktrees\pr-481-1763014665\src\AiDotNet.csproj::TargetFramework=net8.0]
C:\Users\cheat\source\repos\worktrees\pr-481-1763014665\src\ReinforcementLearning\Agents\DecisionTransformer\DecisionTransformerAgent.cs(168,56): error CS1503: Argument 1: cannot convert from 'AiDotNet.LinearAlgebra.Vector<T>' to 'AiDotNet.LinearAlgebra.Tensor<T>' [C:\Users\cheat\source\repos\worktrees\pr-481-1763014665\src\AiDotNet.csproj::TargetFramework=net8.0]
C:\Users\cheat\source\repos\worktrees\pr-481-1763014665\src\ReinforcementLearning\Agents\DecisionTransformer\DecisionTransformerAgent.cs(171,37): error CS1503: Argument 1: cannot convert from 'AiDotNet.LinearAlgebra.Tensor<T>' to 'AiDotNet.LinearAlgebra.Vector<T>' [C:\Users\cheat\source\repos\worktrees\pr-481-1763014665\src\AiDotNet.csproj::TargetFramework=net8.0]
C:\Users\cheat\source\repos\worktrees\pr-481-1763014665\src\ReinforcementLearning\Agents\DecisionTransformer\DecisionTransformerAgent.cs(173,16): error CS0029: Cannot implicitly convert type 'AiDotNet.LinearAlgebra.Tensor<T>' to 'AiDotNet.LinearAlgebra.Vector<T>' [C:\Users\cheat\source\repos\worktrees\pr-481-1763014665\src\AiDotNet.csproj::TargetFramework=net8.0]
C:\Users\cheat\source\repos\worktrees\pr-481-1763014665\src\ReinforcementLearning\Agents\SAC\SACAgent.cs(258,59): error CS1503: Argument 1: cannot convert from 'AiDotNet.LinearAlgebra.Vector<T>' to 'AiDotNet.LinearAlgebra.Tensor<T>' [C:\Users\cheat\source\repos\worktrees\pr-481-1763014665\src\AiDotNet.csproj::TargetFramework=net8.0]
C:\Users\cheat\source\repos\worktrees\pr-481-1763014665\src\ReinforcementLearning\Agents\SAC\SACAgent.cs(259,58): error CS1503: Argument 1: cannot convert from 'AiDotNet.LinearAlgebra.Tensor<T>' to 'AiDotNet.LinearAlgebra.Vector<T>' [C:\Users\cheat\source\repos\worktrees\pr-481-1763014665\src\AiDotNet.csproj::TargetFramework=net8.0]
C:\Users\cheat\source\repos\worktrees\pr-481-1763014665\src\ReinforcementLearning\Agents\SAC\SACAgent.cs(265,53): error CS1503: Argument 1: cannot convert from 'AiDotNet.LinearAlgebra.Vector<T>' to 'AiDotNet.LinearAlgebra.Tensor<T>' [C:\Users\cheat\source\repos\worktrees\pr-481-1763014665\src\AiDotNet.csproj::TargetFramework=net8.0]
C:\Users\cheat\source\repos\worktrees\pr-481-1763014665\src\ReinforcementLearning\Agents\SAC\SACAgent.cs(266,53): error CS1503: Argument 1: cannot convert from 'AiDotNet.LinearAlgebra.Vector<T>' to 'AiDotNet.LinearAlgebra.Tensor<T>' [C:\Users\cheat\source\repos\worktrees\pr-481-1763014665\src\AiDotNet.csproj::TargetFramework=net8.0]
C:\Users\cheat\source\repos\worktrees\pr-481-1763014665\src\ReinforcementLearning\Agents\SAC\SACAgent.cs(289,45): error CS1503: Argument 1: cannot convert from 'AiDotNet.LinearAlgebra.Vector<T>' to 'AiDotNet.LinearAlgebra.Tensor<T>' [C:\Users\cheat\source\repos\worktrees\pr-481-1763014665\src\AiDotNet.csproj::TargetFramework=net8.0]
C:\Users\cheat\source\repos\worktrees\pr-481-1763014665\src\ReinforcementLearning\Agents\SAC\SACAgent.cs(295,45): error CS1503: Argument 1: cannot convert from 'AiDotNet.LinearAlgebra.Vector<T>' to 'AiDotNet.LinearAlgebra.Tensor<T>' [C:\Users\cheat\source\repos\worktrees\pr-481-1763014665\src\AiDotNet.csproj::TargetFramework=net8.0]
C:\Users\cheat\source\repos\worktrees\pr-481-1763014665\src\ReinforcementLearning\Agents\SAC\SACAgent.cs(302,52): error CS1061: 'ILossFunction<T>' does not contain a definition for 'ComputeGradient' and no accessible extension method 'ComputeGradient' accepting a first argument of type 'ILossFunction<T>' could be found (are you missing a using directive or an assembly reference?) [C:\Users\cheat\source\repos\worktrees\pr-481-1763014665\src\AiDotNet.csproj::TargetFramework=net8.0]
C:\Users\cheat\source\repos\worktrees\pr-481-1763014665\src\ReinforcementLearning\Agents\SAC\SACAgent.cs(306,52): error CS1061: 'ILossFunction<T>' does not contain a definition for 'ComputeGradient' and no accessible extension method 'ComputeGradient' accepting a first argument of type 'ILossFunction<T>' could be found (are you missing a using directive or an assembly reference?) [C:\Users\cheat\source\repos\worktrees\pr-481-1763014665\src\AiDotNet.csproj::TargetFramework=net8.0]
C:\Users\cheat\source\repos\worktrees\pr-481-1763014665\src\ReinforcementLearning\Agents\DecisionTransformer\DecisionTransformerAgent.cs(219,63): error CS1503: Argument 1: cannot convert from 'AiDotNet.LinearAlgebra.Vector<T>' to 'AiDotNet.LinearAlgebra.Tensor<T>' [C:\Users\cheat\source\repos\worktrees\pr-481-1763014665\src\AiDotNet.csproj::TargetFramework=net8.0]
C:\Users\cheat\source\repos\worktrees\pr-481-1763014665\src\ReinforcementLearning\Agents\DecisionTransformer\DecisionTransformerAgent.cs(238,33): error CS1061: 'INeuralNetwork<T>' does not contain a definition for 'Backpropagate' and no accessible extension method 'Backpropagate' accepting a first argument of type 'INeuralNetwork<T>' could be found (are you missing a using directive or an assembly reference?) [C:\Users\cheat\source\repos\worktrees\pr-481-1763014665\src\AiDotNet.csproj::TargetFramework=net8.0]
C:\Users\cheat\source\repos\worktrees\pr-481-1763014665\src\ReinforcementLearning\Agents\DecisionTransformer\DecisionTransformerAgent.cs(239,50): error CS1503: Argument 1: cannot convert from 'T' to 'AiDotNet.LinearAlgebra.Vector<T>' [C:\Users\cheat\source\repos\worktrees\pr-481-1763014665\src\AiDotNet.csproj::TargetFramework=net8.0]
C:\Users\cheat\source\repos\worktrees\pr-481-1763014665\src\ReinforcementLearning\Agents\SAC\SACAgent.cs(324,55): error CS1503: Argument 1: cannot convert from 'AiDotNet.LinearAlgebra.Vector<T>' to 'AiDotNet.LinearAlgebra.Tensor<T>' [C:\Users\cheat\source\repos\worktrees\pr-481-1763014665\src\AiDotNet.csproj::TargetFramework=net8.0]
C:\Users\cheat\source\repos\worktrees\pr-481-1763014665\src\ReinforcementLearning\Agents\SAC\SACAgent.cs(325,50): error CS1503: Argument 1: cannot convert from 'AiDotNet.LinearAlgebra.Tensor<T>' to 'AiDotNet.LinearAlgebra.Vector<T>' [C:\Users\cheat\source\repos\worktrees\pr-481-1763014665\src\AiDotNet.csproj::TargetFramework=net8.0]
C:\Users\cheat\source\repos\worktrees\pr-481-1763014665\src\ReinforcementLearning\Agents\SAC\SACAgent.cs(329,41): error CS1503: Argument 1: cannot convert from 'AiDotNet.LinearAlgebra.Vector<T>' to 'AiDotNet.LinearAlgebra.Tensor<T>' [C:\Users\cheat\source\repos\worktrees\pr-481-1763014665\src\AiDotNet.csproj::TargetFramework=net8.0]
C:\Users\cheat\source\repos\worktrees\pr-481-1763014665\src\ReinforcementLearning\Agents\SAC\SACAgent.cs(330,41): error CS1503: Argument 1: cannot convert from 'AiDotNet.LinearAlgebra.Vector<T>' to 'AiDotNet.LinearAlgebra.Tensor<T>' [C:\Users\cheat\source\repos\worktrees\pr-481-1763014665\src\AiDotNet.csproj::TargetFramework=net8.0]
C:\Users\cheat\source\repos\worktrees\pr-481-1763014665\src\ReinforcementLearning\Agents\SAC\SACAgent.cs(345,17): error CS1503: Argument 1: cannot convert from 'AiDotNet.LinearAlgebra.Tensor<T>' to 'AiDotNet.LinearAlgebra.Vector<T>' [C:\Users\cheat\source\repos\worktrees\pr-481-1763014665\src\AiDotNet.csproj::TargetFramework=net8.0]
C:\Users\cheat\source\repos\worktrees\pr-481-1763014665\src\ReinforcementLearning\Agents\SAC\SACAgent.cs(347,42): error CS1503: Argument 1: cannot convert from 'AiDotNet.LinearAlgebra.Vector<T>' to 'AiDotNet.LinearAlgebra.Tensor<T>' [C:\Users\cheat\source\repos\worktrees\pr-481-1763014665\src\AiDotNet.csproj::TargetFramework=net8.0]
C:\Users\cheat\source\repos\worktrees\pr-481-1763014665\src\Models\Options\EnsembleFitDetectorOptions.cs(35,57): error CS0029: Cannot implicitly convert type 'System.Collections.Generic.List<int>' to 'System.Collections.Generic.List<double>' [C:\Users\cheat\source\repos\worktrees\pr-481-1763014665\src\AiDotNet.csproj::TargetFramework=net8.0]
C:\Users\cheat\source\repos\worktrees\pr-481-1763014665\src\ReinforcementLearning\Agents\AdvancedRL\LSTDAgent.cs(168,28): error CS1061: 'INumericOperations<T>' does not contain a definition for 'Compare' and no accessible extension method 'Compare' accepting a first argument of type 'INumericOperations<T>' could be found (are you missing a using directive or an assembly reference?) [C:\Users\cheat\source\repos\worktrees\pr-481-1763014665\src\AiDotNet.csproj::TargetFramework=net8.0]
C:\Users\cheat\source\repos\worktrees\pr-481-1763014665\src\ReinforcementLearning\Agents\DecisionTransformer\DecisionTransformerAgent.cs(294,25): error CS0029: Cannot implicitly convert type 'string' to 'AiDotNet.Enums.ModelType' [C:\Users\cheat\source\repos\worktrees\pr-481-1763014665\src\AiDotNet.csproj::TargetFramework=net8.0]
C:\Users\cheat\source\repos\worktrees\pr-481-1763014665\src\ReinforcementLearning\Agents\DecisionTransformer\DecisionTransformerAgent.cs(334,41): error CS1061: 'ILossFunction<T>' does not contain a definition for 'ComputeGradient' and no accessible extension method 'ComputeGradient' accepting a first argument of type 'ILossFunction<T>' could be found (are you missing a using directive or an assembly reference?) [C:\Users\cheat\source\repos\worktrees\pr-481-1763014665\src\AiDotNet.csproj::TargetFramework=net8.0]
C:\Users\cheat\source\repos\worktrees\pr-481-1763014665\src\ReinforcementLearning\Agents\DecisionTransformer\DecisionTransformerAgent.cs(340,29): error CS1061: 'INeuralNetwork<T>' does not contain a definition for 'Backpropagate' and no accessible extension method 'Backpropagate' accepting a first argument of type 'INeuralNetwork<T>' could be found (are you missing a using directive or an assembly reference?) [C:\Users\cheat\source\repos\worktrees\pr-481-1763014665\src\AiDotNet.csproj::TargetFramework=net8.0]
C:\Users\cheat\source\repos\worktrees\pr-481-1763014665\src\ReinforcementLearning\Agents\DecisionTransformer\DecisionTransformerAgent.cs(341,46): error CS1503: Argument 1: cannot convert from 'T' to 'AiDotNet.LinearAlgebra.Vector<T>' [C:\Users\cheat\source\repos\worktrees\pr-481-1763014665\src\AiDotNet.csproj::TargetFramework=net8.0]
C:\Users\cheat\source\repos\worktrees\pr-481-1763014665\src\ReinforcementLearning\Agents\SAC\SACAgent.cs(424,55): error CS1503: Argument 1: cannot convert from 'AiDotNet.LinearAlgebra.Vector<T>' to 'AiDotNet.LinearAlgebra.Tensor<T>' [C:\Users\cheat\source\repos\worktrees\pr-481-1763014665\src\AiDotNet.csproj::TargetFramework=net8.0]
C:\Users\cheat\source\repos\worktrees\pr-481-1763014665\src\ReinforcementLearning\Agents\SAC\SACAgent.cs(425,45): error CS1503: Argument 1: cannot convert from 'AiDotNet.LinearAlgebra.Tensor<T>' to 'AiDotNet.LinearAlgebra.Vector<T>' [C:\Users\cheat\source\repos\worktrees\pr-481-1763014665\src\AiDotNet.csproj::TargetFramework=net8.0]
C:\Users\cheat\source\repos\worktrees\pr-481-1763014665\src\Models\Options\DuelingDQNOptions.cs(15,62): error CS0246: The type or namespace name 'MeanSquaredError<>' could not be found (are you missing a using directive or an assembly reference?) [C:\Users\cheat\source\repos\worktrees\pr-481-1763014665\src\AiDotNet.csproj::TargetFramework=net8.0]
C:\Users\cheat\source\repos\worktrees\pr-481-1763014665\src\ReinforcementLearning\Agents\SAC\SACAgent.cs(471,29): error CS1061: 'NeuralNetwork<T>' does not contain a definition for 'GetFlattenedGradients' and no accessible extension method 'GetFlattenedGradients' accepting a first argument of type 'NeuralNetwork<T>' could be found (are you missing a using directive or an assembly reference?) [C:\Users\cheat\source\repos\worktrees\pr-481-1763014665\src\AiDotNet.csproj::TargetFramework=net8.0]
C:\Users\cheat\source\repos\worktrees\pr-481-1763014665\src\Models\Options\DQNOptions.cs(22,62): error CS0246: The type or namespace name 'MeanSquaredError<>' could not be found (are you missing a using directive or an assembly reference?) [C:\Users\cheat\source\repos\worktrees\pr-481-1763014665\src\AiDotNet.csproj::TargetFramework=net8.0]
C:\Users\cheat\source\repos\worktrees\pr-481-1763014665\src\Models\Options\DoubleDQNOptions.cs(15,62): error CS0246: The type or namespace name 'MeanSquaredError<>' could not be found (are you missing a using directive or an assembly reference?) [C:\Users\cheat\source\repos\worktrees\pr-481-1763014665\src\AiDotNet.csproj::TargetFramework=net8.0]
C:\Users\cheat\source\repos\worktrees\pr-481-1763014665\src\Models\Options\CQLOptions.cs(52,63): error CS0246: The type or namespace name 'MeanSquaredError<>' could not be found (are you missing a using directive or an assembly reference?) [C:\Users\cheat\source\repos\worktrees\pr-481-1763014665\src\AiDotNet.csproj::TargetFramework=net8.0]
C:\Users\cheat\source\repos\worktrees\pr-481-1763014665\src\ReinforcementLearning\Agents\DoubleDQN\DoubleDQNAgent.cs(109,97): error CS0246: The type or namespace name 'LinearActivation<>' could not be found (are you missing a using directive or an assembly reference?) [C:\Users\cheat\source\repos\worktrees\pr-481-1763014665\src\AiDotNet.csproj::TargetFramework=net8.0]
C:\Users\cheat\source\repos\worktrees\pr-481-1763014665\src\ReinforcementLearning\Agents\DoubleDQN\DoubleDQNAgent.cs(111,32): error CS1729: 'NeuralNetworkArchitecture<T>' does not contain a constructor that takes 0 arguments [C:\Users\cheat\source\repos\worktrees\pr-481-1763014665\src\AiDotNet.csproj::TargetFramework=net8.0]
C:\Users\cheat\source\repos\worktrees\pr-481-1763014665\src\ReinforcementLearning\Agents\DoubleDQN\DoubleDQNAgent.cs(113,13): error CS0200: Property or indexer 'NeuralNetworkArchitecture<T>.Layers' cannot be assigned to -- it is read only [C:\Users\cheat\source\repos\worktrees\pr-481-1763014665\src\AiDotNet.csproj::TargetFramework=net8.0]
C:\Users\cheat\source\repos\worktrees\pr-481-1763014665\src\ReinforcementLearning\Agents\DoubleDQN\DoubleDQNAgent.cs(114,13): error CS0200: Property or indexer 'NeuralNetworkArchitecture<T>.TaskType' cannot be assigned to -- it is read only [C:\Users\cheat\source\repos\worktrees\pr-481-1763014665\src\AiDotNet.csproj::TargetFramework=net8.0]
C:\Users\cheat\source\repos\worktrees\pr-481-1763014665\src\ReinforcementLearning\Agents\DoubleDQN\DoubleDQNAgent.cs(131,41): error CS1503: Argument 1: cannot convert from 'AiDotNet.LinearAlgebra.Vector<T>' to 'AiDotNet.LinearAlgebra.Tensor<T>' [C:\Users\cheat\source\repos\worktrees\pr-481-1763014665\src\AiDotNet.csproj::TargetFramework=net8.0]
C:\Users\cheat\source\repos\worktrees\pr-481-1763014665\src\ReinforcementLearning\Agents\DoubleDQN\DoubleDQNAgent.cs(132,33): error CS1503: Argument 1: cannot convert from 'AiDotNet.LinearAlgebra.Tensor<T>' to 'AiDotNet.LinearAlgebra.Vector<T>' [C:\Users\cheat\source\repos\worktrees\pr-481-1763014665\src\AiDotNet.csproj::TargetFramework=net8.0]
C:\Users\cheat\source\repos\worktrees\pr-481-1763014665\src\ReinforcementLearning\Agents\DoubleDQN\DoubleDQNAgent.cs(142,31): error CS0104: 'Experience<>' is an ambiguous reference between 'AiDotNet.NeuralNetworks.Experience<T>' and 'AiDotNet.ReinforcementLearning.ReplayBuffers.Experience<T>' [C:\Users\cheat\source\repos\worktrees\pr-481-1763014665\src\AiDotNet.csproj::TargetFramework=net8.0]
C:\Users\cheat\source\repos\worktrees\pr-481-1763014665\src\ReinforcementLearning\Agents\AdvancedRL\LSTDAgent.cs(314,37): error CS1503: Argument 1: cannot convert from 'AiDotNet.LinearAlgebra.Matrix<T>' to 'AiDotNet.LinearAlgebra.Vector<T>' [C:\Users\cheat\source\repos\worktrees\pr-481-1763014665\src\AiDotNet.csproj::TargetFramework=net8.0]
C:\Users\cheat\source\repos\worktrees\pr-481-1763014665\src\ReinforcementLearning\Agents\AdvancedRL\LSTDAgent.cs(314,68): error CS1503: Argument 2: cannot convert from 'AiDotNet.LinearAlgebra.Matrix<T>' to 'AiDotNet.LinearAlgebra.Vector<T>' [C:\Users\cheat\source\repos\worktrees\pr-481-1763014665\src\AiDotNet.csproj::TargetFramework=net8.0]
C:\Users\cheat\source\repos\worktrees\pr-481-1763014665\src\ReinforcementLearning\Agents\AdvancedRL\LSTDAgent.cs(315,43): error CS1503: Argument 1: cannot convert from 'AiDotNet.LinearAlgebra.Matrix<T>' to 'AiDotNet.LinearAlgebra.Vector<T>' [C:\Users\cheat\source\repos\worktrees\pr-481-1763014665\src\AiDotNet.csproj::TargetFramework=net8.0]
C:\Users\cheat\source\repos\worktrees\pr-481-1763014665\src\ReinforcementLearning\Agents\AdvancedRL\LSTDAgent.cs(315,74): error CS1503: Argument 2: cannot convert from 'AiDotNet.LinearAlgebra.Matrix<T>' to 'AiDotNet.LinearAlgebra.Vector<T>' [C:\Users\cheat\source\repos\worktrees\pr-481-1763014665\src\AiDotNet.csproj::TargetFramework=net8.0]
C:\Users\cheat\source\repos\worktrees\pr-481-1763014665\src\ReinforcementLearning\Agents\DoubleDQN\DoubleDQNAgent.cs(170,59): error CS1503: Argument 1: cannot convert from 'AiDotNet.LinearAlgebra.Vector<T>' to 'AiDotNet.LinearAlgebra.Tensor<T>' [C:\Users\cheat\source\repos\worktrees\pr-481-1763014665\src\AiDotNet.csproj::TargetFramework=net8.0]
C:\Users\cheat\source\repos\worktrees\pr-481-1763014665\src\ReinforcementLearning\Agents\DoubleDQN\DoubleDQNAgent.cs(171,46): error CS1503: Argument 1: cannot convert from 'AiDotNet.LinearAlgebra.Tensor<T>' to 'AiDotNet.LinearAlgebra.Vector<T>' [C:\Users\cheat\source\repos\worktrees\pr-481-1763014665\src\AiDotNet.csproj::TargetFramework=net8.0]
C:\Users\cheat\source\repos\worktrees\pr-481-1763014665\src\ReinforcementLearning\Agents\DoubleDQN\DoubleDQNAgent.cs(174,64): error CS1503: Argument 1: cannot convert from 'AiDotNet.LinearAlgebra.Vector<T>' to 'AiDotNet.LinearAlgebra.Tensor<T>' [C:\Users\cheat\source\repos\worktrees\pr-481-1763014665\src\AiDotNet.csproj::TargetFramework=net8.0]
C:\Users\cheat\source\repos\worktrees\pr-481-1763014665\src\ReinforcementLearning\Agents\DoubleDQN\DoubleDQNAgent.cs(181,52): error CS1503: Argument 1: cannot convert from 'AiDotNet.LinearAlgebra.Vector<T>' to 'AiDotNet.LinearAlgebra.Tensor<T>' [C:\Users\cheat\source\repos\worktrees\pr-481-1763014665\src\AiDotNet.csproj::TargetFramework=net8.0]
C:\Users\cheat\source\repos\worktrees\pr-481-1763014665\src\ReinforcementLearning\Agents\DoubleDQN\DoubleDQNAgent.cs(187,51): error CS1503: Argument 1: cannot convert from 'AiDotNet.LinearAlgebra.Tensor<T>' to 'AiDotNet.LinearAlgebra.Vector<T>' [C:\Users\cheat\source\repos\worktrees\pr-481-1763014665\src\AiDotNet.csproj::TargetFramework=net8.0]
C:\Users\cheat\source\repos\worktrees\pr-481-1763014665\src\ReinforcementLearning\Agents\DoubleDQN\DoubleDQNAgent.cs(187,67): error CS1503: Argument 2: cannot convert from 'AiDotNet.LinearAlgebra.Tensor<T>' to 'AiDotNet.LinearAlgebra.Vector<T>' [C:\Users\cheat\source\repos\worktrees\pr-481-1763014665\src\AiDotNet.csproj::TargetFramework=net8.0]
C:\Users\cheat\source\repos\worktrees\pr-481-1763014665\src\ReinforcementLearning\Agents\DoubleDQN\DoubleDQNAgent.cs(190,42): error CS1061: 'ILossFunction<T>' does not contain a definition for 'ComputeGradient' and no accessible extension method 'ComputeGradient' accepting a first argument of type 'ILossFunction<T>' could be found (are you missing a using directive or an assembly reference?) [C:\Users\cheat\source\repos\worktrees\pr-481-1763014665\src\AiDotNet.csproj::TargetFramework=net8.0]
C:\Users\cheat\source\repos\worktrees\pr-481-1763014665\src\ReinforcementLearning\Agents\DoubleDQN\DoubleDQNAgent.cs(194,44): error CS1061: 'NeuralNetwork<T>' does not contain a definition for 'GetFlattenedGradients' and no accessible extension method 'GetFlattenedGradients' accepting a first argument of type 'NeuralNetwork<T>' could be found (are you missing a using directive or an assembly reference?) [C:\Users\cheat\source\repos\worktrees\pr-481-1763014665\src\AiDotNet.csproj::TargetFramework=net8.0]
C:\Users\cheat\source\repos\worktrees\pr-481-1763014665\src\ReinforcementLearning\Agents\REINFORCE\REINFORCEAgent.cs(59,32): error CS0246: The type or namespace name 'MeanSquaredError<>' could not be found (are you missing a using directive or an assembly reference?) [C:\Users\cheat\source\repos\worktrees\pr-481-1763014665\src\AiDotNet.csproj::TargetFramework=net8.0]
C:\Users\cheat\source\repos\worktrees\pr-481-1763014665\src\ReinforcementLearning\Agents\REINFORCE\REINFORCEAgent.cs(85,88): error CS0246: The type or namespace name 'LinearActivation<>' could not be found (are you missing a using directive or an assembly reference?) [C:\Users\cheat\source\repos\worktrees\pr-481-1763014665\src\AiDotNet.csproj::TargetFramework=net8.0]
C:\Users\cheat\source\repos\worktrees\pr-481-1763014665\src\ReinforcementLearning\Agents\REINFORCE\REINFORCEAgent.cs(87,41): error CS1729: 'NeuralNetworkArchitecture<T>' does not contain a constructor that takes 0 arguments [C:\Users\cheat\source\repos\worktrees\pr-481-1763014665\src\AiDotNet.csproj::TargetFramework=net8.0]
C:\Users\cheat\source\repos\worktrees\pr-481-1763014665\src\ReinforcementLearning\Agents\REINFORCE\REINFORCEAgent.cs(89,13): error CS0200: Property or indexer 'NeuralNetworkArchitecture<T>.Layers' cannot be assigned to -- it is read only [C:\Users\cheat\source\repos\worktrees\pr-481-1763014665\src\AiDotNet.csproj::TargetFramework=net8.0]
C:\Users\cheat\source\repos\worktrees\pr-481-1763014665\src\ReinforcementLearning\Agents\REINFORCE\REINFORCEAgent.cs(90,13): error CS0200: Property or indexer 'NeuralNetworkArchitecture<T>.TaskType' cannot be assigned to -- it is read only [C:\Users\cheat\source\repos\worktrees\pr-481-1763014665\src\AiDotNet.csproj::TargetFramework=net8.0]
C:\Users\cheat\source\repos\worktrees\pr-481-1763014665\src\ReinforcementLearning\Agents\REINFORCE\REINFORCEAgent.cs(97,51): error CS1503: Argument 1: cannot convert from 'AiDotNet.LinearAlgebra.Vector<T>' to 'AiDotNet.LinearAlgebra.Tensor<T>' [C:\Users\cheat\source\repos\worktrees\pr-481-1763014665\src\AiDotNet.csproj::TargetFramework=net8.0]
C:\Users\cheat\source\repos\worktrees\pr-481-1763014665\src\ReinforcementLearning\Agents\REINFORCE\REINFORCEAgent.cs(101,43): error CS1503: Argument 1: cannot convert from 'AiDotNet.LinearAlgebra.Tensor<T>' to 'AiDotNet.LinearAlgebra.Vector<T>' [C:\Users\cheat\source\repos\worktrees\pr-481-1763014665\src\AiDotNet.csproj::TargetFramework=net8.0]
C:\Users\cheat\source\repos\worktrees\pr-481-1763014665\src\ReinforcementLearning\Agents\REINFORCE\REINFORCEAgent.cs(105,41): error CS1503: Argument 1: cannot convert from 'AiDotNet.LinearAlgebra.Tensor<T>' to 'AiDotNet.LinearAlgebra.Vector<T>' [C:\Users\cheat\source\repos\worktrees\pr-481-1763014665\src\AiDotNet.csproj::TargetFramework=net8.0]
C:\Users\cheat\source\repos\worktrees\pr-481-1763014665\src\ReinforcementLearning\Agents\DoubleQLearning\DoubleQLearningAgent.cs(211,25): error CS0029: Cannot implicitly convert type 'string' to 'AiDotNet.Enums.ModelType' [C:\Users\cheat\source\repos\worktrees\pr-481-1763014665\src\AiDotNet.csproj::TargetFramework=net8.0]
C:\Users\cheat\source\repos\worktrees\pr-481-1763014665\src\ReinforcementLearning\Agents\DoubleDQN\DoubleDQNAgent.cs(330,40): error CS1503: Argument 1: cannot convert from 'AiDotNet.LinearAlgebra.Vector<T>' to 'AiDotNet.LinearAlgebra.Tensor<T>' [C:\Users\cheat\source\repos\worktrees\pr-481-1763014665\src\AiDotNet.csproj::TargetFramework=net8.0]
C:\Users\cheat\source\repos\worktrees\pr-481-1763014665\src\ReinforcementLearning\Agents\DoubleDQN\DoubleDQNAgent.cs(331,44): error CS1503: Argument 1: cannot convert from 'AiDotNet.LinearAlgebra.Tensor<T>' to 'AiDotNet.LinearAlgebra.Vector<T>' [C:\Users\cheat\source\repos\worktrees\pr-481-1763014665\src\AiDotNet.csproj::TargetFramework=net8.0]
C:\Users\cheat\source\repos\worktrees\pr-481-1763014665\src\ReinforcementLearning\Agents\DoubleDQN\DoubleDQNAgent.cs(332,29): error CS1061: 'ILossFunction<T>' does not contain a definition for 'ComputeGradient' and no accessible extension method 'ComputeGradient' accepting a first argument of type 'ILossFunction<T>' could be found (are you missing a using directive or an assembly reference?) [C:\Users\cheat\source\repos\worktrees\pr-481-1763014665\src\AiDotNet.csproj::TargetFramework=net8.0]
C:\Users\cheat\source\repos\worktrees\pr-481-1763014665\src\ReinforcementLearning\Agents\DoubleDQN\DoubleDQNAgent.cs(335,40): error CS1061: 'NeuralNetwork<T>' does not contain a definition for 'GetFlattenedGradients' and no accessible extension method 'GetFlattenedGradients' accepting a first argument of type 'NeuralNetwork<T>' could be found (are you missing a using directive or an assembly reference?) [C:\Users\cheat\source\repos\worktrees\pr-481-1763014665\src\AiDotNet.csproj::TargetFramework=net8.0]
C:\Users\cheat\source\repos\worktrees\pr-481-1763014665\src\ReinforcementLearning\Agents\REINFORCE\REINFORCEAgent.cs(154,51): error CS1503: Argument 1: cannot convert from 'AiDotNet.LinearAlgebra.Vector<T>' to 'AiDotNet.LinearAlgebra.Tensor<T>' [C:\Users\cheat\source\repos\worktrees\pr-481-1763014665\src\AiDotNet.csproj::TargetFramework=net8.0]
C:\Users\cheat\source\repos\worktrees\pr-481-1763014665\src\ReinforcementLearning\Agents\REINFORCE\REINFORCEAgent.cs(182,33): error CS1503: Argument 1: cannot convert from 'AiDotNet.LinearAlgebra.Tensor<T>' to 'AiDotNet.LinearAlgebra.Vector<T>' [C:\Users\cheat\source\repos\worktrees\pr-481-1763014665\src\AiDotNet.csproj::TargetFramework=net8.0]
C:\Users\cheat\source\repos\worktrees\pr-481-1763014665\src\ReinforcementLearning\Agents\Dreamer\DreamerAgent.cs(59,12): error CS8618: Non-nullable field '_representationNetwork' must contain a non-null value when exiting constructor. Consider adding the 'required' modifier or declaring the field as nullable. [C:\Users\cheat\source\repos\worktrees\pr-481-1763014665\src\AiDotNet.csproj::TargetFramework=net8.0]
C:\Users\cheat\source\repos\worktrees\pr-481-1763014665\src\ReinforcementLearning\Agents\Dreamer\DreamerAgent.cs(59,12): error CS8618: Non-nullable field '_dynamicsNetwork' must contain a non-null value when exiting constructor. Consider adding the 'required' modifier or declaring the field as nullable. [C:\Users\cheat\source\repos\worktrees\pr-481-1763014665\src\AiDotNet.csproj::TargetFramework=net8.0]
C:\Users\cheat\source\repos\worktrees\pr-481-1763014665\src\ReinforcementLearning\Agents\Dreamer\DreamerAgent.cs(59,12): error CS8618: Non-nullable field '_rewardNetwork' must contain a non-null value when exiting constructor. Consider adding the 'required' modifier or declaring the field as nullable. [C:\Users\cheat\source\repos\worktrees\pr-481-1763014665\src\AiDotNet.csproj::TargetFramework=net8.0]
C:\Users\cheat\source\repos\worktrees\pr-481-1763014665\src\ReinforcementLearning\Agents\Dreamer\DreamerAgent.cs(59,12): error CS8618: Non-nullable field '_continueNetwork' must contain a non-null value when exiting constructor. Consider adding the 'required' modifier or declaring the field as nullable. [C:\Users\cheat\source\repos\worktrees\pr-481-1763014665\src\AiDotNet.csproj::TargetFramework=net8.0]
C:\Users\cheat\source\repos\worktrees\pr-481-1763014665\src\ReinforcementLearning\Agents\Dreamer\DreamerAgent.cs(59,12): error CS8618: Non-nullable field '_actorNetwork' must contain a non-null value when exiting constructor. Consider adding the 'required' modifier or declaring the field as nullable. [C:\Users\cheat\source\repos\worktrees\pr-481-1763014665\src\AiDotNet.csproj::TargetFramework=net8.0]
C:\Users\cheat\source\repos\worktrees\pr-481-1763014665\src\ReinforcementLearning\Agents\Dreamer\DreamerAgent.cs(59,12): error CS8618: Non-nullable field '_valueNetwork' must contain a non-null value when exiting constructor. Consider adding the 'required' modifier or declaring the field as nullable. [C:\Users\cheat\source\repos\worktrees\pr-481-1763014665\src\AiDotNet.csproj::TargetFramework=net8.0]
C:\Users\cheat\source\repos\worktrees\pr-481-1763014665\src\ReinforcementLearning\Agents\Dreamer\DreamerAgent.cs(59,12): error CS8618: Non-nullable field '_replayBuffer' must contain a non-null value when exiting constructor. Consider adding the 'required' modifier or declaring the field as nullable. [C:\Users\cheat\source\repos\worktrees\pr-481-1763014665\src\AiDotNet.csproj::TargetFramework=net8.0]
C:\Users\cheat\source\repos\worktrees\pr-481-1763014665\src\ReinforcementLearning\Agents\Dreamer\DreamerAgent.cs(97,27): error CS7036: There is no argument given that corresponds to the required parameter 'architecture' of 'NeuralNetwork<T>.NeuralNetwork(NeuralNetworkArchitecture<T>, ILossFunction<T>?)' [C:\Users\cheat\source\repos\worktrees\pr-481-1763014665\src\AiDotNet.csproj::TargetFramework=net8.0]
C:\Users\cheat\source\repos\worktrees\pr-481-1763014665\src\ReinforcementLearning\Agents\Dreamer\DreamerAgent.cs(102,21): error CS7036: There is no argument given that corresponds to the required parameter 'units' of 'NeuralNetworkBase<T>.AddLayer(LayerType, int, ActivationFunction)' [C:\Users\cheat\source\repos\worktrees\pr-481-1763014665\src\AiDotNet.csproj::TargetFramework=net8.0]
C:\Users\cheat\source\repos\worktrees\pr-481-1763014665\src\ReinforcementLearning\Agents\Dreamer\DreamerAgent.cs(103,57): error CS0246: The type or namespace name 'ReLU<>' could not be found (are you missing a using directive or an assembly reference?) [C:\Users\cheat\source\repos\worktrees\pr-481-1763014665\src\AiDotNet.csproj::TargetFramework=net8.0]
C:\Users\cheat\source\repos\worktrees\pr-481-1763014665\src\ReinforcementLearning\Agents\Dreamer\DreamerAgent.cs(103,34): error CS1729: 'ActivationLayer<T>' does not contain a constructor that takes 1 arguments [C:\Users\cheat\source\repos\worktrees\pr-481-1763014665\src\AiDotNet.csproj::TargetFramework=net8.0]
C:\Users\cheat\source\repos\worktrees\pr-481-1763014665\src\ReinforcementLearning\Agents\Dreamer\DreamerAgent.cs(107,17): error CS7036: There is no argument given that corresponds to the required parameter 'units' of 'NeuralNetworkBase<T>.AddLayer(LayerType, int, ActivationFunction)' [C:\Users\cheat\source\repos\worktrees\pr-481-1763014665\src\AiDotNet.csproj::TargetFramework=net8.0]
C:\Users\cheat\source\repos\worktrees\pr-481-1763014665\src\ReinforcementLearning\Agents\DQN\DQNAgent.cs(118,100): error CS0246: The type or namespace name 'LinearActivation<>' could not be found (are you missing a using directive or an assembly reference?) [C:\Users\cheat\source\repos\worktrees\pr-481-1763014665\src\AiDotNet.csproj::TargetFramework=net8.0]
C:\Users\cheat\source\repos\worktrees\pr-481-1763014665\src\ReinforcementLearning\Agents\DQN\DQNAgent.cs(121,32): error CS1729: 'NeuralNetworkArchitecture<T>' does not contain a constructor that takes 0 arguments [C:\Users\cheat\source\repos\worktrees\pr-481-1763014665\src\AiDotNet.csproj::TargetFramework=net8.0]
C:\Users\cheat\source\repos\worktrees\pr-481-1763014665\src\ReinforcementLearning\Agents\DQN\DQNAgent.cs(123,13): error CS0200: Property or indexer 'NeuralNetworkArchitecture<T>.Layers' cannot be assigned to -- it is read only [C:\Users\cheat\source\repos\worktrees\pr-481-1763014665\src\AiDotNet.csproj::TargetFramework=net8.0]
C:\Users\cheat\source\repos\worktrees\pr-481-1763014665\src\ReinforcementLearning\Agents\DQN\DQNAgent.cs(124,13): error CS0200: Property or indexer 'NeuralNetworkArchitecture<T>.TaskType' cannot be assigned to -- it is read only [C:\Users\cheat\source\repos\worktrees\pr-481-1763014665\src\AiDotNet.csproj::TargetFramework=net8.0]
C:\Users\cheat\source\repos\worktrees\pr-481-1763014665\src\ReinforcementLearning\Agents\Dreamer\DreamerAgent.cs(114,27): error CS7036: There is no argument given that corresponds to the required parameter 'architecture' of 'NeuralNetwork<T>.NeuralNetwork(NeuralNetworkArchitecture<T>, ILossFunction<T>?)' [C:\Users\cheat\source\repos\worktrees\pr-481-1763014665\src\AiDotNet.csproj::TargetFramework=net8.0]
C:\Users\cheat\source\repos\worktrees\pr-481-1763014665\src\ReinforcementLearning\Agents\Dreamer\DreamerAgent.cs(119,21): error CS7036: There is no argument given that corresponds to the required parameter 'units' of 'NeuralNetworkBase<T>.AddLayer(LayerType, int, ActivationFunction)' [C:\Users\cheat\source\repos\worktrees\pr-481-1763014665\src\AiDotNet.csproj::TargetFramework=net8.0]
C:\Users\cheat\source\repos\worktrees\pr-481-1763014665\src\ReinforcementLearning\Agents\Dreamer\DreamerAgent.cs(120,57): error CS0246: The type or namespace name 'ReLU<>' could not be found (are you missing a using directive or an assembly reference?) [C:\Users\cheat\source\repos\worktrees\pr-481-1763014665\src\AiDotNet.csproj::TargetFramework=net8.0]
C:\Users\cheat\source\repos\worktrees\pr-481-1763014665\src\ReinforcementLearning\Agents\Dreamer\DreamerAgent.cs(120,34): error CS1729: 'ActivationLayer<T>' does not contain a constructor that takes 1 arguments [C:\Users\cheat\source\repos\worktrees\pr-481-1763014665\src\AiDotNet.csproj::TargetFramework=net8.0]
C:\Users\cheat\source\repos\worktrees\pr-481-1763014665\src\ReinforcementLearning\Agents\Dreamer\DreamerAgent.cs(124,17): error CS7036: There is no argument given that corresponds to the required parameter 'units' of 'NeuralNetworkBase<T>.AddLayer(LayerType, int, ActivationFunction)' [C:\Users\cheat\source\repos\worktrees\pr-481-1763014665\src\AiDotNet.csproj::TargetFramework=net8.0]
C:\Users\cheat\source\repos\worktrees\pr-481-1763014665\src\ReinforcementLearning\Agents\Dreamer\DreamerAgent.cs(125,53): error CS0246: The type or namespace name 'Tanh<>' could not be found (are you missing a using directive or an assembly reference?) [C:\Users\cheat\source\repos\worktrees\pr-481-1763014665\src\AiDotNet.csproj::TargetFramework=net8.0]
C:\Users\cheat\source\repos\worktrees\pr-481-1763014665\src\ReinforcementLearning\Agents\Dreamer\DreamerAgent.cs(125,30): error CS1729: 'ActivationLayer<T>' does not contain a constructor that takes 1 arguments [C:\Users\cheat\source\repos\worktrees\pr-481-1763014665\src\AiDotNet.csproj::TargetFramework=net8.0]
C:\Users\cheat\source\repos\worktrees\pr-481-1763014665\src\ReinforcementLearning\Agents\DQN\DQNAgent.cs(144,41): error CS1503: Argument 1: cannot convert from 'AiDotNet.LinearAlgebra.Vector<T>' to 'AiDotNet.LinearAlgebra.Tensor<T>' [C:\Users\cheat\source\repos\worktrees\pr-481-1763014665\src\AiDotNet.csproj::TargetFramework=net8.0]
C:\Users\cheat\source\repos\worktrees\pr-481-1763014665\src\ReinforcementLearning\Agents\DQN\DQNAgent.cs(145,33): error CS1503: Argument 1: cannot convert from 'AiDotNet.LinearAlgebra.Tensor<T>' to 'AiDotNet.LinearAlgebra.Vector<T>' [C:\Users\cheat\source\repos\worktrees\pr-481-1763014665\src\AiDotNet.csproj::TargetFramework=net8.0]
C:\Users\cheat\source\repos\worktrees\pr-481-1763014665\src\ReinforcementLearning\Agents\DQN\DQNAgent.cs(155,30): error CS0104: 'Experience<>' is an ambiguous reference between 'AiDotNet.NeuralNetworks.Experience<T>' and 'AiDotNet.ReinforcementLearning.ReplayBuffers.Experience<T>' [C:\Users\cheat\source\repos\worktrees\pr-481-1763014665\src\AiDotNet.csproj::TargetFramework=net8.0]
C:\Users\cheat\source\repos\worktrees\pr-481-1763014665\src\ReinforcementLearning\Agents\Dreamer\DreamerAgent.cs(138,58): error CS1503: Argument 1: cannot convert from 'AiDotNet.LinearAlgebra.Vector<T>' to 'AiDotNet.LinearAlgebra.Tensor<T>' [C:\Users\cheat\source\repos\worktrees\pr-481-1763014665\src\AiDotNet.csproj::TargetFramework=net8.0]
C:\Users\cheat\source\repos\worktrees\pr-481-1763014665\src\ReinforcementLearning\Agents\Dreamer\DreamerAgent.cs(154,16): error CS0029: Cannot implicitly convert type 'AiDotNet.LinearAlgebra.Tensor<T>' to 'AiDotNet.LinearAlgebra.Vector<T>' [C:\Users\cheat\source\repos\worktrees\pr-481-1763014665\src\AiDotNet.csproj::TargetFramework=net8.0]
C:\Users\cheat\source\repos\worktrees\pr-481-1763014665\src\ReinforcementLearning\Agents\Dreamer\DreamerAgent.cs(159,23): error CS1501: No overload for method 'Add' takes 5 arguments [C:\Users\cheat\source\repos\worktrees\pr-481-1763014665\src\AiDotNet.csproj::TargetFramework=net8.0]
C:\Users\cheat\source\repos\worktrees\pr-481-1763014665\src\ReinforcementLearning\Agents\Dreamer\DreamerAgent.cs(172,44): error CS1503: Argument 1: cannot convert from 'System.Collections.Generic.List<AiDotNet.ReinforcementLearning.ReplayBuffers.Experience<T>>' to 'System.Collections.Generic.List<(AiDotNet.LinearAlgebra.Vector<T> observation, AiDotNet.LinearAlgebra.Vector<T> action, T reward, AiDotNet.LinearAlgebra.Vector<T> nextObservation, bool done)>' [C:\Users\cheat\source\repos\worktrees\pr-481-1763014665\src\AiDotNet.csproj::TargetFramework=net8.0]
C:\Users\cheat\source\repos\worktrees\pr-481-1763014665\src\ReinforcementLearning\Agents\REINFORCE\REINFORCEAgent.cs(220,55): error CS1503: Argument 1: cannot convert from 'AiDotNet.LinearAlgebra.Vector<T>' to 'AiDotNet.LinearAlgebra.Tensor<T>' [C:\Users\cheat\source\repos\worktrees\pr-481-1763014665\src\AiDotNet.csproj::TargetFramework=net8.0]
C:\Users\cheat\source\repos\worktrees\pr-481-1763014665\src\ReinforcementLearning\Agents\REINFORCE\REINFORCEAgent.cs(223,17): error CS0103: The name '_options' does not exist in the current context [C:\Users\cheat\source\repos\worktrees\pr-481-1763014665\src\AiDotNet.csproj::TargetFramework=net8.0]
C:\Users\cheat\source\repos\worktrees\pr-481-1763014665\src\ReinforcementLearning\Agents\REINFORCE\REINFORCEAgent.cs(227,34): error CS0103: The name '_options' does not exist in the current context [C:\Users\cheat\source\repos\worktrees\pr-481-1763014665\src\AiDotNet.csproj::TargetFramework=net8.0]
C:\Users\cheat\source\repos\worktrees\pr-481-1763014665\src\ReinforcementLearning\Agents\REINFORCE\REINFORCEAgent.cs(250,46): error CS1503: Argument 1: cannot convert from 'AiDotNet.LinearAlgebra.Tensor<T>' to 'AiDotNet.LinearAlgebra.Vector<T>' [C:\Users\cheat\source\repos\worktrees\pr-481-1763014665\src\AiDotNet.csproj::TargetFramework=net8.0]
C:\Users\cheat\source\repos\worktrees\pr-481-1763014665\src\ReinforcementLearning\Agents\REINFORCE\REINFORCEAgent.cs(262,42): error CS1503: Argument 1: cannot convert from 'AiDotNet.LinearAlgebra.Vector<T>' to 'AiDotNet.LinearAlgebra.Tensor<T>' [C:\Users\cheat\source\repos\worktrees\pr-481-1763014665\src\AiDotNet.csproj::TargetFramework=net8.0]
C:\Users\cheat\source\repos\worktrees\pr-481-1763014665\src\ReinforcementLearning\Agents\DQN\DQNAgent.cs(189,58): error CS1503: Argument 1: cannot convert from 'AiDotNet.LinearAlgebra.Vector<T>' to 'AiDotNet.LinearAlgebra.Tensor<T>' [C:\Users\cheat\source\repos\worktrees\pr-481-1763014665\src\AiDotNet.csproj::TargetFramework=net8.0]
C:\Users\cheat\source\repos\worktrees\pr-481-1763014665\src\ReinforcementLearning\Agents\DQN\DQNAgent.cs(190,36): error CS1503: Argument 1: cannot convert from 'AiDotNet.LinearAlgebra.Tensor<T>' to 'AiDotNet.LinearAlgebra.Vector<T>' [C:\Users\cheat\source\repos\worktrees\pr-481-1763014665\src\AiDotNet.csproj::TargetFramework=net8.0]
C:\Users\cheat\source\repos\worktrees\pr-481-1763014665\src\ReinforcementLearning\Agents\DQN\DQNAgent.cs(196,52): error CS1503: Argument 1: cannot convert from 'AiDotNet.LinearAlgebra.Vector<T>' to 'AiDotNet.LinearAlgebra.Tensor<T>' [C:\Users\cheat\source\repos\worktrees\pr-481-1763014665\src\AiDotNet.csproj::TargetFramework=net8.0]
C:\Users\cheat\source\repos\worktrees\pr-481-1763014665\src\ReinforcementLearning\Agents\DQN\DQNAgent.cs(204,51): error CS1503: Argument 1: cannot convert from 'AiDotNet.LinearAlgebra.Tensor<T>' to 'AiDotNet.LinearAlgebra.Vector<T>' [C:\Users\cheat\source\repos\worktrees\pr-481-1763014665\src\AiDotNet.csproj::TargetFramework=net8.0]
C:\Users\cheat\source\repos\worktrees\pr-481-1763014665\src\ReinforcementLearning\Agents\DQN\DQNAgent.cs(204,67): error CS1503: Argument 2: cannot convert from 'AiDotNet.LinearAlgebra.Tensor<T>' to 'AiDotNet.LinearAlgebra.Vector<T>' [C:\Users\cheat\source\repos\worktrees\pr-481-1763014665\src\AiDotNet.csproj::TargetFramework=net8.0]
C:\Users\cheat\source\repos\worktrees\pr-481-1763014665\src\ReinforcementLearning\Agents\DQN\DQNAgent.cs(208,42): error CS1061: 'ILossFunction<T>' does not contain a definition for 'ComputeGradient' and no accessible extension method 'ComputeGradient' accepting a first argument of type 'ILossFunction<T>' could be found (are you missing a using directive or an assembly reference?) [C:\Users\cheat\source\repos\worktrees\pr-481-1763014665\src\AiDotNet.csproj::TargetFramework=net8.0]
C:\Users\cheat\source\repos\worktrees\pr-481-1763014665\src\ReinforcementLearning\Agents\DQN\DQNAgent.cs(213,44): error CS1061: 'NeuralNetwork<T>' does not contain a definition for 'GetFlattenedGradients' and no accessible extension method 'GetFlattenedGradients' accepting a first argument of type 'NeuralNetwork<T>' could be found (are you missing a using directive or an assembly reference?) [C:\Users\cheat\source\repos\worktrees\pr-481-1763014665\src\AiDotNet.csproj::TargetFramework=net8.0]
C:\Users\cheat\source\repos\worktrees\pr-481-1763014665\src\ReinforcementLearning\Agents\REINFORCE\REINFORCEAgent.cs(321,36): error CS1061: 'NeuralNetwork<T>' does not contain a definition for 'GetFlattenedGradients' and no accessible extension method 'GetFlattenedGradients' accepting a first argument of type 'NeuralNetwork<T>' could be found (are you missing a using directive or an assembly reference?) [C:\Users\cheat\source\repos\worktrees\pr-481-1763014665\src\AiDotNet.csproj::TargetFramework=net8.0]
C:\Users\cheat\source\repos\worktrees\pr-481-1763014665\src\ReinforcementLearning\Agents\Dreamer\DreamerAgent.cs(189,73): error CS1061: '(Vector<T> observation, Vector<T> action, T reward, Vector<T> nextObservation, bool done)' does not contain a definition for 'State' and no accessible extension method 'State' accepting a first argument of type '(Vector<T> observation, Vector<T> action, T reward, Vector<T> nextObservation, bool done)' could be found (are you missing a using directive or an assembly reference?) [C:\Users\cheat\source\repos\worktrees\pr-481-1763014665\src\AiDotNet.csproj::TargetFramework=net8.0]
C:\Users\cheat\source\repos\worktrees\pr-481-1763014665\src\ReinforcementLearning\Agents\Dreamer\DreamerAgent.cs(190,77): error CS1061: '(Vector<T> observation, Vector<T> action, T reward, Vector<T> nextObservation, bool done)' does not contain a definition for 'NextState' and no accessible extension method 'NextState' accepting a first argument of type '(Vector<T> observation, Vector<T> action, T reward, Vector<T> nextObservation, bool done)' could be found (are you missing a using directive or an assembly reference?) [C:\Users\cheat\source\repos\worktrees\pr-481-1763014665\src\AiDotNet.csproj::TargetFramework=net8.0]
C:\Users\cheat\source\repos\worktrees\pr-481-1763014665\src\ReinforcementLearning\Agents\Dreamer\DreamerAgent.cs(193,76): error CS1061: '(Vector<T> observation, Vector<T> action, T reward, Vector<T> nextObservation, bool done)' does not contain a definition for 'Action' and no accessible extension method 'Action' accepting a first argument of type '(Vector<T> observation, Vector<T> action, T reward, Vector<T> nextObservation, bool done)' could be found (are you missing a using directive or an assembly reference?) [C:\Users\cheat\source\repos\worktrees\pr-481-1763014665\src\AiDotNet.csproj::TargetFramework=net8.0]
C:\Users\cheat\source\repos\worktrees\pr-481-1763014665\src\ReinforcementLearning\Agents\Dreamer\DreamerAgent.cs(194,64): error CS1503: Argument 1: cannot convert from 'AiDotNet.LinearAlgebra.Vector<T>' to 'AiDotNet.LinearAlgebra.Tensor<T>' [C:\Users\cheat\source\repos\worktrees\pr-481-1763014665\src\AiDotNet.csproj::TargetFramework=net8.0]
C:\Users\cheat\source\repos\worktrees\pr-481-1763014665\src\ReinforcementLearning\Agents\Dreamer\DreamerAgent.cs(206,57): error CS1061: '(Vector<T> observation, Vector<T> action, T reward, Vector<T> nextObservation, bool done)' does not contain a definition for 'Reward' and no accessible extension method 'Reward' accepting a first argument of type '(Vector<T> observation, Vector<T> action, T reward, Vector<T> nextObservation, bool done)' could be found (are you missing a using directive or an assembly reference?) [C:\Users\cheat\source\repos\worktrees\pr-481-1763014665\src\AiDotNet.csproj::TargetFramework=net8.0]
C:\Users\cheat\source\repos\worktrees\pr-481-1763014665\src\ReinforcementLearning\Agents\Dreamer\DreamerAgent.cs(226,30): error CS1061: 'INeuralNetwork<T>' does not contain a definition for 'Backpropagate' and no accessible extension method 'Backpropagate' accepting a first argument of type 'INeuralNetwork<T>' could be found (are you missing a using directive or an assembly reference?) [C:\Users\cheat\source\repos\worktrees\pr-481-1763014665\src\AiDotNet.csproj::TargetFramework=net8.0]
C:\Users\cheat\source\repos\worktrees\pr-481-1763014665\src\ReinforcementLearning\Agents\Dreamer\DreamerAgent.cs(227,47): error CS1503: Argument 1: cannot convert from 'T' to 'AiDotNet.LinearAlgebra.Vector<T>' [C:\Users\cheat\source\repos\worktrees\pr-481-1763014665\src\AiDotNet.csproj::TargetFramework=net8.0]
C:\Users\cheat\source\repos\worktrees\pr-481-1763014665\src\ReinforcementLearning\Agents\Dreamer\DreamerAgent.cs(231,28): error CS1061: 'INeuralNetwork<T>' does not contain a definition for 'Backpropagate' and no accessible extension method 'Backpropagate' accepting a first argument of type 'INeuralNetwork<T>' could be found (are you missing a using directive or an assembly reference?) [C:\Users\cheat\source\repos\worktrees\pr-481-1763014665\src\AiDotNet.csproj::TargetFramework=net8.0]
C:\Users\cheat\source\repos\worktrees\pr-481-1763014665\src\ReinforcementLearning\Agents\Dreamer\DreamerAgent.cs(232,45): error CS1503: Argument 1: cannot convert from 'T' to 'AiDotNet.LinearAlgebra.Vector<T>' [C:\Users\cheat\source\repos\worktrees\pr-481-1763014665\src\AiDotNet.csproj::TargetFramework=net8.0]
C:\Users\cheat\source\repos\worktrees\pr-481-1763014665\src\ReinforcementLearning\Agents\Dreamer\DreamerAgent.cs(236,30): error CS1061: 'INeuralNetwork<T>' does not contain a definition for 'Backpropagate' and no accessible extension method 'Backpropagate' accepting a first argument of type 'INeuralNetwork<T>' could be found (are you missing a using directive or an assembly reference?) [C:\Users\cheat\source\repos\worktrees\pr-481-1763014665\src\AiDotNet.csproj::TargetFramework=net8.0]
C:\Users\cheat\source\repos\worktrees\pr-481-1763014665\src\ReinforcementLearning\Agents\Dreamer\DreamerAgent.cs(237,47): error CS1503: Argument 1: cannot convert from 'T' to 'AiDotNet.LinearAlgebra.Vector<T>' [C:\Users\cheat\source\repos\worktrees\pr-481-1763014665\src\AiDotNet.csproj::TargetFramework=net8.0]
C:\Users\cheat\source\repos\worktrees\pr-481-1763014665\src\ReinforcementLearning\Agents\REINFORCE\REINFORCEAgent.cs(391,16): error CS0103: The name 'vector' does not exist in the current context [C:\Users\cheat\source\repos\worktrees\pr-481-1763014665\src\AiDotNet.csproj::TargetFramework=net8.0]
C:\Users\cheat\source\repos\worktrees\pr-481-1763014665\src\ReinforcementLearning\Agents\Dreamer\DreamerAgent.cs(258,62): error CS1503: Argument 1: cannot convert from 'AiDotNet.LinearAlgebra.Vector<T>' to 'AiDotNet.LinearAlgebra.Tensor<T>' [C:\Users\cheat\source\repos\worktrees\pr-481-1763014665\src\AiDotNet.csproj::TargetFramework=net8.0]
C:\Users\cheat\source\repos\worktrees\pr-481-1763014665\src\ReinforcementLearning\Agents\Dreamer\DreamerAgent.cs(261,53): error CS1503: Argument 1: cannot convert from 'AiDotNet.LinearAlgebra.Tensor<T>' to 'AiDotNet.LinearAlgebra.Vector<T>' [C:\Users\cheat\source\repos\worktrees\pr-481-1763014665\src\AiDotNet.csproj::TargetFramework=net8.0]
C:\Users\cheat\source\repos\worktrees\pr-481-1763014665\src\ReinforcementLearning\Agents\Dreamer\DreamerAgent.cs(270,27): error CS1061: 'INeuralNetwork<T>' does not contain a definition for 'Backpropagate' and no accessible extension method 'Backpropagate' accepting a first argument of type 'INeuralNetwork<T>' could be found (are you missing a using directive or an assembly reference?) [C:\Users\cheat\source\repos\worktrees\pr-481-1763014665\src\AiDotNet.csproj::TargetFramework=net8.0]
C:\Users\cheat\source\repos\worktrees\pr-481-1763014665\src\ReinforcementLearning\Agents\Dreamer\DreamerAgent.cs(271,44): error CS1503: Argument 1: cannot convert from 'T' to 'AiDotNet.LinearAlgebra.Vector<T>' [C:\Users\cheat\source\repos\worktrees\pr-481-1763014665\src\AiDotNet.csproj::TargetFramework=net8.0]
C:\Users\cheat\source\repos\worktrees\pr-481-1763014665\src\ReinforcementLearning\Agents\Dreamer\DreamerAgent.cs(281,27): error CS1061: 'INeuralNetwork<T>' does not contain a definition for 'Backpropagate' and no accessible extension method 'Backpropagate' accepting a first argument of type 'INeuralNetwork<T>' could be found (are you missing a using directive or an assembly reference?) [C:\Users\cheat\source\repos\worktrees\pr-481-1763014665\src\AiDotNet.csproj::TargetFramework=net8.0]
C:\Users\cheat\source\repos\worktrees\pr-481-1763014665\src\ReinforcementLearning\Agents\Dreamer\DreamerAgent.cs(282,44): error CS1503: Argument 1: cannot convert from 'T' to 'AiDotNet.LinearAlgebra.Vector<T>' [C:\Users\cheat\source\repos\worktrees\pr-481-1763014665\src\AiDotNet.csproj::TargetFramework=net8.0]
C:\Users\cheat\source\repos\worktrees\pr-481-1763014665\src\ReinforcementLearning\Agents\Dreamer\DreamerAgent.cs(299,48): error CS1503: Argument 1: cannot convert from 'AiDotNet.LinearAlgebra.Vector<T>' to 'AiDotNet.LinearAlgebra.Tensor<T>' [C:\Users\cheat\source\repos\worktrees\pr-481-1763014665\src\AiDotNet.csproj::TargetFramework=net8.0]
C:\Users\cheat\source\repos\worktrees\pr-481-1763014665\src\ReinforcementLearning\Agents\Dreamer\DreamerAgent.cs(302,49): error CS1503: Argument 1: cannot convert from 'AiDotNet.LinearAlgebra.Vector<T>' to 'AiDotNet.LinearAlgebra.Tensor<T>' [C:\Users\cheat\source\repos\worktrees\pr-481-1763014665\src\AiDotNet.csproj::TargetFramework=net8.0]
C:\Users\cheat\source\repos\worktrees\pr-481-1763014665\src\ReinforcementLearning\Agents\Dreamer\DreamerAgent.cs(306,65): error CS1503: Argument 2: cannot convert from 'AiDotNet.LinearAlgebra.Tensor<T>' to 'AiDotNet.LinearAlgebra.Vector<T>' [C:\Users\cheat\source\repos\worktrees\pr-481-1763014665\src\AiDotNet.csproj::TargetFramework=net8.0]
C:\Users\cheat\source\repos\worktrees\pr-481-1763014665\src\ReinforcementLearning\Agents\Dreamer\DreamerAgent.cs(307,52): error CS1503: Argument 1: cannot convert from 'AiDotNet.LinearAlgebra.Vector<T>' to 'AiDotNet.LinearAlgebra.Tensor<T>' [C:\Users\cheat\source\repos\worktrees\pr-481-1763014665\src\AiDotNet.csproj::TargetFramework=net8.0]
C:\Users\cheat\source\repos\worktrees\pr-481-1763014665\src\ReinforcementLearning\Agents\Dreamer\DreamerAgent.cs(310,57): error CS1503: Argument 1: cannot convert from 'AiDotNet.LinearAlgebra.Vector<T>' to 'AiDotNet.LinearAlgebra.Tensor<T>' [C:\Users\cheat\source\repos\worktrees\pr-481-1763014665\src\AiDotNet.csproj::TargetFramework=net8.0]
C:\Users\cheat\source\repos\worktrees\pr-481-1763014665\src\ReinforcementLearning\Agents\Dreamer\DreamerAgent.cs(311,24): error CS1061: 'INumericOperations<T>' does not contain a definition for 'Compare' and no accessible extension method 'Compare' accepting a first argument of type 'INumericOperations<T>' could be found (are you missing a using directive or an assembly reference?) [C:\Users\cheat\source\repos\worktrees\pr-481-1763014665\src\AiDotNet.csproj::TargetFramework=net8.0]
C:\Users\cheat\source\repos\worktrees\pr-481-1763014665\src\ReinforcementLearning\Agents\DQN\DQNAgent.cs(357,40): error CS1503: Argument 1: cannot convert from 'AiDotNet.LinearAlgebra.Vector<T>' to 'AiDotNet.LinearAlgebra.Tensor<T>' [C:\Users\cheat\source\repos\worktrees\pr-481-1763014665\src\AiDotNet.csproj::TargetFramework=net8.0]
C:\Users\cheat\source\repos\worktrees\pr-481-1763014665\src\ReinforcementLearning\Agents\DQN\DQNAgent.cs(358,44): error CS1503: Argument 1: cannot convert from 'AiDotNet.LinearAlgebra.Tensor<T>' to 'AiDotNet.LinearAlgebra.Vector<T>' [C:\Users\cheat\source\repos\worktrees\pr-481-1763014665\src\AiDotNet.csproj::TargetFramework=net8.0]
C:\Users\cheat\source\repos\worktrees\pr-481-1763014665\src\ReinforcementLearning\Agents\DQN\DQNAgent.cs(359,29): error CS1061: 'ILossFunction<T>' does not contain a definition for 'ComputeGradient' and no accessible extension method 'ComputeGradient' accepting a first argument of type 'ILossFunction<T>' could be found (are you missing a using directive or an assembly reference?) [C:\Users\cheat\source\repos\worktrees\pr-481-1763014665\src\AiDotNet.csproj::TargetFramework=net8.0]
C:\Users\cheat\source\repos\worktrees\pr-481-1763014665\src\ReinforcementLearning\Agents\DQN\DQNAgent.cs(362,40): error CS1061: 'NeuralNetwork<T>' does not contain a definition for 'GetFlattenedGradients' and no accessible extension method 'GetFlattenedGradients' accepting a first argument of type 'NeuralNetwork<T>' could be found (are you missing a using directive or an assembly reference?) [C:\Users\cheat\source\repos\worktrees\pr-481-1763014665\src\AiDotNet.csproj::TargetFramework=net8.0]
C:\Users\cheat\source\repos\worktrees\pr-481-1763014665\src\ReinforcementLearning\Agents\REINFORCE\REINFORCEAgent.cs(505,24): error CS1061: 'INumericOperations<T>' does not contain a definition for 'Compare' and no accessible extension method 'Compare' accepting a first argument of type 'INumericOperations<T>' could be found (are you missing a using directive or an assembly reference?) [C:\Users\cheat\source\repos\worktrees\pr-481-1763014665\src\AiDotNet.csproj::TargetFramework=net8.0]
C:\Users\cheat\source\repos\worktrees\pr-481-1763014665\src\ReinforcementLearning\Agents\Dreamer\DreamerAgent.cs(368,25): error CS0029: Cannot implicitly convert type 'string' to 'AiDotNet.Enums.ModelType' [C:\Users\cheat\source\repos\worktrees\pr-481-1763014665\src\AiDotNet.csproj::TargetFramework=net8.0]
C:\Users\cheat\source\repos\worktrees\pr-481-1763014665\src\ReinforcementLearning\Agents\Dreamer\DreamerAgent.cs(437,41): error CS1061: 'ILossFunction<T>' does not contain a definition for 'ComputeGradient' and no accessible extension method 'ComputeGradient' accepting a first argument of type 'ILossFunction<T>' could be found (are you missing a using directive or an assembly reference?) [C:\Users\cheat\source\repos\worktrees\pr-481-1763014665\src\AiDotNet.csproj::TargetFramework=net8.0]
C:\Users\cheat\source\repos\worktrees\pr-481-1763014665\src\ReinforcementLearning\Agents\Dreamer\DreamerAgent.cs(445,25): error CS1061: 'INeuralNetwork<T>' does not contain a definition for 'Backpropagate' and no accessible extension method 'Backpropagate' accepting a first argument of type 'INeuralNetwork<T>' could be found (are you missing a using directive or an assembly reference?) [C:\Users\cheat\source\repos\worktrees\pr-481-1763014665\src\AiDotNet.csproj::TargetFramework=net8.0]
C:\Users\cheat\source\repos\worktrees\pr-481-1763014665\src\ReinforcementLearning\Agents\Dreamer\DreamerAgent.cs(446,42): error CS1503: Argument 1: cannot convert from 'T' to 'AiDotNet.LinearAlgebra.Vector<T>' [C:\Users\cheat\source\repos\worktrees\pr-481-1763014665\src\AiDotNet.csproj::TargetFramework=net8.0]
C:\Users\cheat\source\repos\worktrees\pr-481-1763014665\src\NeuralNetworks\NeuralNetwork.cs(324,44): error CS1061: 'NeuralNetworkArchitecture<T>' does not contain a definition for 'NeuralNetworkTaskType' and no accessible extension method 'NeuralNetworkTaskType' accepting a first argument of type 'NeuralNetworkArchitecture<T>' could be found (are you missing a using directive or an assembly reference?) [C:\Users\cheat\source\repos\worktrees\pr-481-1763014665\src\AiDotNet.csproj::TargetFramework=net8.0]
C:\Users\cheat\source\repos\worktrees\pr-481-1763014665\src\NeuralNetworks\MixtureOfExpertsNeuralNetwork.cs(457,44): error CS1061: 'NeuralNetworkArchitecture<T>' does not contain a definition for 'NeuralNetworkTaskType' and no accessible extension method 'NeuralNetworkTaskType' accepting a first argument of type 'NeuralNetworkArchitecture<T>' could be found (are you missing a using directive or an assembly reference?) [C:\Users\cheat\source\repos\worktrees\pr-481-1763014665\src\AiDotNet.csproj::TargetFramework=net8.0]
C:\Users\cheat\source\repos\worktrees\pr-481-1763014665\src\ReinforcementLearning\Agents\ReinforcementLearningAgentBase.cs(343,14): error CS8618: Non-nullable property 'LearningRate' must contain a non-null value when exiting constructor. Consider adding the 'required' modifier or declaring the property as nullable. [C:\Users\cheat\source\repos\worktrees\pr-481-1763014665\src\AiDotNet.csproj::TargetFramework=net8.0]
C:\Users\cheat\source\repos\worktrees\pr-481-1763014665\src\ReinforcementLearning\Agents\ReinforcementLearningAgentBase.cs(348,14): error CS8618: Non-nullable property 'DiscountFactor' must contain a non-null value when exiting constructor. Consider adding the 'required' modifier or declaring the property as nullable. [C:\Users\cheat\source\repos\worktrees\pr-481-1763014665\src\AiDotNet.csproj::TargetFramework=net8.0]
C:\Users\cheat\source\repos\worktrees\pr-481-1763014665\src\ReinforcementLearning\Agents\ReinforcementLearningAgentBase.cs(353,29): error CS8618: Non-nullable property 'LossFunction' must contain a non-null value when exiting constructor. Consider adding the 'required' modifier or declaring the property as nullable. [C:\Users\cheat\source\repos\worktrees\pr-481-1763014665\src\AiDotNet.csproj::TargetFramework=net8.0]
C:\Users\cheat\source\repos\worktrees\pr-481-1763014665\src\NeuralNetworks\FeedForwardNeuralNetwork.cs(320,44): error CS1061: 'NeuralNetworkArchitecture<T>' does not contain a definition for 'NeuralNetworkTaskType' and no accessible extension method 'NeuralNetworkTaskType' accepting a first argument of type 'NeuralNetworkArchitecture<T>' could be found (are you missing a using directive or an assembly reference?) [C:\Users\cheat\source\repos\worktrees\pr-481-1763014665\src\AiDotNet.csproj::TargetFramework=net8.0]
C:\Users\cheat\source\repos\worktrees\pr-481-1763014665\src\ReinforcementLearning\Agents\Rainbow\RainbowDQNAgent.cs(53,12): error CS8618: Non-nullable field '_onlineNetwork' must contain a non-null value when exiting constructor. Consider adding the 'required' modifier or declaring the field as nullable. [C:\Users\cheat\source\repos\worktrees\pr-481-1763014665\src\AiDotNet.csproj::TargetFramework=net8.0]
C:\Users\cheat\source\repos\worktrees\pr-481-1763014665\src\ReinforcementLearning\Agents\Rainbow\RainbowDQNAgent.cs(53,12): error CS8618: Non-nullable field '_targetNetwork' must contain a non-null value when exiting constructor. Consider adding the 'required' modifier or declaring the field as nullable. [C:\Users\cheat\source\repos\worktrees\pr-481-1763014665\src\AiDotNet.csproj::TargetFramework=net8.0]
C:\Users\cheat\source\repos\worktrees\pr-481-1763014665\src\ReinforcementLearning\Agents\Rainbow\RainbowDQNAgent.cs(53,12): error CS8618: Non-nullable field '_replayBuffer' must contain a non-null value when exiting constructor. Consider adding the 'required' modifier or declaring the field as nullable. [C:\Users\cheat\source\repos\worktrees\pr-481-1763014665\src\AiDotNet.csproj::TargetFramework=net8.0]
C:\Users\cheat\source\repos\worktrees\pr-481-1763014665\src\ReinforcementLearning\Agents\Rainbow\RainbowDQNAgent.cs(97,32): error CS1729: 'NeuralNetworkArchitecture<T>' does not contain a constructor that takes 0 arguments [C:\Users\cheat\source\repos\worktrees\pr-481-1763014665\src\AiDotNet.csproj::TargetFramework=net8.0]
C:\Users\cheat\source\repos\worktrees\pr-481-1763014665\src\ReinforcementLearning\Agents\Rainbow\RainbowDQNAgent.cs(99,13): error CS0200: Property or indexer 'NeuralNetworkArchitecture<T>.TaskType' cannot be assigned to -- it is read only [C:\Users\cheat\source\repos\worktrees\pr-481-1763014665\src\AiDotNet.csproj::TargetFramework=net8.0]
C:\Users\cheat\source\repos\worktrees\pr-481-1763014665\src\ReinforcementLearning\Agents\Rainbow\RainbowDQNAgent.cs(105,9): error CS0200: Property or indexer 'NeuralNetworkArchitecture<T>.Layers' cannot be assigned to -- it is read only [C:\Users\cheat\source\repos\worktrees\pr-481-1763014665\src\AiDotNet.csproj::TargetFramework=net8.0]
C:\Users\cheat\source\repos\worktrees\pr-481-1763014665\src\ReinforcementLearning\Agents\Rainbow\RainbowDQNAgent.cs(139,45): error CS1503: Argument 1: cannot convert from 'AiDotNet.LinearAlgebra.Vector<T>' to 'AiDotNet.LinearAlgebra.Tensor<T>' [C:\Users\cheat\source\repos\worktrees\pr-481-1763014665\src\AiDotNet.csproj::TargetFramework=net8.0]
C:\Users\cheat\source\repos\worktrees\pr-481-1763014665\src\ReinforcementLearning\Agents\Rainbow\RainbowDQNAgent.cs(163,16): error CS0029: Cannot implicitly convert type 'AiDotNet.LinearAlgebra.Tensor<T>' to 'AiDotNet.LinearAlgebra.Vector<T>' [C:\Users\cheat\source\repos\worktrees\pr-481-1763014665\src\AiDotNet.csproj::TargetFramework=net8.0]
C:\Users\cheat\source\repos\worktrees\pr-481-1763014665\src\ReinforcementLearning\Agents\Rainbow\RainbowDQNAgent.cs(254,37): error CS1061: '(Vector<T> state, Vector<T> action, T reward, Vector<T> nextState, bool done)' does not contain a definition for 'Reward' and no accessible extension method 'Reward' accepting a first argument of type '(Vector<T> state, Vector<T> action, T reward, Vector<T> nextState, bool done)' could be found (are you missing a using directive or an assembly reference?) [C:\Users\cheat\source\repos\worktrees\pr-481-1763014665\src\AiDotNet.csproj::TargetFramework=net8.0]
C:\Users\cheat\source\repos\worktrees\pr-481-1763014665\src\ReinforcementLearning\Agents\Rainbow\RainbowDQNAgent.cs(263,48): error CS1061: '(Vector<T> state, Vector<T> action, T reward, Vector<T> nextState, bool done)' does not contain a definition for 'Reward' and no accessible extension method 'Reward' accepting a first argument of type '(Vector<T> state, Vector<T> action, T reward, Vector<T> nextState, bool done)' could be found (are you missing a using directive or an assembly reference?) [C:\Users\cheat\source\repos\worktrees\pr-481-1763014665\src\AiDotNet.csproj::TargetFramework=net8.0]
C:\Users\cheat\source\repos\worktrees\pr-481-1763014665\src\ReinforcementLearning\Agents\Rainbow\RainbowDQNAgent.cs(268,49): error CS1061: '(Vector<T> state, Vector<T> action, T reward, Vector<T> nextState, bool done)' does not contain a definition for 'Action' and no accessible extension method 'Action' accepting a first argument of type '(Vector<T> state, Vector<T> action, T reward, Vector<T> nextState, bool done)' could be found (are you missing a using directive or an assembly reference?) [C:\Users\cheat\source\repos\worktrees\pr-481-1763014665\src\AiDotNet.csproj::TargetFramework=net8.0]
C:\Users\cheat\source\repos\worktrees\pr-481-1763014665\src\ReinforcementLearning\Agents\Rainbow\RainbowDQNAgent.cs(285,28): error CS1061: 'INeuralNetwork<T>' does not contain a definition for 'Backpropagate' and no accessible extension method 'Backpropagate' accepting a first argument of type 'INeuralNetwork<T>' could be found (are you missing a using directive or an assembly reference?) [C:\Users\cheat\source\repos\worktrees\pr-481-1763014665\src\AiDotNet.csproj::TargetFramework=net8.0]
C:\Users\cheat\source\repos\worktrees\pr-481-1763014665\src\ReinforcementLearning\Agents\Rainbow\RainbowDQNAgent.cs(286,45): error CS1503: Argument 1: cannot convert from 'T' to 'AiDotNet.LinearAlgebra.Vector<T>' [C:\Users\cheat\source\repos\worktrees\pr-481-1763014665\src\AiDotNet.csproj::TargetFramework=net8.0]
C:\Users\cheat\source\repos\worktrees\pr-481-1763014665\src\ReinforcementLearning\Agents\Rainbow\RainbowDQNAgent.cs(305,30): error CS1061: 'INeuralNetwork<T>' does not contain a definition for 'Forward' and no accessible extension method 'Forward' accepting a first argument of type 'INeuralNetwork<T>' could be found (are you missing a using directive or an assembly reference?) [C:\Users\cheat\source\repos\worktrees\pr-481-1763014665\src\AiDotNet.csproj::TargetFramework=net8.0]
C:\Users\cheat\source\repos\worktrees\pr-481-1763014665\src\ReinforcementLearning\Agents\Rainbow\RainbowDQNAgent.cs(373,25): error CS0029: Cannot implicitly convert type 'string' to 'AiDotNet.Enums.ModelType' [C:\Users\cheat\source\repos\worktrees\pr-481-1763014665\src\AiDotNet.csproj::TargetFramework=net8.0]
C:\Users\cheat\source\repos\worktrees\pr-481-1763014665\src\ReinforcementLearning\Agents\Rainbow\RainbowDQNAgent.cs(438,51): error CS1503: Argument 1: cannot convert from 'AiDotNet.LinearAlgebra.Matrix<T>' to 'AiDotNet.LinearAlgebra.Vector<T>' [C:\Users\cheat\source\repos\worktrees\pr-481-1763014665\src\AiDotNet.csproj::TargetFramework=net8.0]
C:\Users\cheat\source\repos\worktrees\pr-481-1763014665\src\ReinforcementLearning\Agents\Rainbow\RainbowDQNAgent.cs(438,88): error CS1503: Argument 2: cannot convert from 'AiDotNet.LinearAlgebra.Matrix<T>' to 'AiDotNet.LinearAlgebra.Vector<T>' [C:\Users\cheat\source\repos\worktrees\pr-481-1763014665\src\AiDotNet.csproj::TargetFramework=net8.0]
C:\Users\cheat\source\repos\worktrees\pr-481-1763014665\src\ReinforcementLearning\Agents\Rainbow\RainbowDQNAgent.cs(440,67): error CS1503: Argument 1: cannot convert from 'AiDotNet.LinearAlgebra.Matrix<T>' to 'AiDotNet.LinearAlgebra.Vector<T>' [C:\Users\cheat\source\repos\worktrees\pr-481-1763014665\src\AiDotNet.csproj::TargetFramework=net8.0]
C:\Users\cheat\source\repos\worktrees\pr-481-1763014665\src\ReinforcementLearning\Agents\Rainbow\RainbowDQNAgent.cs(440,104): error CS1503: Argument 2: cannot convert from 'AiDotNet.LinearAlgebra.Matrix<T>' to 'AiDotNet.LinearAlgebra.Vector<T>' [C:\Users\cheat\source\repos\worktrees\pr-481-1763014665\src\AiDotNet.csproj::TargetFramework=net8.0]
C:\Users\cheat\source\repos\worktrees\pr-481-1763014665\src\ReinforcementLearning\Agents\Rainbow\RainbowDQNAgent.cs(441,53): error CS1061: 'Vector<T>' does not contain a definition for 'GetRow' and no accessible extension method 'GetRow' accepting a first argument of type 'Vector<T>' could be found (are you missing a using directive or an assembly reference?) [C:\Users\cheat\source\repos\worktrees\pr-481-1763014665\src\AiDotNet.csproj::TargetFramework=net8.0]
C:\Users\cheat\source\repos\worktrees\pr-481-1763014665\src\ReinforcementLearning\Agents\Rainbow\RainbowDQNAgent.cs(447,24): error CS1061: 'INeuralNetwork<T>' does not contain a definition for 'Backpropagate' and no accessible extension method 'Backpropagate' accepting a first argument of type 'INeuralNetwork<T>' could be found (are you missing a using directive or an assembly reference?) [C:\Users\cheat\source\repos\worktrees\pr-481-1763014665\src\AiDotNet.csproj::TargetFramework=net8.0]
C:\Users\cheat\source\repos\worktrees\pr-481-1763014665\src\ReinforcementLearning\Agents\Rainbow\RainbowDQNAgent.cs(448,41): error CS1503: Argument 1: cannot convert from 'T' to 'AiDotNet.LinearAlgebra.Vector<T>' [C:\Users\cheat\source\repos\worktrees\pr-481-1763014665\src\AiDotNet.csproj::TargetFramework=net8.0]
C:\Users\cheat\source\repos\worktrees\pr-481-1763014665\src\ReinforcementLearning\Agents\QMIX\QMIXAgent.cs(56,12): error CS8618: Non-nullable field '_agentNetworks' must contain a non-null value when exiting constructor. Consider adding the 'required' modifier or declaring the field as nullable. [C:\Users\cheat\source\repos\worktrees\pr-481-1763014665\src\AiDotNet.csproj::TargetFramework=net8.0]
C:\Users\cheat\source\repos\worktrees\pr-481-1763014665\src\ReinforcementLearning\Agents\QMIX\QMIXAgent.cs(56,12): error CS8618: Non-nullable field '_targetAgentNetworks' must contain a non-null value when exiting constructor. Consider adding the 'required' modifier or declaring the field as nullable. [C:\Users\cheat\source\repos\worktrees\pr-481-1763014665\src\AiDotNet.csproj::TargetFramework=net8.0]
C:\Users\cheat\source\repos\worktrees\pr-481-1763014665\src\ReinforcementLearning\Agents\QMIX\QMIXAgent.cs(56,12): error CS8618: Non-nullable field '_mixingNetwork' must contain a non-null value when exiting constructor. Consider adding the 'required' modifier or declaring the field as nullable. [C:\Users\cheat\source\repos\worktrees\pr-481-1763014665\src\AiDotNet.csproj::TargetFramework=net8.0]
C:\Users\cheat\source\repos\worktrees\pr-481-1763014665\src\ReinforcementLearning\Agents\QMIX\QMIXAgent.cs(56,12): error CS8618: Non-nullable field '_targetMixingNetwork' must contain a non-null value when exiting constructor. Consider adding the 'required' modifier or declaring the field as nullable. [C:\Users\cheat\source\repos\worktrees\pr-481-1763014665\src\AiDotNet.csproj::TargetFramework=net8.0]
C:\Users\cheat\source\repos\worktrees\pr-481-1763014665\src\ReinforcementLearning\Agents\QMIX\QMIXAgent.cs(56,12): error CS8618: Non-nullable field '_replayBuffer' must contain a non-null value when exiting constructor. Consider adding the 'required' modifier or declaring the field as nullable. [C:\Users\cheat\source\repos\worktrees\pr-481-1763014665\src\AiDotNet.csproj::TargetFramework=net8.0]
C:\Users\cheat\source\repos\worktrees\pr-481-1763014665\src\ReinforcementLearning\Agents\QMIX\QMIXAgent.cs(106,32): error CS1729: 'NeuralNetworkArchitecture<T>' does not contain a constructor that takes 0 arguments [C:\Users\cheat\source\repos\worktrees\pr-481-1763014665\src\AiDotNet.csproj::TargetFramework=net8.0]
C:\Users\cheat\source\repos\worktrees\pr-481-1763014665\src\ReinforcementLearning\Agents\QMIX\QMIXAgent.cs(108,13): error CS0200: Property or indexer 'NeuralNetworkArchitecture<T>.TaskType' cannot be assigned to -- it is read only [C:\Users\cheat\source\repos\worktrees\pr-481-1763014665\src\AiDotNet.csproj::TargetFramework=net8.0]
C:\Users\cheat\source\repos\worktrees\pr-481-1763014665\src\ReinforcementLearning\Agents\QMIX\QMIXAgent.cs(114,9): error CS0200: Property or indexer 'NeuralNetworkArchitecture<T>.Layers' cannot be assigned to -- it is read only [C:\Users\cheat\source\repos\worktrees\pr-481-1763014665\src\AiDotNet.csproj::TargetFramework=net8.0]
C:\Users\cheat\source\repos\worktrees\pr-481-1763014665\src\ReinforcementLearning\Agents\DuelingDQN\DuelingDQNAgent.cs(81,13): error CS1503: Argument 3: cannot convert from 'System.Collections.Generic.List<int>' to 'int[]' [C:\Users\cheat\source\repos\worktrees\pr-481-1763014665\src\AiDotNet.csproj::TargetFramework=net8.0]
C:\Users\cheat\source\repos\worktrees\pr-481-1763014665\src\ReinforcementLearning\Agents\DuelingDQN\DuelingDQNAgent.cs(82,13): error CS1503: Argument 4: cannot convert from 'System.Collections.Generic.List<int>' to 'int[]' [C:\Users\cheat\source\repos\worktrees\pr-481-1763014665\src\AiDotNet.csproj::TargetFramework=net8.0]
C:\Users\cheat\source\repos\worktrees\pr-481-1763014665\src\ReinforcementLearning\Agents\DuelingDQN\DuelingDQNAgent.cs(83,13): error CS1503: Argument 5: cannot convert from 'System.Collections.Generic.List<int>' to 'int[]' [C:\Users\cheat\source\repos\worktrees\pr-481-1763014665\src\AiDotNet.csproj::TargetFramework=net8.0]
C:\Users\cheat\source\repos\worktrees\pr-481-1763014665\src\ReinforcementLearning\Agents\DuelingDQN\DuelingDQNAgent.cs(90,13): error CS1503: Argument 3: cannot convert from 'System.Collections.Generic.List<int>' to 'int[]' [C:\Users\cheat\source\repos\worktrees\pr-481-1763014665\src\AiDotNet.csproj::TargetFramework=net8.0]
C:\Users\cheat\source\repos\worktrees\pr-481-1763014665\src\ReinforcementLearning\Agents\DuelingDQN\DuelingDQNAgent.cs(91,13): error CS1503: Argument 4: cannot convert from 'System.Collections.Generic.List<int>' to 'int[]' [C:\Users\cheat\source\repos\worktrees\pr-481-1763014665\src\AiDotNet.csproj::TargetFramework=net8.0]
C:\Users\cheat\source\repos\worktrees\pr-481-1763014665\src\ReinforcementLearning\Agents\DuelingDQN\DuelingDQNAgent.cs(92,13): error CS1503: Argument 5: cannot convert from 'System.Collections.Generic.List<int>' to 'int[]' [C:\Users\cheat\source\repos\worktrees\pr-481-1763014665\src\AiDotNet.csproj::TargetFramework=net8.0]
C:\Users\cheat\source\repos\worktrees\pr-481-1763014665\src\ReinforcementLearning\Agents\QMIX\QMIXAgent.cs(123,32): error CS1729: 'NeuralNetworkArchitecture<T>' does not contain a constructor that takes 0 arguments [C:\Users\cheat\source\repos\worktrees\pr-481-1763014665\src\AiDotNet.csproj::TargetFramework=net8.0]
C:\Users\cheat\source\repos\worktrees\pr-481-1763014665\src\ReinforcementLearning\Agents\QMIX\QMIXAgent.cs(125,13): error CS0200: Property or indexer 'NeuralNetworkArchitecture<T>.TaskType' cannot be assigned to -- it is read only [C:\Users\cheat\source\repos\worktrees\pr-481-1763014665\src\AiDotNet.csproj::TargetFramework=net8.0]
C:\Users\cheat\source\repos\worktrees\pr-481-1763014665\src\ReinforcementLearning\Agents\QMIX\QMIXAgent.cs(135,9): error CS0200: Property or indexer 'NeuralNetworkArchitecture<T>.Layers' cannot be assigned to -- it is read only [C:\Users\cheat\source\repos\worktrees\pr-481-1763014665\src\AiDotNet.csproj::TargetFramework=net8.0]
C:\Users\cheat\source\repos\worktrees\pr-481-1763014665\src\ReinforcementLearning\Agents\DuelingDQN\DuelingDQNAgent.cs(110,33): error CS1061: 'DuelingNetwork<T>' does not contain a definition for 'Predict' and no accessible extension method 'Predict' accepting a first argument of type 'DuelingNetwork<T>' could be found (are you missing a using directive or an assembly reference?) [C:\Users\cheat\source\repos\worktrees\pr-481-1763014665\src\AiDotNet.csproj::TargetFramework=net8.0]
C:\Users\cheat\source\repos\worktrees\pr-481-1763014665\src\ReinforcementLearning\Agents\DuelingDQN\DuelingDQNAgent.cs(121,31): error CS0104: 'Experience<>' is an ambiguous reference between 'AiDotNet.NeuralNetworks.Experience<T>' and 'AiDotNet.ReinforcementLearning.ReplayBuffers.Experience<T>' [C:\Users\cheat\source\repos\worktrees\pr-481-1763014665\src\AiDotNet.csproj::TargetFramework=net8.0]
C:\Users\cheat\source\repos\worktrees\pr-481-1763014665\src\ReinforcementLearning\Agents\DuelingDQN\DuelingDQNAgent.cs(413,85): error CS0246: The type or namespace name 'LinearActivation<>' could not be found (are you missing a using directive or an assembly reference?) [C:\Users\cheat\source\repos\worktrees\pr-481-1763014665\src\AiDotNet.csproj::TargetFramework=net8.0]
C:\Users\cheat\source\repos\worktrees\pr-481-1763014665\src\ReinforcementLearning\Agents\DuelingDQN\DuelingDQNAgent.cs(422,98): error CS0246: The type or namespace name 'LinearActivation<>' could not be found (are you missing a using directive or an assembly reference?) [C:\Users\cheat\source\repos\worktrees\pr-481-1763014665\src\AiDotNet.csproj::TargetFramework=net8.0]
C:\Users\cheat\source\repos\worktrees\pr-481-1763014665\src\ReinforcementLearning\Agents\QMIX\QMIXAgent.cs(164,47): error CS1061: 'INeuralNetwork<T>' does not contain a definition for 'Forward' and no accessible extension method 'Forward' accepting a first argument of type 'INeuralNetwork<T>' could be found (are you missing a using directive or an assembly reference?) [C:\Users\cheat\source\repos\worktrees\pr-481-1763014665\src\AiDotNet.csproj::TargetFramework=net8.0]
C:\Users\cheat\source\repos\worktrees\pr-481-1763014665\src\ReinforcementLearning\Agents\DuelingDQN\DuelingDQNAgent.cs(431,42): error CS1503: Argument 1: cannot convert from 'AiDotNet.LinearAlgebra.Vector<T>' to 'AiDotNet.LinearAlgebra.Tensor<T>' [C:\Users\cheat\source\repos\worktrees\pr-481-1763014665\src\AiDotNet.csproj::TargetFramework=net8.0]
C:\Users\cheat\source\repos\worktrees\pr-481-1763014665\src\ReinforcementLearning\Agents\DuelingDQN\DuelingDQNAgent.cs(439,41): error CS1503: Argument 1: cannot convert from 'AiDotNet.LinearAlgebra.Vector<T>' to 'AiDotNet.LinearAlgebra.Tensor<T>' [C:\Users\cheat\source\repos\worktrees\pr-481-1763014665\src\AiDotNet.csproj::TargetFramework=net8.0]
C:\Users\cheat\source\repos\worktrees\pr-481-1763014665\src\ReinforcementLearning\Agents\DuelingDQN\DuelingDQNAgent.cs(448,45): error CS1503: Argument 1: cannot convert from 'AiDotNet.LinearAlgebra.Vector<T>' to 'AiDotNet.LinearAlgebra.Tensor<T>' [C:\Users\cheat\source\repos\worktrees\pr-481-1763014665\src\AiDotNet.csproj::TargetFramework=net8.0]
C:\Users\cheat\source\repos\worktrees\pr-481-1763014665\src\ReinforcementLearning\Agents\QMIX\QMIXAgent.cs(195,23): error CS1501: No overload for method 'Add' takes 5 arguments [C:\Users\cheat\source\repos\worktrees\pr-481-1763014665\src\AiDotNet.csproj::TargetFramework=net8.0]
C:\Users\cheat\source\repos\worktrees\pr-481-1763014665\src\ReinforcementLearning\Agents\QMIX\QMIXAgent.cs(204,23): error CS1501: No overload for method 'Add' takes 5 arguments [C:\Users\cheat\source\repos\worktrees\pr-481-1763014665\src\AiDotNet.csproj::TargetFramework=net8.0]
C:\Users\cheat\source\repos\worktrees\pr-481-1763014665\src\ReinforcementLearning\Agents\DuelingDQN\DuelingDQNAgent.cs(149,51): error CS1061: 'DuelingNetwork<T>' does not contain a definition for 'Predict' and no accessible extension method 'Predict' accepting a first argument of type 'DuelingNetwork<T>' could be found (are you missing a using directive or an assembly reference?) [C:\Users\cheat\source\repos\worktrees\pr-481-1763014665\src\AiDotNet.csproj::TargetFramework=net8.0]
C:\Users\cheat\source\repos\worktrees\pr-481-1763014665\src\ReinforcementLearning\Agents\DuelingDQN\DuelingDQNAgent.cs(153,56): error CS1061: 'DuelingNetwork<T>' does not contain a definition for 'Predict' and no accessible extension method 'Predict' accepting a first argument of type 'DuelingNetwork<T>' could be found (are you missing a using directive or an assembly reference?) [C:\Users\cheat\source\repos\worktrees\pr-481-1763014665\src\AiDotNet.csproj::TargetFramework=net8.0]
C:\Users\cheat\source\repos\worktrees\pr-481-1763014665\src\ReinforcementLearning\Agents\DuelingDQN\DuelingDQNAgent.cs(160,44): error CS1061: 'DuelingNetwork<T>' does not contain a definition for 'Predict' and no accessible extension method 'Predict' accepting a first argument of type 'DuelingNetwork<T>' could be found (are you missing a using directive or an assembly reference?) [C:\Users\cheat\source\repos\worktrees\pr-481-1763014665\src\AiDotNet.csproj::TargetFramework=net8.0]
C:\Users\cheat\source\repos\worktrees\pr-481-1763014665\src\ReinforcementLearning\Agents\DuelingDQN\DuelingDQNAgent.cs(170,42): error CS1061: 'ILossFunction<T>' does not contain a definition for 'ComputeGradient' and no accessible extension method 'ComputeGradient' accepting a first argument of type 'ILossFunction<T>' could be found (are you missing a using directive or an assembly reference?) [C:\Users\cheat\source\repos\worktrees\pr-481-1763014665\src\AiDotNet.csproj::TargetFramework=net8.0]
C:\Users\cheat\source\repos\worktrees\pr-481-1763014665\src\ReinforcementLearning\Agents\DuelingDQN\DuelingDQNAgent.cs(171,23): error CS1061: 'DuelingNetwork<T>' does not contain a definition for 'Backpropagate' and no accessible extension method 'Backpropagate' accepting a first argument of type 'DuelingNetwork<T>' could be found (are you missing a using directive or an assembly reference?) [C:\Users\cheat\source\repos\worktrees\pr-481-1763014665\src\AiDotNet.csproj::TargetFramework=net8.0]
C:\Users\cheat\source\repos\worktrees\pr-481-1763014665\src\ReinforcementLearning\Agents\DuelingDQN\DuelingDQNAgent.cs(174,23): error CS1061: 'DuelingNetwork<T>' does not contain a definition for 'UpdateParameters' and no accessible extension method 'UpdateParameters' accepting a first argument of type 'DuelingNetwork<T>' could be found (are you missing a using directive or an assembly reference?) [C:\Users\cheat\source\repos\worktrees\pr-481-1763014665\src\AiDotNet.csproj::TargetFramework=net8.0]
C:\Users\cheat\source\repos\worktrees\pr-481-1763014665\src\ReinforcementLearning\Agents\DynamicProgramming\ModifiedPolicyIterationAgent.cs(229,25): error CS0029: Cannot implicitly convert type 'string' to 'AiDotNet.Enums.ModelType' [C:\Users\cheat\source\repos\worktrees\pr-481-1763014665\src\AiDotNet.csproj::TargetFramework=net8.0]
C:\Users\cheat\source\repos\worktrees\pr-481-1763014665\src\ReinforcementLearning\Agents\MADDPG\MADDPGAgent.cs(54,12): error CS8618: Non-nullable field '_actorNetworks' must contain a non-null value when exiting constructor. Consider adding the 'required' modifier or declaring the field as nullable. [C:\Users\cheat\source\repos\worktrees\pr-481-1763014665\src\AiDotNet.csproj::TargetFramework=net8.0]
C:\Users\cheat\source\repos\worktrees\pr-481-1763014665\src\ReinforcementLearning\Agents\MADDPG\MADDPGAgent.cs(54,12): error CS8618: Non-nullable field '_targetActorNetworks' must contain a non-null value when exiting constructor. Consider adding the 'required' modifier or declaring the field as nullable. [C:\Users\cheat\source\repos\worktrees\pr-481-1763014665\src\AiDotNet.csproj::TargetFramework=net8.0]
C:\Users\cheat\source\repos\worktrees\pr-481-1763014665\src\ReinforcementLearning\Agents\MADDPG\MADDPGAgent.cs(54,12): error CS8618: Non-nullable field '_criticNetworks' must contain a non-null value when exiting constructor. Consider adding the 'required' modifier or declaring the field as nullable. [C:\Users\cheat\source\repos\worktrees\pr-481-1763014665\src\AiDotNet.csproj::TargetFramework=net8.0]
C:\Users\cheat\source\repos\worktrees\pr-481-1763014665\src\ReinforcementLearning\Agents\MADDPG\MADDPGAgent.cs(54,12): error CS8618: Non-nullable field '_targetCriticNetworks' must contain a non-null value when exiting constructor. Consider adding the 'required' modifier or declaring the field as nullable. [C:\Users\cheat\source\repos\worktrees\pr-481-1763014665\src\AiDotNet.csproj::TargetFramework=net8.0]
C:\Users\cheat\source\repos\worktrees\pr-481-1763014665\src\ReinforcementLearning\Agents\MADDPG\MADDPGAgent.cs(54,12): error CS8618: Non-nullable field '_replayBuffer' must contain a non-null value when exiting constructor. Consider adding the 'required' modifier or declaring the field as nullable. [C:\Users\cheat\source\repos\worktrees\pr-481-1763014665\src\AiDotNet.csproj::TargetFramework=net8.0]
C:\Users\cheat\source\repos\worktrees\pr-481-1763014665\src\ReinforcementLearning\Agents\IQL\IQLAgent.cs(58,46): error CS1729: 'DeepReinforcementLearningAgentBase<T>' does not contain a constructor that takes 2 arguments [C:\Users\cheat\source\repos\worktrees\pr-481-1763014665\src\AiDotNet.csproj::TargetFramework=net8.0]
C:\Users\cheat\source\repos\worktrees\pr-481-1763014665\src\ReinforcementLearning\Agents\IQL\IQLAgent.cs(58,12): error CS8618: Non-nullable field '_policyNetwork' must contain a non-null value when exiting constructor. Consider adding the 'required' modifier or declaring the field as nullable. [C:\Users\cheat\source\repos\worktrees\pr-481-1763014665\src\AiDotNet.csproj::TargetFramework=net8.0]
C:\Users\cheat\source\repos\worktrees\pr-481-1763014665\src\ReinforcementLearning\Agents\IQL\IQLAgent.cs(58,12): error CS8618: Non-nullable field '_valueNetwork' must contain a non-null value when exiting constructor. Consider adding the 'required' modifier or declaring the field as nullable. [C:\Users\cheat\source\repos\worktrees\pr-481-1763014665\src\AiDotNet.csproj::TargetFramework=net8.0]
C:\Users\cheat\source\repos\worktrees\pr-481-1763014665\src\ReinforcementLearning\Agents\IQL\IQLAgent.cs(58,12): error CS8618: Non-nullable field '_q1Network' must contain a non-null value when exiting constructor. Consider adding the 'required' modifier or declaring the field as nullable. [C:\Users\cheat\source\repos\worktrees\pr-481-1763014665\src\AiDotNet.csproj::TargetFramework=net8.0]
C:\Users\cheat\source\repos\worktrees\pr-481-1763014665\src\ReinforcementLearning\Agents\IQL\IQLAgent.cs(58,12): error CS8618: Non-nullable field '_q2Network' must contain a non-null value when exiting constructor. Consider adding the 'required' modifier or declaring the field as nullable. [C:\Users\cheat\source\repos\worktrees\pr-481-1763014665\src\AiDotNet.csproj::TargetFramework=net8.0]
C:\Users\cheat\source\repos\worktrees\pr-481-1763014665\src\ReinforcementLearning\Agents\IQL\IQLAgent.cs(58,12): error CS8618: Non-nullable field '_targetValueNetwork' must contain a non-null value when exiting constructor. Consider adding the 'required' modifier or declaring the field as nullable. [C:\Users\cheat\source\repos\worktrees\pr-481-1763014665\src\AiDotNet.csproj::TargetFramework=net8.0]
C:\Users\cheat\source\repos\worktrees\pr-481-1763014665\src\ReinforcementLearning\Agents\IQL\IQLAgent.cs(58,12): error CS8618: Non-nullable field '_offlineBuffer' must contain a non-null value when exiting constructor. Consider adding the 'required' modifier or declaring the field as nullable. [C:\Users\cheat\source\repos\worktrees\pr-481-1763014665\src\AiDotNet.csproj::TargetFramework=net8.0]
C:\Users\cheat\source\repos\worktrees\pr-481-1763014665\src\ReinforcementLearning\Agents\DynamicProgramming\ValueIterationAgent.cs(130,23): error CS1061: 'INumericOperations<T>' does not contain a definition for 'Compare' and no accessible extension method 'Compare' accepting a first argument of type 'INumericOperations<T>' could be found (are you missing a using directive or an assembly reference?) [C:\Users\cheat\source\repos\worktrees\pr-481-1763014665\src\AiDotNet.csproj::TargetFramework=net8.0]
C:\Users\cheat\source\repos\worktrees\pr-481-1763014665\src\ReinforcementLearning\Agents\DynamicProgramming\ValueIterationAgent.cs(121,36): error CS1061: 'INumericOperations<T>' does not contain a definition for 'Compare' and no accessible extension method 'Compare' accepting a first argument of type 'INumericOperations<T>' could be found (are you missing a using directive or an assembly reference?) [C:\Users\cheat\source\repos\worktrees\pr-481-1763014665\src\AiDotNet.csproj::TargetFramework=net8.0]
C:\Users\cheat\source\repos\worktrees\pr-481-1763014665\src\ReinforcementLearning\Agents\QMIX\QMIXAgent.cs(222,91): error CS1061: 'Experience<T>' does not contain a definition for 'state' and no accessible extension method 'state' accepting a first argument of type 'Experience<T>' could be found (are you missing a using directive or an assembly reference?) [C:\Users\cheat\source\repos\worktrees\pr-481-1763014665\src\AiDotNet.csproj::TargetFramework=net8.0]
C:\Users\cheat\source\repos\worktrees\pr-481-1763014665\src\ReinforcementLearning\Agents\QMIX\QMIXAgent.cs(223,88): error CS1061: 'Experience<T>' does not contain a definition for 'nextState' and no accessible extension method 'nextState' accepting a first argument of type 'Experience<T>' could be found (are you missing a using directive or an assembly reference?) [C:\Users\cheat\source\repos\worktrees\pr-481-1763014665\src\AiDotNet.csproj::TargetFramework=net8.0]
C:\Users\cheat\source\repos\worktrees\pr-481-1763014665\src\ReinforcementLearning\Agents\QMIX\QMIXAgent.cs(229,49): error CS1061: 'INeuralNetwork<T>' does not contain a definition for 'Forward' and no accessible extension method 'Forward' accepting a first argument of type 'INeuralNetwork<T>' could be found (are you missing a using directive or an assembly reference?) [C:\Users\cheat\source\repos\worktrees\pr-481-1763014665\src\AiDotNet.csproj::TargetFramework=net8.0]
C:\Users\cheat\source\repos\worktrees\pr-481-1763014665\src\ReinforcementLearning\Agents\QMIX\QMIXAgent.cs(236,48): error CS1503: Argument 1: cannot convert from 'AiDotNet.LinearAlgebra.Vector<T>' to 'AiDotNet.LinearAlgebra.Tensor<T>' [C:\Users\cheat\source\repos\worktrees\pr-481-1763014665\src\AiDotNet.csproj::TargetFramework=net8.0]
C:\Users\cheat\source\repos\worktrees\pr-481-1763014665\src\ReinforcementLearning\Agents\QMIX\QMIXAgent.cs(242,59): error CS1061: 'INeuralNetwork<T>' does not contain a definition for 'Forward' and no accessible extension method 'Forward' accepting a first argument of type 'INeuralNetwork<T>' could be found (are you missing a using directive or an assembly reference?) [C:\Users\cheat\source\repos\worktrees\pr-481-1763014665\src\AiDotNet.csproj::TargetFramework=net8.0]
C:\Users\cheat\source\repos\worktrees\pr-481-1763014665\src\ReinforcementLearning\Agents\QMIX\QMIXAgent.cs(247,60): error CS1503: Argument 1: cannot convert from 'AiDotNet.LinearAlgebra.Vector<T>' to 'AiDotNet.LinearAlgebra.Tensor<T>' [C:\Users\cheat\source\repos\worktrees\pr-481-1763014665\src\AiDotNet.csproj::TargetFramework=net8.0]
C:\Users\cheat\source\repos\worktrees\pr-481-1763014665\src\ReinforcementLearning\Agents\QMIX\QMIXAgent.cs(250,28): error CS1061: 'Experience<T>' does not contain a definition for 'done' and no accessible extension method 'done' accepting a first argument of type 'Experience<T>' could be found (are you missing a using directive or an assembly reference?) [C:\Users\cheat\source\repos\worktrees\pr-481-1763014665\src\AiDotNet.csproj::TargetFramework=net8.0]
C:\Users\cheat\source\repos\worktrees\pr-481-1763014665\src\ReinforcementLearning\Agents\QMIX\QMIXAgent.cs(267,28): error CS1061: 'INeuralNetwork<T>' does not contain a definition for 'Backpropagate' and no accessible extension method 'Backpropagate' accepting a first argument of type 'INeuralNetwork<T>' could be found (are you missing a using directive or an assembly reference?) [C:\Users\cheat\source\repos\worktrees\pr-481-1763014665\src\AiDotNet.csproj::TargetFramework=net8.0]
C:\Users\cheat\source\repos\worktrees\pr-481-1763014665\src\ReinforcementLearning\Agents\QMIX\QMIXAgent.cs(268,45): error CS1503: Argument 1: cannot convert from 'T' to 'AiDotNet.LinearAlgebra.Vector<T>' [C:\Users\cheat\source\repos\worktrees\pr-481-1763014665\src\AiDotNet.csproj::TargetFramework=net8.0]
C:\Users\cheat\source\repos\worktrees\pr-481-1763014665\src\ReinforcementLearning\Agents\QMIX\QMIXAgent.cs(277,35): error CS1061: 'INeuralNetwork<T>' does not contain a definition for 'Backpropagate' and no accessible extension method 'Backpropagate' accepting a first argument of type 'INeuralNetwork<T>' could be found (are you missing a using directive or an assembly reference?) [C:\Users\cheat\source\repos\worktrees\pr-481-1763014665\src\AiDotNet.csproj::TargetFramework=net8.0]
C:\Users\cheat\source\repos\worktrees\pr-481-1763014665\src\ReinforcementLearning\Agents\QMIX\QMIXAgent.cs(278,52): error CS1503: Argument 1: cannot convert from 'T' to 'AiDotNet.LinearAlgebra.Vector<T>' [C:\Users\cheat\source\repos\worktrees\pr-481-1763014665\src\AiDotNet.csproj::TargetFramework=net8.0]
C:\Users\cheat\source\repos\worktrees\pr-481-1763014665\src\ReinforcementLearning\Agents\ExpectedSARSA\ExpectedSARSAAgent.cs(179,25): error CS0029: Cannot implicitly convert type 'string' to 'AiDotNet.Enums.ModelType' [C:\Users\cheat\source\repos\worktrees\pr-481-1763014665\src\AiDotNet.csproj::TargetFramework=net8.0]
C:\Users\cheat\source\repos\worktrees\pr-481-1763014665\src\ReinforcementLearning\Agents\MuZero\MuZeroAgent.cs(51,52): error CS1729: 'DeepReinforcementLearningAgentBase<T>' does not contain a constructor that takes 2 arguments [C:\Users\cheat\source\repos\worktrees\pr-481-1763014665\src\AiDotNet.csproj::TargetFramework=net8.0]
C:\Users\cheat\source\repos\worktrees\pr-481-1763014665\src\ReinforcementLearning\Agents\MuZero\MuZeroAgent.cs(51,12): error CS8618: Non-nullable field '_representationNetwork' must contain a non-null value when exiting constructor. Consider adding the 'required' modifier or declaring the field as nullable. [C:\Users\cheat\source\repos\worktrees\pr-481-1763014665\src\AiDotNet.csproj::TargetFramework=net8.0]
C:\Users\cheat\source\repos\worktrees\pr-481-1763014665\src\ReinforcementLearning\Agents\MuZero\MuZeroAgent.cs(51,12): error CS8618: Non-nullable field '_dynamicsNetwork' must contain a non-null value when exiting constructor. Consider adding the 'required' modifier or declaring the field as nullable. [C:\Users\cheat\source\repos\worktrees\pr-481-1763014665\src\AiDotNet.csproj::TargetFramework=net8.0]
C:\Users\cheat\source\repos\worktrees\pr-481-1763014665\src\ReinforcementLearning\Agents\MuZero\MuZeroAgent.cs(51,12): error CS8618: Non-nullable field '_predictionNetwork' must contain a non-null value when exiting constructor. Consider adding the 'required' modifier or declaring the field as nullable. [C:\Users\cheat\source\repos\worktrees\pr-481-1763014665\src\AiDotNet.csproj::TargetFramework=net8.0]
C:\Users\cheat\source\repos\worktrees\pr-481-1763014665\src\ReinforcementLearning\Agents\MuZero\MuZeroAgent.cs(51,12): error CS8618: Non-nullable field '_replayBuffer' must contain a non-null value when exiting constructor. Consider adding the 'required' modifier or declaring the field as nullable. [C:\Users\cheat\source\repos\worktrees\pr-481-1763014665\src\AiDotNet.csproj::TargetFramework=net8.0]
C:\Users\cheat\source\repos\worktrees\pr-481-1763014665\src\ReinforcementLearning\Agents\IQL\IQLAgent.cs(82,27): error CS7036: There is no argument given that corresponds to the required parameter 'architecture' of 'NeuralNetwork<T>.NeuralNetwork(NeuralNetworkArchitecture<T>, ILossFunction<T>?)' [C:\Users\cheat\source\repos\worktrees\pr-481-1763014665\src\AiDotNet.csproj::TargetFramework=net8.0]
C:\Users\cheat\source\repos\worktrees\pr-481-1763014665\src\ReinforcementLearning\Agents\IQL\IQLAgent.cs(87,21): error CS7036: There is no argument given that corresponds to the required parameter 'units' of 'NeuralNetworkBase<T>.AddLayer(LayerType, int, ActivationFunction)' [C:\Users\cheat\source\repos\worktrees\pr-481-1763014665\src\AiDotNet.csproj::TargetFramework=net8.0]
C:\Users\cheat\source\repos\worktrees\pr-481-1763014665\src\ReinforcementLearning\Agents\IQL\IQLAgent.cs(88,57): error CS0246: The type or namespace name 'ReLU<>' could not be found (are you missing a using directive or an assembly reference?) [C:\Users\cheat\source\repos\worktrees\pr-481-1763014665\src\AiDotNet.csproj::TargetFramework=net8.0]
C:\Users\cheat\source\repos\worktrees\pr-481-1763014665\src\ReinforcementLearning\Agents\IQL\IQLAgent.cs(88,34): error CS1729: 'ActivationLayer<T>' does not contain a constructor that takes 1 arguments [C:\Users\cheat\source\repos\worktrees\pr-481-1763014665\src\AiDotNet.csproj::TargetFramework=net8.0]
C:\Users\cheat\source\repos\worktrees\pr-481-1763014665\src\ReinforcementLearning\Agents\IQL\IQLAgent.cs(93,17): error CS7036: There is no argument given that corresponds to the required parameter 'units' of 'NeuralNetworkBase<T>.AddLayer(LayerType, int, ActivationFunction)' [C:\Users\cheat\source\repos\worktrees\pr-481-1763014665\src\AiDotNet.csproj::TargetFramework=net8.0]
C:\Users\cheat\source\repos\worktrees\pr-481-1763014665\src\ReinforcementLearning\Agents\DuelingDQN\DuelingDQNAgent.cs(259,26): error CS1061: 'DuelingNetwork<T>' does not contain a definition for 'GetParameters' and no accessible extension method 'GetParameters' accepting a first argument of type 'DuelingNetwork<T>' could be found (are you missing a using directive or an assembly reference?) [C:\Users\cheat\source\repos\worktrees\pr-481-1763014665\src\AiDotNet.csproj::TargetFramework=net8.0]
C:\Users\cheat\source\repos\worktrees\pr-481-1763014665\src\ReinforcementLearning\Agents\DynamicProgramming\ModifiedPolicyIterationAgent.cs(296,51): error CS1503: Argument 1: cannot convert from 'AiDotNet.LinearAlgebra.Matrix<T>' to 'AiDotNet.LinearAlgebra.Vector<T>' [C:\Users\cheat\source\repos\worktrees\pr-481-1763014665\src\AiDotNet.csproj::TargetFramework=net8.0]
C:\Users\cheat\source\repos\worktrees\pr-481-1763014665\src\ReinforcementLearning\Agents\DynamicProgramming\ModifiedPolicyIterationAgent.cs(296,88): error CS1503: Argument 2: cannot convert from 'AiDotNet.LinearAlgebra.Matrix<T>' to 'AiDotNet.LinearAlgebra.Vector<T>' [C:\Users\cheat\source\repos\worktrees\pr-481-1763014665\src\AiDotNet.csproj::TargetFramework=net8.0]
C:\Users\cheat\source\repos\worktrees\pr-481-1763014665\src\ReinforcementLearning\Agents\DynamicProgramming\ModifiedPolicyIterationAgent.cs(298,61): error CS1503: Argument 1: cannot convert from 'AiDotNet.LinearAlgebra.Matrix<T>' to 'AiDotNet.LinearAlgebra.Vector<T>' [C:\Users\cheat\source\repos\worktrees\pr-481-1763014665\src\AiDotNet.csproj::TargetFramework=net8.0]
C:\Users\cheat\source\repos\worktrees\pr-481-1763014665\src\ReinforcementLearning\Agents\DynamicProgramming\ModifiedPolicyIterationAgent.cs(298,98): error CS1503: Argument 2: cannot convert from 'AiDotNet.LinearAlgebra.Matrix<T>' to 'AiDotNet.LinearAlgebra.Vector<T>' [C:\Users\cheat\source\repos\worktrees\pr-481-1763014665\src\AiDotNet.csproj::TargetFramework=net8.0]
C:\Users\cheat\source\repos\worktrees\pr-481-1763014665\src\ReinforcementLearning\Agents\DuelingDQN\DuelingDQNAgent.cs(265,42): error CS1503: Argument 1: cannot convert from 'AiDotNet.LinearAlgebra.Vector<T>' to 'AiDotNet.LinearAlgebra.Matrix<T>' [C:\Users\cheat\source\repos\worktrees\pr-481-1763014665\src\AiDotNet.csproj::TargetFramework=net8.0]
C:\Users\cheat\source\repos\worktrees\pr-481-1763014665\src\ReinforcementLearning\Agents\MADDPG\MADDPGAgent.cs(106,32): error CS1729: 'NeuralNetworkArchitecture<T>' does not contain a constructor that takes 0 arguments [C:\Users\cheat\source\repos\worktrees\pr-481-1763014665\src\AiDotNet.csproj::TargetFramework=net8.0]
C:\Users\cheat\source\repos\worktrees\pr-481-1763014665\src\ReinforcementLearning\Agents\MADDPG\MADDPGAgent.cs(108,13): error CS0200: Property or indexer 'NeuralNetworkArchitecture<T>.TaskType' cannot be assigned to -- it is read only [C:\Users\cheat\source\repos\worktrees\pr-481-1763014665\src\AiDotNet.csproj::TargetFramework=net8.0]
C:\Users\cheat\source\repos\worktrees\pr-481-1763014665\src\ReinforcementLearning\Agents\MADDPG\MADDPGAgent.cs(123,28): error CS1061: 'DenseLayer<T>' does not contain a definition for 'GetWeights' and no accessible extension method 'GetWeights' accepting a first argument of type 'DenseLayer<T>' could be found (are you missing a using directive or an assembly reference?) [C:\Users\cheat\source\repos\worktrees\pr-481-1763014665\src\AiDotNet.csproj::TargetFramework=net8.0]
C:\Users\cheat\source\repos\worktrees\pr-481-1763014665\src\ReinforcementLearning\Agents\MADDPG\MADDPGAgent.cs(129,9): error CS0200: Property or indexer 'NeuralNetworkArchitecture<T>.Layers' cannot be assigned to -- it is read only [C:\Users\cheat\source\repos\worktrees\pr-481-1763014665\src\AiDotNet.csproj::TargetFramework=net8.0]
C:\Users\cheat\source\repos\worktrees\pr-481-1763014665\src\ReinforcementLearning\Agents\MuZero\MuZeroAgent.cs(74,27): error CS7036: There is no argument given that corresponds to the required parameter 'architecture' of 'NeuralNetwork<T>.NeuralNetwork(NeuralNetworkArchitecture<T>, ILossFunction<T>?)' [C:\Users\cheat\source\repos\worktrees\pr-481-1763014665\src\AiDotNet.csproj::TargetFramework=net8.0]
C:\Users\cheat\source\repos\worktrees\pr-481-1763014665\src\ReinforcementLearning\Agents\MuZero\MuZeroAgent.cs(79,21): error CS7036: There is no argument given that corresponds to the required parameter 'units' of 'NeuralNetworkBase<T>.AddLayer(LayerType, int, ActivationFunction)' [C:\Users\cheat\source\repos\worktrees\pr-481-1763014665\src\AiDotNet.csproj::TargetFramework=net8.0]
C:\Users\cheat\source\repos\worktrees\pr-481-1763014665\src\ReinforcementLearning\Agents\MuZero\MuZeroAgent.cs(80,57): error CS0246: The type or namespace name 'ReLU<>' could not be found (are you missing a using directive or an assembly reference?) [C:\Users\cheat\source\repos\worktrees\pr-481-1763014665\src\AiDotNet.csproj::TargetFramework=net8.0]
C:\Users\cheat\source\repos\worktrees\pr-481-1763014665\src\ReinforcementLearning\Agents\MuZero\MuZeroAgent.cs(80,34): error CS1729: 'ActivationLayer<T>' does not contain a constructor that takes 1 arguments [C:\Users\cheat\source\repos\worktrees\pr-481-1763014665\src\AiDotNet.csproj::TargetFramework=net8.0]
C:\Users\cheat\source\repos\worktrees\pr-481-1763014665\src\ReinforcementLearning\Agents\MuZero\MuZeroAgent.cs(84,17): error CS7036: There is no argument given that corresponds to the required parameter 'units' of 'NeuralNetworkBase<T>.AddLayer(LayerType, int, ActivationFunction)' [C:\Users\cheat\source\repos\worktrees\pr-481-1763014665\src\AiDotNet.csproj::TargetFramework=net8.0]
C:\Users\cheat\source\repos\worktrees\pr-481-1763014665\src\ReinforcementLearning\Agents\IQL\IQLAgent.cs(100,27): error CS7036: There is no argument given that corresponds to the required parameter 'architecture' of 'NeuralNetwork<T>.NeuralNetwork(NeuralNetworkArchitecture<T>, ILossFunction<T>?)' [C:\Users\cheat\source\repos\worktrees\pr-481-1763014665\src\AiDotNet.csproj::TargetFramework=net8.0]
C:\Users\cheat\source\repos\worktrees\pr-481-1763014665\src\ReinforcementLearning\Agents\IQL\IQLAgent.cs(105,21): error CS7036: There is no argument given that corresponds to the required parameter 'units' of 'NeuralNetworkBase<T>.AddLayer(LayerType, int, ActivationFunction)' [C:\Users\cheat\source\repos\worktrees\pr-481-1763014665\src\AiDotNet.csproj::TargetFramework=net8.0]
C:\Users\cheat\source\repos\worktrees\pr-481-1763014665\src\ReinforcementLearning\Agents\IQL\IQLAgent.cs(106,57): error CS0246: The type or namespace name 'ReLU<>' could not be found (are you missing a using directive or an assembly reference?) [C:\Users\cheat\source\repos\worktrees\pr-481-1763014665\src\AiDotNet.csproj::TargetFramework=net8.0]
C:\Users\cheat\source\repos\worktrees\pr-481-1763014665\src\ReinforcementLearning\Agents\IQL\IQLAgent.cs(106,34): error CS1729: 'ActivationLayer<T>' does not contain a constructor that takes 1 arguments [C:\Users\cheat\source\repos\worktrees\pr-481-1763014665\src\AiDotNet.csproj::TargetFramework=net8.0]
C:\Users\cheat\source\repos\worktrees\pr-481-1763014665\src\ReinforcementLearning\Agents\IQL\IQLAgent.cs(110,17): error CS7036: There is no argument given that corresponds to the required parameter 'units' of 'NeuralNetworkBase<T>.AddLayer(LayerType, int, ActivationFunction)' [C:\Users\cheat\source\repos\worktrees\pr-481-1763014665\src\AiDotNet.csproj::TargetFramework=net8.0]
C:\Users\cheat\source\repos\worktrees\pr-481-1763014665\src\ReinforcementLearning\Agents\DynamicProgramming\PolicyIterationAgent.cs(124,36): error CS1061: 'INumericOperations<T>' does not contain a definition for 'Compare' and no accessible extension method 'Compare' accepting a first argument of type 'INumericOperations<T>' could be found (are you missing a using directive or an assembly reference?) [C:\Users\cheat\source\repos\worktrees\pr-481-1763014665\src\AiDotNet.csproj::TargetFramework=net8.0]
C:\Users\cheat\source\repos\worktrees\pr-481-1763014665\src\ReinforcementLearning\Agents\DynamicProgramming\PolicyIterationAgent.cs(132,24): error CS1061: 'INumericOperations<T>' does not contain a definition for 'Compare' and no accessible extension method 'Compare' accepting a first argument of type 'INumericOperations<T>' could be found (are you missing a using directive or an assembly reference?) [C:\Users\cheat\source\repos\worktrees\pr-481-1763014665\src\AiDotNet.csproj::TargetFramework=net8.0]
C:\Users\cheat\source\repos\worktrees\pr-481-1763014665\src\ReinforcementLearning\Agents\MADDPG\MADDPGAgent.cs(138,32): error CS1729: 'NeuralNetworkArchitecture<T>' does not contain a constructor that takes 0 arguments [C:\Users\cheat\source\repos\worktrees\pr-481-1763014665\src\AiDotNet.csproj::TargetFramework=net8.0]
C:\Users\cheat\source\repos\worktrees\pr-481-1763014665\src\ReinforcementLearning\Agents\MADDPG\MADDPGAgent.cs(140,13): error CS0200: Property or indexer 'NeuralNetworkArchitecture<T>.TaskType' cannot be assigned to -- it is read only [C:\Users\cheat\source\repos\worktrees\pr-481-1763014665\src\AiDotNet.csproj::TargetFramework=net8.0]
C:\Users\cheat\source\repos\worktrees\pr-481-1763014665\src\ReinforcementLearning\Agents\MADDPG\MADDPGAgent.cs(150,9): error CS0200: Property or indexer 'NeuralNetworkArchitecture<T>.Layers' cannot be assigned to -- it is read only [C:\Users\cheat\source\repos\worktrees\pr-481-1763014665\src\AiDotNet.csproj::TargetFramework=net8.0]
C:\Users\cheat\source\repos\worktrees\pr-481-1763014665\src\ReinforcementLearning\Agents\DuelingDQN\DuelingDQNAgent.cs(303,32): error CS1061: 'DuelingNetwork<T>' does not contain a definition for 'Predict' and no accessible extension method 'Predict' accepting a first argument of type 'DuelingNetwork<T>' could be found (are you missing a using directive or an assembly reference?) [C:\Users\cheat\source\repos\worktrees\pr-481-1763014665\src\AiDotNet.csproj::TargetFramework=net8.0]
C:\Users\cheat\source\repos\worktrees\pr-481-1763014665\src\ReinforcementLearning\Agents\DuelingDQN\DuelingDQNAgent.cs(305,29): error CS1061: 'ILossFunction<T>' does not contain a definition for 'ComputeGradient' and no accessible extension method 'ComputeGradient' accepting a first argument of type 'ILossFunction<T>' could be found (are you missing a using directive or an assembly reference?) [C:\Users\cheat\source\repos\worktrees\pr-481-1763014665\src\AiDotNet.csproj::TargetFramework=net8.0]
C:\Users\cheat\source\repos\worktrees\pr-481-1763014665\src\ReinforcementLearning\Agents\DuelingDQN\DuelingDQNAgent.cs(307,19): error CS1061: 'DuelingNetwork<T>' does not contain a definition for 'Backpropagate' and no accessible extension method 'Backpropagate' accepting a first argument of type 'DuelingNetwork<T>' could be found (are you missing a using directive or an assembly reference?) [C:\Users\cheat\source\repos\worktrees\pr-481-1763014665\src\AiDotNet.csproj::TargetFramework=net8.0]
C:\Users\cheat\source\repos\worktrees\pr-481-1763014665\src\ReinforcementLearning\Agents\DuelingDQN\DuelingDQNAgent.cs(308,40): error CS1061: 'DuelingNetwork<T>' does not contain a definition for 'GetFlattenedGradients' and no accessible extension method 'GetFlattenedGradients' accepting a first argument of type 'DuelingNetwork<T>' could be found (are you missing a using directive or an assembly reference?) [C:\Users\cheat\source\repos\worktrees\pr-481-1763014665\src\AiDotNet.csproj::TargetFramework=net8.0]
C:\Users\cheat\source\repos\worktrees\pr-481-1763014665\src\ReinforcementLearning\Agents\MuZero\MuZeroAgent.cs(97,58): error CS1503: Argument 1: cannot convert from 'AiDotNet.LinearAlgebra.Vector<T>' to 'AiDotNet.LinearAlgebra.Tensor<T>' [C:\Users\cheat\source\repos\worktrees\pr-481-1763014665\src\AiDotNet.csproj::TargetFramework=net8.0]
C:\Users\cheat\source\repos\worktrees\pr-481-1763014665\src\ReinforcementLearning\Agents\MuZero\MuZeroAgent.cs(103,51): error CS1503: Argument 1: cannot convert from 'AiDotNet.LinearAlgebra.Tensor<T>' to 'AiDotNet.LinearAlgebra.Vector<T>' [C:\Users\cheat\source\repos\worktrees\pr-481-1763014665\src\AiDotNet.csproj::TargetFramework=net8.0]
C:\Users\cheat\source\repos\worktrees\pr-481-1763014665\src\ReinforcementLearning\Agents\MuZero\MuZeroAgent.cs(110,38): error CS1503: Argument 1: cannot convert from 'AiDotNet.LinearAlgebra.Tensor<T>' to 'AiDotNet.LinearAlgebra.Vector<T>' [C:\Users\cheat\source\repos\worktrees\pr-481-1763014665\src\AiDotNet.csproj::TargetFramework=net8.0]
C:\Users\cheat\source\repos\worktrees\pr-481-1763014665\src\ReinforcementLearning\Agents\DynamicProgramming\ValueIterationAgent.cs(215,25): error CS0029: Cannot implicitly convert type 'string' to 'AiDotNet.Enums.ModelType' [C:\Users\cheat\source\repos\worktrees\pr-481-1763014665\src\AiDotNet.csproj::TargetFramework=net8.0]
C:\Users\cheat\source\repos\worktrees\pr-481-1763014665\src\ReinforcementLearning\Agents\IQL\IQLAgent.cs(117,27): error CS7036: There is no argument given that corresponds to the required parameter 'architecture' of 'NeuralNetwork<T>.NeuralNetwork(NeuralNetworkArchitecture<T>, ILossFunction<T>?)' [C:\Users\cheat\source\repos\worktrees\pr-481-1763014665\src\AiDotNet.csproj::TargetFramework=net8.0]
C:\Users\cheat\source\repos\worktrees\pr-481-1763014665\src\ReinforcementLearning\Agents\IQL\IQLAgent.cs(123,21): error CS7036: There is no argument given that corresponds to the required parameter 'units' of 'NeuralNetworkBase<T>.AddLayer(LayerType, int, ActivationFunction)' [C:\Users\cheat\source\repos\worktrees\pr-481-1763014665\src\AiDotNet.csproj::TargetFramework=net8.0]
C:\Users\cheat\source\repos\worktrees\pr-481-1763014665\src\ReinforcementLearning\Agents\IQL\IQLAgent.cs(124,57): error CS0246: The type or namespace name 'ReLU<>' could not be found (are you missing a using directive or an assembly reference?) [C:\Users\cheat\source\repos\worktrees\pr-481-1763014665\src\AiDotNet.csproj::TargetFramework=net8.0]
C:\Users\cheat\source\repos\worktrees\pr-481-1763014665\src\ReinforcementLearning\Agents\IQL\IQLAgent.cs(124,34): error CS1729: 'ActivationLayer<T>' does not contain a constructor that takes 1 arguments [C:\Users\cheat\source\repos\worktrees\pr-481-1763014665\src\AiDotNet.csproj::TargetFramework=net8.0]
C:\Users\cheat\source\repos\worktrees\pr-481-1763014665\src\ReinforcementLearning\Agents\IQL\IQLAgent.cs(128,17): error CS7036: There is no argument given that corresponds to the required parameter 'units' of 'NeuralNetworkBase<T>.AddLayer(LayerType, int, ActivationFunction)' [C:\Users\cheat\source\repos\worktrees\pr-481-1763014665\src\AiDotNet.csproj::TargetFramework=net8.0]
C:\Users\cheat\source\repos\worktrees\pr-481-1763014665\src\ReinforcementLearning\Agents\DuelingDQN\DuelingDQNAgent.cs(316,39): error CS1061: 'DuelingNetwork<T>' does not contain a definition for 'GetParameters' and no accessible extension method 'GetParameters' accepting a first argument of type 'DuelingNetwork<T>' could be found (are you missing a using directive or an assembly reference?) [C:\Users\cheat\source\repos\worktrees\pr-481-1763014665\src\AiDotNet.csproj::TargetFramework=net8.0]
C:\Users\cheat\source\repos\worktrees\pr-481-1763014665\src\ReinforcementLearning\Agents\DuelingDQN\DuelingDQNAgent.cs(326,42): error CS1503: Argument 1: cannot convert from 'AiDotNet.LinearAlgebra.Vector<T>' to 'AiDotNet.LinearAlgebra.Matrix<T>' [C:\Users\cheat\source\repos\worktrees\pr-481-1763014665\src\AiDotNet.csproj::TargetFramework=net8.0]
C:\Users\cheat\source\repos\worktrees\pr-481-1763014665\src\ReinforcementLearning\Agents\DuelingDQN\DuelingDQNAgent.cs(332,35): error CS1061: 'DuelingNetwork<T>' does not contain a definition for 'GetParameters' and no accessible extension method 'GetParameters' accepting a first argument of type 'DuelingNetwork<T>' could be found (are you missing a using directive or an assembly reference?) [C:\Users\cheat\source\repos\worktrees\pr-481-1763014665\src\AiDotNet.csproj::TargetFramework=net8.0]
C:\Users\cheat\source\repos\worktrees\pr-481-1763014665\src\ReinforcementLearning\Agents\MADDPG\MADDPGAgent.cs(169,46): error CS1061: 'INeuralNetwork<T>' does not contain a definition for 'Forward' and no accessible extension method 'Forward' accepting a first argument of type 'INeuralNetwork<T>' could be found (are you missing a using directive or an assembly reference?) [C:\Users\cheat\source\repos\worktrees\pr-481-1763014665\src\AiDotNet.csproj::TargetFramework=net8.0]
C:\Users\cheat\source\repos\worktrees\pr-481-1763014665\src\ReinforcementLearning\Agents\MuZero\MuZeroAgent.cs(122,57): error CS1503: Argument 1: cannot convert from 'AiDotNet.LinearAlgebra.Vector<T>' to 'AiDotNet.LinearAlgebra.Tensor<T>' [C:\Users\cheat\source\repos\worktrees\pr-481-1763014665\src\AiDotNet.csproj::TargetFramework=net8.0]
C:\Users\cheat\source\repos\worktrees\pr-481-1763014665\src\ReinforcementLearning\Agents\MuZero\MuZeroAgent.cs(123,35): error CS1503: Argument 1: cannot convert from 'AiDotNet.LinearAlgebra.Tensor<T>' to 'AiDotNet.LinearAlgebra.Vector<T>' [C:\Users\cheat\source\repos\worktrees\pr-481-1763014665\src\AiDotNet.csproj::TargetFramework=net8.0]
C:\Users\cheat\source\repos\worktrees\pr-481-1763014665\src\ReinforcementLearning\Agents\IQL\IQLAgent.cs(145,28): error CS1501: No overload for method 'Add' takes 5 arguments [C:\Users\cheat\source\repos\worktrees\pr-481-1763014665\src\AiDotNet.csproj::TargetFramework=net8.0]
C:\Users\cheat\source\repos\worktrees\pr-481-1763014665\src\ReinforcementLearning\Agents\MADDPG\MADDPGAgent.cs(214,23): error CS1501: No overload for method 'Add' takes 5 arguments [C:\Users\cheat\source\repos\worktrees\pr-481-1763014665\src\AiDotNet.csproj::TargetFramework=net8.0]
C:\Users\cheat\source\repos\worktrees\pr-481-1763014665\src\ReinforcementLearning\Agents\MADDPG\MADDPGAgent.cs(220,23): error CS1501: No overload for method 'Add' takes 5 arguments [C:\Users\cheat\source\repos\worktrees\pr-481-1763014665\src\AiDotNet.csproj::TargetFramework=net8.0]
C:\Users\cheat\source\repos\worktrees\pr-481-1763014665\src\ReinforcementLearning\Agents\MADDPG\MADDPGAgent.cs(237,50): error CS1503: Argument 2: cannot convert from 'System.Collections.Generic.List<AiDotNet.ReinforcementLearning.ReplayBuffers.Experience<T>>' to 'System.Collections.Generic.List<(AiDotNet.LinearAlgebra.Vector<T> state, AiDotNet.LinearAlgebra.Vector<T> action, T reward, AiDotNet.LinearAlgebra.Vector<T> nextState, bool done)>' [C:\Users\cheat\source\repos\worktrees\pr-481-1763014665\src\AiDotNet.csproj::TargetFramework=net8.0]
C:\Users\cheat\source\repos\worktrees\pr-481-1763014665\src\ReinforcementLearning\Agents\MADDPG\MADDPGAgent.cs(238,48): error CS1503: Argument 2: cannot convert from 'System.Collections.Generic.List<AiDotNet.ReinforcementLearning.ReplayBuffers.Experience<T>>' to 'System.Collections.Generic.List<(AiDotNet.LinearAlgebra.Vector<T> state, AiDotNet.LinearAlgebra.Vector<T> action, T reward, AiDotNet.LinearAlgebra.Vector<T> nextState, bool done)>' [C:\Users\cheat\source\repos\worktrees\pr-481-1763014665\src\AiDotNet.csproj::TargetFramework=net8.0]
C:\Users\cheat\source\repos\worktrees\pr-481-1763014665\src\ReinforcementLearning\Agents\IQL\IQLAgent.cs(151,51): error CS1503: Argument 1: cannot convert from 'AiDotNet.LinearAlgebra.Vector<T>' to 'AiDotNet.LinearAlgebra.Tensor<T>' [C:\Users\cheat\source\repos\worktrees\pr-481-1763014665\src\AiDotNet.csproj::TargetFramework=net8.0]
C:\Users\cheat\source\repos\worktrees\pr-481-1763014665\src\ReinforcementLearning\Agents\DynamicProgramming\ValueIterationAgent.cs(282,51): error CS1503: Argument 1: cannot convert from 'AiDotNet.LinearAlgebra.Matrix<T>' to 'AiDotNet.LinearAlgebra.Vector<T>' [C:\Users\cheat\source\repos\worktrees\pr-481-1763014665\src\AiDotNet.csproj::TargetFramework=net8.0]
C:\Users\cheat\source\repos\worktrees\pr-481-1763014665\src\ReinforcementLearning\Agents\DynamicProgramming\ValueIterationAgent.cs(282,88): error CS1503: Argument 2: cannot convert from 'AiDotNet.LinearAlgebra.Matrix<T>' to 'AiDotNet.LinearAlgebra.Vector<T>' [C:\Users\cheat\source\repos\worktrees\pr-481-1763014665\src\AiDotNet.csproj::TargetFramework=net8.0]
C:\Users\cheat\source\repos\worktrees\pr-481-1763014665\src\ReinforcementLearning\Agents\DynamicProgramming\ValueIterationAgent.cs(284,61): error CS1503: Argument 1: cannot convert from 'AiDotNet.LinearAlgebra.Matrix<T>' to 'AiDotNet.LinearAlgebra.Vector<T>' [C:\Users\cheat\source\repos\worktrees\pr-481-1763014665\src\AiDotNet.csproj::TargetFramework=net8.0]
C:\Users\cheat\source\repos\worktrees\pr-481-1763014665\src\ReinforcementLearning\Agents\DynamicProgramming\ValueIterationAgent.cs(284,98): error CS1503: Argument 2: cannot convert from 'AiDotNet.LinearAlgebra.Matrix<T>' to 'AiDotNet.LinearAlgebra.Vector<T>' [C:\Users\cheat\source\repos\worktrees\pr-481-1763014665\src\AiDotNet.csproj::TargetFramework=net8.0]
C:\Users\cheat\source\repos\worktrees\pr-481-1763014665\src\ReinforcementLearning\Agents\IQL\IQLAgent.cs(190,24): error CS1501: No overload for method 'Add' takes 5 arguments [C:\Users\cheat\source\repos\worktrees\pr-481-1763014665\src\AiDotNet.csproj::TargetFramework=net8.0]
C:\Users\cheat\source\repos\worktrees\pr-481-1763014665\src\ReinforcementLearning\Agents\MonteCarlo\OnPolicyMonteCarloAgent.cs(215,25): error CS0029: Cannot implicitly convert type 'string' to 'AiDotNet.Enums.ModelType' [C:\Users\cheat\source\repos\worktrees\pr-481-1763014665\src\AiDotNet.csproj::TargetFramework=net8.0]
C:\Users\cheat\source\repos\worktrees\pr-481-1763014665\src\ReinforcementLearning\Agents\DynamicProgramming\PolicyIterationAgent.cs(253,25): error CS0029: Cannot implicitly convert type 'string' to 'AiDotNet.Enums.ModelType' [C:\Users\cheat\source\repos\worktrees\pr-481-1763014665\src\AiDotNet.csproj::TargetFramework=net8.0]
C:\Users\cheat\source\repos\worktrees\pr-481-1763014665\src\ReinforcementLearning\Agents\IQL\IQLAgent.cs(205,43): error CS1503: Argument 1: cannot convert from 'System.Collections.Generic.List<AiDotNet.ReinforcementLearning.ReplayBuffers.Experience<T>>' to 'System.Collections.Generic.List<(AiDotNet.LinearAlgebra.Vector<T> state, AiDotNet.LinearAlgebra.Vector<T> action, T reward, AiDotNet.LinearAlgebra.Vector<T> nextState, bool done)>' [C:\Users\cheat\source\repos\worktrees\pr-481-1763014665\src\AiDotNet.csproj::TargetFramework=net8.0]
C:\Users\cheat\source\repos\worktrees\pr-481-1763014665\src\ReinforcementLearning\Agents\IQL\IQLAgent.cs(209,36): error CS1503: Argument 1: cannot convert from 'System.Collections.Generic.List<AiDotNet.ReinforcementLearning.ReplayBuffers.Experience<T>>' to 'System.Collections.Generic.List<(AiDotNet.LinearAlgebra.Vector<T> state, AiDotNet.LinearAlgebra.Vector<T> action, T reward, AiDotNet.LinearAlgebra.Vector<T> nextState, bool done)>' [C:\Users\cheat\source\repos\worktrees\pr-481-1763014665\src\AiDotNet.csproj::TargetFramework=net8.0]
C:\Users\cheat\source\repos\worktrees\pr-481-1763014665\src\ReinforcementLearning\Agents\IQL\IQLAgent.cs(213,37): error CS1503: Argument 1: cannot convert from 'System.Collections.Generic.List<AiDotNet.ReinforcementLearning.ReplayBuffers.Experience<T>>' to 'System.Collections.Generic.List<(AiDotNet.LinearAlgebra.Vector<T> state, AiDotNet.LinearAlgebra.Vector<T> action, T reward, AiDotNet.LinearAlgebra.Vector<T> nextState, bool done)>' [C:\Users\cheat\source\repos\worktrees\pr-481-1763014665\src\AiDotNet.csproj::TargetFramework=net8.0]
C:\Users\cheat\source\repos\worktrees\pr-481-1763014665\src\ReinforcementLearning\Agents\QMIX\QMIXAgent.cs(463,25): error CS0029: Cannot implicitly convert type 'string' to 'AiDotNet.Enums.ModelType' [C:\Users\cheat\source\repos\worktrees\pr-481-1763014665\src\AiDotNet.csproj::TargetFramework=net8.0]
C:\Users\cheat\source\repos\worktrees\pr-481-1763014665\src\ReinforcementLearning\Agents\PPO\PPOAgent.cs(63,32): error CS0246: The type or namespace name 'MeanSquaredError<>' could not be found (are you missing a using directive or an assembly reference?) [C:\Users\cheat\source\repos\worktrees\pr-481-1763014665\src\AiDotNet.csproj::TargetFramework=net8.0]
C:\Users\cheat\source\repos\worktrees\pr-481-1763014665\src\ReinforcementLearning\Agents\EligibilityTraces\WatkinsQLambdaAgent.cs(123,218): error CS1503: Argument 1: cannot convert from 'AiDotNet.LinearAlgebra.Matrix<T>' to 'AiDotNet.LinearAlgebra.Vector<T>' [C:\Users\cheat\source\repos\worktrees\pr-481-1763014665\src\AiDotNet.csproj::TargetFramework=net8.0]
C:\Users\cheat\source\repos\worktrees\pr-481-1763014665\src\ReinforcementLearning\Agents\EligibilityTraces\WatkinsQLambdaAgent.cs(123,249): error CS1503: Argument 2: cannot convert from 'AiDotNet.LinearAlgebra.Matrix<T>' to 'AiDotNet.LinearAlgebra.Vector<T>' [C:\Users\cheat\source\repos\worktrees\pr-481-1763014665\src\AiDotNet.csproj::TargetFramework=net8.0]
C:\Users\cheat\source\repos\worktrees\pr-481-1763014665\src\ReinforcementLearning\Agents\EligibilityTraces\WatkinsQLambdaAgent.cs(123,317): error CS1503: Argument 1: cannot convert from 'AiDotNet.LinearAlgebra.Matrix<T>' to 'AiDotNet.LinearAlgebra.Vector<T>' [C:\Users\cheat\source\repos\worktrees\pr-481-1763014665\src\AiDotNet.csproj::TargetFramework=net8.0]
C:\Users\cheat\source\repos\worktrees\pr-481-1763014665\src\ReinforcementLearning\Agents\EligibilityTraces\WatkinsQLambdaAgent.cs(123,348): error CS1503: Argument 2: cannot convert from 'AiDotNet.LinearAlgebra.Matrix<T>' to 'AiDotNet.LinearAlgebra.Vector<T>' [C:\Users\cheat\source\repos\worktrees\pr-481-1763014665\src\AiDotNet.csproj::TargetFramework=net8.0]
C:\Users\cheat\source\repos\worktrees\pr-481-1763014665\src\ReinforcementLearning\Agents\MuZero\MuZeroAgent.cs(210,53): error CS1503: Argument 1: cannot convert from 'AiDotNet.LinearAlgebra.Vector<T>' to 'AiDotNet.LinearAlgebra.Tensor<T>' [C:\Users\cheat\source\repos\worktrees\pr-481-1763014665\src\AiDotNet.csproj::TargetFramework=net8.0]
C:\Users\cheat\source\repos\worktrees\pr-481-1763014665\src\ReinforcementLearning\Agents\MuZero\MuZeroAgent.cs(211,36): error CS1503: Argument 1: cannot convert from 'AiDotNet.LinearAlgebra.Tensor<T>' to 'AiDotNet.LinearAlgebra.Vector<T>' [C:\Users\cheat\source\repos\worktrees\pr-481-1763014665\src\AiDotNet.csproj::TargetFramework=net8.0]
C:\Users\cheat\source\repos\worktrees\pr-481-1763014665\src\ReinforcementLearning\Agents\MADDPG\MADDPGAgent.cs(257,122): error CS1061: '(Vector<T> state, Vector<T> action, T reward, Vector<T> nextState, bool done)' does not contain a definition for 'Action' and no accessible extension method 'Action' accepting a first argument of type '(Vector<T> state, Vector<T> action, T reward, Vector<T> nextState, bool done)' could be found (are you missing a using directive or an assembly reference?) [C:\Users\cheat\source\repos\worktrees\pr-481-1763014665\src\AiDotNet.csproj::TargetFramework=net8.0]
C:\Users\cheat\source\repos\worktrees\pr-481-1763014665\src\ReinforcementLearning\Agents\MADDPG\MADDPGAgent.cs(257,58): error CS1061: 'INeuralNetwork<T>' does not contain a definition for 'Forward' and no accessible extension method 'Forward' accepting a first argument of type 'INeuralNetwork<T>' could be found (are you missing a using directive or an assembly reference?) [C:\Users\cheat\source\repos\worktrees\pr-481-1763014665\src\AiDotNet.csproj::TargetFramework=net8.0]
C:\Users\cheat\source\repos\worktrees\pr-481-1763014665\src\ReinforcementLearning\Agents\MADDPG\MADDPGAgent.cs(262,37): error CS1061: '(Vector<T> state, Vector<T> action, T reward, Vector<T> nextState, bool done)' does not contain a definition for 'Reward' and no accessible extension method 'Reward' accepting a first argument of type '(Vector<T> state, Vector<T> action, T reward, Vector<T> nextState, bool done)' could be found (are you missing a using directive or an assembly reference?) [C:\Users\cheat\source\repos\worktrees\pr-481-1763014665\src\AiDotNet.csproj::TargetFramework=net8.0]
C:\Users\cheat\source\repos\worktrees\pr-481-1763014665\src\ReinforcementLearning\Agents\MADDPG\MADDPGAgent.cs(266,48): error CS1061: '(Vector<T> state, Vector<T> action, T reward, Vector<T> nextState, bool done)' does not contain a definition for 'Reward' and no accessible extension method 'Reward' accepting a first argument of type '(Vector<T> state, Vector<T> action, T reward, Vector<T> nextState, bool done)' could be found (are you missing a using directive or an assembly reference?) [C:\Users\cheat\source\repos\worktrees\pr-481-1763014665\src\AiDotNet.csproj::TargetFramework=net8.0]
C:\Users\cheat\source\repos\worktrees\pr-481-1763014665\src\ReinforcementLearning\Agents\MADDPG\MADDPGAgent.cs(270,113): error CS1061: '(Vector<T> state, Vector<T> action, T reward, Vector<T> nextState, bool done)' does not contain a definition for 'Action' and no accessible extension method 'Action' accepting a first argument of type '(Vector<T> state, Vector<T> action, T reward, Vector<T> nextState, bool done)' could be found (are you missing a using directive or an assembly reference?) [C:\Users\cheat\source\repos\worktrees\pr-481-1763014665\src\AiDotNet.csproj::TargetFramework=net8.0]
C:\Users\cheat\source\repos\worktrees\pr-481-1763014665\src\ReinforcementLearning\Agents\MADDPG\MADDPGAgent.cs(270,53): error CS1061: 'INeuralNetwork<T>' does not contain a definition for 'Forward' and no accessible extension method 'Forward' accepting a first argument of type 'INeuralNetwork<T>' could be found (are you missing a using directive or an assembly reference?) [C:\Users\cheat\source\repos\worktrees\pr-481-1763014665\src\AiDotNet.csproj::TargetFramework=net8.0]
C:\Users\cheat\source\repos\worktrees\pr-481-1763014665\src\ReinforcementLearning\Agents\MADDPG\MADDPGAgent.cs(280,38): error CS1061: 'INeuralNetwork<T>' does not contain a definition for 'Backpropagate' and no accessible extension method 'Backpropagate' accepting a first argument of type 'INeuralNetwork<T>' could be found (are you missing a using directive or an assembly reference?) [C:\Users\cheat\source\repos\worktrees\pr-481-1763014665\src\AiDotNet.csproj::TargetFramework=net8.0]
C:\Users\cheat\source\repos\worktrees\pr-481-1763014665\src\ReinforcementLearning\Agents\MADDPG\MADDPGAgent.cs(281,55): error CS1503: Argument 1: cannot convert from 'T' to 'AiDotNet.LinearAlgebra.Vector<T>' [C:\Users\cheat\source\repos\worktrees\pr-481-1763014665\src\AiDotNet.csproj::TargetFramework=net8.0]
C:\Users\cheat\source\repos\worktrees\pr-481-1763014665\src\ReinforcementLearning\Agents\MonteCarlo\OnPolicyMonteCarloAgent.cs(286,51): error CS1503: Argument 1: cannot convert from 'AiDotNet.LinearAlgebra.Matrix<T>' to 'AiDotNet.LinearAlgebra.Vector<T>' [C:\Users\cheat\source\repos\worktrees\pr-481-1763014665\src\AiDotNet.csproj::TargetFramework=net8.0]
C:\Users\cheat\source\repos\worktrees\pr-481-1763014665\src\ReinforcementLearning\Agents\MonteCarlo\OnPolicyMonteCarloAgent.cs(286,88): error CS1503: Argument 2: cannot convert from 'AiDotNet.LinearAlgebra.Matrix<T>' to 'AiDotNet.LinearAlgebra.Vector<T>' [C:\Users\cheat\source\repos\worktrees\pr-481-1763014665\src\AiDotNet.csproj::TargetFramework=net8.0]
C:\Users\cheat\source\repos\worktrees\pr-481-1763014665\src\ReinforcementLearning\Agents\MonteCarlo\OnPolicyMonteCarloAgent.cs(288,61): error CS1503: Argument 1: cannot convert from 'AiDotNet.LinearAlgebra.Matrix<T>' to 'AiDotNet.LinearAlgebra.Vector<T>' [C:\Users\cheat\source\repos\worktrees\pr-481-1763014665\src\AiDotNet.csproj::TargetFramework=net8.0]
C:\Users\cheat\source\repos\worktrees\pr-481-1763014665\src\ReinforcementLearning\Agents\MonteCarlo\OnPolicyMonteCarloAgent.cs(288,98): error CS1503: Argument 2: cannot convert from 'AiDotNet.LinearAlgebra.Matrix<T>' to 'AiDotNet.LinearAlgebra.Vector<T>' [C:\Users\cheat\source\repos\worktrees\pr-481-1763014665\src\AiDotNet.csproj::TargetFramework=net8.0]
C:\Users\cheat\source\repos\worktrees\pr-481-1763014665\src\ReinforcementLearning\Agents\EligibilityTraces\SARSALambdaAgent.cs(17,12): error CS8618: Non-nullable field '_lastState' must contain a non-null value when exiting constructor. Consider adding the 'required' modifier or declaring the field as nullable. [C:\Users\cheat\source\repos\worktrees\pr-481-1763014665\src\AiDotNet.csproj::TargetFramework=net8.0]
C:\Users\cheat\source\repos\worktrees\pr-481-1763014665\src\ReinforcementLearning\Agents\QMIX\QMIXAgent.cs(544,51): error CS1503: Argument 1: cannot convert from 'AiDotNet.LinearAlgebra.Matrix<T>' to 'AiDotNet.LinearAlgebra.Vector<T>' [C:\Users\cheat\source\repos\worktrees\pr-481-1763014665\src\AiDotNet.csproj::TargetFramework=net8.0]
C:\Users\cheat\source\repos\worktrees\pr-481-1763014665\src\ReinforcementLearning\Agents\QMIX\QMIXAgent.cs(544,88): error CS1503: Argument 2: cannot convert from 'AiDotNet.LinearAlgebra.Matrix<T>' to 'AiDotNet.LinearAlgebra.Vector<T>' [C:\Users\cheat\source\repos\worktrees\pr-481-1763014665\src\AiDotNet.csproj::TargetFramework=net8.0]
C:\Users\cheat\source\repos\worktrees\pr-481-1763014665\src\ReinforcementLearning\Agents\QMIX\QMIXAgent.cs(546,67): error CS1503: Argument 1: cannot convert from 'AiDotNet.LinearAlgebra.Matrix<T>' to 'AiDotNet.LinearAlgebra.Vector<T>' [C:\Users\cheat\source\repos\worktrees\pr-481-1763014665\src\AiDotNet.csproj::TargetFramework=net8.0]
C:\Users\cheat\source\repos\worktrees\pr-481-1763014665\src\ReinforcementLearning\Agents\QMIX\QMIXAgent.cs(546,104): error CS1503: Argument 2: cannot convert from 'AiDotNet.LinearAlgebra.Matrix<T>' to 'AiDotNet.LinearAlgebra.Vector<T>' [C:\Users\cheat\source\repos\worktrees\pr-481-1763014665\src\AiDotNet.csproj::TargetFramework=net8.0]
C:\Users\cheat\source\repos\worktrees\pr-481-1763014665\src\ReinforcementLearning\Agents\QMIX\QMIXAgent.cs(547,53): error CS1061: 'Vector<T>' does not contain a definition for 'GetRow' and no accessible extension method 'GetRow' accepting a first argument of type 'Vector<T>' could be found (are you missing a using directive or an assembly reference?) [C:\Users\cheat\source\repos\worktrees\pr-481-1763014665\src\AiDotNet.csproj::TargetFramework=net8.0]
C:\Users\cheat\source\repos\worktrees\pr-481-1763014665\src\ReinforcementLearning\Agents\QMIX\QMIXAgent.cs(553,27): error CS1061: 'INeuralNetwork<T>' does not contain a definition for 'Backpropagate' and no accessible extension method 'Backpropagate' accepting a first argument of type 'INeuralNetwork<T>' could be found (are you missing a using directive or an assembly reference?) [C:\Users\cheat\source\repos\worktrees\pr-481-1763014665\src\AiDotNet.csproj::TargetFramework=net8.0]
C:\Users\cheat\source\repos\worktrees\pr-481-1763014665\src\ReinforcementLearning\Agents\QMIX\QMIXAgent.cs(554,44): error CS1503: Argument 1: cannot convert from 'T' to 'AiDotNet.LinearAlgebra.Vector<T>' [C:\Users\cheat\source\repos\worktrees\pr-481-1763014665\src\AiDotNet.csproj::TargetFramework=net8.0]
C:\Users\cheat\source\repos\worktrees\pr-481-1763014665\src\ReinforcementLearning\Agents\PPO\PPOAgent.cs(98,108): error CS0246: The type or namespace name 'LinearActivation<>' could not be found (are you missing a using directive or an assembly reference?) [C:\Users\cheat\source\repos\worktrees\pr-481-1763014665\src\AiDotNet.csproj::TargetFramework=net8.0]
C:\Users\cheat\source\repos\worktrees\pr-481-1763014665\src\ReinforcementLearning\Agents\PPO\PPOAgent.cs(103,104): error CS0246: The type or namespace name 'LinearActivation<>' could not be found (are you missing a using directive or an assembly reference?) [C:\Users\cheat\source\repos\worktrees\pr-481-1763014665\src\AiDotNet.csproj::TargetFramework=net8.0]
C:\Users\cheat\source\repos\worktrees\pr-481-1763014665\src\ReinforcementLearning\Agents\PPO\PPOAgent.cs(106,32): error CS1729: 'NeuralNetworkArchitecture<T>' does not contain a constructor that takes 0 arguments [C:\Users\cheat\source\repos\worktrees\pr-481-1763014665\src\AiDotNet.csproj::TargetFramework=net8.0]
C:\Users\cheat\source\repos\worktrees\pr-481-1763014665\src\ReinforcementLearning\Agents\PPO\PPOAgent.cs(108,13): error CS0200: Property or indexer 'NeuralNetworkArchitecture<T>.Layers' cannot be assigned to -- it is read only [C:\Users\cheat\source\repos\worktrees\pr-481-1763014665\src\AiDotNet.csproj::TargetFramework=net8.0]
C:\Users\cheat\source\repos\worktrees\pr-481-1763014665\src\ReinforcementLearning\Agents\PPO\PPOAgent.cs(109,13): error CS0200: Property or indexer 'NeuralNetworkArchitecture<T>.TaskType' cannot be assigned to -- it is read only [C:\Users\cheat\source\repos\worktrees\pr-481-1763014665\src\AiDotNet.csproj::TargetFramework=net8.0]
C:\Users\cheat\source\repos\worktrees\pr-481-1763014665\src\ReinforcementLearning\Agents\NStepSARSA\NStepSARSAAgent.cs(197,25): error CS0029: Cannot implicitly convert type 'string' to 'AiDotNet.Enums.ModelType' [C:\Users\cheat\source\repos\worktrees\pr-481-1763014665\src\AiDotNet.csproj::TargetFramework=net8.0]
C:\Users\cheat\source\repos\worktrees\pr-481-1763014665\src\ReinforcementLearning\Agents\MuZero\MuZeroAgent.cs(248,55): error CS1503: Argument 1: cannot convert from 'AiDotNet.LinearAlgebra.Vector<T>' to 'AiDotNet.LinearAlgebra.Tensor<T>' [C:\Users\cheat\source\repos\worktrees\pr-481-1763014665\src\AiDotNet.csproj::TargetFramework=net8.0]
C:\Users\cheat\source\repos\worktrees\pr-481-1763014665\src\ReinforcementLearning\Agents\MuZero\MuZeroAgent.cs(258,53): error CS1503: Argument 1: cannot convert from 'AiDotNet.LinearAlgebra.Vector<T>' to 'AiDotNet.LinearAlgebra.Tensor<T>' [C:\Users\cheat\source\repos\worktrees\pr-481-1763014665\src\AiDotNet.csproj::TargetFramework=net8.0]
C:\Users\cheat\source\repos\worktrees\pr-481-1763014665\src\ReinforcementLearning\Agents\MuZero\MuZeroAgent.cs(259,34): error CS1503: Argument 1: cannot convert from 'AiDotNet.LinearAlgebra.Tensor<T>' to 'AiDotNet.LinearAlgebra.Vector<T>' [C:\Users\cheat\source\repos\worktrees\pr-481-1763014665\src\AiDotNet.csproj::TargetFramework=net8.0]
C:\Users\cheat\source\repos\worktrees\pr-481-1763014665\src\ReinforcementLearning\Agents\PPO\PPOAgent.cs(128,79): error CS0246: The type or namespace name 'LinearActivation<>' could not be found (are you missing a using directive or an assembly reference?) [C:\Users\cheat\source\repos\worktrees\pr-481-1763014665\src\AiDotNet.csproj::TargetFramework=net8.0]
C:\Users\cheat\source\repos\worktrees\pr-481-1763014665\src\ReinforcementLearning\Agents\PPO\PPOAgent.cs(130,32): error CS1729: 'NeuralNetworkArchitecture<T>' does not contain a constructor that takes 0 arguments [C:\Users\cheat\source\repos\worktrees\pr-481-1763014665\src\AiDotNet.csproj::TargetFramework=net8.0]
C:\Users\cheat\source\repos\worktrees\pr-481-1763014665\src\ReinforcementLearning\Agents\PPO\PPOAgent.cs(132,13): error CS0200: Property or indexer 'NeuralNetworkArchitecture<T>.Layers' cannot be assigned to -- it is read only [C:\Users\cheat\source\repos\worktrees\pr-481-1763014665\src\AiDotNet.csproj::TargetFramework=net8.0]
C:\Users\cheat\source\repos\worktrees\pr-481-1763014665\src\ReinforcementLearning\Agents\PPO\PPOAgent.cs(133,13): error CS0200: Property or indexer 'NeuralNetworkArchitecture<T>.TaskType' cannot be assigned to -- it is read only [C:\Users\cheat\source\repos\worktrees\pr-481-1763014665\src\AiDotNet.csproj::TargetFramework=net8.0]
C:\Users\cheat\source\repos\worktrees\pr-481-1763014665\src\ReinforcementLearning\Agents\PPO\PPOAgent.cs(142,51): error CS1503: Argument 1: cannot convert from 'AiDotNet.LinearAlgebra.Vector<T>' to 'AiDotNet.LinearAlgebra.Tensor<T>' [C:\Users\cheat\source\repos\worktrees\pr-481-1763014665\src\AiDotNet.csproj::TargetFramework=net8.0]
C:\Users\cheat\source\repos\worktrees\pr-481-1763014665\src\ReinforcementLearning\Agents\PPO\PPOAgent.cs(147,43): error CS1503: Argument 1: cannot convert from 'AiDotNet.LinearAlgebra.Tensor<T>' to 'AiDotNet.LinearAlgebra.Vector<T>' [C:\Users\cheat\source\repos\worktrees\pr-481-1763014665\src\AiDotNet.csproj::TargetFramework=net8.0]
C:\Users\cheat\source\repos\worktrees\pr-481-1763014665\src\ReinforcementLearning\Agents\PPO\PPOAgent.cs(152,41): error CS1503: Argument 1: cannot convert from 'AiDotNet.LinearAlgebra.Tensor<T>' to 'AiDotNet.LinearAlgebra.Vector<T>' [C:\Users\cheat\source\repos\worktrees\pr-481-1763014665\src\AiDotNet.csproj::TargetFramework=net8.0]
C:\Users\cheat\source\repos\worktrees\pr-481-1763014665\src\ReinforcementLearning\Agents\MuZero\MuZeroAgent.cs(286,23): error CS1501: No overload for method 'Add' takes 5 arguments [C:\Users\cheat\source\repos\worktrees\pr-481-1763014665\src\AiDotNet.csproj::TargetFramework=net8.0]
C:\Users\cheat\source\repos\worktrees\pr-481-1763014665\src\ReinforcementLearning\Agents\EligibilityTraces\QLambdaAgent.cs(114,218): error CS1503: Argument 1: cannot convert from 'AiDotNet.LinearAlgebra.Matrix<T>' to 'AiDotNet.LinearAlgebra.Vector<T>' [C:\Users\cheat\source\repos\worktrees\pr-481-1763014665\src\AiDotNet.csproj::TargetFramework=net8.0]
C:\Users\cheat\source\repos\worktrees\pr-481-1763014665\src\ReinforcementLearning\Agents\EligibilityTraces\QLambdaAgent.cs(114,249): error CS1503: Argument 2: cannot convert from 'AiDotNet.LinearAlgebra.Matrix<T>' to 'AiDotNet.LinearAlgebra.Vector<T>' [C:\Users\cheat\source\repos\worktrees\pr-481-1763014665\src\AiDotNet.csproj::TargetFramework=net8.0]
C:\Users\cheat\source\repos\worktrees\pr-481-1763014665\src\ReinforcementLearning\Agents\EligibilityTraces\QLambdaAgent.cs(114,317): error CS1503: Argument 1: cannot convert from 'AiDotNet.LinearAlgebra.Matrix<T>' to 'AiDotNet.LinearAlgebra.Vector<T>' [C:\Users\cheat\source\repos\worktrees\pr-481-1763014665\src\AiDotNet.csproj::TargetFramework=net8.0]
C:\Users\cheat\source\repos\worktrees\pr-481-1763014665\src\ReinforcementLearning\Agents\EligibilityTraces\QLambdaAgent.cs(114,348): error CS1503: Argument 2: cannot convert from 'AiDotNet.LinearAlgebra.Matrix<T>' to 'AiDotNet.LinearAlgebra.Vector<T>' [C:\Users\cheat\source\repos\worktrees\pr-481-1763014665\src\AiDotNet.csproj::TargetFramework=net8.0]
C:\Users\cheat\source\repos\worktrees\pr-481-1763014665\src\ReinforcementLearning\Agents\IQL\IQLAgent.cs(231,83): error CS1061: '(Vector<T> state, Vector<T> action, T reward, Vector<T> nextState, bool done)' does not contain a definition for 'Action' and no accessible extension method 'Action' accepting a first argument of type '(Vector<T> state, Vector<T> action, T reward, Vector<T> nextState, bool done)' could be found (are you missing a using directive or an assembly reference?) [C:\Users\cheat\source\repos\worktrees\pr-481-1763014665\src\AiDotNet.csproj::TargetFramework=net8.0]
C:\Users\cheat\source\repos\worktrees\pr-481-1763014665\src\ReinforcementLearning\Agents\IQL\IQLAgent.cs(232,46): error CS1503: Argument 1: cannot convert from 'AiDotNet.LinearAlgebra.Vector<T>' to 'AiDotNet.LinearAlgebra.Tensor<T>' [C:\Users\cheat\source\repos\worktrees\pr-481-1763014665\src\AiDotNet.csproj::TargetFramework=net8.0]
C:\Users\cheat\source\repos\worktrees\pr-481-1763014665\src\ReinforcementLearning\Agents\IQL\IQLAgent.cs(233,46): error CS1503: Argument 1: cannot convert from 'AiDotNet.LinearAlgebra.Vector<T>' to 'AiDotNet.LinearAlgebra.Tensor<T>' [C:\Users\cheat\source\repos\worktrees\pr-481-1763014665\src\AiDotNet.csproj::TargetFramework=net8.0]
C:\Users\cheat\source\repos\worktrees\pr-481-1763014665\src\ReinforcementLearning\Agents\IQL\IQLAgent.cs(237,48): error CS1503: Argument 1: cannot convert from 'AiDotNet.LinearAlgebra.Vector<T>' to 'AiDotNet.LinearAlgebra.Tensor<T>' [C:\Users\cheat\source\repos\worktrees\pr-481-1763014665\src\AiDotNet.csproj::TargetFramework=net8.0]
C:\Users\cheat\source\repos\worktrees\pr-481-1763014665\src\ReinforcementLearning\Agents\IQL\IQLAgent.cs(246,38): error CS1061: 'INumericOperations<T>' does not contain a definition for 'Compare' and no accessible extension method 'Compare' accepting a first argument of type 'INumericOperations<T>' could be found (are you missing a using directive or an assembly reference?) [C:\Users\cheat\source\repos\worktrees\pr-481-1763014665\src\AiDotNet.csproj::TargetFramework=net8.0]
C:\Users\cheat\source\repos\worktrees\pr-481-1763014665\src\ReinforcementLearning\Agents\IQL\IQLAgent.cs(252,41): error CS1503: Argument 1: cannot convert from 'AiDotNet.LinearAlgebra.Vector<T>' to 'AiDotNet.LinearAlgebra.Tensor<T>' [C:\Users\cheat\source\repos\worktrees\pr-481-1763014665\src\AiDotNet.csproj::TargetFramework=net8.0]
C:\Users\cheat\source\repos\worktrees\pr-481-1763014665\src\ReinforcementLearning\Agents\IQL\IQLAgent.cs(253,44): error CS1503: Argument 1: cannot convert from 'T' to 'AiDotNet.LinearAlgebra.Vector<T>' [C:\Users\cheat\source\repos\worktrees\pr-481-1763014665\src\AiDotNet.csproj::TargetFramework=net8.0]
C:\Users\cheat\source\repos\worktrees\pr-481-1763014665\src\ReinforcementLearning\Agents\PPO\PPOAgent.cs(210,49): error CS1503: Argument 1: cannot convert from 'AiDotNet.LinearAlgebra.Vector<T>' to 'AiDotNet.LinearAlgebra.Tensor<T>' [C:\Users\cheat\source\repos\worktrees\pr-481-1763014665\src\AiDotNet.csproj::TargetFramework=net8.0]
C:\Users\cheat\source\repos\worktrees\pr-481-1763014665\src\ReinforcementLearning\Agents\DynamicProgramming\PolicyIterationAgent.cs(320,51): error CS1503: Argument 1: cannot convert from 'AiDotNet.LinearAlgebra.Matrix<T>' to 'AiDotNet.LinearAlgebra.Vector<T>' [C:\Users\cheat\source\repos\worktrees\pr-481-1763014665\src\AiDotNet.csproj::TargetFramework=net8.0]
C:\Users\cheat\source\repos\worktrees\pr-481-1763014665\src\ReinforcementLearning\Agents\DynamicProgramming\PolicyIterationAgent.cs(320,88): error CS1503: Argument 2: cannot convert from 'AiDotNet.LinearAlgebra.Matrix<T>' to 'AiDotNet.LinearAlgebra.Vector<T>' [C:\Users\cheat\source\repos\worktrees\pr-481-1763014665\src\AiDotNet.csproj::TargetFramework=net8.0]
C:\Users\cheat\source\repos\worktrees\pr-481-1763014665\src\ReinforcementLearning\Agents\DynamicProgramming\PolicyIterationAgent.cs(322,61): error CS1503: Argument 1: cannot convert from 'AiDotNet.LinearAlgebra.Matrix<T>' to 'AiDotNet.LinearAlgebra.Vector<T>' [C:\Users\cheat\source\repos\worktrees\pr-481-1763014665\src\AiDotNet.csproj::TargetFramework=net8.0]
C:\Users\cheat\source\repos\worktrees\pr-481-1763014665\src\ReinforcementLearning\Agents\DynamicProgramming\PolicyIterationAgent.cs(322,98): error CS1503: Argument 2: cannot convert from 'AiDotNet.LinearAlgebra.Matrix<T>' to 'AiDotNet.LinearAlgebra.Vector<T>' [C:\Users\cheat\source\repos\worktrees\pr-481-1763014665\src\AiDotNet.csproj::TargetFramework=net8.0]
C:\Users\cheat\source\repos\worktrees\pr-481-1763014665\src\ReinforcementLearning\Agents\PPO\PPOAgent.cs(221,51): error CS1503: Argument 1: cannot convert from 'AiDotNet.LinearAlgebra.Vector<T>' to 'AiDotNet.LinearAlgebra.Tensor<T>' [C:\Users\cheat\source\repos\worktrees\pr-481-1763014665\src\AiDotNet.csproj::TargetFramework=net8.0]
C:\Users\cheat\source\repos\worktrees\pr-481-1763014665\src\ReinforcementLearning\Agents\PPO\PPOAgent.cs(225,45): error CS1503: Argument 1: cannot convert from 'AiDotNet.LinearAlgebra.Tensor<T>' to 'AiDotNet.LinearAlgebra.Vector<T>' [C:\Users\cheat\source\repos\worktrees\pr-481-1763014665\src\AiDotNet.csproj::TargetFramework=net8.0]
C:\Users\cheat\source\repos\worktrees\pr-481-1763014665\src\ReinforcementLearning\Agents\PPO\PPOAgent.cs(229,43): error CS1503: Argument 1: cannot convert from 'AiDotNet.LinearAlgebra.Tensor<T>' to 'AiDotNet.LinearAlgebra.Vector<T>' [C:\Users\cheat\source\repos\worktrees\pr-481-1763014665\src\AiDotNet.csproj::TargetFramework=net8.0]
C:\Users\cheat\source\repos\worktrees\pr-481-1763014665\src\ReinforcementLearning\Agents\MonteCarlo\OffPolicyMonteCarloAgent.cs(219,25): error CS0029: Cannot implicitly convert type 'string' to 'AiDotNet.Enums.ModelType' [C:\Users\cheat\source\repos\worktrees\pr-481-1763014665\src\AiDotNet.csproj::TargetFramework=net8.0]
C:\Users\cheat\source\repos\worktrees\pr-481-1763014665\src\ReinforcementLearning\Agents\MonteCarlo\FirstVisitMonteCarloAgent.cs(192,25): error CS0029: Cannot implicitly convert type 'string' to 'AiDotNet.Enums.ModelType' [C:\Users\cheat\source\repos\worktrees\pr-481-1763014665\src\AiDotNet.csproj::TargetFramework=net8.0]
C:\Users\cheat\source\repos\worktrees\pr-481-1763014665\src\ReinforcementLearning\Agents\MADDPG\MADDPGAgent.cs(302,50): error CS1061: 'INeuralNetwork<T>' does not contain a definition for 'Forward' and no accessible extension method 'Forward' accepting a first argument of type 'INeuralNetwork<T>' could be found (are you missing a using directive or an assembly reference?) [C:\Users\cheat\source\repos\worktrees\pr-481-1763014665\src\AiDotNet.csproj::TargetFramework=net8.0]
C:\Users\cheat\source\repos\worktrees\pr-481-1763014665\src\ReinforcementLearning\Agents\MADDPG\MADDPGAgent.cs(305,42): error CS1061: '(Vector<T> state, Vector<T> action, T reward, Vector<T> nextState, bool done)' does not contain a definition for 'Action' and no accessible extension method 'Action' accepting a first argument of type '(Vector<T> state, Vector<T> action, T reward, Vector<T> nextState, bool done)' could be found (are you missing a using directive or an assembly reference?) [C:\Users\cheat\source\repos\worktrees\pr-481-1763014665\src\AiDotNet.csproj::TargetFramework=net8.0]
C:\Users\cheat\source\repos\worktrees\pr-481-1763014665\src\ReinforcementLearning\Agents\MADDPG\MADDPGAgent.cs(312,51): error CS1061: 'INeuralNetwork<T>' does not contain a definition for 'Forward' and no accessible extension method 'Forward' accepting a first argument of type 'INeuralNetwork<T>' could be found (are you missing a using directive or an assembly reference?) [C:\Users\cheat\source\repos\worktrees\pr-481-1763014665\src\AiDotNet.csproj::TargetFramework=net8.0]
C:\Users\cheat\source\repos\worktrees\pr-481-1763014665\src\ReinforcementLearning\Agents\MADDPG\MADDPGAgent.cs(324,37): error CS1061: 'INeuralNetwork<T>' does not contain a definition for 'Backpropagate' and no accessible extension method 'Backpropagate' accepting a first argument of type 'INeuralNetwork<T>' could be found (are you missing a using directive or an assembly reference?) [C:\Users\cheat\source\repos\worktrees\pr-481-1763014665\src\AiDotNet.csproj::TargetFramework=net8.0]
C:\Users\cheat\source\repos\worktrees\pr-481-1763014665\src\ReinforcementLearning\Agents\MADDPG\MADDPGAgent.cs(325,54): error CS1503: Argument 1: cannot convert from 'T' to 'AiDotNet.LinearAlgebra.Vector<T>' [C:\Users\cheat\source\repos\worktrees\pr-481-1763014665\src\AiDotNet.csproj::TargetFramework=net8.0]
C:\Users\cheat\source\repos\worktrees\pr-481-1763014665\src\ReinforcementLearning\Agents\EligibilityTraces\SARSALambdaAgent.cs(130,56): error CS8625: Cannot convert null literal to non-nullable reference type. [C:\Users\cheat\source\repos\worktrees\pr-481-1763014665\src\AiDotNet.csproj::TargetFramework=net8.0]
C:\Users\cheat\source\repos\worktrees\pr-481-1763014665\src\ReinforcementLearning\Agents\MuZero\MuZeroAgent.cs(302,62): error CS1503: Argument 1: cannot convert from 'AiDotNet.LinearAlgebra.Vector<T>' to 'AiDotNet.LinearAlgebra.Tensor<T>' [C:\Users\cheat\source\repos\worktrees\pr-481-1763014665\src\AiDotNet.csproj::TargetFramework=net8.0]
C:\Users\cheat\source\repos\worktrees\pr-481-1763014665\src\ReinforcementLearning\Agents\MuZero\MuZeroAgent.cs(309,51): error CS1503: Argument 1: cannot convert from 'AiDotNet.LinearAlgebra.Tensor<T>' to 'AiDotNet.LinearAlgebra.Vector<T>' [C:\Users\cheat\source\repos\worktrees\pr-481-1763014665\src\AiDotNet.csproj::TargetFramework=net8.0]
C:\Users\cheat\source\repos\worktrees\pr-481-1763014665\src\ReinforcementLearning\Agents\MuZero\MuZeroAgent.cs(312,41): error CS1061: 'Experience<T>' does not contain a definition for 'done' and no accessible extension method 'done' accepting a first argument of type 'Experience<T>' could be found (are you missing a using directive or an assembly reference?) [C:\Users\cheat\source\repos\worktrees\pr-481-1763014665\src\AiDotNet.csproj::TargetFramework=net8.0]
C:\Users\cheat\source\repos\worktrees\pr-481-1763014665\src\ReinforcementLearning\Agents\MuZero\MuZeroAgent.cs(323,50): error CS1503: Argument 1: cannot convert from 'AiDotNet.LinearAlgebra.Vector<T>' to 'AiDotNet.LinearAlgebra.Tensor<T>' [C:\Users\cheat\source\repos\worktrees\pr-481-1763014665\src\AiDotNet.csproj::TargetFramework=net8.0]
C:\Users\cheat\source\repos\worktrees\pr-481-1763014665\src\ReinforcementLearning\Agents\MuZero\MuZeroAgent.cs(324,53): error CS1503: Argument 1: cannot convert from 'T' to 'AiDotNet.LinearAlgebra.Vector<T>' [C:\Users\cheat\source\repos\worktrees\pr-481-1763014665\src\AiDotNet.csproj::TargetFramework=net8.0]
C:\Users\cheat\source\repos\worktrees\pr-481-1763014665\src\ReinforcementLearning\Agents\MuZero\MuZeroAgent.cs(328,56): error CS1503: Argument 1: cannot convert from 'AiDotNet.LinearAlgebra.Tensor<T>' to 'AiDotNet.LinearAlgebra.Vector<T>' [C:\Users\cheat\source\repos\worktrees\pr-481-1763014665\src\AiDotNet.csproj::TargetFramework=net8.0]
C:\Users\cheat\source\repos\worktrees\pr-481-1763014665\src\ReinforcementLearning\Agents\MuZero\MuZeroAgent.cs(329,63): error CS1503: Argument 1: cannot convert from 'AiDotNet.LinearAlgebra.Vector<T>' to 'AiDotNet.LinearAlgebra.Tensor<T>' [C:\Users\cheat\source\repos\worktrees\pr-481-1763014665\src\AiDotNet.csproj::TargetFramework=net8.0]
C:\Users\cheat\source\repos\worktrees\pr-481-1763014665\src\ReinforcementLearning\Agents\MuZero\MuZeroAgent.cs(332,31): error CS0029: Cannot implicitly convert type 'AiDotNet.LinearAlgebra.Vector<T>' to 'AiDotNet.LinearAlgebra.Tensor<T>' [C:\Users\cheat\source\repos\worktrees\pr-481-1763014665\src\AiDotNet.csproj::TargetFramework=net8.0]
C:\Users\cheat\source\repos\worktrees\pr-481-1763014665\src\ReinforcementLearning\Agents\MonteCarlo\OffPolicyMonteCarloAgent.cs(290,51): error CS1503: Argument 1: cannot convert from 'AiDotNet.LinearAlgebra.Matrix<T>' to 'AiDotNet.LinearAlgebra.Vector<T>' [C:\Users\cheat\source\repos\worktrees\pr-481-1763014665\src\AiDotNet.csproj::TargetFramework=net8.0]
C:\Users\cheat\source\repos\worktrees\pr-481-1763014665\src\ReinforcementLearning\Agents\MonteCarlo\OffPolicyMonteCarloAgent.cs(290,88): error CS1503: Argument 2: cannot convert from 'AiDotNet.LinearAlgebra.Matrix<T>' to 'AiDotNet.LinearAlgebra.Vector<T>' [C:\Users\cheat\source\repos\worktrees\pr-481-1763014665\src\AiDotNet.csproj::TargetFramework=net8.0]
C:\Users\cheat\source\repos\worktrees\pr-481-1763014665\src\ReinforcementLearning\Agents\MonteCarlo\OffPolicyMonteCarloAgent.cs(292,61): error CS1503: Argument 1: cannot convert from 'AiDotNet.LinearAlgebra.Matrix<T>' to 'AiDotNet.LinearAlgebra.Vector<T>' [C:\Users\cheat\source\repos\worktrees\pr-481-1763014665\src\AiDotNet.csproj::TargetFramework=net8.0]
C:\Users\cheat\source\repos\worktrees\pr-481-1763014665\src\ReinforcementLearning\Agents\MonteCarlo\OffPolicyMonteCarloAgent.cs(292,98): error CS1503: Argument 2: cannot convert from 'AiDotNet.LinearAlgebra.Matrix<T>' to 'AiDotNet.LinearAlgebra.Vector<T>' [C:\Users\cheat\source\repos\worktrees\pr-481-1763014665\src\AiDotNet.csproj::TargetFramework=net8.0]
C:\Users\cheat\source\repos\worktrees\pr-481-1763014665\src\ReinforcementLearning\Agents\EligibilityTraces\SARSALambdaAgent.cs(156,218): error CS1503: Argument 1: cannot convert from 'AiDotNet.LinearAlgebra.Matrix<T>' to 'AiDotNet.LinearAlgebra.Vector<T>' [C:\Users\cheat\source\repos\worktrees\pr-481-1763014665\src\AiDotNet.csproj::TargetFramework=net8.0]
C:\Users\cheat\source\repos\worktrees\pr-481-1763014665\src\ReinforcementLearning\Agents\EligibilityTraces\SARSALambdaAgent.cs(156,249): error CS1503: Argument 2: cannot convert from 'AiDotNet.LinearAlgebra.Matrix<T>' to 'AiDotNet.LinearAlgebra.Vector<T>' [C:\Users\cheat\source\repos\worktrees\pr-481-1763014665\src\AiDotNet.csproj::TargetFramework=net8.0]
C:\Users\cheat\source\repos\worktrees\pr-481-1763014665\src\ReinforcementLearning\Agents\EligibilityTraces\SARSALambdaAgent.cs(156,317): error CS1503: Argument 1: cannot convert from 'AiDotNet.LinearAlgebra.Matrix<T>' to 'AiDotNet.LinearAlgebra.Vector<T>' [C:\Users\cheat\source\repos\worktrees\pr-481-1763014665\src\AiDotNet.csproj::TargetFramework=net8.0]
C:\Users\cheat\source\repos\worktrees\pr-481-1763014665\src\ReinforcementLearning\Agents\EligibilityTraces\SARSALambdaAgent.cs(156,348): error CS1503: Argument 2: cannot convert from 'AiDotNet.LinearAlgebra.Matrix<T>' to 'AiDotNet.LinearAlgebra.Vector<T>' [C:\Users\cheat\source\repos\worktrees\pr-481-1763014665\src\AiDotNet.csproj::TargetFramework=net8.0]
C:\Users\cheat\source\repos\worktrees\pr-481-1763014665\src\ReinforcementLearning\Agents\MADDPG\MADDPGAgent.cs(425,25): error CS0029: Cannot implicitly convert type 'string' to 'AiDotNet.Enums.ModelType' [C:\Users\cheat\source\repos\worktrees\pr-481-1763014665\src\AiDotNet.csproj::TargetFramework=net8.0]
C:\Users\cheat\source\repos\worktrees\pr-481-1763014665\src\ReinforcementLearning\Agents\MuZero\MuZeroAgent.cs(410,25): error CS0029: Cannot implicitly convert type 'string' to 'AiDotNet.Enums.ModelType' [C:\Users\cheat\source\repos\worktrees\pr-481-1763014665\src\AiDotNet.csproj::TargetFramework=net8.0]
C:\Users\cheat\source\repos\worktrees\pr-481-1763014665\src\ReinforcementLearning\Agents\IQL\IQLAgent.cs(263,34): error CS1061: 'INumericOperations<T>' does not contain a definition for 'Compare' and no accessible extension method 'Compare' accepting a first argument of type 'INumericOperations<T>' could be found (are you missing a using directive or an assembly reference?) [C:\Users\cheat\source\repos\worktrees\pr-481-1763014665\src\AiDotNet.csproj::TargetFramework=net8.0]
C:\Users\cheat\source\repos\worktrees\pr-481-1763014665\src\ReinforcementLearning\Agents\MuZero\MuZeroAgent.cs(467,45): error CS0103: The name '_optimizer' does not exist in the current context [C:\Users\cheat\source\repos\worktrees\pr-481-1763014665\src\AiDotNet.csproj::TargetFramework=net8.0]
C:\Users\cheat\source\repos\worktrees\pr-481-1763014665\src\ReinforcementLearning\Agents\MuZero\MuZeroAgent.cs(467,20): error CS1729: 'MuZeroAgent<T>' does not contain a constructor that takes 2 arguments [C:\Users\cheat\source\repos\worktrees\pr-481-1763014665\src\AiDotNet.csproj::TargetFramework=net8.0]
C:\Users\cheat\source\repos\worktrees\pr-481-1763014665\src\ReinforcementLearning\Agents\MuZero\MuZeroAgent.cs(479,41): error CS1061: 'ILossFunction<T>' does not contain a definition for 'ComputeGradient' and no accessible extension method 'ComputeGradient' accepting a first argument of type 'ILossFunction<T>' could be found (are you missing a using directive or an assembly reference?) [C:\Users\cheat\source\repos\worktrees\pr-481-1763014665\src\AiDotNet.csproj::TargetFramework=net8.0]
C:\Users\cheat\source\repos\worktrees\pr-481-1763014665\src\ReinforcementLearning\Agents\MADDPG\MADDPGAgent.cs(515,41): error CS1061: 'ILossFunction<T>' does not contain a definition for 'ComputeGradient' and no accessible extension method 'ComputeGradient' accepting a first argument of type 'ILossFunction<T>' could be found (are you missing a using directive or an assembly reference?) [C:\Users\cheat\source\repos\worktrees\pr-481-1763014665\src\AiDotNet.csproj::TargetFramework=net8.0]
C:\Users\cheat\source\repos\worktrees\pr-481-1763014665\src\ReinforcementLearning\Agents\MonteCarlo\MonteCarloExploringStartsAgent.cs(214,25): error CS0029: Cannot implicitly convert type 'string' to 'AiDotNet.Enums.ModelType' [C:\Users\cheat\source\repos\worktrees\pr-481-1763014665\src\AiDotNet.csproj::TargetFramework=net8.0]
C:\Users\cheat\source\repos\worktrees\pr-481-1763014665\src\ReinforcementLearning\Agents\Planning\DynaQPlusAgent.cs(153,218): error CS1503: Argument 1: cannot convert from 'AiDotNet.LinearAlgebra.Matrix<T>' to 'AiDotNet.LinearAlgebra.Vector<T>' [C:\Users\cheat\source\repos\worktrees\pr-481-1763014665\src\AiDotNet.csproj::TargetFramework=net8.0]
C:\Users\cheat\source\repos\worktrees\pr-481-1763014665\src\ReinforcementLearning\Agents\Planning\DynaQPlusAgent.cs(153,249): error CS1503: Argument 2: cannot convert from 'AiDotNet.LinearAlgebra.Matrix<T>' to 'AiDotNet.LinearAlgebra.Vector<T>' [C:\Users\cheat\source\repos\worktrees\pr-481-1763014665\src\AiDotNet.csproj::TargetFramework=net8.0]
C:\Users\cheat\source\repos\worktrees\pr-481-1763014665\src\ReinforcementLearning\Agents\Planning\DynaQPlusAgent.cs(153,317): error CS1503: Argument 1: cannot convert from 'AiDotNet.LinearAlgebra.Matrix<T>' to 'AiDotNet.LinearAlgebra.Vector<T>' [C:\Users\cheat\source\repos\worktrees\pr-481-1763014665\src\AiDotNet.csproj::TargetFramework=net8.0]
C:\Users\cheat\source\repos\worktrees\pr-481-1763014665\src\ReinforcementLearning\Agents\Planning\DynaQPlusAgent.cs(153,348): error CS1503: Argument 2: cannot convert from 'AiDotNet.LinearAlgebra.Matrix<T>' to 'AiDotNet.LinearAlgebra.Vector<T>' [C:\Users\cheat\source\repos\worktrees\pr-481-1763014665\src\AiDotNet.csproj::TargetFramework=net8.0]
C:\Users\cheat\source\repos\worktrees\pr-481-1763014665\src\ReinforcementLearning\Agents\IQL\IQLAgent.cs(288,38): error CS1061: '(Vector<T> state, Vector<T> action, T reward, Vector<T> nextState, bool done)' does not contain a definition for 'Reward' and no accessible extension method 'Reward' accepting a first argument of type '(Vector<T> state, Vector<T> action, T reward, Vector<T> nextState, bool done)' could be found (are you missing a using directive or an assembly reference?) [C:\Users\cheat\source\repos\worktrees\pr-481-1763014665\src\AiDotNet.csproj::TargetFramework=net8.0]
C:\Users\cheat\source\repos\worktrees\pr-481-1763014665\src\ReinforcementLearning\Agents\IQL\IQLAgent.cs(292,61): error CS1503: Argument 1: cannot convert from 'AiDotNet.LinearAlgebra.Vector<T>' to 'AiDotNet.LinearAlgebra.Tensor<T>' [C:\Users\cheat\source\repos\worktrees\pr-481-1763014665\src\AiDotNet.csproj::TargetFramework=net8.0]
C:\Users\cheat\source\repos\worktrees\pr-481-1763014665\src\ReinforcementLearning\Agents\IQL\IQLAgent.cs(293,50): error CS1061: '(Vector<T> state, Vector<T> action, T reward, Vector<T> nextState, bool done)' does not contain a definition for 'Reward' and no accessible extension method 'Reward' accepting a first argument of type '(Vector<T> state, Vector<T> action, T reward, Vector<T> nextState, bool done)' could be found (are you missing a using directive or an assembly reference?) [C:\Users\cheat\source\repos\worktrees\pr-481-1763014665\src\AiDotNet.csproj::TargetFramework=net8.0]
C:\Users\cheat\source\repos\worktrees\pr-481-1763014665\src\ReinforcementLearning\Agents\IQL\IQLAgent.cs(296,83): error CS1061: '(Vector<T> state, Vector<T> action, T reward, Vector<T> nextState, bool done)' does not contain a definition for 'Action' and no accessible extension method 'Action' accepting a first argument of type '(Vector<T> state, Vector<T> action, T reward, Vector<T> nextState, bool done)' could be found (are you missing a using directive or an assembly reference?) [C:\Users\cheat\source\repos\worktrees\pr-481-1763014665\src\AiDotNet.csproj::TargetFramework=net8.0]
C:\Users\cheat\source\repos\worktrees\pr-481-1763014665\src\ReinforcementLearning\Agents\IQL\IQLAgent.cs(299,46): error CS1503: Argument 1: cannot convert from 'AiDotNet.LinearAlgebra.Vector<T>' to 'AiDotNet.LinearAlgebra.Tensor<T>' [C:\Users\cheat\source\repos\worktrees\pr-481-1763014665\src\AiDotNet.csproj::TargetFramework=net8.0]
C:\Users\cheat\source\repos\worktrees\pr-481-1763014665\src\ReinforcementLearning\Agents\IQL\IQLAgent.cs(307,38): error CS1503: Argument 1: cannot convert from 'AiDotNet.LinearAlgebra.Vector<T>' to 'AiDotNet.LinearAlgebra.Tensor<T>' [C:\Users\cheat\source\repos\worktrees\pr-481-1763014665\src\AiDotNet.csproj::TargetFramework=net8.0]
C:\Users\cheat\source\repos\worktrees\pr-481-1763014665\src\ReinforcementLearning\Agents\IQL\IQLAgent.cs(308,41): error CS1503: Argument 1: cannot convert from 'T' to 'AiDotNet.LinearAlgebra.Vector<T>' [C:\Users\cheat\source\repos\worktrees\pr-481-1763014665\src\AiDotNet.csproj::TargetFramework=net8.0]
C:\Users\cheat\source\repos\worktrees\pr-481-1763014665\src\ReinforcementLearning\Agents\IQL\IQLAgent.cs(311,46): error CS1503: Argument 1: cannot convert from 'AiDotNet.LinearAlgebra.Vector<T>' to 'AiDotNet.LinearAlgebra.Tensor<T>' [C:\Users\cheat\source\repos\worktrees\pr-481-1763014665\src\AiDotNet.csproj::TargetFramework=net8.0]
C:\Users\cheat\source\repos\worktrees\pr-481-1763014665\src\ReinforcementLearning\Agents\IQL\IQLAgent.cs(319,38): error CS1503: Argument 1: cannot convert from 'AiDotNet.LinearAlgebra.Vector<T>' to 'AiDotNet.LinearAlgebra.Tensor<T>' [C:\Users\cheat\source\repos\worktrees\pr-481-1763014665\src\AiDotNet.csproj::TargetFramework=net8.0]
C:\Users\cheat\source\repos\worktrees\pr-481-1763014665\src\ReinforcementLearning\Agents\IQL\IQLAgent.cs(320,41): error CS1503: Argument 1: cannot convert from 'T' to 'AiDotNet.LinearAlgebra.Vector<T>' [C:\Users\cheat\source\repos\worktrees\pr-481-1763014665\src\AiDotNet.csproj::TargetFramework=net8.0]
C:\Users\cheat\source\repos\worktrees\pr-481-1763014665\src\ReinforcementLearning\Agents\Planning\PrioritizedSweepingAgent.cs(185,218): error CS1503: Argument 1: cannot convert from 'AiDotNet.LinearAlgebra.Matrix<T>' to 'AiDotNet.LinearAlgebra.Vector<T>' [C:\Users\cheat\source\repos\worktrees\pr-481-1763014665\src\AiDotNet.csproj::TargetFramework=net8.0]
C:\Users\cheat\source\repos\worktrees\pr-481-1763014665\src\ReinforcementLearning\Agents\Planning\PrioritizedSweepingAgent.cs(185,249): error CS1503: Argument 2: cannot convert from 'AiDotNet.LinearAlgebra.Matrix<T>' to 'AiDotNet.LinearAlgebra.Vector<T>' [C:\Users\cheat\source\repos\worktrees\pr-481-1763014665\src\AiDotNet.csproj::TargetFramework=net8.0]
C:\Users\cheat\source\repos\worktrees\pr-481-1763014665\src\ReinforcementLearning\Agents\Planning\PrioritizedSweepingAgent.cs(185,317): error CS1503: Argument 1: cannot convert from 'AiDotNet.LinearAlgebra.Matrix<T>' to 'AiDotNet.LinearAlgebra.Vector<T>' [C:\Users\cheat\source\repos\worktrees\pr-481-1763014665\src\AiDotNet.csproj::TargetFramework=net8.0]
C:\Users\cheat\source\repos\worktrees\pr-481-1763014665\src\ReinforcementLearning\Agents\Planning\PrioritizedSweepingAgent.cs(185,348): error CS1503: Argument 2: cannot convert from 'AiDotNet.LinearAlgebra.Matrix<T>' to 'AiDotNet.LinearAlgebra.Vector<T>' [C:\Users\cheat\source\repos\worktrees\pr-481-1763014665\src\AiDotNet.csproj::TargetFramework=net8.0]
C:\Users\cheat\source\repos\worktrees\pr-481-1763014665\src\ReinforcementLearning\Agents\MonteCarlo\MonteCarloExploringStartsAgent.cs(285,51): error CS1503: Argument 1: cannot convert from 'AiDotNet.LinearAlgebra.Matrix<T>' to 'AiDotNet.LinearAlgebra.Vector<T>' [C:\Users\cheat\source\repos\worktrees\pr-481-1763014665\src\AiDotNet.csproj::TargetFramework=net8.0]
C:\Users\cheat\source\repos\worktrees\pr-481-1763014665\src\ReinforcementLearning\Agents\MonteCarlo\MonteCarloExploringStartsAgent.cs(285,88): error CS1503: Argument 2: cannot convert from 'AiDotNet.LinearAlgebra.Matrix<T>' to 'AiDotNet.LinearAlgebra.Vector<T>' [C:\Users\cheat\source\repos\worktrees\pr-481-1763014665\src\AiDotNet.csproj::TargetFramework=net8.0]
C:\Users\cheat\source\repos\worktrees\pr-481-1763014665\src\ReinforcementLearning\Agents\MonteCarlo\MonteCarloExploringStartsAgent.cs(287,61): error CS1503: Argument 1: cannot convert from 'AiDotNet.LinearAlgebra.Matrix<T>' to 'AiDotNet.LinearAlgebra.Vector<T>' [C:\Users\cheat\source\repos\worktrees\pr-481-1763014665\src\AiDotNet.csproj::TargetFramework=net8.0]
C:\Users\cheat\source\repos\worktrees\pr-481-1763014665\src\ReinforcementLearning\Agents\MonteCarlo\MonteCarloExploringStartsAgent.cs(287,98): error CS1503: Argument 2: cannot convert from 'AiDotNet.LinearAlgebra.Matrix<T>' to 'AiDotNet.LinearAlgebra.Vector<T>' [C:\Users\cheat\source\repos\worktrees\pr-481-1763014665\src\AiDotNet.csproj::TargetFramework=net8.0]
C:\Users\cheat\source\repos\worktrees\pr-481-1763014665\src\ReinforcementLearning\Agents\Planning\DynaQAgent.cs(211,37): error CS1503: Argument 1: cannot convert from 'AiDotNet.LinearAlgebra.Matrix<T>' to 'AiDotNet.LinearAlgebra.Vector<T>' [C:\Users\cheat\source\repos\worktrees\pr-481-1763014665\src\AiDotNet.csproj::TargetFramework=net8.0]
C:\Users\cheat\source\repos\worktrees\pr-481-1763014665\src\ReinforcementLearning\Agents\Planning\DynaQAgent.cs(211,68): error CS1503: Argument 2: cannot convert from 'AiDotNet.LinearAlgebra.Matrix<T>' to 'AiDotNet.LinearAlgebra.Vector<T>' [C:\Users\cheat\source\repos\worktrees\pr-481-1763014665\src\AiDotNet.csproj::TargetFramework=net8.0]
C:\Users\cheat\source\repos\worktrees\pr-481-1763014665\src\ReinforcementLearning\Agents\Planning\DynaQAgent.cs(212,43): error CS1503: Argument 1: cannot convert from 'AiDotNet.LinearAlgebra.Matrix<T>' to 'AiDotNet.LinearAlgebra.Vector<T>' [C:\Users\cheat\source\repos\worktrees\pr-481-1763014665\src\AiDotNet.csproj::TargetFramework=net8.0]
C:\Users\cheat\source\repos\worktrees\pr-481-1763014665\src\ReinforcementLearning\Agents\Planning\DynaQAgent.cs(212,74): error CS1503: Argument 2: cannot convert from 'AiDotNet.LinearAlgebra.Matrix<T>' to 'AiDotNet.LinearAlgebra.Vector<T>' [C:\Users\cheat\source\repos\worktrees\pr-481-1763014665\src\AiDotNet.csproj::TargetFramework=net8.0]
C:\Users\cheat\source\repos\worktrees\pr-481-1763014665\src\ReinforcementLearning\Agents\IQL\IQLAgent.cs(335,83): error CS1061: '(Vector<T> state, Vector<T> action, T reward, Vector<T> nextState, bool done)' does not contain a definition for 'Action' and no accessible extension method 'Action' accepting a first argument of type '(Vector<T> state, Vector<T> action, T reward, Vector<T> nextState, bool done)' could be found (are you missing a using directive or an assembly reference?) [C:\Users\cheat\source\repos\worktrees\pr-481-1763014665\src\AiDotNet.csproj::TargetFramework=net8.0]
C:\Users\cheat\source\repos\worktrees\pr-481-1763014665\src\ReinforcementLearning\Agents\IQL\IQLAgent.cs(336,46): error CS1503: Argument 1: cannot convert from 'AiDotNet.LinearAlgebra.Vector<T>' to 'AiDotNet.LinearAlgebra.Tensor<T>' [C:\Users\cheat\source\repos\worktrees\pr-481-1763014665\src\AiDotNet.csproj::TargetFramework=net8.0]
C:\Users\cheat\source\repos\worktrees\pr-481-1763014665\src\ReinforcementLearning\Agents\IQL\IQLAgent.cs(337,46): error CS1503: Argument 1: cannot convert from 'AiDotNet.LinearAlgebra.Vector<T>' to 'AiDotNet.LinearAlgebra.Tensor<T>' [C:\Users\cheat\source\repos\worktrees\pr-481-1763014665\src\AiDotNet.csproj::TargetFramework=net8.0]
C:\Users\cheat\source\repos\worktrees\pr-481-1763014665\src\ReinforcementLearning\Agents\IQL\IQLAgent.cs(340,48): error CS1503: Argument 1: cannot convert from 'AiDotNet.LinearAlgebra.Vector<T>' to 'AiDotNet.LinearAlgebra.Tensor<T>' [C:\Users\cheat\source\repos\worktrees\pr-481-1763014665\src\AiDotNet.csproj::TargetFramework=net8.0]
C:\Users\cheat\source\repos\worktrees\pr-481-1763014665\src\ReinforcementLearning\Agents\IQL\IQLAgent.cs(352,56): error CS1061: '(Vector<T> state, Vector<T> action, T reward, Vector<T> nextState, bool done)' does not contain a definition for 'Action' and no accessible extension method 'Action' accepting a first argument of type '(Vector<T> state, Vector<T> action, T reward, Vector<T> nextState, bool done)' could be found (are you missing a using directive or an assembly reference?) [C:\Users\cheat\source\repos\worktrees\pr-481-1763014665\src\AiDotNet.csproj::TargetFramework=net8.0]
C:\Users\cheat\source\repos\worktrees\pr-481-1763014665\src\ReinforcementLearning\Agents\IQL\IQLAgent.cs(363,76): error CS1061: '(Vector<T> state, Vector<T> action, T reward, Vector<T> nextState, bool done)' does not contain a definition for 'Action' and no accessible extension method 'Action' accepting a first argument of type '(Vector<T> state, Vector<T> action, T reward, Vector<T> nextState, bool done)' could be found (are you missing a using directive or an assembly reference?) [C:\Users\cheat\source\repos\worktrees\pr-481-1763014665\src\AiDotNet.csproj::TargetFramework=net8.0]
C:\Users\cheat\source\repos\worktrees\pr-481-1763014665\src\ReinforcementLearning\Agents\IQL\IQLAgent.cs(367,42): error CS1503: Argument 1: cannot convert from 'AiDotNet.LinearAlgebra.Vector<T>' to 'AiDotNet.LinearAlgebra.Tensor<T>' [C:\Users\cheat\source\repos\worktrees\pr-481-1763014665\src\AiDotNet.csproj::TargetFramework=net8.0]
C:\Users\cheat\source\repos\worktrees\pr-481-1763014665\src\ReinforcementLearning\Agents\IQL\IQLAgent.cs(368,45): error CS1503: Argument 1: cannot convert from 'T' to 'AiDotNet.LinearAlgebra.Vector<T>' [C:\Users\cheat\source\repos\worktrees\pr-481-1763014665\src\AiDotNet.csproj::TargetFramework=net8.0]
C:\Users\cheat\source\repos\worktrees\pr-481-1763014665\src\ReinforcementLearning\Agents\PPO\PPOAgent.cs(403,53): error CS1503: Argument 1: cannot convert from 'AiDotNet.LinearAlgebra.Vector<T>' to 'AiDotNet.LinearAlgebra.Tensor<T>' [C:\Users\cheat\source\repos\worktrees\pr-481-1763014665\src\AiDotNet.csproj::TargetFramework=net8.0]
C:\Users\cheat\source\repos\worktrees\pr-481-1763014665\src\ReinforcementLearning\Agents\IQL\IQLAgent.cs(376,42): error CS1061: 'NeuralNetwork<T>' does not contain a definition for 'GetLayers' and no accessible extension method 'GetLayers' accepting a first argument of type 'NeuralNetwork<T>' could be found (are you missing a using directive or an assembly reference?) [C:\Users\cheat\source\repos\worktrees\pr-481-1763014665\src\AiDotNet.csproj::TargetFramework=net8.0]
C:\Users\cheat\source\repos\worktrees\pr-481-1763014665\src\ReinforcementLearning\Agents\IQL\IQLAgent.cs(377,48): error CS1061: 'NeuralNetwork<T>' does not contain a definition for 'GetLayers' and no accessible extension method 'GetLayers' accepting a first argument of type 'NeuralNetwork<T>' could be found (are you missing a using directive or an assembly reference?) [C:\Users\cheat\source\repos\worktrees\pr-481-1763014665\src\AiDotNet.csproj::TargetFramework=net8.0]
C:\Users\cheat\source\repos\worktrees\pr-481-1763014665\src\ReinforcementLearning\Agents\IQL\IQLAgent.cs(383,49): error CS1061: 'DenseLayer<T>' does not contain a definition for 'GetWeights' and no accessible extension method 'GetWeights' accepting a first argument of type 'DenseLayer<T>' could be found (are you missing a using directive or an assembly reference?) [C:\Users\cheat\source\repos\worktrees\pr-481-1763014665\src\AiDotNet.csproj::TargetFramework=net8.0]
C:\Users\cheat\source\repos\worktrees\pr-481-1763014665\src\ReinforcementLearning\Agents\IQL\IQLAgent.cs(384,48): error CS1061: 'DenseLayer<T>' does not contain a definition for 'GetBiases' and no accessible extension method 'GetBiases' accepting a first argument of type 'DenseLayer<T>' could be found (are you missing a using directive or an assembly reference?) [C:\Users\cheat\source\repos\worktrees\pr-481-1763014665\src\AiDotNet.csproj::TargetFramework=net8.0]
C:\Users\cheat\source\repos\worktrees\pr-481-1763014665\src\ReinforcementLearning\Agents\IQL\IQLAgent.cs(385,49): error CS1061: 'DenseLayer<T>' does not contain a definition for 'GetWeights' and no accessible extension method 'GetWeights' accepting a first argument of type 'DenseLayer<T>' could be found (are you missing a using directive or an assembly reference?) [C:\Users\cheat\source\repos\worktrees\pr-481-1763014665\src\AiDotNet.csproj::TargetFramework=net8.0]
C:\Users\cheat\source\repos\worktrees\pr-481-1763014665\src\ReinforcementLearning\Agents\IQL\IQLAgent.cs(386,48): error CS1061: 'DenseLayer<T>' does not contain a definition for 'GetBiases' and no accessible extension method 'GetBiases' accepting a first argument of type 'DenseLayer<T>' could be found (are you missing a using directive or an assembly reference?) [C:\Users\cheat\source\repos\worktrees\pr-481-1763014665\src\AiDotNet.csproj::TargetFramework=net8.0]
C:\Users\cheat\source\repos\worktrees\pr-481-1763014665\src\ReinforcementLearning\Agents\IQL\IQLAgent.cs(400,26): error CS0136: A local or parameter named 'i' cannot be declared in this scope because that name is used in an enclosing local scope to define a local or parameter [C:\Users\cheat\source\repos\worktrees\pr-481-1763014665\src\AiDotNet.csproj::TargetFramework=net8.0]
C:\Users\cheat\source\repos\worktrees\pr-481-1763014665\src\ReinforcementLearning\Agents\IQL\IQLAgent.cs(408,29): error CS1061: 'DenseLayer<T>' does not contain a definition for 'SetBiases' and no accessible extension method 'SetBiases' accepting a first argument of type 'DenseLayer<T>' could be found (are you missing a using directive or an assembly reference?) [C:\Users\cheat\source\repos\worktrees\pr-481-1763014665\src\AiDotNet.csproj::TargetFramework=net8.0]
C:\Users\cheat\source\repos\worktrees\pr-481-1763014665\src\ReinforcementLearning\Agents\PPO\PPOAgent.cs(436,51): error CS1503: Argument 1: cannot convert from 'AiDotNet.LinearAlgebra.Vector<T>' to 'AiDotNet.LinearAlgebra.Tensor<T>' [C:\Users\cheat\source\repos\worktrees\pr-481-1763014665\src\AiDotNet.csproj::TargetFramework=net8.0]
C:\Users\cheat\source\repos\worktrees\pr-481-1763014665\src\ReinforcementLearning\Agents\PPO\PPOAgent.cs(457,33): error CS1503: Argument 1: cannot convert from 'AiDotNet.LinearAlgebra.Tensor<T>' to 'AiDotNet.LinearAlgebra.Vector<T>' [C:\Users\cheat\source\repos\worktrees\pr-481-1763014665\src\AiDotNet.csproj::TargetFramework=net8.0]
C:\Users\cheat\source\repos\worktrees\pr-481-1763014665\src\ReinforcementLearning\Agents\IQL\IQLAgent.cs(415,35): error CS1061: 'NeuralNetwork<T>' does not contain a definition for 'GetLayers' and no accessible extension method 'GetLayers' accepting a first argument of type 'NeuralNetwork<T>' could be found (are you missing a using directive or an assembly reference?) [C:\Users\cheat\source\repos\worktrees\pr-481-1763014665\src\AiDotNet.csproj::TargetFramework=net8.0]
C:\Users\cheat\source\repos\worktrees\pr-481-1763014665\src\ReinforcementLearning\Agents\IQL\IQLAgent.cs(416,35): error CS1061: 'NeuralNetwork<T>' does not contain a definition for 'GetLayers' and no accessible extension method 'GetLayers' accepting a first argument of type 'NeuralNetwork<T>' could be found (are you missing a using directive or an assembly reference?) [C:\Users\cheat\source\repos\worktrees\pr-481-1763014665\src\AiDotNet.csproj::TargetFramework=net8.0]
C:\Users\cheat\source\repos\worktrees\pr-481-1763014665\src\ReinforcementLearning\Agents\IQL\IQLAgent.cs(422,52): error CS1061: 'DenseLayer<T>' does not contain a definition for 'GetWeights' and no accessible extension method 'GetWeights' accepting a first argument of type 'DenseLayer<T>' could be found (are you missing a using directive or an assembly reference?) [C:\Users\cheat\source\repos\worktrees\pr-481-1763014665\src\AiDotNet.csproj::TargetFramework=net8.0]
C:\Users\cheat\source\repos\worktrees\pr-481-1763014665\src\ReinforcementLearning\Agents\IQL\IQLAgent.cs(423,51): error CS1061: 'DenseLayer<T>' does not contain a definition for 'GetBiases' and no accessible extension method 'GetBiases' accepting a first argument of type 'DenseLayer<T>' could be found (are you missing a using directive or an assembly reference?) [C:\Users\cheat\source\repos\worktrees\pr-481-1763014665\src\AiDotNet.csproj::TargetFramework=net8.0]
C:\Users\cheat\source\repos\worktrees\pr-481-1763014665\src\ReinforcementLearning\Agents\IQL\IQLAgent.cs(423,29): error CS1061: 'DenseLayer<T>' does not contain a definition for 'SetBiases' and no accessible extension method 'SetBiases' accepting a first argument of type 'DenseLayer<T>' could be found (are you missing a using directive or an assembly reference?) [C:\Users\cheat\source\repos\worktrees\pr-481-1763014665\src\AiDotNet.csproj::TargetFramework=net8.0]
C:\Users\cheat\source\repos\worktrees\pr-481-1763014665\src\ReinforcementLearning\Agents\PPO\PPOAgent.cs(487,36): error CS1503: Argument 1: cannot convert from 'AiDotNet.LinearAlgebra.Vector<T>' to 'AiDotNet.LinearAlgebra.Tensor<T>' [C:\Users\cheat\source\repos\worktrees\pr-481-1763014665\src\AiDotNet.csproj::TargetFramework=net8.0]
C:\Users\cheat\source\repos\worktrees\pr-481-1763014665\src\ReinforcementLearning\Agents\PPO\PPOAgent.cs(496,42): error CS1503: Argument 1: cannot convert from 'AiDotNet.LinearAlgebra.Vector<T>' to 'AiDotNet.LinearAlgebra.Tensor<T>' [C:\Users\cheat\source\repos\worktrees\pr-481-1763014665\src\AiDotNet.csproj::TargetFramework=net8.0]
C:\Users\cheat\source\repos\worktrees\pr-481-1763014665\src\ReinforcementLearning\Agents\PPO\PPOAgent.cs(500,36): error CS1061: 'NeuralNetwork<T>' does not contain a definition for 'GetFlattenedGradients' and no accessible extension method 'GetFlattenedGradients' accepting a first argument of type 'NeuralNetwork<T>' could be found (are you missing a using directive or an assembly reference?) [C:\Users\cheat\source\repos\worktrees\pr-481-1763014665\src\AiDotNet.csproj::TargetFramework=net8.0]
C:\Users\cheat\source\repos\worktrees\pr-481-1763014665\src\ReinforcementLearning\Agents\PPO\PPOAgent.cs(520,53): error CS1503: Argument 1: cannot convert from 'AiDotNet.LinearAlgebra.Vector<T>' to 'AiDotNet.LinearAlgebra.Tensor<T>' [C:\Users\cheat\source\repos\worktrees\pr-481-1763014665\src\AiDotNet.csproj::TargetFramework=net8.0]
C:\Users\cheat\source\repos\worktrees\pr-481-1763014665\src\ReinforcementLearning\Agents\PPO\PPOAgent.cs(526,54): error CS1061: 'ILossFunction<T>' does not contain a definition for 'ComputeGradient' and no accessible extension method 'ComputeGradient' accepting a first argument of type 'ILossFunction<T>' could be found (are you missing a using directive or an assembly reference?) [C:\Users\cheat\source\repos\worktrees\pr-481-1763014665\src\AiDotNet.csproj::TargetFramework=net8.0]
C:\Users\cheat\source\repos\worktrees\pr-481-1763014665\src\ReinforcementLearning\Agents\PPO\PPOAgent.cs(530,35): error CS1061: 'NeuralNetwork<T>' does not contain a definition for 'GetFlattenedGradients' and no accessible extension method 'GetFlattenedGradients' accepting a first argument of type 'NeuralNetwork<T>' could be found (are you missing a using directive or an assembly reference?) [C:\Users\cheat\source\repos\worktrees\pr-481-1763014665\src\AiDotNet.csproj::TargetFramework=net8.0]
C:\Users\cheat\source\repos\worktrees\pr-481-1763014665\src\ReinforcementLearning\Agents\IQL\IQLAgent.cs(636,30): error CS1061: 'NeuralNetwork<T>' does not contain a definition for 'GetLayers' and no accessible extension method 'GetLayers' accepting a first argument of type 'NeuralNetwork<T>' could be found (are you missing a using directive or an assembly reference?) [C:\Users\cheat\source\repos\worktrees\pr-481-1763014665\src\AiDotNet.csproj::TargetFramework=net8.0]
C:\Users\cheat\source\repos\worktrees\pr-481-1763014665\src\ReinforcementLearning\Agents\IQL\IQLAgent.cs(642,42): error CS1061: 'DenseLayer<T>' does not contain a definition for 'GetWeights' and no accessible extension method 'GetWeights' accepting a first argument of type 'DenseLayer<T>' could be found (are you missing a using directive or an assembly reference?) [C:\Users\cheat\source\repos\worktrees\pr-481-1763014665\src\AiDotNet.csproj::TargetFramework=net8.0]
C:\Users\cheat\source\repos\worktrees\pr-481-1763014665\src\ReinforcementLearning\Agents\IQL\IQLAgent.cs(643,41): error CS1061: 'DenseLayer<T>' does not contain a definition for 'GetBiases' and no accessible extension method 'GetBiases' accepting a first argument of type 'DenseLayer<T>' could be found (are you missing a using directive or an assembly reference?) [C:\Users\cheat\source\repos\worktrees\pr-481-1763014665\src\AiDotNet.csproj::TargetFramework=net8.0]
C:\Users\cheat\source\repos\worktrees\pr-481-1763014665\src\ReinforcementLearning\Agents\IQL\IQLAgent.cs(665,30): error CS1061: 'NeuralNetwork<T>' does not contain a definition for 'GetLayers' and no accessible extension method 'GetLayers' accepting a first argument of type 'NeuralNetwork<T>' could be found (are you missing a using directive or an assembly reference?) [C:\Users\cheat\source\repos\worktrees\pr-481-1763014665\src\AiDotNet.csproj::TargetFramework=net8.0]
C:\Users\cheat\source\repos\worktrees\pr-481-1763014665\src\ReinforcementLearning\Agents\IQL\IQLAgent.cs(672,42): error CS1061: 'DenseLayer<T>' does not contain a definition for 'GetWeights' and no accessible extension method 'GetWeights' accepting a first argument of type 'DenseLayer<T>' could be found (are you missing a using directive or an assembly reference?) [C:\Users\cheat\source\repos\worktrees\pr-481-1763014665\src\AiDotNet.csproj::TargetFramework=net8.0]
C:\Users\cheat\source\repos\worktrees\pr-481-1763014665\src\ReinforcementLearning\Agents\IQL\IQLAgent.cs(673,41): error CS1061: 'DenseLayer<T>' does not contain a definition for 'GetBiases' and no accessible extension method 'GetBiases' accepting a first argument of type 'DenseLayer<T>' could be found (are you missing a using directive or an assembly reference?) [C:\Users\cheat\source\repos\worktrees\pr-481-1763014665\src\AiDotNet.csproj::TargetFramework=net8.0]
C:\Users\cheat\source\repos\worktrees\pr-481-1763014665\src\ReinforcementLearning\Agents\IQL\IQLAgent.cs(689,28): error CS1061: 'DenseLayer<T>' does not contain a definition for 'SetBiases' and no accessible extension method 'SetBiases' accepting a first argument of type 'DenseLayer<T>' could be found (are you missing a using directive or an assembly reference?) [C:\Users\cheat\source\repos\worktrees\pr-481-1763014665\src\AiDotNet.csproj::TargetFramework=net8.0]
C:\Users\cheat\source\repos\worktrees\pr-481-1763014665\src\ReinforcementLearning\Agents\IQL\IQLAgent.cs(699,30): error CS1061: 'NeuralNetwork<T>' does not contain a definition for 'GetLayers' and no accessible extension method 'GetLayers' accepting a first argument of type 'NeuralNetwork<T>' could be found (are you missing a using directive or an assembly reference?) [C:\Users\cheat\source\repos\worktrees\pr-481-1763014665\src\AiDotNet.csproj::TargetFramework=net8.0]
C:\Users\cheat\source\repos\worktrees\pr-481-1763014665\src\ReinforcementLearning\Agents\IQL\IQLAgent.cs(706,42): error CS1061: 'DenseLayer<T>' does not contain a definition for 'GetWeights' and no accessible extension method 'GetWeights' accepting a first argument of type 'DenseLayer<T>' could be found (are you missing a using directive or an assembly reference?) [C:\Users\cheat\source\repos\worktrees\pr-481-1763014665\src\AiDotNet.csproj::TargetFramework=net8.0]
C:\Users\cheat\source\repos\worktrees\pr-481-1763014665\src\ReinforcementLearning\Agents\IQL\IQLAgent.cs(707,41): error CS1061: 'DenseLayer<T>' does not contain a definition for 'GetBiases' and no accessible extension method 'GetBiases' accepting a first argument of type 'DenseLayer<T>' could be found (are you missing a using directive or an assembly reference?) [C:\Users\cheat\source\repos\worktrees\pr-481-1763014665\src\AiDotNet.csproj::TargetFramework=net8.0]
C:\Users\cheat\source\repos\worktrees\pr-481-1763014665\src\ReinforcementLearning\Agents\IQL\IQLAgent.cs(736,30): error CS1061: 'NeuralNetwork<T>' does not contain a definition for 'GetLayers' and no accessible extension method 'GetLayers' accepting a first argument of type 'NeuralNetwork<T>' could be found (are you missing a using directive or an assembly reference?) [C:\Users\cheat\source\repos\worktrees\pr-481-1763014665\src\AiDotNet.csproj::TargetFramework=net8.0]
C:\Users\cheat\source\repos\worktrees\pr-481-1763014665\src\ReinforcementLearning\Agents\IQL\IQLAgent.cs(763,28): error CS1061: 'DenseLayer<T>' does not contain a definition for 'SetBiases' and no accessible extension method 'SetBiases' accepting a first argument of type 'DenseLayer<T>' could be found (are you missing a using directive or an assembly reference?) [C:\Users\cheat\source\repos\worktrees\pr-481-1763014665\src\AiDotNet.csproj::TargetFramework=net8.0]

Build FAILED.

C:\Users\cheat\source\repos\worktrees\pr-481-1763014665\src\NeuralNetworks\FeedForwardNeuralNetwork.cs(320,44): error CS1061: 'NeuralNetworkArchitecture<T>' does not contain a definition for 'NeuralNetworkTaskType' and no accessible extension method 'NeuralNetworkTaskType' accepting a first argument of type 'NeuralNetworkArchitecture<T>' could be found (are you missing a using directive or an assembly reference?) [C:\Users\cheat\source\repos\worktrees\pr-481-1763014665\src\AiDotNet.csproj::TargetFramework=net462]
C:\Users\cheat\source\repos\worktrees\pr-481-1763014665\src\Models\NeuralNetworkModel.cs(669,44): error CS1061: 'NeuralNetworkArchitecture<T>' does not contain a definition for 'NeuralNetworkTaskType' and no accessible extension method 'NeuralNetworkTaskType' accepting a first argument of type 'NeuralNetworkArchitecture<T>' could be found (are you missing a using directive or an assembly reference?) [C:\Users\cheat\source\repos\worktrees\pr-481-1763014665\src\AiDotNet.csproj::TargetFramework=net462]
C:\Users\cheat\source\repos\worktrees\pr-481-1763014665\src\Models\Options\TRPOOptions.cs(52,68): error CS0246: The type or namespace name 'MeanSquaredError<>' could not be found (are you missing a using directive or an assembly reference?) [C:\Users\cheat\source\repos\worktrees\pr-481-1763014665\src\AiDotNet.csproj::TargetFramework=net462]
C:\Users\cheat\source\repos\worktrees\pr-481-1763014665\src\NeuralNetworks\NeuralNetwork.cs(324,44): error CS1061: 'NeuralNetworkArchitecture<T>' does not contain a definition for 'NeuralNetworkTaskType' and no accessible extension method 'NeuralNetworkTaskType' accepting a first argument of type 'NeuralNetworkArchitecture<T>' could be found (are you missing a using directive or an assembly reference?) [C:\Users\cheat\source\repos\worktrees\pr-481-1763014665\src\AiDotNet.csproj::TargetFramework=net462]
C:\Users\cheat\source\repos\worktrees\pr-481-1763014665\src\Models\Options\TBATSModelOptions.cs(206,50): error CS0029: Cannot implicitly convert type 'System.Collections.Generic.List<int>' to 'int[]' [C:\Users\cheat\source\repos\worktrees\pr-481-1763014665\src\AiDotNet.csproj::TargetFramework=net462]
C:\Users\cheat\source\repos\worktrees\pr-481-1763014665\src\Models\Options\STLDecompositionOptions.cs(688,45): error CS0029: Cannot implicitly convert type 'System.Collections.Generic.List<int>' to 'System.DateTime[]' [C:\Users\cheat\source\repos\worktrees\pr-481-1763014665\src\AiDotNet.csproj::TargetFramework=net462]
C:\Users\cheat\source\repos\worktrees\pr-481-1763014665\src\Models\Options\STLDecompositionOptions.cs(985,61): error CS0029: Cannot implicitly convert type 'System.Collections.Generic.List<int>' to 'System.Collections.Generic.Dictionary<System.DateTime, T>' [C:\Users\cheat\source\repos\worktrees\pr-481-1763014665\src\AiDotNet.csproj::TargetFramework=net462]
C:\Users\cheat\source\repos\worktrees\pr-481-1763014665\src\NeuralNetworks\MixtureOfExpertsNeuralNetwork.cs(457,44): error CS1061: 'NeuralNetworkArchitecture<T>' does not contain a definition for 'NeuralNetworkTaskType' and no accessible extension method 'NeuralNetworkTaskType' accepting a first argument of type 'NeuralNetworkArchitecture<T>' could be found (are you missing a using directive or an assembly reference?) [C:\Users\cheat\source\repos\worktrees\pr-481-1763014665\src\AiDotNet.csproj::TargetFramework=net462]
C:\Users\cheat\source\repos\worktrees\pr-481-1763014665\src\Models\Options\A2COptions.cs(36,67): error CS0246: The type or namespace name 'MeanSquaredError<>' could not be found (are you missing a using directive or an assembly reference?) [C:\Users\cheat\source\repos\worktrees\pr-481-1763014665\src\AiDotNet.csproj::TargetFramework=net462]
C:\Users\cheat\source\repos\worktrees\pr-481-1763014665\src\Models\Options\SACOptions.cs(139,63): error CS0246: The type or namespace name 'MeanSquaredError<>' could not be found (are you missing a using directive or an assembly reference?) [C:\Users\cheat\source\repos\worktrees\pr-481-1763014665\src\AiDotNet.csproj::TargetFramework=net462]
C:\Users\cheat\source\repos\worktrees\pr-481-1763014665\src\Models\Options\ProphetOptions.cs(161,52): error CS0029: Cannot implicitly convert type 'System.Collections.Generic.List<int>' to 'System.Collections.Generic.List<System.DateTime>' [C:\Users\cheat\source\repos\worktrees\pr-481-1763014665\src\AiDotNet.csproj::TargetFramework=net462]
C:\Users\cheat\source\repos\worktrees\pr-481-1763014665\src\Models\Options\ProphetOptions.cs(653,49): error CS0029: Cannot implicitly convert type 'System.Collections.Generic.List<int>' to 'System.Collections.Generic.List<T>' [C:\Users\cheat\source\repos\worktrees\pr-481-1763014665\src\AiDotNet.csproj::TargetFramework=net462]
C:\Users\cheat\source\repos\worktrees\pr-481-1763014665\src\Models\Options\PPOOptions.cs(142,67): error CS0246: The type or namespace name 'MeanSquaredError<>' could not be found (are you missing a using directive or an assembly reference?) [C:\Users\cheat\source\repos\worktrees\pr-481-1763014665\src\AiDotNet.csproj::TargetFramework=net462]
C:\Users\cheat\source\repos\worktrees\pr-481-1763014665\src\Models\Options\InterventionAnalysisOptions.cs(116,65): error CS0029: Cannot implicitly convert type 'System.Collections.Generic.List<int>' to 'System.Collections.Generic.List<AiDotNet.Models.InterventionInfo>' [C:\Users\cheat\source\repos\worktrees\pr-481-1763014665\src\AiDotNet.csproj::TargetFramework=net462]
C:\Users\cheat\source\repos\worktrees\pr-481-1763014665\src\Models\Options\IQLOptions.cs(48,63): error CS0246: The type or namespace name 'MeanSquaredError<>' could not be found (are you missing a using directive or an assembly reference?) [C:\Users\cheat\source\repos\worktrees\pr-481-1763014665\src\AiDotNet.csproj::TargetFramework=net462]
C:\Users\cheat\source\repos\worktrees\pr-481-1763014665\src\Models\Options\EnsembleFitDetectorOptions.cs(35,57): error CS0029: Cannot implicitly convert type 'System.Collections.Generic.List<int>' to 'System.Collections.Generic.List<double>' [C:\Users\cheat\source\repos\worktrees\pr-481-1763014665\src\AiDotNet.csproj::TargetFramework=net462]
C:\Users\cheat\source\repos\worktrees\pr-481-1763014665\src\Models\Options\DQNOptions.cs(22,62): error CS0246: The type or namespace name 'MeanSquaredError<>' could not be found (are you missing a using directive or an assembly reference?) [C:\Users\cheat\source\repos\worktrees\pr-481-1763014665\src\AiDotNet.csproj::TargetFramework=net462]
C:\Users\cheat\source\repos\worktrees\pr-481-1763014665\src\Models\Options\DuelingDQNOptions.cs(15,62): error CS0246: The type or namespace name 'MeanSquaredError<>' could not be found (are you missing a using directive or an assembly reference?) [C:\Users\cheat\source\repos\worktrees\pr-481-1763014665\src\AiDotNet.csproj::TargetFramework=net462]
C:\Users\cheat\source\repos\worktrees\pr-481-1763014665\src\Models\Options\DoubleDQNOptions.cs(15,62): error CS0246: The type or namespace name 'MeanSquaredError<>' could not be found (are you missing a using directive or an assembly reference?) [C:\Users\cheat\source\repos\worktrees\pr-481-1763014665\src\AiDotNet.csproj::TargetFramework=net462]
C:\Users\cheat\source\repos\worktrees\pr-481-1763014665\src\Models\Options\CQLOptions.cs(52,63): error CS0246: The type or namespace name 'MeanSquaredError<>' could not be found (are you missing a using directive or an assembly reference?) [C:\Users\cheat\source\repos\worktrees\pr-481-1763014665\src\AiDotNet.csproj::TargetFramework=net462]
C:\Users\cheat\source\repos\worktrees\pr-481-1763014665\src\Models\Options\A3COptions.cs(46,68): error CS0246: The type or namespace name 'MeanSquaredError<>' could not be found (are you missing a using directive or an assembly reference?) [C:\Users\cheat\source\repos\worktrees\pr-481-1763014665\src\AiDotNet.csproj::TargetFramework=net462]
C:\Users\cheat\source\repos\worktrees\pr-481-1763014665\src\PredictionModelBuilder.cs(690,13): error CS1739: The best overload for 'OptimizationResult' does not have a parameter named 'bestModel' [C:\Users\cheat\source\repos\worktrees\pr-481-1763014665\src\AiDotNet.csproj::TargetFramework=net462]
C:\Users\cheat\source\repos\worktrees\pr-481-1763014665\src\PredictionModelBuilder.cs(590,66): error CS1998: This async method lacks 'await' operators and will run synchronously. Consider using the 'await' operator to await non-blocking API calls, or 'await Task.Run(...)' to do CPU-bound work on a background thread. [C:\Users\cheat\source\repos\worktrees\pr-481-1763014665\src\AiDotNet.csproj::TargetFramework=net462]
C:\Users\cheat\source\repos\worktrees\pr-481-1763014665\src\ReinforcementLearning\Environments\CartPoleEnvironment.cs(167,9): error CS0191: A readonly field cannot be assigned to (except in a constructor or init-only setter of the type in which the field is defined or a variable initializer) [C:\Users\cheat\source\repos\worktrees\pr-481-1763014665\src\AiDotNet.csproj::TargetFramework=net462]
C:\Users\cheat\source\repos\worktrees\pr-481-1763014665\src\ReinforcementLearning\Agents\WorldModels\WorldModelsAgent.cs(57,62): error CS1729: 'DeepReinforcementLearningAgentBase<T>' does not contain a constructor that takes 2 arguments [C:\Users\cheat\source\repos\worktrees\pr-481-1763014665\src\AiDotNet.csproj::TargetFramework=net462]
C:\Users\cheat\source\repos\worktrees\pr-481-1763014665\src\ReinforcementLearning\Agents\WorldModels\WorldModelsAgent.cs(57,12): error CS8618: Non-nullable field '_vaeEncoder' must contain a non-null value when exiting constructor. Consider adding the 'required' modifier or declaring the field as nullable. [C:\Users\cheat\source\repos\worktrees\pr-481-1763014665\src\AiDotNet.csproj::TargetFramework=net462]
C:\Users\cheat\source\repos\worktrees\pr-481-1763014665\src\ReinforcementLearning\Agents\WorldModels\WorldModelsAgent.cs(57,12): error CS8618: Non-nullable field '_vaeDecoder' must contain a non-null value when exiting constructor. Consider adding the 'required' modifier or declaring the field as nullable. [C:\Users\cheat\source\repos\worktrees\pr-481-1763014665\src\AiDotNet.csproj::TargetFramework=net462]
C:\Users\cheat\source\repos\worktrees\pr-481-1763014665\src\ReinforcementLearning\Agents\WorldModels\WorldModelsAgent.cs(57,12): error CS8618: Non-nullable field '_rnnNetwork' must contain a non-null value when exiting constructor. Consider adding the 'required' modifier or declaring the field as nullable. [C:\Users\cheat\source\repos\worktrees\pr-481-1763014665\src\AiDotNet.csproj::TargetFramework=net462]
C:\Users\cheat\source\repos\worktrees\pr-481-1763014665\src\ReinforcementLearning\Agents\WorldModels\WorldModelsAgent.cs(57,12): error CS8618: Non-nullable field '_rnnHiddenState' must contain a non-null value when exiting constructor. Consider adding the 'required' modifier or declaring the field as nullable. [C:\Users\cheat\source\repos\worktrees\pr-481-1763014665\src\AiDotNet.csproj::TargetFramework=net462]
C:\Users\cheat\source\repos\worktrees\pr-481-1763014665\src\ReinforcementLearning\Agents\WorldModels\WorldModelsAgent.cs(57,12): error CS8618: Non-nullable field '_controllerWeights' must contain a non-null value when exiting constructor. Consider adding the 'required' modifier or declaring the field as nullable. [C:\Users\cheat\source\repos\worktrees\pr-481-1763014665\src\AiDotNet.csproj::TargetFramework=net462]
C:\Users\cheat\source\repos\worktrees\pr-481-1763014665\src\ReinforcementLearning\Agents\WorldModels\WorldModelsAgent.cs(57,12): error CS8618: Non-nullable field '_replayBuffer' must contain a non-null value when exiting constructor. Consider adding the 'required' modifier or declaring the field as nullable. [C:\Users\cheat\source\repos\worktrees\pr-481-1763014665\src\AiDotNet.csproj::TargetFramework=net462]
C:\Users\cheat\source\repos\worktrees\pr-481-1763014665\src\ReinforcementLearning\Agents\WorldModels\WorldModelsAgent.cs(100,27): error CS7036: There is no argument given that corresponds to the required parameter 'architecture' of 'NeuralNetwork<T>.NeuralNetwork(NeuralNetworkArchitecture<T>, ILossFunction<T>?)' [C:\Users\cheat\source\repos\worktrees\pr-481-1763014665\src\AiDotNet.csproj::TargetFramework=net462]
C:\Users\cheat\source\repos\worktrees\pr-481-1763014665\src\ReinforcementLearning\Agents\WorldModels\WorldModelsAgent.cs(106,21): error CS7036: There is no argument given that corresponds to the required parameter 'units' of 'NeuralNetworkBase<T>.AddLayer(LayerType, int, ActivationFunction)' [C:\Users\cheat\source\repos\worktrees\pr-481-1763014665\src\AiDotNet.csproj::TargetFramework=net462]
C:\Users\cheat\source\repos\worktrees\pr-481-1763014665\src\ReinforcementLearning\Agents\WorldModels\WorldModelsAgent.cs(107,57): error CS0246: The type or namespace name 'ReLU<>' could not be found (are you missing a using directive or an assembly reference?) [C:\Users\cheat\source\repos\worktrees\pr-481-1763014665\src\AiDotNet.csproj::TargetFramework=net462]
C:\Users\cheat\source\repos\worktrees\pr-481-1763014665\src\ReinforcementLearning\Agents\WorldModels\WorldModelsAgent.cs(107,34): error CS1729: 'ActivationLayer<T>' does not contain a constructor that takes 1 arguments [C:\Users\cheat\source\repos\worktrees\pr-481-1763014665\src\AiDotNet.csproj::TargetFramework=net462]
C:\Users\cheat\source\repos\worktrees\pr-481-1763014665\src\ReinforcementLearning\Agents\WorldModels\WorldModelsAgent.cs(111,17): error CS7036: There is no argument given that corresponds to the required parameter 'units' of 'NeuralNetworkBase<T>.AddLayer(LayerType, int, ActivationFunction)' [C:\Users\cheat\source\repos\worktrees\pr-481-1763014665\src\AiDotNet.csproj::TargetFramework=net462]
C:\Users\cheat\source\repos\worktrees\pr-481-1763014665\src\ReinforcementLearning\Agents\WorldModels\WorldModelsAgent.cs(118,27): error CS7036: There is no argument given that corresponds to the required parameter 'architecture' of 'NeuralNetwork<T>.NeuralNetwork(NeuralNetworkArchitecture<T>, ILossFunction<T>?)' [C:\Users\cheat\source\repos\worktrees\pr-481-1763014665\src\AiDotNet.csproj::TargetFramework=net462]
C:\Users\cheat\source\repos\worktrees\pr-481-1763014665\src\ReinforcementLearning\Agents\WorldModels\WorldModelsAgent.cs(127,21): error CS7036: There is no argument given that corresponds to the required parameter 'units' of 'NeuralNetworkBase<T>.AddLayer(LayerType, int, ActivationFunction)' [C:\Users\cheat\source\repos\worktrees\pr-481-1763014665\src\AiDotNet.csproj::TargetFramework=net462]
C:\Users\cheat\source\repos\worktrees\pr-481-1763014665\src\ReinforcementLearning\Agents\WorldModels\WorldModelsAgent.cs(128,57): error CS0246: The type or namespace name 'ReLU<>' could not be found (are you missing a using directive or an assembly reference?) [C:\Users\cheat\source\repos\worktrees\pr-481-1763014665\src\AiDotNet.csproj::TargetFramework=net462]
C:\Users\cheat\source\repos\worktrees\pr-481-1763014665\src\ReinforcementLearning\Agents\WorldModels\WorldModelsAgent.cs(128,34): error CS1729: 'ActivationLayer<T>' does not contain a constructor that takes 1 arguments [C:\Users\cheat\source\repos\worktrees\pr-481-1763014665\src\AiDotNet.csproj::TargetFramework=net462]
C:\Users\cheat\source\repos\worktrees\pr-481-1763014665\src\ReinforcementLearning\Agents\WorldModels\WorldModelsAgent.cs(132,17): error CS7036: There is no argument given that corresponds to the required parameter 'units' of 'NeuralNetworkBase<T>.AddLayer(LayerType, int, ActivationFunction)' [C:\Users\cheat\source\repos\worktrees\pr-481-1763014665\src\AiDotNet.csproj::TargetFramework=net462]
C:\Users\cheat\source\repos\worktrees\pr-481-1763014665\src\ReinforcementLearning\Agents\WorldModels\WorldModelsAgent.cs(133,53): error CS0246: The type or namespace name 'Sigmoid<>' could not be found (are you missing a using directive or an assembly reference?) [C:\Users\cheat\source\repos\worktrees\pr-481-1763014665\src\AiDotNet.csproj::TargetFramework=net462]
C:\Users\cheat\source\repos\worktrees\pr-481-1763014665\src\ReinforcementLearning\Agents\WorldModels\WorldModelsAgent.cs(133,30): error CS1729: 'ActivationLayer<T>' does not contain a constructor that takes 1 arguments [C:\Users\cheat\source\repos\worktrees\pr-481-1763014665\src\AiDotNet.csproj::TargetFramework=net462]
C:\Users\cheat\source\repos\worktrees\pr-481-1763014665\src\ReinforcementLearning\Agents\WorldModels\WorldModelsAgent.cs(141,27): error CS7036: There is no argument given that corresponds to the required parameter 'architecture' of 'NeuralNetwork<T>.NeuralNetwork(NeuralNetworkArchitecture<T>, ILossFunction<T>?)' [C:\Users\cheat\source\repos\worktrees\pr-481-1763014665\src\AiDotNet.csproj::TargetFramework=net462]
C:\Users\cheat\source\repos\worktrees\pr-481-1763014665\src\ReinforcementLearning\Agents\WorldModels\WorldModelsAgent.cs(144,17): error CS7036: There is no argument given that corresponds to the required parameter 'units' of 'NeuralNetworkBase<T>.AddLayer(LayerType, int, ActivationFunction)' [C:\Users\cheat\source\repos\worktrees\pr-481-1763014665\src\AiDotNet.csproj::TargetFramework=net462]
C:\Users\cheat\source\repos\worktrees\pr-481-1763014665\src\ReinforcementLearning\Agents\WorldModels\WorldModelsAgent.cs(145,53): error CS0246: The type or namespace name 'Tanh<>' could not be found (are you missing a using directive or an assembly reference?) [C:\Users\cheat\source\repos\worktrees\pr-481-1763014665\src\AiDotNet.csproj::TargetFramework=net462]
C:\Users\cheat\source\repos\worktrees\pr-481-1763014665\src\ReinforcementLearning\Agents\WorldModels\WorldModelsAgent.cs(145,30): error CS1729: 'ActivationLayer<T>' does not contain a constructor that takes 1 arguments [C:\Users\cheat\source\repos\worktrees\pr-481-1763014665\src\AiDotNet.csproj::TargetFramework=net462]
C:\Users\cheat\source\repos\worktrees\pr-481-1763014665\src\ReinforcementLearning\Agents\WorldModels\WorldModelsAgent.cs(146,17): error CS7036: There is no argument given that corresponds to the required parameter 'units' of 'NeuralNetworkBase<T>.AddLayer(LayerType, int, ActivationFunction)' [C:\Users\cheat\source\repos\worktrees\pr-481-1763014665\src\AiDotNet.csproj::TargetFramework=net462]
C:\Users\cheat\source\repos\worktrees\pr-481-1763014665\src\ReinforcementLearning\Agents\WorldModels\WorldModelsAgent.cs(159,41): error CS1061: 'NeuralNetwork<T>' does not contain a definition for 'Forward' and no accessible extension method 'Forward' accepting a first argument of type 'NeuralNetwork<T>' could be found (are you missing a using directive or an assembly reference?) [C:\Users\cheat\source\repos\worktrees\pr-481-1763014665\src\AiDotNet.csproj::TargetFramework=net462]
C:\Users\cheat\source\repos\worktrees\pr-481-1763014665\src\ReinforcementLearning\Agents\WorldModels\WorldModelsAgent.cs(179,45): error CS1503: Argument 1: cannot convert from 'AiDotNet.LinearAlgebra.Vector<T>' to 'AiDotNet.LinearAlgebra.Tensor<T>' [C:\Users\cheat\source\repos\worktrees\pr-481-1763014665\src\AiDotNet.csproj::TargetFramework=net462]
C:\Users\cheat\source\repos\worktrees\pr-481-1763014665\src\ReinforcementLearning\Agents\WorldModels\WorldModelsAgent.cs(193,23): error CS1501: No overload for method 'Add' takes 5 arguments [C:\Users\cheat\source\repos\worktrees\pr-481-1763014665\src\AiDotNet.csproj::TargetFramework=net462]
C:\Users\cheat\source\repos\worktrees\pr-481-1763014665\src\ReinforcementLearning\Agents\WorldModels\WorldModelsAgent.cs(236,45): error CS1061: 'NeuralNetwork<T>' does not contain a definition for 'Forward' and no accessible extension method 'Forward' accepting a first argument of type 'NeuralNetwork<T>' could be found (are you missing a using directive or an assembly reference?) [C:\Users\cheat\source\repos\worktrees\pr-481-1763014665\src\AiDotNet.csproj::TargetFramework=net462]
C:\Users\cheat\source\repos\worktrees\pr-481-1763014665\src\ReinforcementLearning\Agents\WorldModels\WorldModelsAgent.cs(244,46): error CS1061: 'NeuralNetwork<T>' does not contain a definition for 'Forward' and no accessible extension method 'Forward' accepting a first argument of type 'NeuralNetwork<T>' could be found (are you missing a using directive or an assembly reference?) [C:\Users\cheat\source\repos\worktrees\pr-481-1763014665\src\AiDotNet.csproj::TargetFramework=net462]
C:\Users\cheat\source\repos\worktrees\pr-481-1763014665\src\ReinforcementLearning\Agents\WorldModels\WorldModelsAgent.cs(274,39): error CS1503: Argument 1: cannot convert from 'AiDotNet.LinearAlgebra.Vector<T>' to 'AiDotNet.LinearAlgebra.Tensor<T>' [C:\Users\cheat\source\repos\worktrees\pr-481-1763014665\src\AiDotNet.csproj::TargetFramework=net462]
C:\Users\cheat\source\repos\worktrees\pr-481-1763014665\src\ReinforcementLearning\Agents\WorldModels\WorldModelsAgent.cs(275,42): error CS1503: Argument 1: cannot convert from 'T' to 'AiDotNet.LinearAlgebra.Vector<T>' [C:\Users\cheat\source\repos\worktrees\pr-481-1763014665\src\AiDotNet.csproj::TargetFramework=net462]
C:\Users\cheat\source\repos\worktrees\pr-481-1763014665\src\ReinforcementLearning\Agents\WorldModels\WorldModelsAgent.cs(277,42): error CS1503: Argument 1: cannot convert from 'T' to 'AiDotNet.LinearAlgebra.Vector<T>' [C:\Users\cheat\source\repos\worktrees\pr-481-1763014665\src\AiDotNet.csproj::TargetFramework=net462]
C:\Users\cheat\source\repos\worktrees\pr-481-1763014665\src\ReinforcementLearning\Agents\WorldModels\WorldModelsAgent.cs(291,57): error CS1061: 'NeuralNetwork<T>' does not contain a definition for 'Forward' and no accessible extension method 'Forward' accepting a first argument of type 'NeuralNetwork<T>' could be found (are you missing a using directive or an assembly reference?) [C:\Users\cheat\source\repos\worktrees\pr-481-1763014665\src\AiDotNet.csproj::TargetFramework=net462]
C:\Users\cheat\source\repos\worktrees\pr-481-1763014665\src\ReinforcementLearning\Agents\WorldModels\WorldModelsAgent.cs(292,54): error CS1061: 'NeuralNetwork<T>' does not contain a definition for 'Forward' and no accessible extension method 'Forward' accepting a first argument of type 'NeuralNetwork<T>' could be found (are you missing a using directive or an assembly reference?) [C:\Users\cheat\source\repos\worktrees\pr-481-1763014665\src\AiDotNet.csproj::TargetFramework=net462]
C:\Users\cheat\source\repos\worktrees\pr-481-1763014665\src\ReinforcementLearning\Agents\WorldModels\WorldModelsAgent.cs(296,49): error CS1503: Argument 1: cannot convert from 'AiDotNet.LinearAlgebra.Vector<T>' to 'AiDotNet.LinearAlgebra.Tensor<T>' [C:\Users\cheat\source\repos\worktrees\pr-481-1763014665\src\AiDotNet.csproj::TargetFramework=net462]
C:\Users\cheat\source\repos\worktrees\pr-481-1763014665\src\ReinforcementLearning\Agents\WorldModels\WorldModelsAgent.cs(322,39): error CS1503: Argument 1: cannot convert from 'AiDotNet.LinearAlgebra.Vector<T>' to 'AiDotNet.LinearAlgebra.Tensor<T>' [C:\Users\cheat\source\repos\worktrees\pr-481-1763014665\src\AiDotNet.csproj::TargetFramework=net462]
C:\Users\cheat\source\repos\worktrees\pr-481-1763014665\src\ReinforcementLearning\Agents\WorldModels\WorldModelsAgent.cs(323,42): error CS1503: Argument 1: cannot convert from 'T' to 'AiDotNet.LinearAlgebra.Vector<T>' [C:\Users\cheat\source\repos\worktrees\pr-481-1763014665\src\AiDotNet.csproj::TargetFramework=net462]
C:\Users\cheat\source\repos\worktrees\pr-481-1763014665\src\ReinforcementLearning\Agents\WorldModels\WorldModelsAgent.cs(436,25): error CS0029: Cannot implicitly convert type 'string' to 'AiDotNet.Enums.ModelType' [C:\Users\cheat\source\repos\worktrees\pr-481-1763014665\src\AiDotNet.csproj::TargetFramework=net462]
C:\Users\cheat\source\repos\worktrees\pr-481-1763014665\src\ReinforcementLearning\Agents\WorldModels\WorldModelsAgent.cs(505,41): error CS1061: 'ILossFunction<T>' does not contain a definition for 'ComputeGradient' and no accessible extension method 'ComputeGradient' accepting a first argument of type 'ILossFunction<T>' could be found (are you missing a using directive or an assembly reference?) [C:\Users\cheat\source\repos\worktrees\pr-481-1763014665\src\AiDotNet.csproj::TargetFramework=net462]
C:\Users\cheat\source\repos\worktrees\pr-481-1763014665\src\ReinforcementLearning\Agents\WorldModels\WorldModelsAgent.cs(513,25): error CS1061: 'INeuralNetwork<T>' does not contain a definition for 'Backpropagate' and no accessible extension method 'Backpropagate' accepting a first argument of type 'INeuralNetwork<T>' could be found (are you missing a using directive or an assembly reference?) [C:\Users\cheat\source\repos\worktrees\pr-481-1763014665\src\AiDotNet.csproj::TargetFramework=net462]
C:\Users\cheat\source\repos\worktrees\pr-481-1763014665\src\ReinforcementLearning\Agents\WorldModels\WorldModelsAgent.cs(514,42): error CS1503: Argument 1: cannot convert from 'T' to 'AiDotNet.LinearAlgebra.Vector<T>' [C:\Users\cheat\source\repos\worktrees\pr-481-1763014665\src\AiDotNet.csproj::TargetFramework=net462]
C:\Users\cheat\source\repos\worktrees\pr-481-1763014665\src\ReinforcementLearning\Agents\TRPO\TRPOAgent.cs(51,12): error CS8618: Non-nullable field '_policyNetwork' must contain a non-null value when exiting constructor. Consider adding the 'required' modifier or declaring the field as nullable. [C:\Users\cheat\source\repos\worktrees\pr-481-1763014665\src\AiDotNet.csproj::TargetFramework=net462]
C:\Users\cheat\source\repos\worktrees\pr-481-1763014665\src\ReinforcementLearning\Agents\TRPO\TRPOAgent.cs(51,12): error CS8618: Non-nullable field '_oldPolicyNetwork' must contain a non-null value when exiting constructor. Consider adding the 'required' modifier or declaring the field as nullable. [C:\Users\cheat\source\repos\worktrees\pr-481-1763014665\src\AiDotNet.csproj::TargetFramework=net462]
C:\Users\cheat\source\repos\worktrees\pr-481-1763014665\src\ReinforcementLearning\Agents\TRPO\TRPOAgent.cs(51,12): error CS8618: Non-nullable field '_valueNetwork' must contain a non-null value when exiting constructor. Consider adding the 'required' modifier or declaring the field as nullable. [C:\Users\cheat\source\repos\worktrees\pr-481-1763014665\src\AiDotNet.csproj::TargetFramework=net462]
C:\Users\cheat\source\repos\worktrees\pr-481-1763014665\src\ReinforcementLearning\Agents\TRPO\TRPOAgent.cs(86,32): error CS1729: 'NeuralNetworkArchitecture<T>' does not contain a constructor that takes 0 arguments [C:\Users\cheat\source\repos\worktrees\pr-481-1763014665\src\AiDotNet.csproj::TargetFramework=net462]
C:\Users\cheat\source\repos\worktrees\pr-481-1763014665\src\ReinforcementLearning\Agents\TRPO\TRPOAgent.cs(88,13): error CS0200: Property or indexer 'NeuralNetworkArchitecture<T>.TaskType' cannot be assigned to -- it is read only [C:\Users\cheat\source\repos\worktrees\pr-481-1763014665\src\AiDotNet.csproj::TargetFramework=net462]
C:\Users\cheat\source\repos\worktrees\pr-481-1763014665\src\ReinforcementLearning\Agents\TRPO\TRPOAgent.cs(106,32): error CS1061: 'DenseLayer<T>' does not contain a definition for 'GetWeights' and no accessible extension method 'GetWeights' accepting a first argument of type 'DenseLayer<T>' could be found (are you missing a using directive or an assembly reference?) [C:\Users\cheat\source\repos\worktrees\pr-481-1763014665\src\AiDotNet.csproj::TargetFramework=net462]
C:\Users\cheat\source\repos\worktrees\pr-481-1763014665\src\ReinforcementLearning\Agents\TRPO\TRPOAgent.cs(113,9): error CS0200: Property or indexer 'NeuralNetworkArchitecture<T>.Layers' cannot be assigned to -- it is read only [C:\Users\cheat\source\repos\worktrees\pr-481-1763014665\src\AiDotNet.csproj::TargetFramework=net462]
C:\Users\cheat\source\repos\worktrees\pr-481-1763014665\src\ReinforcementLearning\Agents\TRPO\TRPOAgent.cs(119,32): error CS1729: 'NeuralNetworkArchitecture<T>' does not contain a constructor that takes 0 arguments [C:\Users\cheat\source\repos\worktrees\pr-481-1763014665\src\AiDotNet.csproj::TargetFramework=net462]
C:\Users\cheat\source\repos\worktrees\pr-481-1763014665\src\ReinforcementLearning\Agents\TRPO\TRPOAgent.cs(121,13): error CS0200: Property or indexer 'NeuralNetworkArchitecture<T>.TaskType' cannot be assigned to -- it is read only [C:\Users\cheat\source\repos\worktrees\pr-481-1763014665\src\AiDotNet.csproj::TargetFramework=net462]
C:\Users\cheat\source\repos\worktrees\pr-481-1763014665\src\ReinforcementLearning\Agents\TRPO\TRPOAgent.cs(131,9): error CS0200: Property or indexer 'NeuralNetworkArchitecture<T>.Layers' cannot be assigned to -- it is read only [C:\Users\cheat\source\repos\worktrees\pr-481-1763014665\src\AiDotNet.csproj::TargetFramework=net462]
C:\Users\cheat\source\repos\worktrees\pr-481-1763014665\src\ReinforcementLearning\Agents\TRPO\TRPOAgent.cs(137,51): error CS1503: Argument 1: cannot convert from 'AiDotNet.LinearAlgebra.Vector<T>' to 'AiDotNet.LinearAlgebra.Tensor<T>' [C:\Users\cheat\source\repos\worktrees\pr-481-1763014665\src\AiDotNet.csproj::TargetFramework=net462]
C:\Users\cheat\source\repos\worktrees\pr-481-1763014665\src\ReinforcementLearning\Agents\TRPO\TRPOAgent.cs(171,41): error CS1503: Argument 1: cannot convert from 'AiDotNet.LinearAlgebra.Tensor<T>' to 'AiDotNet.LinearAlgebra.Vector<T>' [C:\Users\cheat\source\repos\worktrees\pr-481-1763014665\src\AiDotNet.csproj::TargetFramework=net462]
C:\Users\cheat\source\repos\worktrees\pr-481-1763014665\src\ReinforcementLearning\Agents\TRPO\TRPOAgent.cs(242,18): error CS8132: Cannot deconstruct a tuple of '5' elements into '4' variables. [C:\Users\cheat\source\repos\worktrees\pr-481-1763014665\src\AiDotNet.csproj::TargetFramework=net462]
C:\Users\cheat\source\repos\worktrees\pr-481-1763014665\src\ReinforcementLearning\Agents\TRPO\TRPOAgent.cs(247,46): error CS1503: Argument 1: cannot convert from 'AiDotNet.LinearAlgebra.Vector<T>' to 'AiDotNet.LinearAlgebra.Tensor<T>' [C:\Users\cheat\source\repos\worktrees\pr-481-1763014665\src\AiDotNet.csproj::TargetFramework=net462]
C:\Users\cheat\source\repos\worktrees\pr-481-1763014665\src\ReinforcementLearning\Agents\TRPO\TRPOAgent.cs(309,60): error CS1503: Argument 1: cannot convert from 'AiDotNet.LinearAlgebra.Vector<T>' to 'AiDotNet.LinearAlgebra.Tensor<T>' [C:\Users\cheat\source\repos\worktrees\pr-481-1763014665\src\AiDotNet.csproj::TargetFramework=net462]
C:\Users\cheat\source\repos\worktrees\pr-481-1763014665\src\ReinforcementLearning\Agents\TRPO\TRPOAgent.cs(315,31): error CS1061: 'INeuralNetwork<T>' does not contain a definition for 'Backpropagate' and no accessible extension method 'Backpropagate' accepting a first argument of type 'INeuralNetwork<T>' could be found (are you missing a using directive or an assembly reference?) [C:\Users\cheat\source\repos\worktrees\pr-481-1763014665\src\AiDotNet.csproj::TargetFramework=net462]
C:\Users\cheat\source\repos\worktrees\pr-481-1763014665\src\ReinforcementLearning\Agents\TRPO\TRPOAgent.cs(316,48): error CS1503: Argument 1: cannot convert from 'T' to 'AiDotNet.LinearAlgebra.Vector<T>' [C:\Users\cheat\source\repos\worktrees\pr-481-1763014665\src\AiDotNet.csproj::TargetFramework=net462]
C:\Users\cheat\source\repos\worktrees\pr-481-1763014665\src\ReinforcementLearning\Agents\TRPO\TRPOAgent.cs(334,55): error CS1503: Argument 1: cannot convert from 'AiDotNet.LinearAlgebra.Vector<T>' to 'AiDotNet.LinearAlgebra.Tensor<T>' [C:\Users\cheat\source\repos\worktrees\pr-481-1763014665\src\AiDotNet.csproj::TargetFramework=net462]
C:\Users\cheat\source\repos\worktrees\pr-481-1763014665\src\ReinforcementLearning\Agents\TRPO\TRPOAgent.cs(335,61): error CS1503: Argument 1: cannot convert from 'AiDotNet.LinearAlgebra.Vector<T>' to 'AiDotNet.LinearAlgebra.Tensor<T>' [C:\Users\cheat\source\repos\worktrees\pr-481-1763014665\src\AiDotNet.csproj::TargetFramework=net462]
C:\Users\cheat\source\repos\worktrees\pr-481-1763014665\src\ReinforcementLearning\Agents\TRPO\TRPOAgent.cs(338,32): error CS1503: Argument 1: cannot convert from 'AiDotNet.LinearAlgebra.Tensor<T>' to 'AiDotNet.LinearAlgebra.Vector<T>' [C:\Users\cheat\source\repos\worktrees\pr-481-1763014665\src\AiDotNet.csproj::TargetFramework=net462]
C:\Users\cheat\source\repos\worktrees\pr-481-1763014665\src\ReinforcementLearning\Agents\TRPO\TRPOAgent.cs(338,46): error CS1503: Argument 2: cannot convert from 'AiDotNet.LinearAlgebra.Tensor<T>' to 'AiDotNet.LinearAlgebra.Vector<T>' [C:\Users\cheat\source\repos\worktrees\pr-481-1763014665\src\AiDotNet.csproj::TargetFramework=net462]
C:\Users\cheat\source\repos\worktrees\pr-481-1763014665\src\ReinforcementLearning\Agents\TRPO\TRPOAgent.cs(345,62): error CS1503: Argument 1: cannot convert from 'AiDotNet.LinearAlgebra.Tensor<T>' to 'AiDotNet.LinearAlgebra.Vector<T>' [C:\Users\cheat\source\repos\worktrees\pr-481-1763014665\src\AiDotNet.csproj::TargetFramework=net462]
C:\Users\cheat\source\repos\worktrees\pr-481-1763014665\src\ReinforcementLearning\Agents\TRPO\TRPOAgent.cs(345,76): error CS1503: Argument 2: cannot convert from 'AiDotNet.LinearAlgebra.Tensor<T>' to 'AiDotNet.LinearAlgebra.Vector<T>' [C:\Users\cheat\source\repos\worktrees\pr-481-1763014665\src\AiDotNet.csproj::TargetFramework=net462]
C:\Users\cheat\source\repos\worktrees\pr-481-1763014665\src\ReinforcementLearning\Agents\TRPO\TRPOAgent.cs(348,64): error CS1503: Argument 1: cannot convert from 'AiDotNet.LinearAlgebra.Tensor<T>' to 'AiDotNet.LinearAlgebra.Vector<T>' [C:\Users\cheat\source\repos\worktrees\pr-481-1763014665\src\AiDotNet.csproj::TargetFramework=net462]
C:\Users\cheat\source\repos\worktrees\pr-481-1763014665\src\ReinforcementLearning\Agents\TRPO\TRPOAgent.cs(349,32): error CS1061: 'INeuralNetwork<T>' does not contain a definition for 'Backpropagate' and no accessible extension method 'Backpropagate' accepting a first argument of type 'INeuralNetwork<T>' could be found (are you missing a using directive or an assembly reference?) [C:\Users\cheat\source\repos\worktrees\pr-481-1763014665\src\AiDotNet.csproj::TargetFramework=net462]
C:\Users\cheat\source\repos\worktrees\pr-481-1763014665\src\ReinforcementLearning\Agents\TRPO\TRPOAgent.cs(575,25): error CS0029: Cannot implicitly convert type 'string' to 'AiDotNet.Enums.ModelType' [C:\Users\cheat\source\repos\worktrees\pr-481-1763014665\src\AiDotNet.csproj::TargetFramework=net462]
C:\Users\cheat\source\repos\worktrees\pr-481-1763014665\src\ReinforcementLearning\Agents\TRPO\TRPOAgent.cs(674,51): error CS1503: Argument 1: cannot convert from 'AiDotNet.LinearAlgebra.Matrix<T>' to 'AiDotNet.LinearAlgebra.Vector<T>' [C:\Users\cheat\source\repos\worktrees\pr-481-1763014665\src\AiDotNet.csproj::TargetFramework=net462]
C:\Users\cheat\source\repos\worktrees\pr-481-1763014665\src\ReinforcementLearning\Agents\TRPO\TRPOAgent.cs(674,88): error CS1503: Argument 2: cannot convert from 'AiDotNet.LinearAlgebra.Matrix<T>' to 'AiDotNet.LinearAlgebra.Vector<T>' [C:\Users\cheat\source\repos\worktrees\pr-481-1763014665\src\AiDotNet.csproj::TargetFramework=net462]
C:\Users\cheat\source\repos\worktrees\pr-481-1763014665\src\ReinforcementLearning\Agents\TRPO\TRPOAgent.cs(676,67): error CS1503: Argument 1: cannot convert from 'AiDotNet.LinearAlgebra.Matrix<T>' to 'AiDotNet.LinearAlgebra.Vector<T>' [C:\Users\cheat\source\repos\worktrees\pr-481-1763014665\src\AiDotNet.csproj::TargetFramework=net462]
C:\Users\cheat\source\repos\worktrees\pr-481-1763014665\src\ReinforcementLearning\Agents\TRPO\TRPOAgent.cs(676,104): error CS1503: Argument 2: cannot convert from 'AiDotNet.LinearAlgebra.Matrix<T>' to 'AiDotNet.LinearAlgebra.Vector<T>' [C:\Users\cheat\source\repos\worktrees\pr-481-1763014665\src\AiDotNet.csproj::TargetFramework=net462]
C:\Users\cheat\source\repos\worktrees\pr-481-1763014665\src\ReinforcementLearning\Agents\TRPO\TRPOAgent.cs(677,53): error CS1061: 'Vector<T>' does not contain a definition for 'GetRow' and no accessible extension method 'GetRow' accepting a first argument of type 'Vector<T>' could be found (are you missing a using directive or an assembly reference?) [C:\Users\cheat\source\repos\worktrees\pr-481-1763014665\src\AiDotNet.csproj::TargetFramework=net462]
C:\Users\cheat\source\repos\worktrees\pr-481-1763014665\src\ReinforcementLearning\Agents\TRPO\TRPOAgent.cs(683,24): error CS1061: 'INeuralNetwork<T>' does not contain a definition for 'Backpropagate' and no accessible extension method 'Backpropagate' accepting a first argument of type 'INeuralNetwork<T>' could be found (are you missing a using directive or an assembly reference?) [C:\Users\cheat\source\repos\worktrees\pr-481-1763014665\src\AiDotNet.csproj::TargetFramework=net462]
C:\Users\cheat\source\repos\worktrees\pr-481-1763014665\src\ReinforcementLearning\Agents\TRPO\TRPOAgent.cs(684,41): error CS1503: Argument 1: cannot convert from 'T' to 'AiDotNet.LinearAlgebra.Vector<T>' [C:\Users\cheat\source\repos\worktrees\pr-481-1763014665\src\AiDotNet.csproj::TargetFramework=net462]
C:\Users\cheat\source\repos\worktrees\pr-481-1763014665\src\ReinforcementLearning\Agents\TD3\TD3Agent.cs(57,46): error CS1729: 'DeepReinforcementLearningAgentBase<T>' does not contain a constructor that takes 2 arguments [C:\Users\cheat\source\repos\worktrees\pr-481-1763014665\src\AiDotNet.csproj::TargetFramework=net462]
C:\Users\cheat\source\repos\worktrees\pr-481-1763014665\src\ReinforcementLearning\Agents\TD3\TD3Agent.cs(57,12): error CS8618: Non-nullable field '_actorNetwork' must contain a non-null value when exiting constructor. Consider adding the 'required' modifier or declaring the field as nullable. [C:\Users\cheat\source\repos\worktrees\pr-481-1763014665\src\AiDotNet.csproj::TargetFramework=net462]
C:\Users\cheat\source\repos\worktrees\pr-481-1763014665\src\ReinforcementLearning\Agents\TD3\TD3Agent.cs(57,12): error CS8618: Non-nullable field '_targetActorNetwork' must contain a non-null value when exiting constructor. Consider adding the 'required' modifier or declaring the field as nullable. [C:\Users\cheat\source\repos\worktrees\pr-481-1763014665\src\AiDotNet.csproj::TargetFramework=net462]
C:\Users\cheat\source\repos\worktrees\pr-481-1763014665\src\ReinforcementLearning\Agents\TD3\TD3Agent.cs(57,12): error CS8618: Non-nullable field '_critic1Network' must contain a non-null value when exiting constructor. Consider adding the 'required' modifier or declaring the field as nullable. [C:\Users\cheat\source\repos\worktrees\pr-481-1763014665\src\AiDotNet.csproj::TargetFramework=net462]
C:\Users\cheat\source\repos\worktrees\pr-481-1763014665\src\ReinforcementLearning\Agents\TD3\TD3Agent.cs(57,12): error CS8618: Non-nullable field '_critic2Network' must contain a non-null value when exiting constructor. Consider adding the 'required' modifier or declaring the field as nullable. [C:\Users\cheat\source\repos\worktrees\pr-481-1763014665\src\AiDotNet.csproj::TargetFramework=net462]
C:\Users\cheat\source\repos\worktrees\pr-481-1763014665\src\ReinforcementLearning\Agents\TD3\TD3Agent.cs(57,12): error CS8618: Non-nullable field '_targetCritic1Network' must contain a non-null value when exiting constructor. Consider adding the 'required' modifier or declaring the field as nullable. [C:\Users\cheat\source\repos\worktrees\pr-481-1763014665\src\AiDotNet.csproj::TargetFramework=net462]
C:\Users\cheat\source\repos\worktrees\pr-481-1763014665\src\ReinforcementLearning\Agents\TD3\TD3Agent.cs(57,12): error CS8618: Non-nullable field '_targetCritic2Network' must contain a non-null value when exiting constructor. Consider adding the 'required' modifier or declaring the field as nullable. [C:\Users\cheat\source\repos\worktrees\pr-481-1763014665\src\AiDotNet.csproj::TargetFramework=net462]
C:\Users\cheat\source\repos\worktrees\pr-481-1763014665\src\ReinforcementLearning\Agents\TD3\TD3Agent.cs(57,12): error CS8618: Non-nullable field '_replayBuffer' must contain a non-null value when exiting constructor. Consider adding the 'required' modifier or declaring the field as nullable. [C:\Users\cheat\source\repos\worktrees\pr-481-1763014665\src\AiDotNet.csproj::TargetFramework=net462]
C:\Users\cheat\source\repos\worktrees\pr-481-1763014665\src\ReinforcementLearning\Agents\TD3\TD3Agent.cs(88,27): error CS7036: There is no argument given that corresponds to the required parameter 'architecture' of 'NeuralNetwork<T>.NeuralNetwork(NeuralNetworkArchitecture<T>, ILossFunction<T>?)' [C:\Users\cheat\source\repos\worktrees\pr-481-1763014665\src\AiDotNet.csproj::TargetFramework=net462]
C:\Users\cheat\source\repos\worktrees\pr-481-1763014665\src\ReinforcementLearning\Agents\TD3\TD3Agent.cs(93,21): error CS7036: There is no argument given that corresponds to the required parameter 'units' of 'NeuralNetworkBase<T>.AddLayer(LayerType, int, ActivationFunction)' [C:\Users\cheat\source\repos\worktrees\pr-481-1763014665\src\AiDotNet.csproj::TargetFramework=net462]
C:\Users\cheat\source\repos\worktrees\pr-481-1763014665\src\ReinforcementLearning\Agents\TD3\TD3Agent.cs(94,57): error CS0246: The type or namespace name 'ReLU<>' could not be found (are you missing a using directive or an assembly reference?) [C:\Users\cheat\source\repos\worktrees\pr-481-1763014665\src\AiDotNet.csproj::TargetFramework=net462]
C:\Users\cheat\source\repos\worktrees\pr-481-1763014665\src\ReinforcementLearning\Agents\TD3\TD3Agent.cs(94,34): error CS1729: 'ActivationLayer<T>' does not contain a constructor that takes 1 arguments [C:\Users\cheat\source\repos\worktrees\pr-481-1763014665\src\AiDotNet.csproj::TargetFramework=net462]
C:\Users\cheat\source\repos\worktrees\pr-481-1763014665\src\ReinforcementLearning\Agents\TD3\TD3Agent.cs(98,17): error CS7036: There is no argument given that corresponds to the required parameter 'units' of 'NeuralNetworkBase<T>.AddLayer(LayerType, int, ActivationFunction)' [C:\Users\cheat\source\repos\worktrees\pr-481-1763014665\src\AiDotNet.csproj::TargetFramework=net462]
C:\Users\cheat\source\repos\worktrees\pr-481-1763014665\src\ReinforcementLearning\Agents\TD3\TD3Agent.cs(99,53): error CS0246: The type or namespace name 'Tanh<>' could not be found (are you missing a using directive or an assembly reference?) [C:\Users\cheat\source\repos\worktrees\pr-481-1763014665\src\AiDotNet.csproj::TargetFramework=net462]
C:\Users\cheat\source\repos\worktrees\pr-481-1763014665\src\ReinforcementLearning\Agents\TD3\TD3Agent.cs(99,30): error CS1729: 'ActivationLayer<T>' does not contain a constructor that takes 1 arguments [C:\Users\cheat\source\repos\worktrees\pr-481-1763014665\src\AiDotNet.csproj::TargetFramework=net462]
C:\Users\cheat\source\repos\worktrees\pr-481-1763014665\src\ReinforcementLearning\Agents\TD3\TD3Agent.cs(106,27): error CS7036: There is no argument given that corresponds to the required parameter 'architecture' of 'NeuralNetwork<T>.NeuralNetwork(NeuralNetworkArchitecture<T>, ILossFunction<T>?)' [C:\Users\cheat\source\repos\worktrees\pr-481-1763014665\src\AiDotNet.csproj::TargetFramework=net462]
C:\Users\cheat\source\repos\worktrees\pr-481-1763014665\src\ReinforcementLearning\Agents\TD3\TD3Agent.cs(112,21): error CS7036: There is no argument given that corresponds to the required parameter 'units' of 'NeuralNetworkBase<T>.AddLayer(LayerType, int, ActivationFunction)' [C:\Users\cheat\source\repos\worktrees\pr-481-1763014665\src\AiDotNet.csproj::TargetFramework=net462]
C:\Users\cheat\source\repos\worktrees\pr-481-1763014665\src\ReinforcementLearning\Agents\TD3\TD3Agent.cs(113,57): error CS0246: The type or namespace name 'ReLU<>' could not be found (are you missing a using directive or an assembly reference?) [C:\Users\cheat\source\repos\worktrees\pr-481-1763014665\src\AiDotNet.csproj::TargetFramework=net462]
C:\Users\cheat\source\repos\worktrees\pr-481-1763014665\src\ReinforcementLearning\Agents\TD3\TD3Agent.cs(113,34): error CS1729: 'ActivationLayer<T>' does not contain a constructor that takes 1 arguments [C:\Users\cheat\source\repos\worktrees\pr-481-1763014665\src\AiDotNet.csproj::TargetFramework=net462]
C:\Users\cheat\source\repos\worktrees\pr-481-1763014665\src\ReinforcementLearning\Agents\TD3\TD3Agent.cs(117,17): error CS7036: There is no argument given that corresponds to the required parameter 'units' of 'NeuralNetworkBase<T>.AddLayer(LayerType, int, ActivationFunction)' [C:\Users\cheat\source\repos\worktrees\pr-481-1763014665\src\AiDotNet.csproj::TargetFramework=net462]
C:\Users\cheat\source\repos\worktrees\pr-481-1763014665\src\ReinforcementLearning\Agents\TD3\TD3Agent.cs(129,44): error CS1503: Argument 1: cannot convert from 'AiDotNet.LinearAlgebra.Vector<T>' to 'AiDotNet.LinearAlgebra.Tensor<T>' [C:\Users\cheat\source\repos\worktrees\pr-481-1763014665\src\AiDotNet.csproj::TargetFramework=net462]
C:\Users\cheat\source\repos\worktrees\pr-481-1763014665\src\ReinforcementLearning\Agents\TD3\TD3Agent.cs(142,16): error CS0029: Cannot implicitly convert type 'AiDotNet.LinearAlgebra.Tensor<T>' to 'AiDotNet.LinearAlgebra.Vector<T>' [C:\Users\cheat\source\repos\worktrees\pr-481-1763014665\src\AiDotNet.csproj::TargetFramework=net462]
C:\Users\cheat\source\repos\worktrees\pr-481-1763014665\src\ReinforcementLearning\Agents\TD3\TD3Agent.cs(147,23): error CS1501: No overload for method 'Add' takes 5 arguments [C:\Users\cheat\source\repos\worktrees\pr-481-1763014665\src\AiDotNet.csproj::TargetFramework=net462]
C:\Users\cheat\source\repos\worktrees\pr-481-1763014665\src\ReinforcementLearning\Agents\TD3\TD3Agent.cs(161,38): error CS1503: Argument 1: cannot convert from 'System.Collections.Generic.List<AiDotNet.ReinforcementLearning.ReplayBuffers.Experience<T>>' to 'System.Collections.Generic.List<(AiDotNet.LinearAlgebra.Vector<T> state, AiDotNet.LinearAlgebra.Vector<T> action, T reward, AiDotNet.LinearAlgebra.Vector<T> nextState, bool done)>' [C:\Users\cheat\source\repos\worktrees\pr-481-1763014665\src\AiDotNet.csproj::TargetFramework=net462]
C:\Users\cheat\source\repos\worktrees\pr-481-1763014665\src\ReinforcementLearning\Agents\TD3\TD3Agent.cs(166,25): error CS1503: Argument 1: cannot convert from 'System.Collections.Generic.List<AiDotNet.ReinforcementLearning.ReplayBuffers.Experience<T>>' to 'System.Collections.Generic.List<(AiDotNet.LinearAlgebra.Vector<T> state, AiDotNet.LinearAlgebra.Vector<T> action, T reward, AiDotNet.LinearAlgebra.Vector<T> nextState, bool done)>' [C:\Users\cheat\source\repos\worktrees\pr-481-1763014665\src\AiDotNet.csproj::TargetFramework=net462]
C:\Users\cheat\source\repos\worktrees\pr-481-1763014665\src\ReinforcementLearning\Agents\TD3\TD3Agent.cs(184,58): error CS1503: Argument 1: cannot convert from 'AiDotNet.LinearAlgebra.Vector<T>' to 'AiDotNet.LinearAlgebra.Tensor<T>' [C:\Users\cheat\source\repos\worktrees\pr-481-1763014665\src\AiDotNet.csproj::TargetFramework=net462]
C:\Users\cheat\source\repos\worktrees\pr-481-1763014665\src\ReinforcementLearning\Agents\TD3\TD3Agent.cs(196,80): error CS1503: Argument 2: cannot convert from 'AiDotNet.LinearAlgebra.Tensor<T>' to 'AiDotNet.LinearAlgebra.Vector<T>' [C:\Users\cheat\source\repos\worktrees\pr-481-1763014665\src\AiDotNet.csproj::TargetFramework=net462]
C:\Users\cheat\source\repos\worktrees\pr-481-1763014665\src\ReinforcementLearning\Agents\TD3\TD3Agent.cs(199,58): error CS1503: Argument 1: cannot convert from 'AiDotNet.LinearAlgebra.Vector<T>' to 'AiDotNet.LinearAlgebra.Tensor<T>' [C:\Users\cheat\source\repos\worktrees\pr-481-1763014665\src\AiDotNet.csproj::TargetFramework=net462]
C:\Users\cheat\source\repos\worktrees\pr-481-1763014665\src\ReinforcementLearning\Agents\TD3\TD3Agent.cs(200,58): error CS1503: Argument 1: cannot convert from 'AiDotNet.LinearAlgebra.Vector<T>' to 'AiDotNet.LinearAlgebra.Tensor<T>' [C:\Users\cheat\source\repos\worktrees\pr-481-1763014665\src\AiDotNet.csproj::TargetFramework=net462]
C:\Users\cheat\source\repos\worktrees\pr-481-1763014665\src\ReinforcementLearning\Agents\TD3\TD3Agent.cs(207,38): error CS1061: '(Vector<T> state, Vector<T> action, T reward, Vector<T> nextState, bool done)' does not contain a definition for 'Reward' and no accessible extension method 'Reward' accepting a first argument of type '(Vector<T> state, Vector<T> action, T reward, Vector<T> nextState, bool done)' could be found (are you missing a using directive or an assembly reference?) [C:\Users\cheat\source\repos\worktrees\pr-481-1763014665\src\AiDotNet.csproj::TargetFramework=net462]
C:\Users\cheat\source\repos\worktrees\pr-481-1763014665\src\ReinforcementLearning\Agents\TD3\TD3Agent.cs(212,50): error CS1061: '(Vector<T> state, Vector<T> action, T reward, Vector<T> nextState, bool done)' does not contain a definition for 'Reward' and no accessible extension method 'Reward' accepting a first argument of type '(Vector<T> state, Vector<T> action, T reward, Vector<T> nextState, bool done)' could be found (are you missing a using directive or an assembly reference?) [C:\Users\cheat\source\repos\worktrees\pr-481-1763014665\src\AiDotNet.csproj::TargetFramework=net462]
C:\Users\cheat\source\repos\worktrees\pr-481-1763014665\src\ReinforcementLearning\Agents\TD3\TD3Agent.cs(216,83): error CS1061: '(Vector<T> state, Vector<T> action, T reward, Vector<T> nextState, bool done)' does not contain a definition for 'Action' and no accessible extension method 'Action' accepting a first argument of type '(Vector<T> state, Vector<T> action, T reward, Vector<T> nextState, bool done)' could be found (are you missing a using directive or an assembly reference?) [C:\Users\cheat\source\repos\worktrees\pr-481-1763014665\src\AiDotNet.csproj::TargetFramework=net462]
C:\Users\cheat\source\repos\worktrees\pr-481-1763014665\src\ReinforcementLearning\Agents\TD3\TD3Agent.cs(219,51): error CS1503: Argument 1: cannot convert from 'AiDotNet.LinearAlgebra.Vector<T>' to 'AiDotNet.LinearAlgebra.Tensor<T>' [C:\Users\cheat\source\repos\worktrees\pr-481-1763014665\src\AiDotNet.csproj::TargetFramework=net462]
C:\Users\cheat\source\repos\worktrees\pr-481-1763014665\src\ReinforcementLearning\Agents\TD3\TD3Agent.cs(223,43): error CS1503: Argument 1: cannot convert from 'AiDotNet.LinearAlgebra.Vector<T>' to 'AiDotNet.LinearAlgebra.Tensor<T>' [C:\Users\cheat\source\repos\worktrees\pr-481-1763014665\src\AiDotNet.csproj::TargetFramework=net462]
C:\Users\cheat\source\repos\worktrees\pr-481-1763014665\src\ReinforcementLearning\Agents\TD3\TD3Agent.cs(224,46): error CS1503: Argument 1: cannot convert from 'T' to 'AiDotNet.LinearAlgebra.Vector<T>' [C:\Users\cheat\source\repos\worktrees\pr-481-1763014665\src\AiDotNet.csproj::TargetFramework=net462]
C:\Users\cheat\source\repos\worktrees\pr-481-1763014665\src\ReinforcementLearning\Agents\TD3\TD3Agent.cs(227,51): error CS1503: Argument 1: cannot convert from 'AiDotNet.LinearAlgebra.Vector<T>' to 'AiDotNet.LinearAlgebra.Tensor<T>' [C:\Users\cheat\source\repos\worktrees\pr-481-1763014665\src\AiDotNet.csproj::TargetFramework=net462]
C:\Users\cheat\source\repos\worktrees\pr-481-1763014665\src\ReinforcementLearning\Agents\TD3\TD3Agent.cs(231,43): error CS1503: Argument 1: cannot convert from 'AiDotNet.LinearAlgebra.Vector<T>' to 'AiDotNet.LinearAlgebra.Tensor<T>' [C:\Users\cheat\source\repos\worktrees\pr-481-1763014665\src\AiDotNet.csproj::TargetFramework=net462]
C:\Users\cheat\source\repos\worktrees\pr-481-1763014665\src\ReinforcementLearning\Agents\TD3\TD3Agent.cs(232,46): error CS1503: Argument 1: cannot convert from 'T' to 'AiDotNet.LinearAlgebra.Vector<T>' [C:\Users\cheat\source\repos\worktrees\pr-481-1763014665\src\AiDotNet.csproj::TargetFramework=net462]
C:\Users\cheat\source\repos\worktrees\pr-481-1763014665\src\ReinforcementLearning\Agents\TD3\TD3Agent.cs(248,48): error CS1503: Argument 1: cannot convert from 'AiDotNet.LinearAlgebra.Vector<T>' to 'AiDotNet.LinearAlgebra.Tensor<T>' [C:\Users\cheat\source\repos\worktrees\pr-481-1763014665\src\AiDotNet.csproj::TargetFramework=net462]
C:\Users\cheat\source\repos\worktrees\pr-481-1763014665\src\ReinforcementLearning\Agents\TD3\TD3Agent.cs(251,72): error CS1503: Argument 2: cannot convert from 'AiDotNet.LinearAlgebra.Tensor<T>' to 'AiDotNet.LinearAlgebra.Vector<T>' [C:\Users\cheat\source\repos\worktrees\pr-481-1763014665\src\AiDotNet.csproj::TargetFramework=net462]
C:\Users\cheat\source\repos\worktrees\pr-481-1763014665\src\ReinforcementLearning\Agents\TD3\TD3Agent.cs(254,50): error CS1503: Argument 1: cannot convert from 'AiDotNet.LinearAlgebra.Vector<T>' to 'AiDotNet.LinearAlgebra.Tensor<T>' [C:\Users\cheat\source\repos\worktrees\pr-481-1763014665\src\AiDotNet.csproj::TargetFramework=net462]
C:\Users\cheat\source\repos\worktrees\pr-481-1763014665\src\ReinforcementLearning\Agents\TD3\TD3Agent.cs(261,64): error CS1503: Argument 1: cannot convert from 'AiDotNet.LinearAlgebra.Vector<T>' to 'AiDotNet.LinearAlgebra.Tensor<T>' [C:\Users\cheat\source\repos\worktrees\pr-481-1763014665\src\AiDotNet.csproj::TargetFramework=net462]
C:\Users\cheat\source\repos\worktrees\pr-481-1763014665\src\ReinforcementLearning\Agents\TD3\TD3Agent.cs(271,41): error CS1503: Argument 1: cannot convert from 'AiDotNet.LinearAlgebra.Vector<T>' to 'AiDotNet.LinearAlgebra.Tensor<T>' [C:\Users\cheat\source\repos\worktrees\pr-481-1763014665\src\AiDotNet.csproj::TargetFramework=net462]
C:\Users\cheat\source\repos\worktrees\pr-481-1763014665\src\ReinforcementLearning\Agents\TD3\TD3Agent.cs(272,44): error CS1503: Argument 1: cannot convert from 'T' to 'AiDotNet.LinearAlgebra.Vector<T>' [C:\Users\cheat\source\repos\worktrees\pr-481-1763014665\src\AiDotNet.csproj::TargetFramework=net462]
C:\Users\cheat\source\repos\worktrees\pr-481-1763014665\src\ReinforcementLearning\Agents\TD3\TD3Agent.cs(285,35): error CS1061: 'NeuralNetwork<T>' does not contain a definition for 'GetLayers' and no accessible extension method 'GetLayers' accepting a first argument of type 'NeuralNetwork<T>' could be found (are you missing a using directive or an assembly reference?) [C:\Users\cheat\source\repos\worktrees\pr-481-1763014665\src\AiDotNet.csproj::TargetFramework=net462]
C:\Users\cheat\source\repos\worktrees\pr-481-1763014665\src\ReinforcementLearning\Agents\TD3\TD3Agent.cs(286,35): error CS1061: 'NeuralNetwork<T>' does not contain a definition for 'GetLayers' and no accessible extension method 'GetLayers' accepting a first argument of type 'NeuralNetwork<T>' could be found (are you missing a using directive or an assembly reference?) [C:\Users\cheat\source\repos\worktrees\pr-481-1763014665\src\AiDotNet.csproj::TargetFramework=net462]
C:\Users\cheat\source\repos\worktrees\pr-481-1763014665\src\ReinforcementLearning\Agents\TD3\TD3Agent.cs(292,49): error CS1061: 'DenseLayer<T>' does not contain a definition for 'GetWeights' and no accessible extension method 'GetWeights' accepting a first argument of type 'DenseLayer<T>' could be found (are you missing a using directive or an assembly reference?) [C:\Users\cheat\source\repos\worktrees\pr-481-1763014665\src\AiDotNet.csproj::TargetFramework=net462]
C:\Users\cheat\source\repos\worktrees\pr-481-1763014665\src\ReinforcementLearning\Agents\TD3\TD3Agent.cs(293,48): error CS1061: 'DenseLayer<T>' does not contain a definition for 'GetBiases' and no accessible extension method 'GetBiases' accepting a first argument of type 'DenseLayer<T>' could be found (are you missing a using directive or an assembly reference?) [C:\Users\cheat\source\repos\worktrees\pr-481-1763014665\src\AiDotNet.csproj::TargetFramework=net462]
C:\Users\cheat\source\repos\worktrees\pr-481-1763014665\src\ReinforcementLearning\Agents\TD3\TD3Agent.cs(294,49): error CS1061: 'DenseLayer<T>' does not contain a definition for 'GetWeights' and no accessible extension method 'GetWeights' accepting a first argument of type 'DenseLayer<T>' could be found (are you missing a using directive or an assembly reference?) [C:\Users\cheat\source\repos\worktrees\pr-481-1763014665\src\AiDotNet.csproj::TargetFramework=net462]
C:\Users\cheat\source\repos\worktrees\pr-481-1763014665\src\ReinforcementLearning\Agents\TD3\TD3Agent.cs(295,48): error CS1061: 'DenseLayer<T>' does not contain a definition for 'GetBiases' and no accessible extension method 'GetBiases' accepting a first argument of type 'DenseLayer<T>' could be found (are you missing a using directive or an assembly reference?) [C:\Users\cheat\source\repos\worktrees\pr-481-1763014665\src\AiDotNet.csproj::TargetFramework=net462]
C:\Users\cheat\source\repos\worktrees\pr-481-1763014665\src\ReinforcementLearning\Agents\TD3\TD3Agent.cs(310,26): error CS0136: A local or parameter named 'i' cannot be declared in this scope because that name is used in an enclosing local scope to define a local or parameter [C:\Users\cheat\source\repos\worktrees\pr-481-1763014665\src\AiDotNet.csproj::TargetFramework=net462]
C:\Users\cheat\source\repos\worktrees\pr-481-1763014665\src\ReinforcementLearning\Agents\TD3\TD3Agent.cs(318,29): error CS1061: 'DenseLayer<T>' does not contain a definition for 'SetBiases' and no accessible extension method 'SetBiases' accepting a first argument of type 'DenseLayer<T>' could be found (are you missing a using directive or an assembly reference?) [C:\Users\cheat\source\repos\worktrees\pr-481-1763014665\src\AiDotNet.csproj::TargetFramework=net462]
C:\Users\cheat\source\repos\worktrees\pr-481-1763014665\src\ReinforcementLearning\Agents\TD3\TD3Agent.cs(325,35): error CS1061: 'NeuralNetwork<T>' does not contain a definition for 'GetLayers' and no accessible extension method 'GetLayers' accepting a first argument of type 'NeuralNetwork<T>' could be found (are you missing a using directive or an assembly reference?) [C:\Users\cheat\source\repos\worktrees\pr-481-1763014665\src\AiDotNet.csproj::TargetFramework=net462]
C:\Users\cheat\source\repos\worktrees\pr-481-1763014665\src\ReinforcementLearning\Agents\TD3\TD3Agent.cs(326,35): error CS1061: 'NeuralNetwork<T>' does not contain a definition for 'GetLayers' and no accessible extension method 'GetLayers' accepting a first argument of type 'NeuralNetwork<T>' could be found (are you missing a using directive or an assembly reference?) [C:\Users\cheat\source\repos\worktrees\pr-481-1763014665\src\AiDotNet.csproj::TargetFramework=net462]
C:\Users\cheat\source\repos\worktrees\pr-481-1763014665\src\ReinforcementLearning\Agents\TD3\TD3Agent.cs(332,52): error CS1061: 'DenseLayer<T>' does not contain a definition for 'GetWeights' and no accessible extension method 'GetWeights' accepting a first argument of type 'DenseLayer<T>' could be found (are you missing a using directive or an assembly reference?) [C:\Users\cheat\source\repos\worktrees\pr-481-1763014665\src\AiDotNet.csproj::TargetFramework=net462]
C:\Users\cheat\source\repos\worktrees\pr-481-1763014665\src\ReinforcementLearning\Agents\TD3\TD3Agent.cs(333,51): error CS1061: 'DenseLayer<T>' does not contain a definition for 'GetBiases' and no accessible extension method 'GetBiases' accepting a first argument of type 'DenseLayer<T>' could be found (are you missing a using directive or an assembly reference?) [C:\Users\cheat\source\repos\worktrees\pr-481-1763014665\src\AiDotNet.csproj::TargetFramework=net462]
C:\Users\cheat\source\repos\worktrees\pr-481-1763014665\src\ReinforcementLearning\Agents\TD3\TD3Agent.cs(333,29): error CS1061: 'DenseLayer<T>' does not contain a definition for 'SetBiases' and no accessible extension method 'SetBiases' accepting a first argument of type 'DenseLayer<T>' could be found (are you missing a using directive or an assembly reference?) [C:\Users\cheat\source\repos\worktrees\pr-481-1763014665\src\AiDotNet.csproj::TargetFramework=net462]
C:\Users\cheat\source\repos\worktrees\pr-481-1763014665\src\ReinforcementLearning\Agents\TD3\TD3Agent.cs(467,16): error CS0029: Cannot implicitly convert type '(AiDotNet.LinearAlgebra.Vector<T>, T Zero)' to 'AiDotNet.LinearAlgebra.Vector<T>' [C:\Users\cheat\source\repos\worktrees\pr-481-1763014665\src\AiDotNet.csproj::TargetFramework=net462]
C:\Users\cheat\source\repos\worktrees\pr-481-1763014665\src\ReinforcementLearning\Agents\TabularQLearning\TabularQLearningAgent.cs(176,25): error CS0029: Cannot implicitly convert type 'string' to 'AiDotNet.Enums.ModelType' [C:\Users\cheat\source\repos\worktrees\pr-481-1763014665\src\AiDotNet.csproj::TargetFramework=net462]
C:\Users\cheat\source\repos\worktrees\pr-481-1763014665\src\ReinforcementLearning\Agents\SARSA\SARSAAgent.cs(184,25): error CS0029: Cannot implicitly convert type 'string' to 'AiDotNet.Enums.ModelType' [C:\Users\cheat\source\repos\worktrees\pr-481-1763014665\src\AiDotNet.csproj::TargetFramework=net462]
C:\Users\cheat\source\repos\worktrees\pr-481-1763014665\src\ReinforcementLearning\Agents\A2C\A2CAgent.cs(53,32): error CS0246: The type or namespace name 'MeanSquaredError<>' could not be found (are you missing a using directive or an assembly reference?) [C:\Users\cheat\source\repos\worktrees\pr-481-1763014665\src\AiDotNet.csproj::TargetFramework=net462]
C:\Users\cheat\source\repos\worktrees\pr-481-1763014665\src\ReinforcementLearning\Agents\SAC\SACAgent.cs(111,104): error CS0246: The type or namespace name 'LinearActivation<>' could not be found (are you missing a using directive or an assembly reference?) [C:\Users\cheat\source\repos\worktrees\pr-481-1763014665\src\AiDotNet.csproj::TargetFramework=net462]
C:\Users\cheat\source\repos\worktrees\pr-481-1763014665\src\ReinforcementLearning\Agents\SAC\SACAgent.cs(113,32): error CS1729: 'NeuralNetworkArchitecture<T>' does not contain a constructor that takes 0 arguments [C:\Users\cheat\source\repos\worktrees\pr-481-1763014665\src\AiDotNet.csproj::TargetFramework=net462]
C:\Users\cheat\source\repos\worktrees\pr-481-1763014665\src\ReinforcementLearning\Agents\SAC\SACAgent.cs(115,13): error CS0200: Property or indexer 'NeuralNetworkArchitecture<T>.Layers' cannot be assigned to -- it is read only [C:\Users\cheat\source\repos\worktrees\pr-481-1763014665\src\AiDotNet.csproj::TargetFramework=net462]
C:\Users\cheat\source\repos\worktrees\pr-481-1763014665\src\ReinforcementLearning\Agents\SAC\SACAgent.cs(116,13): error CS0200: Property or indexer 'NeuralNetworkArchitecture<T>.TaskType' cannot be assigned to -- it is read only [C:\Users\cheat\source\repos\worktrees\pr-481-1763014665\src\AiDotNet.csproj::TargetFramework=net462]
C:\Users\cheat\source\repos\worktrees\pr-481-1763014665\src\ReinforcementLearning\Agents\SAC\SACAgent.cs(136,79): error CS0246: The type or namespace name 'LinearActivation<>' could not be found (are you missing a using directive or an assembly reference?) [C:\Users\cheat\source\repos\worktrees\pr-481-1763014665\src\AiDotNet.csproj::TargetFramework=net462]
C:\Users\cheat\source\repos\worktrees\pr-481-1763014665\src\ReinforcementLearning\Agents\SAC\SACAgent.cs(138,32): error CS1729: 'NeuralNetworkArchitecture<T>' does not contain a constructor that takes 0 arguments [C:\Users\cheat\source\repos\worktrees\pr-481-1763014665\src\AiDotNet.csproj::TargetFramework=net462]
C:\Users\cheat\source\repos\worktrees\pr-481-1763014665\src\ReinforcementLearning\Agents\SAC\SACAgent.cs(140,13): error CS0200: Property or indexer 'NeuralNetworkArchitecture<T>.Layers' cannot be assigned to -- it is read only [C:\Users\cheat\source\repos\worktrees\pr-481-1763014665\src\AiDotNet.csproj::TargetFramework=net462]
C:\Users\cheat\source\repos\worktrees\pr-481-1763014665\src\ReinforcementLearning\Agents\SAC\SACAgent.cs(141,13): error CS0200: Property or indexer 'NeuralNetworkArchitecture<T>.TaskType' cannot be assigned to -- it is read only [C:\Users\cheat\source\repos\worktrees\pr-481-1763014665\src\AiDotNet.csproj::TargetFramework=net462]
C:\Users\cheat\source\repos\worktrees\pr-481-1763014665\src\ReinforcementLearning\Agents\SAC\SACAgent.cs(150,51): error CS1503: Argument 1: cannot convert from 'AiDotNet.LinearAlgebra.Vector<T>' to 'AiDotNet.LinearAlgebra.Tensor<T>' [C:\Users\cheat\source\repos\worktrees\pr-481-1763014665\src\AiDotNet.csproj::TargetFramework=net462]
C:\Users\cheat\source\repos\worktrees\pr-481-1763014665\src\ReinforcementLearning\Agents\SAC\SACAgent.cs(151,40): error CS1503: Argument 1: cannot convert from 'AiDotNet.LinearAlgebra.Tensor<T>' to 'AiDotNet.LinearAlgebra.Vector<T>' [C:\Users\cheat\source\repos\worktrees\pr-481-1763014665\src\AiDotNet.csproj::TargetFramework=net462]
C:\Users\cheat\source\repos\worktrees\pr-481-1763014665\src\ReinforcementLearning\Agents\A3C\A3CAgent.cs(48,12): error CS8618: Non-nullable field '_globalPolicyNetwork' must contain a non-null value when exiting constructor. Consider adding the 'required' modifier or declaring the field as nullable. [C:\Users\cheat\source\repos\worktrees\pr-481-1763014665\src\AiDotNet.csproj::TargetFramework=net462]
C:\Users\cheat\source\repos\worktrees\pr-481-1763014665\src\ReinforcementLearning\Agents\A3C\A3CAgent.cs(48,12): error CS8618: Non-nullable field '_globalValueNetwork' must contain a non-null value when exiting constructor. Consider adding the 'required' modifier or declaring the field as nullable. [C:\Users\cheat\source\repos\worktrees\pr-481-1763014665\src\AiDotNet.csproj::TargetFramework=net462]
C:\Users\cheat\source\repos\worktrees\pr-481-1763014665\src\ReinforcementLearning\Agents\A3C\A3CAgent.cs(78,32): error CS1729: 'NeuralNetworkArchitecture<T>' does not contain a constructor that takes 0 arguments [C:\Users\cheat\source\repos\worktrees\pr-481-1763014665\src\AiDotNet.csproj::TargetFramework=net462]
C:\Users\cheat\source\repos\worktrees\pr-481-1763014665\src\ReinforcementLearning\Agents\A3C\A3CAgent.cs(80,13): error CS0200: Property or indexer 'NeuralNetworkArchitecture<T>.TaskType' cannot be assigned to -- it is read only [C:\Users\cheat\source\repos\worktrees\pr-481-1763014665\src\AiDotNet.csproj::TargetFramework=net462]
C:\Users\cheat\source\repos\worktrees\pr-481-1763014665\src\ReinforcementLearning\Agents\A3C\A3CAgent.cs(98,32): error CS1061: 'DenseLayer<T>' does not contain a definition for 'GetWeights' and no accessible extension method 'GetWeights' accepting a first argument of type 'DenseLayer<T>' could be found (are you missing a using directive or an assembly reference?) [C:\Users\cheat\source\repos\worktrees\pr-481-1763014665\src\AiDotNet.csproj::TargetFramework=net462]
C:\Users\cheat\source\repos\worktrees\pr-481-1763014665\src\ReinforcementLearning\Agents\A3C\A3CAgent.cs(105,9): error CS0200: Property or indexer 'NeuralNetworkArchitecture<T>.Layers' cannot be assigned to -- it is read only [C:\Users\cheat\source\repos\worktrees\pr-481-1763014665\src\AiDotNet.csproj::TargetFramework=net462]
C:\Users\cheat\source\repos\worktrees\pr-481-1763014665\src\ReinforcementLearning\Agents\A3C\A3CAgent.cs(111,32): error CS1729: 'NeuralNetworkArchitecture<T>' does not contain a constructor that takes 0 arguments [C:\Users\cheat\source\repos\worktrees\pr-481-1763014665\src\AiDotNet.csproj::TargetFramework=net462]
C:\Users\cheat\source\repos\worktrees\pr-481-1763014665\src\ReinforcementLearning\Agents\A3C\A3CAgent.cs(113,13): error CS0200: Property or indexer 'NeuralNetworkArchitecture<T>.TaskType' cannot be assigned to -- it is read only [C:\Users\cheat\source\repos\worktrees\pr-481-1763014665\src\AiDotNet.csproj::TargetFramework=net462]
C:\Users\cheat\source\repos\worktrees\pr-481-1763014665\src\ReinforcementLearning\Agents\A3C\A3CAgent.cs(123,9): error CS0200: Property or indexer 'NeuralNetworkArchitecture<T>.Layers' cannot be assigned to -- it is read only [C:\Users\cheat\source\repos\worktrees\pr-481-1763014665\src\AiDotNet.csproj::TargetFramework=net462]
C:\Users\cheat\source\repos\worktrees\pr-481-1763014665\src\ReinforcementLearning\Agents\A2C\A2CAgent.cs(79,88): error CS0246: The type or namespace name 'LinearActivation<>' could not be found (are you missing a using directive or an assembly reference?) [C:\Users\cheat\source\repos\worktrees\pr-481-1763014665\src\AiDotNet.csproj::TargetFramework=net462]
C:\Users\cheat\source\repos\worktrees\pr-481-1763014665\src\ReinforcementLearning\Agents\A2C\A2CAgent.cs(81,41): error CS1729: 'NeuralNetworkArchitecture<T>' does not contain a constructor that takes 0 arguments [C:\Users\cheat\source\repos\worktrees\pr-481-1763014665\src\AiDotNet.csproj::TargetFramework=net462]
C:\Users\cheat\source\repos\worktrees\pr-481-1763014665\src\ReinforcementLearning\Agents\A2C\A2CAgent.cs(83,13): error CS0200: Property or indexer 'NeuralNetworkArchitecture<T>.Layers' cannot be assigned to -- it is read only [C:\Users\cheat\source\repos\worktrees\pr-481-1763014665\src\AiDotNet.csproj::TargetFramework=net462]
C:\Users\cheat\source\repos\worktrees\pr-481-1763014665\src\ReinforcementLearning\Agents\A2C\A2CAgent.cs(84,13): error CS0200: Property or indexer 'NeuralNetworkArchitecture<T>.TaskType' cannot be assigned to -- it is read only [C:\Users\cheat\source\repos\worktrees\pr-481-1763014665\src\AiDotNet.csproj::TargetFramework=net462]
C:\Users\cheat\source\repos\worktrees\pr-481-1763014665\src\ReinforcementLearning\Agents\A2C\A2CAgent.cs(99,79): error CS0246: The type or namespace name 'LinearActivation<>' could not be found (are you missing a using directive or an assembly reference?) [C:\Users\cheat\source\repos\worktrees\pr-481-1763014665\src\AiDotNet.csproj::TargetFramework=net462]
C:\Users\cheat\source\repos\worktrees\pr-481-1763014665\src\ReinforcementLearning\Agents\A2C\A2CAgent.cs(101,41): error CS1729: 'NeuralNetworkArchitecture<T>' does not contain a constructor that takes 0 arguments [C:\Users\cheat\source\repos\worktrees\pr-481-1763014665\src\AiDotNet.csproj::TargetFramework=net462]
C:\Users\cheat\source\repos\worktrees\pr-481-1763014665\src\ReinforcementLearning\Agents\A2C\A2CAgent.cs(103,13): error CS0200: Property or indexer 'NeuralNetworkArchitecture<T>.Layers' cannot be assigned to -- it is read only [C:\Users\cheat\source\repos\worktrees\pr-481-1763014665\src\AiDotNet.csproj::TargetFramework=net462]
C:\Users\cheat\source\repos\worktrees\pr-481-1763014665\src\ReinforcementLearning\Agents\A2C\A2CAgent.cs(104,13): error CS0200: Property or indexer 'NeuralNetworkArchitecture<T>.TaskType' cannot be assigned to -- it is read only [C:\Users\cheat\source\repos\worktrees\pr-481-1763014665\src\AiDotNet.csproj::TargetFramework=net462]
C:\Users\cheat\source\repos\worktrees\pr-481-1763014665\src\ReinforcementLearning\Agents\A2C\A2CAgent.cs(111,51): error CS1503: Argument 1: cannot convert from 'AiDotNet.LinearAlgebra.Vector<T>' to 'AiDotNet.LinearAlgebra.Tensor<T>' [C:\Users\cheat\source\repos\worktrees\pr-481-1763014665\src\AiDotNet.csproj::TargetFramework=net462]
C:\Users\cheat\source\repos\worktrees\pr-481-1763014665\src\ReinforcementLearning\Agents\A2C\A2CAgent.cs(115,43): error CS1503: Argument 1: cannot convert from 'AiDotNet.LinearAlgebra.Tensor<T>' to 'AiDotNet.LinearAlgebra.Vector<T>' [C:\Users\cheat\source\repos\worktrees\pr-481-1763014665\src\AiDotNet.csproj::TargetFramework=net462]
C:\Users\cheat\source\repos\worktrees\pr-481-1763014665\src\ReinforcementLearning\Agents\A2C\A2CAgent.cs(119,41): error CS1503: Argument 1: cannot convert from 'AiDotNet.LinearAlgebra.Tensor<T>' to 'AiDotNet.LinearAlgebra.Vector<T>' [C:\Users\cheat\source\repos\worktrees\pr-481-1763014665\src\AiDotNet.csproj::TargetFramework=net462]
C:\Users\cheat\source\repos\worktrees\pr-481-1763014665\src\ReinforcementLearning\Agents\A3C\A3CAgent.cs(133,57): error CS1503: Argument 1: cannot convert from 'AiDotNet.LinearAlgebra.Vector<T>' to 'AiDotNet.LinearAlgebra.Tensor<T>' [C:\Users\cheat\source\repos\worktrees\pr-481-1763014665\src\AiDotNet.csproj::TargetFramework=net462]
C:\Users\cheat\source\repos\worktrees\pr-481-1763014665\src\ReinforcementLearning\Agents\A2C\A2CAgent.cs(161,43): error CS1503: Argument 1: cannot convert from 'AiDotNet.LinearAlgebra.Vector<T>' to 'AiDotNet.LinearAlgebra.Tensor<T>' [C:\Users\cheat\source\repos\worktrees\pr-481-1763014665\src\AiDotNet.csproj::TargetFramework=net462]
C:\Users\cheat\source\repos\worktrees\pr-481-1763014665\src\ReinforcementLearning\Agents\A3C\A3CAgent.cs(252,40): error CS1061: 'INeuralNetwork<T>' does not contain a definition for 'Forward' and no accessible extension method 'Forward' accepting a first argument of type 'INeuralNetwork<T>' could be found (are you missing a using directive or an assembly reference?) [C:\Users\cheat\source\repos\worktrees\pr-481-1763014665\src\AiDotNet.csproj::TargetFramework=net462]
C:\Users\cheat\source\repos\worktrees\pr-481-1763014665\src\ReinforcementLearning\Agents\A3C\A3CAgent.cs(255,32): error CS1503: Argument 1: cannot convert from '(AiDotNet.LinearAlgebra.Vector<T>, AiDotNet.LinearAlgebra.Vector<T>, T, bool, ?)' to '(AiDotNet.LinearAlgebra.Vector<T> state, AiDotNet.LinearAlgebra.Vector<T> action, T reward, bool done, T value)' [C:\Users\cheat\source\repos\worktrees\pr-481-1763014665\src\AiDotNet.csproj::TargetFramework=net462]
C:\Users\cheat\source\repos\worktrees\pr-481-1763014665\src\ReinforcementLearning\Agents\A2C\A2CAgent.cs(168,51): error CS1503: Argument 1: cannot convert from 'AiDotNet.LinearAlgebra.Vector<T>' to 'AiDotNet.LinearAlgebra.Tensor<T>' [C:\Users\cheat\source\repos\worktrees\pr-481-1763014665\src\AiDotNet.csproj::TargetFramework=net462]
C:\Users\cheat\source\repos\worktrees\pr-481-1763014665\src\ReinforcementLearning\Agents\A2C\A2CAgent.cs(193,33): error CS1503: Argument 1: cannot convert from 'AiDotNet.LinearAlgebra.Tensor<T>' to 'AiDotNet.LinearAlgebra.Vector<T>' [C:\Users\cheat\source\repos\worktrees\pr-481-1763014665\src\AiDotNet.csproj::TargetFramework=net462]
C:\Users\cheat\source\repos\worktrees\pr-481-1763014665\src\ReinforcementLearning\Agents\A3C\A3CAgent.cs(280,35): error CS1061: 'INeuralNetwork<T>' does not contain a definition for 'Forward' and no accessible extension method 'Forward' accepting a first argument of type 'INeuralNetwork<T>' could be found (are you missing a using directive or an assembly reference?) [C:\Users\cheat\source\repos\worktrees\pr-481-1763014665\src\AiDotNet.csproj::TargetFramework=net462]
C:\Users\cheat\source\repos\worktrees\pr-481-1763014665\src\ReinforcementLearning\Agents\A3C\A3CAgent.cs(294,38): error CS1061: 'INeuralNetwork<T>' does not contain a definition for 'Forward' and no accessible extension method 'Forward' accepting a first argument of type 'INeuralNetwork<T>' could be found (are you missing a using directive or an assembly reference?) [C:\Users\cheat\source\repos\worktrees\pr-481-1763014665\src\AiDotNet.csproj::TargetFramework=net462]
C:\Users\cheat\source\repos\worktrees\pr-481-1763014665\src\ReinforcementLearning\Agents\A2C\A2CAgent.cs(231,56): error CS1503: Argument 1: cannot convert from 'AiDotNet.LinearAlgebra.Vector<T>' to 'AiDotNet.LinearAlgebra.Tensor<T>' [C:\Users\cheat\source\repos\worktrees\pr-481-1763014665\src\AiDotNet.csproj::TargetFramework=net462]
C:\Users\cheat\source\repos\worktrees\pr-481-1763014665\src\ReinforcementLearning\Agents\A2C\A2CAgent.cs(264,55): error CS1503: Argument 1: cannot convert from 'AiDotNet.LinearAlgebra.Vector<T>' to 'AiDotNet.LinearAlgebra.Tensor<T>' [C:\Users\cheat\source\repos\worktrees\pr-481-1763014665\src\AiDotNet.csproj::TargetFramework=net462]
C:\Users\cheat\source\repos\worktrees\pr-481-1763014665\src\ReinforcementLearning\Agents\A2C\A2CAgent.cs(265,62): error CS1503: Argument 1: cannot convert from 'AiDotNet.LinearAlgebra.Tensor<T>' to 'AiDotNet.LinearAlgebra.Vector<T>' [C:\Users\cheat\source\repos\worktrees\pr-481-1763014665\src\AiDotNet.csproj::TargetFramework=net462]
C:\Users\cheat\source\repos\worktrees\pr-481-1763014665\src\ReinforcementLearning\Agents\A2C\A2CAgent.cs(266,42): error CS1503: Argument 1: cannot convert from 'AiDotNet.LinearAlgebra.Vector<T>' to 'AiDotNet.LinearAlgebra.Tensor<T>' [C:\Users\cheat\source\repos\worktrees\pr-481-1763014665\src\AiDotNet.csproj::TargetFramework=net462]
C:\Users\cheat\source\repos\worktrees\pr-481-1763014665\src\ReinforcementLearning\Agents\A2C\A2CAgent.cs(269,56): error CS1503: Argument 1: cannot convert from 'AiDotNet.LinearAlgebra.Vector<T>' to 'AiDotNet.LinearAlgebra.Tensor<T>' [C:\Users\cheat\source\repos\worktrees\pr-481-1763014665\src\AiDotNet.csproj::TargetFramework=net462]
C:\Users\cheat\source\repos\worktrees\pr-481-1763014665\src\ReinforcementLearning\Agents\A2C\A2CAgent.cs(275,41): error CS1503: Argument 1: cannot convert from 'AiDotNet.LinearAlgebra.Vector<T>' to 'AiDotNet.LinearAlgebra.Tensor<T>' [C:\Users\cheat\source\repos\worktrees\pr-481-1763014665\src\AiDotNet.csproj::TargetFramework=net462]
C:\Users\cheat\source\repos\worktrees\pr-481-1763014665\src\ReinforcementLearning\Agents\A3C\A3CAgent.cs(358,44): error CS1061: 'INeuralNetwork<T>' does not contain a definition for 'Forward' and no accessible extension method 'Forward' accepting a first argument of type 'INeuralNetwork<T>' could be found (are you missing a using directive or an assembly reference?) [C:\Users\cheat\source\repos\worktrees\pr-481-1763014665\src\AiDotNet.csproj::TargetFramework=net462]
C:\Users\cheat\source\repos\worktrees\pr-481-1763014665\src\ReinforcementLearning\Agents\A3C\A3CAgent.cs(360,25): error CS1061: 'INeuralNetwork<T>' does not contain a definition for 'Backpropagate' and no accessible extension method 'Backpropagate' accepting a first argument of type 'INeuralNetwork<T>' could be found (are you missing a using directive or an assembly reference?) [C:\Users\cheat\source\repos\worktrees\pr-481-1763014665\src\AiDotNet.csproj::TargetFramework=net462]
C:\Users\cheat\source\repos\worktrees\pr-481-1763014665\src\ReinforcementLearning\Agents\A3C\A3CAgent.cs(363,45): error CS1061: 'INeuralNetwork<T>' does not contain a definition for 'Forward' and no accessible extension method 'Forward' accepting a first argument of type 'INeuralNetwork<T>' could be found (are you missing a using directive or an assembly reference?) [C:\Users\cheat\source\repos\worktrees\pr-481-1763014665\src\AiDotNet.csproj::TargetFramework=net462]
C:\Users\cheat\source\repos\worktrees\pr-481-1763014665\src\ReinforcementLearning\Agents\A3C\A3CAgent.cs(369,24): error CS1061: 'INeuralNetwork<T>' does not contain a definition for 'Backpropagate' and no accessible extension method 'Backpropagate' accepting a first argument of type 'INeuralNetwork<T>' could be found (are you missing a using directive or an assembly reference?) [C:\Users\cheat\source\repos\worktrees\pr-481-1763014665\src\AiDotNet.csproj::TargetFramework=net462]
C:\Users\cheat\source\repos\worktrees\pr-481-1763014665\src\ReinforcementLearning\Agents\A3C\A3CAgent.cs(373,33): error CS0103: The name '_policyNetwork' does not exist in the current context [C:\Users\cheat\source\repos\worktrees\pr-481-1763014665\src\AiDotNet.csproj::TargetFramework=net462]
C:\Users\cheat\source\repos\worktrees\pr-481-1763014665\src\ReinforcementLearning\Agents\A3C\A3CAgent.cs(373,62): error CS0103: The name '_a3cOptions' does not exist in the current context [C:\Users\cheat\source\repos\worktrees\pr-481-1763014665\src\AiDotNet.csproj::TargetFramework=net462]
C:\Users\cheat\source\repos\worktrees\pr-481-1763014665\src\ReinforcementLearning\Agents\A3C\A3CAgent.cs(374,33): error CS0103: The name '_valueNetwork' does not exist in the current context [C:\Users\cheat\source\repos\worktrees\pr-481-1763014665\src\AiDotNet.csproj::TargetFramework=net462]
C:\Users\cheat\source\repos\worktrees\pr-481-1763014665\src\ReinforcementLearning\Agents\A3C\A3CAgent.cs(374,60): error CS0103: The name '_a3cOptions' does not exist in the current context [C:\Users\cheat\source\repos\worktrees\pr-481-1763014665\src\AiDotNet.csproj::TargetFramework=net462]
C:\Users\cheat\source\repos\worktrees\pr-481-1763014665\src\ReinforcementLearning\Agents\A2C\A2CAgent.cs(336,36): error CS1061: 'NeuralNetwork<T>' does not contain a definition for 'GetFlattenedGradients' and no accessible extension method 'GetFlattenedGradients' accepting a first argument of type 'NeuralNetwork<T>' could be found (are you missing a using directive or an assembly reference?) [C:\Users\cheat\source\repos\worktrees\pr-481-1763014665\src\AiDotNet.csproj::TargetFramework=net462]
C:\Users\cheat\source\repos\worktrees\pr-481-1763014665\src\ReinforcementLearning\Agents\SAC\SACAgent.cs(258,59): error CS1503: Argument 1: cannot convert from 'AiDotNet.LinearAlgebra.Vector<T>' to 'AiDotNet.LinearAlgebra.Tensor<T>' [C:\Users\cheat\source\repos\worktrees\pr-481-1763014665\src\AiDotNet.csproj::TargetFramework=net462]
C:\Users\cheat\source\repos\worktrees\pr-481-1763014665\src\ReinforcementLearning\Agents\SAC\SACAgent.cs(259,58): error CS1503: Argument 1: cannot convert from 'AiDotNet.LinearAlgebra.Tensor<T>' to 'AiDotNet.LinearAlgebra.Vector<T>' [C:\Users\cheat\source\repos\worktrees\pr-481-1763014665\src\AiDotNet.csproj::TargetFramework=net462]
C:\Users\cheat\source\repos\worktrees\pr-481-1763014665\src\ReinforcementLearning\Agents\SAC\SACAgent.cs(265,53): error CS1503: Argument 1: cannot convert from 'AiDotNet.LinearAlgebra.Vector<T>' to 'AiDotNet.LinearAlgebra.Tensor<T>' [C:\Users\cheat\source\repos\worktrees\pr-481-1763014665\src\AiDotNet.csproj::TargetFramework=net462]
C:\Users\cheat\source\repos\worktrees\pr-481-1763014665\src\ReinforcementLearning\Agents\SAC\SACAgent.cs(266,53): error CS1503: Argument 1: cannot convert from 'AiDotNet.LinearAlgebra.Vector<T>' to 'AiDotNet.LinearAlgebra.Tensor<T>' [C:\Users\cheat\source\repos\worktrees\pr-481-1763014665\src\AiDotNet.csproj::TargetFramework=net462]
C:\Users\cheat\source\repos\worktrees\pr-481-1763014665\src\ReinforcementLearning\Agents\SAC\SACAgent.cs(289,45): error CS1503: Argument 1: cannot convert from 'AiDotNet.LinearAlgebra.Vector<T>' to 'AiDotNet.LinearAlgebra.Tensor<T>' [C:\Users\cheat\source\repos\worktrees\pr-481-1763014665\src\AiDotNet.csproj::TargetFramework=net462]
C:\Users\cheat\source\repos\worktrees\pr-481-1763014665\src\ReinforcementLearning\Agents\SAC\SACAgent.cs(295,45): error CS1503: Argument 1: cannot convert from 'AiDotNet.LinearAlgebra.Vector<T>' to 'AiDotNet.LinearAlgebra.Tensor<T>' [C:\Users\cheat\source\repos\worktrees\pr-481-1763014665\src\AiDotNet.csproj::TargetFramework=net462]
C:\Users\cheat\source\repos\worktrees\pr-481-1763014665\src\ReinforcementLearning\Agents\SAC\SACAgent.cs(302,52): error CS1061: 'ILossFunction<T>' does not contain a definition for 'ComputeGradient' and no accessible extension method 'ComputeGradient' accepting a first argument of type 'ILossFunction<T>' could be found (are you missing a using directive or an assembly reference?) [C:\Users\cheat\source\repos\worktrees\pr-481-1763014665\src\AiDotNet.csproj::TargetFramework=net462]
C:\Users\cheat\source\repos\worktrees\pr-481-1763014665\src\ReinforcementLearning\Agents\SAC\SACAgent.cs(306,52): error CS1061: 'ILossFunction<T>' does not contain a definition for 'ComputeGradient' and no accessible extension method 'ComputeGradient' accepting a first argument of type 'ILossFunction<T>' could be found (are you missing a using directive or an assembly reference?) [C:\Users\cheat\source\repos\worktrees\pr-481-1763014665\src\AiDotNet.csproj::TargetFramework=net462]
C:\Users\cheat\source\repos\worktrees\pr-481-1763014665\src\ReinforcementLearning\Agents\A2C\A2CAgent.cs(350,35): error CS1061: 'NeuralNetwork<T>' does not contain a definition for 'GetFlattenedGradients' and no accessible extension method 'GetFlattenedGradients' accepting a first argument of type 'NeuralNetwork<T>' could be found (are you missing a using directive or an assembly reference?) [C:\Users\cheat\source\repos\worktrees\pr-481-1763014665\src\AiDotNet.csproj::TargetFramework=net462]
C:\Users\cheat\source\repos\worktrees\pr-481-1763014665\src\ReinforcementLearning\Agents\A2C\A2CAgent.cs(363,51): error CS1503: Argument 1: cannot convert from 'AiDotNet.LinearAlgebra.Vector<T>' to 'AiDotNet.LinearAlgebra.Tensor<T>' [C:\Users\cheat\source\repos\worktrees\pr-481-1763014665\src\AiDotNet.csproj::TargetFramework=net462]
C:\Users\cheat\source\repos\worktrees\pr-481-1763014665\src\ReinforcementLearning\Agents\A2C\A2CAgent.cs(379,33): error CS1503: Argument 1: cannot convert from 'AiDotNet.LinearAlgebra.Tensor<T>' to 'AiDotNet.LinearAlgebra.Vector<T>' [C:\Users\cheat\source\repos\worktrees\pr-481-1763014665\src\AiDotNet.csproj::TargetFramework=net462]
C:\Users\cheat\source\repos\worktrees\pr-481-1763014665\src\ReinforcementLearning\Agents\SAC\SACAgent.cs(324,55): error CS1503: Argument 1: cannot convert from 'AiDotNet.LinearAlgebra.Vector<T>' to 'AiDotNet.LinearAlgebra.Tensor<T>' [C:\Users\cheat\source\repos\worktrees\pr-481-1763014665\src\AiDotNet.csproj::TargetFramework=net462]
C:\Users\cheat\source\repos\worktrees\pr-481-1763014665\src\ReinforcementLearning\Agents\SAC\SACAgent.cs(325,50): error CS1503: Argument 1: cannot convert from 'AiDotNet.LinearAlgebra.Tensor<T>' to 'AiDotNet.LinearAlgebra.Vector<T>' [C:\Users\cheat\source\repos\worktrees\pr-481-1763014665\src\AiDotNet.csproj::TargetFramework=net462]
C:\Users\cheat\source\repos\worktrees\pr-481-1763014665\src\ReinforcementLearning\Agents\SAC\SACAgent.cs(329,41): error CS1503: Argument 1: cannot convert from 'AiDotNet.LinearAlgebra.Vector<T>' to 'AiDotNet.LinearAlgebra.Tensor<T>' [C:\Users\cheat\source\repos\worktrees\pr-481-1763014665\src\AiDotNet.csproj::TargetFramework=net462]
C:\Users\cheat\source\repos\worktrees\pr-481-1763014665\src\ReinforcementLearning\Agents\SAC\SACAgent.cs(330,41): error CS1503: Argument 1: cannot convert from 'AiDotNet.LinearAlgebra.Vector<T>' to 'AiDotNet.LinearAlgebra.Tensor<T>' [C:\Users\cheat\source\repos\worktrees\pr-481-1763014665\src\AiDotNet.csproj::TargetFramework=net462]
C:\Users\cheat\source\repos\worktrees\pr-481-1763014665\src\ReinforcementLearning\Agents\SAC\SACAgent.cs(345,17): error CS1503: Argument 1: cannot convert from 'AiDotNet.LinearAlgebra.Tensor<T>' to 'AiDotNet.LinearAlgebra.Vector<T>' [C:\Users\cheat\source\repos\worktrees\pr-481-1763014665\src\AiDotNet.csproj::TargetFramework=net462]
C:\Users\cheat\source\repos\worktrees\pr-481-1763014665\src\ReinforcementLearning\Agents\SAC\SACAgent.cs(347,42): error CS1503: Argument 1: cannot convert from 'AiDotNet.LinearAlgebra.Vector<T>' to 'AiDotNet.LinearAlgebra.Tensor<T>' [C:\Users\cheat\source\repos\worktrees\pr-481-1763014665\src\AiDotNet.csproj::TargetFramework=net462]
C:\Users\cheat\source\repos\worktrees\pr-481-1763014665\src\ReinforcementLearning\Agents\AdvancedRL\TabularActorCriticAgent.cs(170,37): error CS1503: Argument 1: cannot convert from 'AiDotNet.LinearAlgebra.Matrix<T>' to 'AiDotNet.LinearAlgebra.Vector<T>' [C:\Users\cheat\source\repos\worktrees\pr-481-1763014665\src\AiDotNet.csproj::TargetFramework=net462]
C:\Users\cheat\source\repos\worktrees\pr-481-1763014665\src\ReinforcementLearning\Agents\AdvancedRL\TabularActorCriticAgent.cs(170,68): error CS1503: Argument 2: cannot convert from 'AiDotNet.LinearAlgebra.Matrix<T>' to 'AiDotNet.LinearAlgebra.Vector<T>' [C:\Users\cheat\source\repos\worktrees\pr-481-1763014665\src\AiDotNet.csproj::TargetFramework=net462]
C:\Users\cheat\source\repos\worktrees\pr-481-1763014665\src\ReinforcementLearning\Agents\AdvancedRL\TabularActorCriticAgent.cs(171,43): error CS1503: Argument 1: cannot convert from 'AiDotNet.LinearAlgebra.Matrix<T>' to 'AiDotNet.LinearAlgebra.Vector<T>' [C:\Users\cheat\source\repos\worktrees\pr-481-1763014665\src\AiDotNet.csproj::TargetFramework=net462]
C:\Users\cheat\source\repos\worktrees\pr-481-1763014665\src\ReinforcementLearning\Agents\AdvancedRL\TabularActorCriticAgent.cs(171,74): error CS1503: Argument 2: cannot convert from 'AiDotNet.LinearAlgebra.Matrix<T>' to 'AiDotNet.LinearAlgebra.Vector<T>' [C:\Users\cheat\source\repos\worktrees\pr-481-1763014665\src\AiDotNet.csproj::TargetFramework=net462]
C:\Users\cheat\source\repos\worktrees\pr-481-1763014665\src\ReinforcementLearning\Agents\AdvancedRL\LinearQLearningAgent.cs(189,37): error CS1503: Argument 1: cannot convert from 'AiDotNet.LinearAlgebra.Matrix<T>' to 'AiDotNet.LinearAlgebra.Vector<T>' [C:\Users\cheat\source\repos\worktrees\pr-481-1763014665\src\AiDotNet.csproj::TargetFramework=net462]
C:\Users\cheat\source\repos\worktrees\pr-481-1763014665\src\ReinforcementLearning\Agents\AdvancedRL\LinearQLearningAgent.cs(189,68): error CS1503: Argument 2: cannot convert from 'AiDotNet.LinearAlgebra.Matrix<T>' to 'AiDotNet.LinearAlgebra.Vector<T>' [C:\Users\cheat\source\repos\worktrees\pr-481-1763014665\src\AiDotNet.csproj::TargetFramework=net462]
C:\Users\cheat\source\repos\worktrees\pr-481-1763014665\src\ReinforcementLearning\Agents\AdvancedRL\LinearQLearningAgent.cs(190,43): error CS1503: Argument 1: cannot convert from 'AiDotNet.LinearAlgebra.Matrix<T>' to 'AiDotNet.LinearAlgebra.Vector<T>' [C:\Users\cheat\source\repos\worktrees\pr-481-1763014665\src\AiDotNet.csproj::TargetFramework=net462]
C:\Users\cheat\source\repos\worktrees\pr-481-1763014665\src\ReinforcementLearning\Agents\AdvancedRL\LinearQLearningAgent.cs(190,74): error CS1503: Argument 2: cannot convert from 'AiDotNet.LinearAlgebra.Matrix<T>' to 'AiDotNet.LinearAlgebra.Vector<T>' [C:\Users\cheat\source\repos\worktrees\pr-481-1763014665\src\AiDotNet.csproj::TargetFramework=net462]
C:\Users\cheat\source\repos\worktrees\pr-481-1763014665\src\ReinforcementLearning\Agents\SAC\SACAgent.cs(424,55): error CS1503: Argument 1: cannot convert from 'AiDotNet.LinearAlgebra.Vector<T>' to 'AiDotNet.LinearAlgebra.Tensor<T>' [C:\Users\cheat\source\repos\worktrees\pr-481-1763014665\src\AiDotNet.csproj::TargetFramework=net462]
C:\Users\cheat\source\repos\worktrees\pr-481-1763014665\src\ReinforcementLearning\Agents\SAC\SACAgent.cs(425,45): error CS1503: Argument 1: cannot convert from 'AiDotNet.LinearAlgebra.Tensor<T>' to 'AiDotNet.LinearAlgebra.Vector<T>' [C:\Users\cheat\source\repos\worktrees\pr-481-1763014665\src\AiDotNet.csproj::TargetFramework=net462]
C:\Users\cheat\source\repos\worktrees\pr-481-1763014665\src\ReinforcementLearning\Agents\SAC\SACAgent.cs(471,29): error CS1061: 'NeuralNetwork<T>' does not contain a definition for 'GetFlattenedGradients' and no accessible extension method 'GetFlattenedGradients' accepting a first argument of type 'NeuralNetwork<T>' could be found (are you missing a using directive or an assembly reference?) [C:\Users\cheat\source\repos\worktrees\pr-481-1763014665\src\AiDotNet.csproj::TargetFramework=net462]
C:\Users\cheat\source\repos\worktrees\pr-481-1763014665\src\ReinforcementLearning\Agents\CQL\CQLAgent.cs(55,46): error CS1729: 'DeepReinforcementLearningAgentBase<T>' does not contain a constructor that takes 2 arguments [C:\Users\cheat\source\repos\worktrees\pr-481-1763014665\src\AiDotNet.csproj::TargetFramework=net462]
C:\Users\cheat\source\repos\worktrees\pr-481-1763014665\src\ReinforcementLearning\Agents\CQL\CQLAgent.cs(55,12): error CS8618: Non-nullable field '_policyNetwork' must contain a non-null value when exiting constructor. Consider adding the 'required' modifier or declaring the field as nullable. [C:\Users\cheat\source\repos\worktrees\pr-481-1763014665\src\AiDotNet.csproj::TargetFramework=net462]
C:\Users\cheat\source\repos\worktrees\pr-481-1763014665\src\ReinforcementLearning\Agents\CQL\CQLAgent.cs(55,12): error CS8618: Non-nullable field '_q1Network' must contain a non-null value when exiting constructor. Consider adding the 'required' modifier or declaring the field as nullable. [C:\Users\cheat\source\repos\worktrees\pr-481-1763014665\src\AiDotNet.csproj::TargetFramework=net462]
C:\Users\cheat\source\repos\worktrees\pr-481-1763014665\src\ReinforcementLearning\Agents\CQL\CQLAgent.cs(55,12): error CS8618: Non-nullable field '_q2Network' must contain a non-null value when exiting constructor. Consider adding the 'required' modifier or declaring the field as nullable. [C:\Users\cheat\source\repos\worktrees\pr-481-1763014665\src\AiDotNet.csproj::TargetFramework=net462]
C:\Users\cheat\source\repos\worktrees\pr-481-1763014665\src\ReinforcementLearning\Agents\CQL\CQLAgent.cs(55,12): error CS8618: Non-nullable field '_targetQ1Network' must contain a non-null value when exiting constructor. Consider adding the 'required' modifier or declaring the field as nullable. [C:\Users\cheat\source\repos\worktrees\pr-481-1763014665\src\AiDotNet.csproj::TargetFramework=net462]
C:\Users\cheat\source\repos\worktrees\pr-481-1763014665\src\ReinforcementLearning\Agents\CQL\CQLAgent.cs(55,12): error CS8618: Non-nullable field '_targetQ2Network' must contain a non-null value when exiting constructor. Consider adding the 'required' modifier or declaring the field as nullable. [C:\Users\cheat\source\repos\worktrees\pr-481-1763014665\src\AiDotNet.csproj::TargetFramework=net462]
C:\Users\cheat\source\repos\worktrees\pr-481-1763014665\src\ReinforcementLearning\Agents\CQL\CQLAgent.cs(55,12): error CS8618: Non-nullable field '_offlineBuffer' must contain a non-null value when exiting constructor. Consider adding the 'required' modifier or declaring the field as nullable. [C:\Users\cheat\source\repos\worktrees\pr-481-1763014665\src\AiDotNet.csproj::TargetFramework=net462]
C:\Users\cheat\source\repos\worktrees\pr-481-1763014665\src\ReinforcementLearning\Agents\A2C\A2CAgent.cs(631,24): error CS1061: 'INumericOperations<T>' does not contain a definition for 'Compare' and no accessible extension method 'Compare' accepting a first argument of type 'INumericOperations<T>' could be found (are you missing a using directive or an assembly reference?) [C:\Users\cheat\source\repos\worktrees\pr-481-1763014665\src\AiDotNet.csproj::TargetFramework=net462]
C:\Users\cheat\source\repos\worktrees\pr-481-1763014665\src\ReinforcementLearning\Agents\AdvancedRL\LinearSARSAAgent.cs(195,37): error CS1503: Argument 1: cannot convert from 'AiDotNet.LinearAlgebra.Matrix<T>' to 'AiDotNet.LinearAlgebra.Vector<T>' [C:\Users\cheat\source\repos\worktrees\pr-481-1763014665\src\AiDotNet.csproj::TargetFramework=net462]
C:\Users\cheat\source\repos\worktrees\pr-481-1763014665\src\ReinforcementLearning\Agents\AdvancedRL\LinearSARSAAgent.cs(195,68): error CS1503: Argument 2: cannot convert from 'AiDotNet.LinearAlgebra.Matrix<T>' to 'AiDotNet.LinearAlgebra.Vector<T>' [C:\Users\cheat\source\repos\worktrees\pr-481-1763014665\src\AiDotNet.csproj::TargetFramework=net462]
C:\Users\cheat\source\repos\worktrees\pr-481-1763014665\src\ReinforcementLearning\Agents\AdvancedRL\LinearSARSAAgent.cs(196,43): error CS1503: Argument 1: cannot convert from 'AiDotNet.LinearAlgebra.Matrix<T>' to 'AiDotNet.LinearAlgebra.Vector<T>' [C:\Users\cheat\source\repos\worktrees\pr-481-1763014665\src\AiDotNet.csproj::TargetFramework=net462]
C:\Users\cheat\source\repos\worktrees\pr-481-1763014665\src\ReinforcementLearning\Agents\AdvancedRL\LinearSARSAAgent.cs(196,74): error CS1503: Argument 2: cannot convert from 'AiDotNet.LinearAlgebra.Matrix<T>' to 'AiDotNet.LinearAlgebra.Vector<T>' [C:\Users\cheat\source\repos\worktrees\pr-481-1763014665\src\AiDotNet.csproj::TargetFramework=net462]
C:\Users\cheat\source\repos\worktrees\pr-481-1763014665\src\ReinforcementLearning\Agents\CQL\CQLAgent.cs(83,27): error CS7036: There is no argument given that corresponds to the required parameter 'architecture' of 'NeuralNetwork<T>.NeuralNetwork(NeuralNetworkArchitecture<T>, ILossFunction<T>?)' [C:\Users\cheat\source\repos\worktrees\pr-481-1763014665\src\AiDotNet.csproj::TargetFramework=net462]
C:\Users\cheat\source\repos\worktrees\pr-481-1763014665\src\ReinforcementLearning\Agents\CQL\CQLAgent.cs(88,21): error CS7036: There is no argument given that corresponds to the required parameter 'units' of 'NeuralNetworkBase<T>.AddLayer(LayerType, int, ActivationFunction)' [C:\Users\cheat\source\repos\worktrees\pr-481-1763014665\src\AiDotNet.csproj::TargetFramework=net462]
C:\Users\cheat\source\repos\worktrees\pr-481-1763014665\src\ReinforcementLearning\Agents\CQL\CQLAgent.cs(89,57): error CS0246: The type or namespace name 'ReLU<>' could not be found (are you missing a using directive or an assembly reference?) [C:\Users\cheat\source\repos\worktrees\pr-481-1763014665\src\AiDotNet.csproj::TargetFramework=net462]
C:\Users\cheat\source\repos\worktrees\pr-481-1763014665\src\ReinforcementLearning\Agents\CQL\CQLAgent.cs(89,34): error CS1729: 'ActivationLayer<T>' does not contain a constructor that takes 1 arguments [C:\Users\cheat\source\repos\worktrees\pr-481-1763014665\src\AiDotNet.csproj::TargetFramework=net462]
C:\Users\cheat\source\repos\worktrees\pr-481-1763014665\src\ReinforcementLearning\Agents\CQL\CQLAgent.cs(94,17): error CS7036: There is no argument given that corresponds to the required parameter 'units' of 'NeuralNetworkBase<T>.AddLayer(LayerType, int, ActivationFunction)' [C:\Users\cheat\source\repos\worktrees\pr-481-1763014665\src\AiDotNet.csproj::TargetFramework=net462]
C:\Users\cheat\source\repos\worktrees\pr-481-1763014665\src\ReinforcementLearning\Agents\Bandits\EpsilonGreedyBanditAgent.cs(107,218): error CS1503: Argument 1: cannot convert from 'AiDotNet.LinearAlgebra.Matrix<T>' to 'AiDotNet.LinearAlgebra.Vector<T>' [C:\Users\cheat\source\repos\worktrees\pr-481-1763014665\src\AiDotNet.csproj::TargetFramework=net462]
C:\Users\cheat\source\repos\worktrees\pr-481-1763014665\src\ReinforcementLearning\Agents\Bandits\EpsilonGreedyBanditAgent.cs(107,249): error CS1503: Argument 2: cannot convert from 'AiDotNet.LinearAlgebra.Matrix<T>' to 'AiDotNet.LinearAlgebra.Vector<T>' [C:\Users\cheat\source\repos\worktrees\pr-481-1763014665\src\AiDotNet.csproj::TargetFramework=net462]
C:\Users\cheat\source\repos\worktrees\pr-481-1763014665\src\ReinforcementLearning\Agents\Bandits\EpsilonGreedyBanditAgent.cs(107,317): error CS1503: Argument 1: cannot convert from 'AiDotNet.LinearAlgebra.Matrix<T>' to 'AiDotNet.LinearAlgebra.Vector<T>' [C:\Users\cheat\source\repos\worktrees\pr-481-1763014665\src\AiDotNet.csproj::TargetFramework=net462]
C:\Users\cheat\source\repos\worktrees\pr-481-1763014665\src\ReinforcementLearning\Agents\Bandits\EpsilonGreedyBanditAgent.cs(107,348): error CS1503: Argument 2: cannot convert from 'AiDotNet.LinearAlgebra.Matrix<T>' to 'AiDotNet.LinearAlgebra.Vector<T>' [C:\Users\cheat\source\repos\worktrees\pr-481-1763014665\src\AiDotNet.csproj::TargetFramework=net462]
C:\Users\cheat\source\repos\worktrees\pr-481-1763014665\src\ReinforcementLearning\Agents\CQL\CQLAgent.cs(101,27): error CS7036: There is no argument given that corresponds to the required parameter 'architecture' of 'NeuralNetwork<T>.NeuralNetwork(NeuralNetworkArchitecture<T>, ILossFunction<T>?)' [C:\Users\cheat\source\repos\worktrees\pr-481-1763014665\src\AiDotNet.csproj::TargetFramework=net462]
C:\Users\cheat\source\repos\worktrees\pr-481-1763014665\src\ReinforcementLearning\Agents\CQL\CQLAgent.cs(107,21): error CS7036: There is no argument given that corresponds to the required parameter 'units' of 'NeuralNetworkBase<T>.AddLayer(LayerType, int, ActivationFunction)' [C:\Users\cheat\source\repos\worktrees\pr-481-1763014665\src\AiDotNet.csproj::TargetFramework=net462]
C:\Users\cheat\source\repos\worktrees\pr-481-1763014665\src\ReinforcementLearning\Agents\CQL\CQLAgent.cs(108,57): error CS0246: The type or namespace name 'ReLU<>' could not be found (are you missing a using directive or an assembly reference?) [C:\Users\cheat\source\repos\worktrees\pr-481-1763014665\src\AiDotNet.csproj::TargetFramework=net462]
C:\Users\cheat\source\repos\worktrees\pr-481-1763014665\src\ReinforcementLearning\Agents\CQL\CQLAgent.cs(108,34): error CS1729: 'ActivationLayer<T>' does not contain a constructor that takes 1 arguments [C:\Users\cheat\source\repos\worktrees\pr-481-1763014665\src\AiDotNet.csproj::TargetFramework=net462]
C:\Users\cheat\source\repos\worktrees\pr-481-1763014665\src\ReinforcementLearning\Agents\CQL\CQLAgent.cs(112,17): error CS7036: There is no argument given that corresponds to the required parameter 'units' of 'NeuralNetworkBase<T>.AddLayer(LayerType, int, ActivationFunction)' [C:\Users\cheat\source\repos\worktrees\pr-481-1763014665\src\AiDotNet.csproj::TargetFramework=net462]
C:\Users\cheat\source\repos\worktrees\pr-481-1763014665\src\ReinforcementLearning\Agents\Bandits\UCBBanditAgent.cs(127,218): error CS1503: Argument 1: cannot convert from 'AiDotNet.LinearAlgebra.Matrix<T>' to 'AiDotNet.LinearAlgebra.Vector<T>' [C:\Users\cheat\source\repos\worktrees\pr-481-1763014665\src\AiDotNet.csproj::TargetFramework=net462]
C:\Users\cheat\source\repos\worktrees\pr-481-1763014665\src\ReinforcementLearning\Agents\Bandits\UCBBanditAgent.cs(127,249): error CS1503: Argument 2: cannot convert from 'AiDotNet.LinearAlgebra.Matrix<T>' to 'AiDotNet.LinearAlgebra.Vector<T>' [C:\Users\cheat\source\repos\worktrees\pr-481-1763014665\src\AiDotNet.csproj::TargetFramework=net462]
C:\Users\cheat\source\repos\worktrees\pr-481-1763014665\src\ReinforcementLearning\Agents\Bandits\UCBBanditAgent.cs(127,317): error CS1503: Argument 1: cannot convert from 'AiDotNet.LinearAlgebra.Matrix<T>' to 'AiDotNet.LinearAlgebra.Vector<T>' [C:\Users\cheat\source\repos\worktrees\pr-481-1763014665\src\AiDotNet.csproj::TargetFramework=net462]
C:\Users\cheat\source\repos\worktrees\pr-481-1763014665\src\ReinforcementLearning\Agents\Bandits\UCBBanditAgent.cs(127,348): error CS1503: Argument 2: cannot convert from 'AiDotNet.LinearAlgebra.Matrix<T>' to 'AiDotNet.LinearAlgebra.Vector<T>' [C:\Users\cheat\source\repos\worktrees\pr-481-1763014665\src\AiDotNet.csproj::TargetFramework=net462]
C:\Users\cheat\source\repos\worktrees\pr-481-1763014665\src\ReinforcementLearning\Agents\CQL\CQLAgent.cs(129,28): error CS1501: No overload for method 'Add' takes 5 arguments [C:\Users\cheat\source\repos\worktrees\pr-481-1763014665\src\AiDotNet.csproj::TargetFramework=net462]
C:\Users\cheat\source\repos\worktrees\pr-481-1763014665\src\ReinforcementLearning\Agents\A3C\A3CAgent.cs(383,13): error CS0103: The name '_a3cOptions' does not exist in the current context [C:\Users\cheat\source\repos\worktrees\pr-481-1763014665\src\AiDotNet.csproj::TargetFramework=net462]
C:\Users\cheat\source\repos\worktrees\pr-481-1763014665\src\ReinforcementLearning\Agents\DecisionTransformer\DecisionTransformerAgent.cs(50,12): error CS8618: Non-nullable field '_transformerNetwork' must contain a non-null value when exiting constructor. Consider adding the 'required' modifier or declaring the field as nullable. [C:\Users\cheat\source\repos\worktrees\pr-481-1763014665\src\AiDotNet.csproj::TargetFramework=net462]
C:\Users\cheat\source\repos\worktrees\pr-481-1763014665\src\ReinforcementLearning\Agents\CQL\CQLAgent.cs(135,51): error CS1503: Argument 1: cannot convert from 'AiDotNet.LinearAlgebra.Vector<T>' to 'AiDotNet.LinearAlgebra.Tensor<T>' [C:\Users\cheat\source\repos\worktrees\pr-481-1763014665\src\AiDotNet.csproj::TargetFramework=net462]
C:\Users\cheat\source\repos\worktrees\pr-481-1763014665\src\ReinforcementLearning\Agents\CQL\CQLAgent.cs(177,24): error CS1501: No overload for method 'Add' takes 5 arguments [C:\Users\cheat\source\repos\worktrees\pr-481-1763014665\src\AiDotNet.csproj::TargetFramework=net462]
C:\Users\cheat\source\repos\worktrees\pr-481-1763014665\src\ReinforcementLearning\Agents\Bandits\GradientBanditAgent.cs(177,218): error CS1503: Argument 1: cannot convert from 'AiDotNet.LinearAlgebra.Matrix<T>' to 'AiDotNet.LinearAlgebra.Vector<T>' [C:\Users\cheat\source\repos\worktrees\pr-481-1763014665\src\AiDotNet.csproj::TargetFramework=net462]
C:\Users\cheat\source\repos\worktrees\pr-481-1763014665\src\ReinforcementLearning\Agents\Bandits\GradientBanditAgent.cs(177,249): error CS1503: Argument 2: cannot convert from 'AiDotNet.LinearAlgebra.Matrix<T>' to 'AiDotNet.LinearAlgebra.Vector<T>' [C:\Users\cheat\source\repos\worktrees\pr-481-1763014665\src\AiDotNet.csproj::TargetFramework=net462]
C:\Users\cheat\source\repos\worktrees\pr-481-1763014665\src\ReinforcementLearning\Agents\Bandits\GradientBanditAgent.cs(177,317): error CS1503: Argument 1: cannot convert from 'AiDotNet.LinearAlgebra.Matrix<T>' to 'AiDotNet.LinearAlgebra.Vector<T>' [C:\Users\cheat\source\repos\worktrees\pr-481-1763014665\src\AiDotNet.csproj::TargetFramework=net462]
C:\Users\cheat\source\repos\worktrees\pr-481-1763014665\src\ReinforcementLearning\Agents\Bandits\GradientBanditAgent.cs(177,348): error CS1503: Argument 2: cannot convert from 'AiDotNet.LinearAlgebra.Matrix<T>' to 'AiDotNet.LinearAlgebra.Vector<T>' [C:\Users\cheat\source\repos\worktrees\pr-481-1763014665\src\AiDotNet.csproj::TargetFramework=net462]
C:\Users\cheat\source\repos\worktrees\pr-481-1763014665\src\ReinforcementLearning\Agents\CQL\CQLAgent.cs(192,35): error CS1503: Argument 1: cannot convert from 'System.Collections.Generic.List<AiDotNet.ReinforcementLearning.ReplayBuffers.Experience<T>>' to 'System.Collections.Generic.List<(AiDotNet.LinearAlgebra.Vector<T> state, AiDotNet.LinearAlgebra.Vector<T> action, T reward, AiDotNet.LinearAlgebra.Vector<T> nextState, bool done)>' [C:\Users\cheat\source\repos\worktrees\pr-481-1763014665\src\AiDotNet.csproj::TargetFramework=net462]
C:\Users\cheat\source\repos\worktrees\pr-481-1763014665\src\ReinforcementLearning\Agents\CQL\CQLAgent.cs(196,37): error CS1503: Argument 1: cannot convert from 'System.Collections.Generic.List<AiDotNet.ReinforcementLearning.ReplayBuffers.Experience<T>>' to 'System.Collections.Generic.List<(AiDotNet.LinearAlgebra.Vector<T> state, AiDotNet.LinearAlgebra.Vector<T> action, T reward, AiDotNet.LinearAlgebra.Vector<T> nextState, bool done)>' [C:\Users\cheat\source\repos\worktrees\pr-481-1763014665\src\AiDotNet.csproj::TargetFramework=net462]
C:\Users\cheat\source\repos\worktrees\pr-481-1763014665\src\ReinforcementLearning\Agents\CQL\CQLAgent.cs(202,31): error CS1503: Argument 1: cannot convert from 'System.Collections.Generic.List<AiDotNet.ReinforcementLearning.ReplayBuffers.Experience<T>>' to 'System.Collections.Generic.List<(AiDotNet.LinearAlgebra.Vector<T> state, AiDotNet.LinearAlgebra.Vector<T> action, T reward, AiDotNet.LinearAlgebra.Vector<T> nextState, bool done)>' [C:\Users\cheat\source\repos\worktrees\pr-481-1763014665\src\AiDotNet.csproj::TargetFramework=net462]
C:\Users\cheat\source\repos\worktrees\pr-481-1763014665\src\ReinforcementLearning\Agents\DecisionTransformer\DecisionTransformerAgent.cs(73,32): error CS1729: 'NeuralNetworkArchitecture<T>' does not contain a constructor that takes 0 arguments [C:\Users\cheat\source\repos\worktrees\pr-481-1763014665\src\AiDotNet.csproj::TargetFramework=net462]
C:\Users\cheat\source\repos\worktrees\pr-481-1763014665\src\ReinforcementLearning\Agents\DecisionTransformer\DecisionTransformerAgent.cs(75,13): error CS0200: Property or indexer 'NeuralNetworkArchitecture<T>.TaskType' cannot be assigned to -- it is read only [C:\Users\cheat\source\repos\worktrees\pr-481-1763014665\src\AiDotNet.csproj::TargetFramework=net462]
C:\Users\cheat\source\repos\worktrees\pr-481-1763014665\src\ReinforcementLearning\Agents\DecisionTransformer\DecisionTransformerAgent.cs(91,28): error CS1061: 'DenseLayer<T>' does not contain a definition for 'GetWeights' and no accessible extension method 'GetWeights' accepting a first argument of type 'DenseLayer<T>' could be found (are you missing a using directive or an assembly reference?) [C:\Users\cheat\source\repos\worktrees\pr-481-1763014665\src\AiDotNet.csproj::TargetFramework=net462]
C:\Users\cheat\source\repos\worktrees\pr-481-1763014665\src\ReinforcementLearning\Agents\DecisionTransformer\DecisionTransformerAgent.cs(97,9): error CS0200: Property or indexer 'NeuralNetworkArchitecture<T>.Layers' cannot be assigned to -- it is read only [C:\Users\cheat\source\repos\worktrees\pr-481-1763014665\src\AiDotNet.csproj::TargetFramework=net462]
C:\Users\cheat\source\repos\worktrees\pr-481-1763014665\src\ReinforcementLearning\Agents\DDPG\DDPGAgent.cs(117,32): error CS1729: 'NeuralNetworkArchitecture<T>' does not contain a constructor that takes 0 arguments [C:\Users\cheat\source\repos\worktrees\pr-481-1763014665\src\AiDotNet.csproj::TargetFramework=net462]
C:\Users\cheat\source\repos\worktrees\pr-481-1763014665\src\ReinforcementLearning\Agents\DDPG\DDPGAgent.cs(119,13): error CS0200: Property or indexer 'NeuralNetworkArchitecture<T>.Layers' cannot be assigned to -- it is read only [C:\Users\cheat\source\repos\worktrees\pr-481-1763014665\src\AiDotNet.csproj::TargetFramework=net462]
C:\Users\cheat\source\repos\worktrees\pr-481-1763014665\src\ReinforcementLearning\Agents\DDPG\DDPGAgent.cs(120,13): error CS0200: Property or indexer 'NeuralNetworkArchitecture<T>.TaskType' cannot be assigned to -- it is read only [C:\Users\cheat\source\repos\worktrees\pr-481-1763014665\src\AiDotNet.csproj::TargetFramework=net462]
C:\Users\cheat\source\repos\worktrees\pr-481-1763014665\src\ReinforcementLearning\Agents\A3C\A3CAgent.cs(467,39): error CS1061: 'INeuralNetwork<T>' does not contain a definition for 'GetFlattenedGradients' and no accessible extension method 'GetFlattenedGradients' accepting a first argument of type 'INeuralNetwork<T>' could be found (are you missing a using directive or an assembly reference?) [C:\Users\cheat\source\repos\worktrees\pr-481-1763014665\src\AiDotNet.csproj::TargetFramework=net462]
C:\Users\cheat\source\repos\worktrees\pr-481-1763014665\src\ReinforcementLearning\Agents\DDPG\DDPGAgent.cs(140,79): error CS0246: The type or namespace name 'LinearActivation<>' could not be found (are you missing a using directive or an assembly reference?) [C:\Users\cheat\source\repos\worktrees\pr-481-1763014665\src\AiDotNet.csproj::TargetFramework=net462]
C:\Users\cheat\source\repos\worktrees\pr-481-1763014665\src\ReinforcementLearning\Agents\DDPG\DDPGAgent.cs(142,32): error CS1729: 'NeuralNetworkArchitecture<T>' does not contain a constructor that takes 0 arguments [C:\Users\cheat\source\repos\worktrees\pr-481-1763014665\src\AiDotNet.csproj::TargetFramework=net462]
C:\Users\cheat\source\repos\worktrees\pr-481-1763014665\src\ReinforcementLearning\Agents\DDPG\DDPGAgent.cs(144,13): error CS0200: Property or indexer 'NeuralNetworkArchitecture<T>.Layers' cannot be assigned to -- it is read only [C:\Users\cheat\source\repos\worktrees\pr-481-1763014665\src\AiDotNet.csproj::TargetFramework=net462]
C:\Users\cheat\source\repos\worktrees\pr-481-1763014665\src\ReinforcementLearning\Agents\DDPG\DDPGAgent.cs(145,13): error CS0200: Property or indexer 'NeuralNetworkArchitecture<T>.TaskType' cannot be assigned to -- it is read only [C:\Users\cheat\source\repos\worktrees\pr-481-1763014665\src\AiDotNet.csproj::TargetFramework=net462]
C:\Users\cheat\source\repos\worktrees\pr-481-1763014665\src\ReinforcementLearning\Agents\AdvancedRL\LSTDAgent.cs(168,28): error CS1061: 'INumericOperations<T>' does not contain a definition for 'Compare' and no accessible extension method 'Compare' accepting a first argument of type 'INumericOperations<T>' could be found (are you missing a using directive or an assembly reference?) [C:\Users\cheat\source\repos\worktrees\pr-481-1763014665\src\AiDotNet.csproj::TargetFramework=net462]
C:\Users\cheat\source\repos\worktrees\pr-481-1763014665\src\ReinforcementLearning\Agents\DDPG\DDPGAgent.cs(154,44): error CS1503: Argument 1: cannot convert from 'AiDotNet.LinearAlgebra.Vector<T>' to 'AiDotNet.LinearAlgebra.Tensor<T>' [C:\Users\cheat\source\repos\worktrees\pr-481-1763014665\src\AiDotNet.csproj::TargetFramework=net462]
C:\Users\cheat\source\repos\worktrees\pr-481-1763014665\src\ReinforcementLearning\Agents\DDPG\DDPGAgent.cs(170,16): error CS0029: Cannot implicitly convert type 'AiDotNet.LinearAlgebra.Tensor<T>' to 'AiDotNet.LinearAlgebra.Vector<T>' [C:\Users\cheat\source\repos\worktrees\pr-481-1763014665\src\AiDotNet.csproj::TargetFramework=net462]
C:\Users\cheat\source\repos\worktrees\pr-481-1763014665\src\ReinforcementLearning\Agents\DDPG\DDPGAgent.cs(176,31): error CS0104: 'Experience<>' is an ambiguous reference between 'AiDotNet.NeuralNetworks.Experience<T>' and 'AiDotNet.ReinforcementLearning.ReplayBuffers.Experience<T>' [C:\Users\cheat\source\repos\worktrees\pr-481-1763014665\src\AiDotNet.csproj::TargetFramework=net462]
C:\Users\cheat\source\repos\worktrees\pr-481-1763014665\src\ReinforcementLearning\Agents\CQL\CQLAgent.cs(223,58): error CS1503: Argument 1: cannot convert from 'AiDotNet.LinearAlgebra.Vector<T>' to 'AiDotNet.LinearAlgebra.Tensor<T>' [C:\Users\cheat\source\repos\worktrees\pr-481-1763014665\src\AiDotNet.csproj::TargetFramework=net462]
C:\Users\cheat\source\repos\worktrees\pr-481-1763014665\src\ReinforcementLearning\Agents\CQL\CQLAgent.cs(224,58): error CS1503: Argument 1: cannot convert from 'AiDotNet.LinearAlgebra.Vector<T>' to 'AiDotNet.LinearAlgebra.Tensor<T>' [C:\Users\cheat\source\repos\worktrees\pr-481-1763014665\src\AiDotNet.csproj::TargetFramework=net462]
C:\Users\cheat\source\repos\worktrees\pr-481-1763014665\src\ReinforcementLearning\Agents\CQL\CQLAgent.cs(233,38): error CS1061: '(Vector<T> state, Vector<T> action, T reward, Vector<T> nextState, bool done)' does not contain a definition for 'Reward' and no accessible extension method 'Reward' accepting a first argument of type '(Vector<T> state, Vector<T> action, T reward, Vector<T> nextState, bool done)' could be found (are you missing a using directive or an assembly reference?) [C:\Users\cheat\source\repos\worktrees\pr-481-1763014665\src\AiDotNet.csproj::TargetFramework=net462]
C:\Users\cheat\source\repos\worktrees\pr-481-1763014665\src\ReinforcementLearning\Agents\CQL\CQLAgent.cs(238,50): error CS1061: '(Vector<T> state, Vector<T> action, T reward, Vector<T> nextState, bool done)' does not contain a definition for 'Reward' and no accessible extension method 'Reward' accepting a first argument of type '(Vector<T> state, Vector<T> action, T reward, Vector<T> nextState, bool done)' could be found (are you missing a using directive or an assembly reference?) [C:\Users\cheat\source\repos\worktrees\pr-481-1763014665\src\AiDotNet.csproj::TargetFramework=net462]
C:\Users\cheat\source\repos\worktrees\pr-481-1763014665\src\ReinforcementLearning\Agents\CQL\CQLAgent.cs(242,83): error CS1061: '(Vector<T> state, Vector<T> action, T reward, Vector<T> nextState, bool done)' does not contain a definition for 'Action' and no accessible extension method 'Action' accepting a first argument of type '(Vector<T> state, Vector<T> action, T reward, Vector<T> nextState, bool done)' could be found (are you missing a using directive or an assembly reference?) [C:\Users\cheat\source\repos\worktrees\pr-481-1763014665\src\AiDotNet.csproj::TargetFramework=net462]
C:\Users\cheat\source\repos\worktrees\pr-481-1763014665\src\ReinforcementLearning\Agents\CQL\CQLAgent.cs(243,46): error CS1503: Argument 1: cannot convert from 'AiDotNet.LinearAlgebra.Vector<T>' to 'AiDotNet.LinearAlgebra.Tensor<T>' [C:\Users\cheat\source\repos\worktrees\pr-481-1763014665\src\AiDotNet.csproj::TargetFramework=net462]
C:\Users\cheat\source\repos\worktrees\pr-481-1763014665\src\ReinforcementLearning\Agents\CQL\CQLAgent.cs(244,46): error CS1503: Argument 1: cannot convert from 'AiDotNet.LinearAlgebra.Vector<T>' to 'AiDotNet.LinearAlgebra.Tensor<T>' [C:\Users\cheat\source\repos\worktrees\pr-481-1763014665\src\AiDotNet.csproj::TargetFramework=net462]
C:\Users\cheat\source\repos\worktrees\pr-481-1763014665\src\ReinforcementLearning\Agents\CQL\CQLAgent.cs(247,77): error CS1061: '(Vector<T> state, Vector<T> action, T reward, Vector<T> nextState, bool done)' does not contain a definition for 'Action' and no accessible extension method 'Action' accepting a first argument of type '(Vector<T> state, Vector<T> action, T reward, Vector<T> nextState, bool done)' could be found (are you missing a using directive or an assembly reference?) [C:\Users\cheat\source\repos\worktrees\pr-481-1763014665\src\AiDotNet.csproj::TargetFramework=net462]
C:\Users\cheat\source\repos\worktrees\pr-481-1763014665\src\ReinforcementLearning\Agents\CQL\CQLAgent.cs(265,38): error CS1503: Argument 1: cannot convert from 'AiDotNet.LinearAlgebra.Vector<T>' to 'AiDotNet.LinearAlgebra.Tensor<T>' [C:\Users\cheat\source\repos\worktrees\pr-481-1763014665\src\AiDotNet.csproj::TargetFramework=net462]
C:\Users\cheat\source\repos\worktrees\pr-481-1763014665\src\ReinforcementLearning\Agents\CQL\CQLAgent.cs(266,41): error CS1503: Argument 1: cannot convert from 'T' to 'AiDotNet.LinearAlgebra.Vector<T>' [C:\Users\cheat\source\repos\worktrees\pr-481-1763014665\src\AiDotNet.csproj::TargetFramework=net462]
C:\Users\cheat\source\repos\worktrees\pr-481-1763014665\src\ReinforcementLearning\Agents\CQL\CQLAgent.cs(274,38): error CS1503: Argument 1: cannot convert from 'AiDotNet.LinearAlgebra.Vector<T>' to 'AiDotNet.LinearAlgebra.Tensor<T>' [C:\Users\cheat\source\repos\worktrees\pr-481-1763014665\src\AiDotNet.csproj::TargetFramework=net462]
C:\Users\cheat\source\repos\worktrees\pr-481-1763014665\src\ReinforcementLearning\Agents\CQL\CQLAgent.cs(275,41): error CS1503: Argument 1: cannot convert from 'T' to 'AiDotNet.LinearAlgebra.Vector<T>' [C:\Users\cheat\source\repos\worktrees\pr-481-1763014665\src\AiDotNet.csproj::TargetFramework=net462]
C:\Users\cheat\source\repos\worktrees\pr-481-1763014665\src\ReinforcementLearning\Agents\DecisionTransformer\DecisionTransformerAgent.cs(168,56): error CS1503: Argument 1: cannot convert from 'AiDotNet.LinearAlgebra.Vector<T>' to 'AiDotNet.LinearAlgebra.Tensor<T>' [C:\Users\cheat\source\repos\worktrees\pr-481-1763014665\src\AiDotNet.csproj::TargetFramework=net462]
C:\Users\cheat\source\repos\worktrees\pr-481-1763014665\src\ReinforcementLearning\Agents\DecisionTransformer\DecisionTransformerAgent.cs(171,37): error CS1503: Argument 1: cannot convert from 'AiDotNet.LinearAlgebra.Tensor<T>' to 'AiDotNet.LinearAlgebra.Vector<T>' [C:\Users\cheat\source\repos\worktrees\pr-481-1763014665\src\AiDotNet.csproj::TargetFramework=net462]
C:\Users\cheat\source\repos\worktrees\pr-481-1763014665\src\ReinforcementLearning\Agents\DecisionTransformer\DecisionTransformerAgent.cs(173,16): error CS0029: Cannot implicitly convert type 'AiDotNet.LinearAlgebra.Tensor<T>' to 'AiDotNet.LinearAlgebra.Vector<T>' [C:\Users\cheat\source\repos\worktrees\pr-481-1763014665\src\AiDotNet.csproj::TargetFramework=net462]
C:\Users\cheat\source\repos\worktrees\pr-481-1763014665\src\ReinforcementLearning\Agents\CQL\CQLAgent.cs(301,47): error CS1503: Argument 1: cannot convert from 'AiDotNet.LinearAlgebra.Vector<T>' to 'AiDotNet.LinearAlgebra.Tensor<T>' [C:\Users\cheat\source\repos\worktrees\pr-481-1763014665\src\AiDotNet.csproj::TargetFramework=net462]
C:\Users\cheat\source\repos\worktrees\pr-481-1763014665\src\ReinforcementLearning\Agents\CQL\CQLAgent.cs(302,47): error CS1503: Argument 1: cannot convert from 'AiDotNet.LinearAlgebra.Vector<T>' to 'AiDotNet.LinearAlgebra.Tensor<T>' [C:\Users\cheat\source\repos\worktrees\pr-481-1763014665\src\AiDotNet.csproj::TargetFramework=net462]
C:\Users\cheat\source\repos\worktrees\pr-481-1763014665\src\ReinforcementLearning\Agents\DDPG\DDPGAgent.cs(214,58): error CS1503: Argument 1: cannot convert from 'AiDotNet.LinearAlgebra.Vector<T>' to 'AiDotNet.LinearAlgebra.Tensor<T>' [C:\Users\cheat\source\repos\worktrees\pr-481-1763014665\src\AiDotNet.csproj::TargetFramework=net462]
C:\Users\cheat\source\repos\worktrees\pr-481-1763014665\src\ReinforcementLearning\Agents\DDPG\DDPGAgent.cs(215,73): error CS1503: Argument 2: cannot convert from 'AiDotNet.LinearAlgebra.Tensor<T>' to 'AiDotNet.LinearAlgebra.Vector<T>' [C:\Users\cheat\source\repos\worktrees\pr-481-1763014665\src\AiDotNet.csproj::TargetFramework=net462]
C:\Users\cheat\source\repos\worktrees\pr-481-1763014665\src\ReinforcementLearning\Agents\DDPG\DDPGAgent.cs(216,54): error CS1503: Argument 1: cannot convert from 'AiDotNet.LinearAlgebra.Vector<T>' to 'AiDotNet.LinearAlgebra.Tensor<T>' [C:\Users\cheat\source\repos\worktrees\pr-481-1763014665\src\AiDotNet.csproj::TargetFramework=net462]
C:\Users\cheat\source\repos\worktrees\pr-481-1763014665\src\ReinforcementLearning\Agents\DDPG\DDPGAgent.cs(230,51): error CS1503: Argument 1: cannot convert from 'AiDotNet.LinearAlgebra.Vector<T>' to 'AiDotNet.LinearAlgebra.Tensor<T>' [C:\Users\cheat\source\repos\worktrees\pr-481-1763014665\src\AiDotNet.csproj::TargetFramework=net462]
C:\Users\cheat\source\repos\worktrees\pr-481-1763014665\src\ReinforcementLearning\Agents\DDPG\DDPGAgent.cs(239,56): error CS1061: 'ILossFunction<T>' does not contain a definition for 'ComputeGradient' and no accessible extension method 'ComputeGradient' accepting a first argument of type 'ILossFunction<T>' could be found (are you missing a using directive or an assembly reference?) [C:\Users\cheat\source\repos\worktrees\pr-481-1763014665\src\AiDotNet.csproj::TargetFramework=net462]
C:\Users\cheat\source\repos\worktrees\pr-481-1763014665\src\ReinforcementLearning\Agents\DDPG\DDPGAgent.cs(256,48): error CS1503: Argument 1: cannot convert from 'AiDotNet.LinearAlgebra.Vector<T>' to 'AiDotNet.LinearAlgebra.Tensor<T>' [C:\Users\cheat\source\repos\worktrees\pr-481-1763014665\src\AiDotNet.csproj::TargetFramework=net462]
C:\Users\cheat\source\repos\worktrees\pr-481-1763014665\src\ReinforcementLearning\Agents\DDPG\DDPGAgent.cs(259,65): error CS1503: Argument 2: cannot convert from 'AiDotNet.LinearAlgebra.Tensor<T>' to 'AiDotNet.LinearAlgebra.Vector<T>' [C:\Users\cheat\source\repos\worktrees\pr-481-1763014665\src\AiDotNet.csproj::TargetFramework=net462]
C:\Users\cheat\source\repos\worktrees\pr-481-1763014665\src\ReinforcementLearning\Agents\DDPG\DDPGAgent.cs(260,44): error CS1503: Argument 1: cannot convert from 'AiDotNet.LinearAlgebra.Vector<T>' to 'AiDotNet.LinearAlgebra.Tensor<T>' [C:\Users\cheat\source\repos\worktrees\pr-481-1763014665\src\AiDotNet.csproj::TargetFramework=net462]
C:\Users\cheat\source\repos\worktrees\pr-481-1763014665\src\ReinforcementLearning\Agents\DDPG\DDPGAgent.cs(269,60): error CS1503: Argument 1: cannot convert from 'AiDotNet.LinearAlgebra.Tensor<T>' to 'AiDotNet.LinearAlgebra.Vector<T>' [C:\Users\cheat\source\repos\worktrees\pr-481-1763014665\src\AiDotNet.csproj::TargetFramework=net462]
C:\Users\cheat\source\repos\worktrees\pr-481-1763014665\src\ReinforcementLearning\Agents\DDPG\DDPGAgent.cs(270,41): error CS1503: Argument 1: cannot convert from 'AiDotNet.LinearAlgebra.Vector<T>' to 'AiDotNet.LinearAlgebra.Tensor<T>' [C:\Users\cheat\source\repos\worktrees\pr-481-1763014665\src\AiDotNet.csproj::TargetFramework=net462]
C:\Users\cheat\source\repos\worktrees\pr-481-1763014665\src\ReinforcementLearning\Agents\DecisionTransformer\DecisionTransformerAgent.cs(219,63): error CS1503: Argument 1: cannot convert from 'AiDotNet.LinearAlgebra.Vector<T>' to 'AiDotNet.LinearAlgebra.Tensor<T>' [C:\Users\cheat\source\repos\worktrees\pr-481-1763014665\src\AiDotNet.csproj::TargetFramework=net462]
C:\Users\cheat\source\repos\worktrees\pr-481-1763014665\src\ReinforcementLearning\Agents\DecisionTransformer\DecisionTransformerAgent.cs(238,33): error CS1061: 'INeuralNetwork<T>' does not contain a definition for 'Backpropagate' and no accessible extension method 'Backpropagate' accepting a first argument of type 'INeuralNetwork<T>' could be found (are you missing a using directive or an assembly reference?) [C:\Users\cheat\source\repos\worktrees\pr-481-1763014665\src\AiDotNet.csproj::TargetFramework=net462]
C:\Users\cheat\source\repos\worktrees\pr-481-1763014665\src\ReinforcementLearning\Agents\DecisionTransformer\DecisionTransformerAgent.cs(239,50): error CS1503: Argument 1: cannot convert from 'T' to 'AiDotNet.LinearAlgebra.Vector<T>' [C:\Users\cheat\source\repos\worktrees\pr-481-1763014665\src\AiDotNet.csproj::TargetFramework=net462]
C:\Users\cheat\source\repos\worktrees\pr-481-1763014665\src\ReinforcementLearning\Agents\CQL\CQLAgent.cs(325,46): error CS1503: Argument 1: cannot convert from 'AiDotNet.LinearAlgebra.Vector<T>' to 'AiDotNet.LinearAlgebra.Tensor<T>' [C:\Users\cheat\source\repos\worktrees\pr-481-1763014665\src\AiDotNet.csproj::TargetFramework=net462]
C:\Users\cheat\source\repos\worktrees\pr-481-1763014665\src\ReinforcementLearning\Agents\CQL\CQLAgent.cs(326,46): error CS1503: Argument 1: cannot convert from 'AiDotNet.LinearAlgebra.Vector<T>' to 'AiDotNet.LinearAlgebra.Tensor<T>' [C:\Users\cheat\source\repos\worktrees\pr-481-1763014665\src\AiDotNet.csproj::TargetFramework=net462]
C:\Users\cheat\source\repos\worktrees\pr-481-1763014665\src\ReinforcementLearning\Agents\CQL\CQLAgent.cs(337,55): error CS1503: Argument 1: cannot convert from 'AiDotNet.LinearAlgebra.Vector<T>' to 'AiDotNet.LinearAlgebra.Tensor<T>' [C:\Users\cheat\source\repos\worktrees\pr-481-1763014665\src\AiDotNet.csproj::TargetFramework=net462]
C:\Users\cheat\source\repos\worktrees\pr-481-1763014665\src\ReinforcementLearning\Agents\CQL\CQLAgent.cs(349,42): error CS1503: Argument 1: cannot convert from 'AiDotNet.LinearAlgebra.Vector<T>' to 'AiDotNet.LinearAlgebra.Tensor<T>' [C:\Users\cheat\source\repos\worktrees\pr-481-1763014665\src\AiDotNet.csproj::TargetFramework=net462]
C:\Users\cheat\source\repos\worktrees\pr-481-1763014665\src\ReinforcementLearning\Agents\CQL\CQLAgent.cs(350,45): error CS1503: Argument 1: cannot convert from 'T' to 'AiDotNet.LinearAlgebra.Vector<T>' [C:\Users\cheat\source\repos\worktrees\pr-481-1763014665\src\AiDotNet.csproj::TargetFramework=net462]
C:\Users\cheat\source\repos\worktrees\pr-481-1763014665\src\ReinforcementLearning\Agents\AdvancedRL\LSTDAgent.cs(314,37): error CS1503: Argument 1: cannot convert from 'AiDotNet.LinearAlgebra.Matrix<T>' to 'AiDotNet.LinearAlgebra.Vector<T>' [C:\Users\cheat\source\repos\worktrees\pr-481-1763014665\src\AiDotNet.csproj::TargetFramework=net462]
C:\Users\cheat\source\repos\worktrees\pr-481-1763014665\src\ReinforcementLearning\Agents\AdvancedRL\LSTDAgent.cs(314,68): error CS1503: Argument 2: cannot convert from 'AiDotNet.LinearAlgebra.Matrix<T>' to 'AiDotNet.LinearAlgebra.Vector<T>' [C:\Users\cheat\source\repos\worktrees\pr-481-1763014665\src\AiDotNet.csproj::TargetFramework=net462]
C:\Users\cheat\source\repos\worktrees\pr-481-1763014665\src\ReinforcementLearning\Agents\AdvancedRL\LSTDAgent.cs(315,43): error CS1503: Argument 1: cannot convert from 'AiDotNet.LinearAlgebra.Matrix<T>' to 'AiDotNet.LinearAlgebra.Vector<T>' [C:\Users\cheat\source\repos\worktrees\pr-481-1763014665\src\AiDotNet.csproj::TargetFramework=net462]
C:\Users\cheat\source\repos\worktrees\pr-481-1763014665\src\ReinforcementLearning\Agents\AdvancedRL\LSTDAgent.cs(315,74): error CS1503: Argument 2: cannot convert from 'AiDotNet.LinearAlgebra.Matrix<T>' to 'AiDotNet.LinearAlgebra.Vector<T>' [C:\Users\cheat\source\repos\worktrees\pr-481-1763014665\src\AiDotNet.csproj::TargetFramework=net462]
C:\Users\cheat\source\repos\worktrees\pr-481-1763014665\src\ReinforcementLearning\Agents\Bandits\ThompsonSamplingAgent.cs(148,218): error CS1503: Argument 1: cannot convert from 'AiDotNet.LinearAlgebra.Matrix<T>' to 'AiDotNet.LinearAlgebra.Vector<T>' [C:\Users\cheat\source\repos\worktrees\pr-481-1763014665\src\AiDotNet.csproj::TargetFramework=net462]
C:\Users\cheat\source\repos\worktrees\pr-481-1763014665\src\ReinforcementLearning\Agents\Bandits\ThompsonSamplingAgent.cs(148,249): error CS1503: Argument 2: cannot convert from 'AiDotNet.LinearAlgebra.Matrix<T>' to 'AiDotNet.LinearAlgebra.Vector<T>' [C:\Users\cheat\source\repos\worktrees\pr-481-1763014665\src\AiDotNet.csproj::TargetFramework=net462]
C:\Users\cheat\source\repos\worktrees\pr-481-1763014665\src\ReinforcementLearning\Agents\Bandits\ThompsonSamplingAgent.cs(148,317): error CS1503: Argument 1: cannot convert from 'AiDotNet.LinearAlgebra.Matrix<T>' to 'AiDotNet.LinearAlgebra.Vector<T>' [C:\Users\cheat\source\repos\worktrees\pr-481-1763014665\src\AiDotNet.csproj::TargetFramework=net462]
C:\Users\cheat\source\repos\worktrees\pr-481-1763014665\src\ReinforcementLearning\Agents\Bandits\ThompsonSamplingAgent.cs(148,348): error CS1503: Argument 2: cannot convert from 'AiDotNet.LinearAlgebra.Matrix<T>' to 'AiDotNet.LinearAlgebra.Vector<T>' [C:\Users\cheat\source\repos\worktrees\pr-481-1763014665\src\AiDotNet.csproj::TargetFramework=net462]
C:\Users\cheat\source\repos\worktrees\pr-481-1763014665\src\ReinforcementLearning\Agents\DecisionTransformer\DecisionTransformerAgent.cs(294,25): error CS0029: Cannot implicitly convert type 'string' to 'AiDotNet.Enums.ModelType' [C:\Users\cheat\source\repos\worktrees\pr-481-1763014665\src\AiDotNet.csproj::TargetFramework=net462]
C:\Users\cheat\source\repos\worktrees\pr-481-1763014665\src\ReinforcementLearning\Agents\DoubleQLearning\DoubleQLearningAgent.cs(211,25): error CS0029: Cannot implicitly convert type 'string' to 'AiDotNet.Enums.ModelType' [C:\Users\cheat\source\repos\worktrees\pr-481-1763014665\src\AiDotNet.csproj::TargetFramework=net462]
C:\Users\cheat\source\repos\worktrees\pr-481-1763014665\src\ReinforcementLearning\Agents\DDPG\DDPGAgent.cs(336,29): error CS1061: 'NeuralNetwork<T>' does not contain a definition for 'GetFlattenedGradients' and no accessible extension method 'GetFlattenedGradients' accepting a first argument of type 'NeuralNetwork<T>' could be found (are you missing a using directive or an assembly reference?) [C:\Users\cheat\source\repos\worktrees\pr-481-1763014665\src\AiDotNet.csproj::TargetFramework=net462]
C:\Users\cheat\source\repos\worktrees\pr-481-1763014665\src\ReinforcementLearning\Agents\CQL\CQLAgent.cs(370,35): error CS1061: 'NeuralNetwork<T>' does not contain a definition for 'GetLayers' and no accessible extension method 'GetLayers' accepting a first argument of type 'NeuralNetwork<T>' could be found (are you missing a using directive or an assembly reference?) [C:\Users\cheat\source\repos\worktrees\pr-481-1763014665\src\AiDotNet.csproj::TargetFramework=net462]
C:\Users\cheat\source\repos\worktrees\pr-481-1763014665\src\ReinforcementLearning\Agents\CQL\CQLAgent.cs(371,35): error CS1061: 'NeuralNetwork<T>' does not contain a definition for 'GetLayers' and no accessible extension method 'GetLayers' accepting a first argument of type 'NeuralNetwork<T>' could be found (are you missing a using directive or an assembly reference?) [C:\Users\cheat\source\repos\worktrees\pr-481-1763014665\src\AiDotNet.csproj::TargetFramework=net462]
C:\Users\cheat\source\repos\worktrees\pr-481-1763014665\src\ReinforcementLearning\Agents\CQL\CQLAgent.cs(377,49): error CS1061: 'DenseLayer<T>' does not contain a definition for 'GetWeights' and no accessible extension method 'GetWeights' accepting a first argument of type 'DenseLayer<T>' could be found (are you missing a using directive or an assembly reference?) [C:\Users\cheat\source\repos\worktrees\pr-481-1763014665\src\AiDotNet.csproj::TargetFramework=net462]
C:\Users\cheat\source\repos\worktrees\pr-481-1763014665\src\ReinforcementLearning\Agents\CQL\CQLAgent.cs(378,48): error CS1061: 'DenseLayer<T>' does not contain a definition for 'GetBiases' and no accessible extension method 'GetBiases' accepting a first argument of type 'DenseLayer<T>' could be found (are you missing a using directive or an assembly reference?) [C:\Users\cheat\source\repos\worktrees\pr-481-1763014665\src\AiDotNet.csproj::TargetFramework=net462]
C:\Users\cheat\source\repos\worktrees\pr-481-1763014665\src\ReinforcementLearning\Agents\CQL\CQLAgent.cs(379,49): error CS1061: 'DenseLayer<T>' does not contain a definition for 'GetWeights' and no accessible extension method 'GetWeights' accepting a first argument of type 'DenseLayer<T>' could be found (are you missing a using directive or an assembly reference?) [C:\Users\cheat\source\repos\worktrees\pr-481-1763014665\src\AiDotNet.csproj::TargetFramework=net462]
C:\Users\cheat\source\repos\worktrees\pr-481-1763014665\src\ReinforcementLearning\Agents\CQL\CQLAgent.cs(380,48): error CS1061: 'DenseLayer<T>' does not contain a definition for 'GetBiases' and no accessible extension method 'GetBiases' accepting a first argument of type 'DenseLayer<T>' could be found (are you missing a using directive or an assembly reference?) [C:\Users\cheat\source\repos\worktrees\pr-481-1763014665\src\AiDotNet.csproj::TargetFramework=net462]
C:\Users\cheat\source\repos\worktrees\pr-481-1763014665\src\ReinforcementLearning\Agents\CQL\CQLAgent.cs(394,26): error CS0136: A local or parameter named 'i' cannot be declared in this scope because that name is used in an enclosing local scope to define a local or parameter [C:\Users\cheat\source\repos\worktrees\pr-481-1763014665\src\AiDotNet.csproj::TargetFramework=net462]
C:\Users\cheat\source\repos\worktrees\pr-481-1763014665\src\ReinforcementLearning\Agents\CQL\CQLAgent.cs(402,29): error CS1061: 'DenseLayer<T>' does not contain a definition for 'SetBiases' and no accessible extension method 'SetBiases' accepting a first argument of type 'DenseLayer<T>' could be found (are you missing a using directive or an assembly reference?) [C:\Users\cheat\source\repos\worktrees\pr-481-1763014665\src\AiDotNet.csproj::TargetFramework=net462]
C:\Users\cheat\source\repos\worktrees\pr-481-1763014665\src\ReinforcementLearning\Agents\DecisionTransformer\DecisionTransformerAgent.cs(334,41): error CS1061: 'ILossFunction<T>' does not contain a definition for 'ComputeGradient' and no accessible extension method 'ComputeGradient' accepting a first argument of type 'ILossFunction<T>' could be found (are you missing a using directive or an assembly reference?) [C:\Users\cheat\source\repos\worktrees\pr-481-1763014665\src\AiDotNet.csproj::TargetFramework=net462]
C:\Users\cheat\source\repos\worktrees\pr-481-1763014665\src\ReinforcementLearning\Agents\DecisionTransformer\DecisionTransformerAgent.cs(340,29): error CS1061: 'INeuralNetwork<T>' does not contain a definition for 'Backpropagate' and no accessible extension method 'Backpropagate' accepting a first argument of type 'INeuralNetwork<T>' could be found (are you missing a using directive or an assembly reference?) [C:\Users\cheat\source\repos\worktrees\pr-481-1763014665\src\AiDotNet.csproj::TargetFramework=net462]
C:\Users\cheat\source\repos\worktrees\pr-481-1763014665\src\ReinforcementLearning\Agents\DecisionTransformer\DecisionTransformerAgent.cs(341,46): error CS1503: Argument 1: cannot convert from 'T' to 'AiDotNet.LinearAlgebra.Vector<T>' [C:\Users\cheat\source\repos\worktrees\pr-481-1763014665\src\AiDotNet.csproj::TargetFramework=net462]
C:\Users\cheat\source\repos\worktrees\pr-481-1763014665\src\ReinforcementLearning\Agents\CQL\CQLAgent.cs(409,35): error CS1061: 'NeuralNetwork<T>' does not contain a definition for 'GetLayers' and no accessible extension method 'GetLayers' accepting a first argument of type 'NeuralNetwork<T>' could be found (are you missing a using directive or an assembly reference?) [C:\Users\cheat\source\repos\worktrees\pr-481-1763014665\src\AiDotNet.csproj::TargetFramework=net462]
C:\Users\cheat\source\repos\worktrees\pr-481-1763014665\src\ReinforcementLearning\Agents\CQL\CQLAgent.cs(410,35): error CS1061: 'NeuralNetwork<T>' does not contain a definition for 'GetLayers' and no accessible extension method 'GetLayers' accepting a first argument of type 'NeuralNetwork<T>' could be found (are you missing a using directive or an assembly reference?) [C:\Users\cheat\source\repos\worktrees\pr-481-1763014665\src\AiDotNet.csproj::TargetFramework=net462]
C:\Users\cheat\source\repos\worktrees\pr-481-1763014665\src\ReinforcementLearning\Agents\CQL\CQLAgent.cs(416,52): error CS1061: 'DenseLayer<T>' does not contain a definition for 'GetWeights' and no accessible extension method 'GetWeights' accepting a first argument of type 'DenseLayer<T>' could be found (are you missing a using directive or an assembly reference?) [C:\Users\cheat\source\repos\worktrees\pr-481-1763014665\src\AiDotNet.csproj::TargetFramework=net462]
C:\Users\cheat\source\repos\worktrees\pr-481-1763014665\src\ReinforcementLearning\Agents\CQL\CQLAgent.cs(417,51): error CS1061: 'DenseLayer<T>' does not contain a definition for 'GetBiases' and no accessible extension method 'GetBiases' accepting a first argument of type 'DenseLayer<T>' could be found (are you missing a using directive or an assembly reference?) [C:\Users\cheat\source\repos\worktrees\pr-481-1763014665\src\AiDotNet.csproj::TargetFramework=net462]
C:\Users\cheat\source\repos\worktrees\pr-481-1763014665\src\ReinforcementLearning\Agents\CQL\CQLAgent.cs(417,29): error CS1061: 'DenseLayer<T>' does not contain a definition for 'SetBiases' and no accessible extension method 'SetBiases' accepting a first argument of type 'DenseLayer<T>' could be found (are you missing a using directive or an assembly reference?) [C:\Users\cheat\source\repos\worktrees\pr-481-1763014665\src\AiDotNet.csproj::TargetFramework=net462]
C:\Users\cheat\source\repos\worktrees\pr-481-1763014665\src\ReinforcementLearning\Agents\CQL\CQLAgent.cs(533,16): error CS0029: Cannot implicitly convert type '(AiDotNet.LinearAlgebra.Vector<T>, T Zero)' to 'AiDotNet.LinearAlgebra.Vector<T>' [C:\Users\cheat\source\repos\worktrees\pr-481-1763014665\src\AiDotNet.csproj::TargetFramework=net462]
C:\Users\cheat\source\repos\worktrees\pr-481-1763014665\src\ReinforcementLearning\Agents\DQN\DQNAgent.cs(118,100): error CS0246: The type or namespace name 'LinearActivation<>' could not be found (are you missing a using directive or an assembly reference?) [C:\Users\cheat\source\repos\worktrees\pr-481-1763014665\src\AiDotNet.csproj::TargetFramework=net462]
C:\Users\cheat\source\repos\worktrees\pr-481-1763014665\src\ReinforcementLearning\Agents\DQN\DQNAgent.cs(121,32): error CS1729: 'NeuralNetworkArchitecture<T>' does not contain a constructor that takes 0 arguments [C:\Users\cheat\source\repos\worktrees\pr-481-1763014665\src\AiDotNet.csproj::TargetFramework=net462]
C:\Users\cheat\source\repos\worktrees\pr-481-1763014665\src\ReinforcementLearning\Agents\DQN\DQNAgent.cs(123,13): error CS0200: Property or indexer 'NeuralNetworkArchitecture<T>.Layers' cannot be assigned to -- it is read only [C:\Users\cheat\source\repos\worktrees\pr-481-1763014665\src\AiDotNet.csproj::TargetFramework=net462]
C:\Users\cheat\source\repos\worktrees\pr-481-1763014665\src\ReinforcementLearning\Agents\DQN\DQNAgent.cs(124,13): error CS0200: Property or indexer 'NeuralNetworkArchitecture<T>.TaskType' cannot be assigned to -- it is read only [C:\Users\cheat\source\repos\worktrees\pr-481-1763014665\src\AiDotNet.csproj::TargetFramework=net462]
C:\Users\cheat\source\repos\worktrees\pr-481-1763014665\src\ReinforcementLearning\Agents\Dreamer\DreamerAgent.cs(59,12): error CS8618: Non-nullable field '_representationNetwork' must contain a non-null value when exiting constructor. Consider adding the 'required' modifier or declaring the field as nullable. [C:\Users\cheat\source\repos\worktrees\pr-481-1763014665\src\AiDotNet.csproj::TargetFramework=net462]
C:\Users\cheat\source\repos\worktrees\pr-481-1763014665\src\ReinforcementLearning\Agents\Dreamer\DreamerAgent.cs(59,12): error CS8618: Non-nullable field '_dynamicsNetwork' must contain a non-null value when exiting constructor. Consider adding the 'required' modifier or declaring the field as nullable. [C:\Users\cheat\source\repos\worktrees\pr-481-1763014665\src\AiDotNet.csproj::TargetFramework=net462]
C:\Users\cheat\source\repos\worktrees\pr-481-1763014665\src\ReinforcementLearning\Agents\Dreamer\DreamerAgent.cs(59,12): error CS8618: Non-nullable field '_rewardNetwork' must contain a non-null value when exiting constructor. Consider adding the 'required' modifier or declaring the field as nullable. [C:\Users\cheat\source\repos\worktrees\pr-481-1763014665\src\AiDotNet.csproj::TargetFramework=net462]
C:\Users\cheat\source\repos\worktrees\pr-481-1763014665\src\ReinforcementLearning\Agents\Dreamer\DreamerAgent.cs(59,12): error CS8618: Non-nullable field '_continueNetwork' must contain a non-null value when exiting constructor. Consider adding the 'required' modifier or declaring the field as nullable. [C:\Users\cheat\source\repos\worktrees\pr-481-1763014665\src\AiDotNet.csproj::TargetFramework=net462]
C:\Users\cheat\source\repos\worktrees\pr-481-1763014665\src\ReinforcementLearning\Agents\Dreamer\DreamerAgent.cs(59,12): error CS8618: Non-nullable field '_actorNetwork' must contain a non-null value when exiting constructor. Consider adding the 'required' modifier or declaring the field as nullable. [C:\Users\cheat\source\repos\worktrees\pr-481-1763014665\src\AiDotNet.csproj::TargetFramework=net462]
C:\Users\cheat\source\repos\worktrees\pr-481-1763014665\src\ReinforcementLearning\Agents\Dreamer\DreamerAgent.cs(59,12): error CS8618: Non-nullable field '_valueNetwork' must contain a non-null value when exiting constructor. Consider adding the 'required' modifier or declaring the field as nullable. [C:\Users\cheat\source\repos\worktrees\pr-481-1763014665\src\AiDotNet.csproj::TargetFramework=net462]
C:\Users\cheat\source\repos\worktrees\pr-481-1763014665\src\ReinforcementLearning\Agents\Dreamer\DreamerAgent.cs(59,12): error CS8618: Non-nullable field '_replayBuffer' must contain a non-null value when exiting constructor. Consider adding the 'required' modifier or declaring the field as nullable. [C:\Users\cheat\source\repos\worktrees\pr-481-1763014665\src\AiDotNet.csproj::TargetFramework=net462]
C:\Users\cheat\source\repos\worktrees\pr-481-1763014665\src\ReinforcementLearning\Agents\REINFORCE\REINFORCEAgent.cs(59,32): error CS0246: The type or namespace name 'MeanSquaredError<>' could not be found (are you missing a using directive or an assembly reference?) [C:\Users\cheat\source\repos\worktrees\pr-481-1763014665\src\AiDotNet.csproj::TargetFramework=net462]
C:\Users\cheat\source\repos\worktrees\pr-481-1763014665\src\ReinforcementLearning\Agents\DQN\DQNAgent.cs(144,41): error CS1503: Argument 1: cannot convert from 'AiDotNet.LinearAlgebra.Vector<T>' to 'AiDotNet.LinearAlgebra.Tensor<T>' [C:\Users\cheat\source\repos\worktrees\pr-481-1763014665\src\AiDotNet.csproj::TargetFramework=net462]
C:\Users\cheat\source\repos\worktrees\pr-481-1763014665\src\ReinforcementLearning\Agents\DQN\DQNAgent.cs(145,33): error CS1503: Argument 1: cannot convert from 'AiDotNet.LinearAlgebra.Tensor<T>' to 'AiDotNet.LinearAlgebra.Vector<T>' [C:\Users\cheat\source\repos\worktrees\pr-481-1763014665\src\AiDotNet.csproj::TargetFramework=net462]
C:\Users\cheat\source\repos\worktrees\pr-481-1763014665\src\ReinforcementLearning\Agents\DQN\DQNAgent.cs(155,30): error CS0104: 'Experience<>' is an ambiguous reference between 'AiDotNet.NeuralNetworks.Experience<T>' and 'AiDotNet.ReinforcementLearning.ReplayBuffers.Experience<T>' [C:\Users\cheat\source\repos\worktrees\pr-481-1763014665\src\AiDotNet.csproj::TargetFramework=net462]
C:\Users\cheat\source\repos\worktrees\pr-481-1763014665\src\ReinforcementLearning\Agents\REINFORCE\REINFORCEAgent.cs(85,88): error CS0246: The type or namespace name 'LinearActivation<>' could not be found (are you missing a using directive or an assembly reference?) [C:\Users\cheat\source\repos\worktrees\pr-481-1763014665\src\AiDotNet.csproj::TargetFramework=net462]
C:\Users\cheat\source\repos\worktrees\pr-481-1763014665\src\ReinforcementLearning\Agents\REINFORCE\REINFORCEAgent.cs(87,41): error CS1729: 'NeuralNetworkArchitecture<T>' does not contain a constructor that takes 0 arguments [C:\Users\cheat\source\repos\worktrees\pr-481-1763014665\src\AiDotNet.csproj::TargetFramework=net462]
C:\Users\cheat\source\repos\worktrees\pr-481-1763014665\src\ReinforcementLearning\Agents\REINFORCE\REINFORCEAgent.cs(89,13): error CS0200: Property or indexer 'NeuralNetworkArchitecture<T>.Layers' cannot be assigned to -- it is read only [C:\Users\cheat\source\repos\worktrees\pr-481-1763014665\src\AiDotNet.csproj::TargetFramework=net462]
C:\Users\cheat\source\repos\worktrees\pr-481-1763014665\src\ReinforcementLearning\Agents\REINFORCE\REINFORCEAgent.cs(90,13): error CS0200: Property or indexer 'NeuralNetworkArchitecture<T>.TaskType' cannot be assigned to -- it is read only [C:\Users\cheat\source\repos\worktrees\pr-481-1763014665\src\AiDotNet.csproj::TargetFramework=net462]
C:\Users\cheat\source\repos\worktrees\pr-481-1763014665\src\ReinforcementLearning\Agents\DuelingDQN\DuelingDQNAgent.cs(81,13): error CS1503: Argument 3: cannot convert from 'System.Collections.Generic.List<int>' to 'int[]' [C:\Users\cheat\source\repos\worktrees\pr-481-1763014665\src\AiDotNet.csproj::TargetFramework=net462]
C:\Users\cheat\source\repos\worktrees\pr-481-1763014665\src\ReinforcementLearning\Agents\DuelingDQN\DuelingDQNAgent.cs(82,13): error CS1503: Argument 4: cannot convert from 'System.Collections.Generic.List<int>' to 'int[]' [C:\Users\cheat\source\repos\worktrees\pr-481-1763014665\src\AiDotNet.csproj::TargetFramework=net462]
C:\Users\cheat\source\repos\worktrees\pr-481-1763014665\src\ReinforcementLearning\Agents\DuelingDQN\DuelingDQNAgent.cs(83,13): error CS1503: Argument 5: cannot convert from 'System.Collections.Generic.List<int>' to 'int[]' [C:\Users\cheat\source\repos\worktrees\pr-481-1763014665\src\AiDotNet.csproj::TargetFramework=net462]
C:\Users\cheat\source\repos\worktrees\pr-481-1763014665\src\ReinforcementLearning\Agents\DuelingDQN\DuelingDQNAgent.cs(90,13): error CS1503: Argument 3: cannot convert from 'System.Collections.Generic.List<int>' to 'int[]' [C:\Users\cheat\source\repos\worktrees\pr-481-1763014665\src\AiDotNet.csproj::TargetFramework=net462]
C:\Users\cheat\source\repos\worktrees\pr-481-1763014665\src\ReinforcementLearning\Agents\DuelingDQN\DuelingDQNAgent.cs(91,13): error CS1503: Argument 4: cannot convert from 'System.Collections.Generic.List<int>' to 'int[]' [C:\Users\cheat\source\repos\worktrees\pr-481-1763014665\src\AiDotNet.csproj::TargetFramework=net462]
C:\Users\cheat\source\repos\worktrees\pr-481-1763014665\src\ReinforcementLearning\Agents\DuelingDQN\DuelingDQNAgent.cs(92,13): error CS1503: Argument 5: cannot convert from 'System.Collections.Generic.List<int>' to 'int[]' [C:\Users\cheat\source\repos\worktrees\pr-481-1763014665\src\AiDotNet.csproj::TargetFramework=net462]
C:\Users\cheat\source\repos\worktrees\pr-481-1763014665\src\ReinforcementLearning\Agents\Dreamer\DreamerAgent.cs(97,27): error CS7036: There is no argument given that corresponds to the required parameter 'architecture' of 'NeuralNetwork<T>.NeuralNetwork(NeuralNetworkArchitecture<T>, ILossFunction<T>?)' [C:\Users\cheat\source\repos\worktrees\pr-481-1763014665\src\AiDotNet.csproj::TargetFramework=net462]
C:\Users\cheat\source\repos\worktrees\pr-481-1763014665\src\ReinforcementLearning\Agents\Dreamer\DreamerAgent.cs(102,21): error CS7036: There is no argument given that corresponds to the required parameter 'units' of 'NeuralNetworkBase<T>.AddLayer(LayerType, int, ActivationFunction)' [C:\Users\cheat\source\repos\worktrees\pr-481-1763014665\src\AiDotNet.csproj::TargetFramework=net462]
C:\Users\cheat\source\repos\worktrees\pr-481-1763014665\src\ReinforcementLearning\Agents\Dreamer\DreamerAgent.cs(103,57): error CS0246: The type or namespace name 'ReLU<>' could not be found (are you missing a using directive or an assembly reference?) [C:\Users\cheat\source\repos\worktrees\pr-481-1763014665\src\AiDotNet.csproj::TargetFramework=net462]
C:\Users\cheat\source\repos\worktrees\pr-481-1763014665\src\ReinforcementLearning\Agents\Dreamer\DreamerAgent.cs(103,34): error CS1729: 'ActivationLayer<T>' does not contain a constructor that takes 1 arguments [C:\Users\cheat\source\repos\worktrees\pr-481-1763014665\src\AiDotNet.csproj::TargetFramework=net462]
C:\Users\cheat\source\repos\worktrees\pr-481-1763014665\src\ReinforcementLearning\Agents\Dreamer\DreamerAgent.cs(107,17): error CS7036: There is no argument given that corresponds to the required parameter 'units' of 'NeuralNetworkBase<T>.AddLayer(LayerType, int, ActivationFunction)' [C:\Users\cheat\source\repos\worktrees\pr-481-1763014665\src\AiDotNet.csproj::TargetFramework=net462]
C:\Users\cheat\source\repos\worktrees\pr-481-1763014665\src\ReinforcementLearning\Agents\REINFORCE\REINFORCEAgent.cs(97,51): error CS1503: Argument 1: cannot convert from 'AiDotNet.LinearAlgebra.Vector<T>' to 'AiDotNet.LinearAlgebra.Tensor<T>' [C:\Users\cheat\source\repos\worktrees\pr-481-1763014665\src\AiDotNet.csproj::TargetFramework=net462]
C:\Users\cheat\source\repos\worktrees\pr-481-1763014665\src\ReinforcementLearning\Agents\REINFORCE\REINFORCEAgent.cs(101,43): error CS1503: Argument 1: cannot convert from 'AiDotNet.LinearAlgebra.Tensor<T>' to 'AiDotNet.LinearAlgebra.Vector<T>' [C:\Users\cheat\source\repos\worktrees\pr-481-1763014665\src\AiDotNet.csproj::TargetFramework=net462]
C:\Users\cheat\source\repos\worktrees\pr-481-1763014665\src\ReinforcementLearning\Agents\REINFORCE\REINFORCEAgent.cs(105,41): error CS1503: Argument 1: cannot convert from 'AiDotNet.LinearAlgebra.Tensor<T>' to 'AiDotNet.LinearAlgebra.Vector<T>' [C:\Users\cheat\source\repos\worktrees\pr-481-1763014665\src\AiDotNet.csproj::TargetFramework=net462]
C:\Users\cheat\source\repos\worktrees\pr-481-1763014665\src\ReinforcementLearning\Agents\DuelingDQN\DuelingDQNAgent.cs(413,85): error CS0246: The type or namespace name 'LinearActivation<>' could not be found (are you missing a using directive or an assembly reference?) [C:\Users\cheat\source\repos\worktrees\pr-481-1763014665\src\AiDotNet.csproj::TargetFramework=net462]
C:\Users\cheat\source\repos\worktrees\pr-481-1763014665\src\ReinforcementLearning\Agents\DuelingDQN\DuelingDQNAgent.cs(422,98): error CS0246: The type or namespace name 'LinearActivation<>' could not be found (are you missing a using directive or an assembly reference?) [C:\Users\cheat\source\repos\worktrees\pr-481-1763014665\src\AiDotNet.csproj::TargetFramework=net462]
C:\Users\cheat\source\repos\worktrees\pr-481-1763014665\src\ReinforcementLearning\Agents\DuelingDQN\DuelingDQNAgent.cs(110,33): error CS1061: 'DuelingNetwork<T>' does not contain a definition for 'Predict' and no accessible extension method 'Predict' accepting a first argument of type 'DuelingNetwork<T>' could be found (are you missing a using directive or an assembly reference?) [C:\Users\cheat\source\repos\worktrees\pr-481-1763014665\src\AiDotNet.csproj::TargetFramework=net462]
C:\Users\cheat\source\repos\worktrees\pr-481-1763014665\src\ReinforcementLearning\Agents\DuelingDQN\DuelingDQNAgent.cs(121,31): error CS0104: 'Experience<>' is an ambiguous reference between 'AiDotNet.NeuralNetworks.Experience<T>' and 'AiDotNet.ReinforcementLearning.ReplayBuffers.Experience<T>' [C:\Users\cheat\source\repos\worktrees\pr-481-1763014665\src\AiDotNet.csproj::TargetFramework=net462]
C:\Users\cheat\source\repos\worktrees\pr-481-1763014665\src\ReinforcementLearning\Agents\DuelingDQN\DuelingDQNAgent.cs(431,42): error CS1503: Argument 1: cannot convert from 'AiDotNet.LinearAlgebra.Vector<T>' to 'AiDotNet.LinearAlgebra.Tensor<T>' [C:\Users\cheat\source\repos\worktrees\pr-481-1763014665\src\AiDotNet.csproj::TargetFramework=net462]
C:\Users\cheat\source\repos\worktrees\pr-481-1763014665\src\ReinforcementLearning\Agents\DuelingDQN\DuelingDQNAgent.cs(439,41): error CS1503: Argument 1: cannot convert from 'AiDotNet.LinearAlgebra.Vector<T>' to 'AiDotNet.LinearAlgebra.Tensor<T>' [C:\Users\cheat\source\repos\worktrees\pr-481-1763014665\src\AiDotNet.csproj::TargetFramework=net462]
C:\Users\cheat\source\repos\worktrees\pr-481-1763014665\src\ReinforcementLearning\Agents\DuelingDQN\DuelingDQNAgent.cs(448,45): error CS1503: Argument 1: cannot convert from 'AiDotNet.LinearAlgebra.Vector<T>' to 'AiDotNet.LinearAlgebra.Tensor<T>' [C:\Users\cheat\source\repos\worktrees\pr-481-1763014665\src\AiDotNet.csproj::TargetFramework=net462]
C:\Users\cheat\source\repos\worktrees\pr-481-1763014665\src\ReinforcementLearning\Agents\DQN\DQNAgent.cs(189,58): error CS1503: Argument 1: cannot convert from 'AiDotNet.LinearAlgebra.Vector<T>' to 'AiDotNet.LinearAlgebra.Tensor<T>' [C:\Users\cheat\source\repos\worktrees\pr-481-1763014665\src\AiDotNet.csproj::TargetFramework=net462]
C:\Users\cheat\source\repos\worktrees\pr-481-1763014665\src\ReinforcementLearning\Agents\DQN\DQNAgent.cs(190,36): error CS1503: Argument 1: cannot convert from 'AiDotNet.LinearAlgebra.Tensor<T>' to 'AiDotNet.LinearAlgebra.Vector<T>' [C:\Users\cheat\source\repos\worktrees\pr-481-1763014665\src\AiDotNet.csproj::TargetFramework=net462]
C:\Users\cheat\source\repos\worktrees\pr-481-1763014665\src\ReinforcementLearning\Agents\DQN\DQNAgent.cs(196,52): error CS1503: Argument 1: cannot convert from 'AiDotNet.LinearAlgebra.Vector<T>' to 'AiDotNet.LinearAlgebra.Tensor<T>' [C:\Users\cheat\source\repos\worktrees\pr-481-1763014665\src\AiDotNet.csproj::TargetFramework=net462]
C:\Users\cheat\source\repos\worktrees\pr-481-1763014665\src\ReinforcementLearning\Agents\DQN\DQNAgent.cs(204,51): error CS1503: Argument 1: cannot convert from 'AiDotNet.LinearAlgebra.Tensor<T>' to 'AiDotNet.LinearAlgebra.Vector<T>' [C:\Users\cheat\source\repos\worktrees\pr-481-1763014665\src\AiDotNet.csproj::TargetFramework=net462]
C:\Users\cheat\source\repos\worktrees\pr-481-1763014665\src\ReinforcementLearning\Agents\DQN\DQNAgent.cs(204,67): error CS1503: Argument 2: cannot convert from 'AiDotNet.LinearAlgebra.Tensor<T>' to 'AiDotNet.LinearAlgebra.Vector<T>' [C:\Users\cheat\source\repos\worktrees\pr-481-1763014665\src\AiDotNet.csproj::TargetFramework=net462]
C:\Users\cheat\source\repos\worktrees\pr-481-1763014665\src\ReinforcementLearning\Agents\DQN\DQNAgent.cs(208,42): error CS1061: 'ILossFunction<T>' does not contain a definition for 'ComputeGradient' and no accessible extension method 'ComputeGradient' accepting a first argument of type 'ILossFunction<T>' could be found (are you missing a using directive or an assembly reference?) [C:\Users\cheat\source\repos\worktrees\pr-481-1763014665\src\AiDotNet.csproj::TargetFramework=net462]
C:\Users\cheat\source\repos\worktrees\pr-481-1763014665\src\ReinforcementLearning\Agents\DQN\DQNAgent.cs(213,44): error CS1061: 'NeuralNetwork<T>' does not contain a definition for 'GetFlattenedGradients' and no accessible extension method 'GetFlattenedGradients' accepting a first argument of type 'NeuralNetwork<T>' could be found (are you missing a using directive or an assembly reference?) [C:\Users\cheat\source\repos\worktrees\pr-481-1763014665\src\AiDotNet.csproj::TargetFramework=net462]
C:\Users\cheat\source\repos\worktrees\pr-481-1763014665\src\ReinforcementLearning\Agents\DoubleDQN\DoubleDQNAgent.cs(109,97): error CS0246: The type or namespace name 'LinearActivation<>' could not be found (are you missing a using directive or an assembly reference?) [C:\Users\cheat\source\repos\worktrees\pr-481-1763014665\src\AiDotNet.csproj::TargetFramework=net462]
C:\Users\cheat\source\repos\worktrees\pr-481-1763014665\src\ReinforcementLearning\Agents\DoubleDQN\DoubleDQNAgent.cs(111,32): error CS1729: 'NeuralNetworkArchitecture<T>' does not contain a constructor that takes 0 arguments [C:\Users\cheat\source\repos\worktrees\pr-481-1763014665\src\AiDotNet.csproj::TargetFramework=net462]
C:\Users\cheat\source\repos\worktrees\pr-481-1763014665\src\ReinforcementLearning\Agents\DoubleDQN\DoubleDQNAgent.cs(113,13): error CS0200: Property or indexer 'NeuralNetworkArchitecture<T>.Layers' cannot be assigned to -- it is read only [C:\Users\cheat\source\repos\worktrees\pr-481-1763014665\src\AiDotNet.csproj::TargetFramework=net462]
C:\Users\cheat\source\repos\worktrees\pr-481-1763014665\src\ReinforcementLearning\Agents\DoubleDQN\DoubleDQNAgent.cs(114,13): error CS0200: Property or indexer 'NeuralNetworkArchitecture<T>.TaskType' cannot be assigned to -- it is read only [C:\Users\cheat\source\repos\worktrees\pr-481-1763014665\src\AiDotNet.csproj::TargetFramework=net462]
C:\Users\cheat\source\repos\worktrees\pr-481-1763014665\src\ReinforcementLearning\Agents\DuelingDQN\DuelingDQNAgent.cs(149,51): error CS1061: 'DuelingNetwork<T>' does not contain a definition for 'Predict' and no accessible extension method 'Predict' accepting a first argument of type 'DuelingNetwork<T>' could be found (are you missing a using directive or an assembly reference?) [C:\Users\cheat\source\repos\worktrees\pr-481-1763014665\src\AiDotNet.csproj::TargetFramework=net462]
C:\Users\cheat\source\repos\worktrees\pr-481-1763014665\src\ReinforcementLearning\Agents\DuelingDQN\DuelingDQNAgent.cs(153,56): error CS1061: 'DuelingNetwork<T>' does not contain a definition for 'Predict' and no accessible extension method 'Predict' accepting a first argument of type 'DuelingNetwork<T>' could be found (are you missing a using directive or an assembly reference?) [C:\Users\cheat\source\repos\worktrees\pr-481-1763014665\src\AiDotNet.csproj::TargetFramework=net462]
C:\Users\cheat\source\repos\worktrees\pr-481-1763014665\src\ReinforcementLearning\Agents\DuelingDQN\DuelingDQNAgent.cs(160,44): error CS1061: 'DuelingNetwork<T>' does not contain a definition for 'Predict' and no accessible extension method 'Predict' accepting a first argument of type 'DuelingNetwork<T>' could be found (are you missing a using directive or an assembly reference?) [C:\Users\cheat\source\repos\worktrees\pr-481-1763014665\src\AiDotNet.csproj::TargetFramework=net462]
C:\Users\cheat\source\repos\worktrees\pr-481-1763014665\src\ReinforcementLearning\Agents\DuelingDQN\DuelingDQNAgent.cs(170,42): error CS1061: 'ILossFunction<T>' does not contain a definition for 'ComputeGradient' and no accessible extension method 'ComputeGradient' accepting a first argument of type 'ILossFunction<T>' could be found (are you missing a using directive or an assembly reference?) [C:\Users\cheat\source\repos\worktrees\pr-481-1763014665\src\AiDotNet.csproj::TargetFramework=net462]
C:\Users\cheat\source\repos\worktrees\pr-481-1763014665\src\ReinforcementLearning\Agents\DuelingDQN\DuelingDQNAgent.cs(171,23): error CS1061: 'DuelingNetwork<T>' does not contain a definition for 'Backpropagate' and no accessible extension method 'Backpropagate' accepting a first argument of type 'DuelingNetwork<T>' could be found (are you missing a using directive or an assembly reference?) [C:\Users\cheat\source\repos\worktrees\pr-481-1763014665\src\AiDotNet.csproj::TargetFramework=net462]
C:\Users\cheat\source\repos\worktrees\pr-481-1763014665\src\ReinforcementLearning\Agents\DuelingDQN\DuelingDQNAgent.cs(174,23): error CS1061: 'DuelingNetwork<T>' does not contain a definition for 'UpdateParameters' and no accessible extension method 'UpdateParameters' accepting a first argument of type 'DuelingNetwork<T>' could be found (are you missing a using directive or an assembly reference?) [C:\Users\cheat\source\repos\worktrees\pr-481-1763014665\src\AiDotNet.csproj::TargetFramework=net462]
C:\Users\cheat\source\repos\worktrees\pr-481-1763014665\src\ReinforcementLearning\Agents\DoubleDQN\DoubleDQNAgent.cs(131,41): error CS1503: Argument 1: cannot convert from 'AiDotNet.LinearAlgebra.Vector<T>' to 'AiDotNet.LinearAlgebra.Tensor<T>' [C:\Users\cheat\source\repos\worktrees\pr-481-1763014665\src\AiDotNet.csproj::TargetFramework=net462]
C:\Users\cheat\source\repos\worktrees\pr-481-1763014665\src\ReinforcementLearning\Agents\DoubleDQN\DoubleDQNAgent.cs(132,33): error CS1503: Argument 1: cannot convert from 'AiDotNet.LinearAlgebra.Tensor<T>' to 'AiDotNet.LinearAlgebra.Vector<T>' [C:\Users\cheat\source\repos\worktrees\pr-481-1763014665\src\AiDotNet.csproj::TargetFramework=net462]
C:\Users\cheat\source\repos\worktrees\pr-481-1763014665\src\ReinforcementLearning\Agents\DoubleDQN\DoubleDQNAgent.cs(142,31): error CS0104: 'Experience<>' is an ambiguous reference between 'AiDotNet.NeuralNetworks.Experience<T>' and 'AiDotNet.ReinforcementLearning.ReplayBuffers.Experience<T>' [C:\Users\cheat\source\repos\worktrees\pr-481-1763014665\src\AiDotNet.csproj::TargetFramework=net462]
C:\Users\cheat\source\repos\worktrees\pr-481-1763014665\src\ReinforcementLearning\Agents\Dreamer\DreamerAgent.cs(114,27): error CS7036: There is no argument given that corresponds to the required parameter 'architecture' of 'NeuralNetwork<T>.NeuralNetwork(NeuralNetworkArchitecture<T>, ILossFunction<T>?)' [C:\Users\cheat\source\repos\worktrees\pr-481-1763014665\src\AiDotNet.csproj::TargetFramework=net462]
C:\Users\cheat\source\repos\worktrees\pr-481-1763014665\src\ReinforcementLearning\Agents\Dreamer\DreamerAgent.cs(119,21): error CS7036: There is no argument given that corresponds to the required parameter 'units' of 'NeuralNetworkBase<T>.AddLayer(LayerType, int, ActivationFunction)' [C:\Users\cheat\source\repos\worktrees\pr-481-1763014665\src\AiDotNet.csproj::TargetFramework=net462]
C:\Users\cheat\source\repos\worktrees\pr-481-1763014665\src\ReinforcementLearning\Agents\Dreamer\DreamerAgent.cs(120,57): error CS0246: The type or namespace name 'ReLU<>' could not be found (are you missing a using directive or an assembly reference?) [C:\Users\cheat\source\repos\worktrees\pr-481-1763014665\src\AiDotNet.csproj::TargetFramework=net462]
C:\Users\cheat\source\repos\worktrees\pr-481-1763014665\src\ReinforcementLearning\Agents\Dreamer\DreamerAgent.cs(120,34): error CS1729: 'ActivationLayer<T>' does not contain a constructor that takes 1 arguments [C:\Users\cheat\source\repos\worktrees\pr-481-1763014665\src\AiDotNet.csproj::TargetFramework=net462]
C:\Users\cheat\source\repos\worktrees\pr-481-1763014665\src\ReinforcementLearning\Agents\Dreamer\DreamerAgent.cs(124,17): error CS7036: There is no argument given that corresponds to the required parameter 'units' of 'NeuralNetworkBase<T>.AddLayer(LayerType, int, ActivationFunction)' [C:\Users\cheat\source\repos\worktrees\pr-481-1763014665\src\AiDotNet.csproj::TargetFramework=net462]
C:\Users\cheat\source\repos\worktrees\pr-481-1763014665\src\ReinforcementLearning\Agents\Dreamer\DreamerAgent.cs(125,53): error CS0246: The type or namespace name 'Tanh<>' could not be found (are you missing a using directive or an assembly reference?) [C:\Users\cheat\source\repos\worktrees\pr-481-1763014665\src\AiDotNet.csproj::TargetFramework=net462]
C:\Users\cheat\source\repos\worktrees\pr-481-1763014665\src\ReinforcementLearning\Agents\Dreamer\DreamerAgent.cs(125,30): error CS1729: 'ActivationLayer<T>' does not contain a constructor that takes 1 arguments [C:\Users\cheat\source\repos\worktrees\pr-481-1763014665\src\AiDotNet.csproj::TargetFramework=net462]
C:\Users\cheat\source\repos\worktrees\pr-481-1763014665\src\ReinforcementLearning\Agents\AdvancedRL\LSPIAgent.cs(170,28): error CS1061: 'INumericOperations<T>' does not contain a definition for 'Compare' and no accessible extension method 'Compare' accepting a first argument of type 'INumericOperations<T>' could be found (are you missing a using directive or an assembly reference?) [C:\Users\cheat\source\repos\worktrees\pr-481-1763014665\src\AiDotNet.csproj::TargetFramework=net462]
C:\Users\cheat\source\repos\worktrees\pr-481-1763014665\src\ReinforcementLearning\Agents\DynamicProgramming\ValueIterationAgent.cs(130,23): error CS1061: 'INumericOperations<T>' does not contain a definition for 'Compare' and no accessible extension method 'Compare' accepting a first argument of type 'INumericOperations<T>' could be found (are you missing a using directive or an assembly reference?) [C:\Users\cheat\source\repos\worktrees\pr-481-1763014665\src\AiDotNet.csproj::TargetFramework=net462]
C:\Users\cheat\source\repos\worktrees\pr-481-1763014665\src\ReinforcementLearning\Agents\DynamicProgramming\ValueIterationAgent.cs(121,36): error CS1061: 'INumericOperations<T>' does not contain a definition for 'Compare' and no accessible extension method 'Compare' accepting a first argument of type 'INumericOperations<T>' could be found (are you missing a using directive or an assembly reference?) [C:\Users\cheat\source\repos\worktrees\pr-481-1763014665\src\AiDotNet.csproj::TargetFramework=net462]
C:\Users\cheat\source\repos\worktrees\pr-481-1763014665\src\ReinforcementLearning\Agents\Dreamer\DreamerAgent.cs(138,58): error CS1503: Argument 1: cannot convert from 'AiDotNet.LinearAlgebra.Vector<T>' to 'AiDotNet.LinearAlgebra.Tensor<T>' [C:\Users\cheat\source\repos\worktrees\pr-481-1763014665\src\AiDotNet.csproj::TargetFramework=net462]
C:\Users\cheat\source\repos\worktrees\pr-481-1763014665\src\ReinforcementLearning\Agents\Dreamer\DreamerAgent.cs(154,16): error CS0029: Cannot implicitly convert type 'AiDotNet.LinearAlgebra.Tensor<T>' to 'AiDotNet.LinearAlgebra.Vector<T>' [C:\Users\cheat\source\repos\worktrees\pr-481-1763014665\src\AiDotNet.csproj::TargetFramework=net462]
C:\Users\cheat\source\repos\worktrees\pr-481-1763014665\src\ReinforcementLearning\Agents\Dreamer\DreamerAgent.cs(159,23): error CS1501: No overload for method 'Add' takes 5 arguments [C:\Users\cheat\source\repos\worktrees\pr-481-1763014665\src\AiDotNet.csproj::TargetFramework=net462]
C:\Users\cheat\source\repos\worktrees\pr-481-1763014665\src\ReinforcementLearning\Agents\Dreamer\DreamerAgent.cs(172,44): error CS1503: Argument 1: cannot convert from 'System.Collections.Generic.List<AiDotNet.ReinforcementLearning.ReplayBuffers.Experience<T>>' to 'System.Collections.Generic.List<(AiDotNet.LinearAlgebra.Vector<T> observation, AiDotNet.LinearAlgebra.Vector<T> action, T reward, AiDotNet.LinearAlgebra.Vector<T> nextObservation, bool done)>' [C:\Users\cheat\source\repos\worktrees\pr-481-1763014665\src\AiDotNet.csproj::TargetFramework=net462]
C:\Users\cheat\source\repos\worktrees\pr-481-1763014665\src\ReinforcementLearning\Agents\DoubleDQN\DoubleDQNAgent.cs(170,59): error CS1503: Argument 1: cannot convert from 'AiDotNet.LinearAlgebra.Vector<T>' to 'AiDotNet.LinearAlgebra.Tensor<T>' [C:\Users\cheat\source\repos\worktrees\pr-481-1763014665\src\AiDotNet.csproj::TargetFramework=net462]
C:\Users\cheat\source\repos\worktrees\pr-481-1763014665\src\ReinforcementLearning\Agents\DoubleDQN\DoubleDQNAgent.cs(171,46): error CS1503: Argument 1: cannot convert from 'AiDotNet.LinearAlgebra.Tensor<T>' to 'AiDotNet.LinearAlgebra.Vector<T>' [C:\Users\cheat\source\repos\worktrees\pr-481-1763014665\src\AiDotNet.csproj::TargetFramework=net462]
C:\Users\cheat\source\repos\worktrees\pr-481-1763014665\src\ReinforcementLearning\Agents\DoubleDQN\DoubleDQNAgent.cs(174,64): error CS1503: Argument 1: cannot convert from 'AiDotNet.LinearAlgebra.Vector<T>' to 'AiDotNet.LinearAlgebra.Tensor<T>' [C:\Users\cheat\source\repos\worktrees\pr-481-1763014665\src\AiDotNet.csproj::TargetFramework=net462]
C:\Users\cheat\source\repos\worktrees\pr-481-1763014665\src\ReinforcementLearning\Agents\DoubleDQN\DoubleDQNAgent.cs(181,52): error CS1503: Argument 1: cannot convert from 'AiDotNet.LinearAlgebra.Vector<T>' to 'AiDotNet.LinearAlgebra.Tensor<T>' [C:\Users\cheat\source\repos\worktrees\pr-481-1763014665\src\AiDotNet.csproj::TargetFramework=net462]
C:\Users\cheat\source\repos\worktrees\pr-481-1763014665\src\ReinforcementLearning\Agents\DoubleDQN\DoubleDQNAgent.cs(187,51): error CS1503: Argument 1: cannot convert from 'AiDotNet.LinearAlgebra.Tensor<T>' to 'AiDotNet.LinearAlgebra.Vector<T>' [C:\Users\cheat\source\repos\worktrees\pr-481-1763014665\src\AiDotNet.csproj::TargetFramework=net462]
C:\Users\cheat\source\repos\worktrees\pr-481-1763014665\src\ReinforcementLearning\Agents\DoubleDQN\DoubleDQNAgent.cs(187,67): error CS1503: Argument 2: cannot convert from 'AiDotNet.LinearAlgebra.Tensor<T>' to 'AiDotNet.LinearAlgebra.Vector<T>' [C:\Users\cheat\source\repos\worktrees\pr-481-1763014665\src\AiDotNet.csproj::TargetFramework=net462]
C:\Users\cheat\source\repos\worktrees\pr-481-1763014665\src\ReinforcementLearning\Agents\DoubleDQN\DoubleDQNAgent.cs(190,42): error CS1061: 'ILossFunction<T>' does not contain a definition for 'ComputeGradient' and no accessible extension method 'ComputeGradient' accepting a first argument of type 'ILossFunction<T>' could be found (are you missing a using directive or an assembly reference?) [C:\Users\cheat\source\repos\worktrees\pr-481-1763014665\src\AiDotNet.csproj::TargetFramework=net462]
C:\Users\cheat\source\repos\worktrees\pr-481-1763014665\src\ReinforcementLearning\Agents\DoubleDQN\DoubleDQNAgent.cs(194,44): error CS1061: 'NeuralNetwork<T>' does not contain a definition for 'GetFlattenedGradients' and no accessible extension method 'GetFlattenedGradients' accepting a first argument of type 'NeuralNetwork<T>' could be found (are you missing a using directive or an assembly reference?) [C:\Users\cheat\source\repos\worktrees\pr-481-1763014665\src\AiDotNet.csproj::TargetFramework=net462]
C:\Users\cheat\source\repos\worktrees\pr-481-1763014665\src\ReinforcementLearning\Agents\DQN\DQNAgent.cs(357,40): error CS1503: Argument 1: cannot convert from 'AiDotNet.LinearAlgebra.Vector<T>' to 'AiDotNet.LinearAlgebra.Tensor<T>' [C:\Users\cheat\source\repos\worktrees\pr-481-1763014665\src\AiDotNet.csproj::TargetFramework=net462]
C:\Users\cheat\source\repos\worktrees\pr-481-1763014665\src\ReinforcementLearning\Agents\DQN\DQNAgent.cs(358,44): error CS1503: Argument 1: cannot convert from 'AiDotNet.LinearAlgebra.Tensor<T>' to 'AiDotNet.LinearAlgebra.Vector<T>' [C:\Users\cheat\source\repos\worktrees\pr-481-1763014665\src\AiDotNet.csproj::TargetFramework=net462]
C:\Users\cheat\source\repos\worktrees\pr-481-1763014665\src\ReinforcementLearning\Agents\DQN\DQNAgent.cs(359,29): error CS1061: 'ILossFunction<T>' does not contain a definition for 'ComputeGradient' and no accessible extension method 'ComputeGradient' accepting a first argument of type 'ILossFunction<T>' could be found (are you missing a using directive or an assembly reference?) [C:\Users\cheat\source\repos\worktrees\pr-481-1763014665\src\AiDotNet.csproj::TargetFramework=net462]
C:\Users\cheat\source\repos\worktrees\pr-481-1763014665\src\ReinforcementLearning\Agents\DQN\DQNAgent.cs(362,40): error CS1061: 'NeuralNetwork<T>' does not contain a definition for 'GetFlattenedGradients' and no accessible extension method 'GetFlattenedGradients' accepting a first argument of type 'NeuralNetwork<T>' could be found (are you missing a using directive or an assembly reference?) [C:\Users\cheat\source\repos\worktrees\pr-481-1763014665\src\AiDotNet.csproj::TargetFramework=net462]
C:\Users\cheat\source\repos\worktrees\pr-481-1763014665\src\ReinforcementLearning\Agents\IQL\IQLAgent.cs(58,46): error CS1729: 'DeepReinforcementLearningAgentBase<T>' does not contain a constructor that takes 2 arguments [C:\Users\cheat\source\repos\worktrees\pr-481-1763014665\src\AiDotNet.csproj::TargetFramework=net462]
C:\Users\cheat\source\repos\worktrees\pr-481-1763014665\src\ReinforcementLearning\Agents\IQL\IQLAgent.cs(58,12): error CS8618: Non-nullable field '_policyNetwork' must contain a non-null value when exiting constructor. Consider adding the 'required' modifier or declaring the field as nullable. [C:\Users\cheat\source\repos\worktrees\pr-481-1763014665\src\AiDotNet.csproj::TargetFramework=net462]
C:\Users\cheat\source\repos\worktrees\pr-481-1763014665\src\ReinforcementLearning\Agents\IQL\IQLAgent.cs(58,12): error CS8618: Non-nullable field '_valueNetwork' must contain a non-null value when exiting constructor. Consider adding the 'required' modifier or declaring the field as nullable. [C:\Users\cheat\source\repos\worktrees\pr-481-1763014665\src\AiDotNet.csproj::TargetFramework=net462]
C:\Users\cheat\source\repos\worktrees\pr-481-1763014665\src\ReinforcementLearning\Agents\IQL\IQLAgent.cs(58,12): error CS8618: Non-nullable field '_q1Network' must contain a non-null value when exiting constructor. Consider adding the 'required' modifier or declaring the field as nullable. [C:\Users\cheat\source\repos\worktrees\pr-481-1763014665\src\AiDotNet.csproj::TargetFramework=net462]
C:\Users\cheat\source\repos\worktrees\pr-481-1763014665\src\ReinforcementLearning\Agents\IQL\IQLAgent.cs(58,12): error CS8618: Non-nullable field '_q2Network' must contain a non-null value when exiting constructor. Consider adding the 'required' modifier or declaring the field as nullable. [C:\Users\cheat\source\repos\worktrees\pr-481-1763014665\src\AiDotNet.csproj::TargetFramework=net462]
C:\Users\cheat\source\repos\worktrees\pr-481-1763014665\src\ReinforcementLearning\Agents\IQL\IQLAgent.cs(58,12): error CS8618: Non-nullable field '_targetValueNetwork' must contain a non-null value when exiting constructor. Consider adding the 'required' modifier or declaring the field as nullable. [C:\Users\cheat\source\repos\worktrees\pr-481-1763014665\src\AiDotNet.csproj::TargetFramework=net462]
C:\Users\cheat\source\repos\worktrees\pr-481-1763014665\src\ReinforcementLearning\Agents\IQL\IQLAgent.cs(58,12): error CS8618: Non-nullable field '_offlineBuffer' must contain a non-null value when exiting constructor. Consider adding the 'required' modifier or declaring the field as nullable. [C:\Users\cheat\source\repos\worktrees\pr-481-1763014665\src\AiDotNet.csproj::TargetFramework=net462]
C:\Users\cheat\source\repos\worktrees\pr-481-1763014665\src\ReinforcementLearning\Agents\MADDPG\MADDPGAgent.cs(54,12): error CS8618: Non-nullable field '_actorNetworks' must contain a non-null value when exiting constructor. Consider adding the 'required' modifier or declaring the field as nullable. [C:\Users\cheat\source\repos\worktrees\pr-481-1763014665\src\AiDotNet.csproj::TargetFramework=net462]
C:\Users\cheat\source\repos\worktrees\pr-481-1763014665\src\ReinforcementLearning\Agents\MADDPG\MADDPGAgent.cs(54,12): error CS8618: Non-nullable field '_targetActorNetworks' must contain a non-null value when exiting constructor. Consider adding the 'required' modifier or declaring the field as nullable. [C:\Users\cheat\source\repos\worktrees\pr-481-1763014665\src\AiDotNet.csproj::TargetFramework=net462]
C:\Users\cheat\source\repos\worktrees\pr-481-1763014665\src\ReinforcementLearning\Agents\MADDPG\MADDPGAgent.cs(54,12): error CS8618: Non-nullable field '_criticNetworks' must contain a non-null value when exiting constructor. Consider adding the 'required' modifier or declaring the field as nullable. [C:\Users\cheat\source\repos\worktrees\pr-481-1763014665\src\AiDotNet.csproj::TargetFramework=net462]
C:\Users\cheat\source\repos\worktrees\pr-481-1763014665\src\ReinforcementLearning\Agents\MADDPG\MADDPGAgent.cs(54,12): error CS8618: Non-nullable field '_targetCriticNetworks' must contain a non-null value when exiting constructor. Consider adding the 'required' modifier or declaring the field as nullable. [C:\Users\cheat\source\repos\worktrees\pr-481-1763014665\src\AiDotNet.csproj::TargetFramework=net462]
C:\Users\cheat\source\repos\worktrees\pr-481-1763014665\src\ReinforcementLearning\Agents\MADDPG\MADDPGAgent.cs(54,12): error CS8618: Non-nullable field '_replayBuffer' must contain a non-null value when exiting constructor. Consider adding the 'required' modifier or declaring the field as nullable. [C:\Users\cheat\source\repos\worktrees\pr-481-1763014665\src\AiDotNet.csproj::TargetFramework=net462]
C:\Users\cheat\source\repos\worktrees\pr-481-1763014665\src\ReinforcementLearning\Agents\DynamicProgramming\ValueIterationAgent.cs(215,25): error CS0029: Cannot implicitly convert type 'string' to 'AiDotNet.Enums.ModelType' [C:\Users\cheat\source\repos\worktrees\pr-481-1763014665\src\AiDotNet.csproj::TargetFramework=net462]
C:\Users\cheat\source\repos\worktrees\pr-481-1763014665\src\ReinforcementLearning\Agents\IQL\IQLAgent.cs(82,27): error CS7036: There is no argument given that corresponds to the required parameter 'architecture' of 'NeuralNetwork<T>.NeuralNetwork(NeuralNetworkArchitecture<T>, ILossFunction<T>?)' [C:\Users\cheat\source\repos\worktrees\pr-481-1763014665\src\AiDotNet.csproj::TargetFramework=net462]
C:\Users\cheat\source\repos\worktrees\pr-481-1763014665\src\ReinforcementLearning\Agents\IQL\IQLAgent.cs(87,21): error CS7036: There is no argument given that corresponds to the required parameter 'units' of 'NeuralNetworkBase<T>.AddLayer(LayerType, int, ActivationFunction)' [C:\Users\cheat\source\repos\worktrees\pr-481-1763014665\src\AiDotNet.csproj::TargetFramework=net462]
C:\Users\cheat\source\repos\worktrees\pr-481-1763014665\src\ReinforcementLearning\Agents\IQL\IQLAgent.cs(88,57): error CS0246: The type or namespace name 'ReLU<>' could not be found (are you missing a using directive or an assembly reference?) [C:\Users\cheat\source\repos\worktrees\pr-481-1763014665\src\AiDotNet.csproj::TargetFramework=net462]
C:\Users\cheat\source\repos\worktrees\pr-481-1763014665\src\ReinforcementLearning\Agents\IQL\IQLAgent.cs(88,34): error CS1729: 'ActivationLayer<T>' does not contain a constructor that takes 1 arguments [C:\Users\cheat\source\repos\worktrees\pr-481-1763014665\src\AiDotNet.csproj::TargetFramework=net462]
C:\Users\cheat\source\repos\worktrees\pr-481-1763014665\src\ReinforcementLearning\Agents\IQL\IQLAgent.cs(93,17): error CS7036: There is no argument given that corresponds to the required parameter 'units' of 'NeuralNetworkBase<T>.AddLayer(LayerType, int, ActivationFunction)' [C:\Users\cheat\source\repos\worktrees\pr-481-1763014665\src\AiDotNet.csproj::TargetFramework=net462]
C:\Users\cheat\source\repos\worktrees\pr-481-1763014665\src\ReinforcementLearning\Agents\IQL\IQLAgent.cs(100,27): error CS7036: There is no argument given that corresponds to the required parameter 'architecture' of 'NeuralNetwork<T>.NeuralNetwork(NeuralNetworkArchitecture<T>, ILossFunction<T>?)' [C:\Users\cheat\source\repos\worktrees\pr-481-1763014665\src\AiDotNet.csproj::TargetFramework=net462]
C:\Users\cheat\source\repos\worktrees\pr-481-1763014665\src\ReinforcementLearning\Agents\IQL\IQLAgent.cs(105,21): error CS7036: There is no argument given that corresponds to the required parameter 'units' of 'NeuralNetworkBase<T>.AddLayer(LayerType, int, ActivationFunction)' [C:\Users\cheat\source\repos\worktrees\pr-481-1763014665\src\AiDotNet.csproj::TargetFramework=net462]
C:\Users\cheat\source\repos\worktrees\pr-481-1763014665\src\ReinforcementLearning\Agents\IQL\IQLAgent.cs(106,57): error CS0246: The type or namespace name 'ReLU<>' could not be found (are you missing a using directive or an assembly reference?) [C:\Users\cheat\source\repos\worktrees\pr-481-1763014665\src\AiDotNet.csproj::TargetFramework=net462]
C:\Users\cheat\source\repos\worktrees\pr-481-1763014665\src\ReinforcementLearning\Agents\IQL\IQLAgent.cs(106,34): error CS1729: 'ActivationLayer<T>' does not contain a constructor that takes 1 arguments [C:\Users\cheat\source\repos\worktrees\pr-481-1763014665\src\AiDotNet.csproj::TargetFramework=net462]
C:\Users\cheat\source\repos\worktrees\pr-481-1763014665\src\ReinforcementLearning\Agents\IQL\IQLAgent.cs(110,17): error CS7036: There is no argument given that corresponds to the required parameter 'units' of 'NeuralNetworkBase<T>.AddLayer(LayerType, int, ActivationFunction)' [C:\Users\cheat\source\repos\worktrees\pr-481-1763014665\src\AiDotNet.csproj::TargetFramework=net462]
C:\Users\cheat\source\repos\worktrees\pr-481-1763014665\src\ReinforcementLearning\Agents\Dreamer\DreamerAgent.cs(189,73): error CS1061: '(Vector<T> observation, Vector<T> action, T reward, Vector<T> nextObservation, bool done)' does not contain a definition for 'State' and no accessible extension method 'State' accepting a first argument of type '(Vector<T> observation, Vector<T> action, T reward, Vector<T> nextObservation, bool done)' could be found (are you missing a using directive or an assembly reference?) [C:\Users\cheat\source\repos\worktrees\pr-481-1763014665\src\AiDotNet.csproj::TargetFramework=net462]
C:\Users\cheat\source\repos\worktrees\pr-481-1763014665\src\ReinforcementLearning\Agents\Dreamer\DreamerAgent.cs(190,77): error CS1061: '(Vector<T> observation, Vector<T> action, T reward, Vector<T> nextObservation, bool done)' does not contain a definition for 'NextState' and no accessible extension method 'NextState' accepting a first argument of type '(Vector<T> observation, Vector<T> action, T reward, Vector<T> nextObservation, bool done)' could be found (are you missing a using directive or an assembly reference?) [C:\Users\cheat\source\repos\worktrees\pr-481-1763014665\src\AiDotNet.csproj::TargetFramework=net462]
C:\Users\cheat\source\repos\worktrees\pr-481-1763014665\src\ReinforcementLearning\Agents\Dreamer\DreamerAgent.cs(193,76): error CS1061: '(Vector<T> observation, Vector<T> action, T reward, Vector<T> nextObservation, bool done)' does not contain a definition for 'Action' and no accessible extension method 'Action' accepting a first argument of type '(Vector<T> observation, Vector<T> action, T reward, Vector<T> nextObservation, bool done)' could be found (are you missing a using directive or an assembly reference?) [C:\Users\cheat\source\repos\worktrees\pr-481-1763014665\src\AiDotNet.csproj::TargetFramework=net462]
C:\Users\cheat\source\repos\worktrees\pr-481-1763014665\src\ReinforcementLearning\Agents\Dreamer\DreamerAgent.cs(194,64): error CS1503: Argument 1: cannot convert from 'AiDotNet.LinearAlgebra.Vector<T>' to 'AiDotNet.LinearAlgebra.Tensor<T>' [C:\Users\cheat\source\repos\worktrees\pr-481-1763014665\src\AiDotNet.csproj::TargetFramework=net462]
C:\Users\cheat\source\repos\worktrees\pr-481-1763014665\src\ReinforcementLearning\Agents\Dreamer\DreamerAgent.cs(206,57): error CS1061: '(Vector<T> observation, Vector<T> action, T reward, Vector<T> nextObservation, bool done)' does not contain a definition for 'Reward' and no accessible extension method 'Reward' accepting a first argument of type '(Vector<T> observation, Vector<T> action, T reward, Vector<T> nextObservation, bool done)' could be found (are you missing a using directive or an assembly reference?) [C:\Users\cheat\source\repos\worktrees\pr-481-1763014665\src\AiDotNet.csproj::TargetFramework=net462]
C:\Users\cheat\source\repos\worktrees\pr-481-1763014665\src\ReinforcementLearning\Agents\Dreamer\DreamerAgent.cs(226,30): error CS1061: 'INeuralNetwork<T>' does not contain a definition for 'Backpropagate' and no accessible extension method 'Backpropagate' accepting a first argument of type 'INeuralNetwork<T>' could be found (are you missing a using directive or an assembly reference?) [C:\Users\cheat\source\repos\worktrees\pr-481-1763014665\src\AiDotNet.csproj::TargetFramework=net462]
C:\Users\cheat\source\repos\worktrees\pr-481-1763014665\src\ReinforcementLearning\Agents\Dreamer\DreamerAgent.cs(227,47): error CS1503: Argument 1: cannot convert from 'T' to 'AiDotNet.LinearAlgebra.Vector<T>' [C:\Users\cheat\source\repos\worktrees\pr-481-1763014665\src\AiDotNet.csproj::TargetFramework=net462]
C:\Users\cheat\source\repos\worktrees\pr-481-1763014665\src\ReinforcementLearning\Agents\Dreamer\DreamerAgent.cs(231,28): error CS1061: 'INeuralNetwork<T>' does not contain a definition for 'Backpropagate' and no accessible extension method 'Backpropagate' accepting a first argument of type 'INeuralNetwork<T>' could be found (are you missing a using directive or an assembly reference?) [C:\Users\cheat\source\repos\worktrees\pr-481-1763014665\src\AiDotNet.csproj::TargetFramework=net462]
C:\Users\cheat\source\repos\worktrees\pr-481-1763014665\src\ReinforcementLearning\Agents\Dreamer\DreamerAgent.cs(232,45): error CS1503: Argument 1: cannot convert from 'T' to 'AiDotNet.LinearAlgebra.Vector<T>' [C:\Users\cheat\source\repos\worktrees\pr-481-1763014665\src\AiDotNet.csproj::TargetFramework=net462]
C:\Users\cheat\source\repos\worktrees\pr-481-1763014665\src\ReinforcementLearning\Agents\Dreamer\DreamerAgent.cs(236,30): error CS1061: 'INeuralNetwork<T>' does not contain a definition for 'Backpropagate' and no accessible extension method 'Backpropagate' accepting a first argument of type 'INeuralNetwork<T>' could be found (are you missing a using directive or an assembly reference?) [C:\Users\cheat\source\repos\worktrees\pr-481-1763014665\src\AiDotNet.csproj::TargetFramework=net462]
C:\Users\cheat\source\repos\worktrees\pr-481-1763014665\src\ReinforcementLearning\Agents\Dreamer\DreamerAgent.cs(237,47): error CS1503: Argument 1: cannot convert from 'T' to 'AiDotNet.LinearAlgebra.Vector<T>' [C:\Users\cheat\source\repos\worktrees\pr-481-1763014665\src\AiDotNet.csproj::TargetFramework=net462]
C:\Users\cheat\source\repos\worktrees\pr-481-1763014665\src\ReinforcementLearning\Agents\MuZero\MuZeroAgent.cs(51,52): error CS1729: 'DeepReinforcementLearningAgentBase<T>' does not contain a constructor that takes 2 arguments [C:\Users\cheat\source\repos\worktrees\pr-481-1763014665\src\AiDotNet.csproj::TargetFramework=net462]
C:\Users\cheat\source\repos\worktrees\pr-481-1763014665\src\ReinforcementLearning\Agents\MuZero\MuZeroAgent.cs(51,12): error CS8618: Non-nullable field '_representationNetwork' must contain a non-null value when exiting constructor. Consider adding the 'required' modifier or declaring the field as nullable. [C:\Users\cheat\source\repos\worktrees\pr-481-1763014665\src\AiDotNet.csproj::TargetFramework=net462]
C:\Users\cheat\source\repos\worktrees\pr-481-1763014665\src\ReinforcementLearning\Agents\MuZero\MuZeroAgent.cs(51,12): error CS8618: Non-nullable field '_dynamicsNetwork' must contain a non-null value when exiting constructor. Consider adding the 'required' modifier or declaring the field as nullable. [C:\Users\cheat\source\repos\worktrees\pr-481-1763014665\src\AiDotNet.csproj::TargetFramework=net462]
C:\Users\cheat\source\repos\worktrees\pr-481-1763014665\src\ReinforcementLearning\Agents\MuZero\MuZeroAgent.cs(51,12): error CS8618: Non-nullable field '_predictionNetwork' must contain a non-null value when exiting constructor. Consider adding the 'required' modifier or declaring the field as nullable. [C:\Users\cheat\source\repos\worktrees\pr-481-1763014665\src\AiDotNet.csproj::TargetFramework=net462]
C:\Users\cheat\source\repos\worktrees\pr-481-1763014665\src\ReinforcementLearning\Agents\MuZero\MuZeroAgent.cs(51,12): error CS8618: Non-nullable field '_replayBuffer' must contain a non-null value when exiting constructor. Consider adding the 'required' modifier or declaring the field as nullable. [C:\Users\cheat\source\repos\worktrees\pr-481-1763014665\src\AiDotNet.csproj::TargetFramework=net462]
C:\Users\cheat\source\repos\worktrees\pr-481-1763014665\src\ReinforcementLearning\Agents\IQL\IQLAgent.cs(117,27): error CS7036: There is no argument given that corresponds to the required parameter 'architecture' of 'NeuralNetwork<T>.NeuralNetwork(NeuralNetworkArchitecture<T>, ILossFunction<T>?)' [C:\Users\cheat\source\repos\worktrees\pr-481-1763014665\src\AiDotNet.csproj::TargetFramework=net462]
C:\Users\cheat\source\repos\worktrees\pr-481-1763014665\src\ReinforcementLearning\Agents\IQL\IQLAgent.cs(123,21): error CS7036: There is no argument given that corresponds to the required parameter 'units' of 'NeuralNetworkBase<T>.AddLayer(LayerType, int, ActivationFunction)' [C:\Users\cheat\source\repos\worktrees\pr-481-1763014665\src\AiDotNet.csproj::TargetFramework=net462]
C:\Users\cheat\source\repos\worktrees\pr-481-1763014665\src\ReinforcementLearning\Agents\IQL\IQLAgent.cs(124,57): error CS0246: The type or namespace name 'ReLU<>' could not be found (are you missing a using directive or an assembly reference?) [C:\Users\cheat\source\repos\worktrees\pr-481-1763014665\src\AiDotNet.csproj::TargetFramework=net462]
C:\Users\cheat\source\repos\worktrees\pr-481-1763014665\src\ReinforcementLearning\Agents\IQL\IQLAgent.cs(124,34): error CS1729: 'ActivationLayer<T>' does not contain a constructor that takes 1 arguments [C:\Users\cheat\source\repos\worktrees\pr-481-1763014665\src\AiDotNet.csproj::TargetFramework=net462]
C:\Users\cheat\source\repos\worktrees\pr-481-1763014665\src\ReinforcementLearning\Agents\IQL\IQLAgent.cs(128,17): error CS7036: There is no argument given that corresponds to the required parameter 'units' of 'NeuralNetworkBase<T>.AddLayer(LayerType, int, ActivationFunction)' [C:\Users\cheat\source\repos\worktrees\pr-481-1763014665\src\AiDotNet.csproj::TargetFramework=net462]
C:\Users\cheat\source\repos\worktrees\pr-481-1763014665\src\ReinforcementLearning\Agents\DynamicProgramming\ValueIterationAgent.cs(282,51): error CS1503: Argument 1: cannot convert from 'AiDotNet.LinearAlgebra.Matrix<T>' to 'AiDotNet.LinearAlgebra.Vector<T>' [C:\Users\cheat\source\repos\worktrees\pr-481-1763014665\src\AiDotNet.csproj::TargetFramework=net462]
C:\Users\cheat\source\repos\worktrees\pr-481-1763014665\src\ReinforcementLearning\Agents\DynamicProgramming\ValueIterationAgent.cs(282,88): error CS1503: Argument 2: cannot convert from 'AiDotNet.LinearAlgebra.Matrix<T>' to 'AiDotNet.LinearAlgebra.Vector<T>' [C:\Users\cheat\source\repos\worktrees\pr-481-1763014665\src\AiDotNet.csproj::TargetFramework=net462]
C:\Users\cheat\source\repos\worktrees\pr-481-1763014665\src\ReinforcementLearning\Agents\DynamicProgramming\ValueIterationAgent.cs(284,61): error CS1503: Argument 1: cannot convert from 'AiDotNet.LinearAlgebra.Matrix<T>' to 'AiDotNet.LinearAlgebra.Vector<T>' [C:\Users\cheat\source\repos\worktrees\pr-481-1763014665\src\AiDotNet.csproj::TargetFramework=net462]
C:\Users\cheat\source\repos\worktrees\pr-481-1763014665\src\ReinforcementLearning\Agents\DynamicProgramming\ValueIterationAgent.cs(284,98): error CS1503: Argument 2: cannot convert from 'AiDotNet.LinearAlgebra.Matrix<T>' to 'AiDotNet.LinearAlgebra.Vector<T>' [C:\Users\cheat\source\repos\worktrees\pr-481-1763014665\src\AiDotNet.csproj::TargetFramework=net462]
C:\Users\cheat\source\repos\worktrees\pr-481-1763014665\src\ReinforcementLearning\Agents\IQL\IQLAgent.cs(145,28): error CS1501: No overload for method 'Add' takes 5 arguments [C:\Users\cheat\source\repos\worktrees\pr-481-1763014665\src\AiDotNet.csproj::TargetFramework=net462]
C:\Users\cheat\source\repos\worktrees\pr-481-1763014665\src\ReinforcementLearning\Agents\DuelingDQN\DuelingDQNAgent.cs(259,26): error CS1061: 'DuelingNetwork<T>' does not contain a definition for 'GetParameters' and no accessible extension method 'GetParameters' accepting a first argument of type 'DuelingNetwork<T>' could be found (are you missing a using directive or an assembly reference?) [C:\Users\cheat\source\repos\worktrees\pr-481-1763014665\src\AiDotNet.csproj::TargetFramework=net462]
C:\Users\cheat\source\repos\worktrees\pr-481-1763014665\src\ReinforcementLearning\Agents\DuelingDQN\DuelingDQNAgent.cs(265,42): error CS1503: Argument 1: cannot convert from 'AiDotNet.LinearAlgebra.Vector<T>' to 'AiDotNet.LinearAlgebra.Matrix<T>' [C:\Users\cheat\source\repos\worktrees\pr-481-1763014665\src\AiDotNet.csproj::TargetFramework=net462]
C:\Users\cheat\source\repos\worktrees\pr-481-1763014665\src\ReinforcementLearning\Agents\MuZero\MuZeroAgent.cs(74,27): error CS7036: There is no argument given that corresponds to the required parameter 'architecture' of 'NeuralNetwork<T>.NeuralNetwork(NeuralNetworkArchitecture<T>, ILossFunction<T>?)' [C:\Users\cheat\source\repos\worktrees\pr-481-1763014665\src\AiDotNet.csproj::TargetFramework=net462]
C:\Users\cheat\source\repos\worktrees\pr-481-1763014665\src\ReinforcementLearning\Agents\MuZero\MuZeroAgent.cs(79,21): error CS7036: There is no argument given that corresponds to the required parameter 'units' of 'NeuralNetworkBase<T>.AddLayer(LayerType, int, ActivationFunction)' [C:\Users\cheat\source\repos\worktrees\pr-481-1763014665\src\AiDotNet.csproj::TargetFramework=net462]
C:\Users\cheat\source\repos\worktrees\pr-481-1763014665\src\ReinforcementLearning\Agents\MuZero\MuZeroAgent.cs(80,57): error CS0246: The type or namespace name 'ReLU<>' could not be found (are you missing a using directive or an assembly reference?) [C:\Users\cheat\source\repos\worktrees\pr-481-1763014665\src\AiDotNet.csproj::TargetFramework=net462]
C:\Users\cheat\source\repos\worktrees\pr-481-1763014665\src\ReinforcementLearning\Agents\MuZero\MuZeroAgent.cs(80,34): error CS1729: 'ActivationLayer<T>' does not contain a constructor that takes 1 arguments [C:\Users\cheat\source\repos\worktrees\pr-481-1763014665\src\AiDotNet.csproj::TargetFramework=net462]
C:\Users\cheat\source\repos\worktrees\pr-481-1763014665\src\ReinforcementLearning\Agents\MuZero\MuZeroAgent.cs(84,17): error CS7036: There is no argument given that corresponds to the required parameter 'units' of 'NeuralNetworkBase<T>.AddLayer(LayerType, int, ActivationFunction)' [C:\Users\cheat\source\repos\worktrees\pr-481-1763014665\src\AiDotNet.csproj::TargetFramework=net462]
C:\Users\cheat\source\repos\worktrees\pr-481-1763014665\src\ReinforcementLearning\Agents\Dreamer\DreamerAgent.cs(258,62): error CS1503: Argument 1: cannot convert from 'AiDotNet.LinearAlgebra.Vector<T>' to 'AiDotNet.LinearAlgebra.Tensor<T>' [C:\Users\cheat\source\repos\worktrees\pr-481-1763014665\src\AiDotNet.csproj::TargetFramework=net462]
C:\Users\cheat\source\repos\worktrees\pr-481-1763014665\src\ReinforcementLearning\Agents\Dreamer\DreamerAgent.cs(261,53): error CS1503: Argument 1: cannot convert from 'AiDotNet.LinearAlgebra.Tensor<T>' to 'AiDotNet.LinearAlgebra.Vector<T>' [C:\Users\cheat\source\repos\worktrees\pr-481-1763014665\src\AiDotNet.csproj::TargetFramework=net462]
C:\Users\cheat\source\repos\worktrees\pr-481-1763014665\src\ReinforcementLearning\Agents\Dreamer\DreamerAgent.cs(270,27): error CS1061: 'INeuralNetwork<T>' does not contain a definition for 'Backpropagate' and no accessible extension method 'Backpropagate' accepting a first argument of type 'INeuralNetwork<T>' could be found (are you missing a using directive or an assembly reference?) [C:\Users\cheat\source\repos\worktrees\pr-481-1763014665\src\AiDotNet.csproj::TargetFramework=net462]
C:\Users\cheat\source\repos\worktrees\pr-481-1763014665\src\ReinforcementLearning\Agents\Dreamer\DreamerAgent.cs(271,44): error CS1503: Argument 1: cannot convert from 'T' to 'AiDotNet.LinearAlgebra.Vector<T>' [C:\Users\cheat\source\repos\worktrees\pr-481-1763014665\src\AiDotNet.csproj::TargetFramework=net462]
C:\Users\cheat\source\repos\worktrees\pr-481-1763014665\src\ReinforcementLearning\Agents\Dreamer\DreamerAgent.cs(281,27): error CS1061: 'INeuralNetwork<T>' does not contain a definition for 'Backpropagate' and no accessible extension method 'Backpropagate' accepting a first argument of type 'INeuralNetwork<T>' could be found (are you missing a using directive or an assembly reference?) [C:\Users\cheat\source\repos\worktrees\pr-481-1763014665\src\AiDotNet.csproj::TargetFramework=net462]
C:\Users\cheat\source\repos\worktrees\pr-481-1763014665\src\ReinforcementLearning\Agents\Dreamer\DreamerAgent.cs(282,44): error CS1503: Argument 1: cannot convert from 'T' to 'AiDotNet.LinearAlgebra.Vector<T>' [C:\Users\cheat\source\repos\worktrees\pr-481-1763014665\src\AiDotNet.csproj::TargetFramework=net462]
C:\Users\cheat\source\repos\worktrees\pr-481-1763014665\src\ReinforcementLearning\Agents\MuZero\MuZeroAgent.cs(97,58): error CS1503: Argument 1: cannot convert from 'AiDotNet.LinearAlgebra.Vector<T>' to 'AiDotNet.LinearAlgebra.Tensor<T>' [C:\Users\cheat\source\repos\worktrees\pr-481-1763014665\src\AiDotNet.csproj::TargetFramework=net462]
C:\Users\cheat\source\repos\worktrees\pr-481-1763014665\src\ReinforcementLearning\Agents\MuZero\MuZeroAgent.cs(103,51): error CS1503: Argument 1: cannot convert from 'AiDotNet.LinearAlgebra.Tensor<T>' to 'AiDotNet.LinearAlgebra.Vector<T>' [C:\Users\cheat\source\repos\worktrees\pr-481-1763014665\src\AiDotNet.csproj::TargetFramework=net462]
C:\Users\cheat\source\repos\worktrees\pr-481-1763014665\src\ReinforcementLearning\Agents\MuZero\MuZeroAgent.cs(110,38): error CS1503: Argument 1: cannot convert from 'AiDotNet.LinearAlgebra.Tensor<T>' to 'AiDotNet.LinearAlgebra.Vector<T>' [C:\Users\cheat\source\repos\worktrees\pr-481-1763014665\src\AiDotNet.csproj::TargetFramework=net462]
C:\Users\cheat\source\repos\worktrees\pr-481-1763014665\src\ReinforcementLearning\Agents\EligibilityTraces\WatkinsQLambdaAgent.cs(123,218): error CS1503: Argument 1: cannot convert from 'AiDotNet.LinearAlgebra.Matrix<T>' to 'AiDotNet.LinearAlgebra.Vector<T>' [C:\Users\cheat\source\repos\worktrees\pr-481-1763014665\src\AiDotNet.csproj::TargetFramework=net462]
C:\Users\cheat\source\repos\worktrees\pr-481-1763014665\src\ReinforcementLearning\Agents\EligibilityTraces\WatkinsQLambdaAgent.cs(123,249): error CS1503: Argument 2: cannot convert from 'AiDotNet.LinearAlgebra.Matrix<T>' to 'AiDotNet.LinearAlgebra.Vector<T>' [C:\Users\cheat\source\repos\worktrees\pr-481-1763014665\src\AiDotNet.csproj::TargetFramework=net462]
C:\Users\cheat\source\repos\worktrees\pr-481-1763014665\src\ReinforcementLearning\Agents\EligibilityTraces\WatkinsQLambdaAgent.cs(123,317): error CS1503: Argument 1: cannot convert from 'AiDotNet.LinearAlgebra.Matrix<T>' to 'AiDotNet.LinearAlgebra.Vector<T>' [C:\Users\cheat\source\repos\worktrees\pr-481-1763014665\src\AiDotNet.csproj::TargetFramework=net462]
C:\Users\cheat\source\repos\worktrees\pr-481-1763014665\src\ReinforcementLearning\Agents\EligibilityTraces\WatkinsQLambdaAgent.cs(123,348): error CS1503: Argument 2: cannot convert from 'AiDotNet.LinearAlgebra.Matrix<T>' to 'AiDotNet.LinearAlgebra.Vector<T>' [C:\Users\cheat\source\repos\worktrees\pr-481-1763014665\src\AiDotNet.csproj::TargetFramework=net462]
C:\Users\cheat\source\repos\worktrees\pr-481-1763014665\src\ReinforcementLearning\Agents\Dreamer\DreamerAgent.cs(299,48): error CS1503: Argument 1: cannot convert from 'AiDotNet.LinearAlgebra.Vector<T>' to 'AiDotNet.LinearAlgebra.Tensor<T>' [C:\Users\cheat\source\repos\worktrees\pr-481-1763014665\src\AiDotNet.csproj::TargetFramework=net462]
C:\Users\cheat\source\repos\worktrees\pr-481-1763014665\src\ReinforcementLearning\Agents\Dreamer\DreamerAgent.cs(302,49): error CS1503: Argument 1: cannot convert from 'AiDotNet.LinearAlgebra.Vector<T>' to 'AiDotNet.LinearAlgebra.Tensor<T>' [C:\Users\cheat\source\repos\worktrees\pr-481-1763014665\src\AiDotNet.csproj::TargetFramework=net462]
C:\Users\cheat\source\repos\worktrees\pr-481-1763014665\src\ReinforcementLearning\Agents\Dreamer\DreamerAgent.cs(306,65): error CS1503: Argument 2: cannot convert from 'AiDotNet.LinearAlgebra.Tensor<T>' to 'AiDotNet.LinearAlgebra.Vector<T>' [C:\Users\cheat\source\repos\worktrees\pr-481-1763014665\src\AiDotNet.csproj::TargetFramework=net462]
C:\Users\cheat\source\repos\worktrees\pr-481-1763014665\src\ReinforcementLearning\Agents\Dreamer\DreamerAgent.cs(307,52): error CS1503: Argument 1: cannot convert from 'AiDotNet.LinearAlgebra.Vector<T>' to 'AiDotNet.LinearAlgebra.Tensor<T>' [C:\Users\cheat\source\repos\worktrees\pr-481-1763014665\src\AiDotNet.csproj::TargetFramework=net462]
C:\Users\cheat\source\repos\worktrees\pr-481-1763014665\src\ReinforcementLearning\Agents\Dreamer\DreamerAgent.cs(310,57): error CS1503: Argument 1: cannot convert from 'AiDotNet.LinearAlgebra.Vector<T>' to 'AiDotNet.LinearAlgebra.Tensor<T>' [C:\Users\cheat\source\repos\worktrees\pr-481-1763014665\src\AiDotNet.csproj::TargetFramework=net462]
C:\Users\cheat\source\repos\worktrees\pr-481-1763014665\src\ReinforcementLearning\Agents\Dreamer\DreamerAgent.cs(311,24): error CS1061: 'INumericOperations<T>' does not contain a definition for 'Compare' and no accessible extension method 'Compare' accepting a first argument of type 'INumericOperations<T>' could be found (are you missing a using directive or an assembly reference?) [C:\Users\cheat\source\repos\worktrees\pr-481-1763014665\src\AiDotNet.csproj::TargetFramework=net462]
C:\Users\cheat\source\repos\worktrees\pr-481-1763014665\src\ReinforcementLearning\Agents\DuelingDQN\DuelingDQNAgent.cs(303,32): error CS1061: 'DuelingNetwork<T>' does not contain a definition for 'Predict' and no accessible extension method 'Predict' accepting a first argument of type 'DuelingNetwork<T>' could be found (are you missing a using directive or an assembly reference?) [C:\Users\cheat\source\repos\worktrees\pr-481-1763014665\src\AiDotNet.csproj::TargetFramework=net462]
C:\Users\cheat\source\repos\worktrees\pr-481-1763014665\src\ReinforcementLearning\Agents\DuelingDQN\DuelingDQNAgent.cs(305,29): error CS1061: 'ILossFunction<T>' does not contain a definition for 'ComputeGradient' and no accessible extension method 'ComputeGradient' accepting a first argument of type 'ILossFunction<T>' could be found (are you missing a using directive or an assembly reference?) [C:\Users\cheat\source\repos\worktrees\pr-481-1763014665\src\AiDotNet.csproj::TargetFramework=net462]
C:\Users\cheat\source\repos\worktrees\pr-481-1763014665\src\ReinforcementLearning\Agents\DuelingDQN\DuelingDQNAgent.cs(307,19): error CS1061: 'DuelingNetwork<T>' does not contain a definition for 'Backpropagate' and no accessible extension method 'Backpropagate' accepting a first argument of type 'DuelingNetwork<T>' could be found (are you missing a using directive or an assembly reference?) [C:\Users\cheat\source\repos\worktrees\pr-481-1763014665\src\AiDotNet.csproj::TargetFramework=net462]
C:\Users\cheat\source\repos\worktrees\pr-481-1763014665\src\ReinforcementLearning\Agents\DuelingDQN\DuelingDQNAgent.cs(308,40): error CS1061: 'DuelingNetwork<T>' does not contain a definition for 'GetFlattenedGradients' and no accessible extension method 'GetFlattenedGradients' accepting a first argument of type 'DuelingNetwork<T>' could be found (are you missing a using directive or an assembly reference?) [C:\Users\cheat\source\repos\worktrees\pr-481-1763014665\src\AiDotNet.csproj::TargetFramework=net462]
C:\Users\cheat\source\repos\worktrees\pr-481-1763014665\src\ReinforcementLearning\Agents\IQL\IQLAgent.cs(151,51): error CS1503: Argument 1: cannot convert from 'AiDotNet.LinearAlgebra.Vector<T>' to 'AiDotNet.LinearAlgebra.Tensor<T>' [C:\Users\cheat\source\repos\worktrees\pr-481-1763014665\src\AiDotNet.csproj::TargetFramework=net462]
C:\Users\cheat\source\repos\worktrees\pr-481-1763014665\src\ReinforcementLearning\Agents\MuZero\MuZeroAgent.cs(122,57): error CS1503: Argument 1: cannot convert from 'AiDotNet.LinearAlgebra.Vector<T>' to 'AiDotNet.LinearAlgebra.Tensor<T>' [C:\Users\cheat\source\repos\worktrees\pr-481-1763014665\src\AiDotNet.csproj::TargetFramework=net462]
C:\Users\cheat\source\repos\worktrees\pr-481-1763014665\src\ReinforcementLearning\Agents\MuZero\MuZeroAgent.cs(123,35): error CS1503: Argument 1: cannot convert from 'AiDotNet.LinearAlgebra.Tensor<T>' to 'AiDotNet.LinearAlgebra.Vector<T>' [C:\Users\cheat\source\repos\worktrees\pr-481-1763014665\src\AiDotNet.csproj::TargetFramework=net462]
C:\Users\cheat\source\repos\worktrees\pr-481-1763014665\src\ReinforcementLearning\Agents\IQL\IQLAgent.cs(190,24): error CS1501: No overload for method 'Add' takes 5 arguments [C:\Users\cheat\source\repos\worktrees\pr-481-1763014665\src\AiDotNet.csproj::TargetFramework=net462]
C:\Users\cheat\source\repos\worktrees\pr-481-1763014665\src\ReinforcementLearning\Agents\DuelingDQN\DuelingDQNAgent.cs(316,39): error CS1061: 'DuelingNetwork<T>' does not contain a definition for 'GetParameters' and no accessible extension method 'GetParameters' accepting a first argument of type 'DuelingNetwork<T>' could be found (are you missing a using directive or an assembly reference?) [C:\Users\cheat\source\repos\worktrees\pr-481-1763014665\src\AiDotNet.csproj::TargetFramework=net462]
C:\Users\cheat\source\repos\worktrees\pr-481-1763014665\src\ReinforcementLearning\Agents\DuelingDQN\DuelingDQNAgent.cs(326,42): error CS1503: Argument 1: cannot convert from 'AiDotNet.LinearAlgebra.Vector<T>' to 'AiDotNet.LinearAlgebra.Matrix<T>' [C:\Users\cheat\source\repos\worktrees\pr-481-1763014665\src\AiDotNet.csproj::TargetFramework=net462]
C:\Users\cheat\source\repos\worktrees\pr-481-1763014665\src\ReinforcementLearning\Agents\DuelingDQN\DuelingDQNAgent.cs(332,35): error CS1061: 'DuelingNetwork<T>' does not contain a definition for 'GetParameters' and no accessible extension method 'GetParameters' accepting a first argument of type 'DuelingNetwork<T>' could be found (are you missing a using directive or an assembly reference?) [C:\Users\cheat\source\repos\worktrees\pr-481-1763014665\src\AiDotNet.csproj::TargetFramework=net462]
C:\Users\cheat\source\repos\worktrees\pr-481-1763014665\src\ReinforcementLearning\Agents\IQL\IQLAgent.cs(205,43): error CS1503: Argument 1: cannot convert from 'System.Collections.Generic.List<AiDotNet.ReinforcementLearning.ReplayBuffers.Experience<T>>' to 'System.Collections.Generic.List<(AiDotNet.LinearAlgebra.Vector<T> state, AiDotNet.LinearAlgebra.Vector<T> action, T reward, AiDotNet.LinearAlgebra.Vector<T> nextState, bool done)>' [C:\Users\cheat\source\repos\worktrees\pr-481-1763014665\src\AiDotNet.csproj::TargetFramework=net462]
C:\Users\cheat\source\repos\worktrees\pr-481-1763014665\src\ReinforcementLearning\Agents\IQL\IQLAgent.cs(209,36): error CS1503: Argument 1: cannot convert from 'System.Collections.Generic.List<AiDotNet.ReinforcementLearning.ReplayBuffers.Experience<T>>' to 'System.Collections.Generic.List<(AiDotNet.LinearAlgebra.Vector<T> state, AiDotNet.LinearAlgebra.Vector<T> action, T reward, AiDotNet.LinearAlgebra.Vector<T> nextState, bool done)>' [C:\Users\cheat\source\repos\worktrees\pr-481-1763014665\src\AiDotNet.csproj::TargetFramework=net462]
C:\Users\cheat\source\repos\worktrees\pr-481-1763014665\src\ReinforcementLearning\Agents\IQL\IQLAgent.cs(213,37): error CS1503: Argument 1: cannot convert from 'System.Collections.Generic.List<AiDotNet.ReinforcementLearning.ReplayBuffers.Experience<T>>' to 'System.Collections.Generic.List<(AiDotNet.LinearAlgebra.Vector<T> state, AiDotNet.LinearAlgebra.Vector<T> action, T reward, AiDotNet.LinearAlgebra.Vector<T> nextState, bool done)>' [C:\Users\cheat\source\repos\worktrees\pr-481-1763014665\src\AiDotNet.csproj::TargetFramework=net462]
C:\Users\cheat\source\repos\worktrees\pr-481-1763014665\src\ReinforcementLearning\Agents\DynamicProgramming\PolicyIterationAgent.cs(124,36): error CS1061: 'INumericOperations<T>' does not contain a definition for 'Compare' and no accessible extension method 'Compare' accepting a first argument of type 'INumericOperations<T>' could be found (are you missing a using directive or an assembly reference?) [C:\Users\cheat\source\repos\worktrees\pr-481-1763014665\src\AiDotNet.csproj::TargetFramework=net462]
C:\Users\cheat\source\repos\worktrees\pr-481-1763014665\src\ReinforcementLearning\Agents\DynamicProgramming\PolicyIterationAgent.cs(132,24): error CS1061: 'INumericOperations<T>' does not contain a definition for 'Compare' and no accessible extension method 'Compare' accepting a first argument of type 'INumericOperations<T>' could be found (are you missing a using directive or an assembly reference?) [C:\Users\cheat\source\repos\worktrees\pr-481-1763014665\src\AiDotNet.csproj::TargetFramework=net462]
C:\Users\cheat\source\repos\worktrees\pr-481-1763014665\src\ReinforcementLearning\Agents\Dreamer\DreamerAgent.cs(368,25): error CS0029: Cannot implicitly convert type 'string' to 'AiDotNet.Enums.ModelType' [C:\Users\cheat\source\repos\worktrees\pr-481-1763014665\src\AiDotNet.csproj::TargetFramework=net462]
C:\Users\cheat\source\repos\worktrees\pr-481-1763014665\src\ReinforcementLearning\Agents\IQL\IQLAgent.cs(231,83): error CS1061: '(Vector<T> state, Vector<T> action, T reward, Vector<T> nextState, bool done)' does not contain a definition for 'Action' and no accessible extension method 'Action' accepting a first argument of type '(Vector<T> state, Vector<T> action, T reward, Vector<T> nextState, bool done)' could be found (are you missing a using directive or an assembly reference?) [C:\Users\cheat\source\repos\worktrees\pr-481-1763014665\src\AiDotNet.csproj::TargetFramework=net462]
C:\Users\cheat\source\repos\worktrees\pr-481-1763014665\src\ReinforcementLearning\Agents\IQL\IQLAgent.cs(232,46): error CS1503: Argument 1: cannot convert from 'AiDotNet.LinearAlgebra.Vector<T>' to 'AiDotNet.LinearAlgebra.Tensor<T>' [C:\Users\cheat\source\repos\worktrees\pr-481-1763014665\src\AiDotNet.csproj::TargetFramework=net462]
C:\Users\cheat\source\repos\worktrees\pr-481-1763014665\src\ReinforcementLearning\Agents\IQL\IQLAgent.cs(233,46): error CS1503: Argument 1: cannot convert from 'AiDotNet.LinearAlgebra.Vector<T>' to 'AiDotNet.LinearAlgebra.Tensor<T>' [C:\Users\cheat\source\repos\worktrees\pr-481-1763014665\src\AiDotNet.csproj::TargetFramework=net462]
C:\Users\cheat\source\repos\worktrees\pr-481-1763014665\src\ReinforcementLearning\Agents\IQL\IQLAgent.cs(237,48): error CS1503: Argument 1: cannot convert from 'AiDotNet.LinearAlgebra.Vector<T>' to 'AiDotNet.LinearAlgebra.Tensor<T>' [C:\Users\cheat\source\repos\worktrees\pr-481-1763014665\src\AiDotNet.csproj::TargetFramework=net462]
C:\Users\cheat\source\repos\worktrees\pr-481-1763014665\src\ReinforcementLearning\Agents\IQL\IQLAgent.cs(246,38): error CS1061: 'INumericOperations<T>' does not contain a definition for 'Compare' and no accessible extension method 'Compare' accepting a first argument of type 'INumericOperations<T>' could be found (are you missing a using directive or an assembly reference?) [C:\Users\cheat\source\repos\worktrees\pr-481-1763014665\src\AiDotNet.csproj::TargetFramework=net462]
C:\Users\cheat\source\repos\worktrees\pr-481-1763014665\src\ReinforcementLearning\Agents\IQL\IQLAgent.cs(252,41): error CS1503: Argument 1: cannot convert from 'AiDotNet.LinearAlgebra.Vector<T>' to 'AiDotNet.LinearAlgebra.Tensor<T>' [C:\Users\cheat\source\repos\worktrees\pr-481-1763014665\src\AiDotNet.csproj::TargetFramework=net462]
C:\Users\cheat\source\repos\worktrees\pr-481-1763014665\src\ReinforcementLearning\Agents\IQL\IQLAgent.cs(253,44): error CS1503: Argument 1: cannot convert from 'T' to 'AiDotNet.LinearAlgebra.Vector<T>' [C:\Users\cheat\source\repos\worktrees\pr-481-1763014665\src\AiDotNet.csproj::TargetFramework=net462]
C:\Users\cheat\source\repos\worktrees\pr-481-1763014665\src\ReinforcementLearning\Agents\MADDPG\MADDPGAgent.cs(106,32): error CS1729: 'NeuralNetworkArchitecture<T>' does not contain a constructor that takes 0 arguments [C:\Users\cheat\source\repos\worktrees\pr-481-1763014665\src\AiDotNet.csproj::TargetFramework=net462]
C:\Users\cheat\source\repos\worktrees\pr-481-1763014665\src\ReinforcementLearning\Agents\MADDPG\MADDPGAgent.cs(108,13): error CS0200: Property or indexer 'NeuralNetworkArchitecture<T>.TaskType' cannot be assigned to -- it is read only [C:\Users\cheat\source\repos\worktrees\pr-481-1763014665\src\AiDotNet.csproj::TargetFramework=net462]
C:\Users\cheat\source\repos\worktrees\pr-481-1763014665\src\ReinforcementLearning\Agents\MADDPG\MADDPGAgent.cs(123,28): error CS1061: 'DenseLayer<T>' does not contain a definition for 'GetWeights' and no accessible extension method 'GetWeights' accepting a first argument of type 'DenseLayer<T>' could be found (are you missing a using directive or an assembly reference?) [C:\Users\cheat\source\repos\worktrees\pr-481-1763014665\src\AiDotNet.csproj::TargetFramework=net462]
C:\Users\cheat\source\repos\worktrees\pr-481-1763014665\src\ReinforcementLearning\Agents\MADDPG\MADDPGAgent.cs(129,9): error CS0200: Property or indexer 'NeuralNetworkArchitecture<T>.Layers' cannot be assigned to -- it is read only [C:\Users\cheat\source\repos\worktrees\pr-481-1763014665\src\AiDotNet.csproj::TargetFramework=net462]
C:\Users\cheat\source\repos\worktrees\pr-481-1763014665\src\ReinforcementLearning\Agents\IQL\IQLAgent.cs(263,34): error CS1061: 'INumericOperations<T>' does not contain a definition for 'Compare' and no accessible extension method 'Compare' accepting a first argument of type 'INumericOperations<T>' could be found (are you missing a using directive or an assembly reference?) [C:\Users\cheat\source\repos\worktrees\pr-481-1763014665\src\AiDotNet.csproj::TargetFramework=net462]
C:\Users\cheat\source\repos\worktrees\pr-481-1763014665\src\ReinforcementLearning\Agents\MADDPG\MADDPGAgent.cs(138,32): error CS1729: 'NeuralNetworkArchitecture<T>' does not contain a constructor that takes 0 arguments [C:\Users\cheat\source\repos\worktrees\pr-481-1763014665\src\AiDotNet.csproj::TargetFramework=net462]
C:\Users\cheat\source\repos\worktrees\pr-481-1763014665\src\ReinforcementLearning\Agents\MADDPG\MADDPGAgent.cs(140,13): error CS0200: Property or indexer 'NeuralNetworkArchitecture<T>.TaskType' cannot be assigned to -- it is read only [C:\Users\cheat\source\repos\worktrees\pr-481-1763014665\src\AiDotNet.csproj::TargetFramework=net462]
C:\Users\cheat\source\repos\worktrees\pr-481-1763014665\src\ReinforcementLearning\Agents\MADDPG\MADDPGAgent.cs(150,9): error CS0200: Property or indexer 'NeuralNetworkArchitecture<T>.Layers' cannot be assigned to -- it is read only [C:\Users\cheat\source\repos\worktrees\pr-481-1763014665\src\AiDotNet.csproj::TargetFramework=net462]
C:\Users\cheat\source\repos\worktrees\pr-481-1763014665\src\ReinforcementLearning\Agents\Dreamer\DreamerAgent.cs(437,41): error CS1061: 'ILossFunction<T>' does not contain a definition for 'ComputeGradient' and no accessible extension method 'ComputeGradient' accepting a first argument of type 'ILossFunction<T>' could be found (are you missing a using directive or an assembly reference?) [C:\Users\cheat\source\repos\worktrees\pr-481-1763014665\src\AiDotNet.csproj::TargetFramework=net462]
C:\Users\cheat\source\repos\worktrees\pr-481-1763014665\src\ReinforcementLearning\Agents\Dreamer\DreamerAgent.cs(445,25): error CS1061: 'INeuralNetwork<T>' does not contain a definition for 'Backpropagate' and no accessible extension method 'Backpropagate' accepting a first argument of type 'INeuralNetwork<T>' could be found (are you missing a using directive or an assembly reference?) [C:\Users\cheat\source\repos\worktrees\pr-481-1763014665\src\AiDotNet.csproj::TargetFramework=net462]
C:\Users\cheat\source\repos\worktrees\pr-481-1763014665\src\ReinforcementLearning\Agents\Dreamer\DreamerAgent.cs(446,42): error CS1503: Argument 1: cannot convert from 'T' to 'AiDotNet.LinearAlgebra.Vector<T>' [C:\Users\cheat\source\repos\worktrees\pr-481-1763014665\src\AiDotNet.csproj::TargetFramework=net462]
C:\Users\cheat\source\repos\worktrees\pr-481-1763014665\src\ReinforcementLearning\Agents\NStepSARSA\NStepSARSAAgent.cs(197,25): error CS0029: Cannot implicitly convert type 'string' to 'AiDotNet.Enums.ModelType' [C:\Users\cheat\source\repos\worktrees\pr-481-1763014665\src\AiDotNet.csproj::TargetFramework=net462]
C:\Users\cheat\source\repos\worktrees\pr-481-1763014665\src\ReinforcementLearning\Agents\MonteCarlo\OnPolicyMonteCarloAgent.cs(215,25): error CS0029: Cannot implicitly convert type 'string' to 'AiDotNet.Enums.ModelType' [C:\Users\cheat\source\repos\worktrees\pr-481-1763014665\src\AiDotNet.csproj::TargetFramework=net462]
C:\Users\cheat\source\repos\worktrees\pr-481-1763014665\src\ReinforcementLearning\Agents\PPO\PPOAgent.cs(63,32): error CS0246: The type or namespace name 'MeanSquaredError<>' could not be found (are you missing a using directive or an assembly reference?) [C:\Users\cheat\source\repos\worktrees\pr-481-1763014665\src\AiDotNet.csproj::TargetFramework=net462]
C:\Users\cheat\source\repos\worktrees\pr-481-1763014665\src\ReinforcementLearning\Agents\DynamicProgramming\PolicyIterationAgent.cs(253,25): error CS0029: Cannot implicitly convert type 'string' to 'AiDotNet.Enums.ModelType' [C:\Users\cheat\source\repos\worktrees\pr-481-1763014665\src\AiDotNet.csproj::TargetFramework=net462]
C:\Users\cheat\source\repos\worktrees\pr-481-1763014665\src\ReinforcementLearning\Agents\MADDPG\MADDPGAgent.cs(169,46): error CS1061: 'INeuralNetwork<T>' does not contain a definition for 'Forward' and no accessible extension method 'Forward' accepting a first argument of type 'INeuralNetwork<T>' could be found (are you missing a using directive or an assembly reference?) [C:\Users\cheat\source\repos\worktrees\pr-481-1763014665\src\AiDotNet.csproj::TargetFramework=net462]
C:\Users\cheat\source\repos\worktrees\pr-481-1763014665\src\ReinforcementLearning\Agents\IQL\IQLAgent.cs(288,38): error CS1061: '(Vector<T> state, Vector<T> action, T reward, Vector<T> nextState, bool done)' does not contain a definition for 'Reward' and no accessible extension method 'Reward' accepting a first argument of type '(Vector<T> state, Vector<T> action, T reward, Vector<T> nextState, bool done)' could be found (are you missing a using directive or an assembly reference?) [C:\Users\cheat\source\repos\worktrees\pr-481-1763014665\src\AiDotNet.csproj::TargetFramework=net462]
C:\Users\cheat\source\repos\worktrees\pr-481-1763014665\src\ReinforcementLearning\Agents\IQL\IQLAgent.cs(292,61): error CS1503: Argument 1: cannot convert from 'AiDotNet.LinearAlgebra.Vector<T>' to 'AiDotNet.LinearAlgebra.Tensor<T>' [C:\Users\cheat\source\repos\worktrees\pr-481-1763014665\src\AiDotNet.csproj::TargetFramework=net462]
C:\Users\cheat\source\repos\worktrees\pr-481-1763014665\src\ReinforcementLearning\Agents\IQL\IQLAgent.cs(293,50): error CS1061: '(Vector<T> state, Vector<T> action, T reward, Vector<T> nextState, bool done)' does not contain a definition for 'Reward' and no accessible extension method 'Reward' accepting a first argument of type '(Vector<T> state, Vector<T> action, T reward, Vector<T> nextState, bool done)' could be found (are you missing a using directive or an assembly reference?) [C:\Users\cheat\source\repos\worktrees\pr-481-1763014665\src\AiDotNet.csproj::TargetFramework=net462]
C:\Users\cheat\source\repos\worktrees\pr-481-1763014665\src\ReinforcementLearning\Agents\IQL\IQLAgent.cs(296,83): error CS1061: '(Vector<T> state, Vector<T> action, T reward, Vector<T> nextState, bool done)' does not contain a definition for 'Action' and no accessible extension method 'Action' accepting a first argument of type '(Vector<T> state, Vector<T> action, T reward, Vector<T> nextState, bool done)' could be found (are you missing a using directive or an assembly reference?) [C:\Users\cheat\source\repos\worktrees\pr-481-1763014665\src\AiDotNet.csproj::TargetFramework=net462]
C:\Users\cheat\source\repos\worktrees\pr-481-1763014665\src\ReinforcementLearning\Agents\IQL\IQLAgent.cs(299,46): error CS1503: Argument 1: cannot convert from 'AiDotNet.LinearAlgebra.Vector<T>' to 'AiDotNet.LinearAlgebra.Tensor<T>' [C:\Users\cheat\source\repos\worktrees\pr-481-1763014665\src\AiDotNet.csproj::TargetFramework=net462]
C:\Users\cheat\source\repos\worktrees\pr-481-1763014665\src\ReinforcementLearning\Agents\IQL\IQLAgent.cs(307,38): error CS1503: Argument 1: cannot convert from 'AiDotNet.LinearAlgebra.Vector<T>' to 'AiDotNet.LinearAlgebra.Tensor<T>' [C:\Users\cheat\source\repos\worktrees\pr-481-1763014665\src\AiDotNet.csproj::TargetFramework=net462]
C:\Users\cheat\source\repos\worktrees\pr-481-1763014665\src\ReinforcementLearning\Agents\IQL\IQLAgent.cs(308,41): error CS1503: Argument 1: cannot convert from 'T' to 'AiDotNet.LinearAlgebra.Vector<T>' [C:\Users\cheat\source\repos\worktrees\pr-481-1763014665\src\AiDotNet.csproj::TargetFramework=net462]
C:\Users\cheat\source\repos\worktrees\pr-481-1763014665\src\ReinforcementLearning\Agents\IQL\IQLAgent.cs(311,46): error CS1503: Argument 1: cannot convert from 'AiDotNet.LinearAlgebra.Vector<T>' to 'AiDotNet.LinearAlgebra.Tensor<T>' [C:\Users\cheat\source\repos\worktrees\pr-481-1763014665\src\AiDotNet.csproj::TargetFramework=net462]
C:\Users\cheat\source\repos\worktrees\pr-481-1763014665\src\ReinforcementLearning\Agents\IQL\IQLAgent.cs(319,38): error CS1503: Argument 1: cannot convert from 'AiDotNet.LinearAlgebra.Vector<T>' to 'AiDotNet.LinearAlgebra.Tensor<T>' [C:\Users\cheat\source\repos\worktrees\pr-481-1763014665\src\AiDotNet.csproj::TargetFramework=net462]
C:\Users\cheat\source\repos\worktrees\pr-481-1763014665\src\ReinforcementLearning\Agents\IQL\IQLAgent.cs(320,41): error CS1503: Argument 1: cannot convert from 'T' to 'AiDotNet.LinearAlgebra.Vector<T>' [C:\Users\cheat\source\repos\worktrees\pr-481-1763014665\src\AiDotNet.csproj::TargetFramework=net462]
C:\Users\cheat\source\repos\worktrees\pr-481-1763014665\src\ReinforcementLearning\Agents\MADDPG\MADDPGAgent.cs(214,23): error CS1501: No overload for method 'Add' takes 5 arguments [C:\Users\cheat\source\repos\worktrees\pr-481-1763014665\src\AiDotNet.csproj::TargetFramework=net462]
C:\Users\cheat\source\repos\worktrees\pr-481-1763014665\src\ReinforcementLearning\Agents\QMIX\QMIXAgent.cs(56,12): error CS8618: Non-nullable field '_agentNetworks' must contain a non-null value when exiting constructor. Consider adding the 'required' modifier or declaring the field as nullable. [C:\Users\cheat\source\repos\worktrees\pr-481-1763014665\src\AiDotNet.csproj::TargetFramework=net462]
C:\Users\cheat\source\repos\worktrees\pr-481-1763014665\src\ReinforcementLearning\Agents\QMIX\QMIXAgent.cs(56,12): error CS8618: Non-nullable field '_targetAgentNetworks' must contain a non-null value when exiting constructor. Consider adding the 'required' modifier or declaring the field as nullable. [C:\Users\cheat\source\repos\worktrees\pr-481-1763014665\src\AiDotNet.csproj::TargetFramework=net462]
C:\Users\cheat\source\repos\worktrees\pr-481-1763014665\src\ReinforcementLearning\Agents\QMIX\QMIXAgent.cs(56,12): error CS8618: Non-nullable field '_mixingNetwork' must contain a non-null value when exiting constructor. Consider adding the 'required' modifier or declaring the field as nullable. [C:\Users\cheat\source\repos\worktrees\pr-481-1763014665\src\AiDotNet.csproj::TargetFramework=net462]
C:\Users\cheat\source\repos\worktrees\pr-481-1763014665\src\ReinforcementLearning\Agents\QMIX\QMIXAgent.cs(56,12): error CS8618: Non-nullable field '_targetMixingNetwork' must contain a non-null value when exiting constructor. Consider adding the 'required' modifier or declaring the field as nullable. [C:\Users\cheat\source\repos\worktrees\pr-481-1763014665\src\AiDotNet.csproj::TargetFramework=net462]
C:\Users\cheat\source\repos\worktrees\pr-481-1763014665\src\ReinforcementLearning\Agents\QMIX\QMIXAgent.cs(56,12): error CS8618: Non-nullable field '_replayBuffer' must contain a non-null value when exiting constructor. Consider adding the 'required' modifier or declaring the field as nullable. [C:\Users\cheat\source\repos\worktrees\pr-481-1763014665\src\AiDotNet.csproj::TargetFramework=net462]
C:\Users\cheat\source\repos\worktrees\pr-481-1763014665\src\ReinforcementLearning\Agents\MADDPG\MADDPGAgent.cs(220,23): error CS1501: No overload for method 'Add' takes 5 arguments [C:\Users\cheat\source\repos\worktrees\pr-481-1763014665\src\AiDotNet.csproj::TargetFramework=net462]
C:\Users\cheat\source\repos\worktrees\pr-481-1763014665\src\ReinforcementLearning\Agents\Rainbow\RainbowDQNAgent.cs(53,12): error CS8618: Non-nullable field '_onlineNetwork' must contain a non-null value when exiting constructor. Consider adding the 'required' modifier or declaring the field as nullable. [C:\Users\cheat\source\repos\worktrees\pr-481-1763014665\src\AiDotNet.csproj::TargetFramework=net462]
C:\Users\cheat\source\repos\worktrees\pr-481-1763014665\src\ReinforcementLearning\Agents\Rainbow\RainbowDQNAgent.cs(53,12): error CS8618: Non-nullable field '_targetNetwork' must contain a non-null value when exiting constructor. Consider adding the 'required' modifier or declaring the field as nullable. [C:\Users\cheat\source\repos\worktrees\pr-481-1763014665\src\AiDotNet.csproj::TargetFramework=net462]
C:\Users\cheat\source\repos\worktrees\pr-481-1763014665\src\ReinforcementLearning\Agents\Rainbow\RainbowDQNAgent.cs(53,12): error CS8618: Non-nullable field '_replayBuffer' must contain a non-null value when exiting constructor. Consider adding the 'required' modifier or declaring the field as nullable. [C:\Users\cheat\source\repos\worktrees\pr-481-1763014665\src\AiDotNet.csproj::TargetFramework=net462]
C:\Users\cheat\source\repos\worktrees\pr-481-1763014665\src\ReinforcementLearning\Agents\MonteCarlo\OnPolicyMonteCarloAgent.cs(286,51): error CS1503: Argument 1: cannot convert from 'AiDotNet.LinearAlgebra.Matrix<T>' to 'AiDotNet.LinearAlgebra.Vector<T>' [C:\Users\cheat\source\repos\worktrees\pr-481-1763014665\src\AiDotNet.csproj::TargetFramework=net462]
C:\Users\cheat\source\repos\worktrees\pr-481-1763014665\src\ReinforcementLearning\Agents\MonteCarlo\OnPolicyMonteCarloAgent.cs(286,88): error CS1503: Argument 2: cannot convert from 'AiDotNet.LinearAlgebra.Matrix<T>' to 'AiDotNet.LinearAlgebra.Vector<T>' [C:\Users\cheat\source\repos\worktrees\pr-481-1763014665\src\AiDotNet.csproj::TargetFramework=net462]
C:\Users\cheat\source\repos\worktrees\pr-481-1763014665\src\ReinforcementLearning\Agents\MonteCarlo\OnPolicyMonteCarloAgent.cs(288,61): error CS1503: Argument 1: cannot convert from 'AiDotNet.LinearAlgebra.Matrix<T>' to 'AiDotNet.LinearAlgebra.Vector<T>' [C:\Users\cheat\source\repos\worktrees\pr-481-1763014665\src\AiDotNet.csproj::TargetFramework=net462]
C:\Users\cheat\source\repos\worktrees\pr-481-1763014665\src\ReinforcementLearning\Agents\MonteCarlo\OnPolicyMonteCarloAgent.cs(288,98): error CS1503: Argument 2: cannot convert from 'AiDotNet.LinearAlgebra.Matrix<T>' to 'AiDotNet.LinearAlgebra.Vector<T>' [C:\Users\cheat\source\repos\worktrees\pr-481-1763014665\src\AiDotNet.csproj::TargetFramework=net462]
C:\Users\cheat\source\repos\worktrees\pr-481-1763014665\src\ReinforcementLearning\Agents\DoubleDQN\DoubleDQNAgent.cs(330,40): error CS1503: Argument 1: cannot convert from 'AiDotNet.LinearAlgebra.Vector<T>' to 'AiDotNet.LinearAlgebra.Tensor<T>' [C:\Users\cheat\source\repos\worktrees\pr-481-1763014665\src\AiDotNet.csproj::TargetFramework=net462]
C:\Users\cheat\source\repos\worktrees\pr-481-1763014665\src\ReinforcementLearning\Agents\DoubleDQN\DoubleDQNAgent.cs(331,44): error CS1503: Argument 1: cannot convert from 'AiDotNet.LinearAlgebra.Tensor<T>' to 'AiDotNet.LinearAlgebra.Vector<T>' [C:\Users\cheat\source\repos\worktrees\pr-481-1763014665\src\AiDotNet.csproj::TargetFramework=net462]
C:\Users\cheat\source\repos\worktrees\pr-481-1763014665\src\ReinforcementLearning\Agents\DoubleDQN\DoubleDQNAgent.cs(332,29): error CS1061: 'ILossFunction<T>' does not contain a definition for 'ComputeGradient' and no accessible extension method 'ComputeGradient' accepting a first argument of type 'ILossFunction<T>' could be found (are you missing a using directive or an assembly reference?) [C:\Users\cheat\source\repos\worktrees\pr-481-1763014665\src\AiDotNet.csproj::TargetFramework=net462]
C:\Users\cheat\source\repos\worktrees\pr-481-1763014665\src\ReinforcementLearning\Agents\DoubleDQN\DoubleDQNAgent.cs(335,40): error CS1061: 'NeuralNetwork<T>' does not contain a definition for 'GetFlattenedGradients' and no accessible extension method 'GetFlattenedGradients' accepting a first argument of type 'NeuralNetwork<T>' could be found (are you missing a using directive or an assembly reference?) [C:\Users\cheat\source\repos\worktrees\pr-481-1763014665\src\AiDotNet.csproj::TargetFramework=net462]
C:\Users\cheat\source\repos\worktrees\pr-481-1763014665\src\ReinforcementLearning\Agents\DynamicProgramming\PolicyIterationAgent.cs(320,51): error CS1503: Argument 1: cannot convert from 'AiDotNet.LinearAlgebra.Matrix<T>' to 'AiDotNet.LinearAlgebra.Vector<T>' [C:\Users\cheat\source\repos\worktrees\pr-481-1763014665\src\AiDotNet.csproj::TargetFramework=net462]
C:\Users\cheat\source\repos\worktrees\pr-481-1763014665\src\ReinforcementLearning\Agents\DynamicProgramming\PolicyIterationAgent.cs(320,88): error CS1503: Argument 2: cannot convert from 'AiDotNet.LinearAlgebra.Matrix<T>' to 'AiDotNet.LinearAlgebra.Vector<T>' [C:\Users\cheat\source\repos\worktrees\pr-481-1763014665\src\AiDotNet.csproj::TargetFramework=net462]
C:\Users\cheat\source\repos\worktrees\pr-481-1763014665\src\ReinforcementLearning\Agents\DynamicProgramming\PolicyIterationAgent.cs(322,61): error CS1503: Argument 1: cannot convert from 'AiDotNet.LinearAlgebra.Matrix<T>' to 'AiDotNet.LinearAlgebra.Vector<T>' [C:\Users\cheat\source\repos\worktrees\pr-481-1763014665\src\AiDotNet.csproj::TargetFramework=net462]
C:\Users\cheat\source\repos\worktrees\pr-481-1763014665\src\ReinforcementLearning\Agents\DynamicProgramming\PolicyIterationAgent.cs(322,98): error CS1503: Argument 2: cannot convert from 'AiDotNet.LinearAlgebra.Matrix<T>' to 'AiDotNet.LinearAlgebra.Vector<T>' [C:\Users\cheat\source\repos\worktrees\pr-481-1763014665\src\AiDotNet.csproj::TargetFramework=net462]
C:\Users\cheat\source\repos\worktrees\pr-481-1763014665\src\ReinforcementLearning\Agents\MADDPG\MADDPGAgent.cs(237,50): error CS1503: Argument 2: cannot convert from 'System.Collections.Generic.List<AiDotNet.ReinforcementLearning.ReplayBuffers.Experience<T>>' to 'System.Collections.Generic.List<(AiDotNet.LinearAlgebra.Vector<T> state, AiDotNet.LinearAlgebra.Vector<T> action, T reward, AiDotNet.LinearAlgebra.Vector<T> nextState, bool done)>' [C:\Users\cheat\source\repos\worktrees\pr-481-1763014665\src\AiDotNet.csproj::TargetFramework=net462]
C:\Users\cheat\source\repos\worktrees\pr-481-1763014665\src\ReinforcementLearning\Agents\MADDPG\MADDPGAgent.cs(238,48): error CS1503: Argument 2: cannot convert from 'System.Collections.Generic.List<AiDotNet.ReinforcementLearning.ReplayBuffers.Experience<T>>' to 'System.Collections.Generic.List<(AiDotNet.LinearAlgebra.Vector<T> state, AiDotNet.LinearAlgebra.Vector<T> action, T reward, AiDotNet.LinearAlgebra.Vector<T> nextState, bool done)>' [C:\Users\cheat\source\repos\worktrees\pr-481-1763014665\src\AiDotNet.csproj::TargetFramework=net462]
C:\Users\cheat\source\repos\worktrees\pr-481-1763014665\src\ReinforcementLearning\Agents\MuZero\MuZeroAgent.cs(210,53): error CS1503: Argument 1: cannot convert from 'AiDotNet.LinearAlgebra.Vector<T>' to 'AiDotNet.LinearAlgebra.Tensor<T>' [C:\Users\cheat\source\repos\worktrees\pr-481-1763014665\src\AiDotNet.csproj::TargetFramework=net462]
C:\Users\cheat\source\repos\worktrees\pr-481-1763014665\src\ReinforcementLearning\Agents\MuZero\MuZeroAgent.cs(211,36): error CS1503: Argument 1: cannot convert from 'AiDotNet.LinearAlgebra.Tensor<T>' to 'AiDotNet.LinearAlgebra.Vector<T>' [C:\Users\cheat\source\repos\worktrees\pr-481-1763014665\src\AiDotNet.csproj::TargetFramework=net462]
C:\Users\cheat\source\repos\worktrees\pr-481-1763014665\src\ReinforcementLearning\Agents\IQL\IQLAgent.cs(335,83): error CS1061: '(Vector<T> state, Vector<T> action, T reward, Vector<T> nextState, bool done)' does not contain a definition for 'Action' and no accessible extension method 'Action' accepting a first argument of type '(Vector<T> state, Vector<T> action, T reward, Vector<T> nextState, bool done)' could be found (are you missing a using directive or an assembly reference?) [C:\Users\cheat\source\repos\worktrees\pr-481-1763014665\src\AiDotNet.csproj::TargetFramework=net462]
C:\Users\cheat\source\repos\worktrees\pr-481-1763014665\src\ReinforcementLearning\Agents\IQL\IQLAgent.cs(336,46): error CS1503: Argument 1: cannot convert from 'AiDotNet.LinearAlgebra.Vector<T>' to 'AiDotNet.LinearAlgebra.Tensor<T>' [C:\Users\cheat\source\repos\worktrees\pr-481-1763014665\src\AiDotNet.csproj::TargetFramework=net462]
C:\Users\cheat\source\repos\worktrees\pr-481-1763014665\src\ReinforcementLearning\Agents\IQL\IQLAgent.cs(337,46): error CS1503: Argument 1: cannot convert from 'AiDotNet.LinearAlgebra.Vector<T>' to 'AiDotNet.LinearAlgebra.Tensor<T>' [C:\Users\cheat\source\repos\worktrees\pr-481-1763014665\src\AiDotNet.csproj::TargetFramework=net462]
C:\Users\cheat\source\repos\worktrees\pr-481-1763014665\src\ReinforcementLearning\Agents\IQL\IQLAgent.cs(340,48): error CS1503: Argument 1: cannot convert from 'AiDotNet.LinearAlgebra.Vector<T>' to 'AiDotNet.LinearAlgebra.Tensor<T>' [C:\Users\cheat\source\repos\worktrees\pr-481-1763014665\src\AiDotNet.csproj::TargetFramework=net462]
C:\Users\cheat\source\repos\worktrees\pr-481-1763014665\src\ReinforcementLearning\Agents\IQL\IQLAgent.cs(352,56): error CS1061: '(Vector<T> state, Vector<T> action, T reward, Vector<T> nextState, bool done)' does not contain a definition for 'Action' and no accessible extension method 'Action' accepting a first argument of type '(Vector<T> state, Vector<T> action, T reward, Vector<T> nextState, bool done)' could be found (are you missing a using directive or an assembly reference?) [C:\Users\cheat\source\repos\worktrees\pr-481-1763014665\src\AiDotNet.csproj::TargetFramework=net462]
C:\Users\cheat\source\repos\worktrees\pr-481-1763014665\src\ReinforcementLearning\Agents\IQL\IQLAgent.cs(363,76): error CS1061: '(Vector<T> state, Vector<T> action, T reward, Vector<T> nextState, bool done)' does not contain a definition for 'Action' and no accessible extension method 'Action' accepting a first argument of type '(Vector<T> state, Vector<T> action, T reward, Vector<T> nextState, bool done)' could be found (are you missing a using directive or an assembly reference?) [C:\Users\cheat\source\repos\worktrees\pr-481-1763014665\src\AiDotNet.csproj::TargetFramework=net462]
C:\Users\cheat\source\repos\worktrees\pr-481-1763014665\src\ReinforcementLearning\Agents\IQL\IQLAgent.cs(367,42): error CS1503: Argument 1: cannot convert from 'AiDotNet.LinearAlgebra.Vector<T>' to 'AiDotNet.LinearAlgebra.Tensor<T>' [C:\Users\cheat\source\repos\worktrees\pr-481-1763014665\src\AiDotNet.csproj::TargetFramework=net462]
C:\Users\cheat\source\repos\worktrees\pr-481-1763014665\src\ReinforcementLearning\Agents\IQL\IQLAgent.cs(368,45): error CS1503: Argument 1: cannot convert from 'T' to 'AiDotNet.LinearAlgebra.Vector<T>' [C:\Users\cheat\source\repos\worktrees\pr-481-1763014665\src\AiDotNet.csproj::TargetFramework=net462]
C:\Users\cheat\source\repos\worktrees\pr-481-1763014665\src\ReinforcementLearning\Agents\PPO\PPOAgent.cs(98,108): error CS0246: The type or namespace name 'LinearActivation<>' could not be found (are you missing a using directive or an assembly reference?) [C:\Users\cheat\source\repos\worktrees\pr-481-1763014665\src\AiDotNet.csproj::TargetFramework=net462]
C:\Users\cheat\source\repos\worktrees\pr-481-1763014665\src\ReinforcementLearning\Agents\PPO\PPOAgent.cs(103,104): error CS0246: The type or namespace name 'LinearActivation<>' could not be found (are you missing a using directive or an assembly reference?) [C:\Users\cheat\source\repos\worktrees\pr-481-1763014665\src\AiDotNet.csproj::TargetFramework=net462]
C:\Users\cheat\source\repos\worktrees\pr-481-1763014665\src\ReinforcementLearning\Agents\PPO\PPOAgent.cs(106,32): error CS1729: 'NeuralNetworkArchitecture<T>' does not contain a constructor that takes 0 arguments [C:\Users\cheat\source\repos\worktrees\pr-481-1763014665\src\AiDotNet.csproj::TargetFramework=net462]
C:\Users\cheat\source\repos\worktrees\pr-481-1763014665\src\ReinforcementLearning\Agents\PPO\PPOAgent.cs(108,13): error CS0200: Property or indexer 'NeuralNetworkArchitecture<T>.Layers' cannot be assigned to -- it is read only [C:\Users\cheat\source\repos\worktrees\pr-481-1763014665\src\AiDotNet.csproj::TargetFramework=net462]
C:\Users\cheat\source\repos\worktrees\pr-481-1763014665\src\ReinforcementLearning\Agents\PPO\PPOAgent.cs(109,13): error CS0200: Property or indexer 'NeuralNetworkArchitecture<T>.TaskType' cannot be assigned to -- it is read only [C:\Users\cheat\source\repos\worktrees\pr-481-1763014665\src\AiDotNet.csproj::TargetFramework=net462]
C:\Users\cheat\source\repos\worktrees\pr-481-1763014665\src\ReinforcementLearning\Agents\MuZero\MuZeroAgent.cs(248,55): error CS1503: Argument 1: cannot convert from 'AiDotNet.LinearAlgebra.Vector<T>' to 'AiDotNet.LinearAlgebra.Tensor<T>' [C:\Users\cheat\source\repos\worktrees\pr-481-1763014665\src\AiDotNet.csproj::TargetFramework=net462]
C:\Users\cheat\source\repos\worktrees\pr-481-1763014665\src\ReinforcementLearning\Agents\MuZero\MuZeroAgent.cs(258,53): error CS1503: Argument 1: cannot convert from 'AiDotNet.LinearAlgebra.Vector<T>' to 'AiDotNet.LinearAlgebra.Tensor<T>' [C:\Users\cheat\source\repos\worktrees\pr-481-1763014665\src\AiDotNet.csproj::TargetFramework=net462]
C:\Users\cheat\source\repos\worktrees\pr-481-1763014665\src\ReinforcementLearning\Agents\MuZero\MuZeroAgent.cs(259,34): error CS1503: Argument 1: cannot convert from 'AiDotNet.LinearAlgebra.Tensor<T>' to 'AiDotNet.LinearAlgebra.Vector<T>' [C:\Users\cheat\source\repos\worktrees\pr-481-1763014665\src\AiDotNet.csproj::TargetFramework=net462]
C:\Users\cheat\source\repos\worktrees\pr-481-1763014665\src\ReinforcementLearning\Agents\PPO\PPOAgent.cs(128,79): error CS0246: The type or namespace name 'LinearActivation<>' could not be found (are you missing a using directive or an assembly reference?) [C:\Users\cheat\source\repos\worktrees\pr-481-1763014665\src\AiDotNet.csproj::TargetFramework=net462]
C:\Users\cheat\source\repos\worktrees\pr-481-1763014665\src\ReinforcementLearning\Agents\PPO\PPOAgent.cs(130,32): error CS1729: 'NeuralNetworkArchitecture<T>' does not contain a constructor that takes 0 arguments [C:\Users\cheat\source\repos\worktrees\pr-481-1763014665\src\AiDotNet.csproj::TargetFramework=net462]
C:\Users\cheat\source\repos\worktrees\pr-481-1763014665\src\ReinforcementLearning\Agents\PPO\PPOAgent.cs(132,13): error CS0200: Property or indexer 'NeuralNetworkArchitecture<T>.Layers' cannot be assigned to -- it is read only [C:\Users\cheat\source\repos\worktrees\pr-481-1763014665\src\AiDotNet.csproj::TargetFramework=net462]
C:\Users\cheat\source\repos\worktrees\pr-481-1763014665\src\ReinforcementLearning\Agents\PPO\PPOAgent.cs(133,13): error CS0200: Property or indexer 'NeuralNetworkArchitecture<T>.TaskType' cannot be assigned to -- it is read only [C:\Users\cheat\source\repos\worktrees\pr-481-1763014665\src\AiDotNet.csproj::TargetFramework=net462]
C:\Users\cheat\source\repos\worktrees\pr-481-1763014665\src\ReinforcementLearning\Agents\MADDPG\MADDPGAgent.cs(257,122): error CS1061: '(Vector<T> state, Vector<T> action, T reward, Vector<T> nextState, bool done)' does not contain a definition for 'Action' and no accessible extension method 'Action' accepting a first argument of type '(Vector<T> state, Vector<T> action, T reward, Vector<T> nextState, bool done)' could be found (are you missing a using directive or an assembly reference?) [C:\Users\cheat\source\repos\worktrees\pr-481-1763014665\src\AiDotNet.csproj::TargetFramework=net462]
C:\Users\cheat\source\repos\worktrees\pr-481-1763014665\src\ReinforcementLearning\Agents\MADDPG\MADDPGAgent.cs(257,58): error CS1061: 'INeuralNetwork<T>' does not contain a definition for 'Forward' and no accessible extension method 'Forward' accepting a first argument of type 'INeuralNetwork<T>' could be found (are you missing a using directive or an assembly reference?) [C:\Users\cheat\source\repos\worktrees\pr-481-1763014665\src\AiDotNet.csproj::TargetFramework=net462]
C:\Users\cheat\source\repos\worktrees\pr-481-1763014665\src\ReinforcementLearning\Agents\MADDPG\MADDPGAgent.cs(262,37): error CS1061: '(Vector<T> state, Vector<T> action, T reward, Vector<T> nextState, bool done)' does not contain a definition for 'Reward' and no accessible extension method 'Reward' accepting a first argument of type '(Vector<T> state, Vector<T> action, T reward, Vector<T> nextState, bool done)' could be found (are you missing a using directive or an assembly reference?) [C:\Users\cheat\source\repos\worktrees\pr-481-1763014665\src\AiDotNet.csproj::TargetFramework=net462]
C:\Users\cheat\source\repos\worktrees\pr-481-1763014665\src\ReinforcementLearning\Agents\MADDPG\MADDPGAgent.cs(266,48): error CS1061: '(Vector<T> state, Vector<T> action, T reward, Vector<T> nextState, bool done)' does not contain a definition for 'Reward' and no accessible extension method 'Reward' accepting a first argument of type '(Vector<T> state, Vector<T> action, T reward, Vector<T> nextState, bool done)' could be found (are you missing a using directive or an assembly reference?) [C:\Users\cheat\source\repos\worktrees\pr-481-1763014665\src\AiDotNet.csproj::TargetFramework=net462]
C:\Users\cheat\source\repos\worktrees\pr-481-1763014665\src\ReinforcementLearning\Agents\MADDPG\MADDPGAgent.cs(270,113): error CS1061: '(Vector<T> state, Vector<T> action, T reward, Vector<T> nextState, bool done)' does not contain a definition for 'Action' and no accessible extension method 'Action' accepting a first argument of type '(Vector<T> state, Vector<T> action, T reward, Vector<T> nextState, bool done)' could be found (are you missing a using directive or an assembly reference?) [C:\Users\cheat\source\repos\worktrees\pr-481-1763014665\src\AiDotNet.csproj::TargetFramework=net462]
C:\Users\cheat\source\repos\worktrees\pr-481-1763014665\src\ReinforcementLearning\Agents\MADDPG\MADDPGAgent.cs(270,53): error CS1061: 'INeuralNetwork<T>' does not contain a definition for 'Forward' and no accessible extension method 'Forward' accepting a first argument of type 'INeuralNetwork<T>' could be found (are you missing a using directive or an assembly reference?) [C:\Users\cheat\source\repos\worktrees\pr-481-1763014665\src\AiDotNet.csproj::TargetFramework=net462]
C:\Users\cheat\source\repos\worktrees\pr-481-1763014665\src\ReinforcementLearning\Agents\MADDPG\MADDPGAgent.cs(280,38): error CS1061: 'INeuralNetwork<T>' does not contain a definition for 'Backpropagate' and no accessible extension method 'Backpropagate' accepting a first argument of type 'INeuralNetwork<T>' could be found (are you missing a using directive or an assembly reference?) [C:\Users\cheat\source\repos\worktrees\pr-481-1763014665\src\AiDotNet.csproj::TargetFramework=net462]
C:\Users\cheat\source\repos\worktrees\pr-481-1763014665\src\ReinforcementLearning\Agents\MADDPG\MADDPGAgent.cs(281,55): error CS1503: Argument 1: cannot convert from 'T' to 'AiDotNet.LinearAlgebra.Vector<T>' [C:\Users\cheat\source\repos\worktrees\pr-481-1763014665\src\AiDotNet.csproj::TargetFramework=net462]
C:\Users\cheat\source\repos\worktrees\pr-481-1763014665\src\ReinforcementLearning\Agents\PPO\PPOAgent.cs(142,51): error CS1503: Argument 1: cannot convert from 'AiDotNet.LinearAlgebra.Vector<T>' to 'AiDotNet.LinearAlgebra.Tensor<T>' [C:\Users\cheat\source\repos\worktrees\pr-481-1763014665\src\AiDotNet.csproj::TargetFramework=net462]
C:\Users\cheat\source\repos\worktrees\pr-481-1763014665\src\ReinforcementLearning\Agents\PPO\PPOAgent.cs(147,43): error CS1503: Argument 1: cannot convert from 'AiDotNet.LinearAlgebra.Tensor<T>' to 'AiDotNet.LinearAlgebra.Vector<T>' [C:\Users\cheat\source\repos\worktrees\pr-481-1763014665\src\AiDotNet.csproj::TargetFramework=net462]
C:\Users\cheat\source\repos\worktrees\pr-481-1763014665\src\ReinforcementLearning\Agents\PPO\PPOAgent.cs(152,41): error CS1503: Argument 1: cannot convert from 'AiDotNet.LinearAlgebra.Tensor<T>' to 'AiDotNet.LinearAlgebra.Vector<T>' [C:\Users\cheat\source\repos\worktrees\pr-481-1763014665\src\AiDotNet.csproj::TargetFramework=net462]
C:\Users\cheat\source\repos\worktrees\pr-481-1763014665\src\ReinforcementLearning\Agents\IQL\IQLAgent.cs(376,42): error CS1061: 'NeuralNetwork<T>' does not contain a definition for 'GetLayers' and no accessible extension method 'GetLayers' accepting a first argument of type 'NeuralNetwork<T>' could be found (are you missing a using directive or an assembly reference?) [C:\Users\cheat\source\repos\worktrees\pr-481-1763014665\src\AiDotNet.csproj::TargetFramework=net462]
C:\Users\cheat\source\repos\worktrees\pr-481-1763014665\src\ReinforcementLearning\Agents\IQL\IQLAgent.cs(377,48): error CS1061: 'NeuralNetwork<T>' does not contain a definition for 'GetLayers' and no accessible extension method 'GetLayers' accepting a first argument of type 'NeuralNetwork<T>' could be found (are you missing a using directive or an assembly reference?) [C:\Users\cheat\source\repos\worktrees\pr-481-1763014665\src\AiDotNet.csproj::TargetFramework=net462]
C:\Users\cheat\source\repos\worktrees\pr-481-1763014665\src\ReinforcementLearning\Agents\IQL\IQLAgent.cs(383,49): error CS1061: 'DenseLayer<T>' does not contain a definition for 'GetWeights' and no accessible extension method 'GetWeights' accepting a first argument of type 'DenseLayer<T>' could be found (are you missing a using directive or an assembly reference?) [C:\Users\cheat\source\repos\worktrees\pr-481-1763014665\src\AiDotNet.csproj::TargetFramework=net462]
C:\Users\cheat\source\repos\worktrees\pr-481-1763014665\src\ReinforcementLearning\Agents\IQL\IQLAgent.cs(384,48): error CS1061: 'DenseLayer<T>' does not contain a definition for 'GetBiases' and no accessible extension method 'GetBiases' accepting a first argument of type 'DenseLayer<T>' could be found (are you missing a using directive or an assembly reference?) [C:\Users\cheat\source\repos\worktrees\pr-481-1763014665\src\AiDotNet.csproj::TargetFramework=net462]
C:\Users\cheat\source\repos\worktrees\pr-481-1763014665\src\ReinforcementLearning\Agents\IQL\IQLAgent.cs(385,49): error CS1061: 'DenseLayer<T>' does not contain a definition for 'GetWeights' and no accessible extension method 'GetWeights' accepting a first argument of type 'DenseLayer<T>' could be found (are you missing a using directive or an assembly reference?) [C:\Users\cheat\source\repos\worktrees\pr-481-1763014665\src\AiDotNet.csproj::TargetFramework=net462]
C:\Users\cheat\source\repos\worktrees\pr-481-1763014665\src\ReinforcementLearning\Agents\IQL\IQLAgent.cs(386,48): error CS1061: 'DenseLayer<T>' does not contain a definition for 'GetBiases' and no accessible extension method 'GetBiases' accepting a first argument of type 'DenseLayer<T>' could be found (are you missing a using directive or an assembly reference?) [C:\Users\cheat\source\repos\worktrees\pr-481-1763014665\src\AiDotNet.csproj::TargetFramework=net462]
C:\Users\cheat\source\repos\worktrees\pr-481-1763014665\src\ReinforcementLearning\Agents\IQL\IQLAgent.cs(400,26): error CS0136: A local or parameter named 'i' cannot be declared in this scope because that name is used in an enclosing local scope to define a local or parameter [C:\Users\cheat\source\repos\worktrees\pr-481-1763014665\src\AiDotNet.csproj::TargetFramework=net462]
C:\Users\cheat\source\repos\worktrees\pr-481-1763014665\src\ReinforcementLearning\Agents\IQL\IQLAgent.cs(408,29): error CS1061: 'DenseLayer<T>' does not contain a definition for 'SetBiases' and no accessible extension method 'SetBiases' accepting a first argument of type 'DenseLayer<T>' could be found (are you missing a using directive or an assembly reference?) [C:\Users\cheat\source\repos\worktrees\pr-481-1763014665\src\AiDotNet.csproj::TargetFramework=net462]
C:\Users\cheat\source\repos\worktrees\pr-481-1763014665\src\ReinforcementLearning\Agents\IQL\IQLAgent.cs(415,35): error CS1061: 'NeuralNetwork<T>' does not contain a definition for 'GetLayers' and no accessible extension method 'GetLayers' accepting a first argument of type 'NeuralNetwork<T>' could be found (are you missing a using directive or an assembly reference?) [C:\Users\cheat\source\repos\worktrees\pr-481-1763014665\src\AiDotNet.csproj::TargetFramework=net462]
C:\Users\cheat\source\repos\worktrees\pr-481-1763014665\src\ReinforcementLearning\Agents\IQL\IQLAgent.cs(416,35): error CS1061: 'NeuralNetwork<T>' does not contain a definition for 'GetLayers' and no accessible extension method 'GetLayers' accepting a first argument of type 'NeuralNetwork<T>' could be found (are you missing a using directive or an assembly reference?) [C:\Users\cheat\source\repos\worktrees\pr-481-1763014665\src\AiDotNet.csproj::TargetFramework=net462]
C:\Users\cheat\source\repos\worktrees\pr-481-1763014665\src\ReinforcementLearning\Agents\IQL\IQLAgent.cs(422,52): error CS1061: 'DenseLayer<T>' does not contain a definition for 'GetWeights' and no accessible extension method 'GetWeights' accepting a first argument of type 'DenseLayer<T>' could be found (are you missing a using directive or an assembly reference?) [C:\Users\cheat\source\repos\worktrees\pr-481-1763014665\src\AiDotNet.csproj::TargetFramework=net462]
C:\Users\cheat\source\repos\worktrees\pr-481-1763014665\src\ReinforcementLearning\Agents\IQL\IQLAgent.cs(423,51): error CS1061: 'DenseLayer<T>' does not contain a definition for 'GetBiases' and no accessible extension method 'GetBiases' accepting a first argument of type 'DenseLayer<T>' could be found (are you missing a using directive or an assembly reference?) [C:\Users\cheat\source\repos\worktrees\pr-481-1763014665\src\AiDotNet.csproj::TargetFramework=net462]
C:\Users\cheat\source\repos\worktrees\pr-481-1763014665\src\ReinforcementLearning\Agents\IQL\IQLAgent.cs(423,29): error CS1061: 'DenseLayer<T>' does not contain a definition for 'SetBiases' and no accessible extension method 'SetBiases' accepting a first argument of type 'DenseLayer<T>' could be found (are you missing a using directive or an assembly reference?) [C:\Users\cheat\source\repos\worktrees\pr-481-1763014665\src\AiDotNet.csproj::TargetFramework=net462]
C:\Users\cheat\source\repos\worktrees\pr-481-1763014665\src\ReinforcementLearning\Agents\MADDPG\MADDPGAgent.cs(302,50): error CS1061: 'INeuralNetwork<T>' does not contain a definition for 'Forward' and no accessible extension method 'Forward' accepting a first argument of type 'INeuralNetwork<T>' could be found (are you missing a using directive or an assembly reference?) [C:\Users\cheat\source\repos\worktrees\pr-481-1763014665\src\AiDotNet.csproj::TargetFramework=net462]
C:\Users\cheat\source\repos\worktrees\pr-481-1763014665\src\ReinforcementLearning\Agents\MADDPG\MADDPGAgent.cs(305,42): error CS1061: '(Vector<T> state, Vector<T> action, T reward, Vector<T> nextState, bool done)' does not contain a definition for 'Action' and no accessible extension method 'Action' accepting a first argument of type '(Vector<T> state, Vector<T> action, T reward, Vector<T> nextState, bool done)' could be found (are you missing a using directive or an assembly reference?) [C:\Users\cheat\source\repos\worktrees\pr-481-1763014665\src\AiDotNet.csproj::TargetFramework=net462]
C:\Users\cheat\source\repos\worktrees\pr-481-1763014665\src\ReinforcementLearning\Agents\MADDPG\MADDPGAgent.cs(312,51): error CS1061: 'INeuralNetwork<T>' does not contain a definition for 'Forward' and no accessible extension method 'Forward' accepting a first argument of type 'INeuralNetwork<T>' could be found (are you missing a using directive or an assembly reference?) [C:\Users\cheat\source\repos\worktrees\pr-481-1763014665\src\AiDotNet.csproj::TargetFramework=net462]
C:\Users\cheat\source\repos\worktrees\pr-481-1763014665\src\ReinforcementLearning\Agents\MADDPG\MADDPGAgent.cs(324,37): error CS1061: 'INeuralNetwork<T>' does not contain a definition for 'Backpropagate' and no accessible extension method 'Backpropagate' accepting a first argument of type 'INeuralNetwork<T>' could be found (are you missing a using directive or an assembly reference?) [C:\Users\cheat\source\repos\worktrees\pr-481-1763014665\src\AiDotNet.csproj::TargetFramework=net462]
C:\Users\cheat\source\repos\worktrees\pr-481-1763014665\src\ReinforcementLearning\Agents\MADDPG\MADDPGAgent.cs(325,54): error CS1503: Argument 1: cannot convert from 'T' to 'AiDotNet.LinearAlgebra.Vector<T>' [C:\Users\cheat\source\repos\worktrees\pr-481-1763014665\src\AiDotNet.csproj::TargetFramework=net462]
C:\Users\cheat\source\repos\worktrees\pr-481-1763014665\src\ReinforcementLearning\Agents\MuZero\MuZeroAgent.cs(286,23): error CS1501: No overload for method 'Add' takes 5 arguments [C:\Users\cheat\source\repos\worktrees\pr-481-1763014665\src\AiDotNet.csproj::TargetFramework=net462]
C:\Users\cheat\source\repos\worktrees\pr-481-1763014665\src\ReinforcementLearning\Agents\ReinforcementLearningAgentBase.cs(343,14): error CS8618: Non-nullable property 'LearningRate' must contain a non-null value when exiting constructor. Consider adding the 'required' modifier or declaring the property as nullable. [C:\Users\cheat\source\repos\worktrees\pr-481-1763014665\src\AiDotNet.csproj::TargetFramework=net462]
C:\Users\cheat\source\repos\worktrees\pr-481-1763014665\src\ReinforcementLearning\Agents\ReinforcementLearningAgentBase.cs(348,14): error CS8618: Non-nullable property 'DiscountFactor' must contain a non-null value when exiting constructor. Consider adding the 'required' modifier or declaring the property as nullable. [C:\Users\cheat\source\repos\worktrees\pr-481-1763014665\src\AiDotNet.csproj::TargetFramework=net462]
C:\Users\cheat\source\repos\worktrees\pr-481-1763014665\src\ReinforcementLearning\Agents\ReinforcementLearningAgentBase.cs(353,29): error CS8618: Non-nullable property 'LossFunction' must contain a non-null value when exiting constructor. Consider adding the 'required' modifier or declaring the property as nullable. [C:\Users\cheat\source\repos\worktrees\pr-481-1763014665\src\AiDotNet.csproj::TargetFramework=net462]
C:\Users\cheat\source\repos\worktrees\pr-481-1763014665\src\ReinforcementLearning\Agents\AdvancedRL\LSPIAgent.cs(345,37): error CS1503: Argument 1: cannot convert from 'AiDotNet.LinearAlgebra.Matrix<T>' to 'AiDotNet.LinearAlgebra.Vector<T>' [C:\Users\cheat\source\repos\worktrees\pr-481-1763014665\src\AiDotNet.csproj::TargetFramework=net462]
C:\Users\cheat\source\repos\worktrees\pr-481-1763014665\src\ReinforcementLearning\Agents\AdvancedRL\LSPIAgent.cs(345,68): error CS1503: Argument 2: cannot convert from 'AiDotNet.LinearAlgebra.Matrix<T>' to 'AiDotNet.LinearAlgebra.Vector<T>' [C:\Users\cheat\source\repos\worktrees\pr-481-1763014665\src\AiDotNet.csproj::TargetFramework=net462]
C:\Users\cheat\source\repos\worktrees\pr-481-1763014665\src\ReinforcementLearning\Agents\AdvancedRL\LSPIAgent.cs(346,43): error CS1503: Argument 1: cannot convert from 'AiDotNet.LinearAlgebra.Matrix<T>' to 'AiDotNet.LinearAlgebra.Vector<T>' [C:\Users\cheat\source\repos\worktrees\pr-481-1763014665\src\AiDotNet.csproj::TargetFramework=net462]
C:\Users\cheat\source\repos\worktrees\pr-481-1763014665\src\ReinforcementLearning\Agents\AdvancedRL\LSPIAgent.cs(346,74): error CS1503: Argument 2: cannot convert from 'AiDotNet.LinearAlgebra.Matrix<T>' to 'AiDotNet.LinearAlgebra.Vector<T>' [C:\Users\cheat\source\repos\worktrees\pr-481-1763014665\src\AiDotNet.csproj::TargetFramework=net462]
C:\Users\cheat\source\repos\worktrees\pr-481-1763014665\src\ReinforcementLearning\Agents\Rainbow\RainbowDQNAgent.cs(97,32): error CS1729: 'NeuralNetworkArchitecture<T>' does not contain a constructor that takes 0 arguments [C:\Users\cheat\source\repos\worktrees\pr-481-1763014665\src\AiDotNet.csproj::TargetFramework=net462]
C:\Users\cheat\source\repos\worktrees\pr-481-1763014665\src\ReinforcementLearning\Agents\Rainbow\RainbowDQNAgent.cs(99,13): error CS0200: Property or indexer 'NeuralNetworkArchitecture<T>.TaskType' cannot be assigned to -- it is read only [C:\Users\cheat\source\repos\worktrees\pr-481-1763014665\src\AiDotNet.csproj::TargetFramework=net462]
C:\Users\cheat\source\repos\worktrees\pr-481-1763014665\src\ReinforcementLearning\Agents\Rainbow\RainbowDQNAgent.cs(105,9): error CS0200: Property or indexer 'NeuralNetworkArchitecture<T>.Layers' cannot be assigned to -- it is read only [C:\Users\cheat\source\repos\worktrees\pr-481-1763014665\src\AiDotNet.csproj::TargetFramework=net462]
C:\Users\cheat\source\repos\worktrees\pr-481-1763014665\src\ReinforcementLearning\Agents\MADDPG\MADDPGAgent.cs(425,25): error CS0029: Cannot implicitly convert type 'string' to 'AiDotNet.Enums.ModelType' [C:\Users\cheat\source\repos\worktrees\pr-481-1763014665\src\AiDotNet.csproj::TargetFramework=net462]
C:\Users\cheat\source\repos\worktrees\pr-481-1763014665\src\ReinforcementLearning\Agents\REINFORCE\REINFORCEAgent.cs(154,51): error CS1503: Argument 1: cannot convert from 'AiDotNet.LinearAlgebra.Vector<T>' to 'AiDotNet.LinearAlgebra.Tensor<T>' [C:\Users\cheat\source\repos\worktrees\pr-481-1763014665\src\AiDotNet.csproj::TargetFramework=net462]
C:\Users\cheat\source\repos\worktrees\pr-481-1763014665\src\ReinforcementLearning\Agents\REINFORCE\REINFORCEAgent.cs(182,33): error CS1503: Argument 1: cannot convert from 'AiDotNet.LinearAlgebra.Tensor<T>' to 'AiDotNet.LinearAlgebra.Vector<T>' [C:\Users\cheat\source\repos\worktrees\pr-481-1763014665\src\AiDotNet.csproj::TargetFramework=net462]
C:\Users\cheat\source\repos\worktrees\pr-481-1763014665\src\ReinforcementLearning\Agents\MonteCarlo\FirstVisitMonteCarloAgent.cs(192,25): error CS0029: Cannot implicitly convert type 'string' to 'AiDotNet.Enums.ModelType' [C:\Users\cheat\source\repos\worktrees\pr-481-1763014665\src\AiDotNet.csproj::TargetFramework=net462]
C:\Users\cheat\source\repos\worktrees\pr-481-1763014665\src\ReinforcementLearning\Agents\MuZero\MuZeroAgent.cs(302,62): error CS1503: Argument 1: cannot convert from 'AiDotNet.LinearAlgebra.Vector<T>' to 'AiDotNet.LinearAlgebra.Tensor<T>' [C:\Users\cheat\source\repos\worktrees\pr-481-1763014665\src\AiDotNet.csproj::TargetFramework=net462]
C:\Users\cheat\source\repos\worktrees\pr-481-1763014665\src\ReinforcementLearning\Agents\MuZero\MuZeroAgent.cs(309,51): error CS1503: Argument 1: cannot convert from 'AiDotNet.LinearAlgebra.Tensor<T>' to 'AiDotNet.LinearAlgebra.Vector<T>' [C:\Users\cheat\source\repos\worktrees\pr-481-1763014665\src\AiDotNet.csproj::TargetFramework=net462]
C:\Users\cheat\source\repos\worktrees\pr-481-1763014665\src\ReinforcementLearning\Agents\MuZero\MuZeroAgent.cs(312,41): error CS1061: 'Experience<T>' does not contain a definition for 'done' and no accessible extension method 'done' accepting a first argument of type 'Experience<T>' could be found (are you missing a using directive or an assembly reference?) [C:\Users\cheat\source\repos\worktrees\pr-481-1763014665\src\AiDotNet.csproj::TargetFramework=net462]
C:\Users\cheat\source\repos\worktrees\pr-481-1763014665\src\ReinforcementLearning\Agents\MuZero\MuZeroAgent.cs(323,50): error CS1503: Argument 1: cannot convert from 'AiDotNet.LinearAlgebra.Vector<T>' to 'AiDotNet.LinearAlgebra.Tensor<T>' [C:\Users\cheat\source\repos\worktrees\pr-481-1763014665\src\AiDotNet.csproj::TargetFramework=net462]
C:\Users\cheat\source\repos\worktrees\pr-481-1763014665\src\ReinforcementLearning\Agents\MuZero\MuZeroAgent.cs(324,53): error CS1503: Argument 1: cannot convert from 'T' to 'AiDotNet.LinearAlgebra.Vector<T>' [C:\Users\cheat\source\repos\worktrees\pr-481-1763014665\src\AiDotNet.csproj::TargetFramework=net462]
C:\Users\cheat\source\repos\worktrees\pr-481-1763014665\src\ReinforcementLearning\Agents\MuZero\MuZeroAgent.cs(328,56): error CS1503: Argument 1: cannot convert from 'AiDotNet.LinearAlgebra.Tensor<T>' to 'AiDotNet.LinearAlgebra.Vector<T>' [C:\Users\cheat\source\repos\worktrees\pr-481-1763014665\src\AiDotNet.csproj::TargetFramework=net462]
C:\Users\cheat\source\repos\worktrees\pr-481-1763014665\src\ReinforcementLearning\Agents\MuZero\MuZeroAgent.cs(329,63): error CS1503: Argument 1: cannot convert from 'AiDotNet.LinearAlgebra.Vector<T>' to 'AiDotNet.LinearAlgebra.Tensor<T>' [C:\Users\cheat\source\repos\worktrees\pr-481-1763014665\src\AiDotNet.csproj::TargetFramework=net462]
C:\Users\cheat\source\repos\worktrees\pr-481-1763014665\src\ReinforcementLearning\Agents\MuZero\MuZeroAgent.cs(332,31): error CS0029: Cannot implicitly convert type 'AiDotNet.LinearAlgebra.Vector<T>' to 'AiDotNet.LinearAlgebra.Tensor<T>' [C:\Users\cheat\source\repos\worktrees\pr-481-1763014665\src\AiDotNet.csproj::TargetFramework=net462]
C:\Users\cheat\source\repos\worktrees\pr-481-1763014665\src\ReinforcementLearning\Agents\EligibilityTraces\SARSALambdaAgent.cs(17,12): error CS8618: Non-nullable field '_lastState' must contain a non-null value when exiting constructor. Consider adding the 'required' modifier or declaring the field as nullable. [C:\Users\cheat\source\repos\worktrees\pr-481-1763014665\src\AiDotNet.csproj::TargetFramework=net462]
C:\Users\cheat\source\repos\worktrees\pr-481-1763014665\src\ReinforcementLearning\Agents\QMIX\QMIXAgent.cs(106,32): error CS1729: 'NeuralNetworkArchitecture<T>' does not contain a constructor that takes 0 arguments [C:\Users\cheat\source\repos\worktrees\pr-481-1763014665\src\AiDotNet.csproj::TargetFramework=net462]
C:\Users\cheat\source\repos\worktrees\pr-481-1763014665\src\ReinforcementLearning\Agents\QMIX\QMIXAgent.cs(108,13): error CS0200: Property or indexer 'NeuralNetworkArchitecture<T>.TaskType' cannot be assigned to -- it is read only [C:\Users\cheat\source\repos\worktrees\pr-481-1763014665\src\AiDotNet.csproj::TargetFramework=net462]
C:\Users\cheat\source\repos\worktrees\pr-481-1763014665\src\ReinforcementLearning\Agents\QMIX\QMIXAgent.cs(114,9): error CS0200: Property or indexer 'NeuralNetworkArchitecture<T>.Layers' cannot be assigned to -- it is read only [C:\Users\cheat\source\repos\worktrees\pr-481-1763014665\src\AiDotNet.csproj::TargetFramework=net462]
C:\Users\cheat\source\repos\worktrees\pr-481-1763014665\src\ReinforcementLearning\Agents\Rainbow\RainbowDQNAgent.cs(139,45): error CS1503: Argument 1: cannot convert from 'AiDotNet.LinearAlgebra.Vector<T>' to 'AiDotNet.LinearAlgebra.Tensor<T>' [C:\Users\cheat\source\repos\worktrees\pr-481-1763014665\src\AiDotNet.csproj::TargetFramework=net462]
C:\Users\cheat\source\repos\worktrees\pr-481-1763014665\src\ReinforcementLearning\Agents\Rainbow\RainbowDQNAgent.cs(163,16): error CS0029: Cannot implicitly convert type 'AiDotNet.LinearAlgebra.Tensor<T>' to 'AiDotNet.LinearAlgebra.Vector<T>' [C:\Users\cheat\source\repos\worktrees\pr-481-1763014665\src\AiDotNet.csproj::TargetFramework=net462]
C:\Users\cheat\source\repos\worktrees\pr-481-1763014665\src\ReinforcementLearning\Agents\QMIX\QMIXAgent.cs(123,32): error CS1729: 'NeuralNetworkArchitecture<T>' does not contain a constructor that takes 0 arguments [C:\Users\cheat\source\repos\worktrees\pr-481-1763014665\src\AiDotNet.csproj::TargetFramework=net462]
C:\Users\cheat\source\repos\worktrees\pr-481-1763014665\src\ReinforcementLearning\Agents\QMIX\QMIXAgent.cs(125,13): error CS0200: Property or indexer 'NeuralNetworkArchitecture<T>.TaskType' cannot be assigned to -- it is read only [C:\Users\cheat\source\repos\worktrees\pr-481-1763014665\src\AiDotNet.csproj::TargetFramework=net462]
C:\Users\cheat\source\repos\worktrees\pr-481-1763014665\src\ReinforcementLearning\Agents\QMIX\QMIXAgent.cs(135,9): error CS0200: Property or indexer 'NeuralNetworkArchitecture<T>.Layers' cannot be assigned to -- it is read only [C:\Users\cheat\source\repos\worktrees\pr-481-1763014665\src\AiDotNet.csproj::TargetFramework=net462]
C:\Users\cheat\source\repos\worktrees\pr-481-1763014665\src\ReinforcementLearning\Agents\QMIX\QMIXAgent.cs(164,47): error CS1061: 'INeuralNetwork<T>' does not contain a definition for 'Forward' and no accessible extension method 'Forward' accepting a first argument of type 'INeuralNetwork<T>' could be found (are you missing a using directive or an assembly reference?) [C:\Users\cheat\source\repos\worktrees\pr-481-1763014665\src\AiDotNet.csproj::TargetFramework=net462]
C:\Users\cheat\source\repos\worktrees\pr-481-1763014665\src\ReinforcementLearning\Agents\DynamicProgramming\ModifiedPolicyIterationAgent.cs(229,25): error CS0029: Cannot implicitly convert type 'string' to 'AiDotNet.Enums.ModelType' [C:\Users\cheat\source\repos\worktrees\pr-481-1763014665\src\AiDotNet.csproj::TargetFramework=net462]
C:\Users\cheat\source\repos\worktrees\pr-481-1763014665\src\ReinforcementLearning\Agents\REINFORCE\REINFORCEAgent.cs(220,55): error CS1503: Argument 1: cannot convert from 'AiDotNet.LinearAlgebra.Vector<T>' to 'AiDotNet.LinearAlgebra.Tensor<T>' [C:\Users\cheat\source\repos\worktrees\pr-481-1763014665\src\AiDotNet.csproj::TargetFramework=net462]
C:\Users\cheat\source\repos\worktrees\pr-481-1763014665\src\ReinforcementLearning\Agents\REINFORCE\REINFORCEAgent.cs(223,17): error CS0103: The name '_options' does not exist in the current context [C:\Users\cheat\source\repos\worktrees\pr-481-1763014665\src\AiDotNet.csproj::TargetFramework=net462]
C:\Users\cheat\source\repos\worktrees\pr-481-1763014665\src\ReinforcementLearning\Agents\REINFORCE\REINFORCEAgent.cs(227,34): error CS0103: The name '_options' does not exist in the current context [C:\Users\cheat\source\repos\worktrees\pr-481-1763014665\src\AiDotNet.csproj::TargetFramework=net462]
C:\Users\cheat\source\repos\worktrees\pr-481-1763014665\src\ReinforcementLearning\Agents\REINFORCE\REINFORCEAgent.cs(250,46): error CS1503: Argument 1: cannot convert from 'AiDotNet.LinearAlgebra.Tensor<T>' to 'AiDotNet.LinearAlgebra.Vector<T>' [C:\Users\cheat\source\repos\worktrees\pr-481-1763014665\src\AiDotNet.csproj::TargetFramework=net462]
C:\Users\cheat\source\repos\worktrees\pr-481-1763014665\src\ReinforcementLearning\Agents\REINFORCE\REINFORCEAgent.cs(262,42): error CS1503: Argument 1: cannot convert from 'AiDotNet.LinearAlgebra.Vector<T>' to 'AiDotNet.LinearAlgebra.Tensor<T>' [C:\Users\cheat\source\repos\worktrees\pr-481-1763014665\src\AiDotNet.csproj::TargetFramework=net462]
C:\Users\cheat\source\repos\worktrees\pr-481-1763014665\src\ReinforcementLearning\Agents\MonteCarlo\MonteCarloExploringStartsAgent.cs(214,25): error CS0029: Cannot implicitly convert type 'string' to 'AiDotNet.Enums.ModelType' [C:\Users\cheat\source\repos\worktrees\pr-481-1763014665\src\AiDotNet.csproj::TargetFramework=net462]
C:\Users\cheat\source\repos\worktrees\pr-481-1763014665\src\ReinforcementLearning\Agents\QMIX\QMIXAgent.cs(195,23): error CS1501: No overload for method 'Add' takes 5 arguments [C:\Users\cheat\source\repos\worktrees\pr-481-1763014665\src\AiDotNet.csproj::TargetFramework=net462]
C:\Users\cheat\source\repos\worktrees\pr-481-1763014665\src\ReinforcementLearning\Agents\EligibilityTraces\QLambdaAgent.cs(114,218): error CS1503: Argument 1: cannot convert from 'AiDotNet.LinearAlgebra.Matrix<T>' to 'AiDotNet.LinearAlgebra.Vector<T>' [C:\Users\cheat\source\repos\worktrees\pr-481-1763014665\src\AiDotNet.csproj::TargetFramework=net462]
C:\Users\cheat\source\repos\worktrees\pr-481-1763014665\src\ReinforcementLearning\Agents\EligibilityTraces\QLambdaAgent.cs(114,249): error CS1503: Argument 2: cannot convert from 'AiDotNet.LinearAlgebra.Matrix<T>' to 'AiDotNet.LinearAlgebra.Vector<T>' [C:\Users\cheat\source\repos\worktrees\pr-481-1763014665\src\AiDotNet.csproj::TargetFramework=net462]
C:\Users\cheat\source\repos\worktrees\pr-481-1763014665\src\ReinforcementLearning\Agents\EligibilityTraces\QLambdaAgent.cs(114,317): error CS1503: Argument 1: cannot convert from 'AiDotNet.LinearAlgebra.Matrix<T>' to 'AiDotNet.LinearAlgebra.Vector<T>' [C:\Users\cheat\source\repos\worktrees\pr-481-1763014665\src\AiDotNet.csproj::TargetFramework=net462]
C:\Users\cheat\source\repos\worktrees\pr-481-1763014665\src\ReinforcementLearning\Agents\EligibilityTraces\QLambdaAgent.cs(114,348): error CS1503: Argument 2: cannot convert from 'AiDotNet.LinearAlgebra.Matrix<T>' to 'AiDotNet.LinearAlgebra.Vector<T>' [C:\Users\cheat\source\repos\worktrees\pr-481-1763014665\src\AiDotNet.csproj::TargetFramework=net462]
C:\Users\cheat\source\repos\worktrees\pr-481-1763014665\src\ReinforcementLearning\Agents\MADDPG\MADDPGAgent.cs(515,41): error CS1061: 'ILossFunction<T>' does not contain a definition for 'ComputeGradient' and no accessible extension method 'ComputeGradient' accepting a first argument of type 'ILossFunction<T>' could be found (are you missing a using directive or an assembly reference?) [C:\Users\cheat\source\repos\worktrees\pr-481-1763014665\src\AiDotNet.csproj::TargetFramework=net462]
C:\Users\cheat\source\repos\worktrees\pr-481-1763014665\src\ReinforcementLearning\Agents\QMIX\QMIXAgent.cs(204,23): error CS1501: No overload for method 'Add' takes 5 arguments [C:\Users\cheat\source\repos\worktrees\pr-481-1763014665\src\AiDotNet.csproj::TargetFramework=net462]
C:\Users\cheat\source\repos\worktrees\pr-481-1763014665\src\ReinforcementLearning\Agents\MuZero\MuZeroAgent.cs(410,25): error CS0029: Cannot implicitly convert type 'string' to 'AiDotNet.Enums.ModelType' [C:\Users\cheat\source\repos\worktrees\pr-481-1763014665\src\AiDotNet.csproj::TargetFramework=net462]
C:\Users\cheat\source\repos\worktrees\pr-481-1763014665\src\ReinforcementLearning\Agents\ExpectedSARSA\ExpectedSARSAAgent.cs(179,25): error CS0029: Cannot implicitly convert type 'string' to 'AiDotNet.Enums.ModelType' [C:\Users\cheat\source\repos\worktrees\pr-481-1763014665\src\AiDotNet.csproj::TargetFramework=net462]
C:\Users\cheat\source\repos\worktrees\pr-481-1763014665\src\ReinforcementLearning\Agents\ReinforcementLearningAgentBase.cs(304,81): error CS1061: 'List<T>' does not contain a definition for 'TakeLast' and no accessible extension method 'TakeLast' accepting a first argument of type 'List<T>' could be found (are you missing a using directive or an assembly reference?) [C:\Users\cheat\source\repos\worktrees\pr-481-1763014665\src\AiDotNet.csproj::TargetFramework=net462]
C:\Users\cheat\source\repos\worktrees\pr-481-1763014665\src\ReinforcementLearning\Agents\ReinforcementLearningAgentBase.cs(305,87): error CS1061: 'List<T>' does not contain a definition for 'TakeLast' and no accessible extension method 'TakeLast' accepting a first argument of type 'List<T>' could be found (are you missing a using directive or an assembly reference?) [C:\Users\cheat\source\repos\worktrees\pr-481-1763014665\src\AiDotNet.csproj::TargetFramework=net462]
C:\Users\cheat\source\repos\worktrees\pr-481-1763014665\src\ReinforcementLearning\Agents\PPO\PPOAgent.cs(210,49): error CS1503: Argument 1: cannot convert from 'AiDotNet.LinearAlgebra.Vector<T>' to 'AiDotNet.LinearAlgebra.Tensor<T>' [C:\Users\cheat\source\repos\worktrees\pr-481-1763014665\src\AiDotNet.csproj::TargetFramework=net462]
C:\Users\cheat\source\repos\worktrees\pr-481-1763014665\src\ReinforcementLearning\Agents\Planning\PrioritizedSweepingAgent.cs(185,218): error CS1503: Argument 1: cannot convert from 'AiDotNet.LinearAlgebra.Matrix<T>' to 'AiDotNet.LinearAlgebra.Vector<T>' [C:\Users\cheat\source\repos\worktrees\pr-481-1763014665\src\AiDotNet.csproj::TargetFramework=net462]
C:\Users\cheat\source\repos\worktrees\pr-481-1763014665\src\ReinforcementLearning\Agents\Planning\PrioritizedSweepingAgent.cs(185,249): error CS1503: Argument 2: cannot convert from 'AiDotNet.LinearAlgebra.Matrix<T>' to 'AiDotNet.LinearAlgebra.Vector<T>' [C:\Users\cheat\source\repos\worktrees\pr-481-1763014665\src\AiDotNet.csproj::TargetFramework=net462]
C:\Users\cheat\source\repos\worktrees\pr-481-1763014665\src\ReinforcementLearning\Agents\Planning\PrioritizedSweepingAgent.cs(185,317): error CS1503: Argument 1: cannot convert from 'AiDotNet.LinearAlgebra.Matrix<T>' to 'AiDotNet.LinearAlgebra.Vector<T>' [C:\Users\cheat\source\repos\worktrees\pr-481-1763014665\src\AiDotNet.csproj::TargetFramework=net462]
C:\Users\cheat\source\repos\worktrees\pr-481-1763014665\src\ReinforcementLearning\Agents\Planning\PrioritizedSweepingAgent.cs(185,348): error CS1503: Argument 2: cannot convert from 'AiDotNet.LinearAlgebra.Matrix<T>' to 'AiDotNet.LinearAlgebra.Vector<T>' [C:\Users\cheat\source\repos\worktrees\pr-481-1763014665\src\AiDotNet.csproj::TargetFramework=net462]
C:\Users\cheat\source\repos\worktrees\pr-481-1763014665\src\ReinforcementLearning\Agents\PPO\PPOAgent.cs(221,51): error CS1503: Argument 1: cannot convert from 'AiDotNet.LinearAlgebra.Vector<T>' to 'AiDotNet.LinearAlgebra.Tensor<T>' [C:\Users\cheat\source\repos\worktrees\pr-481-1763014665\src\AiDotNet.csproj::TargetFramework=net462]
C:\Users\cheat\source\repos\worktrees\pr-481-1763014665\src\ReinforcementLearning\Agents\PPO\PPOAgent.cs(225,45): error CS1503: Argument 1: cannot convert from 'AiDotNet.LinearAlgebra.Tensor<T>' to 'AiDotNet.LinearAlgebra.Vector<T>' [C:\Users\cheat\source\repos\worktrees\pr-481-1763014665\src\AiDotNet.csproj::TargetFramework=net462]
C:\Users\cheat\source\repos\worktrees\pr-481-1763014665\src\ReinforcementLearning\Agents\PPO\PPOAgent.cs(229,43): error CS1503: Argument 1: cannot convert from 'AiDotNet.LinearAlgebra.Tensor<T>' to 'AiDotNet.LinearAlgebra.Vector<T>' [C:\Users\cheat\source\repos\worktrees\pr-481-1763014665\src\AiDotNet.csproj::TargetFramework=net462]
C:\Users\cheat\source\repos\worktrees\pr-481-1763014665\src\ReinforcementLearning\Agents\REINFORCE\REINFORCEAgent.cs(321,36): error CS1061: 'NeuralNetwork<T>' does not contain a definition for 'GetFlattenedGradients' and no accessible extension method 'GetFlattenedGradients' accepting a first argument of type 'NeuralNetwork<T>' could be found (are you missing a using directive or an assembly reference?) [C:\Users\cheat\source\repos\worktrees\pr-481-1763014665\src\AiDotNet.csproj::TargetFramework=net462]
C:\Users\cheat\source\repos\worktrees\pr-481-1763014665\src\ReinforcementLearning\Agents\DynamicProgramming\ModifiedPolicyIterationAgent.cs(296,51): error CS1503: Argument 1: cannot convert from 'AiDotNet.LinearAlgebra.Matrix<T>' to 'AiDotNet.LinearAlgebra.Vector<T>' [C:\Users\cheat\source\repos\worktrees\pr-481-1763014665\src\AiDotNet.csproj::TargetFramework=net462]
C:\Users\cheat\source\repos\worktrees\pr-481-1763014665\src\ReinforcementLearning\Agents\DynamicProgramming\ModifiedPolicyIterationAgent.cs(296,88): error CS1503: Argument 2: cannot convert from 'AiDotNet.LinearAlgebra.Matrix<T>' to 'AiDotNet.LinearAlgebra.Vector<T>' [C:\Users\cheat\source\repos\worktrees\pr-481-1763014665\src\AiDotNet.csproj::TargetFramework=net462]
C:\Users\cheat\source\repos\worktrees\pr-481-1763014665\src\ReinforcementLearning\Agents\DynamicProgramming\ModifiedPolicyIterationAgent.cs(298,61): error CS1503: Argument 1: cannot convert from 'AiDotNet.LinearAlgebra.Matrix<T>' to 'AiDotNet.LinearAlgebra.Vector<T>' [C:\Users\cheat\source\repos\worktrees\pr-481-1763014665\src\AiDotNet.csproj::TargetFramework=net462]
C:\Users\cheat\source\repos\worktrees\pr-481-1763014665\src\ReinforcementLearning\Agents\DynamicProgramming\ModifiedPolicyIterationAgent.cs(298,98): error CS1503: Argument 2: cannot convert from 'AiDotNet.LinearAlgebra.Matrix<T>' to 'AiDotNet.LinearAlgebra.Vector<T>' [C:\Users\cheat\source\repos\worktrees\pr-481-1763014665\src\AiDotNet.csproj::TargetFramework=net462]
C:\Users\cheat\source\repos\worktrees\pr-481-1763014665\src\ReinforcementLearning\Agents\EligibilityTraces\SARSALambdaAgent.cs(130,56): error CS8625: Cannot convert null literal to non-nullable reference type. [C:\Users\cheat\source\repos\worktrees\pr-481-1763014665\src\AiDotNet.csproj::TargetFramework=net462]
C:\Users\cheat\source\repos\worktrees\pr-481-1763014665\src\ReinforcementLearning\Agents\MuZero\MuZeroAgent.cs(467,45): error CS0103: The name '_optimizer' does not exist in the current context [C:\Users\cheat\source\repos\worktrees\pr-481-1763014665\src\AiDotNet.csproj::TargetFramework=net462]
C:\Users\cheat\source\repos\worktrees\pr-481-1763014665\src\ReinforcementLearning\Agents\MuZero\MuZeroAgent.cs(467,20): error CS1729: 'MuZeroAgent<T>' does not contain a constructor that takes 2 arguments [C:\Users\cheat\source\repos\worktrees\pr-481-1763014665\src\AiDotNet.csproj::TargetFramework=net462]
C:\Users\cheat\source\repos\worktrees\pr-481-1763014665\src\ReinforcementLearning\Agents\MonteCarlo\MonteCarloExploringStartsAgent.cs(285,51): error CS1503: Argument 1: cannot convert from 'AiDotNet.LinearAlgebra.Matrix<T>' to 'AiDotNet.LinearAlgebra.Vector<T>' [C:\Users\cheat\source\repos\worktrees\pr-481-1763014665\src\AiDotNet.csproj::TargetFramework=net462]
C:\Users\cheat\source\repos\worktrees\pr-481-1763014665\src\ReinforcementLearning\Agents\MonteCarlo\MonteCarloExploringStartsAgent.cs(285,88): error CS1503: Argument 2: cannot convert from 'AiDotNet.LinearAlgebra.Matrix<T>' to 'AiDotNet.LinearAlgebra.Vector<T>' [C:\Users\cheat\source\repos\worktrees\pr-481-1763014665\src\AiDotNet.csproj::TargetFramework=net462]
C:\Users\cheat\source\repos\worktrees\pr-481-1763014665\src\ReinforcementLearning\Agents\MonteCarlo\MonteCarloExploringStartsAgent.cs(287,61): error CS1503: Argument 1: cannot convert from 'AiDotNet.LinearAlgebra.Matrix<T>' to 'AiDotNet.LinearAlgebra.Vector<T>' [C:\Users\cheat\source\repos\worktrees\pr-481-1763014665\src\AiDotNet.csproj::TargetFramework=net462]
C:\Users\cheat\source\repos\worktrees\pr-481-1763014665\src\ReinforcementLearning\Agents\MonteCarlo\MonteCarloExploringStartsAgent.cs(287,98): error CS1503: Argument 2: cannot convert from 'AiDotNet.LinearAlgebra.Matrix<T>' to 'AiDotNet.LinearAlgebra.Vector<T>' [C:\Users\cheat\source\repos\worktrees\pr-481-1763014665\src\AiDotNet.csproj::TargetFramework=net462]
C:\Users\cheat\source\repos\worktrees\pr-481-1763014665\src\ReinforcementLearning\Agents\Planning\DynaQAgent.cs(211,37): error CS1503: Argument 1: cannot convert from 'AiDotNet.LinearAlgebra.Matrix<T>' to 'AiDotNet.LinearAlgebra.Vector<T>' [C:\Users\cheat\source\repos\worktrees\pr-481-1763014665\src\AiDotNet.csproj::TargetFramework=net462]
C:\Users\cheat\source\repos\worktrees\pr-481-1763014665\src\ReinforcementLearning\Agents\Planning\DynaQAgent.cs(211,68): error CS1503: Argument 2: cannot convert from 'AiDotNet.LinearAlgebra.Matrix<T>' to 'AiDotNet.LinearAlgebra.Vector<T>' [C:\Users\cheat\source\repos\worktrees\pr-481-1763014665\src\AiDotNet.csproj::TargetFramework=net462]
C:\Users\cheat\source\repos\worktrees\pr-481-1763014665\src\ReinforcementLearning\Agents\Planning\DynaQAgent.cs(212,43): error CS1503: Argument 1: cannot convert from 'AiDotNet.LinearAlgebra.Matrix<T>' to 'AiDotNet.LinearAlgebra.Vector<T>' [C:\Users\cheat\source\repos\worktrees\pr-481-1763014665\src\AiDotNet.csproj::TargetFramework=net462]
C:\Users\cheat\source\repos\worktrees\pr-481-1763014665\src\ReinforcementLearning\Agents\Planning\DynaQAgent.cs(212,74): error CS1503: Argument 2: cannot convert from 'AiDotNet.LinearAlgebra.Matrix<T>' to 'AiDotNet.LinearAlgebra.Vector<T>' [C:\Users\cheat\source\repos\worktrees\pr-481-1763014665\src\AiDotNet.csproj::TargetFramework=net462]
C:\Users\cheat\source\repos\worktrees\pr-481-1763014665\src\ReinforcementLearning\Agents\MuZero\MuZeroAgent.cs(479,41): error CS1061: 'ILossFunction<T>' does not contain a definition for 'ComputeGradient' and no accessible extension method 'ComputeGradient' accepting a first argument of type 'ILossFunction<T>' could be found (are you missing a using directive or an assembly reference?) [C:\Users\cheat\source\repos\worktrees\pr-481-1763014665\src\AiDotNet.csproj::TargetFramework=net462]
C:\Users\cheat\source\repos\worktrees\pr-481-1763014665\src\ReinforcementLearning\Agents\Rainbow\RainbowDQNAgent.cs(254,37): error CS1061: '(Vector<T> state, Vector<T> action, T reward, Vector<T> nextState, bool done)' does not contain a definition for 'Reward' and no accessible extension method 'Reward' accepting a first argument of type '(Vector<T> state, Vector<T> action, T reward, Vector<T> nextState, bool done)' could be found (are you missing a using directive or an assembly reference?) [C:\Users\cheat\source\repos\worktrees\pr-481-1763014665\src\AiDotNet.csproj::TargetFramework=net462]
C:\Users\cheat\source\repos\worktrees\pr-481-1763014665\src\ReinforcementLearning\Agents\Rainbow\RainbowDQNAgent.cs(263,48): error CS1061: '(Vector<T> state, Vector<T> action, T reward, Vector<T> nextState, bool done)' does not contain a definition for 'Reward' and no accessible extension method 'Reward' accepting a first argument of type '(Vector<T> state, Vector<T> action, T reward, Vector<T> nextState, bool done)' could be found (are you missing a using directive or an assembly reference?) [C:\Users\cheat\source\repos\worktrees\pr-481-1763014665\src\AiDotNet.csproj::TargetFramework=net462]
C:\Users\cheat\source\repos\worktrees\pr-481-1763014665\src\ReinforcementLearning\Agents\Rainbow\RainbowDQNAgent.cs(268,49): error CS1061: '(Vector<T> state, Vector<T> action, T reward, Vector<T> nextState, bool done)' does not contain a definition for 'Action' and no accessible extension method 'Action' accepting a first argument of type '(Vector<T> state, Vector<T> action, T reward, Vector<T> nextState, bool done)' could be found (are you missing a using directive or an assembly reference?) [C:\Users\cheat\source\repos\worktrees\pr-481-1763014665\src\AiDotNet.csproj::TargetFramework=net462]
C:\Users\cheat\source\repos\worktrees\pr-481-1763014665\src\ReinforcementLearning\Agents\Rainbow\RainbowDQNAgent.cs(285,28): error CS1061: 'INeuralNetwork<T>' does not contain a definition for 'Backpropagate' and no accessible extension method 'Backpropagate' accepting a first argument of type 'INeuralNetwork<T>' could be found (are you missing a using directive or an assembly reference?) [C:\Users\cheat\source\repos\worktrees\pr-481-1763014665\src\AiDotNet.csproj::TargetFramework=net462]
C:\Users\cheat\source\repos\worktrees\pr-481-1763014665\src\ReinforcementLearning\Agents\Rainbow\RainbowDQNAgent.cs(286,45): error CS1503: Argument 1: cannot convert from 'T' to 'AiDotNet.LinearAlgebra.Vector<T>' [C:\Users\cheat\source\repos\worktrees\pr-481-1763014665\src\AiDotNet.csproj::TargetFramework=net462]
C:\Users\cheat\source\repos\worktrees\pr-481-1763014665\src\ReinforcementLearning\Agents\Planning\DynaQPlusAgent.cs(153,218): error CS1503: Argument 1: cannot convert from 'AiDotNet.LinearAlgebra.Matrix<T>' to 'AiDotNet.LinearAlgebra.Vector<T>' [C:\Users\cheat\source\repos\worktrees\pr-481-1763014665\src\AiDotNet.csproj::TargetFramework=net462]
C:\Users\cheat\source\repos\worktrees\pr-481-1763014665\src\ReinforcementLearning\Agents\Planning\DynaQPlusAgent.cs(153,249): error CS1503: Argument 2: cannot convert from 'AiDotNet.LinearAlgebra.Matrix<T>' to 'AiDotNet.LinearAlgebra.Vector<T>' [C:\Users\cheat\source\repos\worktrees\pr-481-1763014665\src\AiDotNet.csproj::TargetFramework=net462]
C:\Users\cheat\source\repos\worktrees\pr-481-1763014665\src\ReinforcementLearning\Agents\Planning\DynaQPlusAgent.cs(153,317): error CS1503: Argument 1: cannot convert from 'AiDotNet.LinearAlgebra.Matrix<T>' to 'AiDotNet.LinearAlgebra.Vector<T>' [C:\Users\cheat\source\repos\worktrees\pr-481-1763014665\src\AiDotNet.csproj::TargetFramework=net462]
C:\Users\cheat\source\repos\worktrees\pr-481-1763014665\src\ReinforcementLearning\Agents\Planning\DynaQPlusAgent.cs(153,348): error CS1503: Argument 2: cannot convert from 'AiDotNet.LinearAlgebra.Matrix<T>' to 'AiDotNet.LinearAlgebra.Vector<T>' [C:\Users\cheat\source\repos\worktrees\pr-481-1763014665\src\AiDotNet.csproj::TargetFramework=net462]
C:\Users\cheat\source\repos\worktrees\pr-481-1763014665\src\ReinforcementLearning\Agents\QMIX\QMIXAgent.cs(222,91): error CS1061: 'Experience<T>' does not contain a definition for 'state' and no accessible extension method 'state' accepting a first argument of type 'Experience<T>' could be found (are you missing a using directive or an assembly reference?) [C:\Users\cheat\source\repos\worktrees\pr-481-1763014665\src\AiDotNet.csproj::TargetFramework=net462]
C:\Users\cheat\source\repos\worktrees\pr-481-1763014665\src\ReinforcementLearning\Agents\QMIX\QMIXAgent.cs(223,88): error CS1061: 'Experience<T>' does not contain a definition for 'nextState' and no accessible extension method 'nextState' accepting a first argument of type 'Experience<T>' could be found (are you missing a using directive or an assembly reference?) [C:\Users\cheat\source\repos\worktrees\pr-481-1763014665\src\AiDotNet.csproj::TargetFramework=net462]
C:\Users\cheat\source\repos\worktrees\pr-481-1763014665\src\ReinforcementLearning\Agents\QMIX\QMIXAgent.cs(229,49): error CS1061: 'INeuralNetwork<T>' does not contain a definition for 'Forward' and no accessible extension method 'Forward' accepting a first argument of type 'INeuralNetwork<T>' could be found (are you missing a using directive or an assembly reference?) [C:\Users\cheat\source\repos\worktrees\pr-481-1763014665\src\AiDotNet.csproj::TargetFramework=net462]
C:\Users\cheat\source\repos\worktrees\pr-481-1763014665\src\ReinforcementLearning\Agents\QMIX\QMIXAgent.cs(236,48): error CS1503: Argument 1: cannot convert from 'AiDotNet.LinearAlgebra.Vector<T>' to 'AiDotNet.LinearAlgebra.Tensor<T>' [C:\Users\cheat\source\repos\worktrees\pr-481-1763014665\src\AiDotNet.csproj::TargetFramework=net462]
C:\Users\cheat\source\repos\worktrees\pr-481-1763014665\src\ReinforcementLearning\Agents\QMIX\QMIXAgent.cs(242,59): error CS1061: 'INeuralNetwork<T>' does not contain a definition for 'Forward' and no accessible extension method 'Forward' accepting a first argument of type 'INeuralNetwork<T>' could be found (are you missing a using directive or an assembly reference?) [C:\Users\cheat\source\repos\worktrees\pr-481-1763014665\src\AiDotNet.csproj::TargetFramework=net462]
C:\Users\cheat\source\repos\worktrees\pr-481-1763014665\src\ReinforcementLearning\Agents\QMIX\QMIXAgent.cs(247,60): error CS1503: Argument 1: cannot convert from 'AiDotNet.LinearAlgebra.Vector<T>' to 'AiDotNet.LinearAlgebra.Tensor<T>' [C:\Users\cheat\source\repos\worktrees\pr-481-1763014665\src\AiDotNet.csproj::TargetFramework=net462]
C:\Users\cheat\source\repos\worktrees\pr-481-1763014665\src\ReinforcementLearning\Agents\QMIX\QMIXAgent.cs(250,28): error CS1061: 'Experience<T>' does not contain a definition for 'done' and no accessible extension method 'done' accepting a first argument of type 'Experience<T>' could be found (are you missing a using directive or an assembly reference?) [C:\Users\cheat\source\repos\worktrees\pr-481-1763014665\src\AiDotNet.csproj::TargetFramework=net462]
C:\Users\cheat\source\repos\worktrees\pr-481-1763014665\src\ReinforcementLearning\Agents\QMIX\QMIXAgent.cs(267,28): error CS1061: 'INeuralNetwork<T>' does not contain a definition for 'Backpropagate' and no accessible extension method 'Backpropagate' accepting a first argument of type 'INeuralNetwork<T>' could be found (are you missing a using directive or an assembly reference?) [C:\Users\cheat\source\repos\worktrees\pr-481-1763014665\src\AiDotNet.csproj::TargetFramework=net462]
C:\Users\cheat\source\repos\worktrees\pr-481-1763014665\src\ReinforcementLearning\Agents\QMIX\QMIXAgent.cs(268,45): error CS1503: Argument 1: cannot convert from 'T' to 'AiDotNet.LinearAlgebra.Vector<T>' [C:\Users\cheat\source\repos\worktrees\pr-481-1763014665\src\AiDotNet.csproj::TargetFramework=net462]
C:\Users\cheat\source\repos\worktrees\pr-481-1763014665\src\ReinforcementLearning\Agents\QMIX\QMIXAgent.cs(277,35): error CS1061: 'INeuralNetwork<T>' does not contain a definition for 'Backpropagate' and no accessible extension method 'Backpropagate' accepting a first argument of type 'INeuralNetwork<T>' could be found (are you missing a using directive or an assembly reference?) [C:\Users\cheat\source\repos\worktrees\pr-481-1763014665\src\AiDotNet.csproj::TargetFramework=net462]
C:\Users\cheat\source\repos\worktrees\pr-481-1763014665\src\ReinforcementLearning\Agents\QMIX\QMIXAgent.cs(278,52): error CS1503: Argument 1: cannot convert from 'T' to 'AiDotNet.LinearAlgebra.Vector<T>' [C:\Users\cheat\source\repos\worktrees\pr-481-1763014665\src\AiDotNet.csproj::TargetFramework=net462]
C:\Users\cheat\source\repos\worktrees\pr-481-1763014665\src\ReinforcementLearning\Agents\Rainbow\RainbowDQNAgent.cs(305,30): error CS1061: 'INeuralNetwork<T>' does not contain a definition for 'Forward' and no accessible extension method 'Forward' accepting a first argument of type 'INeuralNetwork<T>' could be found (are you missing a using directive or an assembly reference?) [C:\Users\cheat\source\repos\worktrees\pr-481-1763014665\src\AiDotNet.csproj::TargetFramework=net462]
C:\Users\cheat\source\repos\worktrees\pr-481-1763014665\src\ReinforcementLearning\Agents\REINFORCE\REINFORCEAgent.cs(391,16): error CS0103: The name 'vector' does not exist in the current context [C:\Users\cheat\source\repos\worktrees\pr-481-1763014665\src\AiDotNet.csproj::TargetFramework=net462]
C:\Users\cheat\source\repos\worktrees\pr-481-1763014665\src\ReinforcementLearning\Agents\Rainbow\RainbowDQNAgent.cs(373,25): error CS0029: Cannot implicitly convert type 'string' to 'AiDotNet.Enums.ModelType' [C:\Users\cheat\source\repos\worktrees\pr-481-1763014665\src\AiDotNet.csproj::TargetFramework=net462]
C:\Users\cheat\source\repos\worktrees\pr-481-1763014665\src\ReinforcementLearning\Agents\MonteCarlo\OffPolicyMonteCarloAgent.cs(219,25): error CS0029: Cannot implicitly convert type 'string' to 'AiDotNet.Enums.ModelType' [C:\Users\cheat\source\repos\worktrees\pr-481-1763014665\src\AiDotNet.csproj::TargetFramework=net462]
C:\Users\cheat\source\repos\worktrees\pr-481-1763014665\src\ReinforcementLearning\Agents\EligibilityTraces\SARSALambdaAgent.cs(156,218): error CS1503: Argument 1: cannot convert from 'AiDotNet.LinearAlgebra.Matrix<T>' to 'AiDotNet.LinearAlgebra.Vector<T>' [C:\Users\cheat\source\repos\worktrees\pr-481-1763014665\src\AiDotNet.csproj::TargetFramework=net462]
C:\Users\cheat\source\repos\worktrees\pr-481-1763014665\src\ReinforcementLearning\Agents\EligibilityTraces\SARSALambdaAgent.cs(156,249): error CS1503: Argument 2: cannot convert from 'AiDotNet.LinearAlgebra.Matrix<T>' to 'AiDotNet.LinearAlgebra.Vector<T>' [C:\Users\cheat\source\repos\worktrees\pr-481-1763014665\src\AiDotNet.csproj::TargetFramework=net462]
C:\Users\cheat\source\repos\worktrees\pr-481-1763014665\src\ReinforcementLearning\Agents\EligibilityTraces\SARSALambdaAgent.cs(156,317): error CS1503: Argument 1: cannot convert from 'AiDotNet.LinearAlgebra.Matrix<T>' to 'AiDotNet.LinearAlgebra.Vector<T>' [C:\Users\cheat\source\repos\worktrees\pr-481-1763014665\src\AiDotNet.csproj::TargetFramework=net462]
C:\Users\cheat\source\repos\worktrees\pr-481-1763014665\src\ReinforcementLearning\Agents\EligibilityTraces\SARSALambdaAgent.cs(156,348): error CS1503: Argument 2: cannot convert from 'AiDotNet.LinearAlgebra.Matrix<T>' to 'AiDotNet.LinearAlgebra.Vector<T>' [C:\Users\cheat\source\repos\worktrees\pr-481-1763014665\src\AiDotNet.csproj::TargetFramework=net462]
C:\Users\cheat\source\repos\worktrees\pr-481-1763014665\src\ReinforcementLearning\Agents\Rainbow\RainbowDQNAgent.cs(438,51): error CS1503: Argument 1: cannot convert from 'AiDotNet.LinearAlgebra.Matrix<T>' to 'AiDotNet.LinearAlgebra.Vector<T>' [C:\Users\cheat\source\repos\worktrees\pr-481-1763014665\src\AiDotNet.csproj::TargetFramework=net462]
C:\Users\cheat\source\repos\worktrees\pr-481-1763014665\src\ReinforcementLearning\Agents\Rainbow\RainbowDQNAgent.cs(438,88): error CS1503: Argument 2: cannot convert from 'AiDotNet.LinearAlgebra.Matrix<T>' to 'AiDotNet.LinearAlgebra.Vector<T>' [C:\Users\cheat\source\repos\worktrees\pr-481-1763014665\src\AiDotNet.csproj::TargetFramework=net462]
C:\Users\cheat\source\repos\worktrees\pr-481-1763014665\src\ReinforcementLearning\Agents\Rainbow\RainbowDQNAgent.cs(440,67): error CS1503: Argument 1: cannot convert from 'AiDotNet.LinearAlgebra.Matrix<T>' to 'AiDotNet.LinearAlgebra.Vector<T>' [C:\Users\cheat\source\repos\worktrees\pr-481-1763014665\src\AiDotNet.csproj::TargetFramework=net462]
C:\Users\cheat\source\repos\worktrees\pr-481-1763014665\src\ReinforcementLearning\Agents\Rainbow\RainbowDQNAgent.cs(440,104): error CS1503: Argument 2: cannot convert from 'AiDotNet.LinearAlgebra.Matrix<T>' to 'AiDotNet.LinearAlgebra.Vector<T>' [C:\Users\cheat\source\repos\worktrees\pr-481-1763014665\src\AiDotNet.csproj::TargetFramework=net462]
C:\Users\cheat\source\repos\worktrees\pr-481-1763014665\src\ReinforcementLearning\Agents\Rainbow\RainbowDQNAgent.cs(441,53): error CS1061: 'Vector<T>' does not contain a definition for 'GetRow' and no accessible extension method 'GetRow' accepting a first argument of type 'Vector<T>' could be found (are you missing a using directive or an assembly reference?) [C:\Users\cheat\source\repos\worktrees\pr-481-1763014665\src\AiDotNet.csproj::TargetFramework=net462]
C:\Users\cheat\source\repos\worktrees\pr-481-1763014665\src\ReinforcementLearning\Agents\MonteCarlo\OffPolicyMonteCarloAgent.cs(290,51): error CS1503: Argument 1: cannot convert from 'AiDotNet.LinearAlgebra.Matrix<T>' to 'AiDotNet.LinearAlgebra.Vector<T>' [C:\Users\cheat\source\repos\worktrees\pr-481-1763014665\src\AiDotNet.csproj::TargetFramework=net462]
C:\Users\cheat\source\repos\worktrees\pr-481-1763014665\src\ReinforcementLearning\Agents\MonteCarlo\OffPolicyMonteCarloAgent.cs(290,88): error CS1503: Argument 2: cannot convert from 'AiDotNet.LinearAlgebra.Matrix<T>' to 'AiDotNet.LinearAlgebra.Vector<T>' [C:\Users\cheat\source\repos\worktrees\pr-481-1763014665\src\AiDotNet.csproj::TargetFramework=net462]
C:\Users\cheat\source\repos\worktrees\pr-481-1763014665\src\ReinforcementLearning\Agents\MonteCarlo\OffPolicyMonteCarloAgent.cs(292,61): error CS1503: Argument 1: cannot convert from 'AiDotNet.LinearAlgebra.Matrix<T>' to 'AiDotNet.LinearAlgebra.Vector<T>' [C:\Users\cheat\source\repos\worktrees\pr-481-1763014665\src\AiDotNet.csproj::TargetFramework=net462]
C:\Users\cheat\source\repos\worktrees\pr-481-1763014665\src\ReinforcementLearning\Agents\MonteCarlo\OffPolicyMonteCarloAgent.cs(292,98): error CS1503: Argument 2: cannot convert from 'AiDotNet.LinearAlgebra.Matrix<T>' to 'AiDotNet.LinearAlgebra.Vector<T>' [C:\Users\cheat\source\repos\worktrees\pr-481-1763014665\src\AiDotNet.csproj::TargetFramework=net462]
C:\Users\cheat\source\repos\worktrees\pr-481-1763014665\src\ReinforcementLearning\Agents\Rainbow\RainbowDQNAgent.cs(447,24): error CS1061: 'INeuralNetwork<T>' does not contain a definition for 'Backpropagate' and no accessible extension method 'Backpropagate' accepting a first argument of type 'INeuralNetwork<T>' could be found (are you missing a using directive or an assembly reference?) [C:\Users\cheat\source\repos\worktrees\pr-481-1763014665\src\AiDotNet.csproj::TargetFramework=net462]
C:\Users\cheat\source\repos\worktrees\pr-481-1763014665\src\ReinforcementLearning\Agents\Rainbow\RainbowDQNAgent.cs(448,41): error CS1503: Argument 1: cannot convert from 'T' to 'AiDotNet.LinearAlgebra.Vector<T>' [C:\Users\cheat\source\repos\worktrees\pr-481-1763014665\src\AiDotNet.csproj::TargetFramework=net462]
C:\Users\cheat\source\repos\worktrees\pr-481-1763014665\src\ReinforcementLearning\Agents\REINFORCE\REINFORCEAgent.cs(505,24): error CS1061: 'INumericOperations<T>' does not contain a definition for 'Compare' and no accessible extension method 'Compare' accepting a first argument of type 'INumericOperations<T>' could be found (are you missing a using directive or an assembly reference?) [C:\Users\cheat\source\repos\worktrees\pr-481-1763014665\src\AiDotNet.csproj::TargetFramework=net462]
C:\Users\cheat\source\repos\worktrees\pr-481-1763014665\src\ReinforcementLearning\Agents\PPO\PPOAgent.cs(403,53): error CS1503: Argument 1: cannot convert from 'AiDotNet.LinearAlgebra.Vector<T>' to 'AiDotNet.LinearAlgebra.Tensor<T>' [C:\Users\cheat\source\repos\worktrees\pr-481-1763014665\src\AiDotNet.csproj::TargetFramework=net462]
C:\Users\cheat\source\repos\worktrees\pr-481-1763014665\src\ReinforcementLearning\Agents\QMIX\QMIXAgent.cs(463,25): error CS0029: Cannot implicitly convert type 'string' to 'AiDotNet.Enums.ModelType' [C:\Users\cheat\source\repos\worktrees\pr-481-1763014665\src\AiDotNet.csproj::TargetFramework=net462]
C:\Users\cheat\source\repos\worktrees\pr-481-1763014665\src\ReinforcementLearning\Agents\PPO\PPOAgent.cs(436,51): error CS1503: Argument 1: cannot convert from 'AiDotNet.LinearAlgebra.Vector<T>' to 'AiDotNet.LinearAlgebra.Tensor<T>' [C:\Users\cheat\source\repos\worktrees\pr-481-1763014665\src\AiDotNet.csproj::TargetFramework=net462]
C:\Users\cheat\source\repos\worktrees\pr-481-1763014665\src\ReinforcementLearning\Agents\PPO\PPOAgent.cs(457,33): error CS1503: Argument 1: cannot convert from 'AiDotNet.LinearAlgebra.Tensor<T>' to 'AiDotNet.LinearAlgebra.Vector<T>' [C:\Users\cheat\source\repos\worktrees\pr-481-1763014665\src\AiDotNet.csproj::TargetFramework=net462]
C:\Users\cheat\source\repos\worktrees\pr-481-1763014665\src\ReinforcementLearning\Agents\PPO\PPOAgent.cs(487,36): error CS1503: Argument 1: cannot convert from 'AiDotNet.LinearAlgebra.Vector<T>' to 'AiDotNet.LinearAlgebra.Tensor<T>' [C:\Users\cheat\source\repos\worktrees\pr-481-1763014665\src\AiDotNet.csproj::TargetFramework=net462]
C:\Users\cheat\source\repos\worktrees\pr-481-1763014665\src\ReinforcementLearning\Agents\PPO\PPOAgent.cs(496,42): error CS1503: Argument 1: cannot convert from 'AiDotNet.LinearAlgebra.Vector<T>' to 'AiDotNet.LinearAlgebra.Tensor<T>' [C:\Users\cheat\source\repos\worktrees\pr-481-1763014665\src\AiDotNet.csproj::TargetFramework=net462]
C:\Users\cheat\source\repos\worktrees\pr-481-1763014665\src\ReinforcementLearning\Agents\PPO\PPOAgent.cs(500,36): error CS1061: 'NeuralNetwork<T>' does not contain a definition for 'GetFlattenedGradients' and no accessible extension method 'GetFlattenedGradients' accepting a first argument of type 'NeuralNetwork<T>' could be found (are you missing a using directive or an assembly reference?) [C:\Users\cheat\source\repos\worktrees\pr-481-1763014665\src\AiDotNet.csproj::TargetFramework=net462]
C:\Users\cheat\source\repos\worktrees\pr-481-1763014665\src\ReinforcementLearning\Agents\IQL\IQLAgent.cs(636,30): error CS1061: 'NeuralNetwork<T>' does not contain a definition for 'GetLayers' and no accessible extension method 'GetLayers' accepting a first argument of type 'NeuralNetwork<T>' could be found (are you missing a using directive or an assembly reference?) [C:\Users\cheat\source\repos\worktrees\pr-481-1763014665\src\AiDotNet.csproj::TargetFramework=net462]
C:\Users\cheat\source\repos\worktrees\pr-481-1763014665\src\ReinforcementLearning\Agents\IQL\IQLAgent.cs(642,42): error CS1061: 'DenseLayer<T>' does not contain a definition for 'GetWeights' and no accessible extension method 'GetWeights' accepting a first argument of type 'DenseLayer<T>' could be found (are you missing a using directive or an assembly reference?) [C:\Users\cheat\source\repos\worktrees\pr-481-1763014665\src\AiDotNet.csproj::TargetFramework=net462]
C:\Users\cheat\source\repos\worktrees\pr-481-1763014665\src\ReinforcementLearning\Agents\IQL\IQLAgent.cs(643,41): error CS1061: 'DenseLayer<T>' does not contain a definition for 'GetBiases' and no accessible extension method 'GetBiases' accepting a first argument of type 'DenseLayer<T>' could be found (are you missing a using directive or an assembly reference?) [C:\Users\cheat\source\repos\worktrees\pr-481-1763014665\src\AiDotNet.csproj::TargetFramework=net462]
C:\Users\cheat\source\repos\worktrees\pr-481-1763014665\src\ReinforcementLearning\Agents\QMIX\QMIXAgent.cs(544,51): error CS1503: Argument 1: cannot convert from 'AiDotNet.LinearAlgebra.Matrix<T>' to 'AiDotNet.LinearAlgebra.Vector<T>' [C:\Users\cheat\source\repos\worktrees\pr-481-1763014665\src\AiDotNet.csproj::TargetFramework=net462]
C:\Users\cheat\source\repos\worktrees\pr-481-1763014665\src\ReinforcementLearning\Agents\QMIX\QMIXAgent.cs(544,88): error CS1503: Argument 2: cannot convert from 'AiDotNet.LinearAlgebra.Matrix<T>' to 'AiDotNet.LinearAlgebra.Vector<T>' [C:\Users\cheat\source\repos\worktrees\pr-481-1763014665\src\AiDotNet.csproj::TargetFramework=net462]
C:\Users\cheat\source\repos\worktrees\pr-481-1763014665\src\ReinforcementLearning\Agents\QMIX\QMIXAgent.cs(546,67): error CS1503: Argument 1: cannot convert from 'AiDotNet.LinearAlgebra.Matrix<T>' to 'AiDotNet.LinearAlgebra.Vector<T>' [C:\Users\cheat\source\repos\worktrees\pr-481-1763014665\src\AiDotNet.csproj::TargetFramework=net462]
C:\Users\cheat\source\repos\worktrees\pr-481-1763014665\src\ReinforcementLearning\Agents\QMIX\QMIXAgent.cs(546,104): error CS1503: Argument 2: cannot convert from 'AiDotNet.LinearAlgebra.Matrix<T>' to 'AiDotNet.LinearAlgebra.Vector<T>' [C:\Users\cheat\source\repos\worktrees\pr-481-1763014665\src\AiDotNet.csproj::TargetFramework=net462]
C:\Users\cheat\source\repos\worktrees\pr-481-1763014665\src\ReinforcementLearning\Agents\QMIX\QMIXAgent.cs(547,53): error CS1061: 'Vector<T>' does not contain a definition for 'GetRow' and no accessible extension method 'GetRow' accepting a first argument of type 'Vector<T>' could be found (are you missing a using directive or an assembly reference?) [C:\Users\cheat\source\repos\worktrees\pr-481-1763014665\src\AiDotNet.csproj::TargetFramework=net462]
C:\Users\cheat\source\repos\worktrees\pr-481-1763014665\src\ReinforcementLearning\Agents\QMIX\QMIXAgent.cs(553,27): error CS1061: 'INeuralNetwork<T>' does not contain a definition for 'Backpropagate' and no accessible extension method 'Backpropagate' accepting a first argument of type 'INeuralNetwork<T>' could be found (are you missing a using directive or an assembly reference?) [C:\Users\cheat\source\repos\worktrees\pr-481-1763014665\src\AiDotNet.csproj::TargetFramework=net462]
C:\Users\cheat\source\repos\worktrees\pr-481-1763014665\src\ReinforcementLearning\Agents\QMIX\QMIXAgent.cs(554,44): error CS1503: Argument 1: cannot convert from 'T' to 'AiDotNet.LinearAlgebra.Vector<T>' [C:\Users\cheat\source\repos\worktrees\pr-481-1763014665\src\AiDotNet.csproj::TargetFramework=net462]
C:\Users\cheat\source\repos\worktrees\pr-481-1763014665\src\ReinforcementLearning\Agents\IQL\IQLAgent.cs(665,30): error CS1061: 'NeuralNetwork<T>' does not contain a definition for 'GetLayers' and no accessible extension method 'GetLayers' accepting a first argument of type 'NeuralNetwork<T>' could be found (are you missing a using directive or an assembly reference?) [C:\Users\cheat\source\repos\worktrees\pr-481-1763014665\src\AiDotNet.csproj::TargetFramework=net462]
C:\Users\cheat\source\repos\worktrees\pr-481-1763014665\src\ReinforcementLearning\Agents\IQL\IQLAgent.cs(672,42): error CS1061: 'DenseLayer<T>' does not contain a definition for 'GetWeights' and no accessible extension method 'GetWeights' accepting a first argument of type 'DenseLayer<T>' could be found (are you missing a using directive or an assembly reference?) [C:\Users\cheat\source\repos\worktrees\pr-481-1763014665\src\AiDotNet.csproj::TargetFramework=net462]
C:\Users\cheat\source\repos\worktrees\pr-481-1763014665\src\ReinforcementLearning\Agents\IQL\IQLAgent.cs(673,41): error CS1061: 'DenseLayer<T>' does not contain a definition for 'GetBiases' and no accessible extension method 'GetBiases' accepting a first argument of type 'DenseLayer<T>' could be found (are you missing a using directive or an assembly reference?) [C:\Users\cheat\source\repos\worktrees\pr-481-1763014665\src\AiDotNet.csproj::TargetFramework=net462]
C:\Users\cheat\source\repos\worktrees\pr-481-1763014665\src\ReinforcementLearning\Agents\IQL\IQLAgent.cs(689,28): error CS1061: 'DenseLayer<T>' does not contain a definition for 'SetBiases' and no accessible extension method 'SetBiases' accepting a first argument of type 'DenseLayer<T>' could be found (are you missing a using directive or an assembly reference?) [C:\Users\cheat\source\repos\worktrees\pr-481-1763014665\src\AiDotNet.csproj::TargetFramework=net462]
C:\Users\cheat\source\repos\worktrees\pr-481-1763014665\src\ReinforcementLearning\Agents\PPO\PPOAgent.cs(520,53): error CS1503: Argument 1: cannot convert from 'AiDotNet.LinearAlgebra.Vector<T>' to 'AiDotNet.LinearAlgebra.Tensor<T>' [C:\Users\cheat\source\repos\worktrees\pr-481-1763014665\src\AiDotNet.csproj::TargetFramework=net462]
C:\Users\cheat\source\repos\worktrees\pr-481-1763014665\src\ReinforcementLearning\Agents\PPO\PPOAgent.cs(526,54): error CS1061: 'ILossFunction<T>' does not contain a definition for 'ComputeGradient' and no accessible extension method 'ComputeGradient' accepting a first argument of type 'ILossFunction<T>' could be found (are you missing a using directive or an assembly reference?) [C:\Users\cheat\source\repos\worktrees\pr-481-1763014665\src\AiDotNet.csproj::TargetFramework=net462]
C:\Users\cheat\source\repos\worktrees\pr-481-1763014665\src\ReinforcementLearning\Agents\PPO\PPOAgent.cs(530,35): error CS1061: 'NeuralNetwork<T>' does not contain a definition for 'GetFlattenedGradients' and no accessible extension method 'GetFlattenedGradients' accepting a first argument of type 'NeuralNetwork<T>' could be found (are you missing a using directive or an assembly reference?) [C:\Users\cheat\source\repos\worktrees\pr-481-1763014665\src\AiDotNet.csproj::TargetFramework=net462]
C:\Users\cheat\source\repos\worktrees\pr-481-1763014665\src\ReinforcementLearning\Agents\IQL\IQLAgent.cs(699,30): error CS1061: 'NeuralNetwork<T>' does not contain a definition for 'GetLayers' and no accessible extension method 'GetLayers' accepting a first argument of type 'NeuralNetwork<T>' could be found (are you missing a using directive or an assembly reference?) [C:\Users\cheat\source\repos\worktrees\pr-481-1763014665\src\AiDotNet.csproj::TargetFramework=net462]
C:\Users\cheat\source\repos\worktrees\pr-481-1763014665\src\ReinforcementLearning\Agents\IQL\IQLAgent.cs(706,42): error CS1061: 'DenseLayer<T>' does not contain a definition for 'GetWeights' and no accessible extension method 'GetWeights' accepting a first argument of type 'DenseLayer<T>' could be found (are you missing a using directive or an assembly reference?) [C:\Users\cheat\source\repos\worktrees\pr-481-1763014665\src\AiDotNet.csproj::TargetFramework=net462]
C:\Users\cheat\source\repos\worktrees\pr-481-1763014665\src\ReinforcementLearning\Agents\IQL\IQLAgent.cs(707,41): error CS1061: 'DenseLayer<T>' does not contain a definition for 'GetBiases' and no accessible extension method 'GetBiases' accepting a first argument of type 'DenseLayer<T>' could be found (are you missing a using directive or an assembly reference?) [C:\Users\cheat\source\repos\worktrees\pr-481-1763014665\src\AiDotNet.csproj::TargetFramework=net462]
C:\Users\cheat\source\repos\worktrees\pr-481-1763014665\src\ReinforcementLearning\Agents\IQL\IQLAgent.cs(736,30): error CS1061: 'NeuralNetwork<T>' does not contain a definition for 'GetLayers' and no accessible extension method 'GetLayers' accepting a first argument of type 'NeuralNetwork<T>' could be found (are you missing a using directive or an assembly reference?) [C:\Users\cheat\source\repos\worktrees\pr-481-1763014665\src\AiDotNet.csproj::TargetFramework=net462]
C:\Users\cheat\source\repos\worktrees\pr-481-1763014665\src\ReinforcementLearning\Agents\IQL\IQLAgent.cs(763,28): error CS1061: 'DenseLayer<T>' does not contain a definition for 'SetBiases' and no accessible extension method 'SetBiases' accepting a first argument of type 'DenseLayer<T>' could be found (are you missing a using directive or an assembly reference?) [C:\Users\cheat\source\repos\worktrees\pr-481-1763014665\src\AiDotNet.csproj::TargetFramework=net462]
C:\Users\cheat\source\repos\worktrees\pr-481-1763014665\src\ReinforcementLearning\Environments\CartPoleEnvironment.cs(167,9): error CS0191: A readonly field cannot be assigned to (except in a constructor or init-only setter of the type in which the field is defined or a variable initializer) [C:\Users\cheat\source\repos\worktrees\pr-481-1763014665\src\AiDotNet.csproj::TargetFramework=net8.0]
C:\Users\cheat\source\repos\worktrees\pr-481-1763014665\src\PredictionModelBuilder.cs(690,13): error CS1739: The best overload for 'OptimizationResult' does not have a parameter named 'bestModel' [C:\Users\cheat\source\repos\worktrees\pr-481-1763014665\src\AiDotNet.csproj::TargetFramework=net8.0]
C:\Users\cheat\source\repos\worktrees\pr-481-1763014665\src\PredictionModelBuilder.cs(590,66): error CS1998: This async method lacks 'await' operators and will run synchronously. Consider using the 'await' operator to await non-blocking API calls, or 'await Task.Run(...)' to do CPU-bound work on a background thread. [C:\Users\cheat\source\repos\worktrees\pr-481-1763014665\src\AiDotNet.csproj::TargetFramework=net8.0]
C:\Users\cheat\source\repos\worktrees\pr-481-1763014665\src\ReinforcementLearning\Agents\WorldModels\WorldModelsAgent.cs(57,62): error CS1729: 'DeepReinforcementLearningAgentBase<T>' does not contain a constructor that takes 2 arguments [C:\Users\cheat\source\repos\worktrees\pr-481-1763014665\src\AiDotNet.csproj::TargetFramework=net8.0]
C:\Users\cheat\source\repos\worktrees\pr-481-1763014665\src\ReinforcementLearning\Agents\WorldModels\WorldModelsAgent.cs(57,12): error CS8618: Non-nullable field '_vaeEncoder' must contain a non-null value when exiting constructor. Consider adding the 'required' modifier or declaring the field as nullable. [C:\Users\cheat\source\repos\worktrees\pr-481-1763014665\src\AiDotNet.csproj::TargetFramework=net8.0]
C:\Users\cheat\source\repos\worktrees\pr-481-1763014665\src\ReinforcementLearning\Agents\WorldModels\WorldModelsAgent.cs(57,12): error CS8618: Non-nullable field '_vaeDecoder' must contain a non-null value when exiting constructor. Consider adding the 'required' modifier or declaring the field as nullable. [C:\Users\cheat\source\repos\worktrees\pr-481-1763014665\src\AiDotNet.csproj::TargetFramework=net8.0]
C:\Users\cheat\source\repos\worktrees\pr-481-1763014665\src\ReinforcementLearning\Agents\WorldModels\WorldModelsAgent.cs(57,12): error CS8618: Non-nullable field '_rnnNetwork' must contain a non-null value when exiting constructor. Consider adding the 'required' modifier or declaring the field as nullable. [C:\Users\cheat\source\repos\worktrees\pr-481-1763014665\src\AiDotNet.csproj::TargetFramework=net8.0]
C:\Users\cheat\source\repos\worktrees\pr-481-1763014665\src\ReinforcementLearning\Agents\WorldModels\WorldModelsAgent.cs(57,12): error CS8618: Non-nullable field '_rnnHiddenState' must contain a non-null value when exiting constructor. Consider adding the 'required' modifier or declaring the field as nullable. [C:\Users\cheat\source\repos\worktrees\pr-481-1763014665\src\AiDotNet.csproj::TargetFramework=net8.0]
C:\Users\cheat\source\repos\worktrees\pr-481-1763014665\src\ReinforcementLearning\Agents\WorldModels\WorldModelsAgent.cs(57,12): error CS8618: Non-nullable field '_controllerWeights' must contain a non-null value when exiting constructor. Consider adding the 'required' modifier or declaring the field as nullable. [C:\Users\cheat\source\repos\worktrees\pr-481-1763014665\src\AiDotNet.csproj::TargetFramework=net8.0]
C:\Users\cheat\source\repos\worktrees\pr-481-1763014665\src\ReinforcementLearning\Agents\WorldModels\WorldModelsAgent.cs(57,12): error CS8618: Non-nullable field '_replayBuffer' must contain a non-null value when exiting constructor. Consider adding the 'required' modifier or declaring the field as nullable. [C:\Users\cheat\source\repos\worktrees\pr-481-1763014665\src\AiDotNet.csproj::TargetFramework=net8.0]
C:\Users\cheat\source\repos\worktrees\pr-481-1763014665\src\ReinforcementLearning\Agents\WorldModels\WorldModelsAgent.cs(100,27): error CS7036: There is no argument given that corresponds to the required parameter 'architecture' of 'NeuralNetwork<T>.NeuralNetwork(NeuralNetworkArchitecture<T>, ILossFunction<T>?)' [C:\Users\cheat\source\repos\worktrees\pr-481-1763014665\src\AiDotNet.csproj::TargetFramework=net8.0]
C:\Users\cheat\source\repos\worktrees\pr-481-1763014665\src\ReinforcementLearning\Agents\WorldModels\WorldModelsAgent.cs(106,21): error CS7036: There is no argument given that corresponds to the required parameter 'units' of 'NeuralNetworkBase<T>.AddLayer(LayerType, int, ActivationFunction)' [C:\Users\cheat\source\repos\worktrees\pr-481-1763014665\src\AiDotNet.csproj::TargetFramework=net8.0]
C:\Users\cheat\source\repos\worktrees\pr-481-1763014665\src\ReinforcementLearning\Agents\WorldModels\WorldModelsAgent.cs(107,57): error CS0246: The type or namespace name 'ReLU<>' could not be found (are you missing a using directive or an assembly reference?) [C:\Users\cheat\source\repos\worktrees\pr-481-1763014665\src\AiDotNet.csproj::TargetFramework=net8.0]
C:\Users\cheat\source\repos\worktrees\pr-481-1763014665\src\ReinforcementLearning\Agents\WorldModels\WorldModelsAgent.cs(107,34): error CS1729: 'ActivationLayer<T>' does not contain a constructor that takes 1 arguments [C:\Users\cheat\source\repos\worktrees\pr-481-1763014665\src\AiDotNet.csproj::TargetFramework=net8.0]
C:\Users\cheat\source\repos\worktrees\pr-481-1763014665\src\ReinforcementLearning\Agents\WorldModels\WorldModelsAgent.cs(111,17): error CS7036: There is no argument given that corresponds to the required parameter 'units' of 'NeuralNetworkBase<T>.AddLayer(LayerType, int, ActivationFunction)' [C:\Users\cheat\source\repos\worktrees\pr-481-1763014665\src\AiDotNet.csproj::TargetFramework=net8.0]
C:\Users\cheat\source\repos\worktrees\pr-481-1763014665\src\ReinforcementLearning\Agents\WorldModels\WorldModelsAgent.cs(118,27): error CS7036: There is no argument given that corresponds to the required parameter 'architecture' of 'NeuralNetwork<T>.NeuralNetwork(NeuralNetworkArchitecture<T>, ILossFunction<T>?)' [C:\Users\cheat\source\repos\worktrees\pr-481-1763014665\src\AiDotNet.csproj::TargetFramework=net8.0]
C:\Users\cheat\source\repos\worktrees\pr-481-1763014665\src\ReinforcementLearning\Agents\WorldModels\WorldModelsAgent.cs(127,21): error CS7036: There is no argument given that corresponds to the required parameter 'units' of 'NeuralNetworkBase<T>.AddLayer(LayerType, int, ActivationFunction)' [C:\Users\cheat\source\repos\worktrees\pr-481-1763014665\src\AiDotNet.csproj::TargetFramework=net8.0]
C:\Users\cheat\source\repos\worktrees\pr-481-1763014665\src\ReinforcementLearning\Agents\WorldModels\WorldModelsAgent.cs(128,57): error CS0246: The type or namespace name 'ReLU<>' could not be found (are you missing a using directive or an assembly reference?) [C:\Users\cheat\source\repos\worktrees\pr-481-1763014665\src\AiDotNet.csproj::TargetFramework=net8.0]
C:\Users\cheat\source\repos\worktrees\pr-481-1763014665\src\ReinforcementLearning\Agents\WorldModels\WorldModelsAgent.cs(128,34): error CS1729: 'ActivationLayer<T>' does not contain a constructor that takes 1 arguments [C:\Users\cheat\source\repos\worktrees\pr-481-1763014665\src\AiDotNet.csproj::TargetFramework=net8.0]
C:\Users\cheat\source\repos\worktrees\pr-481-1763014665\src\ReinforcementLearning\Agents\WorldModels\WorldModelsAgent.cs(132,17): error CS7036: There is no argument given that corresponds to the required parameter 'units' of 'NeuralNetworkBase<T>.AddLayer(LayerType, int, ActivationFunction)' [C:\Users\cheat\source\repos\worktrees\pr-481-1763014665\src\AiDotNet.csproj::TargetFramework=net8.0]
C:\Users\cheat\source\repos\worktrees\pr-481-1763014665\src\ReinforcementLearning\Agents\WorldModels\WorldModelsAgent.cs(133,53): error CS0246: The type or namespace name 'Sigmoid<>' could not be found (are you missing a using directive or an assembly reference?) [C:\Users\cheat\source\repos\worktrees\pr-481-1763014665\src\AiDotNet.csproj::TargetFramework=net8.0]
C:\Users\cheat\source\repos\worktrees\pr-481-1763014665\src\ReinforcementLearning\Agents\WorldModels\WorldModelsAgent.cs(133,30): error CS1729: 'ActivationLayer<T>' does not contain a constructor that takes 1 arguments [C:\Users\cheat\source\repos\worktrees\pr-481-1763014665\src\AiDotNet.csproj::TargetFramework=net8.0]
C:\Users\cheat\source\repos\worktrees\pr-481-1763014665\src\ReinforcementLearning\Agents\WorldModels\WorldModelsAgent.cs(141,27): error CS7036: There is no argument given that corresponds to the required parameter 'architecture' of 'NeuralNetwork<T>.NeuralNetwork(NeuralNetworkArchitecture<T>, ILossFunction<T>?)' [C:\Users\cheat\source\repos\worktrees\pr-481-1763014665\src\AiDotNet.csproj::TargetFramework=net8.0]
C:\Users\cheat\source\repos\worktrees\pr-481-1763014665\src\ReinforcementLearning\Agents\WorldModels\WorldModelsAgent.cs(144,17): error CS7036: There is no argument given that corresponds to the required parameter 'units' of 'NeuralNetworkBase<T>.AddLayer(LayerType, int, ActivationFunction)' [C:\Users\cheat\source\repos\worktrees\pr-481-1763014665\src\AiDotNet.csproj::TargetFramework=net8.0]
C:\Users\cheat\source\repos\worktrees\pr-481-1763014665\src\ReinforcementLearning\Agents\WorldModels\WorldModelsAgent.cs(145,53): error CS0246: The type or namespace name 'Tanh<>' could not be found (are you missing a using directive or an assembly reference?) [C:\Users\cheat\source\repos\worktrees\pr-481-1763014665\src\AiDotNet.csproj::TargetFramework=net8.0]
C:\Users\cheat\source\repos\worktrees\pr-481-1763014665\src\ReinforcementLearning\Agents\WorldModels\WorldModelsAgent.cs(145,30): error CS1729: 'ActivationLayer<T>' does not contain a constructor that takes 1 arguments [C:\Users\cheat\source\repos\worktrees\pr-481-1763014665\src\AiDotNet.csproj::TargetFramework=net8.0]
C:\Users\cheat\source\repos\worktrees\pr-481-1763014665\src\ReinforcementLearning\Agents\WorldModels\WorldModelsAgent.cs(146,17): error CS7036: There is no argument given that corresponds to the required parameter 'units' of 'NeuralNetworkBase<T>.AddLayer(LayerType, int, ActivationFunction)' [C:\Users\cheat\source\repos\worktrees\pr-481-1763014665\src\AiDotNet.csproj::TargetFramework=net8.0]
C:\Users\cheat\source\repos\worktrees\pr-481-1763014665\src\ReinforcementLearning\Agents\WorldModels\WorldModelsAgent.cs(159,41): error CS1061: 'NeuralNetwork<T>' does not contain a definition for 'Forward' and no accessible extension method 'Forward' accepting a first argument of type 'NeuralNetwork<T>' could be found (are you missing a using directive or an assembly reference?) [C:\Users\cheat\source\repos\worktrees\pr-481-1763014665\src\AiDotNet.csproj::TargetFramework=net8.0]
C:\Users\cheat\source\repos\worktrees\pr-481-1763014665\src\ReinforcementLearning\Agents\WorldModels\WorldModelsAgent.cs(179,45): error CS1503: Argument 1: cannot convert from 'AiDotNet.LinearAlgebra.Vector<T>' to 'AiDotNet.LinearAlgebra.Tensor<T>' [C:\Users\cheat\source\repos\worktrees\pr-481-1763014665\src\AiDotNet.csproj::TargetFramework=net8.0]
C:\Users\cheat\source\repos\worktrees\pr-481-1763014665\src\ReinforcementLearning\Agents\WorldModels\WorldModelsAgent.cs(193,23): error CS1501: No overload for method 'Add' takes 5 arguments [C:\Users\cheat\source\repos\worktrees\pr-481-1763014665\src\AiDotNet.csproj::TargetFramework=net8.0]
C:\Users\cheat\source\repos\worktrees\pr-481-1763014665\src\ReinforcementLearning\Agents\WorldModels\WorldModelsAgent.cs(236,45): error CS1061: 'NeuralNetwork<T>' does not contain a definition for 'Forward' and no accessible extension method 'Forward' accepting a first argument of type 'NeuralNetwork<T>' could be found (are you missing a using directive or an assembly reference?) [C:\Users\cheat\source\repos\worktrees\pr-481-1763014665\src\AiDotNet.csproj::TargetFramework=net8.0]
C:\Users\cheat\source\repos\worktrees\pr-481-1763014665\src\ReinforcementLearning\Agents\WorldModels\WorldModelsAgent.cs(244,46): error CS1061: 'NeuralNetwork<T>' does not contain a definition for 'Forward' and no accessible extension method 'Forward' accepting a first argument of type 'NeuralNetwork<T>' could be found (are you missing a using directive or an assembly reference?) [C:\Users\cheat\source\repos\worktrees\pr-481-1763014665\src\AiDotNet.csproj::TargetFramework=net8.0]
C:\Users\cheat\source\repos\worktrees\pr-481-1763014665\src\ReinforcementLearning\Agents\WorldModels\WorldModelsAgent.cs(274,39): error CS1503: Argument 1: cannot convert from 'AiDotNet.LinearAlgebra.Vector<T>' to 'AiDotNet.LinearAlgebra.Tensor<T>' [C:\Users\cheat\source\repos\worktrees\pr-481-1763014665\src\AiDotNet.csproj::TargetFramework=net8.0]
C:\Users\cheat\source\repos\worktrees\pr-481-1763014665\src\ReinforcementLearning\Agents\WorldModels\WorldModelsAgent.cs(275,42): error CS1503: Argument 1: cannot convert from 'T' to 'AiDotNet.LinearAlgebra.Vector<T>' [C:\Users\cheat\source\repos\worktrees\pr-481-1763014665\src\AiDotNet.csproj::TargetFramework=net8.0]
C:\Users\cheat\source\repos\worktrees\pr-481-1763014665\src\ReinforcementLearning\Agents\WorldModels\WorldModelsAgent.cs(277,42): error CS1503: Argument 1: cannot convert from 'T' to 'AiDotNet.LinearAlgebra.Vector<T>' [C:\Users\cheat\source\repos\worktrees\pr-481-1763014665\src\AiDotNet.csproj::TargetFramework=net8.0]
C:\Users\cheat\source\repos\worktrees\pr-481-1763014665\src\ReinforcementLearning\Agents\WorldModels\WorldModelsAgent.cs(291,57): error CS1061: 'NeuralNetwork<T>' does not contain a definition for 'Forward' and no accessible extension method 'Forward' accepting a first argument of type 'NeuralNetwork<T>' could be found (are you missing a using directive or an assembly reference?) [C:\Users\cheat\source\repos\worktrees\pr-481-1763014665\src\AiDotNet.csproj::TargetFramework=net8.0]
C:\Users\cheat\source\repos\worktrees\pr-481-1763014665\src\ReinforcementLearning\Agents\WorldModels\WorldModelsAgent.cs(292,54): error CS1061: 'NeuralNetwork<T>' does not contain a definition for 'Forward' and no accessible extension method 'Forward' accepting a first argument of type 'NeuralNetwork<T>' could be found (are you missing a using directive or an assembly reference?) [C:\Users\cheat\source\repos\worktrees\pr-481-1763014665\src\AiDotNet.csproj::TargetFramework=net8.0]
C:\Users\cheat\source\repos\worktrees\pr-481-1763014665\src\ReinforcementLearning\Agents\WorldModels\WorldModelsAgent.cs(296,49): error CS1503: Argument 1: cannot convert from 'AiDotNet.LinearAlgebra.Vector<T>' to 'AiDotNet.LinearAlgebra.Tensor<T>' [C:\Users\cheat\source\repos\worktrees\pr-481-1763014665\src\AiDotNet.csproj::TargetFramework=net8.0]
C:\Users\cheat\source\repos\worktrees\pr-481-1763014665\src\ReinforcementLearning\Agents\WorldModels\WorldModelsAgent.cs(322,39): error CS1503: Argument 1: cannot convert from 'AiDotNet.LinearAlgebra.Vector<T>' to 'AiDotNet.LinearAlgebra.Tensor<T>' [C:\Users\cheat\source\repos\worktrees\pr-481-1763014665\src\AiDotNet.csproj::TargetFramework=net8.0]
C:\Users\cheat\source\repos\worktrees\pr-481-1763014665\src\ReinforcementLearning\Agents\WorldModels\WorldModelsAgent.cs(323,42): error CS1503: Argument 1: cannot convert from 'T' to 'AiDotNet.LinearAlgebra.Vector<T>' [C:\Users\cheat\source\repos\worktrees\pr-481-1763014665\src\AiDotNet.csproj::TargetFramework=net8.0]
C:\Users\cheat\source\repos\worktrees\pr-481-1763014665\src\ReinforcementLearning\Agents\WorldModels\WorldModelsAgent.cs(436,25): error CS0029: Cannot implicitly convert type 'string' to 'AiDotNet.Enums.ModelType' [C:\Users\cheat\source\repos\worktrees\pr-481-1763014665\src\AiDotNet.csproj::TargetFramework=net8.0]
C:\Users\cheat\source\repos\worktrees\pr-481-1763014665\src\ReinforcementLearning\Agents\WorldModels\WorldModelsAgent.cs(505,41): error CS1061: 'ILossFunction<T>' does not contain a definition for 'ComputeGradient' and no accessible extension method 'ComputeGradient' accepting a first argument of type 'ILossFunction<T>' could be found (are you missing a using directive or an assembly reference?) [C:\Users\cheat\source\repos\worktrees\pr-481-1763014665\src\AiDotNet.csproj::TargetFramework=net8.0]
C:\Users\cheat\source\repos\worktrees\pr-481-1763014665\src\ReinforcementLearning\Agents\WorldModels\WorldModelsAgent.cs(513,25): error CS1061: 'INeuralNetwork<T>' does not contain a definition for 'Backpropagate' and no accessible extension method 'Backpropagate' accepting a first argument of type 'INeuralNetwork<T>' could be found (are you missing a using directive or an assembly reference?) [C:\Users\cheat\source\repos\worktrees\pr-481-1763014665\src\AiDotNet.csproj::TargetFramework=net8.0]
C:\Users\cheat\source\repos\worktrees\pr-481-1763014665\src\ReinforcementLearning\Agents\WorldModels\WorldModelsAgent.cs(514,42): error CS1503: Argument 1: cannot convert from 'T' to 'AiDotNet.LinearAlgebra.Vector<T>' [C:\Users\cheat\source\repos\worktrees\pr-481-1763014665\src\AiDotNet.csproj::TargetFramework=net8.0]
C:\Users\cheat\source\repos\worktrees\pr-481-1763014665\src\Models\Options\TRPOOptions.cs(52,68): error CS0246: The type or namespace name 'MeanSquaredError<>' could not be found (are you missing a using directive or an assembly reference?) [C:\Users\cheat\source\repos\worktrees\pr-481-1763014665\src\AiDotNet.csproj::TargetFramework=net8.0]
C:\Users\cheat\source\repos\worktrees\pr-481-1763014665\src\Models\Options\TBATSModelOptions.cs(206,50): error CS0029: Cannot implicitly convert type 'System.Collections.Generic.List<int>' to 'int[]' [C:\Users\cheat\source\repos\worktrees\pr-481-1763014665\src\AiDotNet.csproj::TargetFramework=net8.0]
C:\Users\cheat\source\repos\worktrees\pr-481-1763014665\src\Models\NeuralNetworkModel.cs(669,44): error CS1061: 'NeuralNetworkArchitecture<T>' does not contain a definition for 'NeuralNetworkTaskType' and no accessible extension method 'NeuralNetworkTaskType' accepting a first argument of type 'NeuralNetworkArchitecture<T>' could be found (are you missing a using directive or an assembly reference?) [C:\Users\cheat\source\repos\worktrees\pr-481-1763014665\src\AiDotNet.csproj::TargetFramework=net8.0]
C:\Users\cheat\source\repos\worktrees\pr-481-1763014665\src\Models\Options\STLDecompositionOptions.cs(688,45): error CS0029: Cannot implicitly convert type 'System.Collections.Generic.List<int>' to 'System.DateTime[]' [C:\Users\cheat\source\repos\worktrees\pr-481-1763014665\src\AiDotNet.csproj::TargetFramework=net8.0]
C:\Users\cheat\source\repos\worktrees\pr-481-1763014665\src\Models\Options\STLDecompositionOptions.cs(985,61): error CS0029: Cannot implicitly convert type 'System.Collections.Generic.List<int>' to 'System.Collections.Generic.Dictionary<System.DateTime, T>' [C:\Users\cheat\source\repos\worktrees\pr-481-1763014665\src\AiDotNet.csproj::TargetFramework=net8.0]
C:\Users\cheat\source\repos\worktrees\pr-481-1763014665\src\Models\Options\SACOptions.cs(139,63): error CS0246: The type or namespace name 'MeanSquaredError<>' could not be found (are you missing a using directive or an assembly reference?) [C:\Users\cheat\source\repos\worktrees\pr-481-1763014665\src\AiDotNet.csproj::TargetFramework=net8.0]
C:\Users\cheat\source\repos\worktrees\pr-481-1763014665\src\ReinforcementLearning\Agents\TRPO\TRPOAgent.cs(51,12): error CS8618: Non-nullable field '_policyNetwork' must contain a non-null value when exiting constructor. Consider adding the 'required' modifier or declaring the field as nullable. [C:\Users\cheat\source\repos\worktrees\pr-481-1763014665\src\AiDotNet.csproj::TargetFramework=net8.0]
C:\Users\cheat\source\repos\worktrees\pr-481-1763014665\src\ReinforcementLearning\Agents\TRPO\TRPOAgent.cs(51,12): error CS8618: Non-nullable field '_oldPolicyNetwork' must contain a non-null value when exiting constructor. Consider adding the 'required' modifier or declaring the field as nullable. [C:\Users\cheat\source\repos\worktrees\pr-481-1763014665\src\AiDotNet.csproj::TargetFramework=net8.0]
C:\Users\cheat\source\repos\worktrees\pr-481-1763014665\src\ReinforcementLearning\Agents\TRPO\TRPOAgent.cs(51,12): error CS8618: Non-nullable field '_valueNetwork' must contain a non-null value when exiting constructor. Consider adding the 'required' modifier or declaring the field as nullable. [C:\Users\cheat\source\repos\worktrees\pr-481-1763014665\src\AiDotNet.csproj::TargetFramework=net8.0]
C:\Users\cheat\source\repos\worktrees\pr-481-1763014665\src\ReinforcementLearning\Agents\TRPO\TRPOAgent.cs(86,32): error CS1729: 'NeuralNetworkArchitecture<T>' does not contain a constructor that takes 0 arguments [C:\Users\cheat\source\repos\worktrees\pr-481-1763014665\src\AiDotNet.csproj::TargetFramework=net8.0]
C:\Users\cheat\source\repos\worktrees\pr-481-1763014665\src\ReinforcementLearning\Agents\TRPO\TRPOAgent.cs(88,13): error CS0200: Property or indexer 'NeuralNetworkArchitecture<T>.TaskType' cannot be assigned to -- it is read only [C:\Users\cheat\source\repos\worktrees\pr-481-1763014665\src\AiDotNet.csproj::TargetFramework=net8.0]
C:\Users\cheat\source\repos\worktrees\pr-481-1763014665\src\ReinforcementLearning\Agents\TRPO\TRPOAgent.cs(106,32): error CS1061: 'DenseLayer<T>' does not contain a definition for 'GetWeights' and no accessible extension method 'GetWeights' accepting a first argument of type 'DenseLayer<T>' could be found (are you missing a using directive or an assembly reference?) [C:\Users\cheat\source\repos\worktrees\pr-481-1763014665\src\AiDotNet.csproj::TargetFramework=net8.0]
C:\Users\cheat\source\repos\worktrees\pr-481-1763014665\src\ReinforcementLearning\Agents\TRPO\TRPOAgent.cs(113,9): error CS0200: Property or indexer 'NeuralNetworkArchitecture<T>.Layers' cannot be assigned to -- it is read only [C:\Users\cheat\source\repos\worktrees\pr-481-1763014665\src\AiDotNet.csproj::TargetFramework=net8.0]
C:\Users\cheat\source\repos\worktrees\pr-481-1763014665\src\ReinforcementLearning\Agents\TRPO\TRPOAgent.cs(119,32): error CS1729: 'NeuralNetworkArchitecture<T>' does not contain a constructor that takes 0 arguments [C:\Users\cheat\source\repos\worktrees\pr-481-1763014665\src\AiDotNet.csproj::TargetFramework=net8.0]
C:\Users\cheat\source\repos\worktrees\pr-481-1763014665\src\ReinforcementLearning\Agents\TRPO\TRPOAgent.cs(121,13): error CS0200: Property or indexer 'NeuralNetworkArchitecture<T>.TaskType' cannot be assigned to -- it is read only [C:\Users\cheat\source\repos\worktrees\pr-481-1763014665\src\AiDotNet.csproj::TargetFramework=net8.0]
C:\Users\cheat\source\repos\worktrees\pr-481-1763014665\src\ReinforcementLearning\Agents\TRPO\TRPOAgent.cs(131,9): error CS0200: Property or indexer 'NeuralNetworkArchitecture<T>.Layers' cannot be assigned to -- it is read only [C:\Users\cheat\source\repos\worktrees\pr-481-1763014665\src\AiDotNet.csproj::TargetFramework=net8.0]
C:\Users\cheat\source\repos\worktrees\pr-481-1763014665\src\Models\Options\ProphetOptions.cs(161,52): error CS0029: Cannot implicitly convert type 'System.Collections.Generic.List<int>' to 'System.Collections.Generic.List<System.DateTime>' [C:\Users\cheat\source\repos\worktrees\pr-481-1763014665\src\AiDotNet.csproj::TargetFramework=net8.0]
C:\Users\cheat\source\repos\worktrees\pr-481-1763014665\src\Models\Options\ProphetOptions.cs(653,49): error CS0029: Cannot implicitly convert type 'System.Collections.Generic.List<int>' to 'System.Collections.Generic.List<T>' [C:\Users\cheat\source\repos\worktrees\pr-481-1763014665\src\AiDotNet.csproj::TargetFramework=net8.0]
C:\Users\cheat\source\repos\worktrees\pr-481-1763014665\src\Models\Options\PPOOptions.cs(142,67): error CS0246: The type or namespace name 'MeanSquaredError<>' could not be found (are you missing a using directive or an assembly reference?) [C:\Users\cheat\source\repos\worktrees\pr-481-1763014665\src\AiDotNet.csproj::TargetFramework=net8.0]
C:\Users\cheat\source\repos\worktrees\pr-481-1763014665\src\ReinforcementLearning\Agents\TRPO\TRPOAgent.cs(137,51): error CS1503: Argument 1: cannot convert from 'AiDotNet.LinearAlgebra.Vector<T>' to 'AiDotNet.LinearAlgebra.Tensor<T>' [C:\Users\cheat\source\repos\worktrees\pr-481-1763014665\src\AiDotNet.csproj::TargetFramework=net8.0]
C:\Users\cheat\source\repos\worktrees\pr-481-1763014665\src\ReinforcementLearning\Agents\TRPO\TRPOAgent.cs(171,41): error CS1503: Argument 1: cannot convert from 'AiDotNet.LinearAlgebra.Tensor<T>' to 'AiDotNet.LinearAlgebra.Vector<T>' [C:\Users\cheat\source\repos\worktrees\pr-481-1763014665\src\AiDotNet.csproj::TargetFramework=net8.0]
C:\Users\cheat\source\repos\worktrees\pr-481-1763014665\src\ReinforcementLearning\Agents\TRPO\TRPOAgent.cs(242,18): error CS8132: Cannot deconstruct a tuple of '5' elements into '4' variables. [C:\Users\cheat\source\repos\worktrees\pr-481-1763014665\src\AiDotNet.csproj::TargetFramework=net8.0]
C:\Users\cheat\source\repos\worktrees\pr-481-1763014665\src\ReinforcementLearning\Agents\TRPO\TRPOAgent.cs(247,46): error CS1503: Argument 1: cannot convert from 'AiDotNet.LinearAlgebra.Vector<T>' to 'AiDotNet.LinearAlgebra.Tensor<T>' [C:\Users\cheat\source\repos\worktrees\pr-481-1763014665\src\AiDotNet.csproj::TargetFramework=net8.0]
C:\Users\cheat\source\repos\worktrees\pr-481-1763014665\src\ReinforcementLearning\Agents\TRPO\TRPOAgent.cs(309,60): error CS1503: Argument 1: cannot convert from 'AiDotNet.LinearAlgebra.Vector<T>' to 'AiDotNet.LinearAlgebra.Tensor<T>' [C:\Users\cheat\source\repos\worktrees\pr-481-1763014665\src\AiDotNet.csproj::TargetFramework=net8.0]
C:\Users\cheat\source\repos\worktrees\pr-481-1763014665\src\ReinforcementLearning\Agents\TRPO\TRPOAgent.cs(315,31): error CS1061: 'INeuralNetwork<T>' does not contain a definition for 'Backpropagate' and no accessible extension method 'Backpropagate' accepting a first argument of type 'INeuralNetwork<T>' could be found (are you missing a using directive or an assembly reference?) [C:\Users\cheat\source\repos\worktrees\pr-481-1763014665\src\AiDotNet.csproj::TargetFramework=net8.0]
C:\Users\cheat\source\repos\worktrees\pr-481-1763014665\src\ReinforcementLearning\Agents\TRPO\TRPOAgent.cs(316,48): error CS1503: Argument 1: cannot convert from 'T' to 'AiDotNet.LinearAlgebra.Vector<T>' [C:\Users\cheat\source\repos\worktrees\pr-481-1763014665\src\AiDotNet.csproj::TargetFramework=net8.0]
C:\Users\cheat\source\repos\worktrees\pr-481-1763014665\src\ReinforcementLearning\Agents\TRPO\TRPOAgent.cs(334,55): error CS1503: Argument 1: cannot convert from 'AiDotNet.LinearAlgebra.Vector<T>' to 'AiDotNet.LinearAlgebra.Tensor<T>' [C:\Users\cheat\source\repos\worktrees\pr-481-1763014665\src\AiDotNet.csproj::TargetFramework=net8.0]
C:\Users\cheat\source\repos\worktrees\pr-481-1763014665\src\ReinforcementLearning\Agents\TRPO\TRPOAgent.cs(335,61): error CS1503: Argument 1: cannot convert from 'AiDotNet.LinearAlgebra.Vector<T>' to 'AiDotNet.LinearAlgebra.Tensor<T>' [C:\Users\cheat\source\repos\worktrees\pr-481-1763014665\src\AiDotNet.csproj::TargetFramework=net8.0]
C:\Users\cheat\source\repos\worktrees\pr-481-1763014665\src\ReinforcementLearning\Agents\TRPO\TRPOAgent.cs(338,32): error CS1503: Argument 1: cannot convert from 'AiDotNet.LinearAlgebra.Tensor<T>' to 'AiDotNet.LinearAlgebra.Vector<T>' [C:\Users\cheat\source\repos\worktrees\pr-481-1763014665\src\AiDotNet.csproj::TargetFramework=net8.0]
C:\Users\cheat\source\repos\worktrees\pr-481-1763014665\src\ReinforcementLearning\Agents\TRPO\TRPOAgent.cs(338,46): error CS1503: Argument 2: cannot convert from 'AiDotNet.LinearAlgebra.Tensor<T>' to 'AiDotNet.LinearAlgebra.Vector<T>' [C:\Users\cheat\source\repos\worktrees\pr-481-1763014665\src\AiDotNet.csproj::TargetFramework=net8.0]
C:\Users\cheat\source\repos\worktrees\pr-481-1763014665\src\ReinforcementLearning\Agents\TRPO\TRPOAgent.cs(345,62): error CS1503: Argument 1: cannot convert from 'AiDotNet.LinearAlgebra.Tensor<T>' to 'AiDotNet.LinearAlgebra.Vector<T>' [C:\Users\cheat\source\repos\worktrees\pr-481-1763014665\src\AiDotNet.csproj::TargetFramework=net8.0]
C:\Users\cheat\source\repos\worktrees\pr-481-1763014665\src\ReinforcementLearning\Agents\TRPO\TRPOAgent.cs(345,76): error CS1503: Argument 2: cannot convert from 'AiDotNet.LinearAlgebra.Tensor<T>' to 'AiDotNet.LinearAlgebra.Vector<T>' [C:\Users\cheat\source\repos\worktrees\pr-481-1763014665\src\AiDotNet.csproj::TargetFramework=net8.0]
C:\Users\cheat\source\repos\worktrees\pr-481-1763014665\src\ReinforcementLearning\Agents\TRPO\TRPOAgent.cs(348,64): error CS1503: Argument 1: cannot convert from 'AiDotNet.LinearAlgebra.Tensor<T>' to 'AiDotNet.LinearAlgebra.Vector<T>' [C:\Users\cheat\source\repos\worktrees\pr-481-1763014665\src\AiDotNet.csproj::TargetFramework=net8.0]
C:\Users\cheat\source\repos\worktrees\pr-481-1763014665\src\ReinforcementLearning\Agents\TRPO\TRPOAgent.cs(349,32): error CS1061: 'INeuralNetwork<T>' does not contain a definition for 'Backpropagate' and no accessible extension method 'Backpropagate' accepting a first argument of type 'INeuralNetwork<T>' could be found (are you missing a using directive or an assembly reference?) [C:\Users\cheat\source\repos\worktrees\pr-481-1763014665\src\AiDotNet.csproj::TargetFramework=net8.0]
C:\Users\cheat\source\repos\worktrees\pr-481-1763014665\src\Models\Options\A2COptions.cs(36,67): error CS0246: The type or namespace name 'MeanSquaredError<>' could not be found (are you missing a using directive or an assembly reference?) [C:\Users\cheat\source\repos\worktrees\pr-481-1763014665\src\AiDotNet.csproj::TargetFramework=net8.0]
C:\Users\cheat\source\repos\worktrees\pr-481-1763014665\src\ReinforcementLearning\Agents\TRPO\TRPOAgent.cs(575,25): error CS0029: Cannot implicitly convert type 'string' to 'AiDotNet.Enums.ModelType' [C:\Users\cheat\source\repos\worktrees\pr-481-1763014665\src\AiDotNet.csproj::TargetFramework=net8.0]
C:\Users\cheat\source\repos\worktrees\pr-481-1763014665\src\Models\Options\A3COptions.cs(46,68): error CS0246: The type or namespace name 'MeanSquaredError<>' could not be found (are you missing a using directive or an assembly reference?) [C:\Users\cheat\source\repos\worktrees\pr-481-1763014665\src\AiDotNet.csproj::TargetFramework=net8.0]
C:\Users\cheat\source\repos\worktrees\pr-481-1763014665\src\ReinforcementLearning\Agents\TRPO\TRPOAgent.cs(674,51): error CS1503: Argument 1: cannot convert from 'AiDotNet.LinearAlgebra.Matrix<T>' to 'AiDotNet.LinearAlgebra.Vector<T>' [C:\Users\cheat\source\repos\worktrees\pr-481-1763014665\src\AiDotNet.csproj::TargetFramework=net8.0]
C:\Users\cheat\source\repos\worktrees\pr-481-1763014665\src\ReinforcementLearning\Agents\TRPO\TRPOAgent.cs(674,88): error CS1503: Argument 2: cannot convert from 'AiDotNet.LinearAlgebra.Matrix<T>' to 'AiDotNet.LinearAlgebra.Vector<T>' [C:\Users\cheat\source\repos\worktrees\pr-481-1763014665\src\AiDotNet.csproj::TargetFramework=net8.0]
C:\Users\cheat\source\repos\worktrees\pr-481-1763014665\src\ReinforcementLearning\Agents\TRPO\TRPOAgent.cs(676,67): error CS1503: Argument 1: cannot convert from 'AiDotNet.LinearAlgebra.Matrix<T>' to 'AiDotNet.LinearAlgebra.Vector<T>' [C:\Users\cheat\source\repos\worktrees\pr-481-1763014665\src\AiDotNet.csproj::TargetFramework=net8.0]
C:\Users\cheat\source\repos\worktrees\pr-481-1763014665\src\ReinforcementLearning\Agents\TRPO\TRPOAgent.cs(676,104): error CS1503: Argument 2: cannot convert from 'AiDotNet.LinearAlgebra.Matrix<T>' to 'AiDotNet.LinearAlgebra.Vector<T>' [C:\Users\cheat\source\repos\worktrees\pr-481-1763014665\src\AiDotNet.csproj::TargetFramework=net8.0]
C:\Users\cheat\source\repos\worktrees\pr-481-1763014665\src\ReinforcementLearning\Agents\TRPO\TRPOAgent.cs(677,53): error CS1061: 'Vector<T>' does not contain a definition for 'GetRow' and no accessible extension method 'GetRow' accepting a first argument of type 'Vector<T>' could be found (are you missing a using directive or an assembly reference?) [C:\Users\cheat\source\repos\worktrees\pr-481-1763014665\src\AiDotNet.csproj::TargetFramework=net8.0]
C:\Users\cheat\source\repos\worktrees\pr-481-1763014665\src\ReinforcementLearning\Agents\TRPO\TRPOAgent.cs(683,24): error CS1061: 'INeuralNetwork<T>' does not contain a definition for 'Backpropagate' and no accessible extension method 'Backpropagate' accepting a first argument of type 'INeuralNetwork<T>' could be found (are you missing a using directive or an assembly reference?) [C:\Users\cheat\source\repos\worktrees\pr-481-1763014665\src\AiDotNet.csproj::TargetFramework=net8.0]
C:\Users\cheat\source\repos\worktrees\pr-481-1763014665\src\ReinforcementLearning\Agents\TRPO\TRPOAgent.cs(684,41): error CS1503: Argument 1: cannot convert from 'T' to 'AiDotNet.LinearAlgebra.Vector<T>' [C:\Users\cheat\source\repos\worktrees\pr-481-1763014665\src\AiDotNet.csproj::TargetFramework=net8.0]
C:\Users\cheat\source\repos\worktrees\pr-481-1763014665\src\ReinforcementLearning\Agents\A2C\A2CAgent.cs(53,32): error CS0246: The type or namespace name 'MeanSquaredError<>' could not be found (are you missing a using directive or an assembly reference?) [C:\Users\cheat\source\repos\worktrees\pr-481-1763014665\src\AiDotNet.csproj::TargetFramework=net8.0]
C:\Users\cheat\source\repos\worktrees\pr-481-1763014665\src\ReinforcementLearning\Agents\A2C\A2CAgent.cs(79,88): error CS0246: The type or namespace name 'LinearActivation<>' could not be found (are you missing a using directive or an assembly reference?) [C:\Users\cheat\source\repos\worktrees\pr-481-1763014665\src\AiDotNet.csproj::TargetFramework=net8.0]
C:\Users\cheat\source\repos\worktrees\pr-481-1763014665\src\ReinforcementLearning\Agents\A2C\A2CAgent.cs(81,41): error CS1729: 'NeuralNetworkArchitecture<T>' does not contain a constructor that takes 0 arguments [C:\Users\cheat\source\repos\worktrees\pr-481-1763014665\src\AiDotNet.csproj::TargetFramework=net8.0]
C:\Users\cheat\source\repos\worktrees\pr-481-1763014665\src\ReinforcementLearning\Agents\A2C\A2CAgent.cs(83,13): error CS0200: Property or indexer 'NeuralNetworkArchitecture<T>.Layers' cannot be assigned to -- it is read only [C:\Users\cheat\source\repos\worktrees\pr-481-1763014665\src\AiDotNet.csproj::TargetFramework=net8.0]
C:\Users\cheat\source\repos\worktrees\pr-481-1763014665\src\ReinforcementLearning\Agents\A2C\A2CAgent.cs(84,13): error CS0200: Property or indexer 'NeuralNetworkArchitecture<T>.TaskType' cannot be assigned to -- it is read only [C:\Users\cheat\source\repos\worktrees\pr-481-1763014665\src\AiDotNet.csproj::TargetFramework=net8.0]
C:\Users\cheat\source\repos\worktrees\pr-481-1763014665\src\ReinforcementLearning\Agents\A2C\A2CAgent.cs(99,79): error CS0246: The type or namespace name 'LinearActivation<>' could not be found (are you missing a using directive or an assembly reference?) [C:\Users\cheat\source\repos\worktrees\pr-481-1763014665\src\AiDotNet.csproj::TargetFramework=net8.0]
C:\Users\cheat\source\repos\worktrees\pr-481-1763014665\src\ReinforcementLearning\Agents\A2C\A2CAgent.cs(101,41): error CS1729: 'NeuralNetworkArchitecture<T>' does not contain a constructor that takes 0 arguments [C:\Users\cheat\source\repos\worktrees\pr-481-1763014665\src\AiDotNet.csproj::TargetFramework=net8.0]
C:\Users\cheat\source\repos\worktrees\pr-481-1763014665\src\ReinforcementLearning\Agents\A2C\A2CAgent.cs(103,13): error CS0200: Property or indexer 'NeuralNetworkArchitecture<T>.Layers' cannot be assigned to -- it is read only [C:\Users\cheat\source\repos\worktrees\pr-481-1763014665\src\AiDotNet.csproj::TargetFramework=net8.0]
C:\Users\cheat\source\repos\worktrees\pr-481-1763014665\src\ReinforcementLearning\Agents\A2C\A2CAgent.cs(104,13): error CS0200: Property or indexer 'NeuralNetworkArchitecture<T>.TaskType' cannot be assigned to -- it is read only [C:\Users\cheat\source\repos\worktrees\pr-481-1763014665\src\AiDotNet.csproj::TargetFramework=net8.0]
C:\Users\cheat\source\repos\worktrees\pr-481-1763014665\src\ReinforcementLearning\Agents\TD3\TD3Agent.cs(57,46): error CS1729: 'DeepReinforcementLearningAgentBase<T>' does not contain a constructor that takes 2 arguments [C:\Users\cheat\source\repos\worktrees\pr-481-1763014665\src\AiDotNet.csproj::TargetFramework=net8.0]
C:\Users\cheat\source\repos\worktrees\pr-481-1763014665\src\ReinforcementLearning\Agents\TD3\TD3Agent.cs(57,12): error CS8618: Non-nullable field '_actorNetwork' must contain a non-null value when exiting constructor. Consider adding the 'required' modifier or declaring the field as nullable. [C:\Users\cheat\source\repos\worktrees\pr-481-1763014665\src\AiDotNet.csproj::TargetFramework=net8.0]
C:\Users\cheat\source\repos\worktrees\pr-481-1763014665\src\ReinforcementLearning\Agents\TD3\TD3Agent.cs(57,12): error CS8618: Non-nullable field '_targetActorNetwork' must contain a non-null value when exiting constructor. Consider adding the 'required' modifier or declaring the field as nullable. [C:\Users\cheat\source\repos\worktrees\pr-481-1763014665\src\AiDotNet.csproj::TargetFramework=net8.0]
C:\Users\cheat\source\repos\worktrees\pr-481-1763014665\src\ReinforcementLearning\Agents\TD3\TD3Agent.cs(57,12): error CS8618: Non-nullable field '_critic1Network' must contain a non-null value when exiting constructor. Consider adding the 'required' modifier or declaring the field as nullable. [C:\Users\cheat\source\repos\worktrees\pr-481-1763014665\src\AiDotNet.csproj::TargetFramework=net8.0]
C:\Users\cheat\source\repos\worktrees\pr-481-1763014665\src\ReinforcementLearning\Agents\TD3\TD3Agent.cs(57,12): error CS8618: Non-nullable field '_critic2Network' must contain a non-null value when exiting constructor. Consider adding the 'required' modifier or declaring the field as nullable. [C:\Users\cheat\source\repos\worktrees\pr-481-1763014665\src\AiDotNet.csproj::TargetFramework=net8.0]
C:\Users\cheat\source\repos\worktrees\pr-481-1763014665\src\ReinforcementLearning\Agents\TD3\TD3Agent.cs(57,12): error CS8618: Non-nullable field '_targetCritic1Network' must contain a non-null value when exiting constructor. Consider adding the 'required' modifier or declaring the field as nullable. [C:\Users\cheat\source\repos\worktrees\pr-481-1763014665\src\AiDotNet.csproj::TargetFramework=net8.0]
C:\Users\cheat\source\repos\worktrees\pr-481-1763014665\src\ReinforcementLearning\Agents\TD3\TD3Agent.cs(57,12): error CS8618: Non-nullable field '_targetCritic2Network' must contain a non-null value when exiting constructor. Consider adding the 'required' modifier or declaring the field as nullable. [C:\Users\cheat\source\repos\worktrees\pr-481-1763014665\src\AiDotNet.csproj::TargetFramework=net8.0]
C:\Users\cheat\source\repos\worktrees\pr-481-1763014665\src\ReinforcementLearning\Agents\TD3\TD3Agent.cs(57,12): error CS8618: Non-nullable field '_replayBuffer' must contain a non-null value when exiting constructor. Consider adding the 'required' modifier or declaring the field as nullable. [C:\Users\cheat\source\repos\worktrees\pr-481-1763014665\src\AiDotNet.csproj::TargetFramework=net8.0]
C:\Users\cheat\source\repos\worktrees\pr-481-1763014665\src\ReinforcementLearning\Agents\A2C\A2CAgent.cs(111,51): error CS1503: Argument 1: cannot convert from 'AiDotNet.LinearAlgebra.Vector<T>' to 'AiDotNet.LinearAlgebra.Tensor<T>' [C:\Users\cheat\source\repos\worktrees\pr-481-1763014665\src\AiDotNet.csproj::TargetFramework=net8.0]
C:\Users\cheat\source\repos\worktrees\pr-481-1763014665\src\ReinforcementLearning\Agents\A2C\A2CAgent.cs(115,43): error CS1503: Argument 1: cannot convert from 'AiDotNet.LinearAlgebra.Tensor<T>' to 'AiDotNet.LinearAlgebra.Vector<T>' [C:\Users\cheat\source\repos\worktrees\pr-481-1763014665\src\AiDotNet.csproj::TargetFramework=net8.0]
C:\Users\cheat\source\repos\worktrees\pr-481-1763014665\src\ReinforcementLearning\Agents\A2C\A2CAgent.cs(119,41): error CS1503: Argument 1: cannot convert from 'AiDotNet.LinearAlgebra.Tensor<T>' to 'AiDotNet.LinearAlgebra.Vector<T>' [C:\Users\cheat\source\repos\worktrees\pr-481-1763014665\src\AiDotNet.csproj::TargetFramework=net8.0]
C:\Users\cheat\source\repos\worktrees\pr-481-1763014665\src\ReinforcementLearning\Agents\A2C\A2CAgent.cs(161,43): error CS1503: Argument 1: cannot convert from 'AiDotNet.LinearAlgebra.Vector<T>' to 'AiDotNet.LinearAlgebra.Tensor<T>' [C:\Users\cheat\source\repos\worktrees\pr-481-1763014665\src\AiDotNet.csproj::TargetFramework=net8.0]
C:\Users\cheat\source\repos\worktrees\pr-481-1763014665\src\ReinforcementLearning\Agents\TD3\TD3Agent.cs(88,27): error CS7036: There is no argument given that corresponds to the required parameter 'architecture' of 'NeuralNetwork<T>.NeuralNetwork(NeuralNetworkArchitecture<T>, ILossFunction<T>?)' [C:\Users\cheat\source\repos\worktrees\pr-481-1763014665\src\AiDotNet.csproj::TargetFramework=net8.0]
C:\Users\cheat\source\repos\worktrees\pr-481-1763014665\src\ReinforcementLearning\Agents\TD3\TD3Agent.cs(93,21): error CS7036: There is no argument given that corresponds to the required parameter 'units' of 'NeuralNetworkBase<T>.AddLayer(LayerType, int, ActivationFunction)' [C:\Users\cheat\source\repos\worktrees\pr-481-1763014665\src\AiDotNet.csproj::TargetFramework=net8.0]
C:\Users\cheat\source\repos\worktrees\pr-481-1763014665\src\ReinforcementLearning\Agents\TD3\TD3Agent.cs(94,57): error CS0246: The type or namespace name 'ReLU<>' could not be found (are you missing a using directive or an assembly reference?) [C:\Users\cheat\source\repos\worktrees\pr-481-1763014665\src\AiDotNet.csproj::TargetFramework=net8.0]
C:\Users\cheat\source\repos\worktrees\pr-481-1763014665\src\ReinforcementLearning\Agents\TD3\TD3Agent.cs(94,34): error CS1729: 'ActivationLayer<T>' does not contain a constructor that takes 1 arguments [C:\Users\cheat\source\repos\worktrees\pr-481-1763014665\src\AiDotNet.csproj::TargetFramework=net8.0]
C:\Users\cheat\source\repos\worktrees\pr-481-1763014665\src\ReinforcementLearning\Agents\TD3\TD3Agent.cs(98,17): error CS7036: There is no argument given that corresponds to the required parameter 'units' of 'NeuralNetworkBase<T>.AddLayer(LayerType, int, ActivationFunction)' [C:\Users\cheat\source\repos\worktrees\pr-481-1763014665\src\AiDotNet.csproj::TargetFramework=net8.0]
C:\Users\cheat\source\repos\worktrees\pr-481-1763014665\src\ReinforcementLearning\Agents\TD3\TD3Agent.cs(99,53): error CS0246: The type or namespace name 'Tanh<>' could not be found (are you missing a using directive or an assembly reference?) [C:\Users\cheat\source\repos\worktrees\pr-481-1763014665\src\AiDotNet.csproj::TargetFramework=net8.0]
C:\Users\cheat\source\repos\worktrees\pr-481-1763014665\src\ReinforcementLearning\Agents\TD3\TD3Agent.cs(99,30): error CS1729: 'ActivationLayer<T>' does not contain a constructor that takes 1 arguments [C:\Users\cheat\source\repos\worktrees\pr-481-1763014665\src\AiDotNet.csproj::TargetFramework=net8.0]
C:\Users\cheat\source\repos\worktrees\pr-481-1763014665\src\ReinforcementLearning\Agents\A2C\A2CAgent.cs(168,51): error CS1503: Argument 1: cannot convert from 'AiDotNet.LinearAlgebra.Vector<T>' to 'AiDotNet.LinearAlgebra.Tensor<T>' [C:\Users\cheat\source\repos\worktrees\pr-481-1763014665\src\AiDotNet.csproj::TargetFramework=net8.0]
C:\Users\cheat\source\repos\worktrees\pr-481-1763014665\src\ReinforcementLearning\Agents\A2C\A2CAgent.cs(193,33): error CS1503: Argument 1: cannot convert from 'AiDotNet.LinearAlgebra.Tensor<T>' to 'AiDotNet.LinearAlgebra.Vector<T>' [C:\Users\cheat\source\repos\worktrees\pr-481-1763014665\src\AiDotNet.csproj::TargetFramework=net8.0]
C:\Users\cheat\source\repos\worktrees\pr-481-1763014665\src\ReinforcementLearning\Agents\A3C\A3CAgent.cs(48,12): error CS8618: Non-nullable field '_globalPolicyNetwork' must contain a non-null value when exiting constructor. Consider adding the 'required' modifier or declaring the field as nullable. [C:\Users\cheat\source\repos\worktrees\pr-481-1763014665\src\AiDotNet.csproj::TargetFramework=net8.0]
C:\Users\cheat\source\repos\worktrees\pr-481-1763014665\src\ReinforcementLearning\Agents\A3C\A3CAgent.cs(48,12): error CS8618: Non-nullable field '_globalValueNetwork' must contain a non-null value when exiting constructor. Consider adding the 'required' modifier or declaring the field as nullable. [C:\Users\cheat\source\repos\worktrees\pr-481-1763014665\src\AiDotNet.csproj::TargetFramework=net8.0]
C:\Users\cheat\source\repos\worktrees\pr-481-1763014665\src\ReinforcementLearning\Agents\A3C\A3CAgent.cs(78,32): error CS1729: 'NeuralNetworkArchitecture<T>' does not contain a constructor that takes 0 arguments [C:\Users\cheat\source\repos\worktrees\pr-481-1763014665\src\AiDotNet.csproj::TargetFramework=net8.0]
C:\Users\cheat\source\repos\worktrees\pr-481-1763014665\src\ReinforcementLearning\Agents\A3C\A3CAgent.cs(80,13): error CS0200: Property or indexer 'NeuralNetworkArchitecture<T>.TaskType' cannot be assigned to -- it is read only [C:\Users\cheat\source\repos\worktrees\pr-481-1763014665\src\AiDotNet.csproj::TargetFramework=net8.0]
C:\Users\cheat\source\repos\worktrees\pr-481-1763014665\src\ReinforcementLearning\Agents\A3C\A3CAgent.cs(98,32): error CS1061: 'DenseLayer<T>' does not contain a definition for 'GetWeights' and no accessible extension method 'GetWeights' accepting a first argument of type 'DenseLayer<T>' could be found (are you missing a using directive or an assembly reference?) [C:\Users\cheat\source\repos\worktrees\pr-481-1763014665\src\AiDotNet.csproj::TargetFramework=net8.0]
C:\Users\cheat\source\repos\worktrees\pr-481-1763014665\src\ReinforcementLearning\Agents\A3C\A3CAgent.cs(105,9): error CS0200: Property or indexer 'NeuralNetworkArchitecture<T>.Layers' cannot be assigned to -- it is read only [C:\Users\cheat\source\repos\worktrees\pr-481-1763014665\src\AiDotNet.csproj::TargetFramework=net8.0]
C:\Users\cheat\source\repos\worktrees\pr-481-1763014665\src\ReinforcementLearning\Agents\A3C\A3CAgent.cs(111,32): error CS1729: 'NeuralNetworkArchitecture<T>' does not contain a constructor that takes 0 arguments [C:\Users\cheat\source\repos\worktrees\pr-481-1763014665\src\AiDotNet.csproj::TargetFramework=net8.0]
C:\Users\cheat\source\repos\worktrees\pr-481-1763014665\src\ReinforcementLearning\Agents\A3C\A3CAgent.cs(113,13): error CS0200: Property or indexer 'NeuralNetworkArchitecture<T>.TaskType' cannot be assigned to -- it is read only [C:\Users\cheat\source\repos\worktrees\pr-481-1763014665\src\AiDotNet.csproj::TargetFramework=net8.0]
C:\Users\cheat\source\repos\worktrees\pr-481-1763014665\src\ReinforcementLearning\Agents\A3C\A3CAgent.cs(123,9): error CS0200: Property or indexer 'NeuralNetworkArchitecture<T>.Layers' cannot be assigned to -- it is read only [C:\Users\cheat\source\repos\worktrees\pr-481-1763014665\src\AiDotNet.csproj::TargetFramework=net8.0]
C:\Users\cheat\source\repos\worktrees\pr-481-1763014665\src\ReinforcementLearning\Agents\A2C\A2CAgent.cs(231,56): error CS1503: Argument 1: cannot convert from 'AiDotNet.LinearAlgebra.Vector<T>' to 'AiDotNet.LinearAlgebra.Tensor<T>' [C:\Users\cheat\source\repos\worktrees\pr-481-1763014665\src\AiDotNet.csproj::TargetFramework=net8.0]
C:\Users\cheat\source\repos\worktrees\pr-481-1763014665\src\ReinforcementLearning\Agents\A2C\A2CAgent.cs(264,55): error CS1503: Argument 1: cannot convert from 'AiDotNet.LinearAlgebra.Vector<T>' to 'AiDotNet.LinearAlgebra.Tensor<T>' [C:\Users\cheat\source\repos\worktrees\pr-481-1763014665\src\AiDotNet.csproj::TargetFramework=net8.0]
C:\Users\cheat\source\repos\worktrees\pr-481-1763014665\src\ReinforcementLearning\Agents\A2C\A2CAgent.cs(265,62): error CS1503: Argument 1: cannot convert from 'AiDotNet.LinearAlgebra.Tensor<T>' to 'AiDotNet.LinearAlgebra.Vector<T>' [C:\Users\cheat\source\repos\worktrees\pr-481-1763014665\src\AiDotNet.csproj::TargetFramework=net8.0]
C:\Users\cheat\source\repos\worktrees\pr-481-1763014665\src\ReinforcementLearning\Agents\A2C\A2CAgent.cs(266,42): error CS1503: Argument 1: cannot convert from 'AiDotNet.LinearAlgebra.Vector<T>' to 'AiDotNet.LinearAlgebra.Tensor<T>' [C:\Users\cheat\source\repos\worktrees\pr-481-1763014665\src\AiDotNet.csproj::TargetFramework=net8.0]
C:\Users\cheat\source\repos\worktrees\pr-481-1763014665\src\ReinforcementLearning\Agents\A2C\A2CAgent.cs(269,56): error CS1503: Argument 1: cannot convert from 'AiDotNet.LinearAlgebra.Vector<T>' to 'AiDotNet.LinearAlgebra.Tensor<T>' [C:\Users\cheat\source\repos\worktrees\pr-481-1763014665\src\AiDotNet.csproj::TargetFramework=net8.0]
C:\Users\cheat\source\repos\worktrees\pr-481-1763014665\src\ReinforcementLearning\Agents\A2C\A2CAgent.cs(275,41): error CS1503: Argument 1: cannot convert from 'AiDotNet.LinearAlgebra.Vector<T>' to 'AiDotNet.LinearAlgebra.Tensor<T>' [C:\Users\cheat\source\repos\worktrees\pr-481-1763014665\src\AiDotNet.csproj::TargetFramework=net8.0]
C:\Users\cheat\source\repos\worktrees\pr-481-1763014665\src\ReinforcementLearning\Agents\TD3\TD3Agent.cs(106,27): error CS7036: There is no argument given that corresponds to the required parameter 'architecture' of 'NeuralNetwork<T>.NeuralNetwork(NeuralNetworkArchitecture<T>, ILossFunction<T>?)' [C:\Users\cheat\source\repos\worktrees\pr-481-1763014665\src\AiDotNet.csproj::TargetFramework=net8.0]
C:\Users\cheat\source\repos\worktrees\pr-481-1763014665\src\ReinforcementLearning\Agents\TD3\TD3Agent.cs(112,21): error CS7036: There is no argument given that corresponds to the required parameter 'units' of 'NeuralNetworkBase<T>.AddLayer(LayerType, int, ActivationFunction)' [C:\Users\cheat\source\repos\worktrees\pr-481-1763014665\src\AiDotNet.csproj::TargetFramework=net8.0]
C:\Users\cheat\source\repos\worktrees\pr-481-1763014665\src\ReinforcementLearning\Agents\TD3\TD3Agent.cs(113,57): error CS0246: The type or namespace name 'ReLU<>' could not be found (are you missing a using directive or an assembly reference?) [C:\Users\cheat\source\repos\worktrees\pr-481-1763014665\src\AiDotNet.csproj::TargetFramework=net8.0]
C:\Users\cheat\source\repos\worktrees\pr-481-1763014665\src\ReinforcementLearning\Agents\TD3\TD3Agent.cs(113,34): error CS1729: 'ActivationLayer<T>' does not contain a constructor that takes 1 arguments [C:\Users\cheat\source\repos\worktrees\pr-481-1763014665\src\AiDotNet.csproj::TargetFramework=net8.0]
C:\Users\cheat\source\repos\worktrees\pr-481-1763014665\src\ReinforcementLearning\Agents\TD3\TD3Agent.cs(117,17): error CS7036: There is no argument given that corresponds to the required parameter 'units' of 'NeuralNetworkBase<T>.AddLayer(LayerType, int, ActivationFunction)' [C:\Users\cheat\source\repos\worktrees\pr-481-1763014665\src\AiDotNet.csproj::TargetFramework=net8.0]
C:\Users\cheat\source\repos\worktrees\pr-481-1763014665\src\ReinforcementLearning\Agents\A3C\A3CAgent.cs(133,57): error CS1503: Argument 1: cannot convert from 'AiDotNet.LinearAlgebra.Vector<T>' to 'AiDotNet.LinearAlgebra.Tensor<T>' [C:\Users\cheat\source\repos\worktrees\pr-481-1763014665\src\AiDotNet.csproj::TargetFramework=net8.0]
C:\Users\cheat\source\repos\worktrees\pr-481-1763014665\src\ReinforcementLearning\Agents\A2C\A2CAgent.cs(336,36): error CS1061: 'NeuralNetwork<T>' does not contain a definition for 'GetFlattenedGradients' and no accessible extension method 'GetFlattenedGradients' accepting a first argument of type 'NeuralNetwork<T>' could be found (are you missing a using directive or an assembly reference?) [C:\Users\cheat\source\repos\worktrees\pr-481-1763014665\src\AiDotNet.csproj::TargetFramework=net8.0]
C:\Users\cheat\source\repos\worktrees\pr-481-1763014665\src\ReinforcementLearning\Agents\TD3\TD3Agent.cs(129,44): error CS1503: Argument 1: cannot convert from 'AiDotNet.LinearAlgebra.Vector<T>' to 'AiDotNet.LinearAlgebra.Tensor<T>' [C:\Users\cheat\source\repos\worktrees\pr-481-1763014665\src\AiDotNet.csproj::TargetFramework=net8.0]
C:\Users\cheat\source\repos\worktrees\pr-481-1763014665\src\ReinforcementLearning\Agents\TD3\TD3Agent.cs(142,16): error CS0029: Cannot implicitly convert type 'AiDotNet.LinearAlgebra.Tensor<T>' to 'AiDotNet.LinearAlgebra.Vector<T>' [C:\Users\cheat\source\repos\worktrees\pr-481-1763014665\src\AiDotNet.csproj::TargetFramework=net8.0]
C:\Users\cheat\source\repos\worktrees\pr-481-1763014665\src\ReinforcementLearning\Agents\A2C\A2CAgent.cs(350,35): error CS1061: 'NeuralNetwork<T>' does not contain a definition for 'GetFlattenedGradients' and no accessible extension method 'GetFlattenedGradients' accepting a first argument of type 'NeuralNetwork<T>' could be found (are you missing a using directive or an assembly reference?) [C:\Users\cheat\source\repos\worktrees\pr-481-1763014665\src\AiDotNet.csproj::TargetFramework=net8.0]
C:\Users\cheat\source\repos\worktrees\pr-481-1763014665\src\ReinforcementLearning\Agents\TD3\TD3Agent.cs(147,23): error CS1501: No overload for method 'Add' takes 5 arguments [C:\Users\cheat\source\repos\worktrees\pr-481-1763014665\src\AiDotNet.csproj::TargetFramework=net8.0]
C:\Users\cheat\source\repos\worktrees\pr-481-1763014665\src\ReinforcementLearning\Agents\TD3\TD3Agent.cs(161,38): error CS1503: Argument 1: cannot convert from 'System.Collections.Generic.List<AiDotNet.ReinforcementLearning.ReplayBuffers.Experience<T>>' to 'System.Collections.Generic.List<(AiDotNet.LinearAlgebra.Vector<T> state, AiDotNet.LinearAlgebra.Vector<T> action, T reward, AiDotNet.LinearAlgebra.Vector<T> nextState, bool done)>' [C:\Users\cheat\source\repos\worktrees\pr-481-1763014665\src\AiDotNet.csproj::TargetFramework=net8.0]
C:\Users\cheat\source\repos\worktrees\pr-481-1763014665\src\ReinforcementLearning\Agents\TD3\TD3Agent.cs(166,25): error CS1503: Argument 1: cannot convert from 'System.Collections.Generic.List<AiDotNet.ReinforcementLearning.ReplayBuffers.Experience<T>>' to 'System.Collections.Generic.List<(AiDotNet.LinearAlgebra.Vector<T> state, AiDotNet.LinearAlgebra.Vector<T> action, T reward, AiDotNet.LinearAlgebra.Vector<T> nextState, bool done)>' [C:\Users\cheat\source\repos\worktrees\pr-481-1763014665\src\AiDotNet.csproj::TargetFramework=net8.0]
C:\Users\cheat\source\repos\worktrees\pr-481-1763014665\src\ReinforcementLearning\Agents\A2C\A2CAgent.cs(363,51): error CS1503: Argument 1: cannot convert from 'AiDotNet.LinearAlgebra.Vector<T>' to 'AiDotNet.LinearAlgebra.Tensor<T>' [C:\Users\cheat\source\repos\worktrees\pr-481-1763014665\src\AiDotNet.csproj::TargetFramework=net8.0]
C:\Users\cheat\source\repos\worktrees\pr-481-1763014665\src\ReinforcementLearning\Agents\A2C\A2CAgent.cs(379,33): error CS1503: Argument 1: cannot convert from 'AiDotNet.LinearAlgebra.Tensor<T>' to 'AiDotNet.LinearAlgebra.Vector<T>' [C:\Users\cheat\source\repos\worktrees\pr-481-1763014665\src\AiDotNet.csproj::TargetFramework=net8.0]
C:\Users\cheat\source\repos\worktrees\pr-481-1763014665\src\ReinforcementLearning\Agents\A3C\A3CAgent.cs(252,40): error CS1061: 'INeuralNetwork<T>' does not contain a definition for 'Forward' and no accessible extension method 'Forward' accepting a first argument of type 'INeuralNetwork<T>' could be found (are you missing a using directive or an assembly reference?) [C:\Users\cheat\source\repos\worktrees\pr-481-1763014665\src\AiDotNet.csproj::TargetFramework=net8.0]
C:\Users\cheat\source\repos\worktrees\pr-481-1763014665\src\ReinforcementLearning\Agents\A3C\A3CAgent.cs(255,32): error CS1503: Argument 1: cannot convert from '(AiDotNet.LinearAlgebra.Vector<T>, AiDotNet.LinearAlgebra.Vector<T>, T, bool, ?)' to '(AiDotNet.LinearAlgebra.Vector<T> state, AiDotNet.LinearAlgebra.Vector<T> action, T reward, bool done, T value)' [C:\Users\cheat\source\repos\worktrees\pr-481-1763014665\src\AiDotNet.csproj::TargetFramework=net8.0]
C:\Users\cheat\source\repos\worktrees\pr-481-1763014665\src\ReinforcementLearning\Agents\A3C\A3CAgent.cs(280,35): error CS1061: 'INeuralNetwork<T>' does not contain a definition for 'Forward' and no accessible extension method 'Forward' accepting a first argument of type 'INeuralNetwork<T>' could be found (are you missing a using directive or an assembly reference?) [C:\Users\cheat\source\repos\worktrees\pr-481-1763014665\src\AiDotNet.csproj::TargetFramework=net8.0]
C:\Users\cheat\source\repos\worktrees\pr-481-1763014665\src\ReinforcementLearning\Agents\A3C\A3CAgent.cs(294,38): error CS1061: 'INeuralNetwork<T>' does not contain a definition for 'Forward' and no accessible extension method 'Forward' accepting a first argument of type 'INeuralNetwork<T>' could be found (are you missing a using directive or an assembly reference?) [C:\Users\cheat\source\repos\worktrees\pr-481-1763014665\src\AiDotNet.csproj::TargetFramework=net8.0]
C:\Users\cheat\source\repos\worktrees\pr-481-1763014665\src\ReinforcementLearning\Agents\TD3\TD3Agent.cs(184,58): error CS1503: Argument 1: cannot convert from 'AiDotNet.LinearAlgebra.Vector<T>' to 'AiDotNet.LinearAlgebra.Tensor<T>' [C:\Users\cheat\source\repos\worktrees\pr-481-1763014665\src\AiDotNet.csproj::TargetFramework=net8.0]
C:\Users\cheat\source\repos\worktrees\pr-481-1763014665\src\ReinforcementLearning\Agents\TD3\TD3Agent.cs(196,80): error CS1503: Argument 2: cannot convert from 'AiDotNet.LinearAlgebra.Tensor<T>' to 'AiDotNet.LinearAlgebra.Vector<T>' [C:\Users\cheat\source\repos\worktrees\pr-481-1763014665\src\AiDotNet.csproj::TargetFramework=net8.0]
C:\Users\cheat\source\repos\worktrees\pr-481-1763014665\src\ReinforcementLearning\Agents\TD3\TD3Agent.cs(199,58): error CS1503: Argument 1: cannot convert from 'AiDotNet.LinearAlgebra.Vector<T>' to 'AiDotNet.LinearAlgebra.Tensor<T>' [C:\Users\cheat\source\repos\worktrees\pr-481-1763014665\src\AiDotNet.csproj::TargetFramework=net8.0]
C:\Users\cheat\source\repos\worktrees\pr-481-1763014665\src\ReinforcementLearning\Agents\TD3\TD3Agent.cs(200,58): error CS1503: Argument 1: cannot convert from 'AiDotNet.LinearAlgebra.Vector<T>' to 'AiDotNet.LinearAlgebra.Tensor<T>' [C:\Users\cheat\source\repos\worktrees\pr-481-1763014665\src\AiDotNet.csproj::TargetFramework=net8.0]
C:\Users\cheat\source\repos\worktrees\pr-481-1763014665\src\ReinforcementLearning\Agents\TD3\TD3Agent.cs(207,38): error CS1061: '(Vector<T> state, Vector<T> action, T reward, Vector<T> nextState, bool done)' does not contain a definition for 'Reward' and no accessible extension method 'Reward' accepting a first argument of type '(Vector<T> state, Vector<T> action, T reward, Vector<T> nextState, bool done)' could be found (are you missing a using directive or an assembly reference?) [C:\Users\cheat\source\repos\worktrees\pr-481-1763014665\src\AiDotNet.csproj::TargetFramework=net8.0]
C:\Users\cheat\source\repos\worktrees\pr-481-1763014665\src\ReinforcementLearning\Agents\TD3\TD3Agent.cs(212,50): error CS1061: '(Vector<T> state, Vector<T> action, T reward, Vector<T> nextState, bool done)' does not contain a definition for 'Reward' and no accessible extension method 'Reward' accepting a first argument of type '(Vector<T> state, Vector<T> action, T reward, Vector<T> nextState, bool done)' could be found (are you missing a using directive or an assembly reference?) [C:\Users\cheat\source\repos\worktrees\pr-481-1763014665\src\AiDotNet.csproj::TargetFramework=net8.0]
C:\Users\cheat\source\repos\worktrees\pr-481-1763014665\src\ReinforcementLearning\Agents\TD3\TD3Agent.cs(216,83): error CS1061: '(Vector<T> state, Vector<T> action, T reward, Vector<T> nextState, bool done)' does not contain a definition for 'Action' and no accessible extension method 'Action' accepting a first argument of type '(Vector<T> state, Vector<T> action, T reward, Vector<T> nextState, bool done)' could be found (are you missing a using directive or an assembly reference?) [C:\Users\cheat\source\repos\worktrees\pr-481-1763014665\src\AiDotNet.csproj::TargetFramework=net8.0]
C:\Users\cheat\source\repos\worktrees\pr-481-1763014665\src\ReinforcementLearning\Agents\TD3\TD3Agent.cs(219,51): error CS1503: Argument 1: cannot convert from 'AiDotNet.LinearAlgebra.Vector<T>' to 'AiDotNet.LinearAlgebra.Tensor<T>' [C:\Users\cheat\source\repos\worktrees\pr-481-1763014665\src\AiDotNet.csproj::TargetFramework=net8.0]
C:\Users\cheat\source\repos\worktrees\pr-481-1763014665\src\ReinforcementLearning\Agents\TD3\TD3Agent.cs(223,43): error CS1503: Argument 1: cannot convert from 'AiDotNet.LinearAlgebra.Vector<T>' to 'AiDotNet.LinearAlgebra.Tensor<T>' [C:\Users\cheat\source\repos\worktrees\pr-481-1763014665\src\AiDotNet.csproj::TargetFramework=net8.0]
C:\Users\cheat\source\repos\worktrees\pr-481-1763014665\src\ReinforcementLearning\Agents\TD3\TD3Agent.cs(224,46): error CS1503: Argument 1: cannot convert from 'T' to 'AiDotNet.LinearAlgebra.Vector<T>' [C:\Users\cheat\source\repos\worktrees\pr-481-1763014665\src\AiDotNet.csproj::TargetFramework=net8.0]
C:\Users\cheat\source\repos\worktrees\pr-481-1763014665\src\ReinforcementLearning\Agents\TD3\TD3Agent.cs(227,51): error CS1503: Argument 1: cannot convert from 'AiDotNet.LinearAlgebra.Vector<T>' to 'AiDotNet.LinearAlgebra.Tensor<T>' [C:\Users\cheat\source\repos\worktrees\pr-481-1763014665\src\AiDotNet.csproj::TargetFramework=net8.0]
C:\Users\cheat\source\repos\worktrees\pr-481-1763014665\src\ReinforcementLearning\Agents\TD3\TD3Agent.cs(231,43): error CS1503: Argument 1: cannot convert from 'AiDotNet.LinearAlgebra.Vector<T>' to 'AiDotNet.LinearAlgebra.Tensor<T>' [C:\Users\cheat\source\repos\worktrees\pr-481-1763014665\src\AiDotNet.csproj::TargetFramework=net8.0]
C:\Users\cheat\source\repos\worktrees\pr-481-1763014665\src\ReinforcementLearning\Agents\TD3\TD3Agent.cs(232,46): error CS1503: Argument 1: cannot convert from 'T' to 'AiDotNet.LinearAlgebra.Vector<T>' [C:\Users\cheat\source\repos\worktrees\pr-481-1763014665\src\AiDotNet.csproj::TargetFramework=net8.0]
C:\Users\cheat\source\repos\worktrees\pr-481-1763014665\src\ReinforcementLearning\Agents\TD3\TD3Agent.cs(248,48): error CS1503: Argument 1: cannot convert from 'AiDotNet.LinearAlgebra.Vector<T>' to 'AiDotNet.LinearAlgebra.Tensor<T>' [C:\Users\cheat\source\repos\worktrees\pr-481-1763014665\src\AiDotNet.csproj::TargetFramework=net8.0]
C:\Users\cheat\source\repos\worktrees\pr-481-1763014665\src\ReinforcementLearning\Agents\TD3\TD3Agent.cs(251,72): error CS1503: Argument 2: cannot convert from 'AiDotNet.LinearAlgebra.Tensor<T>' to 'AiDotNet.LinearAlgebra.Vector<T>' [C:\Users\cheat\source\repos\worktrees\pr-481-1763014665\src\AiDotNet.csproj::TargetFramework=net8.0]
C:\Users\cheat\source\repos\worktrees\pr-481-1763014665\src\ReinforcementLearning\Agents\TD3\TD3Agent.cs(254,50): error CS1503: Argument 1: cannot convert from 'AiDotNet.LinearAlgebra.Vector<T>' to 'AiDotNet.LinearAlgebra.Tensor<T>' [C:\Users\cheat\source\repos\worktrees\pr-481-1763014665\src\AiDotNet.csproj::TargetFramework=net8.0]
C:\Users\cheat\source\repos\worktrees\pr-481-1763014665\src\ReinforcementLearning\Agents\TD3\TD3Agent.cs(261,64): error CS1503: Argument 1: cannot convert from 'AiDotNet.LinearAlgebra.Vector<T>' to 'AiDotNet.LinearAlgebra.Tensor<T>' [C:\Users\cheat\source\repos\worktrees\pr-481-1763014665\src\AiDotNet.csproj::TargetFramework=net8.0]
C:\Users\cheat\source\repos\worktrees\pr-481-1763014665\src\ReinforcementLearning\Agents\TD3\TD3Agent.cs(271,41): error CS1503: Argument 1: cannot convert from 'AiDotNet.LinearAlgebra.Vector<T>' to 'AiDotNet.LinearAlgebra.Tensor<T>' [C:\Users\cheat\source\repos\worktrees\pr-481-1763014665\src\AiDotNet.csproj::TargetFramework=net8.0]
C:\Users\cheat\source\repos\worktrees\pr-481-1763014665\src\ReinforcementLearning\Agents\TD3\TD3Agent.cs(272,44): error CS1503: Argument 1: cannot convert from 'T' to 'AiDotNet.LinearAlgebra.Vector<T>' [C:\Users\cheat\source\repos\worktrees\pr-481-1763014665\src\AiDotNet.csproj::TargetFramework=net8.0]
C:\Users\cheat\source\repos\worktrees\pr-481-1763014665\src\ReinforcementLearning\Agents\A3C\A3CAgent.cs(358,44): error CS1061: 'INeuralNetwork<T>' does not contain a definition for 'Forward' and no accessible extension method 'Forward' accepting a first argument of type 'INeuralNetwork<T>' could be found (are you missing a using directive or an assembly reference?) [C:\Users\cheat\source\repos\worktrees\pr-481-1763014665\src\AiDotNet.csproj::TargetFramework=net8.0]
C:\Users\cheat\source\repos\worktrees\pr-481-1763014665\src\ReinforcementLearning\Agents\A3C\A3CAgent.cs(360,25): error CS1061: 'INeuralNetwork<T>' does not contain a definition for 'Backpropagate' and no accessible extension method 'Backpropagate' accepting a first argument of type 'INeuralNetwork<T>' could be found (are you missing a using directive or an assembly reference?) [C:\Users\cheat\source\repos\worktrees\pr-481-1763014665\src\AiDotNet.csproj::TargetFramework=net8.0]
C:\Users\cheat\source\repos\worktrees\pr-481-1763014665\src\ReinforcementLearning\Agents\A3C\A3CAgent.cs(363,45): error CS1061: 'INeuralNetwork<T>' does not contain a definition for 'Forward' and no accessible extension method 'Forward' accepting a first argument of type 'INeuralNetwork<T>' could be found (are you missing a using directive or an assembly reference?) [C:\Users\cheat\source\repos\worktrees\pr-481-1763014665\src\AiDotNet.csproj::TargetFramework=net8.0]
C:\Users\cheat\source\repos\worktrees\pr-481-1763014665\src\ReinforcementLearning\Agents\A3C\A3CAgent.cs(369,24): error CS1061: 'INeuralNetwork<T>' does not contain a definition for 'Backpropagate' and no accessible extension method 'Backpropagate' accepting a first argument of type 'INeuralNetwork<T>' could be found (are you missing a using directive or an assembly reference?) [C:\Users\cheat\source\repos\worktrees\pr-481-1763014665\src\AiDotNet.csproj::TargetFramework=net8.0]
C:\Users\cheat\source\repos\worktrees\pr-481-1763014665\src\ReinforcementLearning\Agents\A3C\A3CAgent.cs(373,33): error CS0103: The name '_policyNetwork' does not exist in the current context [C:\Users\cheat\source\repos\worktrees\pr-481-1763014665\src\AiDotNet.csproj::TargetFramework=net8.0]
C:\Users\cheat\source\repos\worktrees\pr-481-1763014665\src\ReinforcementLearning\Agents\A3C\A3CAgent.cs(373,62): error CS0103: The name '_a3cOptions' does not exist in the current context [C:\Users\cheat\source\repos\worktrees\pr-481-1763014665\src\AiDotNet.csproj::TargetFramework=net8.0]
C:\Users\cheat\source\repos\worktrees\pr-481-1763014665\src\ReinforcementLearning\Agents\A3C\A3CAgent.cs(374,33): error CS0103: The name '_valueNetwork' does not exist in the current context [C:\Users\cheat\source\repos\worktrees\pr-481-1763014665\src\AiDotNet.csproj::TargetFramework=net8.0]
C:\Users\cheat\source\repos\worktrees\pr-481-1763014665\src\ReinforcementLearning\Agents\A3C\A3CAgent.cs(374,60): error CS0103: The name '_a3cOptions' does not exist in the current context [C:\Users\cheat\source\repos\worktrees\pr-481-1763014665\src\AiDotNet.csproj::TargetFramework=net8.0]
C:\Users\cheat\source\repos\worktrees\pr-481-1763014665\src\ReinforcementLearning\Agents\TD3\TD3Agent.cs(285,35): error CS1061: 'NeuralNetwork<T>' does not contain a definition for 'GetLayers' and no accessible extension method 'GetLayers' accepting a first argument of type 'NeuralNetwork<T>' could be found (are you missing a using directive or an assembly reference?) [C:\Users\cheat\source\repos\worktrees\pr-481-1763014665\src\AiDotNet.csproj::TargetFramework=net8.0]
C:\Users\cheat\source\repos\worktrees\pr-481-1763014665\src\ReinforcementLearning\Agents\TD3\TD3Agent.cs(286,35): error CS1061: 'NeuralNetwork<T>' does not contain a definition for 'GetLayers' and no accessible extension method 'GetLayers' accepting a first argument of type 'NeuralNetwork<T>' could be found (are you missing a using directive or an assembly reference?) [C:\Users\cheat\source\repos\worktrees\pr-481-1763014665\src\AiDotNet.csproj::TargetFramework=net8.0]
C:\Users\cheat\source\repos\worktrees\pr-481-1763014665\src\ReinforcementLearning\Agents\TD3\TD3Agent.cs(292,49): error CS1061: 'DenseLayer<T>' does not contain a definition for 'GetWeights' and no accessible extension method 'GetWeights' accepting a first argument of type 'DenseLayer<T>' could be found (are you missing a using directive or an assembly reference?) [C:\Users\cheat\source\repos\worktrees\pr-481-1763014665\src\AiDotNet.csproj::TargetFramework=net8.0]
C:\Users\cheat\source\repos\worktrees\pr-481-1763014665\src\ReinforcementLearning\Agents\TD3\TD3Agent.cs(293,48): error CS1061: 'DenseLayer<T>' does not contain a definition for 'GetBiases' and no accessible extension method 'GetBiases' accepting a first argument of type 'DenseLayer<T>' could be found (are you missing a using directive or an assembly reference?) [C:\Users\cheat\source\repos\worktrees\pr-481-1763014665\src\AiDotNet.csproj::TargetFramework=net8.0]
C:\Users\cheat\source\repos\worktrees\pr-481-1763014665\src\ReinforcementLearning\Agents\TD3\TD3Agent.cs(294,49): error CS1061: 'DenseLayer<T>' does not contain a definition for 'GetWeights' and no accessible extension method 'GetWeights' accepting a first argument of type 'DenseLayer<T>' could be found (are you missing a using directive or an assembly reference?) [C:\Users\cheat\source\repos\worktrees\pr-481-1763014665\src\AiDotNet.csproj::TargetFramework=net8.0]
C:\Users\cheat\source\repos\worktrees\pr-481-1763014665\src\ReinforcementLearning\Agents\TD3\TD3Agent.cs(295,48): error CS1061: 'DenseLayer<T>' does not contain a definition for 'GetBiases' and no accessible extension method 'GetBiases' accepting a first argument of type 'DenseLayer<T>' could be found (are you missing a using directive or an assembly reference?) [C:\Users\cheat\source\repos\worktrees\pr-481-1763014665\src\AiDotNet.csproj::TargetFramework=net8.0]
C:\Users\cheat\source\repos\worktrees\pr-481-1763014665\src\ReinforcementLearning\Agents\TD3\TD3Agent.cs(310,26): error CS0136: A local or parameter named 'i' cannot be declared in this scope because that name is used in an enclosing local scope to define a local or parameter [C:\Users\cheat\source\repos\worktrees\pr-481-1763014665\src\AiDotNet.csproj::TargetFramework=net8.0]
C:\Users\cheat\source\repos\worktrees\pr-481-1763014665\src\ReinforcementLearning\Agents\TD3\TD3Agent.cs(318,29): error CS1061: 'DenseLayer<T>' does not contain a definition for 'SetBiases' and no accessible extension method 'SetBiases' accepting a first argument of type 'DenseLayer<T>' could be found (are you missing a using directive or an assembly reference?) [C:\Users\cheat\source\repos\worktrees\pr-481-1763014665\src\AiDotNet.csproj::TargetFramework=net8.0]
C:\Users\cheat\source\repos\worktrees\pr-481-1763014665\src\ReinforcementLearning\Agents\A3C\A3CAgent.cs(383,13): error CS0103: The name '_a3cOptions' does not exist in the current context [C:\Users\cheat\source\repos\worktrees\pr-481-1763014665\src\AiDotNet.csproj::TargetFramework=net8.0]
C:\Users\cheat\source\repos\worktrees\pr-481-1763014665\src\ReinforcementLearning\Agents\TD3\TD3Agent.cs(325,35): error CS1061: 'NeuralNetwork<T>' does not contain a definition for 'GetLayers' and no accessible extension method 'GetLayers' accepting a first argument of type 'NeuralNetwork<T>' could be found (are you missing a using directive or an assembly reference?) [C:\Users\cheat\source\repos\worktrees\pr-481-1763014665\src\AiDotNet.csproj::TargetFramework=net8.0]
C:\Users\cheat\source\repos\worktrees\pr-481-1763014665\src\ReinforcementLearning\Agents\TD3\TD3Agent.cs(326,35): error CS1061: 'NeuralNetwork<T>' does not contain a definition for 'GetLayers' and no accessible extension method 'GetLayers' accepting a first argument of type 'NeuralNetwork<T>' could be found (are you missing a using directive or an assembly reference?) [C:\Users\cheat\source\repos\worktrees\pr-481-1763014665\src\AiDotNet.csproj::TargetFramework=net8.0]
C:\Users\cheat\source\repos\worktrees\pr-481-1763014665\src\ReinforcementLearning\Agents\TD3\TD3Agent.cs(332,52): error CS1061: 'DenseLayer<T>' does not contain a definition for 'GetWeights' and no accessible extension method 'GetWeights' accepting a first argument of type 'DenseLayer<T>' could be found (are you missing a using directive or an assembly reference?) [C:\Users\cheat\source\repos\worktrees\pr-481-1763014665\src\AiDotNet.csproj::TargetFramework=net8.0]
C:\Users\cheat\source\repos\worktrees\pr-481-1763014665\src\ReinforcementLearning\Agents\TD3\TD3Agent.cs(333,51): error CS1061: 'DenseLayer<T>' does not contain a definition for 'GetBiases' and no accessible extension method 'GetBiases' accepting a first argument of type 'DenseLayer<T>' could be found (are you missing a using directive or an assembly reference?) [C:\Users\cheat\source\repos\worktrees\pr-481-1763014665\src\AiDotNet.csproj::TargetFramework=net8.0]
C:\Users\cheat\source\repos\worktrees\pr-481-1763014665\src\ReinforcementLearning\Agents\TD3\TD3Agent.cs(333,29): error CS1061: 'DenseLayer<T>' does not contain a definition for 'SetBiases' and no accessible extension method 'SetBiases' accepting a first argument of type 'DenseLayer<T>' could be found (are you missing a using directive or an assembly reference?) [C:\Users\cheat\source\repos\worktrees\pr-481-1763014665\src\AiDotNet.csproj::TargetFramework=net8.0]
C:\Users\cheat\source\repos\worktrees\pr-481-1763014665\src\ReinforcementLearning\Agents\A3C\A3CAgent.cs(467,39): error CS1061: 'INeuralNetwork<T>' does not contain a definition for 'GetFlattenedGradients' and no accessible extension method 'GetFlattenedGradients' accepting a first argument of type 'INeuralNetwork<T>' could be found (are you missing a using directive or an assembly reference?) [C:\Users\cheat\source\repos\worktrees\pr-481-1763014665\src\AiDotNet.csproj::TargetFramework=net8.0]
C:\Users\cheat\source\repos\worktrees\pr-481-1763014665\src\ReinforcementLearning\Agents\A2C\A2CAgent.cs(631,24): error CS1061: 'INumericOperations<T>' does not contain a definition for 'Compare' and no accessible extension method 'Compare' accepting a first argument of type 'INumericOperations<T>' could be found (are you missing a using directive or an assembly reference?) [C:\Users\cheat\source\repos\worktrees\pr-481-1763014665\src\AiDotNet.csproj::TargetFramework=net8.0]
C:\Users\cheat\source\repos\worktrees\pr-481-1763014665\src\ReinforcementLearning\Agents\TD3\TD3Agent.cs(467,16): error CS0029: Cannot implicitly convert type '(AiDotNet.LinearAlgebra.Vector<T>, T Zero)' to 'AiDotNet.LinearAlgebra.Vector<T>' [C:\Users\cheat\source\repos\worktrees\pr-481-1763014665\src\AiDotNet.csproj::TargetFramework=net8.0]
C:\Users\cheat\source\repos\worktrees\pr-481-1763014665\src\ReinforcementLearning\Agents\CQL\CQLAgent.cs(55,46): error CS1729: 'DeepReinforcementLearningAgentBase<T>' does not contain a constructor that takes 2 arguments [C:\Users\cheat\source\repos\worktrees\pr-481-1763014665\src\AiDotNet.csproj::TargetFramework=net8.0]
C:\Users\cheat\source\repos\worktrees\pr-481-1763014665\src\ReinforcementLearning\Agents\CQL\CQLAgent.cs(55,12): error CS8618: Non-nullable field '_policyNetwork' must contain a non-null value when exiting constructor. Consider adding the 'required' modifier or declaring the field as nullable. [C:\Users\cheat\source\repos\worktrees\pr-481-1763014665\src\AiDotNet.csproj::TargetFramework=net8.0]
C:\Users\cheat\source\repos\worktrees\pr-481-1763014665\src\ReinforcementLearning\Agents\CQL\CQLAgent.cs(55,12): error CS8618: Non-nullable field '_q1Network' must contain a non-null value when exiting constructor. Consider adding the 'required' modifier or declaring the field as nullable. [C:\Users\cheat\source\repos\worktrees\pr-481-1763014665\src\AiDotNet.csproj::TargetFramework=net8.0]
C:\Users\cheat\source\repos\worktrees\pr-481-1763014665\src\ReinforcementLearning\Agents\CQL\CQLAgent.cs(55,12): error CS8618: Non-nullable field '_q2Network' must contain a non-null value when exiting constructor. Consider adding the 'required' modifier or declaring the field as nullable. [C:\Users\cheat\source\repos\worktrees\pr-481-1763014665\src\AiDotNet.csproj::TargetFramework=net8.0]
C:\Users\cheat\source\repos\worktrees\pr-481-1763014665\src\ReinforcementLearning\Agents\CQL\CQLAgent.cs(55,12): error CS8618: Non-nullable field '_targetQ1Network' must contain a non-null value when exiting constructor. Consider adding the 'required' modifier or declaring the field as nullable. [C:\Users\cheat\source\repos\worktrees\pr-481-1763014665\src\AiDotNet.csproj::TargetFramework=net8.0]
C:\Users\cheat\source\repos\worktrees\pr-481-1763014665\src\ReinforcementLearning\Agents\CQL\CQLAgent.cs(55,12): error CS8618: Non-nullable field '_targetQ2Network' must contain a non-null value when exiting constructor. Consider adding the 'required' modifier or declaring the field as nullable. [C:\Users\cheat\source\repos\worktrees\pr-481-1763014665\src\AiDotNet.csproj::TargetFramework=net8.0]
C:\Users\cheat\source\repos\worktrees\pr-481-1763014665\src\ReinforcementLearning\Agents\CQL\CQLAgent.cs(55,12): error CS8618: Non-nullable field '_offlineBuffer' must contain a non-null value when exiting constructor. Consider adding the 'required' modifier or declaring the field as nullable. [C:\Users\cheat\source\repos\worktrees\pr-481-1763014665\src\AiDotNet.csproj::TargetFramework=net8.0]
C:\Users\cheat\source\repos\worktrees\pr-481-1763014665\src\ReinforcementLearning\Agents\Bandits\UCBBanditAgent.cs(127,218): error CS1503: Argument 1: cannot convert from 'AiDotNet.LinearAlgebra.Matrix<T>' to 'AiDotNet.LinearAlgebra.Vector<T>' [C:\Users\cheat\source\repos\worktrees\pr-481-1763014665\src\AiDotNet.csproj::TargetFramework=net8.0]
C:\Users\cheat\source\repos\worktrees\pr-481-1763014665\src\ReinforcementLearning\Agents\Bandits\UCBBanditAgent.cs(127,249): error CS1503: Argument 2: cannot convert from 'AiDotNet.LinearAlgebra.Matrix<T>' to 'AiDotNet.LinearAlgebra.Vector<T>' [C:\Users\cheat\source\repos\worktrees\pr-481-1763014665\src\AiDotNet.csproj::TargetFramework=net8.0]
C:\Users\cheat\source\repos\worktrees\pr-481-1763014665\src\ReinforcementLearning\Agents\Bandits\UCBBanditAgent.cs(127,317): error CS1503: Argument 1: cannot convert from 'AiDotNet.LinearAlgebra.Matrix<T>' to 'AiDotNet.LinearAlgebra.Vector<T>' [C:\Users\cheat\source\repos\worktrees\pr-481-1763014665\src\AiDotNet.csproj::TargetFramework=net8.0]
C:\Users\cheat\source\repos\worktrees\pr-481-1763014665\src\ReinforcementLearning\Agents\Bandits\UCBBanditAgent.cs(127,348): error CS1503: Argument 2: cannot convert from 'AiDotNet.LinearAlgebra.Matrix<T>' to 'AiDotNet.LinearAlgebra.Vector<T>' [C:\Users\cheat\source\repos\worktrees\pr-481-1763014665\src\AiDotNet.csproj::TargetFramework=net8.0]
C:\Users\cheat\source\repos\worktrees\pr-481-1763014665\src\ReinforcementLearning\Agents\AdvancedRL\LinearQLearningAgent.cs(189,37): error CS1503: Argument 1: cannot convert from 'AiDotNet.LinearAlgebra.Matrix<T>' to 'AiDotNet.LinearAlgebra.Vector<T>' [C:\Users\cheat\source\repos\worktrees\pr-481-1763014665\src\AiDotNet.csproj::TargetFramework=net8.0]
C:\Users\cheat\source\repos\worktrees\pr-481-1763014665\src\ReinforcementLearning\Agents\AdvancedRL\LinearQLearningAgent.cs(189,68): error CS1503: Argument 2: cannot convert from 'AiDotNet.LinearAlgebra.Matrix<T>' to 'AiDotNet.LinearAlgebra.Vector<T>' [C:\Users\cheat\source\repos\worktrees\pr-481-1763014665\src\AiDotNet.csproj::TargetFramework=net8.0]
C:\Users\cheat\source\repos\worktrees\pr-481-1763014665\src\ReinforcementLearning\Agents\AdvancedRL\LinearQLearningAgent.cs(190,43): error CS1503: Argument 1: cannot convert from 'AiDotNet.LinearAlgebra.Matrix<T>' to 'AiDotNet.LinearAlgebra.Vector<T>' [C:\Users\cheat\source\repos\worktrees\pr-481-1763014665\src\AiDotNet.csproj::TargetFramework=net8.0]
C:\Users\cheat\source\repos\worktrees\pr-481-1763014665\src\ReinforcementLearning\Agents\AdvancedRL\LinearQLearningAgent.cs(190,74): error CS1503: Argument 2: cannot convert from 'AiDotNet.LinearAlgebra.Matrix<T>' to 'AiDotNet.LinearAlgebra.Vector<T>' [C:\Users\cheat\source\repos\worktrees\pr-481-1763014665\src\AiDotNet.csproj::TargetFramework=net8.0]
C:\Users\cheat\source\repos\worktrees\pr-481-1763014665\src\ReinforcementLearning\Agents\CQL\CQLAgent.cs(83,27): error CS7036: There is no argument given that corresponds to the required parameter 'architecture' of 'NeuralNetwork<T>.NeuralNetwork(NeuralNetworkArchitecture<T>, ILossFunction<T>?)' [C:\Users\cheat\source\repos\worktrees\pr-481-1763014665\src\AiDotNet.csproj::TargetFramework=net8.0]
C:\Users\cheat\source\repos\worktrees\pr-481-1763014665\src\ReinforcementLearning\Agents\CQL\CQLAgent.cs(88,21): error CS7036: There is no argument given that corresponds to the required parameter 'units' of 'NeuralNetworkBase<T>.AddLayer(LayerType, int, ActivationFunction)' [C:\Users\cheat\source\repos\worktrees\pr-481-1763014665\src\AiDotNet.csproj::TargetFramework=net8.0]
C:\Users\cheat\source\repos\worktrees\pr-481-1763014665\src\ReinforcementLearning\Agents\CQL\CQLAgent.cs(89,57): error CS0246: The type or namespace name 'ReLU<>' could not be found (are you missing a using directive or an assembly reference?) [C:\Users\cheat\source\repos\worktrees\pr-481-1763014665\src\AiDotNet.csproj::TargetFramework=net8.0]
C:\Users\cheat\source\repos\worktrees\pr-481-1763014665\src\ReinforcementLearning\Agents\CQL\CQLAgent.cs(89,34): error CS1729: 'ActivationLayer<T>' does not contain a constructor that takes 1 arguments [C:\Users\cheat\source\repos\worktrees\pr-481-1763014665\src\AiDotNet.csproj::TargetFramework=net8.0]
C:\Users\cheat\source\repos\worktrees\pr-481-1763014665\src\ReinforcementLearning\Agents\CQL\CQLAgent.cs(94,17): error CS7036: There is no argument given that corresponds to the required parameter 'units' of 'NeuralNetworkBase<T>.AddLayer(LayerType, int, ActivationFunction)' [C:\Users\cheat\source\repos\worktrees\pr-481-1763014665\src\AiDotNet.csproj::TargetFramework=net8.0]
C:\Users\cheat\source\repos\worktrees\pr-481-1763014665\src\ReinforcementLearning\Agents\CQL\CQLAgent.cs(101,27): error CS7036: There is no argument given that corresponds to the required parameter 'architecture' of 'NeuralNetwork<T>.NeuralNetwork(NeuralNetworkArchitecture<T>, ILossFunction<T>?)' [C:\Users\cheat\source\repos\worktrees\pr-481-1763014665\src\AiDotNet.csproj::TargetFramework=net8.0]
C:\Users\cheat\source\repos\worktrees\pr-481-1763014665\src\ReinforcementLearning\Agents\CQL\CQLAgent.cs(107,21): error CS7036: There is no argument given that corresponds to the required parameter 'units' of 'NeuralNetworkBase<T>.AddLayer(LayerType, int, ActivationFunction)' [C:\Users\cheat\source\repos\worktrees\pr-481-1763014665\src\AiDotNet.csproj::TargetFramework=net8.0]
C:\Users\cheat\source\repos\worktrees\pr-481-1763014665\src\ReinforcementLearning\Agents\CQL\CQLAgent.cs(108,57): error CS0246: The type or namespace name 'ReLU<>' could not be found (are you missing a using directive or an assembly reference?) [C:\Users\cheat\source\repos\worktrees\pr-481-1763014665\src\AiDotNet.csproj::TargetFramework=net8.0]
C:\Users\cheat\source\repos\worktrees\pr-481-1763014665\src\ReinforcementLearning\Agents\CQL\CQLAgent.cs(108,34): error CS1729: 'ActivationLayer<T>' does not contain a constructor that takes 1 arguments [C:\Users\cheat\source\repos\worktrees\pr-481-1763014665\src\AiDotNet.csproj::TargetFramework=net8.0]
C:\Users\cheat\source\repos\worktrees\pr-481-1763014665\src\ReinforcementLearning\Agents\CQL\CQLAgent.cs(112,17): error CS7036: There is no argument given that corresponds to the required parameter 'units' of 'NeuralNetworkBase<T>.AddLayer(LayerType, int, ActivationFunction)' [C:\Users\cheat\source\repos\worktrees\pr-481-1763014665\src\AiDotNet.csproj::TargetFramework=net8.0]
C:\Users\cheat\source\repos\worktrees\pr-481-1763014665\src\ReinforcementLearning\Agents\CQL\CQLAgent.cs(129,28): error CS1501: No overload for method 'Add' takes 5 arguments [C:\Users\cheat\source\repos\worktrees\pr-481-1763014665\src\AiDotNet.csproj::TargetFramework=net8.0]
C:\Users\cheat\source\repos\worktrees\pr-481-1763014665\src\ReinforcementLearning\Agents\TabularQLearning\TabularQLearningAgent.cs(176,25): error CS0029: Cannot implicitly convert type 'string' to 'AiDotNet.Enums.ModelType' [C:\Users\cheat\source\repos\worktrees\pr-481-1763014665\src\AiDotNet.csproj::TargetFramework=net8.0]
C:\Users\cheat\source\repos\worktrees\pr-481-1763014665\src\ReinforcementLearning\Agents\Bandits\EpsilonGreedyBanditAgent.cs(107,218): error CS1503: Argument 1: cannot convert from 'AiDotNet.LinearAlgebra.Matrix<T>' to 'AiDotNet.LinearAlgebra.Vector<T>' [C:\Users\cheat\source\repos\worktrees\pr-481-1763014665\src\AiDotNet.csproj::TargetFramework=net8.0]
C:\Users\cheat\source\repos\worktrees\pr-481-1763014665\src\ReinforcementLearning\Agents\Bandits\EpsilonGreedyBanditAgent.cs(107,249): error CS1503: Argument 2: cannot convert from 'AiDotNet.LinearAlgebra.Matrix<T>' to 'AiDotNet.LinearAlgebra.Vector<T>' [C:\Users\cheat\source\repos\worktrees\pr-481-1763014665\src\AiDotNet.csproj::TargetFramework=net8.0]
C:\Users\cheat\source\repos\worktrees\pr-481-1763014665\src\ReinforcementLearning\Agents\Bandits\EpsilonGreedyBanditAgent.cs(107,317): error CS1503: Argument 1: cannot convert from 'AiDotNet.LinearAlgebra.Matrix<T>' to 'AiDotNet.LinearAlgebra.Vector<T>' [C:\Users\cheat\source\repos\worktrees\pr-481-1763014665\src\AiDotNet.csproj::TargetFramework=net8.0]
C:\Users\cheat\source\repos\worktrees\pr-481-1763014665\src\ReinforcementLearning\Agents\Bandits\EpsilonGreedyBanditAgent.cs(107,348): error CS1503: Argument 2: cannot convert from 'AiDotNet.LinearAlgebra.Matrix<T>' to 'AiDotNet.LinearAlgebra.Vector<T>' [C:\Users\cheat\source\repos\worktrees\pr-481-1763014665\src\AiDotNet.csproj::TargetFramework=net8.0]
C:\Users\cheat\source\repos\worktrees\pr-481-1763014665\src\ReinforcementLearning\Agents\AdvancedRL\LinearSARSAAgent.cs(195,37): error CS1503: Argument 1: cannot convert from 'AiDotNet.LinearAlgebra.Matrix<T>' to 'AiDotNet.LinearAlgebra.Vector<T>' [C:\Users\cheat\source\repos\worktrees\pr-481-1763014665\src\AiDotNet.csproj::TargetFramework=net8.0]
C:\Users\cheat\source\repos\worktrees\pr-481-1763014665\src\ReinforcementLearning\Agents\AdvancedRL\LinearSARSAAgent.cs(195,68): error CS1503: Argument 2: cannot convert from 'AiDotNet.LinearAlgebra.Matrix<T>' to 'AiDotNet.LinearAlgebra.Vector<T>' [C:\Users\cheat\source\repos\worktrees\pr-481-1763014665\src\AiDotNet.csproj::TargetFramework=net8.0]
C:\Users\cheat\source\repos\worktrees\pr-481-1763014665\src\ReinforcementLearning\Agents\AdvancedRL\LinearSARSAAgent.cs(196,43): error CS1503: Argument 1: cannot convert from 'AiDotNet.LinearAlgebra.Matrix<T>' to 'AiDotNet.LinearAlgebra.Vector<T>' [C:\Users\cheat\source\repos\worktrees\pr-481-1763014665\src\AiDotNet.csproj::TargetFramework=net8.0]
C:\Users\cheat\source\repos\worktrees\pr-481-1763014665\src\ReinforcementLearning\Agents\AdvancedRL\LinearSARSAAgent.cs(196,74): error CS1503: Argument 2: cannot convert from 'AiDotNet.LinearAlgebra.Matrix<T>' to 'AiDotNet.LinearAlgebra.Vector<T>' [C:\Users\cheat\source\repos\worktrees\pr-481-1763014665\src\AiDotNet.csproj::TargetFramework=net8.0]
C:\Users\cheat\source\repos\worktrees\pr-481-1763014665\src\ReinforcementLearning\Agents\Bandits\GradientBanditAgent.cs(177,218): error CS1503: Argument 1: cannot convert from 'AiDotNet.LinearAlgebra.Matrix<T>' to 'AiDotNet.LinearAlgebra.Vector<T>' [C:\Users\cheat\source\repos\worktrees\pr-481-1763014665\src\AiDotNet.csproj::TargetFramework=net8.0]
C:\Users\cheat\source\repos\worktrees\pr-481-1763014665\src\ReinforcementLearning\Agents\Bandits\GradientBanditAgent.cs(177,249): error CS1503: Argument 2: cannot convert from 'AiDotNet.LinearAlgebra.Matrix<T>' to 'AiDotNet.LinearAlgebra.Vector<T>' [C:\Users\cheat\source\repos\worktrees\pr-481-1763014665\src\AiDotNet.csproj::TargetFramework=net8.0]
C:\Users\cheat\source\repos\worktrees\pr-481-1763014665\src\ReinforcementLearning\Agents\Bandits\GradientBanditAgent.cs(177,317): error CS1503: Argument 1: cannot convert from 'AiDotNet.LinearAlgebra.Matrix<T>' to 'AiDotNet.LinearAlgebra.Vector<T>' [C:\Users\cheat\source\repos\worktrees\pr-481-1763014665\src\AiDotNet.csproj::TargetFramework=net8.0]
C:\Users\cheat\source\repos\worktrees\pr-481-1763014665\src\ReinforcementLearning\Agents\Bandits\GradientBanditAgent.cs(177,348): error CS1503: Argument 2: cannot convert from 'AiDotNet.LinearAlgebra.Matrix<T>' to 'AiDotNet.LinearAlgebra.Vector<T>' [C:\Users\cheat\source\repos\worktrees\pr-481-1763014665\src\AiDotNet.csproj::TargetFramework=net8.0]
C:\Users\cheat\source\repos\worktrees\pr-481-1763014665\src\ReinforcementLearning\Agents\AdvancedRL\LSPIAgent.cs(170,28): error CS1061: 'INumericOperations<T>' does not contain a definition for 'Compare' and no accessible extension method 'Compare' accepting a first argument of type 'INumericOperations<T>' could be found (are you missing a using directive or an assembly reference?) [C:\Users\cheat\source\repos\worktrees\pr-481-1763014665\src\AiDotNet.csproj::TargetFramework=net8.0]
C:\Users\cheat\source\repos\worktrees\pr-481-1763014665\src\ReinforcementLearning\Agents\CQL\CQLAgent.cs(135,51): error CS1503: Argument 1: cannot convert from 'AiDotNet.LinearAlgebra.Vector<T>' to 'AiDotNet.LinearAlgebra.Tensor<T>' [C:\Users\cheat\source\repos\worktrees\pr-481-1763014665\src\AiDotNet.csproj::TargetFramework=net8.0]
C:\Users\cheat\source\repos\worktrees\pr-481-1763014665\src\ReinforcementLearning\Agents\CQL\CQLAgent.cs(177,24): error CS1501: No overload for method 'Add' takes 5 arguments [C:\Users\cheat\source\repos\worktrees\pr-481-1763014665\src\AiDotNet.csproj::TargetFramework=net8.0]
C:\Users\cheat\source\repos\worktrees\pr-481-1763014665\src\ReinforcementLearning\Agents\CQL\CQLAgent.cs(192,35): error CS1503: Argument 1: cannot convert from 'System.Collections.Generic.List<AiDotNet.ReinforcementLearning.ReplayBuffers.Experience<T>>' to 'System.Collections.Generic.List<(AiDotNet.LinearAlgebra.Vector<T> state, AiDotNet.LinearAlgebra.Vector<T> action, T reward, AiDotNet.LinearAlgebra.Vector<T> nextState, bool done)>' [C:\Users\cheat\source\repos\worktrees\pr-481-1763014665\src\AiDotNet.csproj::TargetFramework=net8.0]
C:\Users\cheat\source\repos\worktrees\pr-481-1763014665\src\ReinforcementLearning\Agents\CQL\CQLAgent.cs(196,37): error CS1503: Argument 1: cannot convert from 'System.Collections.Generic.List<AiDotNet.ReinforcementLearning.ReplayBuffers.Experience<T>>' to 'System.Collections.Generic.List<(AiDotNet.LinearAlgebra.Vector<T> state, AiDotNet.LinearAlgebra.Vector<T> action, T reward, AiDotNet.LinearAlgebra.Vector<T> nextState, bool done)>' [C:\Users\cheat\source\repos\worktrees\pr-481-1763014665\src\AiDotNet.csproj::TargetFramework=net8.0]
C:\Users\cheat\source\repos\worktrees\pr-481-1763014665\src\ReinforcementLearning\Agents\CQL\CQLAgent.cs(202,31): error CS1503: Argument 1: cannot convert from 'System.Collections.Generic.List<AiDotNet.ReinforcementLearning.ReplayBuffers.Experience<T>>' to 'System.Collections.Generic.List<(AiDotNet.LinearAlgebra.Vector<T> state, AiDotNet.LinearAlgebra.Vector<T> action, T reward, AiDotNet.LinearAlgebra.Vector<T> nextState, bool done)>' [C:\Users\cheat\source\repos\worktrees\pr-481-1763014665\src\AiDotNet.csproj::TargetFramework=net8.0]
C:\Users\cheat\source\repos\worktrees\pr-481-1763014665\src\ReinforcementLearning\Agents\AdvancedRL\TabularActorCriticAgent.cs(170,37): error CS1503: Argument 1: cannot convert from 'AiDotNet.LinearAlgebra.Matrix<T>' to 'AiDotNet.LinearAlgebra.Vector<T>' [C:\Users\cheat\source\repos\worktrees\pr-481-1763014665\src\AiDotNet.csproj::TargetFramework=net8.0]
C:\Users\cheat\source\repos\worktrees\pr-481-1763014665\src\ReinforcementLearning\Agents\AdvancedRL\TabularActorCriticAgent.cs(170,68): error CS1503: Argument 2: cannot convert from 'AiDotNet.LinearAlgebra.Matrix<T>' to 'AiDotNet.LinearAlgebra.Vector<T>' [C:\Users\cheat\source\repos\worktrees\pr-481-1763014665\src\AiDotNet.csproj::TargetFramework=net8.0]
C:\Users\cheat\source\repos\worktrees\pr-481-1763014665\src\ReinforcementLearning\Agents\AdvancedRL\TabularActorCriticAgent.cs(171,43): error CS1503: Argument 1: cannot convert from 'AiDotNet.LinearAlgebra.Matrix<T>' to 'AiDotNet.LinearAlgebra.Vector<T>' [C:\Users\cheat\source\repos\worktrees\pr-481-1763014665\src\AiDotNet.csproj::TargetFramework=net8.0]
C:\Users\cheat\source\repos\worktrees\pr-481-1763014665\src\ReinforcementLearning\Agents\AdvancedRL\TabularActorCriticAgent.cs(171,74): error CS1503: Argument 2: cannot convert from 'AiDotNet.LinearAlgebra.Matrix<T>' to 'AiDotNet.LinearAlgebra.Vector<T>' [C:\Users\cheat\source\repos\worktrees\pr-481-1763014665\src\AiDotNet.csproj::TargetFramework=net8.0]
C:\Users\cheat\source\repos\worktrees\pr-481-1763014665\src\ReinforcementLearning\Agents\SARSA\SARSAAgent.cs(184,25): error CS0029: Cannot implicitly convert type 'string' to 'AiDotNet.Enums.ModelType' [C:\Users\cheat\source\repos\worktrees\pr-481-1763014665\src\AiDotNet.csproj::TargetFramework=net8.0]
C:\Users\cheat\source\repos\worktrees\pr-481-1763014665\src\ReinforcementLearning\Agents\AdvancedRL\LSPIAgent.cs(345,37): error CS1503: Argument 1: cannot convert from 'AiDotNet.LinearAlgebra.Matrix<T>' to 'AiDotNet.LinearAlgebra.Vector<T>' [C:\Users\cheat\source\repos\worktrees\pr-481-1763014665\src\AiDotNet.csproj::TargetFramework=net8.0]
C:\Users\cheat\source\repos\worktrees\pr-481-1763014665\src\ReinforcementLearning\Agents\AdvancedRL\LSPIAgent.cs(345,68): error CS1503: Argument 2: cannot convert from 'AiDotNet.LinearAlgebra.Matrix<T>' to 'AiDotNet.LinearAlgebra.Vector<T>' [C:\Users\cheat\source\repos\worktrees\pr-481-1763014665\src\AiDotNet.csproj::TargetFramework=net8.0]
C:\Users\cheat\source\repos\worktrees\pr-481-1763014665\src\ReinforcementLearning\Agents\AdvancedRL\LSPIAgent.cs(346,43): error CS1503: Argument 1: cannot convert from 'AiDotNet.LinearAlgebra.Matrix<T>' to 'AiDotNet.LinearAlgebra.Vector<T>' [C:\Users\cheat\source\repos\worktrees\pr-481-1763014665\src\AiDotNet.csproj::TargetFramework=net8.0]
C:\Users\cheat\source\repos\worktrees\pr-481-1763014665\src\ReinforcementLearning\Agents\AdvancedRL\LSPIAgent.cs(346,74): error CS1503: Argument 2: cannot convert from 'AiDotNet.LinearAlgebra.Matrix<T>' to 'AiDotNet.LinearAlgebra.Vector<T>' [C:\Users\cheat\source\repos\worktrees\pr-481-1763014665\src\AiDotNet.csproj::TargetFramework=net8.0]
C:\Users\cheat\source\repos\worktrees\pr-481-1763014665\src\ReinforcementLearning\Agents\CQL\CQLAgent.cs(223,58): error CS1503: Argument 1: cannot convert from 'AiDotNet.LinearAlgebra.Vector<T>' to 'AiDotNet.LinearAlgebra.Tensor<T>' [C:\Users\cheat\source\repos\worktrees\pr-481-1763014665\src\AiDotNet.csproj::TargetFramework=net8.0]
C:\Users\cheat\source\repos\worktrees\pr-481-1763014665\src\ReinforcementLearning\Agents\CQL\CQLAgent.cs(224,58): error CS1503: Argument 1: cannot convert from 'AiDotNet.LinearAlgebra.Vector<T>' to 'AiDotNet.LinearAlgebra.Tensor<T>' [C:\Users\cheat\source\repos\worktrees\pr-481-1763014665\src\AiDotNet.csproj::TargetFramework=net8.0]
C:\Users\cheat\source\repos\worktrees\pr-481-1763014665\src\ReinforcementLearning\Agents\CQL\CQLAgent.cs(233,38): error CS1061: '(Vector<T> state, Vector<T> action, T reward, Vector<T> nextState, bool done)' does not contain a definition for 'Reward' and no accessible extension method 'Reward' accepting a first argument of type '(Vector<T> state, Vector<T> action, T reward, Vector<T> nextState, bool done)' could be found (are you missing a using directive or an assembly reference?) [C:\Users\cheat\source\repos\worktrees\pr-481-1763014665\src\AiDotNet.csproj::TargetFramework=net8.0]
C:\Users\cheat\source\repos\worktrees\pr-481-1763014665\src\ReinforcementLearning\Agents\CQL\CQLAgent.cs(238,50): error CS1061: '(Vector<T> state, Vector<T> action, T reward, Vector<T> nextState, bool done)' does not contain a definition for 'Reward' and no accessible extension method 'Reward' accepting a first argument of type '(Vector<T> state, Vector<T> action, T reward, Vector<T> nextState, bool done)' could be found (are you missing a using directive or an assembly reference?) [C:\Users\cheat\source\repos\worktrees\pr-481-1763014665\src\AiDotNet.csproj::TargetFramework=net8.0]
C:\Users\cheat\source\repos\worktrees\pr-481-1763014665\src\ReinforcementLearning\Agents\CQL\CQLAgent.cs(242,83): error CS1061: '(Vector<T> state, Vector<T> action, T reward, Vector<T> nextState, bool done)' does not contain a definition for 'Action' and no accessible extension method 'Action' accepting a first argument of type '(Vector<T> state, Vector<T> action, T reward, Vector<T> nextState, bool done)' could be found (are you missing a using directive or an assembly reference?) [C:\Users\cheat\source\repos\worktrees\pr-481-1763014665\src\AiDotNet.csproj::TargetFramework=net8.0]
C:\Users\cheat\source\repos\worktrees\pr-481-1763014665\src\ReinforcementLearning\Agents\CQL\CQLAgent.cs(243,46): error CS1503: Argument 1: cannot convert from 'AiDotNet.LinearAlgebra.Vector<T>' to 'AiDotNet.LinearAlgebra.Tensor<T>' [C:\Users\cheat\source\repos\worktrees\pr-481-1763014665\src\AiDotNet.csproj::TargetFramework=net8.0]
C:\Users\cheat\source\repos\worktrees\pr-481-1763014665\src\ReinforcementLearning\Agents\CQL\CQLAgent.cs(244,46): error CS1503: Argument 1: cannot convert from 'AiDotNet.LinearAlgebra.Vector<T>' to 'AiDotNet.LinearAlgebra.Tensor<T>' [C:\Users\cheat\source\repos\worktrees\pr-481-1763014665\src\AiDotNet.csproj::TargetFramework=net8.0]
C:\Users\cheat\source\repos\worktrees\pr-481-1763014665\src\ReinforcementLearning\Agents\CQL\CQLAgent.cs(247,77): error CS1061: '(Vector<T> state, Vector<T> action, T reward, Vector<T> nextState, bool done)' does not contain a definition for 'Action' and no accessible extension method 'Action' accepting a first argument of type '(Vector<T> state, Vector<T> action, T reward, Vector<T> nextState, bool done)' could be found (are you missing a using directive or an assembly reference?) [C:\Users\cheat\source\repos\worktrees\pr-481-1763014665\src\AiDotNet.csproj::TargetFramework=net8.0]
C:\Users\cheat\source\repos\worktrees\pr-481-1763014665\src\ReinforcementLearning\Agents\CQL\CQLAgent.cs(265,38): error CS1503: Argument 1: cannot convert from 'AiDotNet.LinearAlgebra.Vector<T>' to 'AiDotNet.LinearAlgebra.Tensor<T>' [C:\Users\cheat\source\repos\worktrees\pr-481-1763014665\src\AiDotNet.csproj::TargetFramework=net8.0]
C:\Users\cheat\source\repos\worktrees\pr-481-1763014665\src\ReinforcementLearning\Agents\CQL\CQLAgent.cs(266,41): error CS1503: Argument 1: cannot convert from 'T' to 'AiDotNet.LinearAlgebra.Vector<T>' [C:\Users\cheat\source\repos\worktrees\pr-481-1763014665\src\AiDotNet.csproj::TargetFramework=net8.0]
C:\Users\cheat\source\repos\worktrees\pr-481-1763014665\src\ReinforcementLearning\Agents\CQL\CQLAgent.cs(274,38): error CS1503: Argument 1: cannot convert from 'AiDotNet.LinearAlgebra.Vector<T>' to 'AiDotNet.LinearAlgebra.Tensor<T>' [C:\Users\cheat\source\repos\worktrees\pr-481-1763014665\src\AiDotNet.csproj::TargetFramework=net8.0]
C:\Users\cheat\source\repos\worktrees\pr-481-1763014665\src\ReinforcementLearning\Agents\CQL\CQLAgent.cs(275,41): error CS1503: Argument 1: cannot convert from 'T' to 'AiDotNet.LinearAlgebra.Vector<T>' [C:\Users\cheat\source\repos\worktrees\pr-481-1763014665\src\AiDotNet.csproj::TargetFramework=net8.0]
C:\Users\cheat\source\repos\worktrees\pr-481-1763014665\src\ReinforcementLearning\Agents\Bandits\ThompsonSamplingAgent.cs(148,218): error CS1503: Argument 1: cannot convert from 'AiDotNet.LinearAlgebra.Matrix<T>' to 'AiDotNet.LinearAlgebra.Vector<T>' [C:\Users\cheat\source\repos\worktrees\pr-481-1763014665\src\AiDotNet.csproj::TargetFramework=net8.0]
C:\Users\cheat\source\repos\worktrees\pr-481-1763014665\src\ReinforcementLearning\Agents\Bandits\ThompsonSamplingAgent.cs(148,249): error CS1503: Argument 2: cannot convert from 'AiDotNet.LinearAlgebra.Matrix<T>' to 'AiDotNet.LinearAlgebra.Vector<T>' [C:\Users\cheat\source\repos\worktrees\pr-481-1763014665\src\AiDotNet.csproj::TargetFramework=net8.0]
C:\Users\cheat\source\repos\worktrees\pr-481-1763014665\src\ReinforcementLearning\Agents\Bandits\ThompsonSamplingAgent.cs(148,317): error CS1503: Argument 1: cannot convert from 'AiDotNet.LinearAlgebra.Matrix<T>' to 'AiDotNet.LinearAlgebra.Vector<T>' [C:\Users\cheat\source\repos\worktrees\pr-481-1763014665\src\AiDotNet.csproj::TargetFramework=net8.0]
C:\Users\cheat\source\repos\worktrees\pr-481-1763014665\src\ReinforcementLearning\Agents\Bandits\ThompsonSamplingAgent.cs(148,348): error CS1503: Argument 2: cannot convert from 'AiDotNet.LinearAlgebra.Matrix<T>' to 'AiDotNet.LinearAlgebra.Vector<T>' [C:\Users\cheat\source\repos\worktrees\pr-481-1763014665\src\AiDotNet.csproj::TargetFramework=net8.0]
C:\Users\cheat\source\repos\worktrees\pr-481-1763014665\src\ReinforcementLearning\Agents\CQL\CQLAgent.cs(301,47): error CS1503: Argument 1: cannot convert from 'AiDotNet.LinearAlgebra.Vector<T>' to 'AiDotNet.LinearAlgebra.Tensor<T>' [C:\Users\cheat\source\repos\worktrees\pr-481-1763014665\src\AiDotNet.csproj::TargetFramework=net8.0]
C:\Users\cheat\source\repos\worktrees\pr-481-1763014665\src\ReinforcementLearning\Agents\CQL\CQLAgent.cs(302,47): error CS1503: Argument 1: cannot convert from 'AiDotNet.LinearAlgebra.Vector<T>' to 'AiDotNet.LinearAlgebra.Tensor<T>' [C:\Users\cheat\source\repos\worktrees\pr-481-1763014665\src\AiDotNet.csproj::TargetFramework=net8.0]
C:\Users\cheat\source\repos\worktrees\pr-481-1763014665\src\Models\Options\IQLOptions.cs(48,63): error CS0246: The type or namespace name 'MeanSquaredError<>' could not be found (are you missing a using directive or an assembly reference?) [C:\Users\cheat\source\repos\worktrees\pr-481-1763014665\src\AiDotNet.csproj::TargetFramework=net8.0]
C:\Users\cheat\source\repos\worktrees\pr-481-1763014665\src\ReinforcementLearning\Agents\CQL\CQLAgent.cs(325,46): error CS1503: Argument 1: cannot convert from 'AiDotNet.LinearAlgebra.Vector<T>' to 'AiDotNet.LinearAlgebra.Tensor<T>' [C:\Users\cheat\source\repos\worktrees\pr-481-1763014665\src\AiDotNet.csproj::TargetFramework=net8.0]
C:\Users\cheat\source\repos\worktrees\pr-481-1763014665\src\ReinforcementLearning\Agents\CQL\CQLAgent.cs(326,46): error CS1503: Argument 1: cannot convert from 'AiDotNet.LinearAlgebra.Vector<T>' to 'AiDotNet.LinearAlgebra.Tensor<T>' [C:\Users\cheat\source\repos\worktrees\pr-481-1763014665\src\AiDotNet.csproj::TargetFramework=net8.0]
C:\Users\cheat\source\repos\worktrees\pr-481-1763014665\src\ReinforcementLearning\Agents\CQL\CQLAgent.cs(337,55): error CS1503: Argument 1: cannot convert from 'AiDotNet.LinearAlgebra.Vector<T>' to 'AiDotNet.LinearAlgebra.Tensor<T>' [C:\Users\cheat\source\repos\worktrees\pr-481-1763014665\src\AiDotNet.csproj::TargetFramework=net8.0]
C:\Users\cheat\source\repos\worktrees\pr-481-1763014665\src\ReinforcementLearning\Agents\CQL\CQLAgent.cs(349,42): error CS1503: Argument 1: cannot convert from 'AiDotNet.LinearAlgebra.Vector<T>' to 'AiDotNet.LinearAlgebra.Tensor<T>' [C:\Users\cheat\source\repos\worktrees\pr-481-1763014665\src\AiDotNet.csproj::TargetFramework=net8.0]
C:\Users\cheat\source\repos\worktrees\pr-481-1763014665\src\ReinforcementLearning\Agents\CQL\CQLAgent.cs(350,45): error CS1503: Argument 1: cannot convert from 'T' to 'AiDotNet.LinearAlgebra.Vector<T>' [C:\Users\cheat\source\repos\worktrees\pr-481-1763014665\src\AiDotNet.csproj::TargetFramework=net8.0]
C:\Users\cheat\source\repos\worktrees\pr-481-1763014665\src\Models\Options\InterventionAnalysisOptions.cs(116,65): error CS0029: Cannot implicitly convert type 'System.Collections.Generic.List<int>' to 'System.Collections.Generic.List<AiDotNet.Models.InterventionInfo>' [C:\Users\cheat\source\repos\worktrees\pr-481-1763014665\src\AiDotNet.csproj::TargetFramework=net8.0]
C:\Users\cheat\source\repos\worktrees\pr-481-1763014665\src\ReinforcementLearning\Agents\DDPG\DDPGAgent.cs(117,32): error CS1729: 'NeuralNetworkArchitecture<T>' does not contain a constructor that takes 0 arguments [C:\Users\cheat\source\repos\worktrees\pr-481-1763014665\src\AiDotNet.csproj::TargetFramework=net8.0]
C:\Users\cheat\source\repos\worktrees\pr-481-1763014665\src\ReinforcementLearning\Agents\DDPG\DDPGAgent.cs(119,13): error CS0200: Property or indexer 'NeuralNetworkArchitecture<T>.Layers' cannot be assigned to -- it is read only [C:\Users\cheat\source\repos\worktrees\pr-481-1763014665\src\AiDotNet.csproj::TargetFramework=net8.0]
C:\Users\cheat\source\repos\worktrees\pr-481-1763014665\src\ReinforcementLearning\Agents\DDPG\DDPGAgent.cs(120,13): error CS0200: Property or indexer 'NeuralNetworkArchitecture<T>.TaskType' cannot be assigned to -- it is read only [C:\Users\cheat\source\repos\worktrees\pr-481-1763014665\src\AiDotNet.csproj::TargetFramework=net8.0]
C:\Users\cheat\source\repos\worktrees\pr-481-1763014665\src\ReinforcementLearning\Agents\DDPG\DDPGAgent.cs(140,79): error CS0246: The type or namespace name 'LinearActivation<>' could not be found (are you missing a using directive or an assembly reference?) [C:\Users\cheat\source\repos\worktrees\pr-481-1763014665\src\AiDotNet.csproj::TargetFramework=net8.0]
C:\Users\cheat\source\repos\worktrees\pr-481-1763014665\src\ReinforcementLearning\Agents\DDPG\DDPGAgent.cs(142,32): error CS1729: 'NeuralNetworkArchitecture<T>' does not contain a constructor that takes 0 arguments [C:\Users\cheat\source\repos\worktrees\pr-481-1763014665\src\AiDotNet.csproj::TargetFramework=net8.0]
C:\Users\cheat\source\repos\worktrees\pr-481-1763014665\src\ReinforcementLearning\Agents\DDPG\DDPGAgent.cs(144,13): error CS0200: Property or indexer 'NeuralNetworkArchitecture<T>.Layers' cannot be assigned to -- it is read only [C:\Users\cheat\source\repos\worktrees\pr-481-1763014665\src\AiDotNet.csproj::TargetFramework=net8.0]
C:\Users\cheat\source\repos\worktrees\pr-481-1763014665\src\ReinforcementLearning\Agents\DDPG\DDPGAgent.cs(145,13): error CS0200: Property or indexer 'NeuralNetworkArchitecture<T>.TaskType' cannot be assigned to -- it is read only [C:\Users\cheat\source\repos\worktrees\pr-481-1763014665\src\AiDotNet.csproj::TargetFramework=net8.0]
C:\Users\cheat\source\repos\worktrees\pr-481-1763014665\src\ReinforcementLearning\Agents\DDPG\DDPGAgent.cs(154,44): error CS1503: Argument 1: cannot convert from 'AiDotNet.LinearAlgebra.Vector<T>' to 'AiDotNet.LinearAlgebra.Tensor<T>' [C:\Users\cheat\source\repos\worktrees\pr-481-1763014665\src\AiDotNet.csproj::TargetFramework=net8.0]
C:\Users\cheat\source\repos\worktrees\pr-481-1763014665\src\ReinforcementLearning\Agents\DDPG\DDPGAgent.cs(170,16): error CS0029: Cannot implicitly convert type 'AiDotNet.LinearAlgebra.Tensor<T>' to 'AiDotNet.LinearAlgebra.Vector<T>' [C:\Users\cheat\source\repos\worktrees\pr-481-1763014665\src\AiDotNet.csproj::TargetFramework=net8.0]
C:\Users\cheat\source\repos\worktrees\pr-481-1763014665\src\ReinforcementLearning\Agents\DDPG\DDPGAgent.cs(176,31): error CS0104: 'Experience<>' is an ambiguous reference between 'AiDotNet.NeuralNetworks.Experience<T>' and 'AiDotNet.ReinforcementLearning.ReplayBuffers.Experience<T>' [C:\Users\cheat\source\repos\worktrees\pr-481-1763014665\src\AiDotNet.csproj::TargetFramework=net8.0]
C:\Users\cheat\source\repos\worktrees\pr-481-1763014665\src\ReinforcementLearning\Agents\CQL\CQLAgent.cs(370,35): error CS1061: 'NeuralNetwork<T>' does not contain a definition for 'GetLayers' and no accessible extension method 'GetLayers' accepting a first argument of type 'NeuralNetwork<T>' could be found (are you missing a using directive or an assembly reference?) [C:\Users\cheat\source\repos\worktrees\pr-481-1763014665\src\AiDotNet.csproj::TargetFramework=net8.0]
C:\Users\cheat\source\repos\worktrees\pr-481-1763014665\src\ReinforcementLearning\Agents\CQL\CQLAgent.cs(371,35): error CS1061: 'NeuralNetwork<T>' does not contain a definition for 'GetLayers' and no accessible extension method 'GetLayers' accepting a first argument of type 'NeuralNetwork<T>' could be found (are you missing a using directive or an assembly reference?) [C:\Users\cheat\source\repos\worktrees\pr-481-1763014665\src\AiDotNet.csproj::TargetFramework=net8.0]
C:\Users\cheat\source\repos\worktrees\pr-481-1763014665\src\ReinforcementLearning\Agents\CQL\CQLAgent.cs(377,49): error CS1061: 'DenseLayer<T>' does not contain a definition for 'GetWeights' and no accessible extension method 'GetWeights' accepting a first argument of type 'DenseLayer<T>' could be found (are you missing a using directive or an assembly reference?) [C:\Users\cheat\source\repos\worktrees\pr-481-1763014665\src\AiDotNet.csproj::TargetFramework=net8.0]
C:\Users\cheat\source\repos\worktrees\pr-481-1763014665\src\ReinforcementLearning\Agents\CQL\CQLAgent.cs(378,48): error CS1061: 'DenseLayer<T>' does not contain a definition for 'GetBiases' and no accessible extension method 'GetBiases' accepting a first argument of type 'DenseLayer<T>' could be found (are you missing a using directive or an assembly reference?) [C:\Users\cheat\source\repos\worktrees\pr-481-1763014665\src\AiDotNet.csproj::TargetFramework=net8.0]
C:\Users\cheat\source\repos\worktrees\pr-481-1763014665\src\ReinforcementLearning\Agents\CQL\CQLAgent.cs(379,49): error CS1061: 'DenseLayer<T>' does not contain a definition for 'GetWeights' and no accessible extension method 'GetWeights' accepting a first argument of type 'DenseLayer<T>' could be found (are you missing a using directive or an assembly reference?) [C:\Users\cheat\source\repos\worktrees\pr-481-1763014665\src\AiDotNet.csproj::TargetFramework=net8.0]
C:\Users\cheat\source\repos\worktrees\pr-481-1763014665\src\ReinforcementLearning\Agents\CQL\CQLAgent.cs(380,48): error CS1061: 'DenseLayer<T>' does not contain a definition for 'GetBiases' and no accessible extension method 'GetBiases' accepting a first argument of type 'DenseLayer<T>' could be found (are you missing a using directive or an assembly reference?) [C:\Users\cheat\source\repos\worktrees\pr-481-1763014665\src\AiDotNet.csproj::TargetFramework=net8.0]
C:\Users\cheat\source\repos\worktrees\pr-481-1763014665\src\ReinforcementLearning\Agents\CQL\CQLAgent.cs(394,26): error CS0136: A local or parameter named 'i' cannot be declared in this scope because that name is used in an enclosing local scope to define a local or parameter [C:\Users\cheat\source\repos\worktrees\pr-481-1763014665\src\AiDotNet.csproj::TargetFramework=net8.0]
C:\Users\cheat\source\repos\worktrees\pr-481-1763014665\src\ReinforcementLearning\Agents\CQL\CQLAgent.cs(402,29): error CS1061: 'DenseLayer<T>' does not contain a definition for 'SetBiases' and no accessible extension method 'SetBiases' accepting a first argument of type 'DenseLayer<T>' could be found (are you missing a using directive or an assembly reference?) [C:\Users\cheat\source\repos\worktrees\pr-481-1763014665\src\AiDotNet.csproj::TargetFramework=net8.0]
C:\Users\cheat\source\repos\worktrees\pr-481-1763014665\src\ReinforcementLearning\Agents\CQL\CQLAgent.cs(409,35): error CS1061: 'NeuralNetwork<T>' does not contain a definition for 'GetLayers' and no accessible extension method 'GetLayers' accepting a first argument of type 'NeuralNetwork<T>' could be found (are you missing a using directive or an assembly reference?) [C:\Users\cheat\source\repos\worktrees\pr-481-1763014665\src\AiDotNet.csproj::TargetFramework=net8.0]
C:\Users\cheat\source\repos\worktrees\pr-481-1763014665\src\ReinforcementLearning\Agents\CQL\CQLAgent.cs(410,35): error CS1061: 'NeuralNetwork<T>' does not contain a definition for 'GetLayers' and no accessible extension method 'GetLayers' accepting a first argument of type 'NeuralNetwork<T>' could be found (are you missing a using directive or an assembly reference?) [C:\Users\cheat\source\repos\worktrees\pr-481-1763014665\src\AiDotNet.csproj::TargetFramework=net8.0]
C:\Users\cheat\source\repos\worktrees\pr-481-1763014665\src\ReinforcementLearning\Agents\CQL\CQLAgent.cs(416,52): error CS1061: 'DenseLayer<T>' does not contain a definition for 'GetWeights' and no accessible extension method 'GetWeights' accepting a first argument of type 'DenseLayer<T>' could be found (are you missing a using directive or an assembly reference?) [C:\Users\cheat\source\repos\worktrees\pr-481-1763014665\src\AiDotNet.csproj::TargetFramework=net8.0]
C:\Users\cheat\source\repos\worktrees\pr-481-1763014665\src\ReinforcementLearning\Agents\CQL\CQLAgent.cs(417,51): error CS1061: 'DenseLayer<T>' does not contain a definition for 'GetBiases' and no accessible extension method 'GetBiases' accepting a first argument of type 'DenseLayer<T>' could be found (are you missing a using directive or an assembly reference?) [C:\Users\cheat\source\repos\worktrees\pr-481-1763014665\src\AiDotNet.csproj::TargetFramework=net8.0]
C:\Users\cheat\source\repos\worktrees\pr-481-1763014665\src\ReinforcementLearning\Agents\CQL\CQLAgent.cs(417,29): error CS1061: 'DenseLayer<T>' does not contain a definition for 'SetBiases' and no accessible extension method 'SetBiases' accepting a first argument of type 'DenseLayer<T>' could be found (are you missing a using directive or an assembly reference?) [C:\Users\cheat\source\repos\worktrees\pr-481-1763014665\src\AiDotNet.csproj::TargetFramework=net8.0]
C:\Users\cheat\source\repos\worktrees\pr-481-1763014665\src\ReinforcementLearning\Agents\DDPG\DDPGAgent.cs(214,58): error CS1503: Argument 1: cannot convert from 'AiDotNet.LinearAlgebra.Vector<T>' to 'AiDotNet.LinearAlgebra.Tensor<T>' [C:\Users\cheat\source\repos\worktrees\pr-481-1763014665\src\AiDotNet.csproj::TargetFramework=net8.0]
C:\Users\cheat\source\repos\worktrees\pr-481-1763014665\src\ReinforcementLearning\Agents\DDPG\DDPGAgent.cs(215,73): error CS1503: Argument 2: cannot convert from 'AiDotNet.LinearAlgebra.Tensor<T>' to 'AiDotNet.LinearAlgebra.Vector<T>' [C:\Users\cheat\source\repos\worktrees\pr-481-1763014665\src\AiDotNet.csproj::TargetFramework=net8.0]
C:\Users\cheat\source\repos\worktrees\pr-481-1763014665\src\ReinforcementLearning\Agents\DDPG\DDPGAgent.cs(216,54): error CS1503: Argument 1: cannot convert from 'AiDotNet.LinearAlgebra.Vector<T>' to 'AiDotNet.LinearAlgebra.Tensor<T>' [C:\Users\cheat\source\repos\worktrees\pr-481-1763014665\src\AiDotNet.csproj::TargetFramework=net8.0]
C:\Users\cheat\source\repos\worktrees\pr-481-1763014665\src\ReinforcementLearning\Agents\DDPG\DDPGAgent.cs(230,51): error CS1503: Argument 1: cannot convert from 'AiDotNet.LinearAlgebra.Vector<T>' to 'AiDotNet.LinearAlgebra.Tensor<T>' [C:\Users\cheat\source\repos\worktrees\pr-481-1763014665\src\AiDotNet.csproj::TargetFramework=net8.0]
C:\Users\cheat\source\repos\worktrees\pr-481-1763014665\src\ReinforcementLearning\Agents\DDPG\DDPGAgent.cs(239,56): error CS1061: 'ILossFunction<T>' does not contain a definition for 'ComputeGradient' and no accessible extension method 'ComputeGradient' accepting a first argument of type 'ILossFunction<T>' could be found (are you missing a using directive or an assembly reference?) [C:\Users\cheat\source\repos\worktrees\pr-481-1763014665\src\AiDotNet.csproj::TargetFramework=net8.0]
C:\Users\cheat\source\repos\worktrees\pr-481-1763014665\src\ReinforcementLearning\Agents\DecisionTransformer\DecisionTransformerAgent.cs(50,12): error CS8618: Non-nullable field '_transformerNetwork' must contain a non-null value when exiting constructor. Consider adding the 'required' modifier or declaring the field as nullable. [C:\Users\cheat\source\repos\worktrees\pr-481-1763014665\src\AiDotNet.csproj::TargetFramework=net8.0]
C:\Users\cheat\source\repos\worktrees\pr-481-1763014665\src\ReinforcementLearning\Agents\DDPG\DDPGAgent.cs(256,48): error CS1503: Argument 1: cannot convert from 'AiDotNet.LinearAlgebra.Vector<T>' to 'AiDotNet.LinearAlgebra.Tensor<T>' [C:\Users\cheat\source\repos\worktrees\pr-481-1763014665\src\AiDotNet.csproj::TargetFramework=net8.0]
C:\Users\cheat\source\repos\worktrees\pr-481-1763014665\src\ReinforcementLearning\Agents\DDPG\DDPGAgent.cs(259,65): error CS1503: Argument 2: cannot convert from 'AiDotNet.LinearAlgebra.Tensor<T>' to 'AiDotNet.LinearAlgebra.Vector<T>' [C:\Users\cheat\source\repos\worktrees\pr-481-1763014665\src\AiDotNet.csproj::TargetFramework=net8.0]
C:\Users\cheat\source\repos\worktrees\pr-481-1763014665\src\ReinforcementLearning\Agents\DDPG\DDPGAgent.cs(260,44): error CS1503: Argument 1: cannot convert from 'AiDotNet.LinearAlgebra.Vector<T>' to 'AiDotNet.LinearAlgebra.Tensor<T>' [C:\Users\cheat\source\repos\worktrees\pr-481-1763014665\src\AiDotNet.csproj::TargetFramework=net8.0]
C:\Users\cheat\source\repos\worktrees\pr-481-1763014665\src\ReinforcementLearning\Agents\DDPG\DDPGAgent.cs(269,60): error CS1503: Argument 1: cannot convert from 'AiDotNet.LinearAlgebra.Tensor<T>' to 'AiDotNet.LinearAlgebra.Vector<T>' [C:\Users\cheat\source\repos\worktrees\pr-481-1763014665\src\AiDotNet.csproj::TargetFramework=net8.0]
C:\Users\cheat\source\repos\worktrees\pr-481-1763014665\src\ReinforcementLearning\Agents\DDPG\DDPGAgent.cs(270,41): error CS1503: Argument 1: cannot convert from 'AiDotNet.LinearAlgebra.Vector<T>' to 'AiDotNet.LinearAlgebra.Tensor<T>' [C:\Users\cheat\source\repos\worktrees\pr-481-1763014665\src\AiDotNet.csproj::TargetFramework=net8.0]
C:\Users\cheat\source\repos\worktrees\pr-481-1763014665\src\ReinforcementLearning\Agents\DDPG\DDPGAgent.cs(336,29): error CS1061: 'NeuralNetwork<T>' does not contain a definition for 'GetFlattenedGradients' and no accessible extension method 'GetFlattenedGradients' accepting a first argument of type 'NeuralNetwork<T>' could be found (are you missing a using directive or an assembly reference?) [C:\Users\cheat\source\repos\worktrees\pr-481-1763014665\src\AiDotNet.csproj::TargetFramework=net8.0]
C:\Users\cheat\source\repos\worktrees\pr-481-1763014665\src\ReinforcementLearning\Agents\SAC\SACAgent.cs(111,104): error CS0246: The type or namespace name 'LinearActivation<>' could not be found (are you missing a using directive or an assembly reference?) [C:\Users\cheat\source\repos\worktrees\pr-481-1763014665\src\AiDotNet.csproj::TargetFramework=net8.0]
C:\Users\cheat\source\repos\worktrees\pr-481-1763014665\src\ReinforcementLearning\Agents\SAC\SACAgent.cs(113,32): error CS1729: 'NeuralNetworkArchitecture<T>' does not contain a constructor that takes 0 arguments [C:\Users\cheat\source\repos\worktrees\pr-481-1763014665\src\AiDotNet.csproj::TargetFramework=net8.0]
C:\Users\cheat\source\repos\worktrees\pr-481-1763014665\src\ReinforcementLearning\Agents\SAC\SACAgent.cs(115,13): error CS0200: Property or indexer 'NeuralNetworkArchitecture<T>.Layers' cannot be assigned to -- it is read only [C:\Users\cheat\source\repos\worktrees\pr-481-1763014665\src\AiDotNet.csproj::TargetFramework=net8.0]
C:\Users\cheat\source\repos\worktrees\pr-481-1763014665\src\ReinforcementLearning\Agents\SAC\SACAgent.cs(116,13): error CS0200: Property or indexer 'NeuralNetworkArchitecture<T>.TaskType' cannot be assigned to -- it is read only [C:\Users\cheat\source\repos\worktrees\pr-481-1763014665\src\AiDotNet.csproj::TargetFramework=net8.0]
C:\Users\cheat\source\repos\worktrees\pr-481-1763014665\src\ReinforcementLearning\Agents\DecisionTransformer\DecisionTransformerAgent.cs(73,32): error CS1729: 'NeuralNetworkArchitecture<T>' does not contain a constructor that takes 0 arguments [C:\Users\cheat\source\repos\worktrees\pr-481-1763014665\src\AiDotNet.csproj::TargetFramework=net8.0]
C:\Users\cheat\source\repos\worktrees\pr-481-1763014665\src\ReinforcementLearning\Agents\DecisionTransformer\DecisionTransformerAgent.cs(75,13): error CS0200: Property or indexer 'NeuralNetworkArchitecture<T>.TaskType' cannot be assigned to -- it is read only [C:\Users\cheat\source\repos\worktrees\pr-481-1763014665\src\AiDotNet.csproj::TargetFramework=net8.0]
C:\Users\cheat\source\repos\worktrees\pr-481-1763014665\src\ReinforcementLearning\Agents\DecisionTransformer\DecisionTransformerAgent.cs(91,28): error CS1061: 'DenseLayer<T>' does not contain a definition for 'GetWeights' and no accessible extension method 'GetWeights' accepting a first argument of type 'DenseLayer<T>' could be found (are you missing a using directive or an assembly reference?) [C:\Users\cheat\source\repos\worktrees\pr-481-1763014665\src\AiDotNet.csproj::TargetFramework=net8.0]
C:\Users\cheat\source\repos\worktrees\pr-481-1763014665\src\ReinforcementLearning\Agents\DecisionTransformer\DecisionTransformerAgent.cs(97,9): error CS0200: Property or indexer 'NeuralNetworkArchitecture<T>.Layers' cannot be assigned to -- it is read only [C:\Users\cheat\source\repos\worktrees\pr-481-1763014665\src\AiDotNet.csproj::TargetFramework=net8.0]
C:\Users\cheat\source\repos\worktrees\pr-481-1763014665\src\ReinforcementLearning\Agents\SAC\SACAgent.cs(136,79): error CS0246: The type or namespace name 'LinearActivation<>' could not be found (are you missing a using directive or an assembly reference?) [C:\Users\cheat\source\repos\worktrees\pr-481-1763014665\src\AiDotNet.csproj::TargetFramework=net8.0]
C:\Users\cheat\source\repos\worktrees\pr-481-1763014665\src\ReinforcementLearning\Agents\SAC\SACAgent.cs(138,32): error CS1729: 'NeuralNetworkArchitecture<T>' does not contain a constructor that takes 0 arguments [C:\Users\cheat\source\repos\worktrees\pr-481-1763014665\src\AiDotNet.csproj::TargetFramework=net8.0]
C:\Users\cheat\source\repos\worktrees\pr-481-1763014665\src\ReinforcementLearning\Agents\SAC\SACAgent.cs(140,13): error CS0200: Property or indexer 'NeuralNetworkArchitecture<T>.Layers' cannot be assigned to -- it is read only [C:\Users\cheat\source\repos\worktrees\pr-481-1763014665\src\AiDotNet.csproj::TargetFramework=net8.0]
C:\Users\cheat\source\repos\worktrees\pr-481-1763014665\src\ReinforcementLearning\Agents\SAC\SACAgent.cs(141,13): error CS0200: Property or indexer 'NeuralNetworkArchitecture<T>.TaskType' cannot be assigned to -- it is read only [C:\Users\cheat\source\repos\worktrees\pr-481-1763014665\src\AiDotNet.csproj::TargetFramework=net8.0]
C:\Users\cheat\source\repos\worktrees\pr-481-1763014665\src\ReinforcementLearning\Agents\CQL\CQLAgent.cs(533,16): error CS0029: Cannot implicitly convert type '(AiDotNet.LinearAlgebra.Vector<T>, T Zero)' to 'AiDotNet.LinearAlgebra.Vector<T>' [C:\Users\cheat\source\repos\worktrees\pr-481-1763014665\src\AiDotNet.csproj::TargetFramework=net8.0]
C:\Users\cheat\source\repos\worktrees\pr-481-1763014665\src\ReinforcementLearning\Agents\SAC\SACAgent.cs(150,51): error CS1503: Argument 1: cannot convert from 'AiDotNet.LinearAlgebra.Vector<T>' to 'AiDotNet.LinearAlgebra.Tensor<T>' [C:\Users\cheat\source\repos\worktrees\pr-481-1763014665\src\AiDotNet.csproj::TargetFramework=net8.0]
C:\Users\cheat\source\repos\worktrees\pr-481-1763014665\src\ReinforcementLearning\Agents\SAC\SACAgent.cs(151,40): error CS1503: Argument 1: cannot convert from 'AiDotNet.LinearAlgebra.Tensor<T>' to 'AiDotNet.LinearAlgebra.Vector<T>' [C:\Users\cheat\source\repos\worktrees\pr-481-1763014665\src\AiDotNet.csproj::TargetFramework=net8.0]
C:\Users\cheat\source\repos\worktrees\pr-481-1763014665\src\ReinforcementLearning\Agents\DecisionTransformer\DecisionTransformerAgent.cs(168,56): error CS1503: Argument 1: cannot convert from 'AiDotNet.LinearAlgebra.Vector<T>' to 'AiDotNet.LinearAlgebra.Tensor<T>' [C:\Users\cheat\source\repos\worktrees\pr-481-1763014665\src\AiDotNet.csproj::TargetFramework=net8.0]
C:\Users\cheat\source\repos\worktrees\pr-481-1763014665\src\ReinforcementLearning\Agents\DecisionTransformer\DecisionTransformerAgent.cs(171,37): error CS1503: Argument 1: cannot convert from 'AiDotNet.LinearAlgebra.Tensor<T>' to 'AiDotNet.LinearAlgebra.Vector<T>' [C:\Users\cheat\source\repos\worktrees\pr-481-1763014665\src\AiDotNet.csproj::TargetFramework=net8.0]
C:\Users\cheat\source\repos\worktrees\pr-481-1763014665\src\ReinforcementLearning\Agents\DecisionTransformer\DecisionTransformerAgent.cs(173,16): error CS0029: Cannot implicitly convert type 'AiDotNet.LinearAlgebra.Tensor<T>' to 'AiDotNet.LinearAlgebra.Vector<T>' [C:\Users\cheat\source\repos\worktrees\pr-481-1763014665\src\AiDotNet.csproj::TargetFramework=net8.0]
C:\Users\cheat\source\repos\worktrees\pr-481-1763014665\src\ReinforcementLearning\Agents\SAC\SACAgent.cs(258,59): error CS1503: Argument 1: cannot convert from 'AiDotNet.LinearAlgebra.Vector<T>' to 'AiDotNet.LinearAlgebra.Tensor<T>' [C:\Users\cheat\source\repos\worktrees\pr-481-1763014665\src\AiDotNet.csproj::TargetFramework=net8.0]
C:\Users\cheat\source\repos\worktrees\pr-481-1763014665\src\ReinforcementLearning\Agents\SAC\SACAgent.cs(259,58): error CS1503: Argument 1: cannot convert from 'AiDotNet.LinearAlgebra.Tensor<T>' to 'AiDotNet.LinearAlgebra.Vector<T>' [C:\Users\cheat\source\repos\worktrees\pr-481-1763014665\src\AiDotNet.csproj::TargetFramework=net8.0]
C:\Users\cheat\source\repos\worktrees\pr-481-1763014665\src\ReinforcementLearning\Agents\SAC\SACAgent.cs(265,53): error CS1503: Argument 1: cannot convert from 'AiDotNet.LinearAlgebra.Vector<T>' to 'AiDotNet.LinearAlgebra.Tensor<T>' [C:\Users\cheat\source\repos\worktrees\pr-481-1763014665\src\AiDotNet.csproj::TargetFramework=net8.0]
C:\Users\cheat\source\repos\worktrees\pr-481-1763014665\src\ReinforcementLearning\Agents\SAC\SACAgent.cs(266,53): error CS1503: Argument 1: cannot convert from 'AiDotNet.LinearAlgebra.Vector<T>' to 'AiDotNet.LinearAlgebra.Tensor<T>' [C:\Users\cheat\source\repos\worktrees\pr-481-1763014665\src\AiDotNet.csproj::TargetFramework=net8.0]
C:\Users\cheat\source\repos\worktrees\pr-481-1763014665\src\ReinforcementLearning\Agents\SAC\SACAgent.cs(289,45): error CS1503: Argument 1: cannot convert from 'AiDotNet.LinearAlgebra.Vector<T>' to 'AiDotNet.LinearAlgebra.Tensor<T>' [C:\Users\cheat\source\repos\worktrees\pr-481-1763014665\src\AiDotNet.csproj::TargetFramework=net8.0]
C:\Users\cheat\source\repos\worktrees\pr-481-1763014665\src\ReinforcementLearning\Agents\SAC\SACAgent.cs(295,45): error CS1503: Argument 1: cannot convert from 'AiDotNet.LinearAlgebra.Vector<T>' to 'AiDotNet.LinearAlgebra.Tensor<T>' [C:\Users\cheat\source\repos\worktrees\pr-481-1763014665\src\AiDotNet.csproj::TargetFramework=net8.0]
C:\Users\cheat\source\repos\worktrees\pr-481-1763014665\src\ReinforcementLearning\Agents\SAC\SACAgent.cs(302,52): error CS1061: 'ILossFunction<T>' does not contain a definition for 'ComputeGradient' and no accessible extension method 'ComputeGradient' accepting a first argument of type 'ILossFunction<T>' could be found (are you missing a using directive or an assembly reference?) [C:\Users\cheat\source\repos\worktrees\pr-481-1763014665\src\AiDotNet.csproj::TargetFramework=net8.0]
C:\Users\cheat\source\repos\worktrees\pr-481-1763014665\src\ReinforcementLearning\Agents\SAC\SACAgent.cs(306,52): error CS1061: 'ILossFunction<T>' does not contain a definition for 'ComputeGradient' and no accessible extension method 'ComputeGradient' accepting a first argument of type 'ILossFunction<T>' could be found (are you missing a using directive or an assembly reference?) [C:\Users\cheat\source\repos\worktrees\pr-481-1763014665\src\AiDotNet.csproj::TargetFramework=net8.0]
C:\Users\cheat\source\repos\worktrees\pr-481-1763014665\src\ReinforcementLearning\Agents\DecisionTransformer\DecisionTransformerAgent.cs(219,63): error CS1503: Argument 1: cannot convert from 'AiDotNet.LinearAlgebra.Vector<T>' to 'AiDotNet.LinearAlgebra.Tensor<T>' [C:\Users\cheat\source\repos\worktrees\pr-481-1763014665\src\AiDotNet.csproj::TargetFramework=net8.0]
C:\Users\cheat\source\repos\worktrees\pr-481-1763014665\src\ReinforcementLearning\Agents\DecisionTransformer\DecisionTransformerAgent.cs(238,33): error CS1061: 'INeuralNetwork<T>' does not contain a definition for 'Backpropagate' and no accessible extension method 'Backpropagate' accepting a first argument of type 'INeuralNetwork<T>' could be found (are you missing a using directive or an assembly reference?) [C:\Users\cheat\source\repos\worktrees\pr-481-1763014665\src\AiDotNet.csproj::TargetFramework=net8.0]
C:\Users\cheat\source\repos\worktrees\pr-481-1763014665\src\ReinforcementLearning\Agents\DecisionTransformer\DecisionTransformerAgent.cs(239,50): error CS1503: Argument 1: cannot convert from 'T' to 'AiDotNet.LinearAlgebra.Vector<T>' [C:\Users\cheat\source\repos\worktrees\pr-481-1763014665\src\AiDotNet.csproj::TargetFramework=net8.0]
C:\Users\cheat\source\repos\worktrees\pr-481-1763014665\src\ReinforcementLearning\Agents\SAC\SACAgent.cs(324,55): error CS1503: Argument 1: cannot convert from 'AiDotNet.LinearAlgebra.Vector<T>' to 'AiDotNet.LinearAlgebra.Tensor<T>' [C:\Users\cheat\source\repos\worktrees\pr-481-1763014665\src\AiDotNet.csproj::TargetFramework=net8.0]
C:\Users\cheat\source\repos\worktrees\pr-481-1763014665\src\ReinforcementLearning\Agents\SAC\SACAgent.cs(325,50): error CS1503: Argument 1: cannot convert from 'AiDotNet.LinearAlgebra.Tensor<T>' to 'AiDotNet.LinearAlgebra.Vector<T>' [C:\Users\cheat\source\repos\worktrees\pr-481-1763014665\src\AiDotNet.csproj::TargetFramework=net8.0]
C:\Users\cheat\source\repos\worktrees\pr-481-1763014665\src\ReinforcementLearning\Agents\SAC\SACAgent.cs(329,41): error CS1503: Argument 1: cannot convert from 'AiDotNet.LinearAlgebra.Vector<T>' to 'AiDotNet.LinearAlgebra.Tensor<T>' [C:\Users\cheat\source\repos\worktrees\pr-481-1763014665\src\AiDotNet.csproj::TargetFramework=net8.0]
C:\Users\cheat\source\repos\worktrees\pr-481-1763014665\src\ReinforcementLearning\Agents\SAC\SACAgent.cs(330,41): error CS1503: Argument 1: cannot convert from 'AiDotNet.LinearAlgebra.Vector<T>' to 'AiDotNet.LinearAlgebra.Tensor<T>' [C:\Users\cheat\source\repos\worktrees\pr-481-1763014665\src\AiDotNet.csproj::TargetFramework=net8.0]
C:\Users\cheat\source\repos\worktrees\pr-481-1763014665\src\ReinforcementLearning\Agents\SAC\SACAgent.cs(345,17): error CS1503: Argument 1: cannot convert from 'AiDotNet.LinearAlgebra.Tensor<T>' to 'AiDotNet.LinearAlgebra.Vector<T>' [C:\Users\cheat\source\repos\worktrees\pr-481-1763014665\src\AiDotNet.csproj::TargetFramework=net8.0]
C:\Users\cheat\source\repos\worktrees\pr-481-1763014665\src\ReinforcementLearning\Agents\SAC\SACAgent.cs(347,42): error CS1503: Argument 1: cannot convert from 'AiDotNet.LinearAlgebra.Vector<T>' to 'AiDotNet.LinearAlgebra.Tensor<T>' [C:\Users\cheat\source\repos\worktrees\pr-481-1763014665\src\AiDotNet.csproj::TargetFramework=net8.0]
C:\Users\cheat\source\repos\worktrees\pr-481-1763014665\src\Models\Options\EnsembleFitDetectorOptions.cs(35,57): error CS0029: Cannot implicitly convert type 'System.Collections.Generic.List<int>' to 'System.Collections.Generic.List<double>' [C:\Users\cheat\source\repos\worktrees\pr-481-1763014665\src\AiDotNet.csproj::TargetFramework=net8.0]
C:\Users\cheat\source\repos\worktrees\pr-481-1763014665\src\ReinforcementLearning\Agents\AdvancedRL\LSTDAgent.cs(168,28): error CS1061: 'INumericOperations<T>' does not contain a definition for 'Compare' and no accessible extension method 'Compare' accepting a first argument of type 'INumericOperations<T>' could be found (are you missing a using directive or an assembly reference?) [C:\Users\cheat\source\repos\worktrees\pr-481-1763014665\src\AiDotNet.csproj::TargetFramework=net8.0]
C:\Users\cheat\source\repos\worktrees\pr-481-1763014665\src\ReinforcementLearning\Agents\DecisionTransformer\DecisionTransformerAgent.cs(294,25): error CS0029: Cannot implicitly convert type 'string' to 'AiDotNet.Enums.ModelType' [C:\Users\cheat\source\repos\worktrees\pr-481-1763014665\src\AiDotNet.csproj::TargetFramework=net8.0]
C:\Users\cheat\source\repos\worktrees\pr-481-1763014665\src\ReinforcementLearning\Agents\DecisionTransformer\DecisionTransformerAgent.cs(334,41): error CS1061: 'ILossFunction<T>' does not contain a definition for 'ComputeGradient' and no accessible extension method 'ComputeGradient' accepting a first argument of type 'ILossFunction<T>' could be found (are you missing a using directive or an assembly reference?) [C:\Users\cheat\source\repos\worktrees\pr-481-1763014665\src\AiDotNet.csproj::TargetFramework=net8.0]
C:\Users\cheat\source\repos\worktrees\pr-481-1763014665\src\ReinforcementLearning\Agents\DecisionTransformer\DecisionTransformerAgent.cs(340,29): error CS1061: 'INeuralNetwork<T>' does not contain a definition for 'Backpropagate' and no accessible extension method 'Backpropagate' accepting a first argument of type 'INeuralNetwork<T>' could be found (are you missing a using directive or an assembly reference?) [C:\Users\cheat\source\repos\worktrees\pr-481-1763014665\src\AiDotNet.csproj::TargetFramework=net8.0]
C:\Users\cheat\source\repos\worktrees\pr-481-1763014665\src\ReinforcementLearning\Agents\DecisionTransformer\DecisionTransformerAgent.cs(341,46): error CS1503: Argument 1: cannot convert from 'T' to 'AiDotNet.LinearAlgebra.Vector<T>' [C:\Users\cheat\source\repos\worktrees\pr-481-1763014665\src\AiDotNet.csproj::TargetFramework=net8.0]
C:\Users\cheat\source\repos\worktrees\pr-481-1763014665\src\ReinforcementLearning\Agents\SAC\SACAgent.cs(424,55): error CS1503: Argument 1: cannot convert from 'AiDotNet.LinearAlgebra.Vector<T>' to 'AiDotNet.LinearAlgebra.Tensor<T>' [C:\Users\cheat\source\repos\worktrees\pr-481-1763014665\src\AiDotNet.csproj::TargetFramework=net8.0]
C:\Users\cheat\source\repos\worktrees\pr-481-1763014665\src\ReinforcementLearning\Agents\SAC\SACAgent.cs(425,45): error CS1503: Argument 1: cannot convert from 'AiDotNet.LinearAlgebra.Tensor<T>' to 'AiDotNet.LinearAlgebra.Vector<T>' [C:\Users\cheat\source\repos\worktrees\pr-481-1763014665\src\AiDotNet.csproj::TargetFramework=net8.0]
C:\Users\cheat\source\repos\worktrees\pr-481-1763014665\src\Models\Options\DuelingDQNOptions.cs(15,62): error CS0246: The type or namespace name 'MeanSquaredError<>' could not be found (are you missing a using directive or an assembly reference?) [C:\Users\cheat\source\repos\worktrees\pr-481-1763014665\src\AiDotNet.csproj::TargetFramework=net8.0]
C:\Users\cheat\source\repos\worktrees\pr-481-1763014665\src\ReinforcementLearning\Agents\SAC\SACAgent.cs(471,29): error CS1061: 'NeuralNetwork<T>' does not contain a definition for 'GetFlattenedGradients' and no accessible extension method 'GetFlattenedGradients' accepting a first argument of type 'NeuralNetwork<T>' could be found (are you missing a using directive or an assembly reference?) [C:\Users\cheat\source\repos\worktrees\pr-481-1763014665\src\AiDotNet.csproj::TargetFramework=net8.0]
C:\Users\cheat\source\repos\worktrees\pr-481-1763014665\src\Models\Options\DQNOptions.cs(22,62): error CS0246: The type or namespace name 'MeanSquaredError<>' could not be found (are you missing a using directive or an assembly reference?) [C:\Users\cheat\source\repos\worktrees\pr-481-1763014665\src\AiDotNet.csproj::TargetFramework=net8.0]
C:\Users\cheat\source\repos\worktrees\pr-481-1763014665\src\Models\Options\DoubleDQNOptions.cs(15,62): error CS0246: The type or namespace name 'MeanSquaredError<>' could not be found (are you missing a using directive or an assembly reference?) [C:\Users\cheat\source\repos\worktrees\pr-481-1763014665\src\AiDotNet.csproj::TargetFramework=net8.0]
C:\Users\cheat\source\repos\worktrees\pr-481-1763014665\src\Models\Options\CQLOptions.cs(52,63): error CS0246: The type or namespace name 'MeanSquaredError<>' could not be found (are you missing a using directive or an assembly reference?) [C:\Users\cheat\source\repos\worktrees\pr-481-1763014665\src\AiDotNet.csproj::TargetFramework=net8.0]
C:\Users\cheat\source\repos\worktrees\pr-481-1763014665\src\ReinforcementLearning\Agents\DoubleDQN\DoubleDQNAgent.cs(109,97): error CS0246: The type or namespace name 'LinearActivation<>' could not be found (are you missing a using directive or an assembly reference?) [C:\Users\cheat\source\repos\worktrees\pr-481-1763014665\src\AiDotNet.csproj::TargetFramework=net8.0]
C:\Users\cheat\source\repos\worktrees\pr-481-1763014665\src\ReinforcementLearning\Agents\DoubleDQN\DoubleDQNAgent.cs(111,32): error CS1729: 'NeuralNetworkArchitecture<T>' does not contain a constructor that takes 0 arguments [C:\Users\cheat\source\repos\worktrees\pr-481-1763014665\src\AiDotNet.csproj::TargetFramework=net8.0]
C:\Users\cheat\source\repos\worktrees\pr-481-1763014665\src\ReinforcementLearning\Agents\DoubleDQN\DoubleDQNAgent.cs(113,13): error CS0200: Property or indexer 'NeuralNetworkArchitecture<T>.Layers' cannot be assigned to -- it is read only [C:\Users\cheat\source\repos\worktrees\pr-481-1763014665\src\AiDotNet.csproj::TargetFramework=net8.0]
C:\Users\cheat\source\repos\worktrees\pr-481-1763014665\src\ReinforcementLearning\Agents\DoubleDQN\DoubleDQNAgent.cs(114,13): error CS0200: Property or indexer 'NeuralNetworkArchitecture<T>.TaskType' cannot be assigned to -- it is read only [C:\Users\cheat\source\repos\worktrees\pr-481-1763014665\src\AiDotNet.csproj::TargetFramework=net8.0]
C:\Users\cheat\source\repos\worktrees\pr-481-1763014665\src\ReinforcementLearning\Agents\DoubleDQN\DoubleDQNAgent.cs(131,41): error CS1503: Argument 1: cannot convert from 'AiDotNet.LinearAlgebra.Vector<T>' to 'AiDotNet.LinearAlgebra.Tensor<T>' [C:\Users\cheat\source\repos\worktrees\pr-481-1763014665\src\AiDotNet.csproj::TargetFramework=net8.0]
C:\Users\cheat\source\repos\worktrees\pr-481-1763014665\src\ReinforcementLearning\Agents\DoubleDQN\DoubleDQNAgent.cs(132,33): error CS1503: Argument 1: cannot convert from 'AiDotNet.LinearAlgebra.Tensor<T>' to 'AiDotNet.LinearAlgebra.Vector<T>' [C:\Users\cheat\source\repos\worktrees\pr-481-1763014665\src\AiDotNet.csproj::TargetFramework=net8.0]
C:\Users\cheat\source\repos\worktrees\pr-481-1763014665\src\ReinforcementLearning\Agents\DoubleDQN\DoubleDQNAgent.cs(142,31): error CS0104: 'Experience<>' is an ambiguous reference between 'AiDotNet.NeuralNetworks.Experience<T>' and 'AiDotNet.ReinforcementLearning.ReplayBuffers.Experience<T>' [C:\Users\cheat\source\repos\worktrees\pr-481-1763014665\src\AiDotNet.csproj::TargetFramework=net8.0]
C:\Users\cheat\source\repos\worktrees\pr-481-1763014665\src\ReinforcementLearning\Agents\AdvancedRL\LSTDAgent.cs(314,37): error CS1503: Argument 1: cannot convert from 'AiDotNet.LinearAlgebra.Matrix<T>' to 'AiDotNet.LinearAlgebra.Vector<T>' [C:\Users\cheat\source\repos\worktrees\pr-481-1763014665\src\AiDotNet.csproj::TargetFramework=net8.0]
C:\Users\cheat\source\repos\worktrees\pr-481-1763014665\src\ReinforcementLearning\Agents\AdvancedRL\LSTDAgent.cs(314,68): error CS1503: Argument 2: cannot convert from 'AiDotNet.LinearAlgebra.Matrix<T>' to 'AiDotNet.LinearAlgebra.Vector<T>' [C:\Users\cheat\source\repos\worktrees\pr-481-1763014665\src\AiDotNet.csproj::TargetFramework=net8.0]
C:\Users\cheat\source\repos\worktrees\pr-481-1763014665\src\ReinforcementLearning\Agents\AdvancedRL\LSTDAgent.cs(315,43): error CS1503: Argument 1: cannot convert from 'AiDotNet.LinearAlgebra.Matrix<T>' to 'AiDotNet.LinearAlgebra.Vector<T>' [C:\Users\cheat\source\repos\worktrees\pr-481-1763014665\src\AiDotNet.csproj::TargetFramework=net8.0]
C:\Users\cheat\source\repos\worktrees\pr-481-1763014665\src\ReinforcementLearning\Agents\AdvancedRL\LSTDAgent.cs(315,74): error CS1503: Argument 2: cannot convert from 'AiDotNet.LinearAlgebra.Matrix<T>' to 'AiDotNet.LinearAlgebra.Vector<T>' [C:\Users\cheat\source\repos\worktrees\pr-481-1763014665\src\AiDotNet.csproj::TargetFramework=net8.0]
C:\Users\cheat\source\repos\worktrees\pr-481-1763014665\src\ReinforcementLearning\Agents\DoubleDQN\DoubleDQNAgent.cs(170,59): error CS1503: Argument 1: cannot convert from 'AiDotNet.LinearAlgebra.Vector<T>' to 'AiDotNet.LinearAlgebra.Tensor<T>' [C:\Users\cheat\source\repos\worktrees\pr-481-1763014665\src\AiDotNet.csproj::TargetFramework=net8.0]
C:\Users\cheat\source\repos\worktrees\pr-481-1763014665\src\ReinforcementLearning\Agents\DoubleDQN\DoubleDQNAgent.cs(171,46): error CS1503: Argument 1: cannot convert from 'AiDotNet.LinearAlgebra.Tensor<T>' to 'AiDotNet.LinearAlgebra.Vector<T>' [C:\Users\cheat\source\repos\worktrees\pr-481-1763014665\src\AiDotNet.csproj::TargetFramework=net8.0]
C:\Users\cheat\source\repos\worktrees\pr-481-1763014665\src\ReinforcementLearning\Agents\DoubleDQN\DoubleDQNAgent.cs(174,64): error CS1503: Argument 1: cannot convert from 'AiDotNet.LinearAlgebra.Vector<T>' to 'AiDotNet.LinearAlgebra.Tensor<T>' [C:\Users\cheat\source\repos\worktrees\pr-481-1763014665\src\AiDotNet.csproj::TargetFramework=net8.0]
C:\Users\cheat\source\repos\worktrees\pr-481-1763014665\src\ReinforcementLearning\Agents\DoubleDQN\DoubleDQNAgent.cs(181,52): error CS1503: Argument 1: cannot convert from 'AiDotNet.LinearAlgebra.Vector<T>' to 'AiDotNet.LinearAlgebra.Tensor<T>' [C:\Users\cheat\source\repos\worktrees\pr-481-1763014665\src\AiDotNet.csproj::TargetFramework=net8.0]
C:\Users\cheat\source\repos\worktrees\pr-481-1763014665\src\ReinforcementLearning\Agents\DoubleDQN\DoubleDQNAgent.cs(187,51): error CS1503: Argument 1: cannot convert from 'AiDotNet.LinearAlgebra.Tensor<T>' to 'AiDotNet.LinearAlgebra.Vector<T>' [C:\Users\cheat\source\repos\worktrees\pr-481-1763014665\src\AiDotNet.csproj::TargetFramework=net8.0]
C:\Users\cheat\source\repos\worktrees\pr-481-1763014665\src\ReinforcementLearning\Agents\DoubleDQN\DoubleDQNAgent.cs(187,67): error CS1503: Argument 2: cannot convert from 'AiDotNet.LinearAlgebra.Tensor<T>' to 'AiDotNet.LinearAlgebra.Vector<T>' [C:\Users\cheat\source\repos\worktrees\pr-481-1763014665\src\AiDotNet.csproj::TargetFramework=net8.0]
C:\Users\cheat\source\repos\worktrees\pr-481-1763014665\src\ReinforcementLearning\Agents\DoubleDQN\DoubleDQNAgent.cs(190,42): error CS1061: 'ILossFunction<T>' does not contain a definition for 'ComputeGradient' and no accessible extension method 'ComputeGradient' accepting a first argument of type 'ILossFunction<T>' could be found (are you missing a using directive or an assembly reference?) [C:\Users\cheat\source\repos\worktrees\pr-481-1763014665\src\AiDotNet.csproj::TargetFramework=net8.0]
C:\Users\cheat\source\repos\worktrees\pr-481-1763014665\src\ReinforcementLearning\Agents\DoubleDQN\DoubleDQNAgent.cs(194,44): error CS1061: 'NeuralNetwork<T>' does not contain a definition for 'GetFlattenedGradients' and no accessible extension method 'GetFlattenedGradients' accepting a first argument of type 'NeuralNetwork<T>' could be found (are you missing a using directive or an assembly reference?) [C:\Users\cheat\source\repos\worktrees\pr-481-1763014665\src\AiDotNet.csproj::TargetFramework=net8.0]
C:\Users\cheat\source\repos\worktrees\pr-481-1763014665\src\ReinforcementLearning\Agents\REINFORCE\REINFORCEAgent.cs(59,32): error CS0246: The type or namespace name 'MeanSquaredError<>' could not be found (are you missing a using directive or an assembly reference?) [C:\Users\cheat\source\repos\worktrees\pr-481-1763014665\src\AiDotNet.csproj::TargetFramework=net8.0]
C:\Users\cheat\source\repos\worktrees\pr-481-1763014665\src\ReinforcementLearning\Agents\REINFORCE\REINFORCEAgent.cs(85,88): error CS0246: The type or namespace name 'LinearActivation<>' could not be found (are you missing a using directive or an assembly reference?) [C:\Users\cheat\source\repos\worktrees\pr-481-1763014665\src\AiDotNet.csproj::TargetFramework=net8.0]
C:\Users\cheat\source\repos\worktrees\pr-481-1763014665\src\ReinforcementLearning\Agents\REINFORCE\REINFORCEAgent.cs(87,41): error CS1729: 'NeuralNetworkArchitecture<T>' does not contain a constructor that takes 0 arguments [C:\Users\cheat\source\repos\worktrees\pr-481-1763014665\src\AiDotNet.csproj::TargetFramework=net8.0]
C:\Users\cheat\source\repos\worktrees\pr-481-1763014665\src\ReinforcementLearning\Agents\REINFORCE\REINFORCEAgent.cs(89,13): error CS0200: Property or indexer 'NeuralNetworkArchitecture<T>.Layers' cannot be assigned to -- it is read only [C:\Users\cheat\source\repos\worktrees\pr-481-1763014665\src\AiDotNet.csproj::TargetFramework=net8.0]
C:\Users\cheat\source\repos\worktrees\pr-481-1763014665\src\ReinforcementLearning\Agents\REINFORCE\REINFORCEAgent.cs(90,13): error CS0200: Property or indexer 'NeuralNetworkArchitecture<T>.TaskType' cannot be assigned to -- it is read only [C:\Users\cheat\source\repos\worktrees\pr-481-1763014665\src\AiDotNet.csproj::TargetFramework=net8.0]
C:\Users\cheat\source\repos\worktrees\pr-481-1763014665\src\ReinforcementLearning\Agents\REINFORCE\REINFORCEAgent.cs(97,51): error CS1503: Argument 1: cannot convert from 'AiDotNet.LinearAlgebra.Vector<T>' to 'AiDotNet.LinearAlgebra.Tensor<T>' [C:\Users\cheat\source\repos\worktrees\pr-481-1763014665\src\AiDotNet.csproj::TargetFramework=net8.0]
C:\Users\cheat\source\repos\worktrees\pr-481-1763014665\src\ReinforcementLearning\Agents\REINFORCE\REINFORCEAgent.cs(101,43): error CS1503: Argument 1: cannot convert from 'AiDotNet.LinearAlgebra.Tensor<T>' to 'AiDotNet.LinearAlgebra.Vector<T>' [C:\Users\cheat\source\repos\worktrees\pr-481-1763014665\src\AiDotNet.csproj::TargetFramework=net8.0]
C:\Users\cheat\source\repos\worktrees\pr-481-1763014665\src\ReinforcementLearning\Agents\REINFORCE\REINFORCEAgent.cs(105,41): error CS1503: Argument 1: cannot convert from 'AiDotNet.LinearAlgebra.Tensor<T>' to 'AiDotNet.LinearAlgebra.Vector<T>' [C:\Users\cheat\source\repos\worktrees\pr-481-1763014665\src\AiDotNet.csproj::TargetFramework=net8.0]
C:\Users\cheat\source\repos\worktrees\pr-481-1763014665\src\ReinforcementLearning\Agents\DoubleQLearning\DoubleQLearningAgent.cs(211,25): error CS0029: Cannot implicitly convert type 'string' to 'AiDotNet.Enums.ModelType' [C:\Users\cheat\source\repos\worktrees\pr-481-1763014665\src\AiDotNet.csproj::TargetFramework=net8.0]
C:\Users\cheat\source\repos\worktrees\pr-481-1763014665\src\ReinforcementLearning\Agents\DoubleDQN\DoubleDQNAgent.cs(330,40): error CS1503: Argument 1: cannot convert from 'AiDotNet.LinearAlgebra.Vector<T>' to 'AiDotNet.LinearAlgebra.Tensor<T>' [C:\Users\cheat\source\repos\worktrees\pr-481-1763014665\src\AiDotNet.csproj::TargetFramework=net8.0]
C:\Users\cheat\source\repos\worktrees\pr-481-1763014665\src\ReinforcementLearning\Agents\DoubleDQN\DoubleDQNAgent.cs(331,44): error CS1503: Argument 1: cannot convert from 'AiDotNet.LinearAlgebra.Tensor<T>' to 'AiDotNet.LinearAlgebra.Vector<T>' [C:\Users\cheat\source\repos\worktrees\pr-481-1763014665\src\AiDotNet.csproj::TargetFramework=net8.0]
C:\Users\cheat\source\repos\worktrees\pr-481-1763014665\src\ReinforcementLearning\Agents\DoubleDQN\DoubleDQNAgent.cs(332,29): error CS1061: 'ILossFunction<T>' does not contain a definition for 'ComputeGradient' and no accessible extension method 'ComputeGradient' accepting a first argument of type 'ILossFunction<T>' could be found (are you missing a using directive or an assembly reference?) [C:\Users\cheat\source\repos\worktrees\pr-481-1763014665\src\AiDotNet.csproj::TargetFramework=net8.0]
C:\Users\cheat\source\repos\worktrees\pr-481-1763014665\src\ReinforcementLearning\Agents\DoubleDQN\DoubleDQNAgent.cs(335,40): error CS1061: 'NeuralNetwork<T>' does not contain a definition for 'GetFlattenedGradients' and no accessible extension method 'GetFlattenedGradients' accepting a first argument of type 'NeuralNetwork<T>' could be found (are you missing a using directive or an assembly reference?) [C:\Users\cheat\source\repos\worktrees\pr-481-1763014665\src\AiDotNet.csproj::TargetFramework=net8.0]
C:\Users\cheat\source\repos\worktrees\pr-481-1763014665\src\ReinforcementLearning\Agents\REINFORCE\REINFORCEAgent.cs(154,51): error CS1503: Argument 1: cannot convert from 'AiDotNet.LinearAlgebra.Vector<T>' to 'AiDotNet.LinearAlgebra.Tensor<T>' [C:\Users\cheat\source\repos\worktrees\pr-481-1763014665\src\AiDotNet.csproj::TargetFramework=net8.0]
C:\Users\cheat\source\repos\worktrees\pr-481-1763014665\src\ReinforcementLearning\Agents\REINFORCE\REINFORCEAgent.cs(182,33): error CS1503: Argument 1: cannot convert from 'AiDotNet.LinearAlgebra.Tensor<T>' to 'AiDotNet.LinearAlgebra.Vector<T>' [C:\Users\cheat\source\repos\worktrees\pr-481-1763014665\src\AiDotNet.csproj::TargetFramework=net8.0]
C:\Users\cheat\source\repos\worktrees\pr-481-1763014665\src\ReinforcementLearning\Agents\Dreamer\DreamerAgent.cs(59,12): error CS8618: Non-nullable field '_representationNetwork' must contain a non-null value when exiting constructor. Consider adding the 'required' modifier or declaring the field as nullable. [C:\Users\cheat\source\repos\worktrees\pr-481-1763014665\src\AiDotNet.csproj::TargetFramework=net8.0]
C:\Users\cheat\source\repos\worktrees\pr-481-1763014665\src\ReinforcementLearning\Agents\Dreamer\DreamerAgent.cs(59,12): error CS8618: Non-nullable field '_dynamicsNetwork' must contain a non-null value when exiting constructor. Consider adding the 'required' modifier or declaring the field as nullable. [C:\Users\cheat\source\repos\worktrees\pr-481-1763014665\src\AiDotNet.csproj::TargetFramework=net8.0]
C:\Users\cheat\source\repos\worktrees\pr-481-1763014665\src\ReinforcementLearning\Agents\Dreamer\DreamerAgent.cs(59,12): error CS8618: Non-nullable field '_rewardNetwork' must contain a non-null value when exiting constructor. Consider adding the 'required' modifier or declaring the field as nullable. [C:\Users\cheat\source\repos\worktrees\pr-481-1763014665\src\AiDotNet.csproj::TargetFramework=net8.0]
C:\Users\cheat\source\repos\worktrees\pr-481-1763014665\src\ReinforcementLearning\Agents\Dreamer\DreamerAgent.cs(59,12): error CS8618: Non-nullable field '_continueNetwork' must contain a non-null value when exiting constructor. Consider adding the 'required' modifier or declaring the field as nullable. [C:\Users\cheat\source\repos\worktrees\pr-481-1763014665\src\AiDotNet.csproj::TargetFramework=net8.0]
C:\Users\cheat\source\repos\worktrees\pr-481-1763014665\src\ReinforcementLearning\Agents\Dreamer\DreamerAgent.cs(59,12): error CS8618: Non-nullable field '_actorNetwork' must contain a non-null value when exiting constructor. Consider adding the 'required' modifier or declaring the field as nullable. [C:\Users\cheat\source\repos\worktrees\pr-481-1763014665\src\AiDotNet.csproj::TargetFramework=net8.0]
C:\Users\cheat\source\repos\worktrees\pr-481-1763014665\src\ReinforcementLearning\Agents\Dreamer\DreamerAgent.cs(59,12): error CS8618: Non-nullable field '_valueNetwork' must contain a non-null value when exiting constructor. Consider adding the 'required' modifier or declaring the field as nullable. [C:\Users\cheat\source\repos\worktrees\pr-481-1763014665\src\AiDotNet.csproj::TargetFramework=net8.0]
C:\Users\cheat\source\repos\worktrees\pr-481-1763014665\src\ReinforcementLearning\Agents\Dreamer\DreamerAgent.cs(59,12): error CS8618: Non-nullable field '_replayBuffer' must contain a non-null value when exiting constructor. Consider adding the 'required' modifier or declaring the field as nullable. [C:\Users\cheat\source\repos\worktrees\pr-481-1763014665\src\AiDotNet.csproj::TargetFramework=net8.0]
C:\Users\cheat\source\repos\worktrees\pr-481-1763014665\src\ReinforcementLearning\Agents\Dreamer\DreamerAgent.cs(97,27): error CS7036: There is no argument given that corresponds to the required parameter 'architecture' of 'NeuralNetwork<T>.NeuralNetwork(NeuralNetworkArchitecture<T>, ILossFunction<T>?)' [C:\Users\cheat\source\repos\worktrees\pr-481-1763014665\src\AiDotNet.csproj::TargetFramework=net8.0]
C:\Users\cheat\source\repos\worktrees\pr-481-1763014665\src\ReinforcementLearning\Agents\Dreamer\DreamerAgent.cs(102,21): error CS7036: There is no argument given that corresponds to the required parameter 'units' of 'NeuralNetworkBase<T>.AddLayer(LayerType, int, ActivationFunction)' [C:\Users\cheat\source\repos\worktrees\pr-481-1763014665\src\AiDotNet.csproj::TargetFramework=net8.0]
C:\Users\cheat\source\repos\worktrees\pr-481-1763014665\src\ReinforcementLearning\Agents\Dreamer\DreamerAgent.cs(103,57): error CS0246: The type or namespace name 'ReLU<>' could not be found (are you missing a using directive or an assembly reference?) [C:\Users\cheat\source\repos\worktrees\pr-481-1763014665\src\AiDotNet.csproj::TargetFramework=net8.0]
C:\Users\cheat\source\repos\worktrees\pr-481-1763014665\src\ReinforcementLearning\Agents\Dreamer\DreamerAgent.cs(103,34): error CS1729: 'ActivationLayer<T>' does not contain a constructor that takes 1 arguments [C:\Users\cheat\source\repos\worktrees\pr-481-1763014665\src\AiDotNet.csproj::TargetFramework=net8.0]
C:\Users\cheat\source\repos\worktrees\pr-481-1763014665\src\ReinforcementLearning\Agents\Dreamer\DreamerAgent.cs(107,17): error CS7036: There is no argument given that corresponds to the required parameter 'units' of 'NeuralNetworkBase<T>.AddLayer(LayerType, int, ActivationFunction)' [C:\Users\cheat\source\repos\worktrees\pr-481-1763014665\src\AiDotNet.csproj::TargetFramework=net8.0]
C:\Users\cheat\source\repos\worktrees\pr-481-1763014665\src\ReinforcementLearning\Agents\DQN\DQNAgent.cs(118,100): error CS0246: The type or namespace name 'LinearActivation<>' could not be found (are you missing a using directive or an assembly reference?) [C:\Users\cheat\source\repos\worktrees\pr-481-1763014665\src\AiDotNet.csproj::TargetFramework=net8.0]
C:\Users\cheat\source\repos\worktrees\pr-481-1763014665\src\ReinforcementLearning\Agents\DQN\DQNAgent.cs(121,32): error CS1729: 'NeuralNetworkArchitecture<T>' does not contain a constructor that takes 0 arguments [C:\Users\cheat\source\repos\worktrees\pr-481-1763014665\src\AiDotNet.csproj::TargetFramework=net8.0]
C:\Users\cheat\source\repos\worktrees\pr-481-1763014665\src\ReinforcementLearning\Agents\DQN\DQNAgent.cs(123,13): error CS0200: Property or indexer 'NeuralNetworkArchitecture<T>.Layers' cannot be assigned to -- it is read only [C:\Users\cheat\source\repos\worktrees\pr-481-1763014665\src\AiDotNet.csproj::TargetFramework=net8.0]
C:\Users\cheat\source\repos\worktrees\pr-481-1763014665\src\ReinforcementLearning\Agents\DQN\DQNAgent.cs(124,13): error CS0200: Property or indexer 'NeuralNetworkArchitecture<T>.TaskType' cannot be assigned to -- it is read only [C:\Users\cheat\source\repos\worktrees\pr-481-1763014665\src\AiDotNet.csproj::TargetFramework=net8.0]
C:\Users\cheat\source\repos\worktrees\pr-481-1763014665\src\ReinforcementLearning\Agents\Dreamer\DreamerAgent.cs(114,27): error CS7036: There is no argument given that corresponds to the required parameter 'architecture' of 'NeuralNetwork<T>.NeuralNetwork(NeuralNetworkArchitecture<T>, ILossFunction<T>?)' [C:\Users\cheat\source\repos\worktrees\pr-481-1763014665\src\AiDotNet.csproj::TargetFramework=net8.0]
C:\Users\cheat\source\repos\worktrees\pr-481-1763014665\src\ReinforcementLearning\Agents\Dreamer\DreamerAgent.cs(119,21): error CS7036: There is no argument given that corresponds to the required parameter 'units' of 'NeuralNetworkBase<T>.AddLayer(LayerType, int, ActivationFunction)' [C:\Users\cheat\source\repos\worktrees\pr-481-1763014665\src\AiDotNet.csproj::TargetFramework=net8.0]
C:\Users\cheat\source\repos\worktrees\pr-481-1763014665\src\ReinforcementLearning\Agents\Dreamer\DreamerAgent.cs(120,57): error CS0246: The type or namespace name 'ReLU<>' could not be found (are you missing a using directive or an assembly reference?) [C:\Users\cheat\source\repos\worktrees\pr-481-1763014665\src\AiDotNet.csproj::TargetFramework=net8.0]
C:\Users\cheat\source\repos\worktrees\pr-481-1763014665\src\ReinforcementLearning\Agents\Dreamer\DreamerAgent.cs(120,34): error CS1729: 'ActivationLayer<T>' does not contain a constructor that takes 1 arguments [C:\Users\cheat\source\repos\worktrees\pr-481-1763014665\src\AiDotNet.csproj::TargetFramework=net8.0]
C:\Users\cheat\source\repos\worktrees\pr-481-1763014665\src\ReinforcementLearning\Agents\Dreamer\DreamerAgent.cs(124,17): error CS7036: There is no argument given that corresponds to the required parameter 'units' of 'NeuralNetworkBase<T>.AddLayer(LayerType, int, ActivationFunction)' [C:\Users\cheat\source\repos\worktrees\pr-481-1763014665\src\AiDotNet.csproj::TargetFramework=net8.0]
C:\Users\cheat\source\repos\worktrees\pr-481-1763014665\src\ReinforcementLearning\Agents\Dreamer\DreamerAgent.cs(125,53): error CS0246: The type or namespace name 'Tanh<>' could not be found (are you missing a using directive or an assembly reference?) [C:\Users\cheat\source\repos\worktrees\pr-481-1763014665\src\AiDotNet.csproj::TargetFramework=net8.0]
C:\Users\cheat\source\repos\worktrees\pr-481-1763014665\src\ReinforcementLearning\Agents\Dreamer\DreamerAgent.cs(125,30): error CS1729: 'ActivationLayer<T>' does not contain a constructor that takes 1 arguments [C:\Users\cheat\source\repos\worktrees\pr-481-1763014665\src\AiDotNet.csproj::TargetFramework=net8.0]
C:\Users\cheat\source\repos\worktrees\pr-481-1763014665\src\ReinforcementLearning\Agents\DQN\DQNAgent.cs(144,41): error CS1503: Argument 1: cannot convert from 'AiDotNet.LinearAlgebra.Vector<T>' to 'AiDotNet.LinearAlgebra.Tensor<T>' [C:\Users\cheat\source\repos\worktrees\pr-481-1763014665\src\AiDotNet.csproj::TargetFramework=net8.0]
C:\Users\cheat\source\repos\worktrees\pr-481-1763014665\src\ReinforcementLearning\Agents\DQN\DQNAgent.cs(145,33): error CS1503: Argument 1: cannot convert from 'AiDotNet.LinearAlgebra.Tensor<T>' to 'AiDotNet.LinearAlgebra.Vector<T>' [C:\Users\cheat\source\repos\worktrees\pr-481-1763014665\src\AiDotNet.csproj::TargetFramework=net8.0]
C:\Users\cheat\source\repos\worktrees\pr-481-1763014665\src\ReinforcementLearning\Agents\DQN\DQNAgent.cs(155,30): error CS0104: 'Experience<>' is an ambiguous reference between 'AiDotNet.NeuralNetworks.Experience<T>' and 'AiDotNet.ReinforcementLearning.ReplayBuffers.Experience<T>' [C:\Users\cheat\source\repos\worktrees\pr-481-1763014665\src\AiDotNet.csproj::TargetFramework=net8.0]
C:\Users\cheat\source\repos\worktrees\pr-481-1763014665\src\ReinforcementLearning\Agents\Dreamer\DreamerAgent.cs(138,58): error CS1503: Argument 1: cannot convert from 'AiDotNet.LinearAlgebra.Vector<T>' to 'AiDotNet.LinearAlgebra.Tensor<T>' [C:\Users\cheat\source\repos\worktrees\pr-481-1763014665\src\AiDotNet.csproj::TargetFramework=net8.0]
C:\Users\cheat\source\repos\worktrees\pr-481-1763014665\src\ReinforcementLearning\Agents\Dreamer\DreamerAgent.cs(154,16): error CS0029: Cannot implicitly convert type 'AiDotNet.LinearAlgebra.Tensor<T>' to 'AiDotNet.LinearAlgebra.Vector<T>' [C:\Users\cheat\source\repos\worktrees\pr-481-1763014665\src\AiDotNet.csproj::TargetFramework=net8.0]
C:\Users\cheat\source\repos\worktrees\pr-481-1763014665\src\ReinforcementLearning\Agents\Dreamer\DreamerAgent.cs(159,23): error CS1501: No overload for method 'Add' takes 5 arguments [C:\Users\cheat\source\repos\worktrees\pr-481-1763014665\src\AiDotNet.csproj::TargetFramework=net8.0]
C:\Users\cheat\source\repos\worktrees\pr-481-1763014665\src\ReinforcementLearning\Agents\Dreamer\DreamerAgent.cs(172,44): error CS1503: Argument 1: cannot convert from 'System.Collections.Generic.List<AiDotNet.ReinforcementLearning.ReplayBuffers.Experience<T>>' to 'System.Collections.Generic.List<(AiDotNet.LinearAlgebra.Vector<T> observation, AiDotNet.LinearAlgebra.Vector<T> action, T reward, AiDotNet.LinearAlgebra.Vector<T> nextObservation, bool done)>' [C:\Users\cheat\source\repos\worktrees\pr-481-1763014665\src\AiDotNet.csproj::TargetFramework=net8.0]
C:\Users\cheat\source\repos\worktrees\pr-481-1763014665\src\ReinforcementLearning\Agents\REINFORCE\REINFORCEAgent.cs(220,55): error CS1503: Argument 1: cannot convert from 'AiDotNet.LinearAlgebra.Vector<T>' to 'AiDotNet.LinearAlgebra.Tensor<T>' [C:\Users\cheat\source\repos\worktrees\pr-481-1763014665\src\AiDotNet.csproj::TargetFramework=net8.0]
C:\Users\cheat\source\repos\worktrees\pr-481-1763014665\src\ReinforcementLearning\Agents\REINFORCE\REINFORCEAgent.cs(223,17): error CS0103: The name '_options' does not exist in the current context [C:\Users\cheat\source\repos\worktrees\pr-481-1763014665\src\AiDotNet.csproj::TargetFramework=net8.0]
C:\Users\cheat\source\repos\worktrees\pr-481-1763014665\src\ReinforcementLearning\Agents\REINFORCE\REINFORCEAgent.cs(227,34): error CS0103: The name '_options' does not exist in the current context [C:\Users\cheat\source\repos\worktrees\pr-481-1763014665\src\AiDotNet.csproj::TargetFramework=net8.0]
C:\Users\cheat\source\repos\worktrees\pr-481-1763014665\src\ReinforcementLearning\Agents\REINFORCE\REINFORCEAgent.cs(250,46): error CS1503: Argument 1: cannot convert from 'AiDotNet.LinearAlgebra.Tensor<T>' to 'AiDotNet.LinearAlgebra.Vector<T>' [C:\Users\cheat\source\repos\worktrees\pr-481-1763014665\src\AiDotNet.csproj::TargetFramework=net8.0]
C:\Users\cheat\source\repos\worktrees\pr-481-1763014665\src\ReinforcementLearning\Agents\REINFORCE\REINFORCEAgent.cs(262,42): error CS1503: Argument 1: cannot convert from 'AiDotNet.LinearAlgebra.Vector<T>' to 'AiDotNet.LinearAlgebra.Tensor<T>' [C:\Users\cheat\source\repos\worktrees\pr-481-1763014665\src\AiDotNet.csproj::TargetFramework=net8.0]
C:\Users\cheat\source\repos\worktrees\pr-481-1763014665\src\ReinforcementLearning\Agents\DQN\DQNAgent.cs(189,58): error CS1503: Argument 1: cannot convert from 'AiDotNet.LinearAlgebra.Vector<T>' to 'AiDotNet.LinearAlgebra.Tensor<T>' [C:\Users\cheat\source\repos\worktrees\pr-481-1763014665\src\AiDotNet.csproj::TargetFramework=net8.0]
C:\Users\cheat\source\repos\worktrees\pr-481-1763014665\src\ReinforcementLearning\Agents\DQN\DQNAgent.cs(190,36): error CS1503: Argument 1: cannot convert from 'AiDotNet.LinearAlgebra.Tensor<T>' to 'AiDotNet.LinearAlgebra.Vector<T>' [C:\Users\cheat\source\repos\worktrees\pr-481-1763014665\src\AiDotNet.csproj::TargetFramework=net8.0]
C:\Users\cheat\source\repos\worktrees\pr-481-1763014665\src\ReinforcementLearning\Agents\DQN\DQNAgent.cs(196,52): error CS1503: Argument 1: cannot convert from 'AiDotNet.LinearAlgebra.Vector<T>' to 'AiDotNet.LinearAlgebra.Tensor<T>' [C:\Users\cheat\source\repos\worktrees\pr-481-1763014665\src\AiDotNet.csproj::TargetFramework=net8.0]
C:\Users\cheat\source\repos\worktrees\pr-481-1763014665\src\ReinforcementLearning\Agents\DQN\DQNAgent.cs(204,51): error CS1503: Argument 1: cannot convert from 'AiDotNet.LinearAlgebra.Tensor<T>' to 'AiDotNet.LinearAlgebra.Vector<T>' [C:\Users\cheat\source\repos\worktrees\pr-481-1763014665\src\AiDotNet.csproj::TargetFramework=net8.0]
C:\Users\cheat\source\repos\worktrees\pr-481-1763014665\src\ReinforcementLearning\Agents\DQN\DQNAgent.cs(204,67): error CS1503: Argument 2: cannot convert from 'AiDotNet.LinearAlgebra.Tensor<T>' to 'AiDotNet.LinearAlgebra.Vector<T>' [C:\Users\cheat\source\repos\worktrees\pr-481-1763014665\src\AiDotNet.csproj::TargetFramework=net8.0]
C:\Users\cheat\source\repos\worktrees\pr-481-1763014665\src\ReinforcementLearning\Agents\DQN\DQNAgent.cs(208,42): error CS1061: 'ILossFunction<T>' does not contain a definition for 'ComputeGradient' and no accessible extension method 'ComputeGradient' accepting a first argument of type 'ILossFunction<T>' could be found (are you missing a using directive or an assembly reference?) [C:\Users\cheat\source\repos\worktrees\pr-481-1763014665\src\AiDotNet.csproj::TargetFramework=net8.0]
C:\Users\cheat\source\repos\worktrees\pr-481-1763014665\src\ReinforcementLearning\Agents\DQN\DQNAgent.cs(213,44): error CS1061: 'NeuralNetwork<T>' does not contain a definition for 'GetFlattenedGradients' and no accessible extension method 'GetFlattenedGradients' accepting a first argument of type 'NeuralNetwork<T>' could be found (are you missing a using directive or an assembly reference?) [C:\Users\cheat\source\repos\worktrees\pr-481-1763014665\src\AiDotNet.csproj::TargetFramework=net8.0]
C:\Users\cheat\source\repos\worktrees\pr-481-1763014665\src\ReinforcementLearning\Agents\REINFORCE\REINFORCEAgent.cs(321,36): error CS1061: 'NeuralNetwork<T>' does not contain a definition for 'GetFlattenedGradients' and no accessible extension method 'GetFlattenedGradients' accepting a first argument of type 'NeuralNetwork<T>' could be found (are you missing a using directive or an assembly reference?) [C:\Users\cheat\source\repos\worktrees\pr-481-1763014665\src\AiDotNet.csproj::TargetFramework=net8.0]
C:\Users\cheat\source\repos\worktrees\pr-481-1763014665\src\ReinforcementLearning\Agents\Dreamer\DreamerAgent.cs(189,73): error CS1061: '(Vector<T> observation, Vector<T> action, T reward, Vector<T> nextObservation, bool done)' does not contain a definition for 'State' and no accessible extension method 'State' accepting a first argument of type '(Vector<T> observation, Vector<T> action, T reward, Vector<T> nextObservation, bool done)' could be found (are you missing a using directive or an assembly reference?) [C:\Users\cheat\source\repos\worktrees\pr-481-1763014665\src\AiDotNet.csproj::TargetFramework=net8.0]
C:\Users\cheat\source\repos\worktrees\pr-481-1763014665\src\ReinforcementLearning\Agents\Dreamer\DreamerAgent.cs(190,77): error CS1061: '(Vector<T> observation, Vector<T> action, T reward, Vector<T> nextObservation, bool done)' does not contain a definition for 'NextState' and no accessible extension method 'NextState' accepting a first argument of type '(Vector<T> observation, Vector<T> action, T reward, Vector<T> nextObservation, bool done)' could be found (are you missing a using directive or an assembly reference?) [C:\Users\cheat\source\repos\worktrees\pr-481-1763014665\src\AiDotNet.csproj::TargetFramework=net8.0]
C:\Users\cheat\source\repos\worktrees\pr-481-1763014665\src\ReinforcementLearning\Agents\Dreamer\DreamerAgent.cs(193,76): error CS1061: '(Vector<T> observation, Vector<T> action, T reward, Vector<T> nextObservation, bool done)' does not contain a definition for 'Action' and no accessible extension method 'Action' accepting a first argument of type '(Vector<T> observation, Vector<T> action, T reward, Vector<T> nextObservation, bool done)' could be found (are you missing a using directive or an assembly reference?) [C:\Users\cheat\source\repos\worktrees\pr-481-1763014665\src\AiDotNet.csproj::TargetFramework=net8.0]
C:\Users\cheat\source\repos\worktrees\pr-481-1763014665\src\ReinforcementLearning\Agents\Dreamer\DreamerAgent.cs(194,64): error CS1503: Argument 1: cannot convert from 'AiDotNet.LinearAlgebra.Vector<T>' to 'AiDotNet.LinearAlgebra.Tensor<T>' [C:\Users\cheat\source\repos\worktrees\pr-481-1763014665\src\AiDotNet.csproj::TargetFramework=net8.0]
C:\Users\cheat\source\repos\worktrees\pr-481-1763014665\src\ReinforcementLearning\Agents\Dreamer\DreamerAgent.cs(206,57): error CS1061: '(Vector<T> observation, Vector<T> action, T reward, Vector<T> nextObservation, bool done)' does not contain a definition for 'Reward' and no accessible extension method 'Reward' accepting a first argument of type '(Vector<T> observation, Vector<T> action, T reward, Vector<T> nextObservation, bool done)' could be found (are you missing a using directive or an assembly reference?) [C:\Users\cheat\source\repos\worktrees\pr-481-1763014665\src\AiDotNet.csproj::TargetFramework=net8.0]
C:\Users\cheat\source\repos\worktrees\pr-481-1763014665\src\ReinforcementLearning\Agents\Dreamer\DreamerAgent.cs(226,30): error CS1061: 'INeuralNetwork<T>' does not contain a definition for 'Backpropagate' and no accessible extension method 'Backpropagate' accepting a first argument of type 'INeuralNetwork<T>' could be found (are you missing a using directive or an assembly reference?) [C:\Users\cheat\source\repos\worktrees\pr-481-1763014665\src\AiDotNet.csproj::TargetFramework=net8.0]
C:\Users\cheat\source\repos\worktrees\pr-481-1763014665\src\ReinforcementLearning\Agents\Dreamer\DreamerAgent.cs(227,47): error CS1503: Argument 1: cannot convert from 'T' to 'AiDotNet.LinearAlgebra.Vector<T>' [C:\Users\cheat\source\repos\worktrees\pr-481-1763014665\src\AiDotNet.csproj::TargetFramework=net8.0]
C:\Users\cheat\source\repos\worktrees\pr-481-1763014665\src\ReinforcementLearning\Agents\Dreamer\DreamerAgent.cs(231,28): error CS1061: 'INeuralNetwork<T>' does not contain a definition for 'Backpropagate' and no accessible extension method 'Backpropagate' accepting a first argument of type 'INeuralNetwork<T>' could be found (are you missing a using directive or an assembly reference?) [C:\Users\cheat\source\repos\worktrees\pr-481-1763014665\src\AiDotNet.csproj::TargetFramework=net8.0]
C:\Users\cheat\source\repos\worktrees\pr-481-1763014665\src\ReinforcementLearning\Agents\Dreamer\DreamerAgent.cs(232,45): error CS1503: Argument 1: cannot convert from 'T' to 'AiDotNet.LinearAlgebra.Vector<T>' [C:\Users\cheat\source\repos\worktrees\pr-481-1763014665\src\AiDotNet.csproj::TargetFramework=net8.0]
C:\Users\cheat\source\repos\worktrees\pr-481-1763014665\src\ReinforcementLearning\Agents\Dreamer\DreamerAgent.cs(236,30): error CS1061: 'INeuralNetwork<T>' does not contain a definition for 'Backpropagate' and no accessible extension method 'Backpropagate' accepting a first argument of type 'INeuralNetwork<T>' could be found (are you missing a using directive or an assembly reference?) [C:\Users\cheat\source\repos\worktrees\pr-481-1763014665\src\AiDotNet.csproj::TargetFramework=net8.0]
C:\Users\cheat\source\repos\worktrees\pr-481-1763014665\src\ReinforcementLearning\Agents\Dreamer\DreamerAgent.cs(237,47): error CS1503: Argument 1: cannot convert from 'T' to 'AiDotNet.LinearAlgebra.Vector<T>' [C:\Users\cheat\source\repos\worktrees\pr-481-1763014665\src\AiDotNet.csproj::TargetFramework=net8.0]
C:\Users\cheat\source\repos\worktrees\pr-481-1763014665\src\ReinforcementLearning\Agents\REINFORCE\REINFORCEAgent.cs(391,16): error CS0103: The name 'vector' does not exist in the current context [C:\Users\cheat\source\repos\worktrees\pr-481-1763014665\src\AiDotNet.csproj::TargetFramework=net8.0]
C:\Users\cheat\source\repos\worktrees\pr-481-1763014665\src\ReinforcementLearning\Agents\Dreamer\DreamerAgent.cs(258,62): error CS1503: Argument 1: cannot convert from 'AiDotNet.LinearAlgebra.Vector<T>' to 'AiDotNet.LinearAlgebra.Tensor<T>' [C:\Users\cheat\source\repos\worktrees\pr-481-1763014665\src\AiDotNet.csproj::TargetFramework=net8.0]
C:\Users\cheat\source\repos\worktrees\pr-481-1763014665\src\ReinforcementLearning\Agents\Dreamer\DreamerAgent.cs(261,53): error CS1503: Argument 1: cannot convert from 'AiDotNet.LinearAlgebra.Tensor<T>' to 'AiDotNet.LinearAlgebra.Vector<T>' [C:\Users\cheat\source\repos\worktrees\pr-481-1763014665\src\AiDotNet.csproj::TargetFramework=net8.0]
C:\Users\cheat\source\repos\worktrees\pr-481-1763014665\src\ReinforcementLearning\Agents\Dreamer\DreamerAgent.cs(270,27): error CS1061: 'INeuralNetwork<T>' does not contain a definition for 'Backpropagate' and no accessible extension method 'Backpropagate' accepting a first argument of type 'INeuralNetwork<T>' could be found (are you missing a using directive or an assembly reference?) [C:\Users\cheat\source\repos\worktrees\pr-481-1763014665\src\AiDotNet.csproj::TargetFramework=net8.0]
C:\Users\cheat\source\repos\worktrees\pr-481-1763014665\src\ReinforcementLearning\Agents\Dreamer\DreamerAgent.cs(271,44): error CS1503: Argument 1: cannot convert from 'T' to 'AiDotNet.LinearAlgebra.Vector<T>' [C:\Users\cheat\source\repos\worktrees\pr-481-1763014665\src\AiDotNet.csproj::TargetFramework=net8.0]
C:\Users\cheat\source\repos\worktrees\pr-481-1763014665\src\ReinforcementLearning\Agents\Dreamer\DreamerAgent.cs(281,27): error CS1061: 'INeuralNetwork<T>' does not contain a definition for 'Backpropagate' and no accessible extension method 'Backpropagate' accepting a first argument of type 'INeuralNetwork<T>' could be found (are you missing a using directive or an assembly reference?) [C:\Users\cheat\source\repos\worktrees\pr-481-1763014665\src\AiDotNet.csproj::TargetFramework=net8.0]
C:\Users\cheat\source\repos\worktrees\pr-481-1763014665\src\ReinforcementLearning\Agents\Dreamer\DreamerAgent.cs(282,44): error CS1503: Argument 1: cannot convert from 'T' to 'AiDotNet.LinearAlgebra.Vector<T>' [C:\Users\cheat\source\repos\worktrees\pr-481-1763014665\src\AiDotNet.csproj::TargetFramework=net8.0]
C:\Users\cheat\source\repos\worktrees\pr-481-1763014665\src\ReinforcementLearning\Agents\Dreamer\DreamerAgent.cs(299,48): error CS1503: Argument 1: cannot convert from 'AiDotNet.LinearAlgebra.Vector<T>' to 'AiDotNet.LinearAlgebra.Tensor<T>' [C:\Users\cheat\source\repos\worktrees\pr-481-1763014665\src\AiDotNet.csproj::TargetFramework=net8.0]
C:\Users\cheat\source\repos\worktrees\pr-481-1763014665\src\ReinforcementLearning\Agents\Dreamer\DreamerAgent.cs(302,49): error CS1503: Argument 1: cannot convert from 'AiDotNet.LinearAlgebra.Vector<T>' to 'AiDotNet.LinearAlgebra.Tensor<T>' [C:\Users\cheat\source\repos\worktrees\pr-481-1763014665\src\AiDotNet.csproj::TargetFramework=net8.0]
C:\Users\cheat\source\repos\worktrees\pr-481-1763014665\src\ReinforcementLearning\Agents\Dreamer\DreamerAgent.cs(306,65): error CS1503: Argument 2: cannot convert from 'AiDotNet.LinearAlgebra.Tensor<T>' to 'AiDotNet.LinearAlgebra.Vector<T>' [C:\Users\cheat\source\repos\worktrees\pr-481-1763014665\src\AiDotNet.csproj::TargetFramework=net8.0]
C:\Users\cheat\source\repos\worktrees\pr-481-1763014665\src\ReinforcementLearning\Agents\Dreamer\DreamerAgent.cs(307,52): error CS1503: Argument 1: cannot convert from 'AiDotNet.LinearAlgebra.Vector<T>' to 'AiDotNet.LinearAlgebra.Tensor<T>' [C:\Users\cheat\source\repos\worktrees\pr-481-1763014665\src\AiDotNet.csproj::TargetFramework=net8.0]
C:\Users\cheat\source\repos\worktrees\pr-481-1763014665\src\ReinforcementLearning\Agents\Dreamer\DreamerAgent.cs(310,57): error CS1503: Argument 1: cannot convert from 'AiDotNet.LinearAlgebra.Vector<T>' to 'AiDotNet.LinearAlgebra.Tensor<T>' [C:\Users\cheat\source\repos\worktrees\pr-481-1763014665\src\AiDotNet.csproj::TargetFramework=net8.0]
C:\Users\cheat\source\repos\worktrees\pr-481-1763014665\src\ReinforcementLearning\Agents\Dreamer\DreamerAgent.cs(311,24): error CS1061: 'INumericOperations<T>' does not contain a definition for 'Compare' and no accessible extension method 'Compare' accepting a first argument of type 'INumericOperations<T>' could be found (are you missing a using directive or an assembly reference?) [C:\Users\cheat\source\repos\worktrees\pr-481-1763014665\src\AiDotNet.csproj::TargetFramework=net8.0]
C:\Users\cheat\source\repos\worktrees\pr-481-1763014665\src\ReinforcementLearning\Agents\DQN\DQNAgent.cs(357,40): error CS1503: Argument 1: cannot convert from 'AiDotNet.LinearAlgebra.Vector<T>' to 'AiDotNet.LinearAlgebra.Tensor<T>' [C:\Users\cheat\source\repos\worktrees\pr-481-1763014665\src\AiDotNet.csproj::TargetFramework=net8.0]
C:\Users\cheat\source\repos\worktrees\pr-481-1763014665\src\ReinforcementLearning\Agents\DQN\DQNAgent.cs(358,44): error CS1503: Argument 1: cannot convert from 'AiDotNet.LinearAlgebra.Tensor<T>' to 'AiDotNet.LinearAlgebra.Vector<T>' [C:\Users\cheat\source\repos\worktrees\pr-481-1763014665\src\AiDotNet.csproj::TargetFramework=net8.0]
C:\Users\cheat\source\repos\worktrees\pr-481-1763014665\src\ReinforcementLearning\Agents\DQN\DQNAgent.cs(359,29): error CS1061: 'ILossFunction<T>' does not contain a definition for 'ComputeGradient' and no accessible extension method 'ComputeGradient' accepting a first argument of type 'ILossFunction<T>' could be found (are you missing a using directive or an assembly reference?) [C:\Users\cheat\source\repos\worktrees\pr-481-1763014665\src\AiDotNet.csproj::TargetFramework=net8.0]
C:\Users\cheat\source\repos\worktrees\pr-481-1763014665\src\ReinforcementLearning\Agents\DQN\DQNAgent.cs(362,40): error CS1061: 'NeuralNetwork<T>' does not contain a definition for 'GetFlattenedGradients' and no accessible extension method 'GetFlattenedGradients' accepting a first argument of type 'NeuralNetwork<T>' could be found (are you missing a using directive or an assembly reference?) [C:\Users\cheat\source\repos\worktrees\pr-481-1763014665\src\AiDotNet.csproj::TargetFramework=net8.0]
C:\Users\cheat\source\repos\worktrees\pr-481-1763014665\src\ReinforcementLearning\Agents\REINFORCE\REINFORCEAgent.cs(505,24): error CS1061: 'INumericOperations<T>' does not contain a definition for 'Compare' and no accessible extension method 'Compare' accepting a first argument of type 'INumericOperations<T>' could be found (are you missing a using directive or an assembly reference?) [C:\Users\cheat\source\repos\worktrees\pr-481-1763014665\src\AiDotNet.csproj::TargetFramework=net8.0]
C:\Users\cheat\source\repos\worktrees\pr-481-1763014665\src\ReinforcementLearning\Agents\Dreamer\DreamerAgent.cs(368,25): error CS0029: Cannot implicitly convert type 'string' to 'AiDotNet.Enums.ModelType' [C:\Users\cheat\source\repos\worktrees\pr-481-1763014665\src\AiDotNet.csproj::TargetFramework=net8.0]
C:\Users\cheat\source\repos\worktrees\pr-481-1763014665\src\ReinforcementLearning\Agents\Dreamer\DreamerAgent.cs(437,41): error CS1061: 'ILossFunction<T>' does not contain a definition for 'ComputeGradient' and no accessible extension method 'ComputeGradient' accepting a first argument of type 'ILossFunction<T>' could be found (are you missing a using directive or an assembly reference?) [C:\Users\cheat\source\repos\worktrees\pr-481-1763014665\src\AiDotNet.csproj::TargetFramework=net8.0]
C:\Users\cheat\source\repos\worktrees\pr-481-1763014665\src\ReinforcementLearning\Agents\Dreamer\DreamerAgent.cs(445,25): error CS1061: 'INeuralNetwork<T>' does not contain a definition for 'Backpropagate' and no accessible extension method 'Backpropagate' accepting a first argument of type 'INeuralNetwork<T>' could be found (are you missing a using directive or an assembly reference?) [C:\Users\cheat\source\repos\worktrees\pr-481-1763014665\src\AiDotNet.csproj::TargetFramework=net8.0]
C:\Users\cheat\source\repos\worktrees\pr-481-1763014665\src\ReinforcementLearning\Agents\Dreamer\DreamerAgent.cs(446,42): error CS1503: Argument 1: cannot convert from 'T' to 'AiDotNet.LinearAlgebra.Vector<T>' [C:\Users\cheat\source\repos\worktrees\pr-481-1763014665\src\AiDotNet.csproj::TargetFramework=net8.0]
C:\Users\cheat\source\repos\worktrees\pr-481-1763014665\src\NeuralNetworks\NeuralNetwork.cs(324,44): error CS1061: 'NeuralNetworkArchitecture<T>' does not contain a definition for 'NeuralNetworkTaskType' and no accessible extension method 'NeuralNetworkTaskType' accepting a first argument of type 'NeuralNetworkArchitecture<T>' could be found (are you missing a using directive or an assembly reference?) [C:\Users\cheat\source\repos\worktrees\pr-481-1763014665\src\AiDotNet.csproj::TargetFramework=net8.0]
C:\Users\cheat\source\repos\worktrees\pr-481-1763014665\src\NeuralNetworks\MixtureOfExpertsNeuralNetwork.cs(457,44): error CS1061: 'NeuralNetworkArchitecture<T>' does not contain a definition for 'NeuralNetworkTaskType' and no accessible extension method 'NeuralNetworkTaskType' accepting a first argument of type 'NeuralNetworkArchitecture<T>' could be found (are you missing a using directive or an assembly reference?) [C:\Users\cheat\source\repos\worktrees\pr-481-1763014665\src\AiDotNet.csproj::TargetFramework=net8.0]
C:\Users\cheat\source\repos\worktrees\pr-481-1763014665\src\ReinforcementLearning\Agents\ReinforcementLearningAgentBase.cs(343,14): error CS8618: Non-nullable property 'LearningRate' must contain a non-null value when exiting constructor. Consider adding the 'required' modifier or declaring the property as nullable. [C:\Users\cheat\source\repos\worktrees\pr-481-1763014665\src\AiDotNet.csproj::TargetFramework=net8.0]
C:\Users\cheat\source\repos\worktrees\pr-481-1763014665\src\ReinforcementLearning\Agents\ReinforcementLearningAgentBase.cs(348,14): error CS8618: Non-nullable property 'DiscountFactor' must contain a non-null value when exiting constructor. Consider adding the 'required' modifier or declaring the property as nullable. [C:\Users\cheat\source\repos\worktrees\pr-481-1763014665\src\AiDotNet.csproj::TargetFramework=net8.0]
C:\Users\cheat\source\repos\worktrees\pr-481-1763014665\src\ReinforcementLearning\Agents\ReinforcementLearningAgentBase.cs(353,29): error CS8618: Non-nullable property 'LossFunction' must contain a non-null value when exiting constructor. Consider adding the 'required' modifier or declaring the property as nullable. [C:\Users\cheat\source\repos\worktrees\pr-481-1763014665\src\AiDotNet.csproj::TargetFramework=net8.0]
C:\Users\cheat\source\repos\worktrees\pr-481-1763014665\src\NeuralNetworks\FeedForwardNeuralNetwork.cs(320,44): error CS1061: 'NeuralNetworkArchitecture<T>' does not contain a definition for 'NeuralNetworkTaskType' and no accessible extension method 'NeuralNetworkTaskType' accepting a first argument of type 'NeuralNetworkArchitecture<T>' could be found (are you missing a using directive or an assembly reference?) [C:\Users\cheat\source\repos\worktrees\pr-481-1763014665\src\AiDotNet.csproj::TargetFramework=net8.0]
C:\Users\cheat\source\repos\worktrees\pr-481-1763014665\src\ReinforcementLearning\Agents\Rainbow\RainbowDQNAgent.cs(53,12): error CS8618: Non-nullable field '_onlineNetwork' must contain a non-null value when exiting constructor. Consider adding the 'required' modifier or declaring the field as nullable. [C:\Users\cheat\source\repos\worktrees\pr-481-1763014665\src\AiDotNet.csproj::TargetFramework=net8.0]
C:\Users\cheat\source\repos\worktrees\pr-481-1763014665\src\ReinforcementLearning\Agents\Rainbow\RainbowDQNAgent.cs(53,12): error CS8618: Non-nullable field '_targetNetwork' must contain a non-null value when exiting constructor. Consider adding the 'required' modifier or declaring the field as nullable. [C:\Users\cheat\source\repos\worktrees\pr-481-1763014665\src\AiDotNet.csproj::TargetFramework=net8.0]
C:\Users\cheat\source\repos\worktrees\pr-481-1763014665\src\ReinforcementLearning\Agents\Rainbow\RainbowDQNAgent.cs(53,12): error CS8618: Non-nullable field '_replayBuffer' must contain a non-null value when exiting constructor. Consider adding the 'required' modifier or declaring the field as nullable. [C:\Users\cheat\source\repos\worktrees\pr-481-1763014665\src\AiDotNet.csproj::TargetFramework=net8.0]
C:\Users\cheat\source\repos\worktrees\pr-481-1763014665\src\ReinforcementLearning\Agents\Rainbow\RainbowDQNAgent.cs(97,32): error CS1729: 'NeuralNetworkArchitecture<T>' does not contain a constructor that takes 0 arguments [C:\Users\cheat\source\repos\worktrees\pr-481-1763014665\src\AiDotNet.csproj::TargetFramework=net8.0]
C:\Users\cheat\source\repos\worktrees\pr-481-1763014665\src\ReinforcementLearning\Agents\Rainbow\RainbowDQNAgent.cs(99,13): error CS0200: Property or indexer 'NeuralNetworkArchitecture<T>.TaskType' cannot be assigned to -- it is read only [C:\Users\cheat\source\repos\worktrees\pr-481-1763014665\src\AiDotNet.csproj::TargetFramework=net8.0]
C:\Users\cheat\source\repos\worktrees\pr-481-1763014665\src\ReinforcementLearning\Agents\Rainbow\RainbowDQNAgent.cs(105,9): error CS0200: Property or indexer 'NeuralNetworkArchitecture<T>.Layers' cannot be assigned to -- it is read only [C:\Users\cheat\source\repos\worktrees\pr-481-1763014665\src\AiDotNet.csproj::TargetFramework=net8.0]
C:\Users\cheat\source\repos\worktrees\pr-481-1763014665\src\ReinforcementLearning\Agents\Rainbow\RainbowDQNAgent.cs(139,45): error CS1503: Argument 1: cannot convert from 'AiDotNet.LinearAlgebra.Vector<T>' to 'AiDotNet.LinearAlgebra.Tensor<T>' [C:\Users\cheat\source\repos\worktrees\pr-481-1763014665\src\AiDotNet.csproj::TargetFramework=net8.0]
C:\Users\cheat\source\repos\worktrees\pr-481-1763014665\src\ReinforcementLearning\Agents\Rainbow\RainbowDQNAgent.cs(163,16): error CS0029: Cannot implicitly convert type 'AiDotNet.LinearAlgebra.Tensor<T>' to 'AiDotNet.LinearAlgebra.Vector<T>' [C:\Users\cheat\source\repos\worktrees\pr-481-1763014665\src\AiDotNet.csproj::TargetFramework=net8.0]
C:\Users\cheat\source\repos\worktrees\pr-481-1763014665\src\ReinforcementLearning\Agents\Rainbow\RainbowDQNAgent.cs(254,37): error CS1061: '(Vector<T> state, Vector<T> action, T reward, Vector<T> nextState, bool done)' does not contain a definition for 'Reward' and no accessible extension method 'Reward' accepting a first argument of type '(Vector<T> state, Vector<T> action, T reward, Vector<T> nextState, bool done)' could be found (are you missing a using directive or an assembly reference?) [C:\Users\cheat\source\repos\worktrees\pr-481-1763014665\src\AiDotNet.csproj::TargetFramework=net8.0]
C:\Users\cheat\source\repos\worktrees\pr-481-1763014665\src\ReinforcementLearning\Agents\Rainbow\RainbowDQNAgent.cs(263,48): error CS1061: '(Vector<T> state, Vector<T> action, T reward, Vector<T> nextState, bool done)' does not contain a definition for 'Reward' and no accessible extension method 'Reward' accepting a first argument of type '(Vector<T> state, Vector<T> action, T reward, Vector<T> nextState, bool done)' could be found (are you missing a using directive or an assembly reference?) [C:\Users\cheat\source\repos\worktrees\pr-481-1763014665\src\AiDotNet.csproj::TargetFramework=net8.0]
C:\Users\cheat\source\repos\worktrees\pr-481-1763014665\src\ReinforcementLearning\Agents\Rainbow\RainbowDQNAgent.cs(268,49): error CS1061: '(Vector<T> state, Vector<T> action, T reward, Vector<T> nextState, bool done)' does not contain a definition for 'Action' and no accessible extension method 'Action' accepting a first argument of type '(Vector<T> state, Vector<T> action, T reward, Vector<T> nextState, bool done)' could be found (are you missing a using directive or an assembly reference?) [C:\Users\cheat\source\repos\worktrees\pr-481-1763014665\src\AiDotNet.csproj::TargetFramework=net8.0]
C:\Users\cheat\source\repos\worktrees\pr-481-1763014665\src\ReinforcementLearning\Agents\Rainbow\RainbowDQNAgent.cs(285,28): error CS1061: 'INeuralNetwork<T>' does not contain a definition for 'Backpropagate' and no accessible extension method 'Backpropagate' accepting a first argument of type 'INeuralNetwork<T>' could be found (are you missing a using directive or an assembly reference?) [C:\Users\cheat\source\repos\worktrees\pr-481-1763014665\src\AiDotNet.csproj::TargetFramework=net8.0]
C:\Users\cheat\source\repos\worktrees\pr-481-1763014665\src\ReinforcementLearning\Agents\Rainbow\RainbowDQNAgent.cs(286,45): error CS1503: Argument 1: cannot convert from 'T' to 'AiDotNet.LinearAlgebra.Vector<T>' [C:\Users\cheat\source\repos\worktrees\pr-481-1763014665\src\AiDotNet.csproj::TargetFramework=net8.0]
C:\Users\cheat\source\repos\worktrees\pr-481-1763014665\src\ReinforcementLearning\Agents\Rainbow\RainbowDQNAgent.cs(305,30): error CS1061: 'INeuralNetwork<T>' does not contain a definition for 'Forward' and no accessible extension method 'Forward' accepting a first argument of type 'INeuralNetwork<T>' could be found (are you missing a using directive or an assembly reference?) [C:\Users\cheat\source\repos\worktrees\pr-481-1763014665\src\AiDotNet.csproj::TargetFramework=net8.0]
C:\Users\cheat\source\repos\worktrees\pr-481-1763014665\src\ReinforcementLearning\Agents\Rainbow\RainbowDQNAgent.cs(373,25): error CS0029: Cannot implicitly convert type 'string' to 'AiDotNet.Enums.ModelType' [C:\Users\cheat\source\repos\worktrees\pr-481-1763014665\src\AiDotNet.csproj::TargetFramework=net8.0]
C:\Users\cheat\source\repos\worktrees\pr-481-1763014665\src\ReinforcementLearning\Agents\Rainbow\RainbowDQNAgent.cs(438,51): error CS1503: Argument 1: cannot convert from 'AiDotNet.LinearAlgebra.Matrix<T>' to 'AiDotNet.LinearAlgebra.Vector<T>' [C:\Users\cheat\source\repos\worktrees\pr-481-1763014665\src\AiDotNet.csproj::TargetFramework=net8.0]
C:\Users\cheat\source\repos\worktrees\pr-481-1763014665\src\ReinforcementLearning\Agents\Rainbow\RainbowDQNAgent.cs(438,88): error CS1503: Argument 2: cannot convert from 'AiDotNet.LinearAlgebra.Matrix<T>' to 'AiDotNet.LinearAlgebra.Vector<T>' [C:\Users\cheat\source\repos\worktrees\pr-481-1763014665\src\AiDotNet.csproj::TargetFramework=net8.0]
C:\Users\cheat\source\repos\worktrees\pr-481-1763014665\src\ReinforcementLearning\Agents\Rainbow\RainbowDQNAgent.cs(440,67): error CS1503: Argument 1: cannot convert from 'AiDotNet.LinearAlgebra.Matrix<T>' to 'AiDotNet.LinearAlgebra.Vector<T>' [C:\Users\cheat\source\repos\worktrees\pr-481-1763014665\src\AiDotNet.csproj::TargetFramework=net8.0]
C:\Users\cheat\source\repos\worktrees\pr-481-1763014665\src\ReinforcementLearning\Agents\Rainbow\RainbowDQNAgent.cs(440,104): error CS1503: Argument 2: cannot convert from 'AiDotNet.LinearAlgebra.Matrix<T>' to 'AiDotNet.LinearAlgebra.Vector<T>' [C:\Users\cheat\source\repos\worktrees\pr-481-1763014665\src\AiDotNet.csproj::TargetFramework=net8.0]
C:\Users\cheat\source\repos\worktrees\pr-481-1763014665\src\ReinforcementLearning\Agents\Rainbow\RainbowDQNAgent.cs(441,53): error CS1061: 'Vector<T>' does not contain a definition for 'GetRow' and no accessible extension method 'GetRow' accepting a first argument of type 'Vector<T>' could be found (are you missing a using directive or an assembly reference?) [C:\Users\cheat\source\repos\worktrees\pr-481-1763014665\src\AiDotNet.csproj::TargetFramework=net8.0]
C:\Users\cheat\source\repos\worktrees\pr-481-1763014665\src\ReinforcementLearning\Agents\Rainbow\RainbowDQNAgent.cs(447,24): error CS1061: 'INeuralNetwork<T>' does not contain a definition for 'Backpropagate' and no accessible extension method 'Backpropagate' accepting a first argument of type 'INeuralNetwork<T>' could be found (are you missing a using directive or an assembly reference?) [C:\Users\cheat\source\repos\worktrees\pr-481-1763014665\src\AiDotNet.csproj::TargetFramework=net8.0]
C:\Users\cheat\source\repos\worktrees\pr-481-1763014665\src\ReinforcementLearning\Agents\Rainbow\RainbowDQNAgent.cs(448,41): error CS1503: Argument 1: cannot convert from 'T' to 'AiDotNet.LinearAlgebra.Vector<T>' [C:\Users\cheat\source\repos\worktrees\pr-481-1763014665\src\AiDotNet.csproj::TargetFramework=net8.0]
C:\Users\cheat\source\repos\worktrees\pr-481-1763014665\src\ReinforcementLearning\Agents\QMIX\QMIXAgent.cs(56,12): error CS8618: Non-nullable field '_agentNetworks' must contain a non-null value when exiting constructor. Consider adding the 'required' modifier or declaring the field as nullable. [C:\Users\cheat\source\repos\worktrees\pr-481-1763014665\src\AiDotNet.csproj::TargetFramework=net8.0]
C:\Users\cheat\source\repos\worktrees\pr-481-1763014665\src\ReinforcementLearning\Agents\QMIX\QMIXAgent.cs(56,12): error CS8618: Non-nullable field '_targetAgentNetworks' must contain a non-null value when exiting constructor. Consider adding the 'required' modifier or declaring the field as nullable. [C:\Users\cheat\source\repos\worktrees\pr-481-1763014665\src\AiDotNet.csproj::TargetFramework=net8.0]
C:\Users\cheat\source\repos\worktrees\pr-481-1763014665\src\ReinforcementLearning\Agents\QMIX\QMIXAgent.cs(56,12): error CS8618: Non-nullable field '_mixingNetwork' must contain a non-null value when exiting constructor. Consider adding the 'required' modifier or declaring the field as nullable. [C:\Users\cheat\source\repos\worktrees\pr-481-1763014665\src\AiDotNet.csproj::TargetFramework=net8.0]
C:\Users\cheat\source\repos\worktrees\pr-481-1763014665\src\ReinforcementLearning\Agents\QMIX\QMIXAgent.cs(56,12): error CS8618: Non-nullable field '_targetMixingNetwork' must contain a non-null value when exiting constructor. Consider adding the 'required' modifier or declaring the field as nullable. [C:\Users\cheat\source\repos\worktrees\pr-481-1763014665\src\AiDotNet.csproj::TargetFramework=net8.0]
C:\Users\cheat\source\repos\worktrees\pr-481-1763014665\src\ReinforcementLearning\Agents\QMIX\QMIXAgent.cs(56,12): error CS8618: Non-nullable field '_replayBuffer' must contain a non-null value when exiting constructor. Consider adding the 'required' modifier or declaring the field as nullable. [C:\Users\cheat\source\repos\worktrees\pr-481-1763014665\src\AiDotNet.csproj::TargetFramework=net8.0]
C:\Users\cheat\source\repos\worktrees\pr-481-1763014665\src\ReinforcementLearning\Agents\QMIX\QMIXAgent.cs(106,32): error CS1729: 'NeuralNetworkArchitecture<T>' does not contain a constructor that takes 0 arguments [C:\Users\cheat\source\repos\worktrees\pr-481-1763014665\src\AiDotNet.csproj::TargetFramework=net8.0]
C:\Users\cheat\source\repos\worktrees\pr-481-1763014665\src\ReinforcementLearning\Agents\QMIX\QMIXAgent.cs(108,13): error CS0200: Property or indexer 'NeuralNetworkArchitecture<T>.TaskType' cannot be assigned to -- it is read only [C:\Users\cheat\source\repos\worktrees\pr-481-1763014665\src\AiDotNet.csproj::TargetFramework=net8.0]
C:\Users\cheat\source\repos\worktrees\pr-481-1763014665\src\ReinforcementLearning\Agents\QMIX\QMIXAgent.cs(114,9): error CS0200: Property or indexer 'NeuralNetworkArchitecture<T>.Layers' cannot be assigned to -- it is read only [C:\Users\cheat\source\repos\worktrees\pr-481-1763014665\src\AiDotNet.csproj::TargetFramework=net8.0]
C:\Users\cheat\source\repos\worktrees\pr-481-1763014665\src\ReinforcementLearning\Agents\DuelingDQN\DuelingDQNAgent.cs(81,13): error CS1503: Argument 3: cannot convert from 'System.Collections.Generic.List<int>' to 'int[]' [C:\Users\cheat\source\repos\worktrees\pr-481-1763014665\src\AiDotNet.csproj::TargetFramework=net8.0]
C:\Users\cheat\source\repos\worktrees\pr-481-1763014665\src\ReinforcementLearning\Agents\DuelingDQN\DuelingDQNAgent.cs(82,13): error CS1503: Argument 4: cannot convert from 'System.Collections.Generic.List<int>' to 'int[]' [C:\Users\cheat\source\repos\worktrees\pr-481-1763014665\src\AiDotNet.csproj::TargetFramework=net8.0]
C:\Users\cheat\source\repos\worktrees\pr-481-1763014665\src\ReinforcementLearning\Agents\DuelingDQN\DuelingDQNAgent.cs(83,13): error CS1503: Argument 5: cannot convert from 'System.Collections.Generic.List<int>' to 'int[]' [C:\Users\cheat\source\repos\worktrees\pr-481-1763014665\src\AiDotNet.csproj::TargetFramework=net8.0]
C:\Users\cheat\source\repos\worktrees\pr-481-1763014665\src\ReinforcementLearning\Agents\DuelingDQN\DuelingDQNAgent.cs(90,13): error CS1503: Argument 3: cannot convert from 'System.Collections.Generic.List<int>' to 'int[]' [C:\Users\cheat\source\repos\worktrees\pr-481-1763014665\src\AiDotNet.csproj::TargetFramework=net8.0]
C:\Users\cheat\source\repos\worktrees\pr-481-1763014665\src\ReinforcementLearning\Agents\DuelingDQN\DuelingDQNAgent.cs(91,13): error CS1503: Argument 4: cannot convert from 'System.Collections.Generic.List<int>' to 'int[]' [C:\Users\cheat\source\repos\worktrees\pr-481-1763014665\src\AiDotNet.csproj::TargetFramework=net8.0]
C:\Users\cheat\source\repos\worktrees\pr-481-1763014665\src\ReinforcementLearning\Agents\DuelingDQN\DuelingDQNAgent.cs(92,13): error CS1503: Argument 5: cannot convert from 'System.Collections.Generic.List<int>' to 'int[]' [C:\Users\cheat\source\repos\worktrees\pr-481-1763014665\src\AiDotNet.csproj::TargetFramework=net8.0]
C:\Users\cheat\source\repos\worktrees\pr-481-1763014665\src\ReinforcementLearning\Agents\QMIX\QMIXAgent.cs(123,32): error CS1729: 'NeuralNetworkArchitecture<T>' does not contain a constructor that takes 0 arguments [C:\Users\cheat\source\repos\worktrees\pr-481-1763014665\src\AiDotNet.csproj::TargetFramework=net8.0]
C:\Users\cheat\source\repos\worktrees\pr-481-1763014665\src\ReinforcementLearning\Agents\QMIX\QMIXAgent.cs(125,13): error CS0200: Property or indexer 'NeuralNetworkArchitecture<T>.TaskType' cannot be assigned to -- it is read only [C:\Users\cheat\source\repos\worktrees\pr-481-1763014665\src\AiDotNet.csproj::TargetFramework=net8.0]
C:\Users\cheat\source\repos\worktrees\pr-481-1763014665\src\ReinforcementLearning\Agents\QMIX\QMIXAgent.cs(135,9): error CS0200: Property or indexer 'NeuralNetworkArchitecture<T>.Layers' cannot be assigned to -- it is read only [C:\Users\cheat\source\repos\worktrees\pr-481-1763014665\src\AiDotNet.csproj::TargetFramework=net8.0]
C:\Users\cheat\source\repos\worktrees\pr-481-1763014665\src\ReinforcementLearning\Agents\DuelingDQN\DuelingDQNAgent.cs(110,33): error CS1061: 'DuelingNetwork<T>' does not contain a definition for 'Predict' and no accessible extension method 'Predict' accepting a first argument of type 'DuelingNetwork<T>' could be found (are you missing a using directive or an assembly reference?) [C:\Users\cheat\source\repos\worktrees\pr-481-1763014665\src\AiDotNet.csproj::TargetFramework=net8.0]
C:\Users\cheat\source\repos\worktrees\pr-481-1763014665\src\ReinforcementLearning\Agents\DuelingDQN\DuelingDQNAgent.cs(121,31): error CS0104: 'Experience<>' is an ambiguous reference between 'AiDotNet.NeuralNetworks.Experience<T>' and 'AiDotNet.ReinforcementLearning.ReplayBuffers.Experience<T>' [C:\Users\cheat\source\repos\worktrees\pr-481-1763014665\src\AiDotNet.csproj::TargetFramework=net8.0]
C:\Users\cheat\source\repos\worktrees\pr-481-1763014665\src\ReinforcementLearning\Agents\DuelingDQN\DuelingDQNAgent.cs(413,85): error CS0246: The type or namespace name 'LinearActivation<>' could not be found (are you missing a using directive or an assembly reference?) [C:\Users\cheat\source\repos\worktrees\pr-481-1763014665\src\AiDotNet.csproj::TargetFramework=net8.0]
C:\Users\cheat\source\repos\worktrees\pr-481-1763014665\src\ReinforcementLearning\Agents\DuelingDQN\DuelingDQNAgent.cs(422,98): error CS0246: The type or namespace name 'LinearActivation<>' could not be found (are you missing a using directive or an assembly reference?) [C:\Users\cheat\source\repos\worktrees\pr-481-1763014665\src\AiDotNet.csproj::TargetFramework=net8.0]
C:\Users\cheat\source\repos\worktrees\pr-481-1763014665\src\ReinforcementLearning\Agents\QMIX\QMIXAgent.cs(164,47): error CS1061: 'INeuralNetwork<T>' does not contain a definition for 'Forward' and no accessible extension method 'Forward' accepting a first argument of type 'INeuralNetwork<T>' could be found (are you missing a using directive or an assembly reference?) [C:\Users\cheat\source\repos\worktrees\pr-481-1763014665\src\AiDotNet.csproj::TargetFramework=net8.0]
C:\Users\cheat\source\repos\worktrees\pr-481-1763014665\src\ReinforcementLearning\Agents\DuelingDQN\DuelingDQNAgent.cs(431,42): error CS1503: Argument 1: cannot convert from 'AiDotNet.LinearAlgebra.Vector<T>' to 'AiDotNet.LinearAlgebra.Tensor<T>' [C:\Users\cheat\source\repos\worktrees\pr-481-1763014665\src\AiDotNet.csproj::TargetFramework=net8.0]
C:\Users\cheat\source\repos\worktrees\pr-481-1763014665\src\ReinforcementLearning\Agents\DuelingDQN\DuelingDQNAgent.cs(439,41): error CS1503: Argument 1: cannot convert from 'AiDotNet.LinearAlgebra.Vector<T>' to 'AiDotNet.LinearAlgebra.Tensor<T>' [C:\Users\cheat\source\repos\worktrees\pr-481-1763014665\src\AiDotNet.csproj::TargetFramework=net8.0]
C:\Users\cheat\source\repos\worktrees\pr-481-1763014665\src\ReinforcementLearning\Agents\DuelingDQN\DuelingDQNAgent.cs(448,45): error CS1503: Argument 1: cannot convert from 'AiDotNet.LinearAlgebra.Vector<T>' to 'AiDotNet.LinearAlgebra.Tensor<T>' [C:\Users\cheat\source\repos\worktrees\pr-481-1763014665\src\AiDotNet.csproj::TargetFramework=net8.0]
C:\Users\cheat\source\repos\worktrees\pr-481-1763014665\src\ReinforcementLearning\Agents\QMIX\QMIXAgent.cs(195,23): error CS1501: No overload for method 'Add' takes 5 arguments [C:\Users\cheat\source\repos\worktrees\pr-481-1763014665\src\AiDotNet.csproj::TargetFramework=net8.0]
C:\Users\cheat\source\repos\worktrees\pr-481-1763014665\src\ReinforcementLearning\Agents\QMIX\QMIXAgent.cs(204,23): error CS1501: No overload for method 'Add' takes 5 arguments [C:\Users\cheat\source\repos\worktrees\pr-481-1763014665\src\AiDotNet.csproj::TargetFramework=net8.0]
C:\Users\cheat\source\repos\worktrees\pr-481-1763014665\src\ReinforcementLearning\Agents\DuelingDQN\DuelingDQNAgent.cs(149,51): error CS1061: 'DuelingNetwork<T>' does not contain a definition for 'Predict' and no accessible extension method 'Predict' accepting a first argument of type 'DuelingNetwork<T>' could be found (are you missing a using directive or an assembly reference?) [C:\Users\cheat\source\repos\worktrees\pr-481-1763014665\src\AiDotNet.csproj::TargetFramework=net8.0]
C:\Users\cheat\source\repos\worktrees\pr-481-1763014665\src\ReinforcementLearning\Agents\DuelingDQN\DuelingDQNAgent.cs(153,56): error CS1061: 'DuelingNetwork<T>' does not contain a definition for 'Predict' and no accessible extension method 'Predict' accepting a first argument of type 'DuelingNetwork<T>' could be found (are you missing a using directive or an assembly reference?) [C:\Users\cheat\source\repos\worktrees\pr-481-1763014665\src\AiDotNet.csproj::TargetFramework=net8.0]
C:\Users\cheat\source\repos\worktrees\pr-481-1763014665\src\ReinforcementLearning\Agents\DuelingDQN\DuelingDQNAgent.cs(160,44): error CS1061: 'DuelingNetwork<T>' does not contain a definition for 'Predict' and no accessible extension method 'Predict' accepting a first argument of type 'DuelingNetwork<T>' could be found (are you missing a using directive or an assembly reference?) [C:\Users\cheat\source\repos\worktrees\pr-481-1763014665\src\AiDotNet.csproj::TargetFramework=net8.0]
C:\Users\cheat\source\repos\worktrees\pr-481-1763014665\src\ReinforcementLearning\Agents\DuelingDQN\DuelingDQNAgent.cs(170,42): error CS1061: 'ILossFunction<T>' does not contain a definition for 'ComputeGradient' and no accessible extension method 'ComputeGradient' accepting a first argument of type 'ILossFunction<T>' could be found (are you missing a using directive or an assembly reference?) [C:\Users\cheat\source\repos\worktrees\pr-481-1763014665\src\AiDotNet.csproj::TargetFramework=net8.0]
C:\Users\cheat\source\repos\worktrees\pr-481-1763014665\src\ReinforcementLearning\Agents\DuelingDQN\DuelingDQNAgent.cs(171,23): error CS1061: 'DuelingNetwork<T>' does not contain a definition for 'Backpropagate' and no accessible extension method 'Backpropagate' accepting a first argument of type 'DuelingNetwork<T>' could be found (are you missing a using directive or an assembly reference?) [C:\Users\cheat\source\repos\worktrees\pr-481-1763014665\src\AiDotNet.csproj::TargetFramework=net8.0]
C:\Users\cheat\source\repos\worktrees\pr-481-1763014665\src\ReinforcementLearning\Agents\DuelingDQN\DuelingDQNAgent.cs(174,23): error CS1061: 'DuelingNetwork<T>' does not contain a definition for 'UpdateParameters' and no accessible extension method 'UpdateParameters' accepting a first argument of type 'DuelingNetwork<T>' could be found (are you missing a using directive or an assembly reference?) [C:\Users\cheat\source\repos\worktrees\pr-481-1763014665\src\AiDotNet.csproj::TargetFramework=net8.0]
C:\Users\cheat\source\repos\worktrees\pr-481-1763014665\src\ReinforcementLearning\Agents\DynamicProgramming\ModifiedPolicyIterationAgent.cs(229,25): error CS0029: Cannot implicitly convert type 'string' to 'AiDotNet.Enums.ModelType' [C:\Users\cheat\source\repos\worktrees\pr-481-1763014665\src\AiDotNet.csproj::TargetFramework=net8.0]
C:\Users\cheat\source\repos\worktrees\pr-481-1763014665\src\ReinforcementLearning\Agents\MADDPG\MADDPGAgent.cs(54,12): error CS8618: Non-nullable field '_actorNetworks' must contain a non-null value when exiting constructor. Consider adding the 'required' modifier or declaring the field as nullable. [C:\Users\cheat\source\repos\worktrees\pr-481-1763014665\src\AiDotNet.csproj::TargetFramework=net8.0]
C:\Users\cheat\source\repos\worktrees\pr-481-1763014665\src\ReinforcementLearning\Agents\MADDPG\MADDPGAgent.cs(54,12): error CS8618: Non-nullable field '_targetActorNetworks' must contain a non-null value when exiting constructor. Consider adding the 'required' modifier or declaring the field as nullable. [C:\Users\cheat\source\repos\worktrees\pr-481-1763014665\src\AiDotNet.csproj::TargetFramework=net8.0]
C:\Users\cheat\source\repos\worktrees\pr-481-1763014665\src\ReinforcementLearning\Agents\MADDPG\MADDPGAgent.cs(54,12): error CS8618: Non-nullable field '_criticNetworks' must contain a non-null value when exiting constructor. Consider adding the 'required' modifier or declaring the field as nullable. [C:\Users\cheat\source\repos\worktrees\pr-481-1763014665\src\AiDotNet.csproj::TargetFramework=net8.0]
C:\Users\cheat\source\repos\worktrees\pr-481-1763014665\src\ReinforcementLearning\Agents\MADDPG\MADDPGAgent.cs(54,12): error CS8618: Non-nullable field '_targetCriticNetworks' must contain a non-null value when exiting constructor. Consider adding the 'required' modifier or declaring the field as nullable. [C:\Users\cheat\source\repos\worktrees\pr-481-1763014665\src\AiDotNet.csproj::TargetFramework=net8.0]
C:\Users\cheat\source\repos\worktrees\pr-481-1763014665\src\ReinforcementLearning\Agents\MADDPG\MADDPGAgent.cs(54,12): error CS8618: Non-nullable field '_replayBuffer' must contain a non-null value when exiting constructor. Consider adding the 'required' modifier or declaring the field as nullable. [C:\Users\cheat\source\repos\worktrees\pr-481-1763014665\src\AiDotNet.csproj::TargetFramework=net8.0]
C:\Users\cheat\source\repos\worktrees\pr-481-1763014665\src\ReinforcementLearning\Agents\IQL\IQLAgent.cs(58,46): error CS1729: 'DeepReinforcementLearningAgentBase<T>' does not contain a constructor that takes 2 arguments [C:\Users\cheat\source\repos\worktrees\pr-481-1763014665\src\AiDotNet.csproj::TargetFramework=net8.0]
C:\Users\cheat\source\repos\worktrees\pr-481-1763014665\src\ReinforcementLearning\Agents\IQL\IQLAgent.cs(58,12): error CS8618: Non-nullable field '_policyNetwork' must contain a non-null value when exiting constructor. Consider adding the 'required' modifier or declaring the field as nullable. [C:\Users\cheat\source\repos\worktrees\pr-481-1763014665\src\AiDotNet.csproj::TargetFramework=net8.0]
C:\Users\cheat\source\repos\worktrees\pr-481-1763014665\src\ReinforcementLearning\Agents\IQL\IQLAgent.cs(58,12): error CS8618: Non-nullable field '_valueNetwork' must contain a non-null value when exiting constructor. Consider adding the 'required' modifier or declaring the field as nullable. [C:\Users\cheat\source\repos\worktrees\pr-481-1763014665\src\AiDotNet.csproj::TargetFramework=net8.0]
C:\Users\cheat\source\repos\worktrees\pr-481-1763014665\src\ReinforcementLearning\Agents\IQL\IQLAgent.cs(58,12): error CS8618: Non-nullable field '_q1Network' must contain a non-null value when exiting constructor. Consider adding the 'required' modifier or declaring the field as nullable. [C:\Users\cheat\source\repos\worktrees\pr-481-1763014665\src\AiDotNet.csproj::TargetFramework=net8.0]
C:\Users\cheat\source\repos\worktrees\pr-481-1763014665\src\ReinforcementLearning\Agents\IQL\IQLAgent.cs(58,12): error CS8618: Non-nullable field '_q2Network' must contain a non-null value when exiting constructor. Consider adding the 'required' modifier or declaring the field as nullable. [C:\Users\cheat\source\repos\worktrees\pr-481-1763014665\src\AiDotNet.csproj::TargetFramework=net8.0]
C:\Users\cheat\source\repos\worktrees\pr-481-1763014665\src\ReinforcementLearning\Agents\IQL\IQLAgent.cs(58,12): error CS8618: Non-nullable field '_targetValueNetwork' must contain a non-null value when exiting constructor. Consider adding the 'required' modifier or declaring the field as nullable. [C:\Users\cheat\source\repos\worktrees\pr-481-1763014665\src\AiDotNet.csproj::TargetFramework=net8.0]
C:\Users\cheat\source\repos\worktrees\pr-481-1763014665\src\ReinforcementLearning\Agents\IQL\IQLAgent.cs(58,12): error CS8618: Non-nullable field '_offlineBuffer' must contain a non-null value when exiting constructor. Consider adding the 'required' modifier or declaring the field as nullable. [C:\Users\cheat\source\repos\worktrees\pr-481-1763014665\src\AiDotNet.csproj::TargetFramework=net8.0]
C:\Users\cheat\source\repos\worktrees\pr-481-1763014665\src\ReinforcementLearning\Agents\DynamicProgramming\ValueIterationAgent.cs(130,23): error CS1061: 'INumericOperations<T>' does not contain a definition for 'Compare' and no accessible extension method 'Compare' accepting a first argument of type 'INumericOperations<T>' could be found (are you missing a using directive or an assembly reference?) [C:\Users\cheat\source\repos\worktrees\pr-481-1763014665\src\AiDotNet.csproj::TargetFramework=net8.0]
C:\Users\cheat\source\repos\worktrees\pr-481-1763014665\src\ReinforcementLearning\Agents\DynamicProgramming\ValueIterationAgent.cs(121,36): error CS1061: 'INumericOperations<T>' does not contain a definition for 'Compare' and no accessible extension method 'Compare' accepting a first argument of type 'INumericOperations<T>' could be found (are you missing a using directive or an assembly reference?) [C:\Users\cheat\source\repos\worktrees\pr-481-1763014665\src\AiDotNet.csproj::TargetFramework=net8.0]
C:\Users\cheat\source\repos\worktrees\pr-481-1763014665\src\ReinforcementLearning\Agents\QMIX\QMIXAgent.cs(222,91): error CS1061: 'Experience<T>' does not contain a definition for 'state' and no accessible extension method 'state' accepting a first argument of type 'Experience<T>' could be found (are you missing a using directive or an assembly reference?) [C:\Users\cheat\source\repos\worktrees\pr-481-1763014665\src\AiDotNet.csproj::TargetFramework=net8.0]
C:\Users\cheat\source\repos\worktrees\pr-481-1763014665\src\ReinforcementLearning\Agents\QMIX\QMIXAgent.cs(223,88): error CS1061: 'Experience<T>' does not contain a definition for 'nextState' and no accessible extension method 'nextState' accepting a first argument of type 'Experience<T>' could be found (are you missing a using directive or an assembly reference?) [C:\Users\cheat\source\repos\worktrees\pr-481-1763014665\src\AiDotNet.csproj::TargetFramework=net8.0]
C:\Users\cheat\source\repos\worktrees\pr-481-1763014665\src\ReinforcementLearning\Agents\QMIX\QMIXAgent.cs(229,49): error CS1061: 'INeuralNetwork<T>' does not contain a definition for 'Forward' and no accessible extension method 'Forward' accepting a first argument of type 'INeuralNetwork<T>' could be found (are you missing a using directive or an assembly reference?) [C:\Users\cheat\source\repos\worktrees\pr-481-1763014665\src\AiDotNet.csproj::TargetFramework=net8.0]
C:\Users\cheat\source\repos\worktrees\pr-481-1763014665\src\ReinforcementLearning\Agents\QMIX\QMIXAgent.cs(236,48): error CS1503: Argument 1: cannot convert from 'AiDotNet.LinearAlgebra.Vector<T>' to 'AiDotNet.LinearAlgebra.Tensor<T>' [C:\Users\cheat\source\repos\worktrees\pr-481-1763014665\src\AiDotNet.csproj::TargetFramework=net8.0]
C:\Users\cheat\source\repos\worktrees\pr-481-1763014665\src\ReinforcementLearning\Agents\QMIX\QMIXAgent.cs(242,59): error CS1061: 'INeuralNetwork<T>' does not contain a definition for 'Forward' and no accessible extension method 'Forward' accepting a first argument of type 'INeuralNetwork<T>' could be found (are you missing a using directive or an assembly reference?) [C:\Users\cheat\source\repos\worktrees\pr-481-1763014665\src\AiDotNet.csproj::TargetFramework=net8.0]
C:\Users\cheat\source\repos\worktrees\pr-481-1763014665\src\ReinforcementLearning\Agents\QMIX\QMIXAgent.cs(247,60): error CS1503: Argument 1: cannot convert from 'AiDotNet.LinearAlgebra.Vector<T>' to 'AiDotNet.LinearAlgebra.Tensor<T>' [C:\Users\cheat\source\repos\worktrees\pr-481-1763014665\src\AiDotNet.csproj::TargetFramework=net8.0]
C:\Users\cheat\source\repos\worktrees\pr-481-1763014665\src\ReinforcementLearning\Agents\QMIX\QMIXAgent.cs(250,28): error CS1061: 'Experience<T>' does not contain a definition for 'done' and no accessible extension method 'done' accepting a first argument of type 'Experience<T>' could be found (are you missing a using directive or an assembly reference?) [C:\Users\cheat\source\repos\worktrees\pr-481-1763014665\src\AiDotNet.csproj::TargetFramework=net8.0]
C:\Users\cheat\source\repos\worktrees\pr-481-1763014665\src\ReinforcementLearning\Agents\QMIX\QMIXAgent.cs(267,28): error CS1061: 'INeuralNetwork<T>' does not contain a definition for 'Backpropagate' and no accessible extension method 'Backpropagate' accepting a first argument of type 'INeuralNetwork<T>' could be found (are you missing a using directive or an assembly reference?) [C:\Users\cheat\source\repos\worktrees\pr-481-1763014665\src\AiDotNet.csproj::TargetFramework=net8.0]
C:\Users\cheat\source\repos\worktrees\pr-481-1763014665\src\ReinforcementLearning\Agents\QMIX\QMIXAgent.cs(268,45): error CS1503: Argument 1: cannot convert from 'T' to 'AiDotNet.LinearAlgebra.Vector<T>' [C:\Users\cheat\source\repos\worktrees\pr-481-1763014665\src\AiDotNet.csproj::TargetFramework=net8.0]
C:\Users\cheat\source\repos\worktrees\pr-481-1763014665\src\ReinforcementLearning\Agents\QMIX\QMIXAgent.cs(277,35): error CS1061: 'INeuralNetwork<T>' does not contain a definition for 'Backpropagate' and no accessible extension method 'Backpropagate' accepting a first argument of type 'INeuralNetwork<T>' could be found (are you missing a using directive or an assembly reference?) [C:\Users\cheat\source\repos\worktrees\pr-481-1763014665\src\AiDotNet.csproj::TargetFramework=net8.0]
C:\Users\cheat\source\repos\worktrees\pr-481-1763014665\src\ReinforcementLearning\Agents\QMIX\QMIXAgent.cs(278,52): error CS1503: Argument 1: cannot convert from 'T' to 'AiDotNet.LinearAlgebra.Vector<T>' [C:\Users\cheat\source\repos\worktrees\pr-481-1763014665\src\AiDotNet.csproj::TargetFramework=net8.0]
C:\Users\cheat\source\repos\worktrees\pr-481-1763014665\src\ReinforcementLearning\Agents\ExpectedSARSA\ExpectedSARSAAgent.cs(179,25): error CS0029: Cannot implicitly convert type 'string' to 'AiDotNet.Enums.ModelType' [C:\Users\cheat\source\repos\worktrees\pr-481-1763014665\src\AiDotNet.csproj::TargetFramework=net8.0]
C:\Users\cheat\source\repos\worktrees\pr-481-1763014665\src\ReinforcementLearning\Agents\MuZero\MuZeroAgent.cs(51,52): error CS1729: 'DeepReinforcementLearningAgentBase<T>' does not contain a constructor that takes 2 arguments [C:\Users\cheat\source\repos\worktrees\pr-481-1763014665\src\AiDotNet.csproj::TargetFramework=net8.0]
C:\Users\cheat\source\repos\worktrees\pr-481-1763014665\src\ReinforcementLearning\Agents\MuZero\MuZeroAgent.cs(51,12): error CS8618: Non-nullable field '_representationNetwork' must contain a non-null value when exiting constructor. Consider adding the 'required' modifier or declaring the field as nullable. [C:\Users\cheat\source\repos\worktrees\pr-481-1763014665\src\AiDotNet.csproj::TargetFramework=net8.0]
C:\Users\cheat\source\repos\worktrees\pr-481-1763014665\src\ReinforcementLearning\Agents\MuZero\MuZeroAgent.cs(51,12): error CS8618: Non-nullable field '_dynamicsNetwork' must contain a non-null value when exiting constructor. Consider adding the 'required' modifier or declaring the field as nullable. [C:\Users\cheat\source\repos\worktrees\pr-481-1763014665\src\AiDotNet.csproj::TargetFramework=net8.0]
C:\Users\cheat\source\repos\worktrees\pr-481-1763014665\src\ReinforcementLearning\Agents\MuZero\MuZeroAgent.cs(51,12): error CS8618: Non-nullable field '_predictionNetwork' must contain a non-null value when exiting constructor. Consider adding the 'required' modifier or declaring the field as nullable. [C:\Users\cheat\source\repos\worktrees\pr-481-1763014665\src\AiDotNet.csproj::TargetFramework=net8.0]
C:\Users\cheat\source\repos\worktrees\pr-481-1763014665\src\ReinforcementLearning\Agents\MuZero\MuZeroAgent.cs(51,12): error CS8618: Non-nullable field '_replayBuffer' must contain a non-null value when exiting constructor. Consider adding the 'required' modifier or declaring the field as nullable. [C:\Users\cheat\source\repos\worktrees\pr-481-1763014665\src\AiDotNet.csproj::TargetFramework=net8.0]
C:\Users\cheat\source\repos\worktrees\pr-481-1763014665\src\ReinforcementLearning\Agents\IQL\IQLAgent.cs(82,27): error CS7036: There is no argument given that corresponds to the required parameter 'architecture' of 'NeuralNetwork<T>.NeuralNetwork(NeuralNetworkArchitecture<T>, ILossFunction<T>?)' [C:\Users\cheat\source\repos\worktrees\pr-481-1763014665\src\AiDotNet.csproj::TargetFramework=net8.0]
C:\Users\cheat\source\repos\worktrees\pr-481-1763014665\src\ReinforcementLearning\Agents\IQL\IQLAgent.cs(87,21): error CS7036: There is no argument given that corresponds to the required parameter 'units' of 'NeuralNetworkBase<T>.AddLayer(LayerType, int, ActivationFunction)' [C:\Users\cheat\source\repos\worktrees\pr-481-1763014665\src\AiDotNet.csproj::TargetFramework=net8.0]
C:\Users\cheat\source\repos\worktrees\pr-481-1763014665\src\ReinforcementLearning\Agents\IQL\IQLAgent.cs(88,57): error CS0246: The type or namespace name 'ReLU<>' could not be found (are you missing a using directive or an assembly reference?) [C:\Users\cheat\source\repos\worktrees\pr-481-1763014665\src\AiDotNet.csproj::TargetFramework=net8.0]
C:\Users\cheat\source\repos\worktrees\pr-481-1763014665\src\ReinforcementLearning\Agents\IQL\IQLAgent.cs(88,34): error CS1729: 'ActivationLayer<T>' does not contain a constructor that takes 1 arguments [C:\Users\cheat\source\repos\worktrees\pr-481-1763014665\src\AiDotNet.csproj::TargetFramework=net8.0]
C:\Users\cheat\source\repos\worktrees\pr-481-1763014665\src\ReinforcementLearning\Agents\IQL\IQLAgent.cs(93,17): error CS7036: There is no argument given that corresponds to the required parameter 'units' of 'NeuralNetworkBase<T>.AddLayer(LayerType, int, ActivationFunction)' [C:\Users\cheat\source\repos\worktrees\pr-481-1763014665\src\AiDotNet.csproj::TargetFramework=net8.0]
C:\Users\cheat\source\repos\worktrees\pr-481-1763014665\src\ReinforcementLearning\Agents\DuelingDQN\DuelingDQNAgent.cs(259,26): error CS1061: 'DuelingNetwork<T>' does not contain a definition for 'GetParameters' and no accessible extension method 'GetParameters' accepting a first argument of type 'DuelingNetwork<T>' could be found (are you missing a using directive or an assembly reference?) [C:\Users\cheat\source\repos\worktrees\pr-481-1763014665\src\AiDotNet.csproj::TargetFramework=net8.0]
C:\Users\cheat\source\repos\worktrees\pr-481-1763014665\src\ReinforcementLearning\Agents\DynamicProgramming\ModifiedPolicyIterationAgent.cs(296,51): error CS1503: Argument 1: cannot convert from 'AiDotNet.LinearAlgebra.Matrix<T>' to 'AiDotNet.LinearAlgebra.Vector<T>' [C:\Users\cheat\source\repos\worktrees\pr-481-1763014665\src\AiDotNet.csproj::TargetFramework=net8.0]
C:\Users\cheat\source\repos\worktrees\pr-481-1763014665\src\ReinforcementLearning\Agents\DynamicProgramming\ModifiedPolicyIterationAgent.cs(296,88): error CS1503: Argument 2: cannot convert from 'AiDotNet.LinearAlgebra.Matrix<T>' to 'AiDotNet.LinearAlgebra.Vector<T>' [C:\Users\cheat\source\repos\worktrees\pr-481-1763014665\src\AiDotNet.csproj::TargetFramework=net8.0]
C:\Users\cheat\source\repos\worktrees\pr-481-1763014665\src\ReinforcementLearning\Agents\DynamicProgramming\ModifiedPolicyIterationAgent.cs(298,61): error CS1503: Argument 1: cannot convert from 'AiDotNet.LinearAlgebra.Matrix<T>' to 'AiDotNet.LinearAlgebra.Vector<T>' [C:\Users\cheat\source\repos\worktrees\pr-481-1763014665\src\AiDotNet.csproj::TargetFramework=net8.0]
C:\Users\cheat\source\repos\worktrees\pr-481-1763014665\src\ReinforcementLearning\Agents\DynamicProgramming\ModifiedPolicyIterationAgent.cs(298,98): error CS1503: Argument 2: cannot convert from 'AiDotNet.LinearAlgebra.Matrix<T>' to 'AiDotNet.LinearAlgebra.Vector<T>' [C:\Users\cheat\source\repos\worktrees\pr-481-1763014665\src\AiDotNet.csproj::TargetFramework=net8.0]
C:\Users\cheat\source\repos\worktrees\pr-481-1763014665\src\ReinforcementLearning\Agents\DuelingDQN\DuelingDQNAgent.cs(265,42): error CS1503: Argument 1: cannot convert from 'AiDotNet.LinearAlgebra.Vector<T>' to 'AiDotNet.LinearAlgebra.Matrix<T>' [C:\Users\cheat\source\repos\worktrees\pr-481-1763014665\src\AiDotNet.csproj::TargetFramework=net8.0]
C:\Users\cheat\source\repos\worktrees\pr-481-1763014665\src\ReinforcementLearning\Agents\MADDPG\MADDPGAgent.cs(106,32): error CS1729: 'NeuralNetworkArchitecture<T>' does not contain a constructor that takes 0 arguments [C:\Users\cheat\source\repos\worktrees\pr-481-1763014665\src\AiDotNet.csproj::TargetFramework=net8.0]
C:\Users\cheat\source\repos\worktrees\pr-481-1763014665\src\ReinforcementLearning\Agents\MADDPG\MADDPGAgent.cs(108,13): error CS0200: Property or indexer 'NeuralNetworkArchitecture<T>.TaskType' cannot be assigned to -- it is read only [C:\Users\cheat\source\repos\worktrees\pr-481-1763014665\src\AiDotNet.csproj::TargetFramework=net8.0]
C:\Users\cheat\source\repos\worktrees\pr-481-1763014665\src\ReinforcementLearning\Agents\MADDPG\MADDPGAgent.cs(123,28): error CS1061: 'DenseLayer<T>' does not contain a definition for 'GetWeights' and no accessible extension method 'GetWeights' accepting a first argument of type 'DenseLayer<T>' could be found (are you missing a using directive or an assembly reference?) [C:\Users\cheat\source\repos\worktrees\pr-481-1763014665\src\AiDotNet.csproj::TargetFramework=net8.0]
C:\Users\cheat\source\repos\worktrees\pr-481-1763014665\src\ReinforcementLearning\Agents\MADDPG\MADDPGAgent.cs(129,9): error CS0200: Property or indexer 'NeuralNetworkArchitecture<T>.Layers' cannot be assigned to -- it is read only [C:\Users\cheat\source\repos\worktrees\pr-481-1763014665\src\AiDotNet.csproj::TargetFramework=net8.0]
C:\Users\cheat\source\repos\worktrees\pr-481-1763014665\src\ReinforcementLearning\Agents\MuZero\MuZeroAgent.cs(74,27): error CS7036: There is no argument given that corresponds to the required parameter 'architecture' of 'NeuralNetwork<T>.NeuralNetwork(NeuralNetworkArchitecture<T>, ILossFunction<T>?)' [C:\Users\cheat\source\repos\worktrees\pr-481-1763014665\src\AiDotNet.csproj::TargetFramework=net8.0]
C:\Users\cheat\source\repos\worktrees\pr-481-1763014665\src\ReinforcementLearning\Agents\MuZero\MuZeroAgent.cs(79,21): error CS7036: There is no argument given that corresponds to the required parameter 'units' of 'NeuralNetworkBase<T>.AddLayer(LayerType, int, ActivationFunction)' [C:\Users\cheat\source\repos\worktrees\pr-481-1763014665\src\AiDotNet.csproj::TargetFramework=net8.0]
C:\Users\cheat\source\repos\worktrees\pr-481-1763014665\src\ReinforcementLearning\Agents\MuZero\MuZeroAgent.cs(80,57): error CS0246: The type or namespace name 'ReLU<>' could not be found (are you missing a using directive or an assembly reference?) [C:\Users\cheat\source\repos\worktrees\pr-481-1763014665\src\AiDotNet.csproj::TargetFramework=net8.0]
C:\Users\cheat\source\repos\worktrees\pr-481-1763014665\src\ReinforcementLearning\Agents\MuZero\MuZeroAgent.cs(80,34): error CS1729: 'ActivationLayer<T>' does not contain a constructor that takes 1 arguments [C:\Users\cheat\source\repos\worktrees\pr-481-1763014665\src\AiDotNet.csproj::TargetFramework=net8.0]
C:\Users\cheat\source\repos\worktrees\pr-481-1763014665\src\ReinforcementLearning\Agents\MuZero\MuZeroAgent.cs(84,17): error CS7036: There is no argument given that corresponds to the required parameter 'units' of 'NeuralNetworkBase<T>.AddLayer(LayerType, int, ActivationFunction)' [C:\Users\cheat\source\repos\worktrees\pr-481-1763014665\src\AiDotNet.csproj::TargetFramework=net8.0]
C:\Users\cheat\source\repos\worktrees\pr-481-1763014665\src\ReinforcementLearning\Agents\IQL\IQLAgent.cs(100,27): error CS7036: There is no argument given that corresponds to the required parameter 'architecture' of 'NeuralNetwork<T>.NeuralNetwork(NeuralNetworkArchitecture<T>, ILossFunction<T>?)' [C:\Users\cheat\source\repos\worktrees\pr-481-1763014665\src\AiDotNet.csproj::TargetFramework=net8.0]
C:\Users\cheat\source\repos\worktrees\pr-481-1763014665\src\ReinforcementLearning\Agents\IQL\IQLAgent.cs(105,21): error CS7036: There is no argument given that corresponds to the required parameter 'units' of 'NeuralNetworkBase<T>.AddLayer(LayerType, int, ActivationFunction)' [C:\Users\cheat\source\repos\worktrees\pr-481-1763014665\src\AiDotNet.csproj::TargetFramework=net8.0]
C:\Users\cheat\source\repos\worktrees\pr-481-1763014665\src\ReinforcementLearning\Agents\IQL\IQLAgent.cs(106,57): error CS0246: The type or namespace name 'ReLU<>' could not be found (are you missing a using directive or an assembly reference?) [C:\Users\cheat\source\repos\worktrees\pr-481-1763014665\src\AiDotNet.csproj::TargetFramework=net8.0]
C:\Users\cheat\source\repos\worktrees\pr-481-1763014665\src\ReinforcementLearning\Agents\IQL\IQLAgent.cs(106,34): error CS1729: 'ActivationLayer<T>' does not contain a constructor that takes 1 arguments [C:\Users\cheat\source\repos\worktrees\pr-481-1763014665\src\AiDotNet.csproj::TargetFramework=net8.0]
C:\Users\cheat\source\repos\worktrees\pr-481-1763014665\src\ReinforcementLearning\Agents\IQL\IQLAgent.cs(110,17): error CS7036: There is no argument given that corresponds to the required parameter 'units' of 'NeuralNetworkBase<T>.AddLayer(LayerType, int, ActivationFunction)' [C:\Users\cheat\source\repos\worktrees\pr-481-1763014665\src\AiDotNet.csproj::TargetFramework=net8.0]
C:\Users\cheat\source\repos\worktrees\pr-481-1763014665\src\ReinforcementLearning\Agents\DynamicProgramming\PolicyIterationAgent.cs(124,36): error CS1061: 'INumericOperations<T>' does not contain a definition for 'Compare' and no accessible extension method 'Compare' accepting a first argument of type 'INumericOperations<T>' could be found (are you missing a using directive or an assembly reference?) [C:\Users\cheat\source\repos\worktrees\pr-481-1763014665\src\AiDotNet.csproj::TargetFramework=net8.0]
C:\Users\cheat\source\repos\worktrees\pr-481-1763014665\src\ReinforcementLearning\Agents\DynamicProgramming\PolicyIterationAgent.cs(132,24): error CS1061: 'INumericOperations<T>' does not contain a definition for 'Compare' and no accessible extension method 'Compare' accepting a first argument of type 'INumericOperations<T>' could be found (are you missing a using directive or an assembly reference?) [C:\Users\cheat\source\repos\worktrees\pr-481-1763014665\src\AiDotNet.csproj::TargetFramework=net8.0]
C:\Users\cheat\source\repos\worktrees\pr-481-1763014665\src\ReinforcementLearning\Agents\MADDPG\MADDPGAgent.cs(138,32): error CS1729: 'NeuralNetworkArchitecture<T>' does not contain a constructor that takes 0 arguments [C:\Users\cheat\source\repos\worktrees\pr-481-1763014665\src\AiDotNet.csproj::TargetFramework=net8.0]
C:\Users\cheat\source\repos\worktrees\pr-481-1763014665\src\ReinforcementLearning\Agents\MADDPG\MADDPGAgent.cs(140,13): error CS0200: Property or indexer 'NeuralNetworkArchitecture<T>.TaskType' cannot be assigned to -- it is read only [C:\Users\cheat\source\repos\worktrees\pr-481-1763014665\src\AiDotNet.csproj::TargetFramework=net8.0]
C:\Users\cheat\source\repos\worktrees\pr-481-1763014665\src\ReinforcementLearning\Agents\MADDPG\MADDPGAgent.cs(150,9): error CS0200: Property or indexer 'NeuralNetworkArchitecture<T>.Layers' cannot be assigned to -- it is read only [C:\Users\cheat\source\repos\worktrees\pr-481-1763014665\src\AiDotNet.csproj::TargetFramework=net8.0]
C:\Users\cheat\source\repos\worktrees\pr-481-1763014665\src\ReinforcementLearning\Agents\DuelingDQN\DuelingDQNAgent.cs(303,32): error CS1061: 'DuelingNetwork<T>' does not contain a definition for 'Predict' and no accessible extension method 'Predict' accepting a first argument of type 'DuelingNetwork<T>' could be found (are you missing a using directive or an assembly reference?) [C:\Users\cheat\source\repos\worktrees\pr-481-1763014665\src\AiDotNet.csproj::TargetFramework=net8.0]
C:\Users\cheat\source\repos\worktrees\pr-481-1763014665\src\ReinforcementLearning\Agents\DuelingDQN\DuelingDQNAgent.cs(305,29): error CS1061: 'ILossFunction<T>' does not contain a definition for 'ComputeGradient' and no accessible extension method 'ComputeGradient' accepting a first argument of type 'ILossFunction<T>' could be found (are you missing a using directive or an assembly reference?) [C:\Users\cheat\source\repos\worktrees\pr-481-1763014665\src\AiDotNet.csproj::TargetFramework=net8.0]
C:\Users\cheat\source\repos\worktrees\pr-481-1763014665\src\ReinforcementLearning\Agents\DuelingDQN\DuelingDQNAgent.cs(307,19): error CS1061: 'DuelingNetwork<T>' does not contain a definition for 'Backpropagate' and no accessible extension method 'Backpropagate' accepting a first argument of type 'DuelingNetwork<T>' could be found (are you missing a using directive or an assembly reference?) [C:\Users\cheat\source\repos\worktrees\pr-481-1763014665\src\AiDotNet.csproj::TargetFramework=net8.0]
C:\Users\cheat\source\repos\worktrees\pr-481-1763014665\src\ReinforcementLearning\Agents\DuelingDQN\DuelingDQNAgent.cs(308,40): error CS1061: 'DuelingNetwork<T>' does not contain a definition for 'GetFlattenedGradients' and no accessible extension method 'GetFlattenedGradients' accepting a first argument of type 'DuelingNetwork<T>' could be found (are you missing a using directive or an assembly reference?) [C:\Users\cheat\source\repos\worktrees\pr-481-1763014665\src\AiDotNet.csproj::TargetFramework=net8.0]
C:\Users\cheat\source\repos\worktrees\pr-481-1763014665\src\ReinforcementLearning\Agents\MuZero\MuZeroAgent.cs(97,58): error CS1503: Argument 1: cannot convert from 'AiDotNet.LinearAlgebra.Vector<T>' to 'AiDotNet.LinearAlgebra.Tensor<T>' [C:\Users\cheat\source\repos\worktrees\pr-481-1763014665\src\AiDotNet.csproj::TargetFramework=net8.0]
C:\Users\cheat\source\repos\worktrees\pr-481-1763014665\src\ReinforcementLearning\Agents\MuZero\MuZeroAgent.cs(103,51): error CS1503: Argument 1: cannot convert from 'AiDotNet.LinearAlgebra.Tensor<T>' to 'AiDotNet.LinearAlgebra.Vector<T>' [C:\Users\cheat\source\repos\worktrees\pr-481-1763014665\src\AiDotNet.csproj::TargetFramework=net8.0]
C:\Users\cheat\source\repos\worktrees\pr-481-1763014665\src\ReinforcementLearning\Agents\MuZero\MuZeroAgent.cs(110,38): error CS1503: Argument 1: cannot convert from 'AiDotNet.LinearAlgebra.Tensor<T>' to 'AiDotNet.LinearAlgebra.Vector<T>' [C:\Users\cheat\source\repos\worktrees\pr-481-1763014665\src\AiDotNet.csproj::TargetFramework=net8.0]
C:\Users\cheat\source\repos\worktrees\pr-481-1763014665\src\ReinforcementLearning\Agents\DynamicProgramming\ValueIterationAgent.cs(215,25): error CS0029: Cannot implicitly convert type 'string' to 'AiDotNet.Enums.ModelType' [C:\Users\cheat\source\repos\worktrees\pr-481-1763014665\src\AiDotNet.csproj::TargetFramework=net8.0]
C:\Users\cheat\source\repos\worktrees\pr-481-1763014665\src\ReinforcementLearning\Agents\IQL\IQLAgent.cs(117,27): error CS7036: There is no argument given that corresponds to the required parameter 'architecture' of 'NeuralNetwork<T>.NeuralNetwork(NeuralNetworkArchitecture<T>, ILossFunction<T>?)' [C:\Users\cheat\source\repos\worktrees\pr-481-1763014665\src\AiDotNet.csproj::TargetFramework=net8.0]
C:\Users\cheat\source\repos\worktrees\pr-481-1763014665\src\ReinforcementLearning\Agents\IQL\IQLAgent.cs(123,21): error CS7036: There is no argument given that corresponds to the required parameter 'units' of 'NeuralNetworkBase<T>.AddLayer(LayerType, int, ActivationFunction)' [C:\Users\cheat\source\repos\worktrees\pr-481-1763014665\src\AiDotNet.csproj::TargetFramework=net8.0]
C:\Users\cheat\source\repos\worktrees\pr-481-1763014665\src\ReinforcementLearning\Agents\IQL\IQLAgent.cs(124,57): error CS0246: The type or namespace name 'ReLU<>' could not be found (are you missing a using directive or an assembly reference?) [C:\Users\cheat\source\repos\worktrees\pr-481-1763014665\src\AiDotNet.csproj::TargetFramework=net8.0]
C:\Users\cheat\source\repos\worktrees\pr-481-1763014665\src\ReinforcementLearning\Agents\IQL\IQLAgent.cs(124,34): error CS1729: 'ActivationLayer<T>' does not contain a constructor that takes 1 arguments [C:\Users\cheat\source\repos\worktrees\pr-481-1763014665\src\AiDotNet.csproj::TargetFramework=net8.0]
C:\Users\cheat\source\repos\worktrees\pr-481-1763014665\src\ReinforcementLearning\Agents\IQL\IQLAgent.cs(128,17): error CS7036: There is no argument given that corresponds to the required parameter 'units' of 'NeuralNetworkBase<T>.AddLayer(LayerType, int, ActivationFunction)' [C:\Users\cheat\source\repos\worktrees\pr-481-1763014665\src\AiDotNet.csproj::TargetFramework=net8.0]
C:\Users\cheat\source\repos\worktrees\pr-481-1763014665\src\ReinforcementLearning\Agents\DuelingDQN\DuelingDQNAgent.cs(316,39): error CS1061: 'DuelingNetwork<T>' does not contain a definition for 'GetParameters' and no accessible extension method 'GetParameters' accepting a first argument of type 'DuelingNetwork<T>' could be found (are you missing a using directive or an assembly reference?) [C:\Users\cheat\source\repos\worktrees\pr-481-1763014665\src\AiDotNet.csproj::TargetFramework=net8.0]
C:\Users\cheat\source\repos\worktrees\pr-481-1763014665\src\ReinforcementLearning\Agents\DuelingDQN\DuelingDQNAgent.cs(326,42): error CS1503: Argument 1: cannot convert from 'AiDotNet.LinearAlgebra.Vector<T>' to 'AiDotNet.LinearAlgebra.Matrix<T>' [C:\Users\cheat\source\repos\worktrees\pr-481-1763014665\src\AiDotNet.csproj::TargetFramework=net8.0]
C:\Users\cheat\source\repos\worktrees\pr-481-1763014665\src\ReinforcementLearning\Agents\DuelingDQN\DuelingDQNAgent.cs(332,35): error CS1061: 'DuelingNetwork<T>' does not contain a definition for 'GetParameters' and no accessible extension method 'GetParameters' accepting a first argument of type 'DuelingNetwork<T>' could be found (are you missing a using directive or an assembly reference?) [C:\Users\cheat\source\repos\worktrees\pr-481-1763014665\src\AiDotNet.csproj::TargetFramework=net8.0]
C:\Users\cheat\source\repos\worktrees\pr-481-1763014665\src\ReinforcementLearning\Agents\MADDPG\MADDPGAgent.cs(169,46): error CS1061: 'INeuralNetwork<T>' does not contain a definition for 'Forward' and no accessible extension method 'Forward' accepting a first argument of type 'INeuralNetwork<T>' could be found (are you missing a using directive or an assembly reference?) [C:\Users\cheat\source\repos\worktrees\pr-481-1763014665\src\AiDotNet.csproj::TargetFramework=net8.0]
C:\Users\cheat\source\repos\worktrees\pr-481-1763014665\src\ReinforcementLearning\Agents\MuZero\MuZeroAgent.cs(122,57): error CS1503: Argument 1: cannot convert from 'AiDotNet.LinearAlgebra.Vector<T>' to 'AiDotNet.LinearAlgebra.Tensor<T>' [C:\Users\cheat\source\repos\worktrees\pr-481-1763014665\src\AiDotNet.csproj::TargetFramework=net8.0]
C:\Users\cheat\source\repos\worktrees\pr-481-1763014665\src\ReinforcementLearning\Agents\MuZero\MuZeroAgent.cs(123,35): error CS1503: Argument 1: cannot convert from 'AiDotNet.LinearAlgebra.Tensor<T>' to 'AiDotNet.LinearAlgebra.Vector<T>' [C:\Users\cheat\source\repos\worktrees\pr-481-1763014665\src\AiDotNet.csproj::TargetFramework=net8.0]
C:\Users\cheat\source\repos\worktrees\pr-481-1763014665\src\ReinforcementLearning\Agents\IQL\IQLAgent.cs(145,28): error CS1501: No overload for method 'Add' takes 5 arguments [C:\Users\cheat\source\repos\worktrees\pr-481-1763014665\src\AiDotNet.csproj::TargetFramework=net8.0]
C:\Users\cheat\source\repos\worktrees\pr-481-1763014665\src\ReinforcementLearning\Agents\MADDPG\MADDPGAgent.cs(214,23): error CS1501: No overload for method 'Add' takes 5 arguments [C:\Users\cheat\source\repos\worktrees\pr-481-1763014665\src\AiDotNet.csproj::TargetFramework=net8.0]
C:\Users\cheat\source\repos\worktrees\pr-481-1763014665\src\ReinforcementLearning\Agents\MADDPG\MADDPGAgent.cs(220,23): error CS1501: No overload for method 'Add' takes 5 arguments [C:\Users\cheat\source\repos\worktrees\pr-481-1763014665\src\AiDotNet.csproj::TargetFramework=net8.0]
C:\Users\cheat\source\repos\worktrees\pr-481-1763014665\src\ReinforcementLearning\Agents\MADDPG\MADDPGAgent.cs(237,50): error CS1503: Argument 2: cannot convert from 'System.Collections.Generic.List<AiDotNet.ReinforcementLearning.ReplayBuffers.Experience<T>>' to 'System.Collections.Generic.List<(AiDotNet.LinearAlgebra.Vector<T> state, AiDotNet.LinearAlgebra.Vector<T> action, T reward, AiDotNet.LinearAlgebra.Vector<T> nextState, bool done)>' [C:\Users\cheat\source\repos\worktrees\pr-481-1763014665\src\AiDotNet.csproj::TargetFramework=net8.0]
C:\Users\cheat\source\repos\worktrees\pr-481-1763014665\src\ReinforcementLearning\Agents\MADDPG\MADDPGAgent.cs(238,48): error CS1503: Argument 2: cannot convert from 'System.Collections.Generic.List<AiDotNet.ReinforcementLearning.ReplayBuffers.Experience<T>>' to 'System.Collections.Generic.List<(AiDotNet.LinearAlgebra.Vector<T> state, AiDotNet.LinearAlgebra.Vector<T> action, T reward, AiDotNet.LinearAlgebra.Vector<T> nextState, bool done)>' [C:\Users\cheat\source\repos\worktrees\pr-481-1763014665\src\AiDotNet.csproj::TargetFramework=net8.0]
C:\Users\cheat\source\repos\worktrees\pr-481-1763014665\src\ReinforcementLearning\Agents\IQL\IQLAgent.cs(151,51): error CS1503: Argument 1: cannot convert from 'AiDotNet.LinearAlgebra.Vector<T>' to 'AiDotNet.LinearAlgebra.Tensor<T>' [C:\Users\cheat\source\repos\worktrees\pr-481-1763014665\src\AiDotNet.csproj::TargetFramework=net8.0]
C:\Users\cheat\source\repos\worktrees\pr-481-1763014665\src\ReinforcementLearning\Agents\DynamicProgramming\ValueIterationAgent.cs(282,51): error CS1503: Argument 1: cannot convert from 'AiDotNet.LinearAlgebra.Matrix<T>' to 'AiDotNet.LinearAlgebra.Vector<T>' [C:\Users\cheat\source\repos\worktrees\pr-481-1763014665\src\AiDotNet.csproj::TargetFramework=net8.0]
C:\Users\cheat\source\repos\worktrees\pr-481-1763014665\src\ReinforcementLearning\Agents\DynamicProgramming\ValueIterationAgent.cs(282,88): error CS1503: Argument 2: cannot convert from 'AiDotNet.LinearAlgebra.Matrix<T>' to 'AiDotNet.LinearAlgebra.Vector<T>' [C:\Users\cheat\source\repos\worktrees\pr-481-1763014665\src\AiDotNet.csproj::TargetFramework=net8.0]
C:\Users\cheat\source\repos\worktrees\pr-481-1763014665\src\ReinforcementLearning\Agents\DynamicProgramming\ValueIterationAgent.cs(284,61): error CS1503: Argument 1: cannot convert from 'AiDotNet.LinearAlgebra.Matrix<T>' to 'AiDotNet.LinearAlgebra.Vector<T>' [C:\Users\cheat\source\repos\worktrees\pr-481-1763014665\src\AiDotNet.csproj::TargetFramework=net8.0]
C:\Users\cheat\source\repos\worktrees\pr-481-1763014665\src\ReinforcementLearning\Agents\DynamicProgramming\ValueIterationAgent.cs(284,98): error CS1503: Argument 2: cannot convert from 'AiDotNet.LinearAlgebra.Matrix<T>' to 'AiDotNet.LinearAlgebra.Vector<T>' [C:\Users\cheat\source\repos\worktrees\pr-481-1763014665\src\AiDotNet.csproj::TargetFramework=net8.0]
C:\Users\cheat\source\repos\worktrees\pr-481-1763014665\src\ReinforcementLearning\Agents\IQL\IQLAgent.cs(190,24): error CS1501: No overload for method 'Add' takes 5 arguments [C:\Users\cheat\source\repos\worktrees\pr-481-1763014665\src\AiDotNet.csproj::TargetFramework=net8.0]
C:\Users\cheat\source\repos\worktrees\pr-481-1763014665\src\ReinforcementLearning\Agents\MonteCarlo\OnPolicyMonteCarloAgent.cs(215,25): error CS0029: Cannot implicitly convert type 'string' to 'AiDotNet.Enums.ModelType' [C:\Users\cheat\source\repos\worktrees\pr-481-1763014665\src\AiDotNet.csproj::TargetFramework=net8.0]
C:\Users\cheat\source\repos\worktrees\pr-481-1763014665\src\ReinforcementLearning\Agents\DynamicProgramming\PolicyIterationAgent.cs(253,25): error CS0029: Cannot implicitly convert type 'string' to 'AiDotNet.Enums.ModelType' [C:\Users\cheat\source\repos\worktrees\pr-481-1763014665\src\AiDotNet.csproj::TargetFramework=net8.0]
C:\Users\cheat\source\repos\worktrees\pr-481-1763014665\src\ReinforcementLearning\Agents\IQL\IQLAgent.cs(205,43): error CS1503: Argument 1: cannot convert from 'System.Collections.Generic.List<AiDotNet.ReinforcementLearning.ReplayBuffers.Experience<T>>' to 'System.Collections.Generic.List<(AiDotNet.LinearAlgebra.Vector<T> state, AiDotNet.LinearAlgebra.Vector<T> action, T reward, AiDotNet.LinearAlgebra.Vector<T> nextState, bool done)>' [C:\Users\cheat\source\repos\worktrees\pr-481-1763014665\src\AiDotNet.csproj::TargetFramework=net8.0]
C:\Users\cheat\source\repos\worktrees\pr-481-1763014665\src\ReinforcementLearning\Agents\IQL\IQLAgent.cs(209,36): error CS1503: Argument 1: cannot convert from 'System.Collections.Generic.List<AiDotNet.ReinforcementLearning.ReplayBuffers.Experience<T>>' to 'System.Collections.Generic.List<(AiDotNet.LinearAlgebra.Vector<T> state, AiDotNet.LinearAlgebra.Vector<T> action, T reward, AiDotNet.LinearAlgebra.Vector<T> nextState, bool done)>' [C:\Users\cheat\source\repos\worktrees\pr-481-1763014665\src\AiDotNet.csproj::TargetFramework=net8.0]
C:\Users\cheat\source\repos\worktrees\pr-481-1763014665\src\ReinforcementLearning\Agents\IQL\IQLAgent.cs(213,37): error CS1503: Argument 1: cannot convert from 'System.Collections.Generic.List<AiDotNet.ReinforcementLearning.ReplayBuffers.Experience<T>>' to 'System.Collections.Generic.List<(AiDotNet.LinearAlgebra.Vector<T> state, AiDotNet.LinearAlgebra.Vector<T> action, T reward, AiDotNet.LinearAlgebra.Vector<T> nextState, bool done)>' [C:\Users\cheat\source\repos\worktrees\pr-481-1763014665\src\AiDotNet.csproj::TargetFramework=net8.0]
C:\Users\cheat\source\repos\worktrees\pr-481-1763014665\src\ReinforcementLearning\Agents\QMIX\QMIXAgent.cs(463,25): error CS0029: Cannot implicitly convert type 'string' to 'AiDotNet.Enums.ModelType' [C:\Users\cheat\source\repos\worktrees\pr-481-1763014665\src\AiDotNet.csproj::TargetFramework=net8.0]
C:\Users\cheat\source\repos\worktrees\pr-481-1763014665\src\ReinforcementLearning\Agents\PPO\PPOAgent.cs(63,32): error CS0246: The type or namespace name 'MeanSquaredError<>' could not be found (are you missing a using directive or an assembly reference?) [C:\Users\cheat\source\repos\worktrees\pr-481-1763014665\src\AiDotNet.csproj::TargetFramework=net8.0]
C:\Users\cheat\source\repos\worktrees\pr-481-1763014665\src\ReinforcementLearning\Agents\EligibilityTraces\WatkinsQLambdaAgent.cs(123,218): error CS1503: Argument 1: cannot convert from 'AiDotNet.LinearAlgebra.Matrix<T>' to 'AiDotNet.LinearAlgebra.Vector<T>' [C:\Users\cheat\source\repos\worktrees\pr-481-1763014665\src\AiDotNet.csproj::TargetFramework=net8.0]
C:\Users\cheat\source\repos\worktrees\pr-481-1763014665\src\ReinforcementLearning\Agents\EligibilityTraces\WatkinsQLambdaAgent.cs(123,249): error CS1503: Argument 2: cannot convert from 'AiDotNet.LinearAlgebra.Matrix<T>' to 'AiDotNet.LinearAlgebra.Vector<T>' [C:\Users\cheat\source\repos\worktrees\pr-481-1763014665\src\AiDotNet.csproj::TargetFramework=net8.0]
C:\Users\cheat\source\repos\worktrees\pr-481-1763014665\src\ReinforcementLearning\Agents\EligibilityTraces\WatkinsQLambdaAgent.cs(123,317): error CS1503: Argument 1: cannot convert from 'AiDotNet.LinearAlgebra.Matrix<T>' to 'AiDotNet.LinearAlgebra.Vector<T>' [C:\Users\cheat\source\repos\worktrees\pr-481-1763014665\src\AiDotNet.csproj::TargetFramework=net8.0]
C:\Users\cheat\source\repos\worktrees\pr-481-1763014665\src\ReinforcementLearning\Agents\EligibilityTraces\WatkinsQLambdaAgent.cs(123,348): error CS1503: Argument 2: cannot convert from 'AiDotNet.LinearAlgebra.Matrix<T>' to 'AiDotNet.LinearAlgebra.Vector<T>' [C:\Users\cheat\source\repos\worktrees\pr-481-1763014665\src\AiDotNet.csproj::TargetFramework=net8.0]
C:\Users\cheat\source\repos\worktrees\pr-481-1763014665\src\ReinforcementLearning\Agents\MuZero\MuZeroAgent.cs(210,53): error CS1503: Argument 1: cannot convert from 'AiDotNet.LinearAlgebra.Vector<T>' to 'AiDotNet.LinearAlgebra.Tensor<T>' [C:\Users\cheat\source\repos\worktrees\pr-481-1763014665\src\AiDotNet.csproj::TargetFramework=net8.0]
C:\Users\cheat\source\repos\worktrees\pr-481-1763014665\src\ReinforcementLearning\Agents\MuZero\MuZeroAgent.cs(211,36): error CS1503: Argument 1: cannot convert from 'AiDotNet.LinearAlgebra.Tensor<T>' to 'AiDotNet.LinearAlgebra.Vector<T>' [C:\Users\cheat\source\repos\worktrees\pr-481-1763014665\src\AiDotNet.csproj::TargetFramework=net8.0]
C:\Users\cheat\source\repos\worktrees\pr-481-1763014665\src\ReinforcementLearning\Agents\MADDPG\MADDPGAgent.cs(257,122): error CS1061: '(Vector<T> state, Vector<T> action, T reward, Vector<T> nextState, bool done)' does not contain a definition for 'Action' and no accessible extension method 'Action' accepting a first argument of type '(Vector<T> state, Vector<T> action, T reward, Vector<T> nextState, bool done)' could be found (are you missing a using directive or an assembly reference?) [C:\Users\cheat\source\repos\worktrees\pr-481-1763014665\src\AiDotNet.csproj::TargetFramework=net8.0]
C:\Users\cheat\source\repos\worktrees\pr-481-1763014665\src\ReinforcementLearning\Agents\MADDPG\MADDPGAgent.cs(257,58): error CS1061: 'INeuralNetwork<T>' does not contain a definition for 'Forward' and no accessible extension method 'Forward' accepting a first argument of type 'INeuralNetwork<T>' could be found (are you missing a using directive or an assembly reference?) [C:\Users\cheat\source\repos\worktrees\pr-481-1763014665\src\AiDotNet.csproj::TargetFramework=net8.0]
C:\Users\cheat\source\repos\worktrees\pr-481-1763014665\src\ReinforcementLearning\Agents\MADDPG\MADDPGAgent.cs(262,37): error CS1061: '(Vector<T> state, Vector<T> action, T reward, Vector<T> nextState, bool done)' does not contain a definition for 'Reward' and no accessible extension method 'Reward' accepting a first argument of type '(Vector<T> state, Vector<T> action, T reward, Vector<T> nextState, bool done)' could be found (are you missing a using directive or an assembly reference?) [C:\Users\cheat\source\repos\worktrees\pr-481-1763014665\src\AiDotNet.csproj::TargetFramework=net8.0]
C:\Users\cheat\source\repos\worktrees\pr-481-1763014665\src\ReinforcementLearning\Agents\MADDPG\MADDPGAgent.cs(266,48): error CS1061: '(Vector<T> state, Vector<T> action, T reward, Vector<T> nextState, bool done)' does not contain a definition for 'Reward' and no accessible extension method 'Reward' accepting a first argument of type '(Vector<T> state, Vector<T> action, T reward, Vector<T> nextState, bool done)' could be found (are you missing a using directive or an assembly reference?) [C:\Users\cheat\source\repos\worktrees\pr-481-1763014665\src\AiDotNet.csproj::TargetFramework=net8.0]
C:\Users\cheat\source\repos\worktrees\pr-481-1763014665\src\ReinforcementLearning\Agents\MADDPG\MADDPGAgent.cs(270,113): error CS1061: '(Vector<T> state, Vector<T> action, T reward, Vector<T> nextState, bool done)' does not contain a definition for 'Action' and no accessible extension method 'Action' accepting a first argument of type '(Vector<T> state, Vector<T> action, T reward, Vector<T> nextState, bool done)' could be found (are you missing a using directive or an assembly reference?) [C:\Users\cheat\source\repos\worktrees\pr-481-1763014665\src\AiDotNet.csproj::TargetFramework=net8.0]
C:\Users\cheat\source\repos\worktrees\pr-481-1763014665\src\ReinforcementLearning\Agents\MADDPG\MADDPGAgent.cs(270,53): error CS1061: 'INeuralNetwork<T>' does not contain a definition for 'Forward' and no accessible extension method 'Forward' accepting a first argument of type 'INeuralNetwork<T>' could be found (are you missing a using directive or an assembly reference?) [C:\Users\cheat\source\repos\worktrees\pr-481-1763014665\src\AiDotNet.csproj::TargetFramework=net8.0]
C:\Users\cheat\source\repos\worktrees\pr-481-1763014665\src\ReinforcementLearning\Agents\MADDPG\MADDPGAgent.cs(280,38): error CS1061: 'INeuralNetwork<T>' does not contain a definition for 'Backpropagate' and no accessible extension method 'Backpropagate' accepting a first argument of type 'INeuralNetwork<T>' could be found (are you missing a using directive or an assembly reference?) [C:\Users\cheat\source\repos\worktrees\pr-481-1763014665\src\AiDotNet.csproj::TargetFramework=net8.0]
C:\Users\cheat\source\repos\worktrees\pr-481-1763014665\src\ReinforcementLearning\Agents\MADDPG\MADDPGAgent.cs(281,55): error CS1503: Argument 1: cannot convert from 'T' to 'AiDotNet.LinearAlgebra.Vector<T>' [C:\Users\cheat\source\repos\worktrees\pr-481-1763014665\src\AiDotNet.csproj::TargetFramework=net8.0]
C:\Users\cheat\source\repos\worktrees\pr-481-1763014665\src\ReinforcementLearning\Agents\MonteCarlo\OnPolicyMonteCarloAgent.cs(286,51): error CS1503: Argument 1: cannot convert from 'AiDotNet.LinearAlgebra.Matrix<T>' to 'AiDotNet.LinearAlgebra.Vector<T>' [C:\Users\cheat\source\repos\worktrees\pr-481-1763014665\src\AiDotNet.csproj::TargetFramework=net8.0]
C:\Users\cheat\source\repos\worktrees\pr-481-1763014665\src\ReinforcementLearning\Agents\MonteCarlo\OnPolicyMonteCarloAgent.cs(286,88): error CS1503: Argument 2: cannot convert from 'AiDotNet.LinearAlgebra.Matrix<T>' to 'AiDotNet.LinearAlgebra.Vector<T>' [C:\Users\cheat\source\repos\worktrees\pr-481-1763014665\src\AiDotNet.csproj::TargetFramework=net8.0]
C:\Users\cheat\source\repos\worktrees\pr-481-1763014665\src\ReinforcementLearning\Agents\MonteCarlo\OnPolicyMonteCarloAgent.cs(288,61): error CS1503: Argument 1: cannot convert from 'AiDotNet.LinearAlgebra.Matrix<T>' to 'AiDotNet.LinearAlgebra.Vector<T>' [C:\Users\cheat\source\repos\worktrees\pr-481-1763014665\src\AiDotNet.csproj::TargetFramework=net8.0]
C:\Users\cheat\source\repos\worktrees\pr-481-1763014665\src\ReinforcementLearning\Agents\MonteCarlo\OnPolicyMonteCarloAgent.cs(288,98): error CS1503: Argument 2: cannot convert from 'AiDotNet.LinearAlgebra.Matrix<T>' to 'AiDotNet.LinearAlgebra.Vector<T>' [C:\Users\cheat\source\repos\worktrees\pr-481-1763014665\src\AiDotNet.csproj::TargetFramework=net8.0]
C:\Users\cheat\source\repos\worktrees\pr-481-1763014665\src\ReinforcementLearning\Agents\EligibilityTraces\SARSALambdaAgent.cs(17,12): error CS8618: Non-nullable field '_lastState' must contain a non-null value when exiting constructor. Consider adding the 'required' modifier or declaring the field as nullable. [C:\Users\cheat\source\repos\worktrees\pr-481-1763014665\src\AiDotNet.csproj::TargetFramework=net8.0]
C:\Users\cheat\source\repos\worktrees\pr-481-1763014665\src\ReinforcementLearning\Agents\QMIX\QMIXAgent.cs(544,51): error CS1503: Argument 1: cannot convert from 'AiDotNet.LinearAlgebra.Matrix<T>' to 'AiDotNet.LinearAlgebra.Vector<T>' [C:\Users\cheat\source\repos\worktrees\pr-481-1763014665\src\AiDotNet.csproj::TargetFramework=net8.0]
C:\Users\cheat\source\repos\worktrees\pr-481-1763014665\src\ReinforcementLearning\Agents\QMIX\QMIXAgent.cs(544,88): error CS1503: Argument 2: cannot convert from 'AiDotNet.LinearAlgebra.Matrix<T>' to 'AiDotNet.LinearAlgebra.Vector<T>' [C:\Users\cheat\source\repos\worktrees\pr-481-1763014665\src\AiDotNet.csproj::TargetFramework=net8.0]
C:\Users\cheat\source\repos\worktrees\pr-481-1763014665\src\ReinforcementLearning\Agents\QMIX\QMIXAgent.cs(546,67): error CS1503: Argument 1: cannot convert from 'AiDotNet.LinearAlgebra.Matrix<T>' to 'AiDotNet.LinearAlgebra.Vector<T>' [C:\Users\cheat\source\repos\worktrees\pr-481-1763014665\src\AiDotNet.csproj::TargetFramework=net8.0]
C:\Users\cheat\source\repos\worktrees\pr-481-1763014665\src\ReinforcementLearning\Agents\QMIX\QMIXAgent.cs(546,104): error CS1503: Argument 2: cannot convert from 'AiDotNet.LinearAlgebra.Matrix<T>' to 'AiDotNet.LinearAlgebra.Vector<T>' [C:\Users\cheat\source\repos\worktrees\pr-481-1763014665\src\AiDotNet.csproj::TargetFramework=net8.0]
C:\Users\cheat\source\repos\worktrees\pr-481-1763014665\src\ReinforcementLearning\Agents\QMIX\QMIXAgent.cs(547,53): error CS1061: 'Vector<T>' does not contain a definition for 'GetRow' and no accessible extension method 'GetRow' accepting a first argument of type 'Vector<T>' could be found (are you missing a using directive or an assembly reference?) [C:\Users\cheat\source\repos\worktrees\pr-481-1763014665\src\AiDotNet.csproj::TargetFramework=net8.0]
C:\Users\cheat\source\repos\worktrees\pr-481-1763014665\src\ReinforcementLearning\Agents\QMIX\QMIXAgent.cs(553,27): error CS1061: 'INeuralNetwork<T>' does not contain a definition for 'Backpropagate' and no accessible extension method 'Backpropagate' accepting a first argument of type 'INeuralNetwork<T>' could be found (are you missing a using directive or an assembly reference?) [C:\Users\cheat\source\repos\worktrees\pr-481-1763014665\src\AiDotNet.csproj::TargetFramework=net8.0]
C:\Users\cheat\source\repos\worktrees\pr-481-1763014665\src\ReinforcementLearning\Agents\QMIX\QMIXAgent.cs(554,44): error CS1503: Argument 1: cannot convert from 'T' to 'AiDotNet.LinearAlgebra.Vector<T>' [C:\Users\cheat\source\repos\worktrees\pr-481-1763014665\src\AiDotNet.csproj::TargetFramework=net8.0]
C:\Users\cheat\source\repos\worktrees\pr-481-1763014665\src\ReinforcementLearning\Agents\PPO\PPOAgent.cs(98,108): error CS0246: The type or namespace name 'LinearActivation<>' could not be found (are you missing a using directive or an assembly reference?) [C:\Users\cheat\source\repos\worktrees\pr-481-1763014665\src\AiDotNet.csproj::TargetFramework=net8.0]
C:\Users\cheat\source\repos\worktrees\pr-481-1763014665\src\ReinforcementLearning\Agents\PPO\PPOAgent.cs(103,104): error CS0246: The type or namespace name 'LinearActivation<>' could not be found (are you missing a using directive or an assembly reference?) [C:\Users\cheat\source\repos\worktrees\pr-481-1763014665\src\AiDotNet.csproj::TargetFramework=net8.0]
C:\Users\cheat\source\repos\worktrees\pr-481-1763014665\src\ReinforcementLearning\Agents\PPO\PPOAgent.cs(106,32): error CS1729: 'NeuralNetworkArchitecture<T>' does not contain a constructor that takes 0 arguments [C:\Users\cheat\source\repos\worktrees\pr-481-1763014665\src\AiDotNet.csproj::TargetFramework=net8.0]
C:\Users\cheat\source\repos\worktrees\pr-481-1763014665\src\ReinforcementLearning\Agents\PPO\PPOAgent.cs(108,13): error CS0200: Property or indexer 'NeuralNetworkArchitecture<T>.Layers' cannot be assigned to -- it is read only [C:\Users\cheat\source\repos\worktrees\pr-481-1763014665\src\AiDotNet.csproj::TargetFramework=net8.0]
C:\Users\cheat\source\repos\worktrees\pr-481-1763014665\src\ReinforcementLearning\Agents\PPO\PPOAgent.cs(109,13): error CS0200: Property or indexer 'NeuralNetworkArchitecture<T>.TaskType' cannot be assigned to -- it is read only [C:\Users\cheat\source\repos\worktrees\pr-481-1763014665\src\AiDotNet.csproj::TargetFramework=net8.0]
C:\Users\cheat\source\repos\worktrees\pr-481-1763014665\src\ReinforcementLearning\Agents\NStepSARSA\NStepSARSAAgent.cs(197,25): error CS0029: Cannot implicitly convert type 'string' to 'AiDotNet.Enums.ModelType' [C:\Users\cheat\source\repos\worktrees\pr-481-1763014665\src\AiDotNet.csproj::TargetFramework=net8.0]
C:\Users\cheat\source\repos\worktrees\pr-481-1763014665\src\ReinforcementLearning\Agents\MuZero\MuZeroAgent.cs(248,55): error CS1503: Argument 1: cannot convert from 'AiDotNet.LinearAlgebra.Vector<T>' to 'AiDotNet.LinearAlgebra.Tensor<T>' [C:\Users\cheat\source\repos\worktrees\pr-481-1763014665\src\AiDotNet.csproj::TargetFramework=net8.0]
C:\Users\cheat\source\repos\worktrees\pr-481-1763014665\src\ReinforcementLearning\Agents\MuZero\MuZeroAgent.cs(258,53): error CS1503: Argument 1: cannot convert from 'AiDotNet.LinearAlgebra.Vector<T>' to 'AiDotNet.LinearAlgebra.Tensor<T>' [C:\Users\cheat\source\repos\worktrees\pr-481-1763014665\src\AiDotNet.csproj::TargetFramework=net8.0]
C:\Users\cheat\source\repos\worktrees\pr-481-1763014665\src\ReinforcementLearning\Agents\MuZero\MuZeroAgent.cs(259,34): error CS1503: Argument 1: cannot convert from 'AiDotNet.LinearAlgebra.Tensor<T>' to 'AiDotNet.LinearAlgebra.Vector<T>' [C:\Users\cheat\source\repos\worktrees\pr-481-1763014665\src\AiDotNet.csproj::TargetFramework=net8.0]
C:\Users\cheat\source\repos\worktrees\pr-481-1763014665\src\ReinforcementLearning\Agents\PPO\PPOAgent.cs(128,79): error CS0246: The type or namespace name 'LinearActivation<>' could not be found (are you missing a using directive or an assembly reference?) [C:\Users\cheat\source\repos\worktrees\pr-481-1763014665\src\AiDotNet.csproj::TargetFramework=net8.0]
C:\Users\cheat\source\repos\worktrees\pr-481-1763014665\src\ReinforcementLearning\Agents\PPO\PPOAgent.cs(130,32): error CS1729: 'NeuralNetworkArchitecture<T>' does not contain a constructor that takes 0 arguments [C:\Users\cheat\source\repos\worktrees\pr-481-1763014665\src\AiDotNet.csproj::TargetFramework=net8.0]
C:\Users\cheat\source\repos\worktrees\pr-481-1763014665\src\ReinforcementLearning\Agents\PPO\PPOAgent.cs(132,13): error CS0200: Property or indexer 'NeuralNetworkArchitecture<T>.Layers' cannot be assigned to -- it is read only [C:\Users\cheat\source\repos\worktrees\pr-481-1763014665\src\AiDotNet.csproj::TargetFramework=net8.0]
C:\Users\cheat\source\repos\worktrees\pr-481-1763014665\src\ReinforcementLearning\Agents\PPO\PPOAgent.cs(133,13): error CS0200: Property or indexer 'NeuralNetworkArchitecture<T>.TaskType' cannot be assigned to -- it is read only [C:\Users\cheat\source\repos\worktrees\pr-481-1763014665\src\AiDotNet.csproj::TargetFramework=net8.0]
C:\Users\cheat\source\repos\worktrees\pr-481-1763014665\src\ReinforcementLearning\Agents\PPO\PPOAgent.cs(142,51): error CS1503: Argument 1: cannot convert from 'AiDotNet.LinearAlgebra.Vector<T>' to 'AiDotNet.LinearAlgebra.Tensor<T>' [C:\Users\cheat\source\repos\worktrees\pr-481-1763014665\src\AiDotNet.csproj::TargetFramework=net8.0]
C:\Users\cheat\source\repos\worktrees\pr-481-1763014665\src\ReinforcementLearning\Agents\PPO\PPOAgent.cs(147,43): error CS1503: Argument 1: cannot convert from 'AiDotNet.LinearAlgebra.Tensor<T>' to 'AiDotNet.LinearAlgebra.Vector<T>' [C:\Users\cheat\source\repos\worktrees\pr-481-1763014665\src\AiDotNet.csproj::TargetFramework=net8.0]
C:\Users\cheat\source\repos\worktrees\pr-481-1763014665\src\ReinforcementLearning\Agents\PPO\PPOAgent.cs(152,41): error CS1503: Argument 1: cannot convert from 'AiDotNet.LinearAlgebra.Tensor<T>' to 'AiDotNet.LinearAlgebra.Vector<T>' [C:\Users\cheat\source\repos\worktrees\pr-481-1763014665\src\AiDotNet.csproj::TargetFramework=net8.0]
C:\Users\cheat\source\repos\worktrees\pr-481-1763014665\src\ReinforcementLearning\Agents\MuZero\MuZeroAgent.cs(286,23): error CS1501: No overload for method 'Add' takes 5 arguments [C:\Users\cheat\source\repos\worktrees\pr-481-1763014665\src\AiDotNet.csproj::TargetFramework=net8.0]
C:\Users\cheat\source\repos\worktrees\pr-481-1763014665\src\ReinforcementLearning\Agents\EligibilityTraces\QLambdaAgent.cs(114,218): error CS1503: Argument 1: cannot convert from 'AiDotNet.LinearAlgebra.Matrix<T>' to 'AiDotNet.LinearAlgebra.Vector<T>' [C:\Users\cheat\source\repos\worktrees\pr-481-1763014665\src\AiDotNet.csproj::TargetFramework=net8.0]
C:\Users\cheat\source\repos\worktrees\pr-481-1763014665\src\ReinforcementLearning\Agents\EligibilityTraces\QLambdaAgent.cs(114,249): error CS1503: Argument 2: cannot convert from 'AiDotNet.LinearAlgebra.Matrix<T>' to 'AiDotNet.LinearAlgebra.Vector<T>' [C:\Users\cheat\source\repos\worktrees\pr-481-1763014665\src\AiDotNet.csproj::TargetFramework=net8.0]
C:\Users\cheat\source\repos\worktrees\pr-481-1763014665\src\ReinforcementLearning\Agents\EligibilityTraces\QLambdaAgent.cs(114,317): error CS1503: Argument 1: cannot convert from 'AiDotNet.LinearAlgebra.Matrix<T>' to 'AiDotNet.LinearAlgebra.Vector<T>' [C:\Users\cheat\source\repos\worktrees\pr-481-1763014665\src\AiDotNet.csproj::TargetFramework=net8.0]
C:\Users\cheat\source\repos\worktrees\pr-481-1763014665\src\ReinforcementLearning\Agents\EligibilityTraces\QLambdaAgent.cs(114,348): error CS1503: Argument 2: cannot convert from 'AiDotNet.LinearAlgebra.Matrix<T>' to 'AiDotNet.LinearAlgebra.Vector<T>' [C:\Users\cheat\source\repos\worktrees\pr-481-1763014665\src\AiDotNet.csproj::TargetFramework=net8.0]
C:\Users\cheat\source\repos\worktrees\pr-481-1763014665\src\ReinforcementLearning\Agents\IQL\IQLAgent.cs(231,83): error CS1061: '(Vector<T> state, Vector<T> action, T reward, Vector<T> nextState, bool done)' does not contain a definition for 'Action' and no accessible extension method 'Action' accepting a first argument of type '(Vector<T> state, Vector<T> action, T reward, Vector<T> nextState, bool done)' could be found (are you missing a using directive or an assembly reference?) [C:\Users\cheat\source\repos\worktrees\pr-481-1763014665\src\AiDotNet.csproj::TargetFramework=net8.0]
C:\Users\cheat\source\repos\worktrees\pr-481-1763014665\src\ReinforcementLearning\Agents\IQL\IQLAgent.cs(232,46): error CS1503: Argument 1: cannot convert from 'AiDotNet.LinearAlgebra.Vector<T>' to 'AiDotNet.LinearAlgebra.Tensor<T>' [C:\Users\cheat\source\repos\worktrees\pr-481-1763014665\src\AiDotNet.csproj::TargetFramework=net8.0]
C:\Users\cheat\source\repos\worktrees\pr-481-1763014665\src\ReinforcementLearning\Agents\IQL\IQLAgent.cs(233,46): error CS1503: Argument 1: cannot convert from 'AiDotNet.LinearAlgebra.Vector<T>' to 'AiDotNet.LinearAlgebra.Tensor<T>' [C:\Users\cheat\source\repos\worktrees\pr-481-1763014665\src\AiDotNet.csproj::TargetFramework=net8.0]
C:\Users\cheat\source\repos\worktrees\pr-481-1763014665\src\ReinforcementLearning\Agents\IQL\IQLAgent.cs(237,48): error CS1503: Argument 1: cannot convert from 'AiDotNet.LinearAlgebra.Vector<T>' to 'AiDotNet.LinearAlgebra.Tensor<T>' [C:\Users\cheat\source\repos\worktrees\pr-481-1763014665\src\AiDotNet.csproj::TargetFramework=net8.0]
C:\Users\cheat\source\repos\worktrees\pr-481-1763014665\src\ReinforcementLearning\Agents\IQL\IQLAgent.cs(246,38): error CS1061: 'INumericOperations<T>' does not contain a definition for 'Compare' and no accessible extension method 'Compare' accepting a first argument of type 'INumericOperations<T>' could be found (are you missing a using directive or an assembly reference?) [C:\Users\cheat\source\repos\worktrees\pr-481-1763014665\src\AiDotNet.csproj::TargetFramework=net8.0]
C:\Users\cheat\source\repos\worktrees\pr-481-1763014665\src\ReinforcementLearning\Agents\IQL\IQLAgent.cs(252,41): error CS1503: Argument 1: cannot convert from 'AiDotNet.LinearAlgebra.Vector<T>' to 'AiDotNet.LinearAlgebra.Tensor<T>' [C:\Users\cheat\source\repos\worktrees\pr-481-1763014665\src\AiDotNet.csproj::TargetFramework=net8.0]
C:\Users\cheat\source\repos\worktrees\pr-481-1763014665\src\ReinforcementLearning\Agents\IQL\IQLAgent.cs(253,44): error CS1503: Argument 1: cannot convert from 'T' to 'AiDotNet.LinearAlgebra.Vector<T>' [C:\Users\cheat\source\repos\worktrees\pr-481-1763014665\src\AiDotNet.csproj::TargetFramework=net8.0]
C:\Users\cheat\source\repos\worktrees\pr-481-1763014665\src\ReinforcementLearning\Agents\PPO\PPOAgent.cs(210,49): error CS1503: Argument 1: cannot convert from 'AiDotNet.LinearAlgebra.Vector<T>' to 'AiDotNet.LinearAlgebra.Tensor<T>' [C:\Users\cheat\source\repos\worktrees\pr-481-1763014665\src\AiDotNet.csproj::TargetFramework=net8.0]
C:\Users\cheat\source\repos\worktrees\pr-481-1763014665\src\ReinforcementLearning\Agents\DynamicProgramming\PolicyIterationAgent.cs(320,51): error CS1503: Argument 1: cannot convert from 'AiDotNet.LinearAlgebra.Matrix<T>' to 'AiDotNet.LinearAlgebra.Vector<T>' [C:\Users\cheat\source\repos\worktrees\pr-481-1763014665\src\AiDotNet.csproj::TargetFramework=net8.0]
C:\Users\cheat\source\repos\worktrees\pr-481-1763014665\src\ReinforcementLearning\Agents\DynamicProgramming\PolicyIterationAgent.cs(320,88): error CS1503: Argument 2: cannot convert from 'AiDotNet.LinearAlgebra.Matrix<T>' to 'AiDotNet.LinearAlgebra.Vector<T>' [C:\Users\cheat\source\repos\worktrees\pr-481-1763014665\src\AiDotNet.csproj::TargetFramework=net8.0]
C:\Users\cheat\source\repos\worktrees\pr-481-1763014665\src\ReinforcementLearning\Agents\DynamicProgramming\PolicyIterationAgent.cs(322,61): error CS1503: Argument 1: cannot convert from 'AiDotNet.LinearAlgebra.Matrix<T>' to 'AiDotNet.LinearAlgebra.Vector<T>' [C:\Users\cheat\source\repos\worktrees\pr-481-1763014665\src\AiDotNet.csproj::TargetFramework=net8.0]
C:\Users\cheat\source\repos\worktrees\pr-481-1763014665\src\ReinforcementLearning\Agents\DynamicProgramming\PolicyIterationAgent.cs(322,98): error CS1503: Argument 2: cannot convert from 'AiDotNet.LinearAlgebra.Matrix<T>' to 'AiDotNet.LinearAlgebra.Vector<T>' [C:\Users\cheat\source\repos\worktrees\pr-481-1763014665\src\AiDotNet.csproj::TargetFramework=net8.0]
C:\Users\cheat\source\repos\worktrees\pr-481-1763014665\src\ReinforcementLearning\Agents\PPO\PPOAgent.cs(221,51): error CS1503: Argument 1: cannot convert from 'AiDotNet.LinearAlgebra.Vector<T>' to 'AiDotNet.LinearAlgebra.Tensor<T>' [C:\Users\cheat\source\repos\worktrees\pr-481-1763014665\src\AiDotNet.csproj::TargetFramework=net8.0]
C:\Users\cheat\source\repos\worktrees\pr-481-1763014665\src\ReinforcementLearning\Agents\PPO\PPOAgent.cs(225,45): error CS1503: Argument 1: cannot convert from 'AiDotNet.LinearAlgebra.Tensor<T>' to 'AiDotNet.LinearAlgebra.Vector<T>' [C:\Users\cheat\source\repos\worktrees\pr-481-1763014665\src\AiDotNet.csproj::TargetFramework=net8.0]
C:\Users\cheat\source\repos\worktrees\pr-481-1763014665\src\ReinforcementLearning\Agents\PPO\PPOAgent.cs(229,43): error CS1503: Argument 1: cannot convert from 'AiDotNet.LinearAlgebra.Tensor<T>' to 'AiDotNet.LinearAlgebra.Vector<T>' [C:\Users\cheat\source\repos\worktrees\pr-481-1763014665\src\AiDotNet.csproj::TargetFramework=net8.0]
C:\Users\cheat\source\repos\worktrees\pr-481-1763014665\src\ReinforcementLearning\Agents\MonteCarlo\OffPolicyMonteCarloAgent.cs(219,25): error CS0029: Cannot implicitly convert type 'string' to 'AiDotNet.Enums.ModelType' [C:\Users\cheat\source\repos\worktrees\pr-481-1763014665\src\AiDotNet.csproj::TargetFramework=net8.0]
C:\Users\cheat\source\repos\worktrees\pr-481-1763014665\src\ReinforcementLearning\Agents\MonteCarlo\FirstVisitMonteCarloAgent.cs(192,25): error CS0029: Cannot implicitly convert type 'string' to 'AiDotNet.Enums.ModelType' [C:\Users\cheat\source\repos\worktrees\pr-481-1763014665\src\AiDotNet.csproj::TargetFramework=net8.0]
C:\Users\cheat\source\repos\worktrees\pr-481-1763014665\src\ReinforcementLearning\Agents\MADDPG\MADDPGAgent.cs(302,50): error CS1061: 'INeuralNetwork<T>' does not contain a definition for 'Forward' and no accessible extension method 'Forward' accepting a first argument of type 'INeuralNetwork<T>' could be found (are you missing a using directive or an assembly reference?) [C:\Users\cheat\source\repos\worktrees\pr-481-1763014665\src\AiDotNet.csproj::TargetFramework=net8.0]
C:\Users\cheat\source\repos\worktrees\pr-481-1763014665\src\ReinforcementLearning\Agents\MADDPG\MADDPGAgent.cs(305,42): error CS1061: '(Vector<T> state, Vector<T> action, T reward, Vector<T> nextState, bool done)' does not contain a definition for 'Action' and no accessible extension method 'Action' accepting a first argument of type '(Vector<T> state, Vector<T> action, T reward, Vector<T> nextState, bool done)' could be found (are you missing a using directive or an assembly reference?) [C:\Users\cheat\source\repos\worktrees\pr-481-1763014665\src\AiDotNet.csproj::TargetFramework=net8.0]
C:\Users\cheat\source\repos\worktrees\pr-481-1763014665\src\ReinforcementLearning\Agents\MADDPG\MADDPGAgent.cs(312,51): error CS1061: 'INeuralNetwork<T>' does not contain a definition for 'Forward' and no accessible extension method 'Forward' accepting a first argument of type 'INeuralNetwork<T>' could be found (are you missing a using directive or an assembly reference?) [C:\Users\cheat\source\repos\worktrees\pr-481-1763014665\src\AiDotNet.csproj::TargetFramework=net8.0]
C:\Users\cheat\source\repos\worktrees\pr-481-1763014665\src\ReinforcementLearning\Agents\MADDPG\MADDPGAgent.cs(324,37): error CS1061: 'INeuralNetwork<T>' does not contain a definition for 'Backpropagate' and no accessible extension method 'Backpropagate' accepting a first argument of type 'INeuralNetwork<T>' could be found (are you missing a using directive or an assembly reference?) [C:\Users\cheat\source\repos\worktrees\pr-481-1763014665\src\AiDotNet.csproj::TargetFramework=net8.0]
C:\Users\cheat\source\repos\worktrees\pr-481-1763014665\src\ReinforcementLearning\Agents\MADDPG\MADDPGAgent.cs(325,54): error CS1503: Argument 1: cannot convert from 'T' to 'AiDotNet.LinearAlgebra.Vector<T>' [C:\Users\cheat\source\repos\worktrees\pr-481-1763014665\src\AiDotNet.csproj::TargetFramework=net8.0]
C:\Users\cheat\source\repos\worktrees\pr-481-1763014665\src\ReinforcementLearning\Agents\EligibilityTraces\SARSALambdaAgent.cs(130,56): error CS8625: Cannot convert null literal to non-nullable reference type. [C:\Users\cheat\source\repos\worktrees\pr-481-1763014665\src\AiDotNet.csproj::TargetFramework=net8.0]
C:\Users\cheat\source\repos\worktrees\pr-481-1763014665\src\ReinforcementLearning\Agents\MuZero\MuZeroAgent.cs(302,62): error CS1503: Argument 1: cannot convert from 'AiDotNet.LinearAlgebra.Vector<T>' to 'AiDotNet.LinearAlgebra.Tensor<T>' [C:\Users\cheat\source\repos\worktrees\pr-481-1763014665\src\AiDotNet.csproj::TargetFramework=net8.0]
C:\Users\cheat\source\repos\worktrees\pr-481-1763014665\src\ReinforcementLearning\Agents\MuZero\MuZeroAgent.cs(309,51): error CS1503: Argument 1: cannot convert from 'AiDotNet.LinearAlgebra.Tensor<T>' to 'AiDotNet.LinearAlgebra.Vector<T>' [C:\Users\cheat\source\repos\worktrees\pr-481-1763014665\src\AiDotNet.csproj::TargetFramework=net8.0]
C:\Users\cheat\source\repos\worktrees\pr-481-1763014665\src\ReinforcementLearning\Agents\MuZero\MuZeroAgent.cs(312,41): error CS1061: 'Experience<T>' does not contain a definition for 'done' and no accessible extension method 'done' accepting a first argument of type 'Experience<T>' could be found (are you missing a using directive or an assembly reference?) [C:\Users\cheat\source\repos\worktrees\pr-481-1763014665\src\AiDotNet.csproj::TargetFramework=net8.0]
C:\Users\cheat\source\repos\worktrees\pr-481-1763014665\src\ReinforcementLearning\Agents\MuZero\MuZeroAgent.cs(323,50): error CS1503: Argument 1: cannot convert from 'AiDotNet.LinearAlgebra.Vector<T>' to 'AiDotNet.LinearAlgebra.Tensor<T>' [C:\Users\cheat\source\repos\worktrees\pr-481-1763014665\src\AiDotNet.csproj::TargetFramework=net8.0]
C:\Users\cheat\source\repos\worktrees\pr-481-1763014665\src\ReinforcementLearning\Agents\MuZero\MuZeroAgent.cs(324,53): error CS1503: Argument 1: cannot convert from 'T' to 'AiDotNet.LinearAlgebra.Vector<T>' [C:\Users\cheat\source\repos\worktrees\pr-481-1763014665\src\AiDotNet.csproj::TargetFramework=net8.0]
C:\Users\cheat\source\repos\worktrees\pr-481-1763014665\src\ReinforcementLearning\Agents\MuZero\MuZeroAgent.cs(328,56): error CS1503: Argument 1: cannot convert from 'AiDotNet.LinearAlgebra.Tensor<T>' to 'AiDotNet.LinearAlgebra.Vector<T>' [C:\Users\cheat\source\repos\worktrees\pr-481-1763014665\src\AiDotNet.csproj::TargetFramework=net8.0]
C:\Users\cheat\source\repos\worktrees\pr-481-1763014665\src\ReinforcementLearning\Agents\MuZero\MuZeroAgent.cs(329,63): error CS1503: Argument 1: cannot convert from 'AiDotNet.LinearAlgebra.Vector<T>' to 'AiDotNet.LinearAlgebra.Tensor<T>' [C:\Users\cheat\source\repos\worktrees\pr-481-1763014665\src\AiDotNet.csproj::TargetFramework=net8.0]
C:\Users\cheat\source\repos\worktrees\pr-481-1763014665\src\ReinforcementLearning\Agents\MuZero\MuZeroAgent.cs(332,31): error CS0029: Cannot implicitly convert type 'AiDotNet.LinearAlgebra.Vector<T>' to 'AiDotNet.LinearAlgebra.Tensor<T>' [C:\Users\cheat\source\repos\worktrees\pr-481-1763014665\src\AiDotNet.csproj::TargetFramework=net8.0]
C:\Users\cheat\source\repos\worktrees\pr-481-1763014665\src\ReinforcementLearning\Agents\MonteCarlo\OffPolicyMonteCarloAgent.cs(290,51): error CS1503: Argument 1: cannot convert from 'AiDotNet.LinearAlgebra.Matrix<T>' to 'AiDotNet.LinearAlgebra.Vector<T>' [C:\Users\cheat\source\repos\worktrees\pr-481-1763014665\src\AiDotNet.csproj::TargetFramework=net8.0]
C:\Users\cheat\source\repos\worktrees\pr-481-1763014665\src\ReinforcementLearning\Agents\MonteCarlo\OffPolicyMonteCarloAgent.cs(290,88): error CS1503: Argument 2: cannot convert from 'AiDotNet.LinearAlgebra.Matrix<T>' to 'AiDotNet.LinearAlgebra.Vector<T>' [C:\Users\cheat\source\repos\worktrees\pr-481-1763014665\src\AiDotNet.csproj::TargetFramework=net8.0]
C:\Users\cheat\source\repos\worktrees\pr-481-1763014665\src\ReinforcementLearning\Agents\MonteCarlo\OffPolicyMonteCarloAgent.cs(292,61): error CS1503: Argument 1: cannot convert from 'AiDotNet.LinearAlgebra.Matrix<T>' to 'AiDotNet.LinearAlgebra.Vector<T>' [C:\Users\cheat\source\repos\worktrees\pr-481-1763014665\src\AiDotNet.csproj::TargetFramework=net8.0]
C:\Users\cheat\source\repos\worktrees\pr-481-1763014665\src\ReinforcementLearning\Agents\MonteCarlo\OffPolicyMonteCarloAgent.cs(292,98): error CS1503: Argument 2: cannot convert from 'AiDotNet.LinearAlgebra.Matrix<T>' to 'AiDotNet.LinearAlgebra.Vector<T>' [C:\Users\cheat\source\repos\worktrees\pr-481-1763014665\src\AiDotNet.csproj::TargetFramework=net8.0]
C:\Users\cheat\source\repos\worktrees\pr-481-1763014665\src\ReinforcementLearning\Agents\EligibilityTraces\SARSALambdaAgent.cs(156,218): error CS1503: Argument 1: cannot convert from 'AiDotNet.LinearAlgebra.Matrix<T>' to 'AiDotNet.LinearAlgebra.Vector<T>' [C:\Users\cheat\source\repos\worktrees\pr-481-1763014665\src\AiDotNet.csproj::TargetFramework=net8.0]
C:\Users\cheat\source\repos\worktrees\pr-481-1763014665\src\ReinforcementLearning\Agents\EligibilityTraces\SARSALambdaAgent.cs(156,249): error CS1503: Argument 2: cannot convert from 'AiDotNet.LinearAlgebra.Matrix<T>' to 'AiDotNet.LinearAlgebra.Vector<T>' [C:\Users\cheat\source\repos\worktrees\pr-481-1763014665\src\AiDotNet.csproj::TargetFramework=net8.0]
C:\Users\cheat\source\repos\worktrees\pr-481-1763014665\src\ReinforcementLearning\Agents\EligibilityTraces\SARSALambdaAgent.cs(156,317): error CS1503: Argument 1: cannot convert from 'AiDotNet.LinearAlgebra.Matrix<T>' to 'AiDotNet.LinearAlgebra.Vector<T>' [C:\Users\cheat\source\repos\worktrees\pr-481-1763014665\src\AiDotNet.csproj::TargetFramework=net8.0]
C:\Users\cheat\source\repos\worktrees\pr-481-1763014665\src\ReinforcementLearning\Agents\EligibilityTraces\SARSALambdaAgent.cs(156,348): error CS1503: Argument 2: cannot convert from 'AiDotNet.LinearAlgebra.Matrix<T>' to 'AiDotNet.LinearAlgebra.Vector<T>' [C:\Users\cheat\source\repos\worktrees\pr-481-1763014665\src\AiDotNet.csproj::TargetFramework=net8.0]
C:\Users\cheat\source\repos\worktrees\pr-481-1763014665\src\ReinforcementLearning\Agents\MADDPG\MADDPGAgent.cs(425,25): error CS0029: Cannot implicitly convert type 'string' to 'AiDotNet.Enums.ModelType' [C:\Users\cheat\source\repos\worktrees\pr-481-1763014665\src\AiDotNet.csproj::TargetFramework=net8.0]
C:\Users\cheat\source\repos\worktrees\pr-481-1763014665\src\ReinforcementLearning\Agents\MuZero\MuZeroAgent.cs(410,25): error CS0029: Cannot implicitly convert type 'string' to 'AiDotNet.Enums.ModelType' [C:\Users\cheat\source\repos\worktrees\pr-481-1763014665\src\AiDotNet.csproj::TargetFramework=net8.0]
C:\Users\cheat\source\repos\worktrees\pr-481-1763014665\src\ReinforcementLearning\Agents\IQL\IQLAgent.cs(263,34): error CS1061: 'INumericOperations<T>' does not contain a definition for 'Compare' and no accessible extension method 'Compare' accepting a first argument of type 'INumericOperations<T>' could be found (are you missing a using directive or an assembly reference?) [C:\Users\cheat\source\repos\worktrees\pr-481-1763014665\src\AiDotNet.csproj::TargetFramework=net8.0]
C:\Users\cheat\source\repos\worktrees\pr-481-1763014665\src\ReinforcementLearning\Agents\MuZero\MuZeroAgent.cs(467,45): error CS0103: The name '_optimizer' does not exist in the current context [C:\Users\cheat\source\repos\worktrees\pr-481-1763014665\src\AiDotNet.csproj::TargetFramework=net8.0]
C:\Users\cheat\source\repos\worktrees\pr-481-1763014665\src\ReinforcementLearning\Agents\MuZero\MuZeroAgent.cs(467,20): error CS1729: 'MuZeroAgent<T>' does not contain a constructor that takes 2 arguments [C:\Users\cheat\source\repos\worktrees\pr-481-1763014665\src\AiDotNet.csproj::TargetFramework=net8.0]
C:\Users\cheat\source\repos\worktrees\pr-481-1763014665\src\ReinforcementLearning\Agents\MuZero\MuZeroAgent.cs(479,41): error CS1061: 'ILossFunction<T>' does not contain a definition for 'ComputeGradient' and no accessible extension method 'ComputeGradient' accepting a first argument of type 'ILossFunction<T>' could be found (are you missing a using directive or an assembly reference?) [C:\Users\cheat\source\repos\worktrees\pr-481-1763014665\src\AiDotNet.csproj::TargetFramework=net8.0]
C:\Users\cheat\source\repos\worktrees\pr-481-1763014665\src\ReinforcementLearning\Agents\MADDPG\MADDPGAgent.cs(515,41): error CS1061: 'ILossFunction<T>' does not contain a definition for 'ComputeGradient' and no accessible extension method 'ComputeGradient' accepting a first argument of type 'ILossFunction<T>' could be found (are you missing a using directive or an assembly reference?) [C:\Users\cheat\source\repos\worktrees\pr-481-1763014665\src\AiDotNet.csproj::TargetFramework=net8.0]
C:\Users\cheat\source\repos\worktrees\pr-481-1763014665\src\ReinforcementLearning\Agents\MonteCarlo\MonteCarloExploringStartsAgent.cs(214,25): error CS0029: Cannot implicitly convert type 'string' to 'AiDotNet.Enums.ModelType' [C:\Users\cheat\source\repos\worktrees\pr-481-1763014665\src\AiDotNet.csproj::TargetFramework=net8.0]
C:\Users\cheat\source\repos\worktrees\pr-481-1763014665\src\ReinforcementLearning\Agents\Planning\DynaQPlusAgent.cs(153,218): error CS1503: Argument 1: cannot convert from 'AiDotNet.LinearAlgebra.Matrix<T>' to 'AiDotNet.LinearAlgebra.Vector<T>' [C:\Users\cheat\source\repos\worktrees\pr-481-1763014665\src\AiDotNet.csproj::TargetFramework=net8.0]
C:\Users\cheat\source\repos\worktrees\pr-481-1763014665\src\ReinforcementLearning\Agents\Planning\DynaQPlusAgent.cs(153,249): error CS1503: Argument 2: cannot convert from 'AiDotNet.LinearAlgebra.Matrix<T>' to 'AiDotNet.LinearAlgebra.Vector<T>' [C:\Users\cheat\source\repos\worktrees\pr-481-1763014665\src\AiDotNet.csproj::TargetFramework=net8.0]
C:\Users\cheat\source\repos\worktrees\pr-481-1763014665\src\ReinforcementLearning\Agents\Planning\DynaQPlusAgent.cs(153,317): error CS1503: Argument 1: cannot convert from 'AiDotNet.LinearAlgebra.Matrix<T>' to 'AiDotNet.LinearAlgebra.Vector<T>' [C:\Users\cheat\source\repos\worktrees\pr-481-1763014665\src\AiDotNet.csproj::TargetFramework=net8.0]
C:\Users\cheat\source\repos\worktrees\pr-481-1763014665\src\ReinforcementLearning\Agents\Planning\DynaQPlusAgent.cs(153,348): error CS1503: Argument 2: cannot convert from 'AiDotNet.LinearAlgebra.Matrix<T>' to 'AiDotNet.LinearAlgebra.Vector<T>' [C:\Users\cheat\source\repos\worktrees\pr-481-1763014665\src\AiDotNet.csproj::TargetFramework=net8.0]
C:\Users\cheat\source\repos\worktrees\pr-481-1763014665\src\ReinforcementLearning\Agents\IQL\IQLAgent.cs(288,38): error CS1061: '(Vector<T> state, Vector<T> action, T reward, Vector<T> nextState, bool done)' does not contain a definition for 'Reward' and no accessible extension method 'Reward' accepting a first argument of type '(Vector<T> state, Vector<T> action, T reward, Vector<T> nextState, bool done)' could be found (are you missing a using directive or an assembly reference?) [C:\Users\cheat\source\repos\worktrees\pr-481-1763014665\src\AiDotNet.csproj::TargetFramework=net8.0]
C:\Users\cheat\source\repos\worktrees\pr-481-1763014665\src\ReinforcementLearning\Agents\IQL\IQLAgent.cs(292,61): error CS1503: Argument 1: cannot convert from 'AiDotNet.LinearAlgebra.Vector<T>' to 'AiDotNet.LinearAlgebra.Tensor<T>' [C:\Users\cheat\source\repos\worktrees\pr-481-1763014665\src\AiDotNet.csproj::TargetFramework=net8.0]
C:\Users\cheat\source\repos\worktrees\pr-481-1763014665\src\ReinforcementLearning\Agents\IQL\IQLAgent.cs(293,50): error CS1061: '(Vector<T> state, Vector<T> action, T reward, Vector<T> nextState, bool done)' does not contain a definition for 'Reward' and no accessible extension method 'Reward' accepting a first argument of type '(Vector<T> state, Vector<T> action, T reward, Vector<T> nextState, bool done)' could be found (are you missing a using directive or an assembly reference?) [C:\Users\cheat\source\repos\worktrees\pr-481-1763014665\src\AiDotNet.csproj::TargetFramework=net8.0]
C:\Users\cheat\source\repos\worktrees\pr-481-1763014665\src\ReinforcementLearning\Agents\IQL\IQLAgent.cs(296,83): error CS1061: '(Vector<T> state, Vector<T> action, T reward, Vector<T> nextState, bool done)' does not contain a definition for 'Action' and no accessible extension method 'Action' accepting a first argument of type '(Vector<T> state, Vector<T> action, T reward, Vector<T> nextState, bool done)' could be found (are you missing a using directive or an assembly reference?) [C:\Users\cheat\source\repos\worktrees\pr-481-1763014665\src\AiDotNet.csproj::TargetFramework=net8.0]
C:\Users\cheat\source\repos\worktrees\pr-481-1763014665\src\ReinforcementLearning\Agents\IQL\IQLAgent.cs(299,46): error CS1503: Argument 1: cannot convert from 'AiDotNet.LinearAlgebra.Vector<T>' to 'AiDotNet.LinearAlgebra.Tensor<T>' [C:\Users\cheat\source\repos\worktrees\pr-481-1763014665\src\AiDotNet.csproj::TargetFramework=net8.0]
C:\Users\cheat\source\repos\worktrees\pr-481-1763014665\src\ReinforcementLearning\Agents\IQL\IQLAgent.cs(307,38): error CS1503: Argument 1: cannot convert from 'AiDotNet.LinearAlgebra.Vector<T>' to 'AiDotNet.LinearAlgebra.Tensor<T>' [C:\Users\cheat\source\repos\worktrees\pr-481-1763014665\src\AiDotNet.csproj::TargetFramework=net8.0]
C:\Users\cheat\source\repos\worktrees\pr-481-1763014665\src\ReinforcementLearning\Agents\IQL\IQLAgent.cs(308,41): error CS1503: Argument 1: cannot convert from 'T' to 'AiDotNet.LinearAlgebra.Vector<T>' [C:\Users\cheat\source\repos\worktrees\pr-481-1763014665\src\AiDotNet.csproj::TargetFramework=net8.0]
C:\Users\cheat\source\repos\worktrees\pr-481-1763014665\src\ReinforcementLearning\Agents\IQL\IQLAgent.cs(311,46): error CS1503: Argument 1: cannot convert from 'AiDotNet.LinearAlgebra.Vector<T>' to 'AiDotNet.LinearAlgebra.Tensor<T>' [C:\Users\cheat\source\repos\worktrees\pr-481-1763014665\src\AiDotNet.csproj::TargetFramework=net8.0]
C:\Users\cheat\source\repos\worktrees\pr-481-1763014665\src\ReinforcementLearning\Agents\IQL\IQLAgent.cs(319,38): error CS1503: Argument 1: cannot convert from 'AiDotNet.LinearAlgebra.Vector<T>' to 'AiDotNet.LinearAlgebra.Tensor<T>' [C:\Users\cheat\source\repos\worktrees\pr-481-1763014665\src\AiDotNet.csproj::TargetFramework=net8.0]
C:\Users\cheat\source\repos\worktrees\pr-481-1763014665\src\ReinforcementLearning\Agents\IQL\IQLAgent.cs(320,41): error CS1503: Argument 1: cannot convert from 'T' to 'AiDotNet.LinearAlgebra.Vector<T>' [C:\Users\cheat\source\repos\worktrees\pr-481-1763014665\src\AiDotNet.csproj::TargetFramework=net8.0]
C:\Users\cheat\source\repos\worktrees\pr-481-1763014665\src\ReinforcementLearning\Agents\Planning\PrioritizedSweepingAgent.cs(185,218): error CS1503: Argument 1: cannot convert from 'AiDotNet.LinearAlgebra.Matrix<T>' to 'AiDotNet.LinearAlgebra.Vector<T>' [C:\Users\cheat\source\repos\worktrees\pr-481-1763014665\src\AiDotNet.csproj::TargetFramework=net8.0]
C:\Users\cheat\source\repos\worktrees\pr-481-1763014665\src\ReinforcementLearning\Agents\Planning\PrioritizedSweepingAgent.cs(185,249): error CS1503: Argument 2: cannot convert from 'AiDotNet.LinearAlgebra.Matrix<T>' to 'AiDotNet.LinearAlgebra.Vector<T>' [C:\Users\cheat\source\repos\worktrees\pr-481-1763014665\src\AiDotNet.csproj::TargetFramework=net8.0]
C:\Users\cheat\source\repos\worktrees\pr-481-1763014665\src\ReinforcementLearning\Agents\Planning\PrioritizedSweepingAgent.cs(185,317): error CS1503: Argument 1: cannot convert from 'AiDotNet.LinearAlgebra.Matrix<T>' to 'AiDotNet.LinearAlgebra.Vector<T>' [C:\Users\cheat\source\repos\worktrees\pr-481-1763014665\src\AiDotNet.csproj::TargetFramework=net8.0]
C:\Users\cheat\source\repos\worktrees\pr-481-1763014665\src\ReinforcementLearning\Agents\Planning\PrioritizedSweepingAgent.cs(185,348): error CS1503: Argument 2: cannot convert from 'AiDotNet.LinearAlgebra.Matrix<T>' to 'AiDotNet.LinearAlgebra.Vector<T>' [C:\Users\cheat\source\repos\worktrees\pr-481-1763014665\src\AiDotNet.csproj::TargetFramework=net8.0]
C:\Users\cheat\source\repos\worktrees\pr-481-1763014665\src\ReinforcementLearning\Agents\MonteCarlo\MonteCarloExploringStartsAgent.cs(285,51): error CS1503: Argument 1: cannot convert from 'AiDotNet.LinearAlgebra.Matrix<T>' to 'AiDotNet.LinearAlgebra.Vector<T>' [C:\Users\cheat\source\repos\worktrees\pr-481-1763014665\src\AiDotNet.csproj::TargetFramework=net8.0]
C:\Users\cheat\source\repos\worktrees\pr-481-1763014665\src\ReinforcementLearning\Agents\MonteCarlo\MonteCarloExploringStartsAgent.cs(285,88): error CS1503: Argument 2: cannot convert from 'AiDotNet.LinearAlgebra.Matrix<T>' to 'AiDotNet.LinearAlgebra.Vector<T>' [C:\Users\cheat\source\repos\worktrees\pr-481-1763014665\src\AiDotNet.csproj::TargetFramework=net8.0]
C:\Users\cheat\source\repos\worktrees\pr-481-1763014665\src\ReinforcementLearning\Agents\MonteCarlo\MonteCarloExploringStartsAgent.cs(287,61): error CS1503: Argument 1: cannot convert from 'AiDotNet.LinearAlgebra.Matrix<T>' to 'AiDotNet.LinearAlgebra.Vector<T>' [C:\Users\cheat\source\repos\worktrees\pr-481-1763014665\src\AiDotNet.csproj::TargetFramework=net8.0]
C:\Users\cheat\source\repos\worktrees\pr-481-1763014665\src\ReinforcementLearning\Agents\MonteCarlo\MonteCarloExploringStartsAgent.cs(287,98): error CS1503: Argument 2: cannot convert from 'AiDotNet.LinearAlgebra.Matrix<T>' to 'AiDotNet.LinearAlgebra.Vector<T>' [C:\Users\cheat\source\repos\worktrees\pr-481-1763014665\src\AiDotNet.csproj::TargetFramework=net8.0]
C:\Users\cheat\source\repos\worktrees\pr-481-1763014665\src\ReinforcementLearning\Agents\Planning\DynaQAgent.cs(211,37): error CS1503: Argument 1: cannot convert from 'AiDotNet.LinearAlgebra.Matrix<T>' to 'AiDotNet.LinearAlgebra.Vector<T>' [C:\Users\cheat\source\repos\worktrees\pr-481-1763014665\src\AiDotNet.csproj::TargetFramework=net8.0]
C:\Users\cheat\source\repos\worktrees\pr-481-1763014665\src\ReinforcementLearning\Agents\Planning\DynaQAgent.cs(211,68): error CS1503: Argument 2: cannot convert from 'AiDotNet.LinearAlgebra.Matrix<T>' to 'AiDotNet.LinearAlgebra.Vector<T>' [C:\Users\cheat\source\repos\worktrees\pr-481-1763014665\src\AiDotNet.csproj::TargetFramework=net8.0]
C:\Users\cheat\source\repos\worktrees\pr-481-1763014665\src\ReinforcementLearning\Agents\Planning\DynaQAgent.cs(212,43): error CS1503: Argument 1: cannot convert from 'AiDotNet.LinearAlgebra.Matrix<T>' to 'AiDotNet.LinearAlgebra.Vector<T>' [C:\Users\cheat\source\repos\worktrees\pr-481-1763014665\src\AiDotNet.csproj::TargetFramework=net8.0]
C:\Users\cheat\source\repos\worktrees\pr-481-1763014665\src\ReinforcementLearning\Agents\Planning\DynaQAgent.cs(212,74): error CS1503: Argument 2: cannot convert from 'AiDotNet.LinearAlgebra.Matrix<T>' to 'AiDotNet.LinearAlgebra.Vector<T>' [C:\Users\cheat\source\repos\worktrees\pr-481-1763014665\src\AiDotNet.csproj::TargetFramework=net8.0]
C:\Users\cheat\source\repos\worktrees\pr-481-1763014665\src\ReinforcementLearning\Agents\IQL\IQLAgent.cs(335,83): error CS1061: '(Vector<T> state, Vector<T> action, T reward, Vector<T> nextState, bool done)' does not contain a definition for 'Action' and no accessible extension method 'Action' accepting a first argument of type '(Vector<T> state, Vector<T> action, T reward, Vector<T> nextState, bool done)' could be found (are you missing a using directive or an assembly reference?) [C:\Users\cheat\source\repos\worktrees\pr-481-1763014665\src\AiDotNet.csproj::TargetFramework=net8.0]
C:\Users\cheat\source\repos\worktrees\pr-481-1763014665\src\ReinforcementLearning\Agents\IQL\IQLAgent.cs(336,46): error CS1503: Argument 1: cannot convert from 'AiDotNet.LinearAlgebra.Vector<T>' to 'AiDotNet.LinearAlgebra.Tensor<T>' [C:\Users\cheat\source\repos\worktrees\pr-481-1763014665\src\AiDotNet.csproj::TargetFramework=net8.0]
C:\Users\cheat\source\repos\worktrees\pr-481-1763014665\src\ReinforcementLearning\Agents\IQL\IQLAgent.cs(337,46): error CS1503: Argument 1: cannot convert from 'AiDotNet.LinearAlgebra.Vector<T>' to 'AiDotNet.LinearAlgebra.Tensor<T>' [C:\Users\cheat\source\repos\worktrees\pr-481-1763014665\src\AiDotNet.csproj::TargetFramework=net8.0]
C:\Users\cheat\source\repos\worktrees\pr-481-1763014665\src\ReinforcementLearning\Agents\IQL\IQLAgent.cs(340,48): error CS1503: Argument 1: cannot convert from 'AiDotNet.LinearAlgebra.Vector<T>' to 'AiDotNet.LinearAlgebra.Tensor<T>' [C:\Users\cheat\source\repos\worktrees\pr-481-1763014665\src\AiDotNet.csproj::TargetFramework=net8.0]
C:\Users\cheat\source\repos\worktrees\pr-481-1763014665\src\ReinforcementLearning\Agents\IQL\IQLAgent.cs(352,56): error CS1061: '(Vector<T> state, Vector<T> action, T reward, Vector<T> nextState, bool done)' does not contain a definition for 'Action' and no accessible extension method 'Action' accepting a first argument of type '(Vector<T> state, Vector<T> action, T reward, Vector<T> nextState, bool done)' could be found (are you missing a using directive or an assembly reference?) [C:\Users\cheat\source\repos\worktrees\pr-481-1763014665\src\AiDotNet.csproj::TargetFramework=net8.0]
C:\Users\cheat\source\repos\worktrees\pr-481-1763014665\src\ReinforcementLearning\Agents\IQL\IQLAgent.cs(363,76): error CS1061: '(Vector<T> state, Vector<T> action, T reward, Vector<T> nextState, bool done)' does not contain a definition for 'Action' and no accessible extension method 'Action' accepting a first argument of type '(Vector<T> state, Vector<T> action, T reward, Vector<T> nextState, bool done)' could be found (are you missing a using directive or an assembly reference?) [C:\Users\cheat\source\repos\worktrees\pr-481-1763014665\src\AiDotNet.csproj::TargetFramework=net8.0]
C:\Users\cheat\source\repos\worktrees\pr-481-1763014665\src\ReinforcementLearning\Agents\IQL\IQLAgent.cs(367,42): error CS1503: Argument 1: cannot convert from 'AiDotNet.LinearAlgebra.Vector<T>' to 'AiDotNet.LinearAlgebra.Tensor<T>' [C:\Users\cheat\source\repos\worktrees\pr-481-1763014665\src\AiDotNet.csproj::TargetFramework=net8.0]
C:\Users\cheat\source\repos\worktrees\pr-481-1763014665\src\ReinforcementLearning\Agents\IQL\IQLAgent.cs(368,45): error CS1503: Argument 1: cannot convert from 'T' to 'AiDotNet.LinearAlgebra.Vector<T>' [C:\Users\cheat\source\repos\worktrees\pr-481-1763014665\src\AiDotNet.csproj::TargetFramework=net8.0]
C:\Users\cheat\source\repos\worktrees\pr-481-1763014665\src\ReinforcementLearning\Agents\PPO\PPOAgent.cs(403,53): error CS1503: Argument 1: cannot convert from 'AiDotNet.LinearAlgebra.Vector<T>' to 'AiDotNet.LinearAlgebra.Tensor<T>' [C:\Users\cheat\source\repos\worktrees\pr-481-1763014665\src\AiDotNet.csproj::TargetFramework=net8.0]
C:\Users\cheat\source\repos\worktrees\pr-481-1763014665\src\ReinforcementLearning\Agents\IQL\IQLAgent.cs(376,42): error CS1061: 'NeuralNetwork<T>' does not contain a definition for 'GetLayers' and no accessible extension method 'GetLayers' accepting a first argument of type 'NeuralNetwork<T>' could be found (are you missing a using directive or an assembly reference?) [C:\Users\cheat\source\repos\worktrees\pr-481-1763014665\src\AiDotNet.csproj::TargetFramework=net8.0]
C:\Users\cheat\source\repos\worktrees\pr-481-1763014665\src\ReinforcementLearning\Agents\IQL\IQLAgent.cs(377,48): error CS1061: 'NeuralNetwork<T>' does not contain a definition for 'GetLayers' and no accessible extension method 'GetLayers' accepting a first argument of type 'NeuralNetwork<T>' could be found (are you missing a using directive or an assembly reference?) [C:\Users\cheat\source\repos\worktrees\pr-481-1763014665\src\AiDotNet.csproj::TargetFramework=net8.0]
C:\Users\cheat\source\repos\worktrees\pr-481-1763014665\src\ReinforcementLearning\Agents\IQL\IQLAgent.cs(383,49): error CS1061: 'DenseLayer<T>' does not contain a definition for 'GetWeights' and no accessible extension method 'GetWeights' accepting a first argument of type 'DenseLayer<T>' could be found (are you missing a using directive or an assembly reference?) [C:\Users\cheat\source\repos\worktrees\pr-481-1763014665\src\AiDotNet.csproj::TargetFramework=net8.0]
C:\Users\cheat\source\repos\worktrees\pr-481-1763014665\src\ReinforcementLearning\Agents\IQL\IQLAgent.cs(384,48): error CS1061: 'DenseLayer<T>' does not contain a definition for 'GetBiases' and no accessible extension method 'GetBiases' accepting a first argument of type 'DenseLayer<T>' could be found (are you missing a using directive or an assembly reference?) [C:\Users\cheat\source\repos\worktrees\pr-481-1763014665\src\AiDotNet.csproj::TargetFramework=net8.0]
C:\Users\cheat\source\repos\worktrees\pr-481-1763014665\src\ReinforcementLearning\Agents\IQL\IQLAgent.cs(385,49): error CS1061: 'DenseLayer<T>' does not contain a definition for 'GetWeights' and no accessible extension method 'GetWeights' accepting a first argument of type 'DenseLayer<T>' could be found (are you missing a using directive or an assembly reference?) [C:\Users\cheat\source\repos\worktrees\pr-481-1763014665\src\AiDotNet.csproj::TargetFramework=net8.0]
C:\Users\cheat\source\repos\worktrees\pr-481-1763014665\src\ReinforcementLearning\Agents\IQL\IQLAgent.cs(386,48): error CS1061: 'DenseLayer<T>' does not contain a definition for 'GetBiases' and no accessible extension method 'GetBiases' accepting a first argument of type 'DenseLayer<T>' could be found (are you missing a using directive or an assembly reference?) [C:\Users\cheat\source\repos\worktrees\pr-481-1763014665\src\AiDotNet.csproj::TargetFramework=net8.0]
C:\Users\cheat\source\repos\worktrees\pr-481-1763014665\src\ReinforcementLearning\Agents\IQL\IQLAgent.cs(400,26): error CS0136: A local or parameter named 'i' cannot be declared in this scope because that name is used in an enclosing local scope to define a local or parameter [C:\Users\cheat\source\repos\worktrees\pr-481-1763014665\src\AiDotNet.csproj::TargetFramework=net8.0]
C:\Users\cheat\source\repos\worktrees\pr-481-1763014665\src\ReinforcementLearning\Agents\IQL\IQLAgent.cs(408,29): error CS1061: 'DenseLayer<T>' does not contain a definition for 'SetBiases' and no accessible extension method 'SetBiases' accepting a first argument of type 'DenseLayer<T>' could be found (are you missing a using directive or an assembly reference?) [C:\Users\cheat\source\repos\worktrees\pr-481-1763014665\src\AiDotNet.csproj::TargetFramework=net8.0]
C:\Users\cheat\source\repos\worktrees\pr-481-1763014665\src\ReinforcementLearning\Agents\PPO\PPOAgent.cs(436,51): error CS1503: Argument 1: cannot convert from 'AiDotNet.LinearAlgebra.Vector<T>' to 'AiDotNet.LinearAlgebra.Tensor<T>' [C:\Users\cheat\source\repos\worktrees\pr-481-1763014665\src\AiDotNet.csproj::TargetFramework=net8.0]
C:\Users\cheat\source\repos\worktrees\pr-481-1763014665\src\ReinforcementLearning\Agents\PPO\PPOAgent.cs(457,33): error CS1503: Argument 1: cannot convert from 'AiDotNet.LinearAlgebra.Tensor<T>' to 'AiDotNet.LinearAlgebra.Vector<T>' [C:\Users\cheat\source\repos\worktrees\pr-481-1763014665\src\AiDotNet.csproj::TargetFramework=net8.0]
C:\Users\cheat\source\repos\worktrees\pr-481-1763014665\src\ReinforcementLearning\Agents\IQL\IQLAgent.cs(415,35): error CS1061: 'NeuralNetwork<T>' does not contain a definition for 'GetLayers' and no accessible extension method 'GetLayers' accepting a first argument of type 'NeuralNetwork<T>' could be found (are you missing a using directive or an assembly reference?) [C:\Users\cheat\source\repos\worktrees\pr-481-1763014665\src\AiDotNet.csproj::TargetFramework=net8.0]
C:\Users\cheat\source\repos\worktrees\pr-481-1763014665\src\ReinforcementLearning\Agents\IQL\IQLAgent.cs(416,35): error CS1061: 'NeuralNetwork<T>' does not contain a definition for 'GetLayers' and no accessible extension method 'GetLayers' accepting a first argument of type 'NeuralNetwork<T>' could be found (are you missing a using directive or an assembly reference?) [C:\Users\cheat\source\repos\worktrees\pr-481-1763014665\src\AiDotNet.csproj::TargetFramework=net8.0]
C:\Users\cheat\source\repos\worktrees\pr-481-1763014665\src\ReinforcementLearning\Agents\IQL\IQLAgent.cs(422,52): error CS1061: 'DenseLayer<T>' does not contain a definition for 'GetWeights' and no accessible extension method 'GetWeights' accepting a first argument of type 'DenseLayer<T>' could be found (are you missing a using directive or an assembly reference?) [C:\Users\cheat\source\repos\worktrees\pr-481-1763014665\src\AiDotNet.csproj::TargetFramework=net8.0]
C:\Users\cheat\source\repos\worktrees\pr-481-1763014665\src\ReinforcementLearning\Agents\IQL\IQLAgent.cs(423,51): error CS1061: 'DenseLayer<T>' does not contain a definition for 'GetBiases' and no accessible extension method 'GetBiases' accepting a first argument of type 'DenseLayer<T>' could be found (are you missing a using directive or an assembly reference?) [C:\Users\cheat\source\repos\worktrees\pr-481-1763014665\src\AiDotNet.csproj::TargetFramework=net8.0]
C:\Users\cheat\source\repos\worktrees\pr-481-1763014665\src\ReinforcementLearning\Agents\IQL\IQLAgent.cs(423,29): error CS1061: 'DenseLayer<T>' does not contain a definition for 'SetBiases' and no accessible extension method 'SetBiases' accepting a first argument of type 'DenseLayer<T>' could be found (are you missing a using directive or an assembly reference?) [C:\Users\cheat\source\repos\worktrees\pr-481-1763014665\src\AiDotNet.csproj::TargetFramework=net8.0]
C:\Users\cheat\source\repos\worktrees\pr-481-1763014665\src\ReinforcementLearning\Agents\PPO\PPOAgent.cs(487,36): error CS1503: Argument 1: cannot convert from 'AiDotNet.LinearAlgebra.Vector<T>' to 'AiDotNet.LinearAlgebra.Tensor<T>' [C:\Users\cheat\source\repos\worktrees\pr-481-1763014665\src\AiDotNet.csproj::TargetFramework=net8.0]
C:\Users\cheat\source\repos\worktrees\pr-481-1763014665\src\ReinforcementLearning\Agents\PPO\PPOAgent.cs(496,42): error CS1503: Argument 1: cannot convert from 'AiDotNet.LinearAlgebra.Vector<T>' to 'AiDotNet.LinearAlgebra.Tensor<T>' [C:\Users\cheat\source\repos\worktrees\pr-481-1763014665\src\AiDotNet.csproj::TargetFramework=net8.0]
C:\Users\cheat\source\repos\worktrees\pr-481-1763014665\src\ReinforcementLearning\Agents\PPO\PPOAgent.cs(500,36): error CS1061: 'NeuralNetwork<T>' does not contain a definition for 'GetFlattenedGradients' and no accessible extension method 'GetFlattenedGradients' accepting a first argument of type 'NeuralNetwork<T>' could be found (are you missing a using directive or an assembly reference?) [C:\Users\cheat\source\repos\worktrees\pr-481-1763014665\src\AiDotNet.csproj::TargetFramework=net8.0]
C:\Users\cheat\source\repos\worktrees\pr-481-1763014665\src\ReinforcementLearning\Agents\PPO\PPOAgent.cs(520,53): error CS1503: Argument 1: cannot convert from 'AiDotNet.LinearAlgebra.Vector<T>' to 'AiDotNet.LinearAlgebra.Tensor<T>' [C:\Users\cheat\source\repos\worktrees\pr-481-1763014665\src\AiDotNet.csproj::TargetFramework=net8.0]
C:\Users\cheat\source\repos\worktrees\pr-481-1763014665\src\ReinforcementLearning\Agents\PPO\PPOAgent.cs(526,54): error CS1061: 'ILossFunction<T>' does not contain a definition for 'ComputeGradient' and no accessible extension method 'ComputeGradient' accepting a first argument of type 'ILossFunction<T>' could be found (are you missing a using directive or an assembly reference?) [C:\Users\cheat\source\repos\worktrees\pr-481-1763014665\src\AiDotNet.csproj::TargetFramework=net8.0]
C:\Users\cheat\source\repos\worktrees\pr-481-1763014665\src\ReinforcementLearning\Agents\PPO\PPOAgent.cs(530,35): error CS1061: 'NeuralNetwork<T>' does not contain a definition for 'GetFlattenedGradients' and no accessible extension method 'GetFlattenedGradients' accepting a first argument of type 'NeuralNetwork<T>' could be found (are you missing a using directive or an assembly reference?) [C:\Users\cheat\source\repos\worktrees\pr-481-1763014665\src\AiDotNet.csproj::TargetFramework=net8.0]
C:\Users\cheat\source\repos\worktrees\pr-481-1763014665\src\ReinforcementLearning\Agents\IQL\IQLAgent.cs(636,30): error CS1061: 'NeuralNetwork<T>' does not contain a definition for 'GetLayers' and no accessible extension method 'GetLayers' accepting a first argument of type 'NeuralNetwork<T>' could be found (are you missing a using directive or an assembly reference?) [C:\Users\cheat\source\repos\worktrees\pr-481-1763014665\src\AiDotNet.csproj::TargetFramework=net8.0]
C:\Users\cheat\source\repos\worktrees\pr-481-1763014665\src\ReinforcementLearning\Agents\IQL\IQLAgent.cs(642,42): error CS1061: 'DenseLayer<T>' does not contain a definition for 'GetWeights' and no accessible extension method 'GetWeights' accepting a first argument of type 'DenseLayer<T>' could be found (are you missing a using directive or an assembly reference?) [C:\Users\cheat\source\repos\worktrees\pr-481-1763014665\src\AiDotNet.csproj::TargetFramework=net8.0]
C:\Users\cheat\source\repos\worktrees\pr-481-1763014665\src\ReinforcementLearning\Agents\IQL\IQLAgent.cs(643,41): error CS1061: 'DenseLayer<T>' does not contain a definition for 'GetBiases' and no accessible extension method 'GetBiases' accepting a first argument of type 'DenseLayer<T>' could be found (are you missing a using directive or an assembly reference?) [C:\Users\cheat\source\repos\worktrees\pr-481-1763014665\src\AiDotNet.csproj::TargetFramework=net8.0]
C:\Users\cheat\source\repos\worktrees\pr-481-1763014665\src\ReinforcementLearning\Agents\IQL\IQLAgent.cs(665,30): error CS1061: 'NeuralNetwork<T>' does not contain a definition for 'GetLayers' and no accessible extension method 'GetLayers' accepting a first argument of type 'NeuralNetwork<T>' could be found (are you missing a using directive or an assembly reference?) [C:\Users\cheat\source\repos\worktrees\pr-481-1763014665\src\AiDotNet.csproj::TargetFramework=net8.0]
C:\Users\cheat\source\repos\worktrees\pr-481-1763014665\src\ReinforcementLearning\Agents\IQL\IQLAgent.cs(672,42): error CS1061: 'DenseLayer<T>' does not contain a definition for 'GetWeights' and no accessible extension method 'GetWeights' accepting a first argument of type 'DenseLayer<T>' could be found (are you missing a using directive or an assembly reference?) [C:\Users\cheat\source\repos\worktrees\pr-481-1763014665\src\AiDotNet.csproj::TargetFramework=net8.0]
C:\Users\cheat\source\repos\worktrees\pr-481-1763014665\src\ReinforcementLearning\Agents\IQL\IQLAgent.cs(673,41): error CS1061: 'DenseLayer<T>' does not contain a definition for 'GetBiases' and no accessible extension method 'GetBiases' accepting a first argument of type 'DenseLayer<T>' could be found (are you missing a using directive or an assembly reference?) [C:\Users\cheat\source\repos\worktrees\pr-481-1763014665\src\AiDotNet.csproj::TargetFramework=net8.0]
C:\Users\cheat\source\repos\worktrees\pr-481-1763014665\src\ReinforcementLearning\Agents\IQL\IQLAgent.cs(689,28): error CS1061: 'DenseLayer<T>' does not contain a definition for 'SetBiases' and no accessible extension method 'SetBiases' accepting a first argument of type 'DenseLayer<T>' could be found (are you missing a using directive or an assembly reference?) [C:\Users\cheat\source\repos\worktrees\pr-481-1763014665\src\AiDotNet.csproj::TargetFramework=net8.0]
C:\Users\cheat\source\repos\worktrees\pr-481-1763014665\src\ReinforcementLearning\Agents\IQL\IQLAgent.cs(699,30): error CS1061: 'NeuralNetwork<T>' does not contain a definition for 'GetLayers' and no accessible extension method 'GetLayers' accepting a first argument of type 'NeuralNetwork<T>' could be found (are you missing a using directive or an assembly reference?) [C:\Users\cheat\source\repos\worktrees\pr-481-1763014665\src\AiDotNet.csproj::TargetFramework=net8.0]
C:\Users\cheat\source\repos\worktrees\pr-481-1763014665\src\ReinforcementLearning\Agents\IQL\IQLAgent.cs(706,42): error CS1061: 'DenseLayer<T>' does not contain a definition for 'GetWeights' and no accessible extension method 'GetWeights' accepting a first argument of type 'DenseLayer<T>' could be found (are you missing a using directive or an assembly reference?) [C:\Users\cheat\source\repos\worktrees\pr-481-1763014665\src\AiDotNet.csproj::TargetFramework=net8.0]
C:\Users\cheat\source\repos\worktrees\pr-481-1763014665\src\ReinforcementLearning\Agents\IQL\IQLAgent.cs(707,41): error CS1061: 'DenseLayer<T>' does not contain a definition for 'GetBiases' and no accessible extension method 'GetBiases' accepting a first argument of type 'DenseLayer<T>' could be found (are you missing a using directive or an assembly reference?) [C:\Users\cheat\source\repos\worktrees\pr-481-1763014665\src\AiDotNet.csproj::TargetFramework=net8.0]
C:\Users\cheat\source\repos\worktrees\pr-481-1763014665\src\ReinforcementLearning\Agents\IQL\IQLAgent.cs(736,30): error CS1061: 'NeuralNetwork<T>' does not contain a definition for 'GetLayers' and no accessible extension method 'GetLayers' accepting a first argument of type 'NeuralNetwork<T>' could be found (are you missing a using directive or an assembly reference?) [C:\Users\cheat\source\repos\worktrees\pr-481-1763014665\src\AiDotNet.csproj::TargetFramework=net8.0]
C:\Users\cheat\source\repos\worktrees\pr-481-1763014665\src\ReinforcementLearning\Agents\IQL\IQLAgent.cs(763,28): error CS1061: 'DenseLayer<T>' does not contain a definition for 'SetBiases' and no accessible extension method 'SetBiases' accepting a first argument of type 'DenseLayer<T>' could be found (are you missing a using directive or an assembly reference?) [C:\Users\cheat\source\repos\worktrees\pr-481-1763014665\src\AiDotNet.csproj::TargetFramework=net8.0]
    0 Warning(s)
    1582 Error(s)

Time Elapsed 00:00:04.40
