C:\Users\cheat\source\repos\AiDotNet\src\NeuralNetworks\NeuralNetworkBase.cs(2641,13): error CS0246: The type or namespace name 'ParameterBuffer<>' could not be found (are you missing a using directive or an assembly reference?) [C:\Users\cheat\source\repos\AiDotNet\src\AiDotNet.csproj::TargetFramework=net10.0]
C:\Users\cheat\source\repos\AiDotNet\src\Optimizers\GradientBasedOptimizerBase.cs(1362,31): error CS0246: The type or namespace name 'TapeStepContext<>' could not be found (are you missing a using directive or an assembly reference?) [C:\Users\cheat\source\repos\AiDotNet\src\AiDotNet.csproj::TargetFramework=net10.0]
C:\Users\cheat\source\repos\AiDotNet\src\Optimizers\AdaDeltaOptimizer.cs(348,31): error CS0246: The type or namespace name 'TapeStepContext<>' could not be found (are you missing a using directive or an assembly reference?) [C:\Users\cheat\source\repos\AiDotNet\src\AiDotNet.csproj::TargetFramework=net10.0]
C:\Users\cheat\source\repos\AiDotNet\src\Optimizers\AdagradOptimizer.cs(312,31): error CS0246: The type or namespace name 'TapeStepContext<>' could not be found (are you missing a using directive or an assembly reference?) [C:\Users\cheat\source\repos\AiDotNet\src\AiDotNet.csproj::TargetFramework=net10.0]
C:\Users\cheat\source\repos\AiDotNet\src\Interfaces\IGradientBasedOptimizer.cs(157,15): error CS0246: The type or namespace name 'TapeStepContext<>' could not be found (are you missing a using directive or an assembly reference?) [C:\Users\cheat\source\repos\AiDotNet\src\AiDotNet.csproj::TargetFramework=net10.0]
C:\Users\cheat\source\repos\AiDotNet\src\Optimizers\Adam8BitOptimizer.cs(347,31): error CS0246: The type or namespace name 'TapeStepContext<>' could not be found (are you missing a using directive or an assembly reference?) [C:\Users\cheat\source\repos\AiDotNet\src\AiDotNet.csproj::TargetFramework=net10.0]
C:\Users\cheat\source\repos\AiDotNet\src\Optimizers\AdaMaxOptimizer.cs(362,31): error CS0246: The type or namespace name 'TapeStepContext<>' could not be found (are you missing a using directive or an assembly reference?) [C:\Users\cheat\source\repos\AiDotNet\src\AiDotNet.csproj::TargetFramework=net10.0]
C:\Users\cheat\source\repos\AiDotNet\src\Optimizers\AdamOptimizer.cs(462,31): error CS0246: The type or namespace name 'TapeStepContext<>' could not be found (are you missing a using directive or an assembly reference?) [C:\Users\cheat\source\repos\AiDotNet\src\AiDotNet.csproj::TargetFramework=net10.0]
C:\Users\cheat\source\repos\AiDotNet\src\Optimizers\AdamWOptimizer.cs(496,31): error CS0246: The type or namespace name 'TapeStepContext<>' could not be found (are you missing a using directive or an assembly reference?) [C:\Users\cheat\source\repos\AiDotNet\src\AiDotNet.csproj::TargetFramework=net10.0]
C:\Users\cheat\source\repos\AiDotNet\src\Optimizers\ADMMOptimizer.cs(430,31): error CS0246: The type or namespace name 'TapeStepContext<>' could not be found (are you missing a using directive or an assembly reference?) [C:\Users\cheat\source\repos\AiDotNet\src\AiDotNet.csproj::TargetFramework=net10.0]
C:\Users\cheat\source\repos\AiDotNet\src\Optimizers\AMSGradOptimizer.cs(241,31): error CS0246: The type or namespace name 'TapeStepContext<>' could not be found (are you missing a using directive or an assembly reference?) [C:\Users\cheat\source\repos\AiDotNet\src\AiDotNet.csproj::TargetFramework=net10.0]
C:\Users\cheat\source\repos\AiDotNet\src\Optimizers\BFGSOptimizer.cs(493,31): error CS0246: The type or namespace name 'TapeStepContext<>' could not be found (are you missing a using directive or an assembly reference?) [C:\Users\cheat\source\repos\AiDotNet\src\AiDotNet.csproj::TargetFramework=net10.0]
C:\Users\cheat\source\repos\AiDotNet\src\Optimizers\ConjugateGradientOptimizer.cs(371,31): error CS0246: The type or namespace name 'TapeStepContext<>' could not be found (are you missing a using directive or an assembly reference?) [C:\Users\cheat\source\repos\AiDotNet\src\AiDotNet.csproj::TargetFramework=net10.0]
C:\Users\cheat\source\repos\AiDotNet\src\Optimizers\DFPOptimizer.cs(471,31): error CS0246: The type or namespace name 'TapeStepContext<>' could not be found (are you missing a using directive or an assembly reference?) [C:\Users\cheat\source\repos\AiDotNet\src\AiDotNet.csproj::TargetFramework=net10.0]
C:\Users\cheat\source\repos\AiDotNet\src\Optimizers\FTRLOptimizer.cs(205,31): error CS0246: The type or namespace name 'TapeStepContext<>' could not be found (are you missing a using directive or an assembly reference?) [C:\Users\cheat\source\repos\AiDotNet\src\AiDotNet.csproj::TargetFramework=net10.0]
C:\Users\cheat\source\repos\AiDotNet\src\Optimizers\GradientDescentOptimizer.cs(160,31): error CS0246: The type or namespace name 'TapeStepContext<>' could not be found (are you missing a using directive or an assembly reference?) [C:\Users\cheat\source\repos\AiDotNet\src\AiDotNet.csproj::TargetFramework=net10.0]
C:\Users\cheat\source\repos\AiDotNet\src\Optimizers\LAMBOptimizer.cs(491,31): error CS0246: The type or namespace name 'TapeStepContext<>' could not be found (are you missing a using directive or an assembly reference?) [C:\Users\cheat\source\repos\AiDotNet\src\AiDotNet.csproj::TargetFramework=net10.0]
C:\Users\cheat\source\repos\AiDotNet\src\Optimizers\CoordinateDescentOptimizer.cs(402,31): error CS0246: The type or namespace name 'TapeStepContext<>' could not be found (are you missing a using directive or an assembly reference?) [C:\Users\cheat\source\repos\AiDotNet\src\AiDotNet.csproj::TargetFramework=net10.0]
C:\Users\cheat\source\repos\AiDotNet\src\Optimizers\LARSOptimizer.cs(422,31): error CS0246: The type or namespace name 'TapeStepContext<>' could not be found (are you missing a using directive or an assembly reference?) [C:\Users\cheat\source\repos\AiDotNet\src\AiDotNet.csproj::TargetFramework=net10.0]
C:\Users\cheat\source\repos\AiDotNet\src\Optimizers\LBFGSOptimizer.cs(519,31): error CS0246: The type or namespace name 'TapeStepContext<>' could not be found (are you missing a using directive or an assembly reference?) [C:\Users\cheat\source\repos\AiDotNet\src\AiDotNet.csproj::TargetFramework=net10.0]
C:\Users\cheat\source\repos\AiDotNet\src\Optimizers\LevenbergMarquardtOptimizer.cs(521,31): error CS0246: The type or namespace name 'TapeStepContext<>' could not be found (are you missing a using directive or an assembly reference?) [C:\Users\cheat\source\repos\AiDotNet\src\AiDotNet.csproj::TargetFramework=net10.0]
C:\Users\cheat\source\repos\AiDotNet\src\Optimizers\LionOptimizer.cs(326,31): error CS0246: The type or namespace name 'TapeStepContext<>' could not be found (are you missing a using directive or an assembly reference?) [C:\Users\cheat\source\repos\AiDotNet\src\AiDotNet.csproj::TargetFramework=net10.0]
C:\Users\cheat\source\repos\AiDotNet\src\Optimizers\MiniBatchGradientDescentOptimizer.cs(401,31): error CS0246: The type or namespace name 'TapeStepContext<>' could not be found (are you missing a using directive or an assembly reference?) [C:\Users\cheat\source\repos\AiDotNet\src\AiDotNet.csproj::TargetFramework=net10.0]
C:\Users\cheat\source\repos\AiDotNet\src\Optimizers\NadamOptimizer.cs(326,31): error CS0246: The type or namespace name 'TapeStepContext<>' could not be found (are you missing a using directive or an assembly reference?) [C:\Users\cheat\source\repos\AiDotNet\src\AiDotNet.csproj::TargetFramework=net10.0]
C:\Users\cheat\source\repos\AiDotNet\src\Optimizers\MomentumOptimizer.cs(282,31): error CS0246: The type or namespace name 'TapeStepContext<>' could not be found (are you missing a using directive or an assembly reference?) [C:\Users\cheat\source\repos\AiDotNet\src\AiDotNet.csproj::TargetFramework=net10.0]
C:\Users\cheat\source\repos\AiDotNet\src\Optimizers\NesterovAcceleratedGradientOptimizer.cs(272,31): error CS0246: The type or namespace name 'TapeStepContext<>' could not be found (are you missing a using directive or an assembly reference?) [C:\Users\cheat\source\repos\AiDotNet\src\AiDotNet.csproj::TargetFramework=net10.0]
C:\Users\cheat\source\repos\AiDotNet\src\Optimizers\NewtonMethodOptimizer.cs(454,31): error CS0246: The type or namespace name 'TapeStepContext<>' could not be found (are you missing a using directive or an assembly reference?) [C:\Users\cheat\source\repos\AiDotNet\src\AiDotNet.csproj::TargetFramework=net10.0]
C:\Users\cheat\source\repos\AiDotNet\src\Optimizers\NewtonMethodOptimizer.cs(476,31): error CS0246: The type or namespace name 'TapeStepContext<>' could not be found (are you missing a using directive or an assembly reference?) [C:\Users\cheat\source\repos\AiDotNet\src\AiDotNet.csproj::TargetFramework=net10.0]
C:\Users\cheat\source\repos\AiDotNet\src\Optimizers\ProximalGradientDescentOptimizer.cs(566,31): error CS0246: The type or namespace name 'TapeStepContext<>' could not be found (are you missing a using directive or an assembly reference?) [C:\Users\cheat\source\repos\AiDotNet\src\AiDotNet.csproj::TargetFramework=net10.0]
C:\Users\cheat\source\repos\AiDotNet\src\Optimizers\RootMeanSquarePropagationOptimizer.cs(281,31): error CS0246: The type or namespace name 'TapeStepContext<>' could not be found (are you missing a using directive or an assembly reference?) [C:\Users\cheat\source\repos\AiDotNet\src\AiDotNet.csproj::TargetFramework=net10.0]
C:\Users\cheat\source\repos\AiDotNet\src\Optimizers\StochasticGradientDescentOptimizer.cs(347,31): error CS0246: The type or namespace name 'TapeStepContext<>' could not be found (are you missing a using directive or an assembly reference?) [C:\Users\cheat\source\repos\AiDotNet\src\AiDotNet.csproj::TargetFramework=net10.0]
C:\Users\cheat\source\repos\AiDotNet\src\Optimizers\TrustRegionOptimizer.cs(722,31): error CS0246: The type or namespace name 'TapeStepContext<>' could not be found (are you missing a using directive or an assembly reference?) [C:\Users\cheat\source\repos\AiDotNet\src\AiDotNet.csproj::TargetFramework=net10.0]
C:\Users\cheat\source\repos\AiDotNet\src\NeuralNetworks\NeuralNetworkBase.cs(2636,13): error CS0246: The type or namespace name 'ParameterBuffer<>' could not be found (are you missing a using directive or an assembly reference?) [C:\Users\cheat\source\repos\AiDotNet\src\AiDotNet.csproj::TargetFramework=net10.0]
C:\Users\cheat\source\repos\AiDotNet\src\NeuralNetworks\NeuralNetworkBase.cs(2641,13): error CS0246: The type or namespace name 'ParameterBuffer<>' could not be found (are you missing a using directive or an assembly reference?) [C:\Users\cheat\source\repos\AiDotNet\src\AiDotNet.csproj::TargetFramework=net10.0]
C:\Users\cheat\source\repos\AiDotNet\src\Optimizers\GradientBasedOptimizerBase.cs(1362,31): error CS0246: The type or namespace name 'TapeStepContext<>' could not be found (are you missing a using directive or an assembly reference?) [C:\Users\cheat\source\repos\AiDotNet\src\AiDotNet.csproj::TargetFramework=net10.0]
C:\Users\cheat\source\repos\AiDotNet\src\Optimizers\AdaDeltaOptimizer.cs(348,31): error CS0246: The type or namespace name 'TapeStepContext<>' could not be found (are you missing a using directive or an assembly reference?) [C:\Users\cheat\source\repos\AiDotNet\src\AiDotNet.csproj::TargetFramework=net10.0]
C:\Users\cheat\source\repos\AiDotNet\src\Optimizers\AdagradOptimizer.cs(312,31): error CS0246: The type or namespace name 'TapeStepContext<>' could not be found (are you missing a using directive or an assembly reference?) [C:\Users\cheat\source\repos\AiDotNet\src\AiDotNet.csproj::TargetFramework=net10.0]
C:\Users\cheat\source\repos\AiDotNet\src\Interfaces\IGradientBasedOptimizer.cs(157,15): error CS0246: The type or namespace name 'TapeStepContext<>' could not be found (are you missing a using directive or an assembly reference?) [C:\Users\cheat\source\repos\AiDotNet\src\AiDotNet.csproj::TargetFramework=net10.0]
C:\Users\cheat\source\repos\AiDotNet\src\Optimizers\Adam8BitOptimizer.cs(347,31): error CS0246: The type or namespace name 'TapeStepContext<>' could not be found (are you missing a using directive or an assembly reference?) [C:\Users\cheat\source\repos\AiDotNet\src\AiDotNet.csproj::TargetFramework=net10.0]
C:\Users\cheat\source\repos\AiDotNet\src\Optimizers\AdaMaxOptimizer.cs(362,31): error CS0246: The type or namespace name 'TapeStepContext<>' could not be found (are you missing a using directive or an assembly reference?) [C:\Users\cheat\source\repos\AiDotNet\src\AiDotNet.csproj::TargetFramework=net10.0]
C:\Users\cheat\source\repos\AiDotNet\src\Optimizers\AdamOptimizer.cs(462,31): error CS0246: The type or namespace name 'TapeStepContext<>' could not be found (are you missing a using directive or an assembly reference?) [C:\Users\cheat\source\repos\AiDotNet\src\AiDotNet.csproj::TargetFramework=net10.0]
C:\Users\cheat\source\repos\AiDotNet\src\Optimizers\AdamWOptimizer.cs(496,31): error CS0246: The type or namespace name 'TapeStepContext<>' could not be found (are you missing a using directive or an assembly reference?) [C:\Users\cheat\source\repos\AiDotNet\src\AiDotNet.csproj::TargetFramework=net10.0]
C:\Users\cheat\source\repos\AiDotNet\src\Optimizers\ADMMOptimizer.cs(430,31): error CS0246: The type or namespace name 'TapeStepContext<>' could not be found (are you missing a using directive or an assembly reference?) [C:\Users\cheat\source\repos\AiDotNet\src\AiDotNet.csproj::TargetFramework=net10.0]
C:\Users\cheat\source\repos\AiDotNet\src\Optimizers\AMSGradOptimizer.cs(241,31): error CS0246: The type or namespace name 'TapeStepContext<>' could not be found (are you missing a using directive or an assembly reference?) [C:\Users\cheat\source\repos\AiDotNet\src\AiDotNet.csproj::TargetFramework=net10.0]
C:\Users\cheat\source\repos\AiDotNet\src\Optimizers\BFGSOptimizer.cs(493,31): error CS0246: The type or namespace name 'TapeStepContext<>' could not be found (are you missing a using directive or an assembly reference?) [C:\Users\cheat\source\repos\AiDotNet\src\AiDotNet.csproj::TargetFramework=net10.0]
C:\Users\cheat\source\repos\AiDotNet\src\Optimizers\ConjugateGradientOptimizer.cs(371,31): error CS0246: The type or namespace name 'TapeStepContext<>' could not be found (are you missing a using directive or an assembly reference?) [C:\Users\cheat\source\repos\AiDotNet\src\AiDotNet.csproj::TargetFramework=net10.0]
C:\Users\cheat\source\repos\AiDotNet\src\Optimizers\DFPOptimizer.cs(471,31): error CS0246: The type or namespace name 'TapeStepContext<>' could not be found (are you missing a using directive or an assembly reference?) [C:\Users\cheat\source\repos\AiDotNet\src\AiDotNet.csproj::TargetFramework=net10.0]
C:\Users\cheat\source\repos\AiDotNet\src\Optimizers\FTRLOptimizer.cs(205,31): error CS0246: The type or namespace name 'TapeStepContext<>' could not be found (are you missing a using directive or an assembly reference?) [C:\Users\cheat\source\repos\AiDotNet\src\AiDotNet.csproj::TargetFramework=net10.0]
C:\Users\cheat\source\repos\AiDotNet\src\Optimizers\GradientDescentOptimizer.cs(160,31): error CS0246: The type or namespace name 'TapeStepContext<>' could not be found (are you missing a using directive or an assembly reference?) [C:\Users\cheat\source\repos\AiDotNet\src\AiDotNet.csproj::TargetFramework=net10.0]
C:\Users\cheat\source\repos\AiDotNet\src\Optimizers\LAMBOptimizer.cs(491,31): error CS0246: The type or namespace name 'TapeStepContext<>' could not be found (are you missing a using directive or an assembly reference?) [C:\Users\cheat\source\repos\AiDotNet\src\AiDotNet.csproj::TargetFramework=net10.0]
C:\Users\cheat\source\repos\AiDotNet\src\Optimizers\CoordinateDescentOptimizer.cs(402,31): error CS0246: The type or namespace name 'TapeStepContext<>' could not be found (are you missing a using directive or an assembly reference?) [C:\Users\cheat\source\repos\AiDotNet\src\AiDotNet.csproj::TargetFramework=net10.0]
C:\Users\cheat\source\repos\AiDotNet\src\Optimizers\LARSOptimizer.cs(422,31): error CS0246: The type or namespace name 'TapeStepContext<>' could not be found (are you missing a using directive or an assembly reference?) [C:\Users\cheat\source\repos\AiDotNet\src\AiDotNet.csproj::TargetFramework=net10.0]
C:\Users\cheat\source\repos\AiDotNet\src\Optimizers\LBFGSOptimizer.cs(519,31): error CS0246: The type or namespace name 'TapeStepContext<>' could not be found (are you missing a using directive or an assembly reference?) [C:\Users\cheat\source\repos\AiDotNet\src\AiDotNet.csproj::TargetFramework=net10.0]
C:\Users\cheat\source\repos\AiDotNet\src\Optimizers\LevenbergMarquardtOptimizer.cs(521,31): error CS0246: The type or namespace name 'TapeStepContext<>' could not be found (are you missing a using directive or an assembly reference?) [C:\Users\cheat\source\repos\AiDotNet\src\AiDotNet.csproj::TargetFramework=net10.0]
C:\Users\cheat\source\repos\AiDotNet\src\Optimizers\LionOptimizer.cs(326,31): error CS0246: The type or namespace name 'TapeStepContext<>' could not be found (are you missing a using directive or an assembly reference?) [C:\Users\cheat\source\repos\AiDotNet\src\AiDotNet.csproj::TargetFramework=net10.0]
C:\Users\cheat\source\repos\AiDotNet\src\Optimizers\MiniBatchGradientDescentOptimizer.cs(401,31): error CS0246: The type or namespace name 'TapeStepContext<>' could not be found (are you missing a using directive or an assembly reference?) [C:\Users\cheat\source\repos\AiDotNet\src\AiDotNet.csproj::TargetFramework=net10.0]
C:\Users\cheat\source\repos\AiDotNet\src\Optimizers\NadamOptimizer.cs(326,31): error CS0246: The type or namespace name 'TapeStepContext<>' could not be found (are you missing a using directive or an assembly reference?) [C:\Users\cheat\source\repos\AiDotNet\src\AiDotNet.csproj::TargetFramework=net10.0]
C:\Users\cheat\source\repos\AiDotNet\src\Optimizers\MomentumOptimizer.cs(282,31): error CS0246: The type or namespace name 'TapeStepContext<>' could not be found (are you missing a using directive or an assembly reference?) [C:\Users\cheat\source\repos\AiDotNet\src\AiDotNet.csproj::TargetFramework=net10.0]
C:\Users\cheat\source\repos\AiDotNet\src\Optimizers\NesterovAcceleratedGradientOptimizer.cs(272,31): error CS0246: The type or namespace name 'TapeStepContext<>' could not be found (are you missing a using directive or an assembly reference?) [C:\Users\cheat\source\repos\AiDotNet\src\AiDotNet.csproj::TargetFramework=net10.0]
C:\Users\cheat\source\repos\AiDotNet\src\Optimizers\NewtonMethodOptimizer.cs(454,31): error CS0246: The type or namespace name 'TapeStepContext<>' could not be found (are you missing a using directive or an assembly reference?) [C:\Users\cheat\source\repos\AiDotNet\src\AiDotNet.csproj::TargetFramework=net10.0]
C:\Users\cheat\source\repos\AiDotNet\src\Optimizers\NewtonMethodOptimizer.cs(476,31): error CS0246: The type or namespace name 'TapeStepContext<>' could not be found (are you missing a using directive or an assembly reference?) [C:\Users\cheat\source\repos\AiDotNet\src\AiDotNet.csproj::TargetFramework=net10.0]
C:\Users\cheat\source\repos\AiDotNet\src\Optimizers\ProximalGradientDescentOptimizer.cs(566,31): error CS0246: The type or namespace name 'TapeStepContext<>' could not be found (are you missing a using directive or an assembly reference?) [C:\Users\cheat\source\repos\AiDotNet\src\AiDotNet.csproj::TargetFramework=net10.0]
C:\Users\cheat\source\repos\AiDotNet\src\Optimizers\RootMeanSquarePropagationOptimizer.cs(281,31): error CS0246: The type or namespace name 'TapeStepContext<>' could not be found (are you missing a using directive or an assembly reference?) [C:\Users\cheat\source\repos\AiDotNet\src\AiDotNet.csproj::TargetFramework=net10.0]
C:\Users\cheat\source\repos\AiDotNet\src\Optimizers\StochasticGradientDescentOptimizer.cs(347,31): error CS0246: The type or namespace name 'TapeStepContext<>' could not be found (are you missing a using directive or an assembly reference?) [C:\Users\cheat\source\repos\AiDotNet\src\AiDotNet.csproj::TargetFramework=net10.0]
C:\Users\cheat\source\repos\AiDotNet\src\Optimizers\TrustRegionOptimizer.cs(722,31): error CS0246: The type or namespace name 'TapeStepContext<>' could not be found (are you missing a using directive or an assembly reference?) [C:\Users\cheat\source\repos\AiDotNet\src\AiDotNet.csproj::TargetFramework=net10.0]
C:\Users\cheat\source\repos\AiDotNet\src\NeuralNetworks\NeuralNetworkBase.cs(2636,13): error CS0246: The type or namespace name 'ParameterBuffer<>' could not be found (are you missing a using directive or an assembly reference?) [C:\Users\cheat\source\repos\AiDotNet\src\AiDotNet.csproj::TargetFramework=net10.0]
